Computing Integrals
Basis Set                                            = def2-qzvp
Auxiliary Basis Set                                  = def2-universal-jkfit
Gaussian Type                                        = Spherical
Elapsed time:    4.89 Seconds

Number of basis functions                   (NBF)    = 280
Number of auxiliary basis functions         (NBFAUX) = 512
Inactive Doubly occupied orbitals up to     (NO1)    = 0
No. considered Strongly Doubly occupied MOs (NDOC)   = 32
No. considered Strongly Singly occupied MOs (NSOC)   = 0
NO. of Weakly occ. per St. Doubly occ.  MOs (NCWO)   = 1
Dimension of the Nat. Orb. subspace         (NBF5)   = 64
No. of electrons                                     = 64
    No. of alpha electrons                           = 32
    No. of beta electrons                            = 32
Multiplicity                                         = 1

Geometry
========
 S       0.0000000       1.5523430       0.9219610
 S       0.0000000       1.0685080      -0.9219610
 S       0.0000000      -1.0685080      -0.9219610
 S       0.0000000      -1.5523430       0.9219610

No violations of the orthonormality
No violations of the orthonormality
 
PNOF8/ADABelief Calculation
==================
 
  Nitext  Nit_orb  Time   Nit_occ  Time         Eelec          Etot           Ediff      maxdiff    MaxGrad_orb  Grad_occ
     1      10    2.3e+01    5    2.6e+01 -1925.10403887 -1591.40511635 -11924.10403887   0.000700   2.8e-03   1.6e-04 0.05
 
RESULTS OF THE OCCUPATION OPTIMIZATION
========================================
   1    1.9999608  -92.10121642
   2    1.9999640  -92.09421954
   3    1.9999715  -92.04974044
   4    1.9999622  -92.04411368
   5    1.9990956  -9.05232197
   6    1.9990269  -9.00408026
   7    1.9991538  -8.98615733
   8    1.9991482  -8.98502720
   9    1.9985669  -6.77981135
  10    1.9986552  -6.74864309
  11    1.9986534  -6.74157608
  12    1.9986611  -6.73939653
  13    1.9983522  -6.73825854
  14    1.9986708  -6.73657078
  15    1.9980487  -6.69190283
  16    1.9985090  -6.68942722
  17    1.9987236  -6.67974022
  18    1.9986876  -6.67728106
  19    1.9986887  -6.67723381
  20    1.9987284  -6.67521241
  21    1.9911586  -1.08871610
  22    1.9915030  -1.02864590
  23    1.9904419  -0.92989726
  24    1.9833134  -0.81225880
  25    1.9627073  -0.55009969
  26    1.9758736  -0.52251833
  27    1.9624702  -0.51803942
  28    1.9757806  -0.50639737
  29    1.9750469  -0.48815790
  30    1.9730669  -0.43848044
  31    1.9559955  -0.43169067
  32    1.9476632  -0.32023762
  33    0.0523368  -0.06583038
  34    0.0440045  -0.05870895
  35    0.0269331  -0.02694352
  36    0.0249531  -0.02528493
  37    0.0242194  -0.02511342
  38    0.0375298  -0.05127334
  39    0.0241264  -0.02500274
  40    0.0372927  -0.05200473
  41    0.0166866  -0.02323497
  42    0.0095581  -0.02868503
  43    0.0084970  -0.02908571
  44    0.0088414  -0.02803825
  45    0.0012716  -0.01860591
  46    0.0013113  -0.01884943
  47    0.0013124  -0.01885957
  48    0.0012764  -0.01861894
  49    0.0014910  -0.01856549
  50    0.0019513  -0.02678179
  51    0.0013292  -0.01919828
  52    0.0016478  -0.02083824
  53    0.0013389  -0.01886388
  54    0.0013466  -0.01917248
  55    0.0013448  -0.01858578
  56    0.0014331  -0.01808686
  57    0.0008518  -0.01569226
  58    0.0008462  -0.01563202
  59    0.0009731  -0.01647784
  60    0.0009044  -0.01624410
  61    0.0000378  -0.00609855
  62    0.0000285  -0.00496951
  63    0.0000360  -0.00596875
  64    0.0000392  -0.00632683
 
----------------
 Final Energies 
----------------
Final NOF Total Energy =   -1591.4051163
 
Total Orbital Internal Iterations = 10
Total Occupation Internal Iterations = 5
 
Elapsed time:   63.51 Seconds

---------------------------------
   Lowdin Population Analysis    
---------------------------------
 Idx  Atom   Population   Charge 
---------------------------------
  1     S    16.031      -0.031
  2     S    15.971       0.029
  3     S    15.968       0.032
  4     S    16.029      -0.029

---------------------------------
   M Diagnostic: 0.05
---------------------------------

