Computing Integrals
Basis Set                                            = def2-qzvp
Auxiliary Basis Set                                  = def2-universal-jkfit
Gaussian Type                                        = Spherical
Elapsed time:    7.24 Seconds

Number of basis functions                   (NBF)    = 184
Number of auxiliary basis functions         (NBFAUX) = 282
Inactive Doubly occupied orbitals up to     (NO1)    = 0
No. considered Strongly Doubly occupied MOs (NDOC)   = 16
No. considered Strongly Singly occupied MOs (NSOC)   = 1
NO. of Weakly occ. per St. Doubly occ.  MOs (NCWO)   = 1
Dimension of the Nat. Orb. subspace         (NBF5)   = 33
No. of electrons                                     = 33
    No. of alpha electrons                           = 17
    No. of beta electrons                            = 16
Multiplicity                                         = 2

Geometry
========
Cl      -0.5609740      -0.9946370       0.0000000
 O       0.0000000       0.9587120       0.0000000
 O       1.1920690       1.1548920       0.0000000

No violations of the orthonormality
No violations of the orthonormality
 
PNOF8/ADABelief Calculation
==================
 
  Nitext  Nit_orb  Time   Nit_occ  Time         Eelec          Etot           Ediff      maxdiff    MaxGrad_orb  Grad_occ
     1      10    6.9e+01    4    2.4e+01  -699.15853572  -609.76696739 -10698.15853572   0.007897   3.2e-02   1.9e-04 0.06
     2      20    9.0e+01    0    6.0e-02  -699.15872193  -609.76715361    -0.00018622   0.007897   3.2e-02   1.9e-04 0.06
     3      40    1.7e+02    3    2.4e-02  -699.15891790  -609.76734958    -0.00019597   0.008668   3.5e-02   1.5e-04 0.06
     4      40    1.5e+02    2    3.0e-02  -699.15899138  -609.76742305    -0.00007348   0.010504   4.2e-02   1.9e-04 0.06
     5      40    1.5e+02    2    1.8e-02  -699.15905706  -609.76748874    -0.00006569   0.009778   3.9e-02   1.3e-04 0.06
     6      40    1.5e+02    2    8.5e-03  -699.15906867  -609.76750035    -0.00001161   0.009491   3.8e-02   1.3e-04 0.06
     7      40    1.5e+02    2    7.5e-03  -699.15913429  -609.76756597    -0.00006562   0.009672   3.9e-02   1.4e-04 0.06
     8      40    1.6e+02    0    2.7e-02  -699.15913586  -609.76756754    -0.00000157   0.009672   3.9e-02   1.4e-04 0.06
     9      60    2.3e+02    2    2.2e-02  -699.15952567  -609.76795735    -0.00038981   0.000831   3.3e-03   1.3e-04 0.06
 
RESULTS OF THE OCCUPATION OPTIMIZATION
========================================
   1    1.9999701  -104.91367720
   2    1.9997122  -20.76985663
   3    1.9996941  -20.76944205
   4    1.9993139  -10.59089012
   5    1.9986924  -8.07206907
   6    1.9987083  -8.06975837
   7    1.9991108  -8.06651681
   8    1.9937508  -1.61917850
   9    1.9882671  -1.13318818
  10    1.9912669  -1.12314912
  11    1.9561686  -0.83134509
  12    1.9856478  -0.77398947
  13    1.9792560  -0.63956134
  14    1.9779395  -0.55686875
  15    1.9775494  -0.54381276
  16    1.9431026  -0.49764391
  17    1.0000000  -0.30696767
  18    0.0568974  -0.08140164
  19    0.0224506  -0.02372135
  20    0.0220605  -0.02356067
  21    0.0207440  -0.02337858
  22    0.0143522  -0.02218146
  23    0.0438314  -0.06465562
  24    0.0087331  -0.02695281
  25    0.0117329  -0.02425369
  26    0.0062492  -0.02060168
  27    0.0008892  -0.01680103
  28    0.0012917  -0.01738481
  29    0.0013076  -0.01729989
  30    0.0006861  -0.01563393
  31    0.0003059  -0.01062909
  32    0.0002878  -0.00978190
  33    0.0000299  -0.00562473
 
----------------
 Final Energies 
----------------
Final NOF Total Energy =    -609.7679573
 
Total Orbital Internal Iterations = 330
Total Occupation Internal Iterations = 17
 
Elapsed time: 1384.15 Seconds

---------------------------------
   Lowdin Population Analysis    
---------------------------------
 Idx  Atom   Population   Charge 
---------------------------------
  1    Cl    17.022      -0.022
  2     O     8.041      -0.041
  3     O     7.937       0.063

---------------------------------
   M Diagnostic: 0.06
---------------------------------

