Computing Integrals
Basis Set                                            = def2-qzvp
Auxiliary Basis Set                                  = def2-universal-jkfit
Gaussian Type                                        = Spherical
Elapsed time:    1.73 Seconds

Number of basis functions                   (NBF)    = 70
Number of auxiliary basis functions         (NBFAUX) = 128
Inactive Doubly occupied orbitals up to     (NO1)    = 0
No. considered Strongly Doubly occupied MOs (NDOC)   = 7
No. considered Strongly Singly occupied MOs (NSOC)   = 2
NO. of Weakly occ. per St. Doubly occ.  MOs (NCWO)   = 1
Dimension of the Nat. Orb. subspace         (NBF5)   = 16
No. of electrons                                     = 16
    No. of alpha electrons                           = 9
    No. of beta electrons                            = 7
Multiplicity                                         = 3

Geometry
========
 S       0.0000000       0.0000000       0.0000000

No violations of the orthonormality
No violations of the orthonormality
 
PNOF8/ADABelief Calculation
==================
 
  Nitext  Nit_orb  Time   Nit_occ  Time         Eelec          Etot           Ediff      maxdiff    MaxGrad_orb  Grad_occ
     1      10    9.2e+00    2    1.2e+01  -397.73698044  -397.73698044 -10396.73698044   0.001894   7.6e-03   1.6e-04 0.02
     2      20    3.0e-02    0    3.4e-04  -397.73703975  -397.73703975    -0.00005930   0.001894   7.6e-03   1.6e-04 0.02
     3      40    3.2e-02    1    3.4e-04  -397.73707355  -397.73707355    -0.00003381   0.006639   2.7e-02   1.8e-04 0.02
     4      40    3.7e-02    1    3.5e-04  -397.73711548  -397.73711548    -0.00004193   0.005017   2.0e-02   1.6e-04 0.02
     5      40    4.0e-02    1    3.4e-04  -397.73713312  -397.73713312    -0.00001764   0.004648   1.9e-02   1.6e-04 0.02
     6      40    3.0e-02    1    1.8e-03  -397.73714741  -397.73714741    -0.00001429   0.004708   1.9e-02   1.1e-04 0.02
     7      40    4.5e-02    1    5.1e-04  -397.73715982  -397.73715982    -0.00001241   0.004996   2.0e-02   1.0e-04 0.02
     8      40    5.1e-02    1    3.8e-04  -397.73717805  -397.73717805    -0.00001823   0.004641   1.9e-02   8.4e-05 0.02
     9      40    3.5e-02    1    3.4e-04  -397.73718387  -397.73718387    -0.00000582   0.004966   2.0e-02   8.5e-05 0.02
    10      40    3.6e-02    1    3.3e-04  -397.73720493  -397.73720493    -0.00002106   0.004587   1.8e-02   6.8e-05 0.02
    11      40    3.7e-02    1    3.5e-04  -397.73721077  -397.73721077    -0.00000585   0.005051   2.0e-02   8.1e-05 0.02
    12      40    3.1e-02    1    3.8e-04  -397.73722726  -397.73722726    -0.00001649   0.004680   1.9e-02   6.3e-05 0.02
    13      40    3.4e-02    1    3.3e-04  -397.73723617  -397.73723617    -0.00000890   0.005122   2.0e-02   7.5e-05 0.02
    14      40    3.9e-02    1    3.4e-04  -397.73725748  -397.73725748    -0.00002131   0.004735   1.9e-02   8.6e-05 0.02
    15      40    3.8e-02    1    1.9e-03  -397.73729006  -397.73729006    -0.00003259   0.005115   2.0e-02   1.4e-04 0.02
    16      40    3.4e-02    1    3.4e-04  -397.73736353  -397.73736353    -0.00007347   0.005342   2.1e-02   1.2e-04 0.02
    17      40    3.5e-02    1    3.5e-04  -397.73743064  -397.73743064    -0.00006711   0.005020   2.0e-02   1.2e-04 0.02
    18      40    2.9e-02    1    3.3e-04  -397.73748934  -397.73748934    -0.00005870   0.005828   2.3e-02   1.3e-04 0.02
    19      40    3.3e-02    1    5.3e-03  -397.73753027  -397.73753027    -0.00004093   0.005144   2.1e-02   1.4e-04 0.02
    20      40    5.2e-02    2    3.7e-04  -397.73754645  -397.73754645    -0.00001618   0.005725   2.3e-02   9.8e-05 0.02
    21      40    4.7e-02    1    3.5e-04  -397.73756851  -397.73756851    -0.00002207   0.005218   2.1e-02   1.4e-04 0.02
    22      40    3.8e-02    2    4.0e-04  -397.73758289  -397.73758289    -0.00001438   0.005333   2.1e-02   7.9e-05 0.02
    23      40    3.6e-02    1    2.4e-03  -397.73760452  -397.73760452    -0.00002163   0.005537   2.2e-02   1.3e-04 0.02
    24      40    3.1e-02    2    3.7e-04  -397.73762807  -397.73762807    -0.00002355   0.005265   2.1e-02   7.8e-05 0.02
    25      40    2.9e-02    1    3.5e-04  -397.73765606  -397.73765606    -0.00002798   0.005559   2.2e-02   1.3e-04 0.02
    26      40    3.8e-02    1    3.6e-04  -397.73768313  -397.73768313    -0.00002708   0.005373   2.1e-02   1.8e-04 0.02
    27      40    3.4e-02    1    3.4e-04  -397.73771648  -397.73771648    -0.00003335   0.005413   2.2e-02   1.7e-04 0.02
    28      40    3.1e-02    2    3.7e-04  -397.73774714  -397.73774714    -0.00003066   0.005448   2.2e-02   9.1e-05 0.02
    29      40    3.6e-02    1    3.6e-04  -397.73778629  -397.73778629    -0.00003915   0.005531   2.2e-02   1.6e-04 0.02
    30      40    4.7e-02    2    3.6e-04  -397.73783571  -397.73783571    -0.00004941   0.005456   2.2e-02   9.2e-05 0.02
    31      40    4.2e-02    1    3.7e-04  -397.73788526  -397.73788526    -0.00004955   0.005497   2.2e-02   1.5e-04 0.02
    32      40    3.1e-02    1    3.4e-04  -397.73792848  -397.73792848    -0.00004322   0.005483   2.2e-02   2.0e-04 0.02
    33      40    3.2e-02    1    3.4e-04  -397.73798553  -397.73798553    -0.00005705   0.005244   2.1e-02   1.7e-04 0.02
    34      40    4.3e-02    2    3.8e-04  -397.73804601  -397.73804601    -0.00006048   0.005231   2.1e-02   1.1e-04 0.02
    35      40    3.3e-02    1    3.5e-04  -397.73809778  -397.73809778    -0.00005177   0.005302   2.1e-02   1.6e-04 0.02
    36      40    2.8e-02    2    3.8e-04  -397.73817182  -397.73817182    -0.00007405   0.005476   2.2e-02   1.0e-04 0.03
    37      40    2.7e-02    1    3.4e-04  -397.73822205  -397.73822205    -0.00005023   0.005706   2.3e-02   1.5e-04 0.03
    38      40    3.8e-02    1    3.6e-04  -397.73829662  -397.73829662    -0.00007457   0.004968   2.0e-02   2.0e-04 0.03
    39      40    3.6e-02    1    7.6e-04  -397.73834813  -397.73834813    -0.00005150   0.005019   2.0e-02   1.5e-04 0.03
    40      40    3.6e-02    1    3.5e-04  -397.73839466  -397.73839466    -0.00004653   0.005071   2.0e-02   1.9e-04 0.03
 
RESULTS OF THE OCCUPATION OPTIMIZATION
========================================
   1    1.9999664  -92.06008113
   2    1.9990203  -8.93162815
   3    1.9983547  -6.77551438
   4    1.9985567  -6.69488774
   5    1.9985579  -6.69445104
   6    1.9863217  -0.88085453
   7    1.9732879  -0.41764161
   8    1.0000000  -0.24535521
   9    1.0000000  -0.24511223
  10    0.0267121  -0.02084724
  11    0.0136783  -0.02838459
  12    0.0014421  -0.02032537
  13    0.0014433  -0.02033204
  14    0.0016453  -0.02252313
  15    0.0009797  -0.01643130
  16    0.0000336  -0.00565275
 
----------------
 Final Energies 
----------------
Final NOF Total Energy =    -397.7383947
 
Total Orbital Internal Iterations = 1550
Total Occupation Internal Iterations = 47
 
Elapsed time:   28.80 Seconds

---------------------------------
   Lowdin Population Analysis    
---------------------------------
 Idx  Atom   Population   Charge 
---------------------------------
  1     S    16.000      -0.000

---------------------------------
   M Diagnostic: 0.03
---------------------------------

