ALKBDE10-cao
/software/eb2024/easybuild/software/common/software/Julia/1.11.3-linux-x86_64/bin/julia
Job runing on na14
Choosing scratch ...
Automatic scratch folder selection
/scratch/pobleyef/284174
/scratch/pobleyef/284174 directory
cp ALKBDE10-cao.jl ALKBDE10-cao.jld2 to  /scratch/pobleyef/284174/.
Computing Integrals
Basis Set                                            = def2-qzvp
Auxiliary Basis Set                                  = def2-universal-jkfit
Gaussian Type                                        = Spherical
Elapsed time:    8.17 Seconds

Number of basis functions                   (NBF)    = 113
Number of auxiliary basis functions         (NBFAUX) = 237
Inactive Doubly occupied orbitals up to     (NO1)    = 0
No. considered Strongly Doubly occupied MOs (NDOC)   = 14
No. considered Strongly Singly occupied MOs (NSOC)   = 0
NO. of Weakly occ. per St. Doubly occ.  MOs (NCWO)   = 7
Dimension of the Nat. Orb. subspace         (NBF5)   = 112
No. of electrons                                     = 28
    No. of alpha electrons                           = 14
    No. of beta electrons                            = 14
Multiplicity                                         = 1

Geometry
========
Ca       0.0000000       0.0000000      -0.8987290
 O       0.0000000       0.0000000       0.8987290

No violations of the orthonormality
No violations of the orthonormality
 
PNOF8/ADABelief Calculation
==================
 
  Nitext  Nit_orb  Time   Nit_occ  Time         Eelec          Etot           Ediff      maxdiff    MaxGrad_orb  Grad_occ
     1      10    3.0e+01   57    2.1e+01  -799.22374234  -752.11934262 -10798.22374234   0.022639   9.1e-02   2.4e-04 0.78
     2      20    3.1e+01   32    3.8e-01  -799.28646611  -752.18206639    -0.06272378   0.613252   2.5e+00   2.5e-04 0.78
     3      20    3.1e+01   10    1.8e-01  -799.34116553  -752.23676581    -0.05469942   0.015472   6.2e-02   3.1e-04 0.80
     4      20    3.2e+01   20    2.2e-01  -799.35070309  -752.24630337    -0.00953756   0.051784   2.1e-01   2.9e-04 0.80
     5      20    3.1e+01   19    2.5e-01  -799.35544572  -752.25104600    -0.00474263   0.049986   2.0e-01   2.7e-04 0.80
     6      20    3.1e+01    0    1.0e-02  -799.35570815  -752.25130843    -0.00026243   0.049986   2.0e-01   2.7e-04 0.80
     7      40    6.6e+01   10    2.0e-01  -799.36534469  -752.26094497    -0.00963654   0.005983   2.4e-02   1.8e-04 0.80
     8      40    6.5e+01   20    2.7e-01  -799.36651397  -752.26211425    -0.00116927   0.005140   2.1e-02   1.9e-04 0.80
     9      40    6.9e+01    4    1.0e-01  -799.36738589  -752.26298617    -0.00087192   0.006225   2.5e-02   2.2e-04 0.80
    10      40    6.4e+01    8    1.2e-01  -799.36800082  -752.26360110    -0.00061493   0.004089   1.6e-02   1.7e-04 0.80
    11      40    6.0e+01    8    1.1e-01  -799.36853535  -752.26413563    -0.00053453   0.005847   2.3e-02   2.2e-04 0.80
    12      40    6.2e+01    6    8.9e-02  -799.36898532  -752.26458560    -0.00044997   0.004807   1.9e-02   2.1e-04 0.80
    13      40    6.0e+01   10    1.3e-01  -799.36935246  -752.26495274    -0.00036713   0.005483   2.2e-02   2.0e-04 0.80
    14      40    6.1e+01    6    1.1e-01  -799.36974188  -752.26534216    -0.00038942   0.005312   2.1e-02   2.4e-04 0.80
    15      40    5.7e+01    8    1.2e-01  -799.37009055  -752.26569083    -0.00034867   0.005300   2.1e-02   2.4e-04 0.80
    16      40    5.1e+01    6    9.4e-02  -799.37042711  -752.26602739    -0.00033656   0.005224   2.1e-02   2.7e-04 0.80
    17      40    5.5e+01    6    9.8e-02  -799.37066676  -752.26626704    -0.00023965   0.006054   2.4e-02   2.5e-04 0.80
    18      40    5.7e+01    6    9.2e-02  -799.37089369  -752.26649397    -0.00022692   0.005327   2.1e-02   2.5e-04 0.80
    19      40    5.8e+01   10    1.4e-01  -799.37103742  -752.26663770    -0.00014374   0.005079   2.0e-02   1.9e-04 0.80
    20      40    5.7e+01    5    1.1e-01  -799.37119964  -752.26679992    -0.00016222   0.005851   2.3e-02   1.4e-04 0.80
    21      40    6.0e+01    5    1.2e-01  -799.37135684  -752.26695712    -0.00015720   0.005728   2.3e-02   1.6e-04 0.80
    22      40    5.5e+01    5    7.7e-02  -799.37148448  -752.26708476    -0.00012764   0.005658   2.3e-02   2.1e-04 0.80
    23      40    5.6e+01    5    1.0e-01  -799.37164092  -752.26724120    -0.00015644   0.005875   2.4e-02   2.2e-04 0.80
    24      40    5.7e+01    6    1.1e-01  -799.37180605  -752.26740633    -0.00016513   0.006108   2.4e-02   1.7e-04 0.80
    25      40    5.6e+01    3    7.5e-02  -799.37196971  -752.26756999    -0.00016366   0.006569   2.6e-02   1.6e-04 0.80
    26      40    5.0e+01    7    1.3e-01  -799.37208399  -752.26768427    -0.00011428   0.007669   3.1e-02   1.4e-04 0.80
    27      40    5.3e+01    3    6.1e-02  -799.37215445  -752.26775474    -0.00007047   0.007989   3.2e-02   1.1e-04 0.80
    28      40    5.2e+01    3    5.3e-02  -799.37217422  -752.26777450    -0.00001976   0.007857   3.1e-02   1.4e-04 0.80
    29      40    5.2e+01    1    5.9e-02  -799.37221704  -752.26781732    -0.00004282   0.007764   3.1e-02   2.5e-04 0.80
    30      40    5.4e+01    3    3.1e-02  -799.37222728  -752.26782756    -0.00001024   0.007593   3.0e-02   1.9e-04 0.80
    31      40    5.5e+01    1    3.5e-02  -799.37226221  -752.26786249    -0.00003493   0.007181   2.9e-02   2.3e-04 0.80
    32      40    4.7e+01    3    6.6e-02  -799.37226913  -752.26786942    -0.00000692   0.006857   2.7e-02   1.8e-04 0.80
    33      40    5.3e+01    1    5.8e-02  -799.37231245  -752.26791273    -0.00004332   0.006272   2.5e-02   2.1e-04 0.80
    34      40    5.2e+01    0    1.5e-02  -799.37231367  -752.26791395    -0.00000122   0.006272   2.5e-02   2.1e-04 0.80
    35      60    8.0e+01    3    6.2e-02  -799.37250429  -752.26810457    -0.00019061   0.000546   2.2e-03   1.7e-04 0.80
 
RESULTS OF THE OCCUPATION OPTIMIZATION
========================================
   1    1.9999997  -149.23496829
   2    1.9999875  -16.89525311
   3    1.9999638  -16.02680388
   4    1.9999732  -15.95431916
   5    1.9999658  -15.77318292
   6    1.9999144  -13.58983831
   7    1.9915113  -2.21959903
   8    1.9769045  -1.32046085
   9    1.9737725  -1.31977407
  10    1.9716126  -1.29777937
  11    1.9826697  -1.24573269
  12    1.9700343  -0.52744560
  13    1.9698135  -0.52035941
  14    1.1992474  -0.24312153
  15    0.8006895  -0.18369481
  16    0.0213356  -0.03309998
  17    0.0170445  -0.02670547
  18    0.0085530  -0.02286966
  19    0.0161018  -0.03730777
  20    0.0159594  -0.03642868
  21    0.0186477  -0.03921965
  22    0.0059028  -0.03320403
  23    0.0000661  -0.00428246
  24    0.0000071  -0.00010862
  25    0.0000067  -0.00011579
  26    0.0000106  -0.00060154
  27    0.0000120  -0.00126634
  28    0.0000002  -0.00002108
  29    0.0000235  -0.00000953
  30    0.0036496  -0.00745290
  31    0.0041143  -0.00820830
  32    0.0038873  -0.00983078
  33    0.0117896  -0.02859613
  34    0.0084465  -0.02166568
  35    0.0026563  -0.00644987
  36    0.0014526  -0.00565192
  37    0.0000052  -0.00009446
  38    0.0000053  -0.00009434
  39    0.0000047  -0.00010493
  40    0.0000047  -0.00008304
  41    0.0000005  -0.00003075
  42    0.0000000  -0.00000055
  43    0.0000161  -0.00000828
  44    0.0031861  -0.00659366
  45    0.0037468  -0.00760268
  46    0.0033255  -0.00811209
  47    0.0001794  -0.00068452
  48    0.0008261  -0.00250709
  49    0.0009486  -0.00267516
  50    0.0006220  -0.01060388
  51    0.0000046  -0.00007819
  52    0.0000050  -0.00019524
  53    0.0000042  -0.00008548
  54    0.0000047  -0.00007999
  55    0.0000000  -0.00000055
  56    0.0000000  -0.00000045
  57    0.0000124  -0.00000415
  58    0.0011204  -0.00323652
  59    0.0033941  -0.00692653
  60    0.0007596  -0.00467755
  61    0.0000974  -0.00029268
  62    0.0007815  -0.00257328
  63    0.0005014  -0.00201148
  64    0.0001771  -0.00186986
  65    0.0000038  -0.00006704
  66    0.0000044  -0.00007541
  67    0.0000040  -0.00010429
  68    0.0000045  -0.00007606
  69    0.0000000  -0.00000019
  70    0.0000000  -0.00000022
  71    0.0000072  -0.00000319
  72    0.0003103  -0.00093914
  73    0.0006979  -0.00210646
  74    0.0003106  -0.00108462
  75    0.0000797  -0.00027865
  76    0.0000816  -0.00025419
  77    0.0001466  -0.00063537
  78    0.0001488  -0.00078756
  79    0.0000037  -0.00008433
  80    0.0000042  -0.00007418
  81    0.0000038  -0.00006432
  82    0.0000042  -0.00007741
  83    0.0000000  -0.00000016
  84    0.0000000  -0.00000022
  85    0.0000022  -0.00000251
  86    0.0002952  -0.00092298
  87    0.0006344  -0.00207833
  88    0.0002509  -0.00089111
  89    0.0000737  -0.00021652
  90    0.0000728  -0.00027155
  91    0.0001422  -0.00062391
  92    0.0001190  -0.00081707
  93    0.0000021  -0.00003197
  94    0.0000041  -0.00007649
  95    0.0000021  -0.00003272
  96    0.0000039  -0.00006646
  97    0.0000000  -0.00000003
  98    0.0000000  -0.00000022
  99    0.0000017  -0.00000100
 100    0.0002893  -0.00091808
 101    0.0003337  -0.00097544
 102    0.0002435  -0.00088359
 103    0.0000658  -0.00020104
 104    0.0000597  -0.00021603
 105    0.0000527  -0.00024460
 106    0.0000663  -0.00071382
 107    0.0000001  -0.00000314
 108    0.0000041  -0.00008642
 109    0.0000013  -0.00002531
 110    0.0000036  -0.00006763
 111    0.0000000  -0.00000001
 112    0.0000000  -0.00000008
 
----------------
 Final Energies 
----------------
Final NOF Total Energy =    -752.2681046
 
Total Orbital Internal Iterations = 1290
Total Occupation Internal Iterations = 300
 
Elapsed time: 1898.53 Seconds

---------------------------------
   Lowdin Population Analysis    
---------------------------------
 Idx  Atom   Population   Charge 
---------------------------------
  1    Ca    19.701       0.299
  2     O     8.299      -0.299

---------------------------------
   M Diagnostic: 0.80
---------------------------------

Recovering execution output...
Moving from /scratch/pobleyef/284174 to /home-nas/pobleyef/Poison-NOF/ncwomax/P30-5/GNOF/arina.284174
mkdir -p /home-nas/pobleyef/Poison-NOF/ncwomax/P30-5/GNOF/arina.284174
mv /scratch/pobleyef/284174/* /home-nas/pobleyef/Poison-NOF/ncwomax/P30-5/GNOF/arina.284174
