ALKBDE10_2_cao
/software/eb2024/easybuild/software/common/software/Julia/1.11.3-linux-x86_64/bin/julia
Job runing on na07
Choosing scratch ...
Automatic scratch folder selection
/scratch/pobleyef/168226
/scratch/pobleyef/168226 directory
cp ALKBDE10_2_cao.jl ALKBDE10_2_cao.jld2 to  /scratch/pobleyef/168226/.
Computing Integrals
Elapsed time:    6.66 Seconds

Number of basis functions                   (NBF)    = 113
Number of auxiliary basis functions         (NBFAUX) = 237
Inactive Doubly occupied orbitals up to     (NO1)    = 0
No. considered Strongly Doubly occupied MOs (NDOC)   = 14
No. considered Strongly Singly occupied MOs (NSOC)   = 0
NO. of Weakly occ. per St. Doubly occ.  MOs (NCWO)   = 7
Dimension of the Nat. Orb. subspace         (NBF5)   = 112
No. of electrons                                     = 28
    No. of alpha electrons                           = 14
    No. of beta electrons                            = 14
Multiplicity                                         = 1

Geometry
========
Ca       0.0000000       0.0000000      -0.8987290
 O       0.0000000       0.0000000       0.8987290

No violations of the orthonormality
No violations of the orthonormality
 
PNOF8/ADABelief Calculation
==================
 
  Nitext  Nit_orb  Time   Nit_occ  Time         Eelec          Etot           Ediff      maxdiff    MaxGrad_orb  Grad_occ
     1      10    2.5e+01   75    2.1e+01  -798.30674341  -751.20234369 -10797.30674341   0.005170   2.1e-02   2.2e-04 0.03
     2      20    1.7e+01   34    3.8e-01  -799.30154101  -752.19714129    -0.99479760   0.294691   1.2e+00   2.6e-04 0.03
     3      20    1.6e+01   34    3.8e-01  -799.33739774  -752.23299802    -0.03585673   0.241461   9.7e-01   2.5e-04 0.03
     4      20    1.7e+01   29    3.4e-01  -799.35642908  -752.25202936    -0.01903134   0.091379   3.7e-01   2.4e-04 0.03
     5      20    1.7e+01   23    2.6e-01  -799.36535319  -752.26095347    -0.00892411   0.053922   2.2e-01   2.3e-04 0.03
     6      20    1.7e+01   28    3.2e-01  -799.37542271  -752.27102299    -0.01006953   0.042770   1.7e-01   2.3e-04 0.03
     7      20    1.7e+01   20    2.4e-01  -799.38040778  -752.27600806    -0.00498506   0.036472   1.5e-01   2.5e-04 0.03
     8      20    1.7e+01   17    2.0e-01  -799.38530228  -752.28090257    -0.00489451   0.052608   2.1e-01   2.6e-04 0.03
     9      20    1.7e+01   16    1.8e-01  -799.38698898  -752.28258926    -0.00168669   0.040143   1.6e-01   2.2e-04 0.03
    10      20    1.7e+01    9    1.5e-01  -799.38814070  -752.28374098    -0.00115173   0.046167   1.8e-01   2.5e-04 0.03
    11      20    1.6e+01   20    2.4e-01  -799.38963010  -752.28523038    -0.00148940   0.052184   2.1e-01   1.9e-04 0.03
    12      20    1.7e+01    9    1.4e-01  -799.39078656  -752.28638684    -0.00115645   0.037164   1.5e-01   2.2e-04 0.03
    13      20    1.7e+01    0    4.2e-02  -799.39091779  -752.28651807    -0.00013124   0.037164   1.5e-01   2.2e-04 0.03
    14      40    3.3e+01   16    2.6e-01  -799.39964569  -752.29524597    -0.00872789   0.004399   1.8e-02   2.2e-04 0.03
    15      40    3.3e+01    3    7.0e-02  -799.40022121  -752.29582149    -0.00057553   0.004592   1.8e-02   2.6e-04 0.03
    16      40    3.3e+01    9    1.6e-01  -799.40056197  -752.29616225    -0.00034075   0.006084   2.4e-02   2.3e-04 0.03
    17      40    3.3e+01    3    1.2e-01  -799.40083218  -752.29643246    -0.00027021   0.005218   2.1e-02   2.4e-04 0.03
    18      40    3.4e+01    8    1.1e-01  -799.40100485  -752.29660513    -0.00017267   0.005221   2.1e-02   2.2e-04 0.03
    19      40    3.4e+01    3    4.3e-02  -799.40118329  -752.29678357    -0.00017844   0.005043   2.0e-02   2.0e-04 0.03
    20      40    3.3e+01   16    2.0e-01  -799.40126844  -752.29686872    -0.00008515   0.005749   2.3e-02   2.8e-04 0.03
    21      40    3.5e+01    3    7.3e-02  -799.40146917  -752.29706945    -0.00020072   0.005256   2.1e-02   1.9e-04 0.03
    22      40    3.3e+01    6    9.9e-02  -799.40155740  -752.29715768    -0.00008824   0.005665   2.3e-02   1.8e-04 0.03
    23      40    3.4e+01    6    1.1e-01  -799.40164840  -752.29724868    -0.00009100   0.004453   1.8e-02   2.2e-04 0.03
    24      40    3.4e+01    3    7.3e-02  -799.40172236  -752.29732265    -0.00007396   0.004560   1.8e-02   2.6e-04 0.03
    25      40    3.4e+01    6    9.6e-02  -799.40177756  -752.29737785    -0.00005520   0.004388   1.8e-02   2.8e-04 0.03
    26      40    3.4e+01    3    5.8e-02  -799.40181927  -752.29741955    -0.00004170   0.004285   1.7e-02   1.8e-04 0.03
    27      40    3.4e+01    1    6.5e-02  -799.40186197  -752.29746225    -0.00004270   0.004329   1.7e-02   1.9e-04 0.03
    28      40    3.3e+01   16    1.8e-01  -799.40187814  -752.29747842    -0.00001617   0.004337   1.7e-02   1.3e-04 0.03
    29      40    3.4e+01    1    6.2e-02  -799.40198223  -752.29758252    -0.00010409   0.004465   1.8e-02   1.6e-04 0.03
    30      40    3.3e+01    0    1.3e-02  -799.40198269  -752.29758297    -0.00000045   0.004465   1.8e-02   1.6e-04 0.03
    31      53    4.4e+01    0    3.5e-02  -799.40216375  -752.29776403    -0.00018107   0.000481   1.9e-03   1.8e-04 0.03
 
RESULTS OF THE OCCUPATION OPTIMIZATION
========================================
   1    1.9999999  -149.21631532
   2    1.9999840  -18.43359955
   3    1.9999731  -17.30231993
   4    1.9999740  -14.88318499
   5    1.9999725  -13.49496409
   6    1.9999097  -13.49448865
   7    1.9908066  -2.12908711
   8    1.9771130  -1.24289987
   9    1.9764852  -1.23016128
  10    1.9767154  -1.22762126
  11    1.9836809  -1.04681429
  12    1.9676225  -0.35340460
  13    1.9718698  -0.33313732
  14    1.9679257  -0.32641229
  15    0.0242705  -0.03809558
  16    0.0124470  -0.01971153
  17    0.0252804  -0.04408039
  18    0.0079032  -0.02164856
  19    0.0200300  -0.04104929
  20    0.0195411  -0.04041388
  21    0.0188406  -0.03889431
  22    0.0070815  -0.03488695
  23    0.0000763  -0.00457781
  24    0.0000169  -0.00112744
  25    0.0000065  -0.00017136
  26    0.0000094  -0.00061319
  27    0.0000134  -0.00054112
  28    0.0000001  -0.00000014
  29    0.0032588  -0.00679664
  30    0.0107148  -0.01864957
  31    0.0031917  -0.00710137
  32    0.0045887  -0.01227083
  33    0.0026318  -0.00729365
  34    0.0027957  -0.00762105
  35    0.0027051  -0.00642757
  36    0.0007509  -0.00875351
  37    0.0000046  -0.00007862
  38    0.0000052  -0.00020757
  39    0.0000061  -0.00009336
  40    0.0000045  -0.00008049
  41    0.0000016  -0.00004687
  42    0.0000000  -0.00000002
  43    0.0030604  -0.00646990
  44    0.0041747  -0.00818203
  45    0.0031398  -0.00707047
  46    0.0012174  -0.00390165
  47    0.0002444  -0.00084609
  48    0.0009622  -0.00270979
  49    0.0010043  -0.00280631
  50    0.0006571  -0.00665617
  51    0.0000039  -0.00008090
  52    0.0000035  -0.00006603
  53    0.0000051  -0.00018836
  54    0.0000042  -0.00007876
  55    0.0000003  -0.00000319
  56    0.0000000  -0.00000001
  57    0.0007528  -0.00205257
  58    0.0003048  -0.00091169
  59    0.0003118  -0.00093353
  60    0.0010978  -0.00372074
  61    0.0001795  -0.00065841
  62    0.0001696  -0.00062059
  63    0.0002135  -0.00076738
  64    0.0004345  -0.00405737
  65    0.0000031  -0.00006194
  66    0.0000007  -0.00001092
  67    0.0000041  -0.00008431
  68    0.0000041  -0.00007518
  69    0.0000002  -0.00000066
  70    0.0000000  -0.00000001
  71    0.0003207  -0.00092145
  72    0.0002903  -0.00088395
  73    0.0002644  -0.00085557
  74    0.0007776  -0.00255650
  75    0.0000979  -0.00031701
  76    0.0000170  -0.00012432
  77    0.0000908  -0.00034869
  78    0.0001548  -0.00078770
  79    0.0000013  -0.00002035
  80    0.0000006  -0.00000569
  81    0.0000035  -0.00006630
  82    0.0000035  -0.00006752
  83    0.0000002  -0.00000064
  84    0.0000000  -0.00000001
  85    0.0002513  -0.00079035
  86    0.0001357  -0.00039193
  87    0.0001323  -0.00034934
  88    0.0004628  -0.00195463
  89    0.0000856  -0.00024024
  90    0.0000147  -0.00010593
  91    0.0000171  -0.00012105
  92    0.0000918  -0.00100324
  93    0.0000006  -0.00000473
  94    0.0000003  -0.00000240
  95    0.0000004  -0.00001284
  96    0.0000008  -0.00000844
  97    0.0000002  -0.00000031
  98    0.0000000  -0.00000000
  99    0.0001597  -0.00044860
 100    0.0000629  -0.00017749
 101    0.0000571  -0.00018228
 102    0.0002716  -0.00097850
 103    0.0000153  -0.00011556
 104    0.0000145  -0.00010635
 105    0.0000155  -0.00011231
 106    0.0000228  -0.00019517
 107    0.0000005  -0.00000581
 108    0.0000003  -0.00000127
 109    0.0000003  -0.00001022
 110    0.0000003  -0.00001765
 111    0.0000001  -0.00000017
 112    0.0000000  -0.00000001
 
----------------
 Final Energies 
----------------
Final NOF Total Energy =    -752.2977640
 
Total Orbital Internal Iterations = 983
Total Occupation Internal Iterations = 417
 
Elapsed time:  883.25 Seconds

---------------------------------
   Lowdin Population Analysis    
---------------------------------
 Idx  Atom   Population   Charge 
---------------------------------
  1    Ca    19.328       0.672
  2     O     8.672      -0.672

---------------------------------
   M Diagnostic: 0.03
---------------------------------

Recovering execution output...
Moving from /scratch/pobleyef/168226 to /home-nas/pobleyef/Poison-Set/ncwomax/P30-5/GNOF/arina.168226
mkdir -p /home-nas/pobleyef/Poison-Set/ncwomax/P30-5/GNOF/arina.168226
mv /scratch/pobleyef/168226/* /home-nas/pobleyef/Poison-Set/ncwomax/P30-5/GNOF/arina.168226
