be
/software/eb2024/easybuild/software/common/software/Julia/1.11.3-linux-x86_64/bin/julia
Job runing on nagpu01
Choosing scratch ...
Automatic scratch folder selection
/scratch/pobleyef/168229
/scratch/pobleyef/168229 directory
cp be.jl be.jld2 to  /scratch/pobleyef/168229/.
Computing Integrals
Elapsed time:    3.50 Seconds

Number of basis functions                   (NBF)    = 36
Number of auxiliary basis functions         (NBFAUX) = 51
Inactive Doubly occupied orbitals up to     (NO1)    = 0
No. considered Strongly Doubly occupied MOs (NDOC)   = 2
No. considered Strongly Singly occupied MOs (NSOC)   = 0
NO. of Weakly occ. per St. Doubly occ.  MOs (NCWO)   = 17
Dimension of the Nat. Orb. subspace         (NBF5)   = 36
No. of electrons                                     = 4
    No. of alpha electrons                           = 2
    No. of beta electrons                            = 2
Multiplicity                                         = 1

Geometry
========
Be       0.0000000       0.0000000       0.0000000

No violations of the orthonormality
No violations of the orthonormality
 
PNOF8/ADABelief Calculation
==================
 
  Nitext  Nit_orb  Time   Nit_occ  Time         Eelec          Etot           Ediff      maxdiff    MaxGrad_orb  Grad_occ
     1      10    1.6e+01   31    1.9e+01   -14.58617788   -14.58617788 -10013.58617788   0.006104   2.6e-02   1.7e-04 0.03
     2      20    2.6e-02   17    5.0e-03   -14.63097835   -14.63097835    -0.04480047   0.022028   8.8e-02   1.6e-04 0.03
     3      20    1.5e-02   14    3.8e-03   -14.63580107   -14.63580107    -0.00482272   0.001371   5.5e-03   1.9e-04 0.03
     4      20    1.1e-02    9    2.4e-03   -14.63830285   -14.63830285    -0.00250179   0.001328   5.3e-03   1.5e-04 0.04
     5      20    1.0e-02    8    2.0e-03   -14.63983808   -14.63983808    -0.00153522   0.002203   8.8e-03   2.0e-04 0.04
     6      20    1.1e-02    5    1.7e-03   -14.64122514   -14.64122514    -0.00138706   0.001520   6.1e-03   1.4e-04 0.05
     7      20    1.0e-02    5    1.4e-03   -14.64245350   -14.64245350    -0.00122836   0.001692   6.8e-03   1.9e-04 0.06
     8      20    1.1e-02    9    4.5e-03   -14.64352014   -14.64352014    -0.00106664   0.003094   1.2e-02   9.8e-05 0.11
     9      20    1.1e-02    4    1.2e-03   -14.64553469   -14.64553469    -0.00201455   0.001037   4.1e-03   1.5e-04 0.12
    10      20    1.0e-02    3    1.2e-03   -14.64608648   -14.64608648    -0.00055179   0.001648   6.6e-03   1.3e-04 0.13
    11      20    1.0e-02    1    6.5e-04   -14.64631227   -14.64631227    -0.00022579   0.002097   8.4e-03   1.7e-04 0.13
    12      20    1.0e-02    2    9.9e-04   -14.64639914   -14.64639914    -0.00008687   0.001790   7.2e-03   1.2e-04 0.13
    13      20    1.1e-02    0    4.6e-04   -14.64641978   -14.64641978    -0.00002065   0.001957   7.8e-03   1.1e-04 0.13
    14      30    1.7e-02    0    5.6e-04   -14.64643221   -14.64643221    -0.00001243   0.000883   3.5e-03   1.1e-04 0.13
 
RESULTS OF THE OCCUPATION OPTIMIZATION
========================================
   1    1.9973155  -4.73474841
   2    1.8095822  -0.31921412
   3    0.0629865  -0.01560343
   4    0.0013493  -0.00993486
   5    0.0629743  -0.01561067
   6    0.0004203  -0.00346254
   7    0.0629690  -0.01559382
   8    0.0004189  -0.00345766
   9    0.0003432  -0.00025236
  10    0.0004188  -0.00345772
  11    0.0001869  -0.00006343
  12    0.0000262  -0.00026452
  13    0.0001767  -0.00006206
  14    0.0000119  -0.00008719
  15    0.0001531  -0.00005758
  16    0.0000083  -0.00007351
  17    0.0001363  -0.00005463
  18    0.0000059  -0.00005952
  19    0.0001165  -0.00005117
  20    0.0000037  -0.00002457
  21    0.0000975  -0.00001270
  22    0.0000036  -0.00002378
  23    0.0000472  -0.00002376
  24    0.0000034  -0.00002327
  25    0.0000446  -0.00002368
  26    0.0000034  -0.00002256
  27    0.0000423  -0.00002356
  28    0.0000029  -0.00002040
  29    0.0000381  -0.00002317
  30    0.0000027  -0.00000677
  31    0.0000367  -0.00002302
  32    0.0000024  -0.00000480
  33    0.0000360  -0.00002273
  34    0.0000023  -0.00000287
  35    0.0000329  -0.00002246
  36    0.0000006  -0.00000804
 
----------------
 Final Energies 
----------------
Final NOF Total Energy =     -14.6464322
 
Total Orbital Internal Iterations = 280
Total Occupation Internal Iterations = 108
 
Elapsed time:   46.14 Seconds

---------------------------------
   Lowdin Population Analysis    
---------------------------------
 Idx  Atom   Population   Charge 
---------------------------------
  1    Be     4.000       0.000

---------------------------------
   M Diagnostic: 0.13
---------------------------------

Recovering execution output...
Moving from /scratch/pobleyef/168229 to /home-nas/pobleyef/Poison-Set/ncwomax/P30-5/GNOF/arina.168229
mkdir -p /home-nas/pobleyef/Poison-Set/ncwomax/P30-5/GNOF/arina.168229
mv /scratch/pobleyef/168229/* /home-nas/pobleyef/Poison-Set/ncwomax/P30-5/GNOF/arina.168229
