BH76_9_hf2ts
/software/eb2024/easybuild/software/common/software/Julia/1.11.3-linux-x86_64/bin/julia
Job runing on nh043
Choosing scratch ...
Automatic scratch folder selection
/scratch/pobleyef/168233
/scratch/pobleyef/168233 directory
cp BH76_9_hf2ts.jl BH76_9_hf2ts.jld2 to  /scratch/pobleyef/168233/.
Computing Integrals
Elapsed time:    6.24 Seconds

Number of basis functions                   (NBF)    = 144
Number of auxiliary basis functions         (NBFAUX) = 172
Inactive Doubly occupied orbitals up to     (NO1)    = 0
No. considered Strongly Doubly occupied MOs (NDOC)   = 9
No. considered Strongly Singly occupied MOs (NSOC)   = 1
NO. of Weakly occ. per St. Doubly occ.  MOs (NCWO)   = 14
Dimension of the Nat. Orb. subspace         (NBF5)   = 136
No. of electrons                                     = 19
    No. of alpha electrons                           = 10
    No. of beta electrons                            = 9
Multiplicity                                         = 2

Geometry
========
 H       0.0000000       0.0000000      -1.5701571
 F       0.0000000       0.0000000       0.0449024
 F       0.0000000       0.0000000       1.5252546

No violations of the orthonormality
No violations of the orthonormality
 
PNOF8/ADABelief Calculation
==================
 
  Nitext  Nit_orb  Time   Nit_occ  Time         Eelec          Etot           Ediff      maxdiff    MaxGrad_orb  Grad_occ
     1      10    2.9e+01   90    3.7e+01  -232.72945509  -199.28722357 -10231.72945509   0.007740   3.1e-02   2.2e-04 0.04
     2      20    2.8e+00   31    9.7e-01  -233.21026425  -199.76803272    -0.48080915   0.205080   8.2e-01   2.2e-04 0.04
     3      20    2.9e+00   44    1.1e+00  -233.26011316  -199.81788163    -0.04984891   0.078561   3.1e-01   2.1e-04 0.04
     4      20    2.8e+00   58    1.3e+00  -233.27682951  -199.83459799    -0.01671635   0.121100   4.8e-01   2.0e-04 0.04
     5      20    2.9e+00   27    6.9e-01  -233.28335597  -199.84112445    -0.00652646   0.032551   1.3e-01   1.8e-04 0.04
     6      20    2.9e+00   22    6.8e-01  -233.28837403  -199.84614251    -0.00501806   0.031881   1.3e-01   1.8e-04 0.04
     7      20    3.0e+00   16    4.1e-01  -233.29557299  -199.85334147    -0.00719896   0.022632   9.1e-02   1.8e-04 0.04
     8      20    2.8e+00   11    3.0e-01  -233.29825282  -199.85602129    -0.00267983   0.021349   8.5e-02   2.2e-04 0.04
     9      20    2.8e+00    0    1.0e-01  -233.29846415  -199.85623262    -0.00021133   0.021349   8.5e-02   2.2e-04 0.04
    10      40    5.7e+00    8    2.9e-01  -233.30359528  -199.86136375    -0.00513113   0.003798   1.5e-02   2.2e-04 0.04
    11      40    5.7e+00   10    3.4e-01  -233.30424634  -199.86201481    -0.00065106   0.002788   1.1e-02   2.6e-04 0.04
    12      40    5.6e+00    4    1.2e-01  -233.30480373  -199.86257221    -0.00055740   0.002623   1.0e-02   2.2e-04 0.04
    13      40    5.7e+00   17    4.9e-01  -233.30519647  -199.86296495    -0.00039274   0.002832   1.1e-02   1.5e-04 0.04
    14      40    5.6e+00    4    2.0e-01  -233.30555573  -199.86332420    -0.00035926   0.002949   1.2e-02   2.4e-04 0.04
    15      40    5.8e+00    6    2.2e-01  -233.30574078  -199.86350925    -0.00018505   0.002843   1.1e-02   2.1e-04 0.04
    16      40    5.8e+00    6    1.5e-01  -233.30589731  -199.86366579    -0.00015653   0.002892   1.2e-02   2.3e-04 0.04
    17      40    5.6e+00    6    2.2e-01  -233.30603338  -199.86380186    -0.00013607   0.003389   1.4e-02   2.0e-04 0.04
    18      40    5.7e+00    6    1.9e-01  -233.30615057  -199.86391905    -0.00011719   0.003649   1.5e-02   2.5e-04 0.04
    19      40    5.8e+00    3    9.7e-02  -233.30625000  -199.86401847    -0.00009943   0.004078   1.6e-02   2.0e-04 0.04
    20      40    5.7e+00    6    2.1e-01  -233.30630413  -199.86407260    -0.00005413   0.004321   1.7e-02   2.2e-04 0.04
    21      40    5.7e+00    6    2.1e-01  -233.30636969  -199.86413817    -0.00006557   0.004024   1.6e-02   1.9e-04 0.04
    22      40    5.7e+00    0    5.6e-02  -233.30644714  -199.86421562    -0.00007745   0.004289   1.7e-02   2.6e-04 0.04
    23      50    7.2e+00    5    2.1e-01  -233.30653089  -199.86429937    -0.00008375   0.002567   1.0e-02   2.3e-04 0.04
    24      50    7.2e+00    6    2.3e-01  -233.30657484  -199.86434331    -0.00004395   0.005337   2.1e-02   1.7e-04 0.04
    25      50    7.3e+00    3    1.8e-01  -233.30662886  -199.86439734    -0.00005403   0.003336   1.3e-02   2.0e-04 0.04
    26      50    7.2e+00    1    6.1e-02  -233.30665351  -199.86442199    -0.00002465   0.003670   1.5e-02   1.8e-04 0.04
    27      50    7.2e+00    0    5.1e-02  -233.30668832  -199.86445679    -0.00003480   0.003429   1.4e-02   2.2e-04 0.04
    28      60    8.5e+00    3    1.4e-01  -233.30673063  -199.86449911    -0.00004232   0.003608   1.4e-02   2.3e-04 0.04
    29      60    8.5e+00    5    2.0e-01  -233.30675216  -199.86452063    -0.00002152   0.003220   1.3e-02   1.3e-04 0.04
    30      60    8.5e+00    0    6.4e-02  -233.30676655  -199.86453502    -0.00001439   0.002892   1.2e-02   1.7e-04 0.04
    31      70    9.9e+00    0    4.4e-02  -233.30681848  -199.86458696    -0.00005193   0.002384   9.5e-03   2.0e-04 0.04
    32      80    1.1e+01    3    1.4e-01  -233.30682415  -199.86459263    -0.00000567   0.002034   8.1e-03   2.0e-04 0.04
    33      80    1.1e+01    0    3.7e-02  -233.30683988  -199.86460835    -0.00001573   0.001992   8.0e-03   1.8e-04 0.04
    34      90    1.2e+01    0    1.8e-01  -233.30685128  -199.86461976    -0.00001140   0.001747   7.0e-03   1.8e-04 0.04
    35     100    1.4e+01    0    3.6e-02  -233.30685291  -199.86462138    -0.00000162   0.001637   6.5e-03   2.4e-04 0.04
    36     110    1.6e+01    0    3.5e-02  -233.30685808  -199.86462656    -0.00000518   0.001655   6.6e-03   2.3e-04 0.04
    37     120    1.7e+01    1    6.2e-02  -233.30686106  -199.86462954    -0.00000298   0.001403   5.6e-03   2.3e-04 0.04
    38     120    1.7e+01    0    4.7e-02  -233.30686054  -199.86462902     0.00000052   0.001422   5.7e-03   1.9e-04 0.04
    39      76    1.1e+01    0    7.3e-02  -233.30688286  -199.86465133    -0.00002231   0.000498   2.0e-03   2.1e-04 0.04
 
RESULTS OF THE OCCUPATION OPTIMIZATION
========================================
   1    1.9999727  -26.46299691
   2    1.9999864  -26.45049364
   3    1.9872797  -1.64892046
   4    1.9885427  -1.60124667
   5    1.9562934  -0.80893287
   6    1.9814257  -0.80197977
   7    1.9824826  -0.79313623
   8    1.9804616  -0.78011103
   9    1.9806457  -0.76338203
  10    1.0000000  -0.25481636
  11    0.0096547  -0.02014591
  12    0.0092844  -0.01987285
  13    0.0103803  -0.02151747
  14    0.0094923  -0.02185069
  15    0.0431412  -0.08661201
  16    0.0065553  -0.02114058
  17    0.0058964  -0.02211360
  18    0.0000094  -0.00045546
  19    0.0000195  -0.00099918
  20    0.0042338  -0.01074832
  21    0.0041992  -0.01101073
  22    0.0043983  -0.01124336
  23    0.0035733  -0.00899522
  24    0.0001458  -0.00059144
  25    0.0024998  -0.00789251
  26    0.0020142  -0.00698563
  27    0.0000009  -0.00004463
  28    0.0000019  -0.00006074
  29    0.0039311  -0.00969088
  30    0.0041458  -0.01076552
  31    0.0007657  -0.00274139
  32    0.0033070  -0.00840672
  33    0.0001149  -0.00040546
  34    0.0009208  -0.00478385
  35    0.0019153  -0.00658082
  36    0.0000009  -0.00002191
  37    0.0000015  -0.00003976
  38    0.0003514  -0.00127234
  39    0.0007478  -0.00279572
  40    0.0004788  -0.00289243
  41    0.0006776  -0.00257340
  42    0.0001126  -0.00039535
  43    0.0005970  -0.00460937
  44    0.0018880  -0.00669756
  45    0.0000007  -0.00001238
  46    0.0000014  -0.00004226
  47    0.0003049  -0.00118133
  48    0.0005457  -0.00241396
  49    0.0003456  -0.00187209
  50    0.0005725  -0.00310726
  51    0.0000698  -0.00037142
  52    0.0002739  -0.00124954
  53    0.0002752  -0.00126233
  54    0.0000004  -0.00001749
  55    0.0000008  -0.00001966
  56    0.0002505  -0.00100423
  57    0.0002665  -0.00093052
  58    0.0003165  -0.00121279
  59    0.0002913  -0.00119495
  60    0.0000491  -0.00020852
  61    0.0002600  -0.00159389
  62    0.0002474  -0.00119075
  63    0.0000003  -0.00003404
  64    0.0000007  -0.00001442
  65    0.0002281  -0.00094019
  66    0.0002367  -0.00100874
  67    0.0002957  -0.00109540
  68    0.0002906  -0.00113080
  69    0.0000264  -0.00006004
  70    0.0002345  -0.00114780
  71    0.0002198  -0.00109790
  72    0.0000003  -0.00001593
  73    0.0000004  -0.00002228
  74    0.0002153  -0.00084830
  75    0.0000204  -0.00014646
  76    0.0002795  -0.00093651
  77    0.0001982  -0.00081112
  78    0.0000109  -0.00004687
  79    0.0000205  -0.00017803
  80    0.0001694  -0.00127889
  81    0.0000002  -0.00000460
  82    0.0000003  -0.00002023
  83    0.0000918  -0.00110111
  84    0.0000184  -0.00012048
  85    0.0001609  -0.00074662
  86    0.0000779  -0.00050563
  87    0.0000075  -0.00006744
  88    0.0000187  -0.00015387
  89    0.0000183  -0.00014932
  90    0.0000001  -0.00000267
  91    0.0000002  -0.00000540
  92    0.0000236  -0.00020100
  93    0.0000173  -0.00013425
  94    0.0000232  -0.00016923
  95    0.0000230  -0.00019141
  96    0.0000074  -0.00006824
  97    0.0000185  -0.00014769
  98    0.0000175  -0.00014207
  99    0.0000001  -0.00000191
 100    0.0000002  -0.00000516
 101    0.0000201  -0.00015678
 102    0.0000167  -0.00011893
 103    0.0000221  -0.00016813
 104    0.0000204  -0.00014691
 105    0.0000067  -0.00006298
 106    0.0000175  -0.00014706
 107    0.0000167  -0.00014404
 108    0.0000001  -0.00000180
 109    0.0000002  -0.00000300
 110    0.0000184  -0.00014373
 111    0.0000149  -0.00010067
 112    0.0000191  -0.00014128
 113    0.0000192  -0.00014381
 114    0.0000064  -0.00005308
 115    0.0000163  -0.00013841
 116    0.0000154  -0.00013329
 117    0.0000001  -0.00000055
 118    0.0000001  -0.00000231
 119    0.0000163  -0.00012802
 120    0.0000139  -0.00010202
 121    0.0000172  -0.00012733
 122    0.0000163  -0.00011987
 123    0.0000060  -0.00004871
 124    0.0000144  -0.00010868
 125    0.0000151  -0.00012674
 126    0.0000000  -0.00000044
 127    0.0000001  -0.00000139
 128    0.0000142  -0.00010264
 129    0.0000108  -0.00009668
 130    0.0000146  -0.00010389
 131    0.0000145  -0.00010884
 132    0.0000019  -0.00002243
 133    0.0000102  -0.00009711
 134    0.0000116  -0.00010537
 135    0.0000000  -0.00000027
 136    0.0000001  -0.00000097
 
----------------
 Final Energies 
----------------
Final NOF Total Energy =    -199.8646513
 
Total Orbital Internal Iterations = 1966
Total Occupation Internal Iterations = 408
 
Elapsed time:  379.37 Seconds

---------------------------------
   Lowdin Population Analysis    
---------------------------------
 Idx  Atom   Population   Charge 
---------------------------------
  1     H     1.008      -0.008
  2     F     8.970       0.030
  3     F     9.022      -0.022

---------------------------------
   M Diagnostic: 0.04
---------------------------------

Recovering execution output...
Moving from /scratch/pobleyef/168233 to /home-nas/pobleyef/Poison-Set/ncwomax/P30-5/GNOF/arina.168233
mkdir -p /home-nas/pobleyef/Poison-Set/ncwomax/P30-5/GNOF/arina.168233
mv /scratch/pobleyef/168233/* /home-nas/pobleyef/Poison-Set/ncwomax/P30-5/GNOF/arina.168233
