cl
/software/eb2024/easybuild/software/common/software/Julia/1.11.3-linux-x86_64/bin/julia
Job runing on nh028
Choosing scratch ...
Automatic scratch folder selection
/scratch/pobleyef/168238
/scratch/pobleyef/168238 directory
cp cl.jl cl.jld2 to  /scratch/pobleyef/168238/.
Computing Integrals
Elapsed time:    6.13 Seconds

Number of basis functions                   (NBF)    = 70
Number of auxiliary basis functions         (NBFAUX) = 128
Inactive Doubly occupied orbitals up to     (NO1)    = 0
No. considered Strongly Doubly occupied MOs (NDOC)   = 8
No. considered Strongly Singly occupied MOs (NSOC)   = 1
NO. of Weakly occ. per St. Doubly occ.  MOs (NCWO)   = 7
Dimension of the Nat. Orb. subspace         (NBF5)   = 65
No. of electrons                                     = 17
    No. of alpha electrons                           = 9
    No. of beta electrons                            = 8
Multiplicity                                         = 2

Geometry
========
Cl       0.0000000       0.0000000       0.0000000

No violations of the orthonormality
No violations of the orthonormality
 
PNOF8/ADABelief Calculation
==================
 
  Nitext  Nit_orb  Time   Nit_occ  Time         Eelec          Etot           Ediff      maxdiff    MaxGrad_orb  Grad_occ
     1      10    2.7e+01   35    3.3e+01  -459.42162023  -459.42162023 -10458.42162023   0.010952   4.4e-02   2.4e-04 0.02
     2      20    1.5e-01   26    9.7e-02  -459.83140429  -459.83140429    -0.40978406   0.423547   1.7e+00   2.1e-04 0.02
     3      20    1.6e-01   25    9.5e-02  -459.89364638  -459.89364638    -0.06224210   0.059052   2.4e-01   2.6e-04 0.02
     4      20    1.4e-01   25    9.3e-02  -459.92203630  -459.92203630    -0.02838992   0.070155   2.8e-01   2.2e-04 0.02
     5      20    1.5e-01   24    1.0e-01  -459.93578436  -459.93578436    -0.01374806   0.066885   2.7e-01   1.6e-04 0.02
     6      20    1.3e-01   15    7.1e-02  -459.94981787  -459.94981787    -0.01403352   0.060319   2.4e-01   1.7e-04 0.02
     7      20    1.3e-01   17    6.9e-02  -459.95719466  -459.95719466    -0.00737678   0.060189   2.4e-01   1.7e-04 0.02
     8      20    1.2e-01   16    1.4e-01  -459.96303981  -459.96303981    -0.00584516   0.048136   1.9e-01   1.4e-04 0.02
     9      20    1.1e-01   12    4.4e-02  -459.96500786  -459.96500786    -0.00196805   0.049428   2.0e-01   1.3e-04 0.02
    10      20    1.3e-01   10    3.5e-02  -459.96686683  -459.96686683    -0.00185897   0.042454   1.7e-01   2.2e-04 0.02
    11      20    1.5e-01    5    2.2e-02  -459.96794394  -459.96794394    -0.00107711   0.035967   1.4e-01   2.1e-04 0.02
    12      20    1.7e-01    3    1.7e-02  -459.96879558  -459.96879558    -0.00085164   0.039086   1.6e-01   2.8e-04 0.02
    13      20    1.3e-01    8    2.8e-02  -459.97017704  -459.97017704    -0.00138146   0.039337   1.6e-01   1.4e-04 0.02
    14      20    1.3e-01    0    1.1e-02  -459.97020497  -459.97020497    -0.00002793   0.039337   1.6e-01   1.4e-04 0.02
    15      40    2.4e-01    1    1.3e-02  -459.97420644  -459.97420644    -0.00400147   0.003456   1.4e-02   1.6e-04 0.02
    16      40    2.1e-01    2    1.0e-02  -459.97422969  -459.97422969    -0.00002325   0.007166   2.9e-02   1.8e-04 0.02
    17      40    2.4e-01    1    1.3e-02  -459.97427297  -459.97427297    -0.00004328   0.006125   2.4e-02   1.7e-04 0.02
    18      40    2.2e-01    2    1.7e-02  -459.97430351  -459.97430351    -0.00003054   0.005981   2.4e-02   1.8e-04 0.02
    19      40    2.5e-01    0    5.3e-03  -459.97433872  -459.97433872    -0.00003521   0.005736   2.3e-02   1.6e-04 0.02
    20      50    3.0e-01    0    5.3e-03  -459.97439289  -459.97439289    -0.00005417   0.004265   1.7e-02   1.5e-04 0.02
    21      60    3.7e-01    0    5.1e-03  -459.97444404  -459.97444404    -0.00005115   0.003220   1.3e-02   2.3e-04 0.02
    22      70    3.6e-01    4    2.0e-02  -459.97446903  -459.97446903    -0.00002499   0.002350   9.4e-03   1.9e-04 0.02
    23      70    4.2e-01    2    1.0e-02  -459.97450472  -459.97450472    -0.00003569   0.002612   1.0e-02   1.9e-04 0.02
    24      70    3.8e-01    0    5.1e-03  -459.97451217  -459.97451217    -0.00000745   0.002641   1.1e-02   1.6e-04 0.02
    25      80    4.5e-01    0    5.1e-03  -459.97454050  -459.97454050    -0.00002832   0.001966   7.9e-03   1.9e-04 0.02
    26      90    5.4e-01    4    2.1e-02  -459.97454218  -459.97454218    -0.00000169   0.002292   9.2e-03   1.8e-04 0.02
    27      90    5.2e-01    0    5.4e-03  -459.97455546  -459.97455546    -0.00001327   0.002143   8.6e-03   2.0e-04 0.02
    28     100    5.6e-01    0    5.3e-03  -459.97455541  -459.97455541     0.00000005   0.002212   8.8e-03   1.8e-04 0.02
    29      93    5.1e-01    0    1.1e-02  -459.97458395  -459.97458395    -0.00002854   0.000488   2.0e-03   1.9e-04 0.02
 
RESULTS OF THE OCCUPATION OPTIMIZATION
========================================
   1    1.9999975  -104.94348089
   2    1.9995298  -10.63290401
   3    1.9986146  -8.09814350
   4    1.9986855  -8.09763886
   5    1.9986074  -8.09720650
   6    1.9810849  -1.09177825
   7    1.9719357  -0.51290357
   8    1.9681449  -0.51211513
   9    1.0000000  -0.30160657
  10    0.0107818  -0.01817896
  11    0.0094357  -0.01792162
  12    0.0056048  -0.02776737
  13    0.0008504  -0.00944439
  14    0.0008329  -0.00918853
  15    0.0008444  -0.00990286
  16    0.0004153  -0.01120326
  17    0.0000016  -0.00023417
  18    0.0103846  -0.01763801
  19    0.0088097  -0.01618683
  20    0.0048828  -0.01939015
  21    0.0004510  -0.01101991
  22    0.0003582  -0.00918471
  23    0.0003960  -0.00989940
  24    0.0000219  -0.00027854
  25    0.0000003  -0.00001462
  26    0.0092809  -0.01606932
  27    0.0076650  -0.01975257
  28    0.0040860  -0.01735947
  29    0.0000491  -0.00067216
  30    0.0000610  -0.00226379
  31    0.0000634  -0.00136579
  32    0.0000115  -0.00011852
  33    0.0000002  -0.00001012
  34    0.0005329  -0.00126126
  35    0.0006947  -0.00165799
  36    0.0018164  -0.00999717
  37    0.0000126  -0.00012274
  38    0.0000343  -0.00040507
  39    0.0000415  -0.00040898
  40    0.0000085  -0.00009120
  41    0.0000001  -0.00000782
  42    0.0005140  -0.00121308
  43    0.0006560  -0.00161873
  44    0.0017997  -0.00995444
  45    0.0000117  -0.00067664
  46    0.0000107  -0.00011942
  47    0.0000159  -0.00014791
  48    0.0000052  -0.00005986
  49    0.0000001  -0.00000729
  50    0.0002099  -0.00087620
  51    0.0005855  -0.00137325
  52    0.0003669  -0.00121733
  53    0.0000096  -0.00012382
  54    0.0000095  -0.00009673
  55    0.0000147  -0.00014346
  56    0.0000049  -0.00005687
  57    0.0000001  -0.00000584
  58    0.0001510  -0.00050218
  59    0.0002178  -0.00091521
  60    0.0003584  -0.00119771
  61    0.0000081  -0.00008197
  62    0.0000079  -0.00007965
  63    0.0000095  -0.00036601
  64    0.0000032  -0.00031143
  65    0.0000001  -0.00000473
 
----------------
 Final Energies 
----------------
Final NOF Total Energy =    -459.9745839
 
Total Orbital Internal Iterations = 1243
Total Occupation Internal Iterations = 237
 
Elapsed time:   86.86 Seconds

---------------------------------
   Lowdin Population Analysis    
---------------------------------
 Idx  Atom   Population   Charge 
---------------------------------
  1    Cl    17.000      -0.000

---------------------------------
   M Diagnostic: 0.02
---------------------------------

Recovering execution output...
Moving from /scratch/pobleyef/168238 to /home-nas/pobleyef/Poison-Set/ncwomax/P30-5/GNOF/arina.168238
mkdir -p /home-nas/pobleyef/Poison-Set/ncwomax/P30-5/GNOF/arina.168238
mv /scratch/pobleyef/168238/* /home-nas/pobleyef/Poison-Set/ncwomax/P30-5/GNOF/arina.168238
