DC13-be
/software/eb2024/easybuild/software/common/software/Julia/1.11.3-linux-x86_64/bin/julia
Job runing on na11
Choosing scratch ...
Automatic scratch folder selection
/scratch/pobleyef/284186
/scratch/pobleyef/284186 directory
cp DC13-be.jl DC13-be.jld2 to  /scratch/pobleyef/284186/.
Computing Integrals
Basis Set                                            = def2-qzvp
Auxiliary Basis Set                                  = def2-universal-jkfit
Gaussian Type                                        = Spherical
Elapsed time:    2.38 Seconds

Number of basis functions                   (NBF)    = 36
Number of auxiliary basis functions         (NBFAUX) = 51
Inactive Doubly occupied orbitals up to     (NO1)    = 0
No. considered Strongly Doubly occupied MOs (NDOC)   = 2
No. considered Strongly Singly occupied MOs (NSOC)   = 0
NO. of Weakly occ. per St. Doubly occ.  MOs (NCWO)   = 17
Dimension of the Nat. Orb. subspace         (NBF5)   = 36
No. of electrons                                     = 4
    No. of alpha electrons                           = 2
    No. of beta electrons                            = 2
Multiplicity                                         = 1

Geometry
========
Be       0.0000000       0.0000000       0.0000000

No violations of the orthonormality
No violations of the orthonormality
 
PNOF8/ADABelief Calculation
==================
 
  Nitext  Nit_orb  Time   Nit_occ  Time         Eelec          Etot           Ediff      maxdiff    MaxGrad_orb  Grad_occ
     1      10    1.6e+01    1    2.0e+01   -14.64636092   -14.64636092 -10013.64636092   0.001904   7.6e-03   1.1e-04 0.13
     2      20    9.6e-03    1    1.1e-03   -14.64638234   -14.64638234    -0.00002142   0.001540   6.2e-03   1.2e-04 0.13
     3      20    7.9e-03    0    4.7e-04   -14.64638424   -14.64638424    -0.00000190   0.001736   6.9e-03   1.1e-04 0.13
     4      30    1.6e-02    0    4.9e-04   -14.64639820   -14.64639820    -0.00001397   0.000629   2.5e-03   1.2e-04 0.13
 
RESULTS OF THE OCCUPATION OPTIMIZATION
========================================
   1    1.9973304  -4.73496026
   2    1.8101896  -0.31915533
   3    0.0631401  -0.01564485
   4    0.0013530  -0.00995689
   5    0.0627458  -0.01557364
   6    0.0004200  -0.00346172
   7    0.0625109  -0.01551612
   8    0.0004181  -0.00345771
   9    0.0002672  -0.00022319
  10    0.0004178  -0.00345721
  11    0.0002300  -0.00007503
  12    0.0000153  -0.00022855
  13    0.0002075  -0.00006673
  14    0.0000079  -0.00007159
  15    0.0001844  -0.00006341
  16    0.0000057  -0.00006079
  17    0.0001405  -0.00005614
  18    0.0000047  -0.00005517
  19    0.0000951  -0.00004388
  20    0.0000044  -0.00003004
  21    0.0000466  -0.00002421
  22    0.0000035  -0.00002327
  23    0.0000459  -0.00002389
  24    0.0000033  -0.00002234
  25    0.0000448  -0.00002375
  26    0.0000033  -0.00002202
  27    0.0000416  -0.00002364
  28    0.0000032  -0.00002137
  29    0.0000395  -0.00002307
  30    0.0000032  -0.00000417
  31    0.0000369  -0.00002276
  32    0.0000032  -0.00000543
  33    0.0000248  -0.00002113
  34    0.0000027  -0.00000311
  35    0.0000088  -0.00000244
  36    0.0000005  -0.00000600
 
----------------
 Final Energies 
----------------
Final NOF Total Energy =     -14.6463982
 
Total Orbital Internal Iterations = 80
Total Occupation Internal Iterations = 2
 
Elapsed time:   47.95 Seconds

---------------------------------
   Lowdin Population Analysis    
---------------------------------
 Idx  Atom   Population   Charge 
---------------------------------
  1    Be     4.000       0.000

---------------------------------
   M Diagnostic: 0.13
---------------------------------

Recovering execution output...
Moving from /scratch/pobleyef/284186 to /home-nas/pobleyef/Poison-NOF/ncwomax/P30-5/GNOF/arina.284186
mkdir -p /home-nas/pobleyef/Poison-NOF/ncwomax/P30-5/GNOF/arina.284186
mv /scratch/pobleyef/284186/* /home-nas/pobleyef/Poison-NOF/ncwomax/P30-5/GNOF/arina.284186
