DC13_7_be4
/software/eb2024/easybuild/software/common/software/Julia/1.11.3-linux-x86_64/bin/julia
Job runing on nh029
Choosing scratch ...
Automatic scratch folder selection
/scratch/pobleyef/168239
/scratch/pobleyef/168239 directory
cp DC13_7_be4.jl DC13_7_be4.jld2 to  /scratch/pobleyef/168239/.
Computing Integrals
Elapsed time:    6.20 Seconds

Number of basis functions                   (NBF)    = 144
Number of auxiliary basis functions         (NBFAUX) = 204
Inactive Doubly occupied orbitals up to     (NO1)    = 0
No. considered Strongly Doubly occupied MOs (NDOC)   = 8
No. considered Strongly Singly occupied MOs (NSOC)   = 0
NO. of Weakly occ. per St. Doubly occ.  MOs (NCWO)   = 17
Dimension of the Nat. Orb. subspace         (NBF5)   = 144
No. of electrons                                     = 16
    No. of alpha electrons                           = 8
    No. of beta electrons                            = 8
Multiplicity                                         = 1

Geometry
========
Be       0.7279036      -0.7279036       0.7279036
Be      -0.7279036       0.7279036       0.7279036
Be      -0.7279036      -0.7279036      -0.7279036
Be       0.7279036       0.7279036      -0.7279036

No violations of the orthonormality
No violations of the orthonormality
 
PNOF8/ADABelief Calculation
==================
 
  Nitext  Nit_orb  Time   Nit_occ  Time         Eelec          Etot           Ediff      maxdiff    MaxGrad_orb  Grad_occ
     1      10    2.9e+01   61    3.6e+01   -83.08921117   -58.41446950 -10082.08921117   0.001884   8.8e-03   2.1e-04 0.03
     2      20    3.0e+00   32    9.5e-01   -83.29570952   -58.62096785    -0.20649836   0.072274   2.9e-01   2.7e-04 0.03
     3      20    3.0e+00   24    6.5e-01   -83.31798424   -58.64324257    -0.02227472   0.001714   6.9e-03   2.3e-04 0.03
     4      20    3.2e+00   19    5.9e-01   -83.32635605   -58.65161438    -0.00837181   0.004188   1.7e-02   2.7e-04 0.02
     5      20    3.0e+00   14    4.2e-01   -83.33221496   -58.65747329    -0.00585891   0.003354   1.3e-02   2.8e-04 0.02
     6      20    3.0e+00   17    5.1e-01   -83.33558151   -58.66083984    -0.00336655   0.013698   5.5e-02   2.5e-04 0.02
     7      20    3.0e+00    8    3.0e-01   -83.33728497   -58.66254330    -0.00170345   0.003682   1.5e-02   1.8e-04 0.02
     8      20    3.0e+00    7    2.0e-01   -83.33761149   -58.66286982    -0.00032652   0.005034   2.0e-02   2.1e-04 0.02
     9      20    3.0e+00    8    3.0e-01   -83.33808748   -58.66334581    -0.00047599   0.005992   2.4e-02   1.7e-04 0.02
    10      20    3.0e+00    4    2.2e-01   -83.33834090   -58.66359922    -0.00025342   0.004432   1.8e-02   1.9e-04 0.02
    11      20    3.2e+00    6    2.3e-01   -83.33852449   -58.66378282    -0.00018359   0.010331   4.1e-02   1.9e-04 0.02
    12      20    3.1e+00    6    3.1e-01   -83.33936172   -58.66462005    -0.00083723   0.024380   9.8e-02   1.8e-04 0.02
    13      20    2.9e+00    6    2.4e-01   -83.33982881   -58.66508714    -0.00046709   0.005337   2.1e-02   1.3e-04 0.02
    14      20    3.1e+00    6    2.0e-01   -83.34025905   -58.66551738    -0.00043024   0.010229   4.1e-02   1.6e-04 0.02
    15      20    3.1e+00    5    1.7e-01   -83.34036807   -58.66562640    -0.00010902   0.009755   3.9e-02   2.0e-04 0.02
    16      20    3.1e+00    5    1.5e-01   -83.34096505   -58.66622337    -0.00059697   0.012261   4.9e-02   2.3e-04 0.02
    17      20    3.0e+00    0    4.9e-02   -83.34101345   -58.66627178    -0.00004840   0.012261   4.9e-02   2.3e-04 0.02
    18      40    6.0e+00    5    2.7e-01   -83.34226271   -58.66752104    -0.00124926   0.001293   5.2e-03   1.5e-04 0.02
    19      40    5.9e+00    5    2.4e-01   -83.34244699   -58.66770532    -0.00018428   0.000813   3.3e-03   1.4e-04 0.02
 
RESULTS OF THE OCCUPATION OPTIMIZATION
========================================
   1    1.9990735  -4.70763394
   2    1.9991356  -4.70748783
   3    1.9992088  -4.70733243
   4    1.9991775  -4.70696863
   5    1.9811262  -0.56479777
   6    1.9669077  -0.28819726
   7    1.9661870  -0.28738941
   8    1.9681406  -0.28697482
   9    0.0127141  -0.01155351
  10    0.0144344  -0.01227077
  11    0.0147383  -0.01247443
  12    0.0065136  -0.01291411
  13    0.0004726  -0.00352109
  14    0.0003867  -0.00299982
  15    0.0005147  -0.00379681
  16    0.0005059  -0.00380290
  17    0.0099968  -0.01235989
  18    0.0063262  -0.00592154
  19    0.0111120  -0.01237525
  20    0.0038102  -0.00686270
  21    0.0001779  -0.00154145
  22    0.0001565  -0.00135310
  23    0.0001628  -0.00139168
  24    0.0001595  -0.00136185
  25    0.0034979  -0.00446452
  26    0.0044276  -0.00551397
  27    0.0018576  -0.00246744
  28    0.0026809  -0.00870723
  29    0.0001287  -0.00107052
  30    0.0001331  -0.00119929
  31    0.0001431  -0.00119652
  32    0.0001496  -0.00127696
  33    0.0017218  -0.00252912
  34    0.0032484  -0.00396114
  35    0.0016947  -0.00222826
  36    0.0012574  -0.00372771
  37    0.0000247  -0.00027377
  38    0.0000861  -0.00073367
  39    0.0000183  -0.00015983
  40    0.0000863  -0.00081609
  41    0.0010480  -0.00199231
  42    0.0032391  -0.00381172
  43    0.0011128  -0.00197844
  44    0.0011667  -0.00347630
  45    0.0000063  -0.00003394
  46    0.0000090  -0.00007311
  47    0.0000107  -0.00008219
  48    0.0000080  -0.00005304
  49    0.0010215  -0.00188247
  50    0.0008308  -0.00108640
  51    0.0010339  -0.00163828
  52    0.0010610  -0.00352335
  53    0.0000046  -0.00002146
  54    0.0000066  -0.00003390
  55    0.0000048  -0.00002311
  56    0.0000045  -0.00002306
  57    0.0006652  -0.00118999
  58    0.0006401  -0.00103042
  59    0.0004707  -0.00059912
  60    0.0008746  -0.00274702
  61    0.0000023  -0.00001342
  62    0.0000041  -0.00001927
  63    0.0000035  -0.00001739
  64    0.0000035  -0.00001722
  65    0.0004293  -0.00056827
  66    0.0002563  -0.00033852
  67    0.0002619  -0.00034815
  68    0.0005837  -0.00188157
  69    0.0000009  -0.00000316
  70    0.0000021  -0.00001137
  71    0.0000011  -0.00000499
  72    0.0000017  -0.00001118
  73    0.0002149  -0.00030030
  74    0.0000896  -0.00011690
  75    0.0002393  -0.00031039
  76    0.0002480  -0.00082435
  77    0.0000009  -0.00000414
  78    0.0000015  -0.00000914
  79    0.0000009  -0.00000363
  80    0.0000015  -0.00000833
  81    0.0001973  -0.00029551
  82    0.0000604  -0.00009538
  83    0.0001609  -0.00022396
  84    0.0001958  -0.00035712
  85    0.0000006  -0.00000139
  86    0.0000012  -0.00000453
  87    0.0000008  -0.00000275
  88    0.0000011  -0.00000564
  89    0.0000906  -0.00012131
  90    0.0000509  -0.00007260
  91    0.0001286  -0.00016456
  92    0.0001399  -0.00064107
  93    0.0000006  -0.00000151
  94    0.0000011  -0.00000494
  95    0.0000007  -0.00000348
  96    0.0000010  -0.00000363
  97    0.0000701  -0.00010916
  98    0.0000472  -0.00006579
  99    0.0000841  -0.00011310
 100    0.0001259  -0.00030360
 101    0.0000005  -0.00000105
 102    0.0000010  -0.00000408
 103    0.0000007  -0.00000343
 104    0.0000009  -0.00000326
 105    0.0000549  -0.00008763
 106    0.0000443  -0.00006833
 107    0.0000724  -0.00010637
 108    0.0000784  -0.00014222
 109    0.0000005  -0.00000116
 110    0.0000006  -0.00000145
 111    0.0000007  -0.00000144
 112    0.0000009  -0.00000334
 113    0.0000435  -0.00007239
 114    0.0000360  -0.00005268
 115    0.0000445  -0.00006623
 116    0.0000561  -0.00014442
 117    0.0000004  -0.00000359
 118    0.0000005  -0.00000192
 119    0.0000006  -0.00000133
 120    0.0000007  -0.00000159
 121    0.0000368  -0.00005802
 122    0.0000316  -0.00004387
 123    0.0000293  -0.00004397
 124    0.0000316  -0.00010797
 125    0.0000004  -0.00000569
 126    0.0000004  -0.00000472
 127    0.0000004  -0.00000491
 128    0.0000005  -0.00000159
 129    0.0000293  -0.00004638
 130    0.0000282  -0.00003974
 131    0.0000286  -0.00004024
 132    0.0000269  -0.00006659
 133    0.0000003  -0.00000292
 134    0.0000004  -0.00000407
 135    0.0000004  -0.00000453
 136    0.0000004  -0.00000434
 137    0.0000272  -0.00003958
 138    0.0000217  -0.00003856
 139    0.0000229  -0.00003641
 140    0.0000231  -0.00005291
 141    0.0000002  -0.00000008
 142    0.0000003  -0.00000176
 143    0.0000002  -0.00000016
 144    0.0000003  -0.00000137
 
----------------
 Final Energies 
----------------
Final NOF Total Energy =     -58.6677053
 
Total Orbital Internal Iterations = 410
Total Occupation Internal Iterations = 238
 
Elapsed time:  154.12 Seconds

---------------------------------
   Lowdin Population Analysis    
---------------------------------
 Idx  Atom   Population   Charge 
---------------------------------
  1    Be     3.999       0.001
  2    Be     4.002      -0.002
  3    Be     3.999       0.001
  4    Be     4.000       0.000

---------------------------------
   M Diagnostic: 0.02
---------------------------------

Recovering execution output...
Moving from /scratch/pobleyef/168239 to /home-nas/pobleyef/Poison-Set/ncwomax/P30-5/GNOF/arina.168239
mkdir -p /home-nas/pobleyef/Poison-Set/ncwomax/P30-5/GNOF/arina.168239
mv /scratch/pobleyef/168239/* /home-nas/pobleyef/Poison-Set/ncwomax/P30-5/GNOF/arina.168239
