G2RC-68
/software/eb2024/easybuild/software/common/software/Julia/1.11.3-linux-x86_64/bin/julia
Job runing on na17
Choosing scratch ...
Automatic scratch folder selection
/scratch/pobleyef/284194
/scratch/pobleyef/284194 directory
cp G2RC-68.jl G2RC-68.jld2 to  /scratch/pobleyef/284194/.
Computing Integrals
Basis Set                                            = def2-qzvp
Auxiliary Basis Set                                  = def2-universal-jkfit
Gaussian Type                                        = Spherical
Elapsed time:    8.72 Seconds

Number of basis functions                   (NBF)    = 171
Number of auxiliary basis functions         (NBFAUX) = 231
Inactive Doubly occupied orbitals up to     (NO1)    = 0
No. considered Strongly Doubly occupied MOs (NDOC)   = 11
No. considered Strongly Singly occupied MOs (NSOC)   = 0
NO. of Weakly occ. per St. Doubly occ.  MOs (NCWO)   = 14
Dimension of the Nat. Orb. subspace         (NBF5)   = 165
No. of electrons                                     = 22
    No. of alpha electrons                           = 11
    No. of beta electrons                            = 11
Multiplicity                                         = 1

Geometry
========
 N       0.0000000       0.0000000      -0.0211861
 N       0.0000000       0.0000000      -1.1424486
 O       0.0000000       0.0000000       1.1636347

No violations of the orthonormality
No violations of the orthonormality
 
PNOF8/ADABelief Calculation
==================
 
  Nitext  Nit_orb  Time   Nit_occ  Time         Eelec          Etot           Ediff      maxdiff    MaxGrad_orb  Grad_occ
     1      10    5.7e+01   64    2.3e+01  -245.21244951  -184.22550102 -10244.21244951   0.027432   1.1e-01   2.2e-04 0.04
     2      20    7.4e+01   38    1.4e+00  -245.41031570  -184.42336721    -0.19786619   0.067372   2.7e-01   2.1e-04 0.04
     3      20    7.2e+01   35    1.4e+00  -245.44040465  -184.45345615    -0.03008894   0.016555   6.6e-02   2.4e-04 0.04
     4      20    7.0e+01   17    1.4e+00  -245.44595650  -184.45900801    -0.00555186   0.024920   1.0e-01   2.3e-04 0.04
     5      20    7.7e+01   19    1.1e+00  -245.44775826  -184.46080976    -0.00180175   0.023770   9.5e-02   2.4e-04 0.04
     6      20    7.0e+01    9    5.3e-01  -245.44859346  -184.46164497    -0.00083520   0.030082   1.2e-01   2.9e-04 0.04
     7      20    6.6e+01   16    6.7e-01  -245.45334570  -184.46639721    -0.00475224   0.024403   9.8e-02   2.2e-04 0.04
     8      20    7.7e+01    0    1.7e-01  -245.45360228  -184.46665379    -0.00025658   0.024403   9.8e-02   2.2e-04 0.04
     9      40    1.5e+02    7    4.4e-01  -245.46037582  -184.47342733    -0.00677355   0.005531   2.2e-02   2.0e-04 0.04
    10      40    1.5e+02    7    7.3e-01  -245.46117754  -184.47422904    -0.00080171   0.004302   1.7e-02   2.2e-04 0.04
    11      40    1.5e+02    7    3.6e-01  -245.46194404  -184.47499555    -0.00076651   0.003447   1.4e-02   2.3e-04 0.04
    12      40    1.4e+02   16    8.9e-01  -245.46246487  -184.47551637    -0.00052082   0.004491   1.8e-02   2.1e-04 0.04
    13      40    1.4e+02    7    3.0e-01  -245.46293493  -184.47598644    -0.00047006   0.003287   1.3e-02   1.8e-04 0.04
    14      40    1.5e+02    9    1.1e+00  -245.46321360  -184.47626511    -0.00027868   0.003379   1.4e-02   2.1e-04 0.04
    15      40    1.4e+02    6    3.3e-01  -245.46345363  -184.47650514    -0.00024003   0.003209   1.3e-02   2.6e-04 0.04
    16      40    1.4e+02    9    4.4e-01  -245.46365401  -184.47670552    -0.00020038   0.004565   1.8e-02   2.1e-04 0.04
    17      40    1.5e+02    9    3.8e-01  -245.46385159  -184.47690310    -0.00019758   0.004072   1.6e-02   2.0e-04 0.04
    18      40    1.4e+02    3    2.4e-01  -245.46399569  -184.47704720    -0.00014410   0.004627   1.9e-02   1.7e-04 0.04
    19      40    1.3e+02    3    2.9e-01  -245.46406621  -184.47711772    -0.00007052   0.003374   1.3e-02   2.2e-04 0.04
    20      40    1.4e+02    7    3.3e-01  -245.46413415  -184.47718566    -0.00006794   0.003688   1.5e-02   2.1e-04 0.04
    21      40    1.4e+02    3    2.5e-01  -245.46423733  -184.47728883    -0.00010317   0.003024   1.2e-02   1.9e-04 0.04
    22      40    1.3e+02    7    2.8e-01  -245.46430421  -184.47735572    -0.00006689   0.003887   1.6e-02   1.6e-04 0.04
    23      40    1.4e+02    3    3.0e-01  -245.46439071  -184.47744222    -0.00008650   0.003493   1.4e-02   1.7e-04 0.04
    24      40    1.3e+02    1    1.2e-01  -245.46442353  -184.47747504    -0.00003282   0.004488   1.8e-02   2.4e-04 0.04
    25      40    1.4e+02    9    3.5e-01  -245.46442576  -184.47747727    -0.00000222   0.004301   1.7e-02   1.8e-04 0.04
    26      40    1.4e+02    3    2.2e-01  -245.46453955  -184.47759106    -0.00011380   0.004405   1.8e-02   1.3e-04 0.04
    27      40    1.4e+02    0    8.9e-02  -245.46454291  -184.47759442    -0.00000336   0.004405   1.8e-02   1.3e-04 0.04
    28      41    1.4e+02    0    8.7e-02  -245.46469109  -184.47774260    -0.00014818   0.000499   2.0e-03   1.7e-04 0.04
 
RESULTS OF THE OCCUPATION OPTIMIZATION
========================================
   1    1.9999828  -20.62984275
   2    1.9999617  -15.84823520
   3    1.9999538  -15.73851006
   4    1.9884588  -1.57429749
   5    1.9832574  -1.45431355
   6    1.9827271  -0.83767712
   7    1.9808157  -0.74683179
   8    1.9718166  -0.74224536
   9    1.9806234  -0.69850305
  10    1.9630620  -0.62474140
  11    1.9635187  -0.61661915
  12    0.0336579  -0.05573990
  13    0.0303481  -0.05248834
  14    0.0067845  -0.01419281
  15    0.0243033  -0.04882542
  16    0.0076877  -0.01721747
  17    0.0076317  -0.01971092
  18    0.0125954  -0.03109426
  19    0.0042509  -0.01252400
  20    0.0000277  -0.00082567
  21    0.0000164  -0.00050233
  22    0.0000115  -0.00039588
  23    0.0023457  -0.00568083
  24    0.0022709  -0.00558876
  25    0.0058431  -0.01331518
  26    0.0028834  -0.00768162
  27    0.0034356  -0.00755667
  28    0.0040074  -0.00934134
  29    0.0024178  -0.00728142
  30    0.0032176  -0.00904637
  31    0.0000043  -0.00006770
  32    0.0000056  -0.00009486
  33    0.0000019  -0.00003989
  34    0.0001864  -0.00058076
  35    0.0021960  -0.00510955
  36    0.0039261  -0.00856240
  37    0.0003357  -0.00120702
  38    0.0030227  -0.00662491
  39    0.0021739  -0.00768667
  40    0.0004613  -0.00328154
  41    0.0013079  -0.00630198
  42    0.0000034  -0.00004730
  43    0.0000049  -0.00009361
  44    0.0000015  -0.00006178
  45    0.0001317  -0.00042652
  46    0.0020042  -0.00504040
  47    0.0006545  -0.00209690
  48    0.0001832  -0.00070966
  49    0.0015278  -0.00510994
  50    0.0010052  -0.00344438
  51    0.0004103  -0.00161667
  52    0.0008946  -0.00348392
  53    0.0000033  -0.00007094
  54    0.0000037  -0.00005759
  55    0.0000007  -0.00002461
  56    0.0000484  -0.00021031
  57    0.0000164  -0.00008500
  58    0.0005038  -0.00211938
  59    0.0001772  -0.00069294
  60    0.0011411  -0.00287715
  61    0.0006818  -0.00220164
  62    0.0001738  -0.00067992
  63    0.0005779  -0.00519221
  64    0.0000030  -0.00004771
  65    0.0000036  -0.00004866
  66    0.0000004  -0.00001642
  67    0.0000148  -0.00008290
  68    0.0000151  -0.00008288
  69    0.0004634  -0.00170278
  70    0.0001162  -0.00046867
  71    0.0011284  -0.00287223
  72    0.0004727  -0.00189427
  73    0.0001291  -0.00051661
  74    0.0004177  -0.00353610
  75    0.0000009  -0.00003292
  76    0.0000010  -0.00002637
  77    0.0000002  -0.00002482
  78    0.0000143  -0.00008028
  79    0.0000136  -0.00007568
  80    0.0004026  -0.00128402
  81    0.0000724  -0.00035279
  82    0.0002404  -0.00086464
  83    0.0004554  -0.00189315
  84    0.0001165  -0.00094930
  85    0.0002712  -0.00141803
  86    0.0000009  -0.00003145
  87    0.0000008  -0.00002574
  88    0.0000002  -0.00000472
  89    0.0000132  -0.00007194
  90    0.0000130  -0.00007811
  91    0.0002576  -0.00087471
  92    0.0000206  -0.00012502
  93    0.0002252  -0.00065919
  94    0.0003071  -0.00135913
  95    0.0001047  -0.00043756
  96    0.0002056  -0.00085236
  97    0.0000008  -0.00003325
  98    0.0000007  -0.00001822
  99    0.0000002  -0.00000366
 100    0.0000130  -0.00007204
 101    0.0000118  -0.00006884
 102    0.0002209  -0.00078405
 103    0.0000174  -0.00011754
 104    0.0002100  -0.00067648
 105    0.0002742  -0.00094141
 106    0.0001046  -0.00043286
 107    0.0001916  -0.00080732
 108    0.0000005  -0.00001574
 109    0.0000004  -0.00002476
 110    0.0000001  -0.00000317
 111    0.0000129  -0.00007500
 112    0.0000109  -0.00006583
 113    0.0001442  -0.00063980
 114    0.0000157  -0.00009928
 115    0.0001972  -0.00065686
 116    0.0001291  -0.00058985
 117    0.0000813  -0.00040625
 118    0.0000855  -0.00086969
 119    0.0000005  -0.00001560
 120    0.0000004  -0.00002760
 121    0.0000001  -0.00000244
 122    0.0000119  -0.00006867
 123    0.0000104  -0.00006108
 124    0.0000932  -0.00054163
 125    0.0000152  -0.00009574
 126    0.0001108  -0.00044505
 127    0.0000454  -0.00027603
 128    0.0000537  -0.00028119
 129    0.0000461  -0.00040857
 130    0.0000003  -0.00001802
 131    0.0000003  -0.00001962
 132    0.0000001  -0.00000199
 133    0.0000116  -0.00007021
 134    0.0000099  -0.00006106
 135    0.0000365  -0.00021114
 136    0.0000147  -0.00009509
 137    0.0001002  -0.00039862
 138    0.0000319  -0.00016406
 139    0.0000401  -0.00022830
 140    0.0000315  -0.00017831
 141    0.0000002  -0.00000941
 142    0.0000003  -0.00001199
 143    0.0000001  -0.00000159
 144    0.0000103  -0.00006326
 145    0.0000093  -0.00005608
 146    0.0000235  -0.00015080
 147    0.0000146  -0.00009552
 148    0.0000938  -0.00040279
 149    0.0000317  -0.00016629
 150    0.0000307  -0.00018304
 151    0.0000234  -0.00015319
 152    0.0000002  -0.00000691
 153    0.0000002  -0.00000461
 154    0.0000001  -0.00000098
 155    0.0000094  -0.00006697
 156    0.0000082  -0.00004882
 157    0.0000227  -0.00013058
 158    0.0000139  -0.00009018
 159    0.0000634  -0.00033330
 160    0.0000254  -0.00014592
 161    0.0000233  -0.00014235
 162    0.0000198  -0.00012795
 163    0.0000001  -0.00000227
 164    0.0000001  -0.00000132
 165    0.0000001  -0.00000086
 
----------------
 Final Energies 
----------------
Final NOF Total Energy =    -184.4777426
 
Total Orbital Internal Iterations = 951
Total Occupation Internal Iterations = 314
 
Elapsed time: 3574.36 Seconds

---------------------------------
   Lowdin Population Analysis    
---------------------------------
 Idx  Atom   Population   Charge 
---------------------------------
  1     N     7.135      -0.135
  2     N     6.950       0.050
  3     O     7.916       0.084

---------------------------------
   M Diagnostic: 0.04
---------------------------------

Recovering execution output...
Moving from /scratch/pobleyef/284194 to /home-nas/pobleyef/Poison-NOF/ncwomax/P30-5/GNOF/arina.284194
mkdir -p /home-nas/pobleyef/Poison-NOF/ncwomax/P30-5/GNOF/arina.284194
mv /scratch/pobleyef/284194/* /home-nas/pobleyef/Poison-NOF/ncwomax/P30-5/GNOF/arina.284194
