G2RC-66
/software/eb2024/easybuild/software/common/software/Julia/1.11.3-linux-x86_64/bin/julia
Job runing on na17
Choosing scratch ...
Automatic scratch folder selection
/scratch/pobleyef/284192
/scratch/pobleyef/284192 directory
cp G2RC-66.jl G2RC-66.jld2 to  /scratch/pobleyef/284192/.
Computing Integrals
Basis Set                                            = def2-qzvp
Auxiliary Basis Set                                  = def2-universal-jkfit
Gaussian Type                                        = Spherical
Elapsed time:   16.57 Seconds

Number of basis functions                   (NBF)    = 298
Number of auxiliary basis functions         (NBFAUX) = 436
Inactive Doubly occupied orbitals up to     (NO1)    = 0
No. considered Strongly Doubly occupied MOs (NDOC)   = 25
No. considered Strongly Singly occupied MOs (NSOC)   = 0
NO. of Weakly occ. per St. Doubly occ.  MOs (NCWO)   = 10
Dimension of the Nat. Orb. subspace         (NBF5)   = 275
No. of electrons                                     = 50
    No. of alpha electrons                           = 25
    No. of beta electrons                            = 25
Multiplicity                                         = 1

Geometry
========
Si       0.0000000       0.0000000       0.0000000
 F       0.9102019      -0.9102019       0.9102019
 F      -0.9102019       0.9102019       0.9102019
 F      -0.9102019      -0.9102019      -0.9102019
 F       0.9102019       0.9102019      -0.9102019

No violations of the orthonormality
No violations of the orthonormality
 
PNOF8/ADABelief Calculation
==================
 
  Nitext  Nit_orb  Time   Nit_occ  Time         Eelec          Etot           Ediff      maxdiff    MaxGrad_orb  Grad_occ
     1      10    1.0e+02   82    2.7e+01  -957.06807199  -687.99722241 -10956.06807199   0.024398   9.8e-02   2.5e-04 0.02
     2      20    1.7e+02   49    3.9e+00  -957.51034421  -688.43949462    -0.44227221   0.708958   2.8e+00   3.2e-04 0.02
     3      20    1.6e+02   33    2.7e+00  -957.68526744  -688.61441786    -0.17492324   0.026477   1.1e-01   2.6e-04 0.02
     4      20    1.5e+02   32    2.9e+00  -957.69949461  -688.62864502    -0.01422716   0.040369   1.6e-01   2.4e-04 0.02
     5      20    1.5e+02   28    2.4e+00  -957.73377354  -688.66292396    -0.03427894   0.037180   1.5e-01   2.4e-04 0.02
     6      20    1.5e+02   17    1.6e+00  -957.74648692  -688.67563734    -0.01271338   0.045780   1.8e-01   2.5e-04 0.02
     7      20    1.6e+02   22    2.0e+00  -957.76001503  -688.68916545    -0.01352811   0.040249   1.6e-01   2.5e-04 0.02
     8      20    1.6e+02    0    2.7e-01  -957.76056144  -688.68971185    -0.00054640   0.040249   1.6e-01   2.5e-04 0.02
     9      40    3.0e+02   10    1.0e+00  -957.79192746  -688.72107788    -0.03136602   0.006933   2.8e-02   2.9e-04 0.02
    10      40    3.2e+02   20    1.8e+00  -957.79299524  -688.72214565    -0.00106778   0.009435   3.8e-02   2.9e-04 0.02
    11      40    3.0e+02   21    2.0e+00  -957.79428914  -688.72343955    -0.00129390   0.006882   2.8e-02   2.9e-04 0.02
    12      40    3.1e+02    9    1.0e+00  -957.79524927  -688.72439968    -0.00096013   0.006498   2.6e-02   3.4e-04 0.02
    13      40    3.0e+02   23    2.2e+00  -957.79583009  -688.72498050    -0.00058082   0.006329   2.5e-02   1.8e-04 0.02
    14      40    3.2e+02   11    1.1e+00  -957.79637385  -688.72552427    -0.00054376   0.007081   2.8e-02   2.0e-04 0.02
    15      40    3.0e+02    5    6.6e-01  -957.79664079  -688.72579121    -0.00026694   0.006498   2.6e-02   2.6e-04 0.02
    16      40    3.1e+02    9    8.7e-01  -957.79683179  -688.72598221    -0.00019100   0.006488   2.6e-02   2.8e-04 0.02
    17      40    3.1e+02   11    1.1e+00  -957.79698915  -688.72613956    -0.00015735   0.007755   3.1e-02   2.0e-04 0.02
    18      40    3.2e+02    5    5.7e-01  -957.79716241  -688.72631282    -0.00017326   0.006767   2.7e-02   1.9e-04 0.02
    19      40    3.1e+02    7    7.9e-01  -957.79721545  -688.72636586    -0.00005304   0.006792   2.7e-02   2.9e-04 0.02
    20      40    3.1e+02   10    9.2e-01  -957.79732485  -688.72647527    -0.00010940   0.007050   2.8e-02   2.3e-04 0.02
    21      40    3.4e+02    1    3.3e-01  -957.79743690  -688.72658732    -0.00011205   0.006685   2.7e-02   2.4e-04 0.02
    22      40    3.1e+02    0    2.6e-01  -957.79743862  -688.72658904    -0.00000172   0.006685   2.7e-02   2.4e-04 0.02
    23      60    4.5e+02    3    4.3e-01  -957.79813111  -688.72728153    -0.00069249   0.000479   1.9e-03   2.5e-04 0.02
 
RESULTS OF THE OCCUPATION OPTIMIZATION
========================================
   1    1.9999975  -68.98399427
   2    1.9999811  -26.38181156
   3    1.9999794  -26.38177873
   4    1.9999793  -26.38175104
   5    1.9999819  -26.38173713
   6    1.9987175  -6.27308521
   7    1.9976952  -4.39624386
   8    1.9976490  -4.39335401
   9    1.9974429  -4.39334641
  10    1.9881732  -1.62070794
  11    1.9883377  -1.62007807
  12    1.9883238  -1.61197645
  13    1.9871548  -1.60752566
  14    1.9760293  -0.88785152
  15    1.9749729  -0.88463428
  16    1.9748031  -0.87328929
  17    1.9745582  -0.87196793
  18    1.9806844  -0.75502411
  19    1.9793122  -0.75489061
  20    1.9812455  -0.75471425
  21    1.9787173  -0.75424848
  22    1.9815357  -0.75388842
  23    1.9790930  -0.75375340
  24    1.9798615  -0.75370126
  25    1.9784370  -0.75274041
  26    0.0091902  -0.02055412
  27    0.0101852  -0.02170849
  28    0.0106565  -0.02205673
  29    0.0113533  -0.02283685
  30    0.0112134  -0.02267698
  31    0.0114452  -0.02313213
  32    0.0108873  -0.02226785
  33    0.0116042  -0.02310579
  34    0.0184143  -0.04214326
  35    0.0180916  -0.04170168
  36    0.0206046  -0.04529655
  37    0.0199943  -0.04470439
  38    0.0063092  -0.02315787
  39    0.0067793  -0.02363644
  40    0.0067079  -0.02337404
  41    0.0066076  -0.02335287
  42    0.0022636  -0.01782627
  43    0.0017986  -0.01116300
  44    0.0017369  -0.01111463
  45    0.0011019  -0.00909575
  46    0.0000058  -0.00026520
  47    0.0000056  -0.00022181
  48    0.0000054  -0.00024108
  49    0.0000056  -0.00021699
  50    0.0000018  -0.00011550
  51    0.0039307  -0.01151382
  52    0.0042075  -0.01244879
  53    0.0043199  -0.01215650
  54    0.0044121  -0.01284109
  55    0.0043076  -0.01082857
  56    0.0044731  -0.01287903
  57    0.0044440  -0.01249716
  58    0.0044955  -0.01117470
  59    0.0031976  -0.00932669
  60    0.0031967  -0.00932138
  61    0.0032636  -0.00938114
  62    0.0028504  -0.00971192
  63    0.0029046  -0.01181128
  64    0.0031911  -0.01027751
  65    0.0032196  -0.01261937
  66    0.0030225  -0.01207494
  67    0.0001172  -0.00104203
  68    0.0003111  -0.00533710
  69    0.0003724  -0.00607920
  70    0.0001010  -0.00202871
  71    0.0000030  -0.00008427
  72    0.0000035  -0.00011184
  73    0.0000031  -0.00008568
  74    0.0000032  -0.00008811
  75    0.0000002  -0.00000955
  76    0.0038497  -0.01085334
  77    0.0038561  -0.01110284
  78    0.0041182  -0.01031313
  79    0.0009690  -0.00399227
  80    0.0039719  -0.01006530
  81    0.0009830  -0.00414748
  82    0.0040256  -0.01018470
  83    0.0011742  -0.00582487
  84    0.0031523  -0.00952856
  85    0.0030458  -0.00951591
  86    0.0002824  -0.00119637
  87    0.0003058  -0.00124671
  88    0.0022009  -0.01002048
  89    0.0005475  -0.00447191
  90    0.0005984  -0.00536389
  91    0.0007452  -0.00350609
  92    0.0000642  -0.00151105
  93    0.0001070  -0.00216957
  94    0.0000619  -0.00143607
  95    0.0000112  -0.00026550
  96    0.0000026  -0.00007708
  97    0.0000027  -0.00008351
  98    0.0000028  -0.00008278
  99    0.0000027  -0.00007384
 100    0.0000001  -0.00000419
 101    0.0034487  -0.01019258
 102    0.0007167  -0.00286108
 103    0.0007515  -0.00296602
 104    0.0006215  -0.00342010
 105    0.0008897  -0.00355283
 106    0.0006082  -0.00356375
 107    0.0004449  -0.00164888
 108    0.0008895  -0.00352420
 109    0.0002688  -0.00116584
 110    0.0002728  -0.00114829
 111    0.0002775  -0.00118561
 112    0.0002580  -0.00107622
 113    0.0005946  -0.00336584
 114    0.0004001  -0.00205022
 115    0.0003243  -0.00148808
 116    0.0005574  -0.00546229
 117    0.0000317  -0.00037291
 118    0.0000451  -0.00096341
 119    0.0000375  -0.00045653
 120    0.0000107  -0.00019025
 121    0.0000022  -0.00005998
 122    0.0000023  -0.00006382
 123    0.0000020  -0.00005293
 124    0.0000016  -0.00004284
 125    0.0000001  -0.00000377
 126    0.0006285  -0.00289983
 127    0.0004182  -0.00172369
 128    0.0003951  -0.00149864
 129    0.0004631  -0.00168731
 130    0.0004257  -0.00155744
 131    0.0004584  -0.00178065
 132    0.0002849  -0.00110534
 133    0.0004490  -0.00165633
 134    0.0002249  -0.00096185
 135    0.0002335  -0.00100526
 136    0.0002479  -0.00104427
 137    0.0002422  -0.00101847
 138    0.0002890  -0.00141334
 139    0.0002660  -0.00120631
 140    0.0002643  -0.00122211
 141    0.0003134  -0.00142618
 142    0.0000184  -0.00021986
 143    0.0000279  -0.00025546
 144    0.0000364  -0.00109588
 145    0.0000101  -0.00015264
 146    0.0000011  -0.00002562
 147    0.0000020  -0.00005796
 148    0.0000018  -0.00004738
 149    0.0000016  -0.00004566
 150    0.0000001  -0.00000347
 151    0.0003738  -0.00143775
 152    0.0004019  -0.00153225
 153    0.0003050  -0.00117544
 154    0.0003241  -0.00119786
 155    0.0002908  -0.00111606
 156    0.0004064  -0.00159738
 157    0.0002721  -0.00105996
 158    0.0003130  -0.00117506
 159    0.0000772  -0.00036776
 160    0.0002060  -0.00094873
 161    0.0002278  -0.00098383
 162    0.0002332  -0.00100879
 163    0.0002565  -0.00119334
 164    0.0002513  -0.00114599
 165    0.0002493  -0.00115013
 166    0.0002626  -0.00120687
 167    0.0000141  -0.00024362
 168    0.0000139  -0.00019554
 169    0.0000127  -0.00014515
 170    0.0000098  -0.00014411
 171    0.0000011  -0.00002473
 172    0.0000016  -0.00004371
 173    0.0000017  -0.00004490
 174    0.0000014  -0.00003816
 175    0.0000001  -0.00000320
 176    0.0000812  -0.00038216
 177    0.0002845  -0.00112263
 178    0.0002420  -0.00103183
 179    0.0002173  -0.00101904
 180    0.0000923  -0.00042911
 181    0.0003122  -0.00118735
 182    0.0002595  -0.00101890
 183    0.0003003  -0.00114485
 184    0.0000592  -0.00030227
 185    0.0001047  -0.00050531
 186    0.0000750  -0.00036686
 187    0.0000368  -0.00021480
 188    0.0002306  -0.00111756
 189    0.0001705  -0.00113371
 190    0.0002259  -0.00109439
 191    0.0002553  -0.00118357
 192    0.0000123  -0.00013896
 193    0.0000122  -0.00013927
 194    0.0000123  -0.00013566
 195    0.0000095  -0.00015827
 196    0.0000007  -0.00001411
 197    0.0000009  -0.00002207
 198    0.0000015  -0.00003876
 199    0.0000009  -0.00002258
 200    0.0000001  -0.00000258
 201    0.0000255  -0.00017396
 202    0.0000311  -0.00020639
 203    0.0000677  -0.00033607
 204    0.0000653  -0.00034266
 205    0.0000553  -0.00028507
 206    0.0000290  -0.00019571
 207    0.0000280  -0.00018943
 208    0.0000493  -0.00027284
 209    0.0000162  -0.00012199
 210    0.0000159  -0.00013171
 211    0.0000166  -0.00012322
 212    0.0000172  -0.00013786
 213    0.0000231  -0.00018641
 214    0.0000280  -0.00020152
 215    0.0000302  -0.00021833
 216    0.0000254  -0.00020544
 217    0.0000119  -0.00013813
 218    0.0000118  -0.00013317
 219    0.0000116  -0.00013365
 220    0.0000095  -0.00014653
 221    0.0000006  -0.00001361
 222    0.0000009  -0.00002295
 223    0.0000010  -0.00002390
 224    0.0000008  -0.00002048
 225    0.0000001  -0.00000260
 226    0.0000174  -0.00012930
 227    0.0000193  -0.00014725
 228    0.0000276  -0.00017799
 229    0.0000194  -0.00014026
 230    0.0000180  -0.00013473
 231    0.0000200  -0.00014597
 232    0.0000229  -0.00016403
 233    0.0000219  -0.00016517
 234    0.0000158  -0.00011864
 235    0.0000152  -0.00011925
 236    0.0000160  -0.00012107
 237    0.0000166  -0.00012449
 238    0.0000190  -0.00017093
 239    0.0000232  -0.00018434
 240    0.0000216  -0.00018187
 241    0.0000190  -0.00016480
 242    0.0000118  -0.00013736
 243    0.0000118  -0.00013295
 244    0.0000116  -0.00013159
 245    0.0000095  -0.00014205
 246    0.0000006  -0.00001335
 247    0.0000007  -0.00001568
 248    0.0000009  -0.00002166
 249    0.0000007  -0.00001694
 250    0.0000000  -0.00000213
 251    0.0000172  -0.00012634
 252    0.0000179  -0.00013667
 253    0.0000234  -0.00016286
 254    0.0000190  -0.00013781
 255    0.0000179  -0.00014109
 256    0.0000191  -0.00013947
 257    0.0000183  -0.00015414
 258    0.0000187  -0.00013976
 259    0.0000155  -0.00011736
 260    0.0000147  -0.00011678
 261    0.0000158  -0.00011809
 262    0.0000161  -0.00012029
 263    0.0000178  -0.00015444
 264    0.0000192  -0.00016448
 265    0.0000207  -0.00018225
 266    0.0000184  -0.00015698
 267    0.0000118  -0.00017638
 268    0.0000116  -0.00013177
 269    0.0000115  -0.00012882
 270    0.0000093  -0.00029303
 271    0.0000004  -0.00004807
 272    0.0000004  -0.00005083
 273    0.0000004  -0.00005145
 274    0.0000005  -0.00005056
 275    0.0000000  -0.00000202
 
----------------
 Final Energies 
----------------
Final NOF Total Energy =    -688.7272815
 
Total Orbital Internal Iterations = 770
Total Occupation Internal Iterations = 408
 
Elapsed time: 6240.42 Seconds

---------------------------------
   Lowdin Population Analysis    
---------------------------------
 Idx  Atom   Population   Charge 
---------------------------------
  1    Si    15.179      -1.179
  2     F     8.706       0.294
  3     F     8.706       0.294
  4     F     8.703       0.297
  5     F     8.706       0.294

---------------------------------
   M Diagnostic: 0.02
---------------------------------

Recovering execution output...
Moving from /scratch/pobleyef/284192 to /home-nas/pobleyef/Poison-NOF/ncwomax/P30-5/GNOF/arina.284192
mkdir -p /home-nas/pobleyef/Poison-NOF/ncwomax/P30-5/GNOF/arina.284192
mv /scratch/pobleyef/284192/* /home-nas/pobleyef/Poison-NOF/ncwomax/P30-5/GNOF/arina.284192
