G2RC_20_13
/software/eb2024/easybuild/software/common/software/Julia/1.11.3-linux-x86_64/bin/julia
Job runing on nagpu01
Choosing scratch ...
Automatic scratch folder selection
/scratch/pobleyef/168245
/scratch/pobleyef/168245 directory
cp G2RC_20_13.jl G2RC_20_13.jld2 to  /scratch/pobleyef/168245/.
Computing Integrals
Elapsed time:    3.71 Seconds

Number of basis functions                   (NBF)    = 117
Number of auxiliary basis functions         (NBFAUX) = 113
Inactive Doubly occupied orbitals up to     (NO1)    = 0
No. considered Strongly Doubly occupied MOs (NDOC)   = 5
No. considered Strongly Singly occupied MOs (NSOC)   = 0
NO. of Weakly occ. per St. Doubly occ.  MOs (NCWO)   = 22
Dimension of the Nat. Orb. subspace         (NBF5)   = 115
No. of electrons                                     = 10
    No. of alpha electrons                           = 5
    No. of beta electrons                            = 5
Multiplicity                                         = 1

Geometry
========
 O       0.0000000       0.0000000      -0.3906056
 H      -0.7620804       0.0000000       0.1953028
 H       0.7620804       0.0000000       0.1953028

No violations of the orthonormality
No violations of the orthonormality
 
PNOF8/ADABelief Calculation
==================
 
  Nitext  Nit_orb  Time   Nit_occ  Time         Eelec          Etot           Ediff      maxdiff    MaxGrad_orb  Grad_occ
     1      10    2.6e+01  116    2.1e+01   -85.23615679   -76.08108738 -10084.23615679   0.005486   2.2e-02   2.1e-04 0.02
     2      20    1.9e+01   26    3.2e-01   -85.49608349   -76.34101408    -0.25992670   0.458394   1.8e+00   2.5e-04 0.02
     3      20    1.9e+01   28    3.4e-01   -85.51398759   -76.35891819    -0.01790411   0.009706   3.9e-02   1.9e-04 0.02
     4      20    2.0e+01    0    5.7e-02   -85.51464795   -76.35957854    -0.00066036   0.009705   3.9e-02   1.9e-04 0.02
     5      40    4.0e+01   11    1.9e-01   -85.51812495   -76.36305554    -0.00347700   0.004429   1.8e-02   2.1e-04 0.02
     6      40    4.0e+01   16    2.3e-01   -85.51958562   -76.36451621    -0.00146067   0.002912   1.2e-02   2.0e-04 0.02
     7      40    3.9e+01    4    5.7e-02   -85.52046702   -76.36539761    -0.00088140   0.003170   1.3e-02   1.3e-04 0.02
     8      40    3.9e+01    4    8.9e-02   -85.52099128   -76.36592188    -0.00052427   0.002947   1.2e-02   1.9e-04 0.02
     9      40    3.9e+01    3    5.6e-02   -85.52128012   -76.36621072    -0.00028884   0.003643   1.5e-02   1.7e-04 0.02
    10      40    4.0e+01    5    1.1e-01   -85.52145787   -76.36638847    -0.00017775   0.004235   1.7e-02   1.6e-04 0.02
    11      40    3.8e+01    4    9.2e-02   -85.52159749   -76.36652809    -0.00013962   0.003416   1.4e-02   1.7e-04 0.02
    12      40    3.9e+01    5    6.7e-02   -85.52171356   -76.36664416    -0.00011607   0.003882   1.6e-02   1.2e-04 0.02
    13      40    3.8e+01    1    5.5e-02   -85.52182240   -76.36675300    -0.00010884   0.003415   1.4e-02   2.2e-04 0.02
    14      40    4.0e+01    7    1.9e-01   -85.52189401   -76.36682460    -0.00007160   0.003306   1.3e-02   1.2e-04 0.02
    15      40    3.9e+01    3    7.5e-02   -85.52201777   -76.36694836    -0.00012376   0.003292   1.3e-02   1.9e-04 0.02
    16      40    4.0e+01    5    1.3e-01   -85.52210877   -76.36703936    -0.00009100   0.003314   1.3e-02   1.3e-04 0.02
    17      40    3.9e+01    5    6.4e-02   -85.52222864   -76.36715923    -0.00011987   0.002182   8.7e-03   1.3e-04 0.02
    18      40    3.9e+01    5    1.1e-01   -85.52230524   -76.36723584    -0.00007660   0.002264   9.1e-03   1.2e-04 0.02
    19      40    3.9e+01    5    5.9e-02   -85.52239502   -76.36732561    -0.00008978   0.001719   6.9e-03   1.2e-04 0.02
    20      40    3.9e+01    5    1.0e-01   -85.52248079   -76.36741139    -0.00008577   0.001589   6.4e-03   1.1e-04 0.02
    21      40    3.8e+01    5    1.3e-01   -85.52255923   -76.36748982    -0.00007844   0.001419   5.7e-03   1.1e-04 0.02
    22      40    3.8e+01    4    9.2e-02   -85.52263921   -76.36756980    -0.00007998   0.001068   4.3e-03   1.5e-04 0.02
    23      40    3.8e+01    0    8.6e-02   -85.52270390   -76.36763450    -0.00006469   0.001436   5.7e-03   1.9e-04 0.02
    24      50    4.9e+01    4    1.3e-01   -85.52275397   -76.36768456    -0.00005007   0.000798   3.2e-03   1.1e-04 0.02
 
RESULTS OF THE OCCUPATION OPTIMIZATION
========================================
   1    1.9999847  -20.59458689
   2    1.9848640  -1.24647075
   3    1.9739028  -0.75683897
   4    1.9739324  -0.75444897
   5    1.9792518  -0.54864776
   6    0.0110685  -0.01888564
   7    0.0199936  -0.03144954
   8    0.0202341  -0.03164290
   9    0.0068967  -0.01907667
  10    0.0000137  -0.00055931
  11    0.0049981  -0.00992799
  12    0.0040270  -0.00843606
  13    0.0039855  -0.00834149
  14    0.0033855  -0.00861456
  15    0.0000003  -0.00003924
  16    0.0013209  -0.00480950
  17    0.0006888  -0.00189668
  18    0.0005938  -0.00180180
  19    0.0031723  -0.00837032
  20    0.0000003  -0.00000263
  21    0.0011607  -0.00348795
  22    0.0006236  -0.00195515
  23    0.0004357  -0.00123862
  24    0.0006141  -0.00210677
  25    0.0000003  -0.00000195
  26    0.0007000  -0.00360174
  27    0.0003685  -0.00115182
  28    0.0003135  -0.00095994
  29    0.0002855  -0.00127009
  30    0.0000001  -0.00000148
  31    0.0004632  -0.00147500
  32    0.0001353  -0.00046972
  33    0.0002362  -0.00080978
  34    0.0002418  -0.00090201
  35    0.0000001  -0.00000115
  36    0.0003221  -0.00095946
  37    0.0000748  -0.00026907
  38    0.0000890  -0.00039592
  39    0.0001827  -0.00158183
  40    0.0000001  -0.00000108
  41    0.0002643  -0.00088009
  42    0.0000410  -0.00016193
  43    0.0000728  -0.00029322
  44    0.0001150  -0.00074010
  45    0.0000001  -0.00000094
  46    0.0001035  -0.00037912
  47    0.0000307  -0.00013451
  48    0.0000479  -0.00016622
  49    0.0000402  -0.00019863
  50    0.0000000  -0.00000080
  51    0.0000916  -0.00033533
  52    0.0000159  -0.00010602
  53    0.0000217  -0.00011266
  54    0.0000371  -0.00017727
  55    0.0000000  -0.00000073
  56    0.0000599  -0.00026706
  57    0.0000151  -0.00009726
  58    0.0000197  -0.00011008
  59    0.0000304  -0.00016055
  60    0.0000000  -0.00000066
  61    0.0000486  -0.00017624
  62    0.0000101  -0.00005030
  63    0.0000113  -0.00004872
  64    0.0000247  -0.00014569
  65    0.0000000  -0.00000065
  66    0.0000422  -0.00016814
  67    0.0000080  -0.00004494
  68    0.0000066  -0.00003763
  69    0.0000194  -0.00009989
  70    0.0000000  -0.00000066
  71    0.0000216  -0.00010393
  72    0.0000075  -0.00003888
  73    0.0000065  -0.00002834
  74    0.0000176  -0.00010218
  75    0.0000000  -0.00000056
  76    0.0000212  -0.00011000
  77    0.0000072  -0.00003252
  78    0.0000042  -0.00001233
  79    0.0000144  -0.00007568
  80    0.0000000  -0.00000044
  81    0.0000201  -0.00010612
  82    0.0000065  -0.00002730
  83    0.0000040  -0.00001427
  84    0.0000138  -0.00007017
  85    0.0000000  -0.00000043
  86    0.0000139  -0.00006745
  87    0.0000033  -0.00001115
  88    0.0000037  -0.00001177
  89    0.0000121  -0.00006412
  90    0.0000000  -0.00000053
  91    0.0000112  -0.00005317
  92    0.0000026  -0.00000736
  93    0.0000035  -0.00001006
  94    0.0000096  -0.00005516
  95    0.0000000  -0.00000034
  96    0.0000054  -0.00002426
  97    0.0000025  -0.00000518
  98    0.0000026  -0.00000566
  99    0.0000086  -0.00004995
 100    0.0000000  -0.00000035
 101    0.0000043  -0.00001926
 102    0.0000022  -0.00000418
 103    0.0000017  -0.00000357
 104    0.0000069  -0.00004068
 105    0.0000000  -0.00000032
 106    0.0000037  -0.00001227
 107    0.0000020  -0.00000372
 108    0.0000017  -0.00000409
 109    0.0000050  -0.00002601
 110    0.0000000  -0.00000032
 111    0.0000033  -0.00001338
 112    0.0000014  -0.00000292
 113    0.0000014  -0.00000339
 114    0.0000024  -0.00000782
 115    0.0000000  -0.00000029
 
----------------
 Final Energies 
----------------
Final NOF Total Energy =     -76.3676846
 
Total Orbital Internal Iterations = 880
Total Occupation Internal Iterations = 271
 
Elapsed time:  910.85 Seconds

---------------------------------
   Lowdin Population Analysis    
---------------------------------
 Idx  Atom   Population   Charge 
---------------------------------
  1     O     7.351       0.649
  2     H     1.324      -0.324
  3     H     1.325      -0.325

---------------------------------
   M Diagnostic: 0.02
---------------------------------

Recovering execution output...
Moving from /scratch/pobleyef/168245 to /home-nas/pobleyef/Poison-Set/ncwomax/P30-5/GNOF/arina.168245
mkdir -p /home-nas/pobleyef/Poison-Set/ncwomax/P30-5/GNOF/arina.168245
mv /scratch/pobleyef/168245/* /home-nas/pobleyef/Poison-Set/ncwomax/P30-5/GNOF/arina.168245
