mg
/software/eb2024/easybuild/software/common/software/Julia/1.11.3-linux-x86_64/bin/julia
Job runing on nh002
Choosing scratch ...
Automatic scratch folder selection
/scratch/pobleyef/168252
/scratch/pobleyef/168252 directory
cp mg.jl mg.jld2 to  /scratch/pobleyef/168252/.
Computing Integrals
Elapsed time:    5.95 Seconds

Number of basis functions                   (NBF)    = 51
Number of auxiliary basis functions         (NBFAUX) = 112
Inactive Doubly occupied orbitals up to     (NO1)    = 0
No. considered Strongly Doubly occupied MOs (NDOC)   = 6
No. considered Strongly Singly occupied MOs (NSOC)   = 0
NO. of Weakly occ. per St. Doubly occ.  MOs (NCWO)   = 7
Dimension of the Nat. Orb. subspace         (NBF5)   = 48
No. of electrons                                     = 12
    No. of alpha electrons                           = 6
    No. of beta electrons                            = 6
Multiplicity                                         = 1

Geometry
========
Mg       0.0000000       0.0000000       0.0000000

No violations of the orthonormality
No violations of the orthonormality
 
PNOF8/ADABelief Calculation
==================
 
  Nitext  Nit_orb  Time   Nit_occ  Time         Eelec          Etot           Ediff      maxdiff    MaxGrad_orb  Grad_occ
     1      10    2.8e+01   61    3.3e+01  -199.58779522  -199.58779522 -10198.58779522   0.015267   4.1e-02   1.9e-04 0.02
     2      20    9.6e-02   25    4.0e-02  -199.83479451  -199.83479451    -0.24699929   0.022184   8.9e-02   1.7e-04 0.02
     3      20    6.9e-02   10    1.5e-02  -199.84959621  -199.84959621    -0.01480170   0.018036   7.2e-02   2.2e-04 0.02
     4      20    6.0e-02    7    1.3e-02  -199.85566442  -199.85566442    -0.00606821   0.022998   9.2e-02   2.6e-04 0.02
     5      20    7.8e-02   21    3.0e-02  -199.85903640  -199.85903640    -0.00337198   0.020462   8.2e-02   1.3e-04 0.02
     6      20    6.8e-02    7    9.9e-03  -199.86119258  -199.86119258    -0.00215618   0.017456   7.0e-02   1.7e-04 0.02
     7      20    7.6e-02    7    1.0e-02  -199.86193339  -199.86193339    -0.00074081   0.017565   7.0e-02   2.1e-04 0.02
     8      20    6.0e-02   11    1.8e-02  -199.86270277  -199.86270277    -0.00076937   0.021721   8.7e-02   1.4e-04 0.02
     9      20    6.0e-02    7    1.3e-02  -199.86367039  -199.86367039    -0.00096762   0.012195   4.9e-02   8.4e-05 0.02
    10      20    6.2e-02    6    1.2e-02  -199.86401890  -199.86401890    -0.00034851   0.011919   4.8e-02   1.6e-04 0.02
    11      20    6.4e-02    0    2.8e-03  -199.86403960  -199.86403960    -0.00002069   0.011919   4.8e-02   1.6e-04 0.02
    12      40    1.2e-01    0    2.4e-03  -199.86441345  -199.86441345    -0.00037385   0.001199   4.8e-03   1.9e-04 0.02
    13      50    1.5e-01    6    1.3e-02  -199.86444149  -199.86444149    -0.00002804   0.002396   9.6e-03   1.1e-04 0.02
    14      50    1.5e-01    0    2.6e-03  -199.86450273  -199.86450273    -0.00006124   0.001768   7.1e-03   1.9e-04 0.02
    15      60    1.8e-01    5    1.1e-02  -199.86453469  -199.86453469    -0.00003195   0.001048   4.2e-03   1.4e-04 0.02
    16      60    1.7e-01    1    3.4e-03  -199.86457908  -199.86457908    -0.00004439   0.001756   7.0e-03   1.6e-04 0.02
    17      60    1.8e-01    0    2.8e-03  -199.86459609  -199.86459609    -0.00001701   0.001580   6.3e-03   1.7e-04 0.02
    18      70    2.1e-01    8    1.6e-02  -199.86460028  -199.86460028    -0.00000420   0.001212   4.8e-03   1.8e-04 0.02
    19      70    2.0e-01    0    2.7e-03  -199.86466115  -199.86466115    -0.00006087   0.001159   4.6e-03   1.7e-04 0.02
    20      80    2.2e-01    0    7.0e-03  -199.86466693  -199.86466693    -0.00000577   0.000772   3.1e-03   2.0e-04 0.02
 
RESULTS OF THE OCCUPATION OPTIMIZATION
========================================
   1    1.9999969  -49.08050845
   2    1.9976567  -3.80013767
   3    1.9930682  -2.31149614
   4    1.9935452  -2.31139615
   5    1.9931276  -2.31080524
   6    1.9675100  -0.26442405
   7    0.0099621  -0.01166905
   8    0.0029217  -0.01423342
   9    0.0029755  -0.01430699
  10    0.0064802  -0.03125027
  11    0.0022802  -0.01363391
  12    0.0000029  -0.00005890
  13    0.0099561  -0.01167631
  14    0.0028934  -0.01419371
  15    0.0029351  -0.01426315
  16    0.0002025  -0.00089550
  17    0.0000208  -0.00015776
  18    0.0000000  -0.00000044
  19    0.0099341  -0.01173160
  20    0.0004993  -0.00683529
  21    0.0002120  -0.00091369
  22    0.0001795  -0.00075815
  23    0.0000154  -0.00079580
  24    0.0000000  -0.00000043
  25    0.0011665  -0.00149805
  26    0.0003446  -0.00109682
  27    0.0002118  -0.00091511
  28    0.0000410  -0.00013092
  29    0.0000103  -0.00010336
  30    0.0000000  -0.00000038
  31    0.0011640  -0.00149859
  32    0.0001964  -0.00088108
  33    0.0000859  -0.00204324
  34    0.0000102  -0.00002339
  35    0.0000069  -0.00012500
  36    0.0000000  -0.00000038
  37    0.0001721  -0.00019198
  38    0.0000087  -0.00002209
  39    0.0000210  -0.00009598
  40    0.0000092  -0.00002166
  41    0.0000051  -0.00003655
  42    0.0000000  -0.00000037
  43    0.0001352  -0.00017483
  44    0.0000084  -0.00002173
  45    0.0000134  -0.00003125
  46    0.0000092  -0.00002167
  47    0.0000048  -0.00001602
  48    0.0000000  -0.00000025
 
----------------
 Final Energies 
----------------
Final NOF Total Energy =    -199.8646669
 
Total Orbital Internal Iterations = 750
Total Occupation Internal Iterations = 182
 
Elapsed time:   80.92 Seconds

---------------------------------
   Lowdin Population Analysis    
---------------------------------
 Idx  Atom   Population   Charge 
---------------------------------
  1    Mg    12.000      -0.000

---------------------------------
   M Diagnostic: 0.02
---------------------------------

Recovering execution output...
Moving from /scratch/pobleyef/168252 to /home-nas/pobleyef/Poison-Set/ncwomax/P30-5/GNOF/arina.168252
mkdir -p /home-nas/pobleyef/Poison-Set/ncwomax/P30-5/GNOF/arina.168252
mv /scratch/pobleyef/168252/* /home-nas/pobleyef/Poison-Set/ncwomax/P30-5/GNOF/arina.168252
