n
/software/eb2024/easybuild/software/common/software/Julia/1.11.3-linux-x86_64/bin/julia
Job runing on nh003
Choosing scratch ...
Automatic scratch folder selection
/scratch/pobleyef/168253
/scratch/pobleyef/168253 directory
cp n.jl n.jld2 to  /scratch/pobleyef/168253/.
Computing Integrals
Elapsed time:    6.01 Seconds

Number of basis functions                   (NBF)    = 57
Number of auxiliary basis functions         (NBFAUX) = 77
Inactive Doubly occupied orbitals up to     (NO1)    = 0
No. considered Strongly Doubly occupied MOs (NDOC)   = 2
No. considered Strongly Singly occupied MOs (NSOC)   = 3
NO. of Weakly occ. per St. Doubly occ.  MOs (NCWO)   = 26
Dimension of the Nat. Orb. subspace         (NBF5)   = 57
No. of electrons                                     = 7
    No. of alpha electrons                           = 5
    No. of beta electrons                            = 2
Multiplicity                                         = 4

Geometry
========
 N       0.0000000       0.0000000       0.0000000

No violations of the orthonormality
No violations of the orthonormality
 
PNOF8/ADABelief Calculation
==================
 
  Nitext  Nit_orb  Time   Nit_occ  Time         Eelec          Etot           Ediff      maxdiff    MaxGrad_orb  Grad_occ
     1      10    2.7e+01   34    3.4e+01   -54.40913283   -54.40913283 -10053.40913283   0.006677   2.7e-02   1.2e-04 0.02
     2      20    8.7e-02   17    5.0e-02   -54.51303930   -54.51303930    -0.10390648   0.146664   5.9e-01   1.5e-04 0.02
     3      20    7.0e-02   29    7.7e-02   -54.52756233   -54.52756233    -0.01452302   0.023576   9.4e-02   1.4e-04 0.02
     4      20    7.4e-02   26    7.3e-02   -54.53324178   -54.53324178    -0.00567945   0.010323   4.1e-02   1.6e-04 0.02
     5      20    6.7e-02   22    6.4e-02   -54.53591115   -54.53591115    -0.00266937   0.008068   3.2e-02   8.0e-05 0.02
     6      20    7.2e-02    9    3.3e-02   -54.53746644   -54.53746644    -0.00155530   0.012346   4.9e-02   1.9e-04 0.02
     7      20    1.9e-01    2    9.3e-03   -54.53816413   -54.53816413    -0.00069769   0.008897   3.6e-02   1.9e-04 0.02
     8      20    6.9e-02    0    4.1e-03   -54.53840447   -54.53840447    -0.00024034   0.011419   4.6e-02   2.1e-04 0.02
     9      30    9.3e-02   11    3.7e-02   -54.53861307   -54.53861307    -0.00020860   0.006965   2.8e-02   8.7e-05 0.02
    10      30    1.0e-01    0    6.6e-03   -54.53879325   -54.53879325    -0.00018018   0.002545   1.0e-02   1.3e-04 0.02
    11      40    1.3e-01    0    8.9e-03   -54.53879325   -54.53879325     0.00000000   0.002545   1.0e-02   1.3e-04 0.02
    12      60    2.1e-01    1    1.0e-02   -54.53885535   -54.53885535    -0.00006210   0.000497   2.0e-03   1.2e-04 0.02
 
RESULTS OF THE OCCUPATION OPTIMIZATION
========================================
   1    1.9997371  -15.64884847
   2    1.9671692  -0.97026901
   3    1.0000000  -0.30174834
   4    1.0000000  -0.30174013
   5    1.0000000  -0.30174008
   6    0.0071238  -0.01510179
   7    0.0002120  -0.00551363
   8    0.0039333  -0.00661936
   9    0.0000091  -0.00034447
  10    0.0039304  -0.00661682
  11    0.0000054  -0.00006793
  12    0.0039068  -0.00660324
  13    0.0000041  -0.00005636
  14    0.0022579  -0.00402351
  15    0.0000026  -0.00004332
  16    0.0022510  -0.00401648
  17    0.0000022  -0.00004043
  18    0.0022481  -0.00401879
  19    0.0000021  -0.00003867
  20    0.0022381  -0.00401221
  21    0.0000020  -0.00003820
  22    0.0022129  -0.00400437
  23    0.0000018  -0.00003614
  24    0.0003854  -0.00095024
  25    0.0000017  -0.00003571
  26    0.0003652  -0.00093586
  27    0.0000017  -0.00003588
  28    0.0003567  -0.00092861
  29    0.0000017  -0.00003566
  30    0.0001577  -0.00043404
  31    0.0000016  -0.00003465
  32    0.0001575  -0.00043302
  33    0.0000016  -0.00003458
  34    0.0001571  -0.00043362
  35    0.0000015  -0.00003363
  36    0.0001569  -0.00043354
  37    0.0000015  -0.00003296
  38    0.0001565  -0.00043188
  39    0.0000013  -0.00003167
  40    0.0001565  -0.00043217
  41    0.0000013  -0.00003137
  42    0.0001537  -0.00042899
  43    0.0000013  -0.00003092
  44    0.0001160  -0.00031545
  45    0.0000012  -0.00002922
  46    0.0001131  -0.00031472
  47    0.0000012  -0.00002617
  48    0.0001052  -0.00031224
  49    0.0000010  -0.00003972
  50    0.0000923  -0.00030422
  51    0.0000008  -0.00000538
  52    0.0000693  -0.00028359
  53    0.0000008  -0.00000513
  54    0.0000149  -0.00005108
  55    0.0000008  -0.00000505
  56    0.0000143  -0.00005100
  57    0.0000004  -0.00002644
 
----------------
 Final Energies 
----------------
Final NOF Total Energy =     -54.5388553
 
Total Orbital Internal Iterations = 310
Total Occupation Internal Iterations = 151
 
Elapsed time:   81.80 Seconds

---------------------------------
   Lowdin Population Analysis    
---------------------------------
 Idx  Atom   Population   Charge 
---------------------------------
  1     N     7.000       0.000

---------------------------------
   M Diagnostic: 0.02
---------------------------------

Recovering execution output...
Moving from /scratch/pobleyef/168253 to /home-nas/pobleyef/Poison-Set/ncwomax/P30-5/GNOF/arina.168253
mkdir -p /home-nas/pobleyef/Poison-Set/ncwomax/P30-5/GNOF/arina.168253
mv /scratch/pobleyef/168253/* /home-nas/pobleyef/Poison-Set/ncwomax/P30-5/GNOF/arina.168253
