o
/software/eb2024/easybuild/software/common/software/Julia/1.11.3-linux-x86_64/bin/julia
Job runing on na17
Choosing scratch ...
Automatic scratch folder selection
/scratch/pobleyef/185746
/scratch/pobleyef/185746 directory
cp o.jl o.jld2 to  /scratch/pobleyef/185746/.
Computing Integrals
Elapsed time:    3.60 Seconds

Number of basis functions                   (NBF)    = 57
Number of auxiliary basis functions         (NBFAUX) = 77
Inactive Doubly occupied orbitals up to     (NO1)    = 0
No. considered Strongly Doubly occupied MOs (NDOC)   = 3
No. considered Strongly Singly occupied MOs (NSOC)   = 2
NO. of Weakly occ. per St. Doubly occ.  MOs (NCWO)   = 17
Dimension of the Nat. Orb. subspace         (NBF5)   = 56
No. of electrons                                     = 8
    No. of alpha electrons                           = 5
    No. of beta electrons                            = 3
Multiplicity                                         = 3

Geometry
========
 O       0.0000000       0.0000000       0.0000000

No violations of the orthonormality
No violations of the orthonormality
 
PNOF8/ADABelief Calculation
==================
 
  Nitext  Nit_orb  Time   Nit_occ  Time         Eelec          Etot           Ediff      maxdiff    MaxGrad_orb  Grad_occ
     1      10    1.6e+01   24    2.0e+01   -75.00707857   -75.00707857 -10074.00707857   0.001882   7.5e-03   1.6e-04 0.02
     2      20    4.0e-02    0    1.2e-03   -75.00773032   -75.00773032    -0.00065175   0.001882   7.5e-03   1.6e-04 0.02
     3      40    4.5e-02    3    5.6e-03   -75.00804954   -75.00804954    -0.00031922   0.003101   1.2e-02   1.2e-04 0.02
     4      40    4.7e-02    1    2.1e-03   -75.00817255   -75.00817255    -0.00012301   0.002271   9.1e-03   2.0e-04 0.02
     5      40    4.7e-02    3    4.6e-03   -75.00821763   -75.00821763    -0.00004508   0.002996   1.2e-02   1.4e-04 0.02
     6      40    4.5e-02    3    6.2e-03   -75.00827639   -75.00827639    -0.00005876   0.002614   1.0e-02   1.3e-04 0.02
     7      40    5.5e-02    1    2.6e-03   -75.00830456   -75.00830456    -0.00002817   0.002492   1.0e-02   1.7e-04 0.02
     8      40    5.0e-02    2    3.3e-03   -75.00832035   -75.00832035    -0.00001579   0.002596   1.0e-02   1.6e-04 0.02
     9      40    4.6e-02    1    3.5e-03   -75.00836851   -75.00836851    -0.00004816   0.001037   4.1e-03   1.6e-04 0.02
    10      40    4.9e-02    0    3.6e-03   -75.00836978   -75.00836978    -0.00000126   0.001037   4.1e-03   1.6e-04 0.02
    11      51    7.0e-02    1    2.8e-03   -75.00837928   -75.00837928    -0.00000950   0.000497   2.0e-03   1.9e-04 0.02
 
RESULTS OF THE OCCUPATION OPTIMIZATION
========================================
   1    1.9999393  -20.70417173
   2    1.9759184  -1.08704458
   3    1.9777476  -0.79131015
   4    1.0000000  -0.37524780
   5    1.0000000  -0.37501742
   6    0.0109951  -0.01983856
   7    0.0086092  -0.01915232
   8    0.0000339  -0.00135140
   9    0.0045400  -0.00885423
  10    0.0037310  -0.00821900
  11    0.0000029  -0.00006227
  12    0.0041004  -0.00839803
  13    0.0029934  -0.00690201
  14    0.0000023  -0.00005579
  15    0.0006112  -0.00446012
  16    0.0028495  -0.00664642
  17    0.0000021  -0.00005170
  18    0.0004325  -0.00124752
  19    0.0019710  -0.00461053
  20    0.0000021  -0.00005149
  21    0.0002757  -0.00087075
  22    0.0019624  -0.00460176
  23    0.0000020  -0.00004780
  24    0.0002424  -0.00080174
  25    0.0006618  -0.00320839
  26    0.0000018  -0.00004392
  27    0.0002235  -0.00073882
  28    0.0003486  -0.00115816
  29    0.0000018  -0.00004398
  30    0.0002231  -0.00074223
  31    0.0002251  -0.00076210
  32    0.0000017  -0.00004384
  33    0.0002136  -0.00073550
  34    0.0002168  -0.00074714
  35    0.0000017  -0.00004833
  36    0.0001654  -0.00055405
  37    0.0001987  -0.00065819
  38    0.0000016  -0.00004936
  39    0.0001458  -0.00052322
  40    0.0001322  -0.00046420
  41    0.0000016  -0.00005437
  42    0.0000183  -0.00010530
  43    0.0001207  -0.00043885
  44    0.0000015  -0.00003649
  45    0.0000173  -0.00009710
  46    0.0000179  -0.00010167
  47    0.0000015  -0.00003669
  48    0.0000163  -0.00009357
  49    0.0000154  -0.00009813
  50    0.0000011  -0.00001258
  51    0.0000162  -0.00009142
  52    0.0000143  -0.00009182
  53    0.0000007  -0.00000566
  54    0.0000157  -0.00008543
  55    0.0000136  -0.00007879
  56    0.0000003  -0.00002907
 
----------------
 Final Energies 
----------------
Final NOF Total Energy =     -75.0083793
 
Total Orbital Internal Iterations = 401
Total Occupation Internal Iterations = 39
 
Elapsed time:   48.25 Seconds

---------------------------------
   Lowdin Population Analysis    
---------------------------------
 Idx  Atom   Population   Charge 
---------------------------------
  1     O     8.000       0.000

---------------------------------
   M Diagnostic: 0.02
---------------------------------

Recovering execution output...
Moving from /scratch/pobleyef/185746 to /home-nas/pobleyef/Poison-NOF/ncwomax/P30-5/GNOF/arina.185746
mkdir -p /home-nas/pobleyef/Poison-NOF/ncwomax/P30-5/GNOF/arina.185746
mv /scratch/pobleyef/185746/* /home-nas/pobleyef/Poison-NOF/ncwomax/P30-5/GNOF/arina.185746
