SIE4x4-he2+_1.0
/software/eb2024/easybuild/software/common/software/Julia/1.11.3-linux-x86_64/bin/julia
Job runing on na18
Choosing scratch ...
Automatic scratch folder selection
/scratch/pobleyef/284197
/scratch/pobleyef/284197 directory
cp SIE4x4-he2+_1.0.jl SIE4x4-he2+_1.0.jld2 to  /scratch/pobleyef/284197/.
Computing Integrals
Basis Set                                            = def2-qzvp
Auxiliary Basis Set                                  = def2-universal-jkfit
Gaussian Type                                        = Spherical
Elapsed time:    2.02 Seconds

Number of basis functions                   (NBF)    = 60
Number of auxiliary basis functions         (NBFAUX) = 46
Inactive Doubly occupied orbitals up to     (NO1)    = 0
No. considered Strongly Doubly occupied MOs (NDOC)   = 1
No. considered Strongly Singly occupied MOs (NSOC)   = 1
NO. of Weakly occ. per St. Doubly occ.  MOs (NCWO)   = 58
Dimension of the Nat. Orb. subspace         (NBF5)   = 60
No. of electrons                                     = 3
    No. of alpha electrons                           = 2
    No. of beta electrons                            = 1
Multiplicity                                         = 2

Geometry
========
He       0.0000000       0.0000000      -0.5371019
He       0.0000000       0.0000000       0.5371019

No violations of the orthonormality
No violations of the orthonormality
 
PNOF8/ADABelief Calculation
==================
 
  Nitext  Nit_orb  Time   Nit_occ  Time         Eelec          Etot           Ediff      maxdiff    MaxGrad_orb  Grad_occ
     1      10    1.6e+01    5    2.0e+01    -6.94584695    -4.97535996 -10005.94584695   0.021512   8.6e-02   1.6e-04 0.01
     2      10    5.2e-02    6    1.7e-02    -6.94789821    -4.97741121    -0.00205126   0.018654   7.5e-02   1.1e-04 0.01
     3      10    1.9e-02    1    3.9e-03    -6.94825255    -4.97776556    -0.00035435   0.024083   9.6e-02   1.4e-04 0.01
     4      10    1.4e-02    0    4.3e-03    -6.94825651    -4.97776951    -0.00000396   0.024083   9.6e-02   1.4e-04 0.01
     5      16    2.4e-02    4    1.1e-02    -6.94919882    -4.97871182    -0.00094231   0.000383   1.5e-03   1.1e-04 0.01
 
RESULTS OF THE OCCUPATION OPTIMIZATION
========================================
   1    1.9818806  -1.68816403
   2    1.0000000  -0.75495873
   3    0.0045953  -0.00770921
   4    0.0026817  -0.00415258
   5    0.0026731  -0.00414863
   6    0.0026696  -0.00436996
   7    0.0023867  -0.00428716
   8    0.0010074  -0.00210042
   9    0.0009999  -0.00209733
  10    0.0003215  -0.00094918
  11    0.0001109  -0.00035072
  12    0.0000783  -0.00029179
  13    0.0000671  -0.00025497
  14    0.0000670  -0.00024662
  15    0.0000489  -0.00017875
  16    0.0000469  -0.00016693
  17    0.0000406  -0.00014302
  18    0.0000397  -0.00014694
  19    0.0000317  -0.00013135
  20    0.0000296  -0.00012391
  21    0.0000266  -0.00012321
  22    0.0000254  -0.00013528
  23    0.0000216  -0.00010740
  24    0.0000209  -0.00010430
  25    0.0000199  -0.00009879
  26    0.0000147  -0.00007568
  27    0.0000134  -0.00007763
  28    0.0000113  -0.00006073
  29    0.0000104  -0.00004340
  30    0.0000064  -0.00004441
  31    0.0000048  -0.00003972
  32    0.0000046  -0.00003816
  33    0.0000044  -0.00003587
  34    0.0000043  -0.00003383
  35    0.0000040  -0.00003187
  36    0.0000025  -0.00002513
  37    0.0000025  -0.00002145
  38    0.0000025  -0.00002539
  39    0.0000025  -0.00002327
  40    0.0000023  -0.00001902
  41    0.0000022  -0.00001739
  42    0.0000018  -0.00001628
  43    0.0000017  -0.00001374
  44    0.0000015  -0.00000963
  45    0.0000013  -0.00000886
  46    0.0000012  0.00000057
  47    0.0000011  0.00000635
  48    0.0000009  0.00000500
  49    0.0000007  0.00000451
  50    0.0000007  0.00000405
  51    0.0000006  0.00000502
  52    0.0000006  0.00000502
  53    0.0000005  0.00000493
  54    0.0000005  0.00000493
  55    0.0000005  0.00000482
  56    0.0000005  0.00000482
  57    0.0000005  0.00000482
  58    0.0000005  0.00000482
  59    0.0000005  0.00000469
  60    0.0000005  0.00000469
 
----------------
 Final Energies 
----------------
Final NOF Total Energy =      -4.9787118
 
Total Orbital Internal Iterations = 56
Total Occupation Internal Iterations = 16
 
Elapsed time:   47.51 Seconds

---------------------------------
   Lowdin Population Analysis    
---------------------------------
 Idx  Atom   Population   Charge 
---------------------------------
  1    He     1.500       0.500
  2    He     1.500       0.500

---------------------------------
   M Diagnostic: 0.01
---------------------------------

Recovering execution output...
Moving from /scratch/pobleyef/284197 to /home-nas/pobleyef/Poison-NOF/ncwomax/P30-5/GNOF/arina.284197
mkdir -p /home-nas/pobleyef/Poison-NOF/ncwomax/P30-5/GNOF/arina.284197
mv /scratch/pobleyef/284197/* /home-nas/pobleyef/Poison-NOF/ncwomax/P30-5/GNOF/arina.284197
