SIE4x4_5_he2+_1.25
/software/eb2024/easybuild/software/common/software/Julia/1.11.3-linux-x86_64/bin/julia
Job runing on na18
Choosing scratch ...
Automatic scratch folder selection
/scratch/pobleyef/185752
/scratch/pobleyef/185752 directory
cp SIE4x4_5_he2+_1.25.jl SIE4x4_5_he2+_1.25.jld2 to  /scratch/pobleyef/185752/.
Computing Integrals
Elapsed time:    3.29 Seconds

Number of basis functions                   (NBF)    = 60
Number of auxiliary basis functions         (NBFAUX) = 46
Inactive Doubly occupied orbitals up to     (NO1)    = 0
No. considered Strongly Doubly occupied MOs (NDOC)   = 1
No. considered Strongly Singly occupied MOs (NSOC)   = 1
NO. of Weakly occ. per St. Doubly occ.  MOs (NCWO)   = 58
Dimension of the Nat. Orb. subspace         (NBF5)   = 60
No. of electrons                                     = 3
    No. of alpha electrons                           = 2
    No. of beta electrons                            = 1
Multiplicity                                         = 2

Geometry
========
He       0.0000000       0.0000000      -0.6713773
He       0.0000000       0.0000000       0.6713773

No violations of the orthonormality
No violations of the orthonormality
 
PNOF8/ADABelief Calculation
==================
 
  Nitext  Nit_orb  Time   Nit_occ  Time         Eelec          Etot           Ediff      maxdiff    MaxGrad_orb  Grad_occ
     1      10    1.6e+01    8    2.0e+01    -6.53606433    -4.95967472 -10005.53606433   0.003949   1.6e-02   1.1e-04 0.01
     2      18    4.0e-02    1    4.1e-03    -6.53691286    -4.96052324    -0.00084853   0.000438   1.8e-03   1.9e-04 0.01
 
RESULTS OF THE OCCUPATION OPTIMIZATION
========================================
   1    1.9792501  -1.55142797
   2    1.0000000  -0.78917766
   3    0.0070388  -0.00954087
   4    0.0025397  -0.00373791
   5    0.0024098  -0.00382496
   6    0.0023748  -0.00339216
   7    0.0023720  -0.00338936
   8    0.0012197  -0.00223019
   9    0.0012168  -0.00222841
  10    0.0005822  -0.00141133
  11    0.0001393  -0.00030275
  12    0.0001077  -0.00024709
  13    0.0001042  -0.00029687
  14    0.0001033  -0.00029052
  15    0.0000637  -0.00022666
  16    0.0000564  -0.00019002
  17    0.0000472  -0.00015684
  18    0.0000433  -0.00013456
  19    0.0000370  -0.00012593
  20    0.0000349  -0.00012168
  21    0.0000339  -0.00012084
  22    0.0000294  -0.00010825
  23    0.0000264  -0.00010575
  24    0.0000226  -0.00010010
  25    0.0000221  -0.00009953
  26    0.0000174  -0.00009574
  27    0.0000160  -0.00009252
  28    0.0000124  -0.00006316
  29    0.0000123  -0.00005448
  30    0.0000072  -0.00005015
  31    0.0000055  -0.00004357
  32    0.0000052  -0.00004295
  33    0.0000050  -0.00003591
  34    0.0000047  -0.00003473
  35    0.0000041  -0.00002720
  36    0.0000039  -0.00003112
  37    0.0000031  -0.00002573
  38    0.0000029  -0.00002510
  39    0.0000029  -0.00002488
  40    0.0000028  -0.00002301
  41    0.0000027  -0.00002267
  42    0.0000026  -0.00001920
  43    0.0000026  -0.00001794
  44    0.0000024  -0.00001518
  45    0.0000024  -0.00001569
  46    0.0000018  -0.00000425
  47    0.0000004  0.00000345
  48    0.0000004  0.00000377
  49    0.0000004  0.00000331
  50    0.0000004  0.00000334
  51    0.0000003  0.00000339
  52    0.0000003  0.00000339
  53    0.0000003  0.00000345
  54    0.0000003  0.00000346
  55    0.0000003  0.00000336
  56    0.0000003  0.00000336
  57    0.0000003  0.00000335
  58    0.0000003  0.00000334
  59    0.0000003  0.00000340
  60    0.0000003  0.00000340
 
----------------
 Final Energies 
----------------
Final NOF Total Energy =      -4.9605232
 
Total Orbital Internal Iterations = 28
Total Occupation Internal Iterations = 9
 
Elapsed time:   46.93 Seconds

---------------------------------
   Lowdin Population Analysis    
---------------------------------
 Idx  Atom   Population   Charge 
---------------------------------
  1    He     1.500       0.500
  2    He     1.500       0.500

---------------------------------
   M Diagnostic: 0.01
---------------------------------

Recovering execution output...
Moving from /scratch/pobleyef/185752 to /home-nas/pobleyef/Poison-NOF/ncwomax/P30-5/GNOF/arina.185752
mkdir -p /home-nas/pobleyef/Poison-NOF/ncwomax/P30-5/GNOF/arina.185752
mv /scratch/pobleyef/185752/* /home-nas/pobleyef/Poison-NOF/ncwomax/P30-5/GNOF/arina.185752
