SIE4x4_4_he2+_1.0
/software/eb2024/easybuild/software/common/software/Julia/1.11.3-linux-x86_64/bin/julia
Job runing on na07
Choosing scratch ...
Automatic scratch folder selection
/scratch/pobleyef/168259
/scratch/pobleyef/168259 directory
cp SIE4x4_4_he2+_1.0.jl SIE4x4_4_he2+_1.0.jld2 to  /scratch/pobleyef/168259/.
Computing Integrals
Elapsed time:    4.86 Seconds

Number of basis functions                   (NBF)    = 60
Number of auxiliary basis functions         (NBFAUX) = 46
Inactive Doubly occupied orbitals up to     (NO1)    = 0
No. considered Strongly Doubly occupied MOs (NDOC)   = 1
No. considered Strongly Singly occupied MOs (NSOC)   = 1
NO. of Weakly occ. per St. Doubly occ.  MOs (NCWO)   = 58
Dimension of the Nat. Orb. subspace         (NBF5)   = 60
No. of electrons                                     = 3
    No. of alpha electrons                           = 2
    No. of beta electrons                            = 1
Multiplicity                                         = 2

Geometry
========
He       0.0000000       0.0000000      -0.5371019
He       0.0000000       0.0000000       0.5371019

No violations of the orthonormality
No violations of the orthonormality
 
PNOF8/ADABelief Calculation
==================
 
  Nitext  Nit_orb  Time   Nit_occ  Time         Eelec          Etot           Ediff      maxdiff    MaxGrad_orb  Grad_occ
     1      10    1.9e+01   24    2.6e+01    -6.90483302    -4.93434602 -10005.90483302   0.002856   1.1e-02   1.7e-04 0.01
     2      20    9.3e-02   11    3.2e-02    -6.94276183    -4.97227483    -0.03792881   0.001228   4.9e-03   1.7e-04 0.01
     3      20    7.4e-02    5    1.9e-02    -6.94661020    -4.97612320    -0.00384837   0.000849   3.4e-03   1.3e-04 0.01
 
RESULTS OF THE OCCUPATION OPTIMIZATION
========================================
   1    1.9812360  -1.68651635
   2    1.0000000  -0.75460424
   3    0.0046411  -0.00774505
   4    0.0030056  -0.00421601
   5    0.0026109  -0.00420411
   6    0.0025173  -0.00403719
   7    0.0024692  -0.00381366
   8    0.0010905  -0.00191962
   9    0.0010419  -0.00191087
  10    0.0002180  -0.00060536
  11    0.0001999  -0.00053415
  12    0.0001308  -0.00039359
  13    0.0001108  -0.00037651
  14    0.0000874  -0.00029201
  15    0.0000870  -0.00028900
  16    0.0000707  -0.00023333
  17    0.0000644  -0.00017468
  18    0.0000635  -0.00019601
  19    0.0000420  -0.00017150
  20    0.0000326  -0.00011190
  21    0.0000310  -0.00013875
  22    0.0000274  -0.00013291
  23    0.0000255  -0.00010026
  24    0.0000228  -0.00008381
  25    0.0000209  -0.00008643
  26    0.0000168  -0.00008641
  27    0.0000161  -0.00007821
  28    0.0000121  -0.00006377
  29    0.0000120  -0.00006142
  30    0.0000077  -0.00003821
  31    0.0000071  -0.00006401
  32    0.0000069  -0.00005923
  33    0.0000066  -0.00005661
  34    0.0000066  -0.00005751
  35    0.0000061  -0.00005236
  36    0.0000041  -0.00003472
  37    0.0000041  -0.00003403
  38    0.0000040  -0.00003282
  39    0.0000040  -0.00003270
  40    0.0000037  -0.00002829
  41    0.0000037  -0.00002426
  42    0.0000033  -0.00002815
  43    0.0000033  -0.00002208
  44    0.0000027  -0.00001954
  45    0.0000027  -0.00001871
  46    0.0000026  -0.00001505
  47    0.0000020  0.00000682
  48    0.0000019  0.00000839
  49    0.0000012  0.00000708
  50    0.0000012  0.00000718
  51    0.0000011  0.00000789
  52    0.0000011  0.00000788
  53    0.0000010  0.00000780
  54    0.0000010  0.00000790
  55    0.0000010  0.00000788
  56    0.0000010  0.00000788
  57    0.0000010  0.00000776
  58    0.0000010  0.00000776
  59    0.0000009  0.00000776
  60    0.0000009  0.00000775
 
----------------
 Final Energies 
----------------
Final NOF Total Energy =      -4.9761232
 
Total Orbital Internal Iterations = 50
Total Occupation Internal Iterations = 40
 
Elapsed time:   59.01 Seconds

---------------------------------
   Lowdin Population Analysis    
---------------------------------
 Idx  Atom   Population   Charge 
---------------------------------
  1    He     1.501       0.499
  2    He     1.499       0.501

---------------------------------
   M Diagnostic: 0.01
---------------------------------

Recovering execution output...
Moving from /scratch/pobleyef/168259 to /home-nas/pobleyef/Poison-Set/ncwomax/P30-5/GNOF/arina.168259
mkdir -p /home-nas/pobleyef/Poison-Set/ncwomax/P30-5/GNOF/arina.168259
mv /scratch/pobleyef/168259/* /home-nas/pobleyef/Poison-Set/ncwomax/P30-5/GNOF/arina.168259
