Computing Integrals
Basis Set                                            = def2-qzvp
Auxiliary Basis Set                                  = def2-universal-jkfit
Gaussian Type                                        = Spherical
Elapsed time:    2.30 Seconds

Number of basis functions                   (NBF)    = 60
Number of auxiliary basis functions         (NBFAUX) = 46
Inactive Doubly occupied orbitals up to     (NO1)    = 0
No. considered Strongly Doubly occupied MOs (NDOC)   = 1
No. considered Strongly Singly occupied MOs (NSOC)   = 1
NO. of Weakly occ. per St. Doubly occ.  MOs (NCWO)   = 58
Dimension of the Nat. Orb. subspace         (NBF5)   = 60
No. of electrons                                     = 3
    No. of alpha electrons                           = 2
    No. of beta electrons                            = 1
Multiplicity                                         = 2

Geometry
========
He       0.0000000       0.0000000      -0.6713773
He       0.0000000       0.0000000       0.6713773

No violations of the orthonormality
No violations of the orthonormality
 
PNOF8/ADABelief Calculation
==================
 
  Nitext  Nit_orb  Time   Nit_occ  Time         Eelec          Etot           Ediff      maxdiff    MaxGrad_orb  Grad_occ
     1      10    1.9e+01    0    2.3e+01    -6.53702705    -4.96063743 -10005.53702705   0.000496   2.0e-03   1.1e-04 0.01
 
RESULTS OF THE OCCUPATION OPTIMIZATION
========================================
   1    1.9794928  -1.55149317
   2    1.0000000  -0.78912038
   3    0.0071924  -0.00963350
   4    0.0024697  -0.00373176
   5    0.0023205  -0.00337287
   6    0.0023098  -0.00336939
   7    0.0023022  -0.00376045
   8    0.0012416  -0.00224853
   9    0.0012368  -0.00224587
  10    0.0005889  -0.00141673
  11    0.0000973  -0.00028745
  12    0.0000921  -0.00026396
  13    0.0000845  -0.00027789
  14    0.0000806  -0.00023964
  15    0.0000548  -0.00025790
  16    0.0000483  -0.00014901
  17    0.0000411  -0.00015316
  18    0.0000406  -0.00013747
  19    0.0000346  -0.00012747
  20    0.0000335  -0.00012303
  21    0.0000299  -0.00011946
  22    0.0000263  -0.00010676
  23    0.0000247  -0.00010542
  24    0.0000216  -0.00009954
  25    0.0000200  -0.00009830
  26    0.0000153  -0.00009444
  27    0.0000139  -0.00008872
  28    0.0000126  -0.00007826
  29    0.0000104  -0.00002946
  30    0.0000061  -0.00002824
  31    0.0000055  -0.00004098
  32    0.0000051  -0.00004043
  33    0.0000048  -0.00003155
  34    0.0000047  -0.00003183
  35    0.0000041  -0.00002796
  36    0.0000035  -0.00002749
  37    0.0000031  -0.00002347
  38    0.0000028  -0.00002285
  39    0.0000028  -0.00002241
  40    0.0000027  -0.00002164
  41    0.0000027  -0.00002124
  42    0.0000025  -0.00001780
  43    0.0000025  -0.00001889
  44    0.0000023  -0.00001441
  45    0.0000023  -0.00001346
  46    0.0000019  -0.00000507
  47    0.0000003  0.00000280
  48    0.0000003  0.00000308
  49    0.0000003  0.00000272
  50    0.0000003  0.00000275
  51    0.0000003  0.00000283
  52    0.0000003  0.00000284
  53    0.0000003  0.00000275
  54    0.0000003  0.00000275
  55    0.0000003  0.00000274
  56    0.0000003  0.00000273
  57    0.0000003  0.00000276
  58    0.0000003  0.00000277
  59    0.0000003  0.00000276
  60    0.0000003  0.00000277
 
----------------
 Final Energies 
----------------
Final NOF Total Energy =      -4.9606374
 
Total Orbital Internal Iterations = 10
Total Occupation Internal Iterations = 0
 
Elapsed time:   56.04 Seconds

---------------------------------
   Lowdin Population Analysis    
---------------------------------
 Idx  Atom   Population   Charge 
---------------------------------
  1    He     1.497       0.503
  2    He     1.503       0.497

---------------------------------
   M Diagnostic: 0.01
---------------------------------

