Computing Integrals
Basis Set                                            = def2-qzvp
Auxiliary Basis Set                                  = def2-universal-jkfit
Gaussian Type                                        = Spherical
Elapsed time:    2.40 Seconds

Number of basis functions                   (NBF)    = 114
Number of auxiliary basis functions         (NBFAUX) = 150
Inactive Doubly occupied orbitals up to     (NO1)    = 0
No. considered Strongly Doubly occupied MOs (NDOC)   = 6
No. considered Strongly Singly occupied MOs (NSOC)   = 0
NO. of Weakly occ. per St. Doubly occ.  MOs (NCWO)   = 18
Dimension of the Nat. Orb. subspace         (NBF5)   = 114
No. of electrons                                     = 12
    No. of alpha electrons                           = 6
    No. of beta electrons                            = 6
Multiplicity                                         = 1

Geometry
========
 C       0.0000000       0.0000000       0.6200000
 C       0.0000000       0.0000000      -0.6200000

No violations of the orthonormality
No violations of the orthonormality
 
PNOF8/ADABelief Calculation
==================
 
  Nitext  Nit_orb  Time   Nit_occ  Time         Eelec          Etot           Ediff      maxdiff    MaxGrad_orb  Grad_occ
     1      10    3.1e+01    0    2.4e+01   -91.14024633   -75.77706848 -10090.14024633   0.000881   3.5e-03   2.1e-04 0.57
 
RESULTS OF THE OCCUPATION OPTIMIZATION
========================================
   1    1.9998312  -11.32655731
   2    1.9998328  -11.32624949
   3    1.9798734  -1.04746264
   4    1.9579353  -0.45920829
   5    1.9585459  -0.45915696
   6    1.4293931  -0.45306568
   7    0.5705414  -0.20442974
   8    0.0273792  -0.02991544
   9    0.0284706  -0.03050934
  10    0.0093714  -0.02063775
  11    0.0001439  -0.00283743
  12    0.0001437  -0.00283417
  13    0.0000200  -0.00001141
  14    0.0043208  -0.00654274
  15    0.0041345  -0.00616093
  16    0.0027969  -0.01000806
  17    0.0000066  -0.00023787
  18    0.0000082  -0.00026481
  19    0.0000175  -0.00000735
  20    0.0037863  -0.00563286
  21    0.0038858  -0.00567763
  22    0.0019893  -0.00476720
  23    0.0000045  -0.00004764
  24    0.0000048  -0.00004978
  25    0.0000085  -0.00001109
  26    0.0030837  -0.00559490
  27    0.0031376  -0.00525415
  28    0.0019536  -0.00470888
  29    0.0000042  -0.00003904
  30    0.0000041  -0.00004186
  31    0.0000048  -0.00001287
  32    0.0011065  -0.00227347
  33    0.0011489  -0.00230959
  34    0.0009000  -0.00348575
  35    0.0000038  -0.00003855
  36    0.0000041  -0.00004079
  37    0.0000037  -0.00001258
  38    0.0007292  -0.00132087
  39    0.0003615  -0.00085008
  40    0.0008971  -0.00326069
  41    0.0000008  -0.00005171
  42    0.0000007  -0.00004931
  43    0.0000031  -0.00001025
  44    0.0002544  -0.00053420
  45    0.0003039  -0.00059935
  46    0.0006007  -0.00143740
  47    0.0000007  -0.00002000
  48    0.0000006  -0.00001523
  49    0.0000017  -0.00000813
  50    0.0002449  -0.00049891
  51    0.0001944  -0.00043143
  52    0.0003129  -0.00092294
  53    0.0000005  -0.00001275
  54    0.0000005  -0.00001252
  55    0.0000012  -0.00000738
  56    0.0001922  -0.00042309
  57    0.0000861  -0.00021287
  58    0.0002497  -0.00064889
  59    0.0000004  -0.00001183
  60    0.0000004  -0.00001391
  61    0.0000010  -0.00000530
  62    0.0000933  -0.00022549
  63    0.0000783  -0.00019688
  64    0.0001740  -0.00054756
  65    0.0000004  -0.00001150
  66    0.0000003  -0.00000878
  67    0.0000010  -0.00000312
  68    0.0000673  -0.00016511
  69    0.0000695  -0.00018742
  70    0.0001679  -0.00048479
  71    0.0000003  -0.00001042
  72    0.0000003  -0.00000808
  73    0.0000007  -0.00000209
  74    0.0000588  -0.00015795
  75    0.0000542  -0.00019328
  76    0.0001545  -0.00046628
  77    0.0000002  -0.00000512
  78    0.0000003  -0.00000719
  79    0.0000007  -0.00000244
  80    0.0000357  -0.00013852
  81    0.0000427  -0.00014308
  82    0.0001536  -0.00046672
  83    0.0000002  -0.00000512
  84    0.0000002  -0.00000474
  85    0.0000005  -0.00000228
  86    0.0000322  -0.00013077
  87    0.0000265  -0.00009241
  88    0.0001276  -0.00044691
  89    0.0000002  -0.00000394
  90    0.0000002  -0.00000364
  91    0.0000004  -0.00000050
  92    0.0000223  -0.00009244
  93    0.0000218  -0.00008644
  94    0.0000832  -0.00026058
  95    0.0000002  -0.00000333
  96    0.0000001  -0.00000233
  97    0.0000003  -0.00000017
  98    0.0000180  -0.00005940
  99    0.0000197  -0.00005680
 100    0.0000760  -0.00024148
 101    0.0000001  -0.00000186
 102    0.0000001  -0.00000141
 103    0.0000002  -0.00000014
 104    0.0000160  -0.00005960
 105    0.0000174  -0.00005546
 106    0.0000675  -0.00022682
 107    0.0000001  -0.00000095
 108    0.0000001  -0.00000125
 109    0.0000001  -0.00000002
 110    0.0000133  -0.00005606
 111    0.0000114  -0.00005250
 112    0.0000508  -0.00019977
 113    0.0000001  -0.00000054
 114    0.0000001  -0.00000057
 
----------------
 Final Energies 
----------------
Final NOF Total Energy =     -75.7770685
 
Total Orbital Internal Iterations = 10
Total Occupation Internal Iterations = 0
 
Elapsed time:   68.34 Seconds

---------------------------------
   Lowdin Population Analysis    
---------------------------------
 Idx  Atom   Population   Charge 
---------------------------------
  1     C     6.000      -0.000
  2     C     6.000       0.000

---------------------------------
   M Diagnostic: 0.57
---------------------------------

