W4-11-p4
/software/eb2024/easybuild/software/common/software/Julia/1.11.3-linux-x86_64/bin/julia
Job runing on nh044
Choosing scratch ...
Automatic scratch folder selection
/scratch/pobleyef/284224
/scratch/pobleyef/284224 directory
cp W4-11-p4.jl W4-11-p4.jld2 to  /scratch/pobleyef/284224/.
Computing Integrals
Basis Set                                            = def2-qzvp
Auxiliary Basis Set                                  = def2-universal-jkfit
Gaussian Type                                        = Spherical
Elapsed time:    4.89 Seconds

Number of basis functions                   (NBF)    = 280
Number of auxiliary basis functions         (NBFAUX) = 512
Inactive Doubly occupied orbitals up to     (NO1)    = 0
No. considered Strongly Doubly occupied MOs (NDOC)   = 30
No. considered Strongly Singly occupied MOs (NSOC)   = 0
NO. of Weakly occ. per St. Doubly occ.  MOs (NCWO)   = 8
Dimension of the Nat. Orb. subspace         (NBF5)   = 270
No. of electrons                                     = 60
    No. of alpha electrons                           = 30
    No. of beta electrons                            = 30
Multiplicity                                         = 1

Geometry
========
 P       0.7773750       0.7773750       0.7773750
 P      -0.7773750      -0.7773750       0.7773750
 P      -0.7773750       0.7773750      -0.7773750
 P       0.7773750      -0.7773750      -0.7773750

No violations of the orthonormality
No violations of the orthonormality
 
PNOF8/ADABelief Calculation
==================
 
  Nitext  Nit_orb  Time   Nit_occ  Time         Eelec          Etot           Ediff      maxdiff    MaxGrad_orb  Grad_occ
     1      10    3.2e+01   41    4.0e+01 -1688.76645301 -1363.85991734 -11687.76645301   0.021306   8.5e-02   2.9e-04 0.03
     2      20    7.5e+00   25    2.8e+00 -1689.32282373 -1364.41628806    -0.55637072   0.702549   2.8e+00   2.5e-04 0.03
     3      20    7.2e+00   27    3.0e+00 -1689.49183108 -1364.58529541    -0.16900735   0.240334   9.6e-01   3.5e-04 0.03
     4      20    7.5e+00    0    4.0e-01 -1689.49957312 -1364.59303744    -0.00774203   0.240335   9.6e-01   3.5e-04 0.03
     5      40    1.4e+01   16    2.0e+00 -1689.55562728 -1364.64909161    -0.05605417   0.010024   4.0e-02   2.0e-04 0.03
     6      40    1.5e+01   12    1.6e+00 -1689.57150745 -1364.66497177    -0.01588016   0.012304   4.9e-02   2.6e-04 0.03
     7      40    1.4e+01   16    2.0e+00 -1689.58158130 -1364.67504563    -0.01007386   0.012236   4.9e-02   2.8e-04 0.03
     8      40    1.4e+01   19    2.3e+00 -1689.58928342 -1364.68274774    -0.00770211   0.008594   3.4e-02   3.3e-04 0.03
     9      40    1.4e+01   34    3.8e+00 -1689.59562750 -1364.68909182    -0.00634408   0.008998   3.6e-02   2.2e-04 0.03
    10      40    1.4e+01   13    1.7e+00 -1689.60109806 -1364.69456238    -0.00547056   0.010233   4.1e-02   2.6e-04 0.03
    11      40    1.4e+01   15    1.9e+00 -1689.60564306 -1364.69910738    -0.00454500   0.010229   4.1e-02   2.6e-04 0.03
    12      40    1.5e+01   15    1.8e+00 -1689.60945702 -1364.70292134    -0.00381396   0.010418   4.2e-02   2.8e-04 0.03
    13      40    1.4e+01   15    1.8e+00 -1689.61283404 -1364.70629836    -0.00337702   0.015000   6.0e-02   2.7e-04 0.03
    14      40    1.5e+01   15    1.9e+00 -1689.61599919 -1364.70946352    -0.00316515   0.018751   7.5e-02   3.0e-04 0.03
    15      40    1.5e+01   15    2.0e+00 -1689.61915704 -1364.71262137    -0.00315785   0.028501   1.1e-01   3.5e-04 0.03
    16      40    1.5e+01   22    2.5e+00 -1689.62177512 -1364.71523944    -0.00261808   0.010270   4.1e-02   2.2e-04 0.03
    17      40    1.5e+01   15    1.9e+00 -1689.62406765 -1364.71753198    -0.00229253   0.008419   3.4e-02   2.8e-04 0.03
    18      40    1.5e+01   14    1.7e+00 -1689.62636334 -1364.71982767    -0.00229569   0.011156   4.5e-02   3.1e-04 0.03
    19      40    1.5e+01   10    1.4e+00 -1689.62866534 -1364.72212967    -0.00230200   0.008383   3.4e-02   2.8e-04 0.03
    20      40    1.4e+01   17    2.1e+00 -1689.63100388 -1364.72446821    -0.00233854   0.010908   4.4e-02   2.6e-04 0.03
    21      40    1.5e+01   12    1.6e+00 -1689.63312052 -1364.72658484    -0.00211664   0.010720   4.3e-02   2.7e-04 0.03
    22      40    1.5e+01   15    1.9e+00 -1689.63512473 -1364.72858906    -0.00200421   0.012628   5.1e-02   2.9e-04 0.03
    23      40    1.5e+01   14    1.8e+00 -1689.63692733 -1364.73039165    -0.00180260   0.010034   4.0e-02   2.7e-04 0.03
    24      40    1.5e+01   12    1.6e+00 -1689.63808602 -1364.73155035    -0.00115869   0.011242   4.5e-02   2.8e-04 0.03
    25      40    1.4e+01   12    1.6e+00 -1689.63928971 -1364.73275404    -0.00120369   0.010408   4.2e-02   2.8e-04 0.03
    26      40    1.5e+01   14    1.8e+00 -1689.64030058 -1364.73376491    -0.00101087   0.011200   4.5e-02   3.2e-04 0.03
    27      40    1.5e+01   12    1.6e+00 -1689.64117109 -1364.73463542    -0.00087051   0.010470   4.2e-02   3.1e-04 0.03
    28      40    1.5e+01   15    1.8e+00 -1689.64200580 -1364.73547012    -0.00083470   0.009993   4.0e-02   2.3e-04 0.03
    29      40    1.4e+01    6    9.5e-01 -1689.64248416 -1364.73594849    -0.00047837   0.010894   4.4e-02   3.0e-04 0.03
    30      40    1.5e+01   12    1.6e+00 -1689.64290418 -1364.73636851    -0.00042002   0.010171   4.1e-02   2.5e-04 0.03
    31      40    1.4e+01   17    2.1e+00 -1689.64340319 -1364.73686752    -0.00049901   0.009754   3.9e-02   2.6e-04 0.03
    32      40    1.4e+01    6    1.1e+00 -1689.64376087 -1364.73722519    -0.00035768   0.009694   3.9e-02   2.3e-04 0.03
    33      40    1.4e+01    2    5.6e-01 -1689.64401840 -1364.73748273    -0.00025753   0.010407   4.2e-02   3.8e-04 0.03
    34      40    1.5e+01   10    1.3e+00 -1689.64415155 -1364.73761588    -0.00013315   0.009018   3.6e-02   2.8e-04 0.03
    35      40    1.5e+01    4    8.2e-01 -1689.64441967 -1364.73788400    -0.00026812   0.010249   4.1e-02   2.8e-04 0.03
    36      40    1.5e+01   10    1.4e+00 -1689.64452394 -1364.73798826    -0.00010427   0.009228   3.7e-02   2.0e-04 0.03
    37      40    1.4e+01    0    3.9e-01 -1689.64465820 -1364.73812252    -0.00013426   0.010295   4.1e-02   3.7e-04 0.03
    38      50    1.8e+01    2    5.9e-01 -1689.64546463 -1364.73892895    -0.00080643   0.007150   2.9e-02   2.8e-04 0.03
    39      50    1.8e+01    0    4.0e-01 -1689.64547011 -1364.73893443    -0.00000548   0.007150   2.9e-02   2.8e-04 0.03
    40      70    2.5e+01   10    1.4e+00 -1689.64653512 -1364.73999945    -0.00106502   0.003855   1.5e-02   2.6e-04 0.03
 
RESULTS OF THE OCCUPATION OPTIMIZATION
========================================
   1    1.9999992  -80.02796348
   2    1.9999992  -80.02776939
   3    1.9999992  -80.02774597
   4    1.9999992  -80.02774497
   5    1.9998114  -7.53365775
   6    1.9997999  -7.53329147
   7    1.9998044  -7.53274449
   8    1.9998227  -7.53220345
   9    1.9984495  -5.43042130
  10    1.9983464  -5.43030709
  11    1.9984067  -5.42994631
  12    1.9976728  -5.42991752
  13    1.9980593  -5.42981838
  14    1.9979167  -5.42919001
  15    1.9979994  -5.42881143
  16    1.9979686  -5.42878318
  17    1.9980435  -5.42877271
  18    1.9980165  -5.42875483
  19    1.9979276  -5.42867639
  20    1.9978925  -5.42853335
  21    1.9804617  -0.75861435
  22    1.9802399  -0.75720352
  23    1.9800219  -0.75509353
  24    1.9800974  -0.75016135
  25    1.9718817  -0.44856491
  26    1.9709316  -0.44372151
  27    1.9683277  -0.44328769
  28    1.9684134  -0.43908443
  29    1.9668555  -0.43896784
  30    1.9677658  -0.43655365
  31    0.0218911  -0.03736822
  32    0.0194026  -0.03550480
  33    0.0207297  -0.03697319
  34    0.0202703  -0.03665817
  35    0.0176355  -0.03547760
  36    0.0178028  -0.03601075
  37    0.0059231  -0.02708958
  38    0.0052762  -0.02528741
  39    0.0053483  -0.02557195
  40    0.0054664  -0.02563155
  41    0.0014619  -0.01334465
  42    0.0013202  -0.01302699
  43    0.0013389  -0.01227371
  44    0.0013961  -0.01414721
  45    0.0014711  -0.01417933
  46    0.0014601  -0.01351519
  47    0.0014363  -0.01299793
  48    0.0017602  -0.01586183
  49    0.0018366  -0.01687788
  50    0.0013024  -0.01248957
  51    0.0014049  -0.01289790
  52    0.0009547  -0.00786224
  53    0.0000719  -0.00210226
  54    0.0001199  -0.00156689
  55    0.0001202  -0.00220525
  56    0.0001189  -0.00205742
  57    0.0000006  -0.00001016
  58    0.0000006  -0.00001229
  59    0.0000006  -0.00001060
  60    0.0000006  -0.00001258
  61    0.0076678  -0.01341369
  62    0.0066024  -0.01214730
  63    0.0071184  -0.01285175
  64    0.0071322  -0.01277654
  65    0.0045858  -0.01014987
  66    0.0044580  -0.01034247
  67    0.0042100  -0.01916015
  68    0.0040233  -0.01887217
  69    0.0042556  -0.01931963
  70    0.0040109  -0.01859211
  71    0.0005222  -0.00911484
  72    0.0005262  -0.00917832
  73    0.0005277  -0.00901152
  74    0.0004143  -0.00492889
  75    0.0004145  -0.00486876
  76    0.0004178  -0.00490335
  77    0.0005559  -0.00950510
  78    0.0000679  -0.00136725
  79    0.0004054  -0.00476539
  80    0.0001353  -0.00141899
  81    0.0001222  -0.00228767
  82    0.0003276  -0.00373770
  83    0.0000536  -0.00047930
  84    0.0000453  -0.00037277
  85    0.0000324  -0.00024048
  86    0.0000326  -0.00023373
  87    0.0000001  -0.00000484
  88    0.0000001  -0.00000453
  89    0.0000001  -0.00000449
  90    0.0000001  -0.00000518
  91    0.0010506  -0.00273119
  92    0.0049620  -0.00922335
  93    0.0015970  -0.00455138
  94    0.0015895  -0.00448600
  95    0.0034538  -0.00979698
  96    0.0020798  -0.00810436
  97    0.0030414  -0.01134595
  98    0.0035579  -0.01611843
  99    0.0029973  -0.01159228
 100    0.0028829  -0.01200702
 101    0.0000482  -0.00034988
 102    0.0001445  -0.00155460
 103    0.0000400  -0.00029060
 104    0.0000624  -0.00148930
 105    0.0000747  -0.00152853
 106    0.0000578  -0.00101438
 107    0.0000359  -0.00026370
 108    0.0000503  -0.00039935
 109    0.0000330  -0.00025061
 110    0.0000632  -0.00110680
 111    0.0000552  -0.00047317
 112    0.0001850  -0.00256447
 113    0.0000316  -0.00023217
 114    0.0000077  -0.00008524
 115    0.0000181  -0.00034339
 116    0.0000186  -0.00044611
 117    0.0000000  -0.00000115
 118    0.0000000  -0.00000097
 119    0.0000000  -0.00000140
 120    0.0000000  -0.00000161
 121    0.0005592  -0.00120371
 122    0.0009964  -0.00258282
 123    0.0010752  -0.00263617
 124    0.0010118  -0.00275475
 125    0.0020704  -0.00791581
 126    0.0017953  -0.00679523
 127    0.0028837  -0.01131153
 128    0.0028084  -0.01117076
 129    0.0027462  -0.01116955
 130    0.0028637  -0.01138340
 131    0.0000306  -0.00023166
 132    0.0000391  -0.00028523
 133    0.0000261  -0.00019742
 134    0.0000270  -0.00019819
 135    0.0000328  -0.00024079
 136    0.0000278  -0.00019657
 137    0.0000255  -0.00019185
 138    0.0000220  -0.00015666
 139    0.0000194  -0.00052087
 140    0.0000439  -0.00031269
 141    0.0000252  -0.00019080
 142    0.0000264  -0.00019367
 143    0.0000064  -0.00017596
 144    0.0000070  -0.00007663
 145    0.0000137  -0.00015416
 146    0.0000067  -0.00018046
 147    0.0000000  -0.00000056
 148    0.0000000  -0.00000078
 149    0.0000000  -0.00000077
 150    0.0000000  -0.00000079
 151    0.0004550  -0.00107678
 152    0.0004536  -0.00104564
 153    0.0004088  -0.00100545
 154    0.0006347  -0.00131555
 155    0.0004676  -0.00116874
 156    0.0010037  -0.00312673
 157    0.0028521  -0.01124144
 158    0.0027192  -0.01102847
 159    0.0026841  -0.01116354
 160    0.0027735  -0.01116642
 161    0.0000163  -0.00011596
 162    0.0000113  -0.00009061
 163    0.0000220  -0.00016537
 164    0.0000221  -0.00018586
 165    0.0000148  -0.00018656
 166    0.0000161  -0.00029659
 167    0.0000118  -0.00009824
 168    0.0000166  -0.00034148
 169    0.0000146  -0.00011598
 170    0.0000206  -0.00037218
 171    0.0000183  -0.00057457
 172    0.0000200  -0.00040700
 173    0.0000056  -0.00007561
 174    0.0000054  -0.00005587
 175    0.0000066  -0.00019031
 176    0.0000043  -0.00011040
 177    0.0000000  -0.00000056
 178    0.0000000  -0.00000041
 179    0.0000000  -0.00000058
 180    0.0000000  -0.00000073
 181    0.0002463  -0.00060528
 182    0.0003633  -0.00090834
 183    0.0002630  -0.00063435
 184    0.0004816  -0.00111811
 185    0.0003702  -0.00095686
 186    0.0004098  -0.00110855
 187    0.0006468  -0.00269336
 188    0.0008528  -0.00343626
 189    0.0009819  -0.00400068
 190    0.0010846  -0.00459599
 191    0.0000140  -0.00010336
 192    0.0000110  -0.00008859
 193    0.0000111  -0.00008772
 194    0.0000166  -0.00021006
 195    0.0000106  -0.00008286
 196    0.0000104  -0.00007735
 197    0.0000087  -0.00007319
 198    0.0000102  -0.00011321
 199    0.0000094  -0.00008407
 200    0.0000108  -0.00009883
 201    0.0000124  -0.00011899
 202    0.0000167  -0.00016145
 203    0.0000034  -0.00018302
 204    0.0000042  -0.00026127
 205    0.0000034  -0.00018131
 206    0.0000039  -0.00028979
 207    0.0000000  -0.00000033
 208    0.0000000  -0.00000038
 209    0.0000000  -0.00000042
 210    0.0000000  -0.00000057
 211    0.0002010  -0.00051764
 212    0.0002000  -0.00052377
 213    0.0002179  -0.00055357
 214    0.0003373  -0.00090606
 215    0.0002667  -0.00068454
 216    0.0003693  -0.00096824
 217    0.0001926  -0.00064444
 218    0.0005715  -0.00246602
 219    0.0005550  -0.00227878
 220    0.0003033  -0.00111329
 221    0.0000100  -0.00009307
 222    0.0000105  -0.00007516
 223    0.0000103  -0.00009050
 224    0.0000112  -0.00008852
 225    0.0000075  -0.00006289
 226    0.0000065  -0.00009103
 227    0.0000048  -0.00003797
 228    0.0000073  -0.00005930
 229    0.0000047  -0.00005456
 230    0.0000090  -0.00014535
 231    0.0000090  -0.00010362
 232    0.0000105  -0.00011610
 233    0.0000027  -0.00004592
 234    0.0000038  -0.00044492
 235    0.0000031  -0.00007323
 236    0.0000018  -0.00001934
 237    0.0000000  -0.00000028
 238    0.0000000  -0.00000031
 239    0.0000000  -0.00000035
 240    0.0000000  -0.00000051
 241    0.0001631  -0.00045418
 242    0.0001643  -0.00045416
 243    0.0001765  -0.00047019
 244    0.0002150  -0.00054838
 245    0.0002186  -0.00060492
 246    0.0001997  -0.00056316
 247    0.0001530  -0.00059463
 248    0.0001689  -0.00056816
 249    0.0001918  -0.00064090
 250    0.0001529  -0.00060709
 251    0.0000044  -0.00006160
 252    0.0000095  -0.00007333
 253    0.0000074  -0.00007445
 254    0.0000068  -0.00009153
 255    0.0000054  -0.00006917
 256    0.0000042  -0.00022467
 257    0.0000045  -0.00003766
 258    0.0000063  -0.00006228
 259    0.0000041  -0.00012980
 260    0.0000082  -0.00006716
 261    0.0000064  -0.00010111
 262    0.0000097  -0.00010948
 263    0.0000021  -0.00002063
 264    0.0000022  -0.00002284
 265    0.0000026  -0.00003459
 266    0.0000017  -0.00002889
 267    0.0000000  -0.00000020
 268    0.0000000  -0.00000027
 269    0.0000000  -0.00000021
 270    0.0000000  -0.00000040
 
----------------
 Final Energies 
----------------
Final NOF Total Energy =   -1364.7399995
 
Total Orbital Internal Iterations = 1560
Total Occupation Internal Iterations = 541
 
Elapsed time:  759.92 Seconds

---------------------------------
   Lowdin Population Analysis    
---------------------------------
 Idx  Atom   Population   Charge 
---------------------------------
  1     P    15.000      -0.000
  2     P    15.000       0.000
  3     P    14.999       0.001
  4     P    15.001      -0.001

---------------------------------
   M Diagnostic: 0.03
---------------------------------

Recovering execution output...
Moving from /scratch/pobleyef/284224 to /home-nas/pobleyef/Poison-NOF/ncwomax/P30-5/GNOF/arina.284224
mkdir -p /home-nas/pobleyef/Poison-NOF/ncwomax/P30-5/GNOF/arina.284224
mv /scratch/pobleyef/284224/* /home-nas/pobleyef/Poison-NOF/ncwomax/P30-5/GNOF/arina.284224
