W4-11_104_hnnn
/software/eb2024/easybuild/software/common/software/Julia/1.11.3-linux-x86_64/bin/julia
Job runing on nh005
Choosing scratch ...
Automatic scratch folder selection
/scratch/pobleyef/168266
/scratch/pobleyef/168266 directory
cp W4-11_104_hnnn.jl W4-11_104_hnnn.jld2 to  /scratch/pobleyef/168266/.
Computing Integrals
Elapsed time:    6.57 Seconds

Number of basis functions                   (NBF)    = 201
Number of auxiliary basis functions         (NBFAUX) = 249
Inactive Doubly occupied orbitals up to     (NO1)    = 0
No. considered Strongly Doubly occupied MOs (NDOC)   = 11
No. considered Strongly Singly occupied MOs (NSOC)   = 0
NO. of Weakly occ. per St. Doubly occ.  MOs (NCWO)   = 17
Dimension of the Nat. Orb. subspace         (NBF5)   = 198
No. of electrons                                     = 22
    No. of alpha electrons                           = 11
    No. of beta electrons                            = 11
Multiplicity                                         = 1

Geometry
========
 H       1.0789720      -1.3818100       0.0000000
 N       0.0937700      -1.1298800       0.0000000
 N       0.0000000       0.1110980       0.0000000
 N      -0.2479090       1.2161830       0.0000000

No violations of the orthonormality
No violations of the orthonormality
 
PNOF8/ADABelief Calculation
==================
 
  Nitext  Nit_orb  Time   Nit_occ  Time         Eelec          Etot           Ediff      maxdiff    MaxGrad_orb  Grad_occ
     1      10    2.9e+01   96    4.1e+01  -225.56844861  -163.97799321 -10224.56844861   0.003368   1.4e-02   2.5e-04 0.03
     2      20    3.6e+00   63    3.4e+00  -226.09176886  -164.50131346    -0.52332024   0.189888   7.6e-01   2.2e-04 0.03
     3      20    3.5e+00   32    1.7e+00  -226.12783939  -164.53738399    -0.03607053   0.173085   6.9e-01   2.8e-04 0.03
     4      20    3.6e+00   30    1.7e+00  -226.16351614  -164.57306074    -0.03567675   0.048119   1.9e-01   2.1e-04 0.03
     5      20    3.6e+00   22    1.3e+00  -226.17084024  -164.58038484    -0.00732410   0.042356   1.7e-01   2.5e-04 0.03
     6      20    3.4e+00   18    1.0e+00  -226.17675108  -164.58629567    -0.00591084   0.021364   8.5e-02   2.5e-04 0.03
     7      20    3.5e+00   11    6.4e-01  -226.18023244  -164.58977704    -0.00348137   0.015568   6.2e-02   2.4e-04 0.03
     8      20    3.6e+00   16    9.3e-01  -226.18216429  -164.59170889    -0.00193185   0.022341   8.9e-02   2.3e-04 0.04
     9      20    3.4e+00   15    9.3e-01  -226.18593041  -164.59547501    -0.00376612   0.035493   1.4e-01   2.2e-04 0.04
    10      20    3.4e+00    7    4.7e-01  -226.18792536  -164.59746996    -0.00199495   0.021386   8.6e-02   2.6e-04 0.04
    11      20    3.5e+00   10    5.9e-01  -226.18905548  -164.59860008    -0.00113012   0.020142   8.1e-02   2.6e-04 0.04
    12      20    3.6e+00    7    4.9e-01  -226.18940377  -164.59894837    -0.00034829   0.018145   7.3e-02   2.8e-04 0.04
    13      20    3.5e+00    0    1.3e-01  -226.18946732  -164.59901191    -0.00006354   0.018145   7.3e-02   2.8e-04 0.04
    14      40    6.8e+00   16    9.4e-01  -226.19436159  -164.60390619    -0.00489428   0.002896   1.2e-02   1.4e-04 0.04
    15      40    6.9e+00    7    4.7e-01  -226.19455696  -164.60410156    -0.00019537   0.003818   1.5e-02   2.3e-04 0.04
    16      40    6.7e+00   10    6.9e-01  -226.19486264  -164.60440724    -0.00030568   0.002764   1.1e-02   1.8e-04 0.04
    17      40    6.9e+00    3    3.0e-01  -226.19510637  -164.60465097    -0.00024373   0.003789   1.5e-02   2.4e-04 0.04
    18      40    6.8e+00   12    6.8e-01  -226.19528817  -164.60483277    -0.00018180   0.006568   2.6e-02   1.6e-04 0.04
    19      40    6.8e+00    6    4.3e-01  -226.19544475  -164.60498935    -0.00015659   0.003234   1.3e-02   2.1e-04 0.04
    20      40    6.8e+00    4    3.5e-01  -226.19556704  -164.60511164    -0.00012229   0.003243   1.3e-02   2.1e-04 0.04
    21      40    7.0e+00    7    4.8e-01  -226.19566557  -164.60521017    -0.00009853   0.003509   1.4e-02   2.0e-04 0.04
    22      40    6.9e+00    1    2.2e-01  -226.19575700  -164.60530160    -0.00009143   0.003721   1.5e-02   2.5e-04 0.04
    23      40    7.0e+00    3    2.9e-01  -226.19586028  -164.60540488    -0.00010328   0.002959   1.2e-02   2.3e-04 0.04
    24      40    7.0e+00    4    3.5e-01  -226.19593463  -164.60547923    -0.00007435   0.003113   1.2e-02   2.6e-04 0.04
    25      40    6.9e+00    1    2.1e-01  -226.19599026  -164.60553486    -0.00005563   0.004344   1.7e-02   2.7e-04 0.04
    26      40    7.0e+00    9    5.5e-01  -226.19601673  -164.60556133    -0.00002647   0.003634   1.5e-02   1.8e-04 0.04
    27      40    6.9e+00    4    3.5e-01  -226.19609995  -164.60564455    -0.00008322   0.003543   1.4e-02   1.8e-04 0.04
    28      40    6.8e+00    1    1.4e-01  -226.19616483  -164.60570943    -0.00006488   0.003473   1.4e-02   2.6e-04 0.04
    29      40    6.8e+00    0    1.7e-01  -226.19617472  -164.60571932    -0.00000990   0.003106   1.2e-02   3.1e-04 0.04
    30      50    8.5e+00    6    4.4e-01  -226.19624691  -164.60579150    -0.00007218   0.010893   4.4e-02   2.5e-04 0.04
    31      50    8.4e+00    7    4.3e-01  -226.19629317  -164.60583777    -0.00004627   0.002976   1.2e-02   1.9e-04 0.04
    32      50    8.5e+00    1    2.1e-01  -226.19634593  -164.60589053    -0.00005275   0.003034   1.2e-02   2.1e-04 0.04
    33      50    8.6e+00    0    9.4e-02  -226.19635248  -164.60589708    -0.00000655   0.002878   1.2e-02   2.4e-04 0.04
    34      60    1.0e+01    7    4.7e-01  -226.19640240  -164.60594700    -0.00004992   0.002624   1.0e-02   2.0e-04 0.04
    35      60    1.0e+01    7    4.7e-01  -226.19645453  -164.60599913    -0.00005213   0.002941   1.2e-02   1.7e-04 0.04
    36      60    1.0e+01    0    1.6e-01  -226.19649955  -164.60604414    -0.00004502   0.003069   1.2e-02   2.1e-04 0.04
    37      70    1.2e+01    0    1.6e-01  -226.19654602  -164.60609062    -0.00004648   0.002617   1.0e-02   2.6e-04 0.04
    38      80    1.4e+01   10    5.8e-01  -226.19657928  -164.60612388    -0.00003326   0.002146   8.6e-03   1.7e-04 0.04
    39      80    1.3e+01    0    1.0e-01  -226.19664182  -164.60618642    -0.00006254   0.001962   7.8e-03   1.8e-04 0.04
    40      90    1.5e+01    0    9.2e-02  -226.19666654  -164.60621114    -0.00002472   0.001366   5.5e-03   2.3e-04 0.04
 
RESULTS OF THE OCCUPATION OPTIMIZATION
========================================
   1    1.9999741  -15.75397158
   2    1.9999764  -15.68730582
   3    1.9999798  -15.65845144
   4    1.9876964  -1.44223282
   5    1.9850931  -1.12357887
   6    1.9781030  -0.92618580
   7    1.9727136  -0.76135127
   8    1.9810054  -0.72457111
   9    1.9631523  -0.61646876
  10    1.9641049  -0.60239610
  11    1.9730077  -0.57605539
  12    0.0227658  -0.04075467
  13    0.0340652  -0.05350301
  14    0.0315553  -0.05105559
  15    0.0068558  -0.01521513
  16    0.0148045  -0.02366556
  17    0.0148209  -0.03060712
  18    0.0061489  -0.01693356
  19    0.0039059  -0.01183865
  20    0.0000136  -0.00040840
  21    0.0000162  -0.00046802
  22    0.0000159  -0.00046604
  23    0.0023850  -0.00587684
  24    0.0009325  -0.00237663
  25    0.0024930  -0.00544605
  26    0.0050810  -0.01074922
  27    0.0047240  -0.00956052
  28    0.0030131  -0.00755261
  29    0.0030805  -0.00729908
  30    0.0030599  -0.00817776
  31    0.0000023  -0.00003796
  32    0.0000022  -0.00005800
  33    0.0000031  -0.00005120
  34    0.0004308  -0.00123350
  35    0.0002086  -0.00060703
  36    0.0024449  -0.00531399
  37    0.0026850  -0.00661415
  38    0.0037930  -0.00748119
  39    0.0023503  -0.00578929
  40    0.0015439  -0.00523208
  41    0.0017986  -0.00766925
  42    0.0000014  -0.00002765
  43    0.0000016  -0.00002793
  44    0.0000022  -0.00003785
  45    0.0004029  -0.00128046
  46    0.0002065  -0.00060685
  47    0.0000981  -0.00034461
  48    0.0011336  -0.00377672
  49    0.0031510  -0.00645563
  50    0.0004657  -0.00150576
  51    0.0011919  -0.00415886
  52    0.0011581  -0.00465174
  53    0.0000009  -0.00002452
  54    0.0000008  -0.00001611
  55    0.0000012  -0.00002429
  56    0.0003699  -0.00114448
  57    0.0001436  -0.00044924
  58    0.0000734  -0.00025626
  59    0.0007044  -0.00205605
  60    0.0001981  -0.00061245
  61    0.0004143  -0.00169699
  62    0.0009101  -0.00311176
  63    0.0008591  -0.00312382
  64    0.0000007  -0.00003328
  65    0.0000005  -0.00002826
  66    0.0000008  -0.00002740
  67    0.0002066  -0.00066526
  68    0.0001346  -0.00042739
  69    0.0000551  -0.00021522
  70    0.0006354  -0.00214172
  71    0.0001691  -0.00055287
  72    0.0002328  -0.00083925
  73    0.0006001  -0.00258430
  74    0.0005281  -0.00356778
  75    0.0000003  -0.00001770
  76    0.0000005  -0.00001842
  77    0.0000006  -0.00004905
  78    0.0002035  -0.00066098
  79    0.0000803  -0.00032090
  80    0.0000424  -0.00016344
  81    0.0005793  -0.00171220
  82    0.0001375  -0.00048199
  83    0.0001954  -0.00065026
  84    0.0003686  -0.00271178
  85    0.0004436  -0.00332923
  86    0.0000003  -0.00000491
  87    0.0000003  -0.00001480
  88    0.0000003  -0.00000673
  89    0.0000658  -0.00026493
  90    0.0000369  -0.00014324
  91    0.0000210  -0.00008569
  92    0.0003890  -0.00120452
  93    0.0000867  -0.00036471
  94    0.0001226  -0.00043470
  95    0.0002402  -0.00099302
  96    0.0001425  -0.00094730
  97    0.0000001  -0.00000091
  98    0.0000002  -0.00000416
  99    0.0000003  -0.00000538
 100    0.0000346  -0.00015744
 101    0.0000164  -0.00007866
 102    0.0000129  -0.00006336
 103    0.0002993  -0.00124388
 104    0.0000829  -0.00034347
 105    0.0001209  -0.00043220
 106    0.0002227  -0.00079703
 107    0.0001032  -0.00066942
 108    0.0000001  -0.00000090
 109    0.0000002  -0.00000292
 110    0.0000002  -0.00000430
 111    0.0000326  -0.00015678
 112    0.0000132  -0.00007094
 113    0.0000098  -0.00005477
 114    0.0002194  -0.00075854
 115    0.0000362  -0.00016775
 116    0.0000392  -0.00019909
 117    0.0001600  -0.00057224
 118    0.0000868  -0.00059854
 119    0.0000001  -0.00000083
 120    0.0000002  -0.00000265
 121    0.0000002  -0.00000383
 122    0.0000254  -0.00012130
 123    0.0000115  -0.00006093
 124    0.0000094  -0.00005473
 125    0.0001960  -0.00068492
 126    0.0000286  -0.00013017
 127    0.0000328  -0.00016482
 128    0.0001251  -0.00084565
 129    0.0000666  -0.00048848
 130    0.0000001  -0.00000068
 131    0.0000002  -0.00000262
 132    0.0000002  -0.00000298
 133    0.0000155  -0.00008137
 134    0.0000103  -0.00005892
 135    0.0000077  -0.00004305
 136    0.0000816  -0.00036975
 137    0.0000186  -0.00009795
 138    0.0000237  -0.00012342
 139    0.0001092  -0.00049895
 140    0.0000492  -0.00026499
 141    0.0000001  -0.00000061
 142    0.0000001  -0.00000219
 143    0.0000002  -0.00000235
 144    0.0000148  -0.00008212
 145    0.0000098  -0.00005242
 146    0.0000069  -0.00004364
 147    0.0000423  -0.00020197
 148    0.0000154  -0.00007907
 149    0.0000193  -0.00009978
 150    0.0000828  -0.00051159
 151    0.0000338  -0.00019223
 152    0.0000001  -0.00000060
 153    0.0000001  -0.00000203
 154    0.0000002  -0.00000220
 155    0.0000134  -0.00007528
 156    0.0000089  -0.00004991
 157    0.0000065  -0.00003873
 158    0.0000304  -0.00016088
 159    0.0000127  -0.00006989
 160    0.0000170  -0.00008849
 161    0.0000606  -0.00041477
 162    0.0000240  -0.00013884
 163    0.0000001  -0.00000059
 164    0.0000001  -0.00000173
 165    0.0000002  -0.00000186
 166    0.0000100  -0.00005735
 167    0.0000081  -0.00004576
 168    0.0000058  -0.00003577
 169    0.0000253  -0.00015325
 170    0.0000119  -0.00006688
 171    0.0000157  -0.00008254
 172    0.0000261  -0.00014920
 173    0.0000210  -0.00012170
 174    0.0000001  -0.00000039
 175    0.0000001  -0.00000127
 176    0.0000001  -0.00000151
 177    0.0000082  -0.00005016
 178    0.0000057  -0.00003805
 179    0.0000037  -0.00003114
 180    0.0000199  -0.00010744
 181    0.0000109  -0.00006462
 182    0.0000076  -0.00005359
 183    0.0000207  -0.00012516
 184    0.0000129  -0.00009158
 185    0.0000001  -0.00000037
 186    0.0000001  -0.00000093
 187    0.0000001  -0.00000098
 188    0.0000075  -0.00004758
 189    0.0000028  -0.00002684
 190    0.0000018  -0.00001946
 191    0.0000167  -0.00009528
 192    0.0000054  -0.00003769
 193    0.0000058  -0.00004261
 194    0.0000154  -0.00008564
 195    0.0000102  -0.00008272
 196    0.0000000  -0.00000024
 197    0.0000000  -0.00000035
 198    0.0000001  -0.00000070
 
----------------
 Final Energies 
----------------
Final NOF Total Energy =    -164.6062111
 
Total Orbital Internal Iterations = 1590
Total Occupation Internal Iterations = 453
 
Elapsed time:  395.94 Seconds

---------------------------------
   Lowdin Population Analysis    
---------------------------------
 Idx  Atom   Population   Charge 
---------------------------------
  1     H     1.251      -0.251
  2     N     6.842       0.158
  3     N     6.970       0.030
  4     N     6.936       0.064

---------------------------------
   M Diagnostic: 0.04
---------------------------------

Recovering execution output...
Moving from /scratch/pobleyef/168266 to /home-nas/pobleyef/Poison-Set/ncwomax/P30-5/GNOF/arina.168266
mkdir -p /home-nas/pobleyef/Poison-Set/ncwomax/P30-5/GNOF/arina.168266
mv /scratch/pobleyef/168266/* /home-nas/pobleyef/Poison-Set/ncwomax/P30-5/GNOF/arina.168266
