W4-11_135_cloo
/software/eb2024/easybuild/software/common/software/Julia/1.11.3-linux-x86_64/bin/julia
Job runing on nh031
Choosing scratch ...
Automatic scratch folder selection
/scratch/pobleyef/168277
/scratch/pobleyef/168277 directory
cp W4-11_135_cloo.jl W4-11_135_cloo.jld2 to  /scratch/pobleyef/168277/.
Computing Integrals
Elapsed time:    6.57 Seconds

Number of basis functions                   (NBF)    = 184
Number of auxiliary basis functions         (NBFAUX) = 282
Inactive Doubly occupied orbitals up to     (NO1)    = 0
No. considered Strongly Doubly occupied MOs (NDOC)   = 16
No. considered Strongly Singly occupied MOs (NSOC)   = 1
NO. of Weakly occ. per St. Doubly occ.  MOs (NCWO)   = 10
Dimension of the Nat. Orb. subspace         (NBF5)   = 177
No. of electrons                                     = 33
    No. of alpha electrons                           = 17
    No. of beta electrons                            = 16
Multiplicity                                         = 2

Geometry
========
Cl      -0.5609740      -0.9946370       0.0000000
 O       0.0000000       0.9587120       0.0000000
 O       1.1920690       1.1548920       0.0000000

No violations of the orthonormality
No violations of the orthonormality
 
PNOF8/ADABelief Calculation
==================
 
  Nitext  Nit_orb  Time   Nit_occ  Time         Eelec          Etot           Ediff      maxdiff    MaxGrad_orb  Grad_occ
     1      10    3.0e+01   78    3.8e+01  -698.45731914  -609.06575081 -10697.45731914   0.018402   7.3e-02   2.4e-04 0.04
     2      20    3.4e+00   72    2.9e+00  -699.26096674  -609.86939841    -0.80364760   0.609010   2.4e+00   2.4e-04 0.04
     3      20    3.2e+00   40    1.8e+00  -699.39140927  -609.99984095    -0.13044254   0.025343   1.0e-01   2.3e-04 0.04
     4      20    3.4e+00   33    1.5e+00  -699.42301919  -610.03145087    -0.03160992   0.088226   3.5e-01   2.1e-04 0.04
     5      20    3.4e+00   50    2.1e+00  -699.44591080  -610.05434247    -0.02289160   0.071121   2.8e-01   2.4e-04 0.04
     6      20    3.3e+00   31    1.3e+00  -699.46825427  -610.07668594    -0.02234347   0.084344   3.4e-01   2.2e-04 0.04
     7      20    3.3e+00   31    1.3e+00  -699.48053122  -610.08896290    -0.01227696   0.085039   3.4e-01   2.4e-04 0.04
     8      20    3.3e+00   30    1.2e+00  -699.48704568  -610.09547736    -0.00651446   0.085400   3.4e-01   2.3e-04 0.04
     9      20    3.2e+00   16    7.6e-01  -699.49497186  -610.10340354    -0.00792618   0.105793   4.2e-01   3.2e-04 0.04
    10      20    3.3e+00   20    9.2e-01  -699.49738208  -610.10581376    -0.00241022   0.059831   2.4e-01   3.5e-04 0.04
    11      20    3.3e+00    0    1.2e-01  -699.49777331  -610.10620498    -0.00039123   0.059831   2.4e-01   3.5e-04 0.04
    12      40    6.6e+00   20    9.1e-01  -699.52920699  -610.13763866    -0.03143368   0.012567   5.0e-02   2.8e-04 0.04
    13      40    6.5e+00    9    4.6e-01  -699.53086224  -610.13929391    -0.00165525   0.009136   3.7e-02   2.6e-04 0.04
    14      40    6.5e+00   15    6.5e-01  -699.53196324  -610.14039492    -0.00110100   0.007839   3.1e-02   3.0e-04 0.04
    15      40    6.7e+00   15    7.3e-01  -699.53292898  -610.14136066    -0.00096574   0.007690   3.1e-02   2.9e-04 0.04
    16      40    6.5e+00   17    7.9e-01  -699.53357971  -610.14201138    -0.00065072   0.007546   3.0e-02   2.8e-04 0.04
    17      40    6.5e+00    7    3.4e-01  -699.53416871  -610.14260038    -0.00058900   0.009689   3.9e-02   2.2e-04 0.04
    18      40    6.6e+00    6    4.6e-01  -699.53451285  -610.14294453    -0.00034415   0.008993   3.6e-02   2.8e-04 0.04
    19      40    6.5e+00    9    4.6e-01  -699.53488489  -610.14331656    -0.00037204   0.009681   3.9e-02   3.0e-04 0.04
    20      40    6.6e+00   17    8.1e-01  -699.53509411  -610.14352578    -0.00020922   0.008252   3.3e-02   2.2e-04 0.04
    21      40    6.7e+00    4    2.9e-01  -699.53532314  -610.14375482    -0.00022904   0.009567   3.8e-02   2.7e-04 0.04
    22      40    6.5e+00    7    3.8e-01  -699.53548224  -610.14391392    -0.00015910   0.006773   2.7e-02   2.9e-04 0.04
    23      40    6.6e+00    9    4.8e-01  -699.53559318  -610.14402485    -0.00011094   0.008546   3.4e-02   2.7e-04 0.04
    24      40    6.7e+00    3    1.8e-01  -699.53575366  -610.14418534    -0.00016048   0.008540   3.4e-02   1.9e-04 0.04
    25      40    6.6e+00    1    1.2e-01  -699.53579291  -610.14422458    -0.00003924   0.007935   3.2e-02   2.7e-04 0.04
    26      40    6.5e+00   14    7.3e-01  -699.53582336  -610.14425503    -0.00003045   0.006942   2.8e-02   2.5e-04 0.04
    27      40    6.6e+00    0    1.1e-01  -699.53589347  -610.14432515    -0.00007011   0.009676   3.9e-02   2.6e-04 0.04
    28      50    8.2e+00    9    4.6e-01  -699.53617906  -610.14461074    -0.00028559   0.006963   2.8e-02   2.9e-04 0.04
    29      50    8.4e+00   12    5.7e-01  -699.53623544  -610.14466712    -0.00005638   0.007575   3.0e-02   1.9e-04 0.04
    30      50    7.9e+00    1    1.8e-01  -699.53631276  -610.14474444    -0.00007732   0.007299   2.9e-02   2.4e-04 0.04
    31      50    8.1e+00    9    4.8e-01  -699.53637522  -610.14480690    -0.00006246   0.006235   2.5e-02   2.3e-04 0.04
    32      50    8.0e+00    3    1.9e-01  -699.53643400  -610.14486568    -0.00005878   0.005957   2.4e-02   2.3e-04 0.04
    33      50    8.1e+00    0    8.4e-02  -699.53646903  -610.14490071    -0.00003502   0.006595   2.6e-02   2.5e-04 0.04
    34      60    1.0e+01   10    5.0e-01  -699.53662220  -610.14505388    -0.00015317   0.004372   1.7e-02   2.5e-04 0.04
    35      60    9.8e+00    1    1.2e-01  -699.53669003  -610.14512171    -0.00006783   0.004968   2.0e-02   2.6e-04 0.04
    36      60    1.0e+01   14    6.8e-01  -699.53670349  -610.14513516    -0.00001346   0.004630   1.9e-02   1.6e-04 0.04
    37      60    9.8e+00    0    8.5e-02  -699.53677989  -610.14521157    -0.00007640   0.004489   1.8e-02   2.2e-04 0.04
    38      70    1.1e+01    0    1.2e-01  -699.53688858  -610.14532025    -0.00010869   0.003449   1.4e-02   2.2e-04 0.04
    39      80    1.3e+01    0    1.1e-01  -699.53692988  -610.14536156    -0.00004130   0.003193   1.3e-02   2.5e-04 0.04
    40      90    1.5e+01    4    2.2e-01  -699.53695882  -610.14539049    -0.00002894   0.002642   1.1e-02   2.4e-04 0.04
 
RESULTS OF THE OCCUPATION OPTIMIZATION
========================================
   1    1.9999993  -104.93203645
   2    1.9999750  -20.78885123
   3    1.9999725  -20.78582038
   4    1.9996618  -10.61247933
   5    1.9993833  -8.11062257
   6    1.9994592  -8.09175374
   7    1.9993906  -8.09068555
   8    1.9881048  -1.51427190
   9    1.9845176  -1.28137075
  10    1.9827770  -1.08557972
  11    1.9681742  -0.88975452
  12    1.9762232  -0.76847977
  13    1.9782817  -0.72085908
  14    1.9588033  -0.56592107
  15    1.9777893  -0.50773322
  16    1.9698315  -0.50562380
  17    1.0000000  -0.31986859
  18    0.0099323  -0.01776662
  19    0.0077558  -0.01688843
  20    0.0408098  -0.07456131
  21    0.0065334  -0.01924689
  22    0.0073116  -0.01608754
  23    0.0294598  -0.05768010
  24    0.0066572  -0.02959178
  25    0.0054520  -0.01835241
  26    0.0054434  -0.01931202
  27    0.0004546  -0.01055029
  28    0.0004147  -0.00993458
  29    0.0005286  -0.01228230
  30    0.0002902  -0.00765305
  31    0.0000065  -0.00009840
  32    0.0000080  -0.00012008
  33    0.0000004  -0.00003653
  34    0.0099170  -0.01775488
  35    0.0069068  -0.01997522
  36    0.0001146  -0.00044014
  37    0.0056134  -0.01388127
  38    0.0047187  -0.01297378
  39    0.0016236  -0.00496218
  40    0.0055804  -0.01609158
  41    0.0034541  -0.01042935
  42    0.0021092  -0.00875169
  43    0.0000675  -0.00283206
  44    0.0000541  -0.00166957
  45    0.0000213  -0.00036572
  46    0.0000086  -0.00020910
  47    0.0000031  -0.00007585
  48    0.0000030  -0.00005867
  49    0.0000001  -0.00001429
  50    0.0086707  -0.01571928
  51    0.0020643  -0.00913662
  52    0.0000468  -0.00014980
  53    0.0037265  -0.00920838
  54    0.0041298  -0.00970811
  55    0.0002085  -0.00074010
  56    0.0017931  -0.00931278
  57    0.0028747  -0.00773935
  58    0.0014045  -0.00735505
  59    0.0000280  -0.00082178
  60    0.0000125  -0.00070600
  61    0.0000119  -0.00015591
  62    0.0000071  -0.00009961
  63    0.0000029  -0.00007364
  64    0.0000028  -0.00006936
  65    0.0000001  -0.00000726
  66    0.0004944  -0.00125157
  67    0.0019953  -0.00888822
  68    0.0000372  -0.00014275
  69    0.0033762  -0.00837996
  70    0.0037542  -0.00856386
  71    0.0001404  -0.00061494
  72    0.0017440  -0.00899496
  73    0.0018227  -0.00672763
  74    0.0009766  -0.00377509
  75    0.0000151  -0.00024223
  76    0.0000109  -0.00012488
  77    0.0000111  -0.00014583
  78    0.0000058  -0.00008184
  79    0.0000028  -0.00005577
  80    0.0000024  -0.00015998
  81    0.0000000  -0.00000233
  82    0.0004689  -0.00119843
  83    0.0018221  -0.00771638
  84    0.0000362  -0.00014336
  85    0.0010524  -0.00354898
  86    0.0025312  -0.00632126
  87    0.0001133  -0.00050824
  88    0.0004708  -0.00145245
  89    0.0005347  -0.00217351
  90    0.0005825  -0.00223206
  91    0.0000089  -0.00010862
  92    0.0000104  -0.00012378
  93    0.0000099  -0.00011594
  94    0.0000055  -0.00007222
  95    0.0000027  -0.00006630
  96    0.0000020  -0.00004683
  97    0.0000000  -0.00000196
  98    0.0002328  -0.00093097
  99    0.0006420  -0.00169072
 100    0.0000351  -0.00014060
 101    0.0003935  -0.00158069
 102    0.0004267  -0.00155742
 103    0.0000946  -0.00047548
 104    0.0004469  -0.00151480
 105    0.0005170  -0.00434093
 106    0.0004663  -0.00496049
 107    0.0000082  -0.00010014
 108    0.0000090  -0.00010877
 109    0.0000078  -0.00009044
 110    0.0000047  -0.00006828
 111    0.0000025  -0.00018007
 112    0.0000018  -0.00003710
 113    0.0000000  -0.00000182
 114    0.0001618  -0.00068058
 115    0.0006341  -0.00167331
 116    0.0000349  -0.00014132
 117    0.0003317  -0.00115024
 118    0.0003329  -0.00116554
 119    0.0000897  -0.00045066
 120    0.0002503  -0.00126718
 121    0.0003196  -0.00119952
 122    0.0002437  -0.00101072
 123    0.0000078  -0.00010160
 124    0.0000080  -0.00009522
 125    0.0000072  -0.00008593
 126    0.0000045  -0.00006941
 127    0.0000023  -0.00004861
 128    0.0000017  -0.00006810
 129    0.0000000  -0.00000177
 130    0.0001317  -0.00055057
 131    0.0002063  -0.00088711
 132    0.0000317  -0.00012891
 133    0.0003151  -0.00109449
 134    0.0002371  -0.00086354
 135    0.0000378  -0.00020109
 136    0.0001260  -0.00092575
 137    0.0002144  -0.00091627
 138    0.0002420  -0.00104805
 139    0.0000067  -0.00008117
 140    0.0000074  -0.00009472
 141    0.0000066  -0.00008289
 142    0.0000043  -0.00006619
 143    0.0000022  -0.00004742
 144    0.0000013  -0.00003126
 145    0.0000000  -0.00000127
 146    0.0001145  -0.00050494
 147    0.0001247  -0.00070173
 148    0.0000261  -0.00010069
 149    0.0001972  -0.00076567
 150    0.0001795  -0.00071676
 151    0.0000321  -0.00020001
 152    0.0000956  -0.00058484
 153    0.0001934  -0.00087515
 154    0.0002177  -0.00095573
 155    0.0000066  -0.00008110
 156    0.0000071  -0.00008403
 157    0.0000063  -0.00007908
 158    0.0000041  -0.00006193
 159    0.0000014  -0.00003568
 160    0.0000010  -0.00002038
 161    0.0000000  -0.00000111
 162    0.0000444  -0.00019492
 163    0.0000592  -0.00026523
 164    0.0000242  -0.00009464
 165    0.0001790  -0.00073976
 166    0.0001553  -0.00062236
 167    0.0000259  -0.00013296
 168    0.0000587  -0.00023050
 169    0.0000997  -0.00061158
 170    0.0002093  -0.00091623
 171    0.0000061  -0.00007960
 172    0.0000067  -0.00008161
 173    0.0000061  -0.00007481
 174    0.0000033  -0.00031223
 175    0.0000012  -0.00002696
 176    0.0000010  -0.00003176
 177    0.0000000  -0.00000088
 
----------------
 Final Energies 
----------------
Final NOF Total Energy =    -610.1453905
 
Total Orbital Internal Iterations = 1630
Total Occupation Internal Iterations = 617
 
Elapsed time:  391.52 Seconds

---------------------------------
   Lowdin Population Analysis    
---------------------------------
 Idx  Atom   Population   Charge 
---------------------------------
  1    Cl    17.005      -0.005
  2     O     8.050      -0.050
  3     O     7.945       0.055

---------------------------------
   M Diagnostic: 0.04
---------------------------------

Recovering execution output...
Moving from /scratch/pobleyef/168277 to /home-nas/pobleyef/Poison-Set/ncwomax/P30-5/GNOF/arina.168277
mkdir -p /home-nas/pobleyef/Poison-Set/ncwomax/P30-5/GNOF/arina.168277
mv /scratch/pobleyef/168277/* /home-nas/pobleyef/Poison-Set/ncwomax/P30-5/GNOF/arina.168277
