W4-11_128_s4-c2v
/software/eb2024/easybuild/software/common/software/Julia/1.11.3-linux-x86_64/bin/julia
Job runing on nh001
Choosing scratch ...
Automatic scratch folder selection
/scratch/pobleyef/168274
/scratch/pobleyef/168274 directory
cp W4-11_128_s4-c2v.jl W4-11_128_s4-c2v.jld2 to  /scratch/pobleyef/168274/.
Computing Integrals
Elapsed time:    7.42 Seconds

Number of basis functions                   (NBF)    = 280
Number of auxiliary basis functions         (NBFAUX) = 512
Inactive Doubly occupied orbitals up to     (NO1)    = 0
No. considered Strongly Doubly occupied MOs (NDOC)   = 32
No. considered Strongly Singly occupied MOs (NSOC)   = 0
NO. of Weakly occ. per St. Doubly occ.  MOs (NCWO)   = 7
Dimension of the Nat. Orb. subspace         (NBF5)   = 256
No. of electrons                                     = 64
    No. of alpha electrons                           = 32
    No. of beta electrons                            = 32
Multiplicity                                         = 1

Geometry
========
 S       0.0000000       1.5523430       0.9219610
 S       0.0000000       1.0685080      -0.9219610
 S       0.0000000      -1.0685080      -0.9219610
 S       0.0000000      -1.5523430       0.9219610

No violations of the orthonormality
No violations of the orthonormality
 
PNOF8/ADABelief Calculation
==================
 
  Nitext  Nit_orb  Time   Nit_occ  Time         Eelec          Etot           Ediff      maxdiff    MaxGrad_orb  Grad_occ
     1      10    3.2e+01   68    4.3e+01 -1923.64072145 -1589.94179892 -11922.64072145   0.017491   7.0e-02   2.5e-04 0.04
     2      20    7.7e+00    0    3.5e-01 -1925.18950434 -1591.49058181    -1.54878289   0.017502   7.0e-02   2.5e-04 0.04
     3      40    1.5e+01   68    7.2e+00 -1925.38151077 -1591.68258824    -0.19200643   0.467462   1.9e+00   3.2e-04 0.04
     4      40    1.4e+01   64    6.7e+00 -1925.61169480 -1591.91277228    -0.23018404   0.153126   6.1e-01   2.6e-04 0.04
     5      40    1.4e+01   37    4.0e+00 -1925.65740505 -1591.95848252    -0.04571024   0.012794   5.1e-02   2.2e-04 0.04
     6      40    1.4e+01   23    2.8e+00 -1925.68168973 -1591.98276720    -0.02428468   0.013730   5.5e-02   3.4e-04 0.04
     7      40    1.4e+01   31    3.6e+00 -1925.69833979 -1591.99941726    -0.01665006   0.011838   4.7e-02   2.9e-04 0.04
     8      40    1.5e+01   24    2.8e+00 -1925.71298587 -1592.01406334    -0.01464608   0.009039   3.6e-02   3.2e-04 0.04
     9      40    1.5e+01   18    2.1e+00 -1925.72391222 -1592.02498969    -0.01092635   0.010519   4.2e-02   3.3e-04 0.04
    10      40    1.5e+01    9    1.3e+00 -1925.73165681 -1592.03273428    -0.00774459   0.013075   5.2e-02   4.3e-04 0.04
    11      40    1.5e+01   24    2.8e+00 -1925.73742800 -1592.03850547    -0.00577119   0.015362   6.1e-02   3.0e-04 0.04
    12      40    1.4e+01   18    2.2e+00 -1925.74207510 -1592.04315258    -0.00464710   0.009935   4.0e-02   2.6e-04 0.04
    13      40    1.4e+01   17    2.1e+00 -1925.74626704 -1592.04734451    -0.00419194   0.011819   4.7e-02   3.4e-04 0.04
    14      40    1.4e+01   11    1.4e+00 -1925.75004898 -1592.05112646    -0.00378194   0.016526   6.6e-02   3.8e-04 0.04
    15      40    1.4e+01   17    2.1e+00 -1925.75353783 -1592.05461531    -0.00348885   0.014561   5.8e-02   2.8e-04 0.04
    16      40    1.4e+01   13    1.7e+00 -1925.75680550 -1592.05788297    -0.00326767   0.014780   5.9e-02   3.4e-04 0.04
    17      40    1.4e+01   13    1.6e+00 -1925.75950700 -1592.06058447    -0.00270150   0.016125   6.4e-02   3.9e-04 0.04
    18      40    1.4e+01   13    1.6e+00 -1925.76174973 -1592.06282721    -0.00224274   0.018078   7.2e-02   3.5e-04 0.04
    19      40    1.5e+01    7    1.1e+00 -1925.76375413 -1592.06483160    -0.00200440   0.015632   6.3e-02   3.3e-04 0.04
    20      40    1.5e+01    9    1.2e+00 -1925.76494193 -1592.06601941    -0.00118780   0.018123   7.2e-02   3.1e-04 0.04
    21      40    1.4e+01    7    1.1e+00 -1925.76625057 -1592.06732804    -0.00130864   0.017417   7.0e-02   3.3e-04 0.04
    22      40    1.4e+01   11    1.4e+00 -1925.76714192 -1592.06821939    -0.00089135   0.019476   7.8e-02   3.0e-04 0.04
    23      40    1.4e+01    9    1.3e+00 -1925.76795841 -1592.06903588    -0.00081649   0.018800   7.5e-02   2.8e-04 0.04
    24      40    1.4e+01    9    1.3e+00 -1925.76853986 -1592.06961734    -0.00058146   0.018294   7.3e-02   2.8e-04 0.04
    25      40    1.4e+01    4    7.2e-01 -1925.76908682 -1592.07016429    -0.00054695   0.018690   7.5e-02   2.8e-04 0.04
    26      40    1.4e+01    9    1.2e+00 -1925.76953277 -1592.07061025    -0.00044595   0.016590   6.6e-02   2.7e-04 0.04
    27      40    1.4e+01    5    8.6e-01 -1925.76999573 -1592.07107320    -0.00046296   0.016825   6.7e-02   3.3e-04 0.04
    28      40    1.4e+01    5    8.7e-01 -1925.77024366 -1592.07132113    -0.00024793   0.017144   6.9e-02   3.6e-04 0.04
    29      40    1.5e+01   11    1.4e+00 -1925.77057328 -1592.07165075    -0.00032962   0.017365   6.9e-02   2.2e-04 0.04
    30      40    1.4e+01    5    9.0e-01 -1925.77088043 -1592.07195790    -0.00030715   0.016926   6.8e-02   2.9e-04 0.04
    31      40    1.4e+01   11    1.5e+00 -1925.77111086 -1592.07218833    -0.00023043   0.021714   8.7e-02   2.3e-04 0.04
    32      40    1.4e+01    5    9.3e-01 -1925.77145149 -1592.07252897    -0.00034064   0.018800   7.5e-02   2.5e-04 0.04
    33      40    1.4e+01    5    8.5e-01 -1925.77171494 -1592.07279241    -0.00026345   0.018229   7.3e-02   3.2e-04 0.04
    34      40    1.4e+01    5    8.9e-01 -1925.77201321 -1592.07309068    -0.00029827   0.018685   7.5e-02   3.0e-04 0.04
    35      40    1.4e+01    5    8.8e-01 -1925.77233218 -1592.07340965    -0.00031897   0.018305   7.3e-02   3.1e-04 0.04
    36      40    1.4e+01    5    8.6e-01 -1925.77265942 -1592.07373689    -0.00032724   0.017011   6.8e-02   2.9e-04 0.04
    37      40    1.4e+01    5    8.4e-01 -1925.77284777 -1592.07392524    -0.00018835   0.017017   6.8e-02   2.6e-04 0.04
    38      40    1.4e+01    5    8.7e-01 -1925.77300328 -1592.07408076    -0.00015552   0.016536   6.6e-02   2.5e-04 0.04
    39      40    1.4e+01    5    8.4e-01 -1925.77306959 -1592.07414706    -0.00006630   0.017109   6.8e-02   2.8e-04 0.04
    40      40    1.4e+01    5    8.7e-01 -1925.77326618 -1592.07434365    -0.00019659   0.015870   6.3e-02   2.7e-04 0.04
 
RESULTS OF THE OCCUPATION OPTIMIZATION
========================================
   1    1.9999987  -92.08332452
   2    1.9999989  -92.08290383
   3    1.9999989  -92.08281659
   4    1.9999988  -92.08243241
   5    1.9996140  -9.05458211
   6    1.9996173  -9.03367675
   7    1.9995831  -9.00702942
   8    1.9996321  -9.00163019
   9    1.9991929  -6.79673830
  10    1.9992730  -6.79497315
  11    1.9992203  -6.79153746
  12    1.9992114  -6.77841374
  13    1.9992397  -6.77391565
  14    1.9993025  -6.77103842
  15    1.9991879  -6.70173347
  16    1.9991980  -6.69974225
  17    1.9992913  -6.69402336
  18    1.9992411  -6.69269996
  19    1.9992888  -6.69177902
  20    1.9992057  -6.69037240
  21    1.9820382  -0.96932746
  22    1.9812434  -0.96605599
  23    1.9815503  -0.92101488
  24    1.9809743  -0.92087997
  25    1.9689905  -0.59646002
  26    1.9677259  -0.59544979
  27    1.9664388  -0.54665226
  28    1.9791034  -0.50570121
  29    1.9768821  -0.50355573
  30    1.9747291  -0.43591763
  31    1.9731561  -0.43231169
  32    1.9620897  -0.32519794
  33    0.0359927  -0.05903514
  34    0.0074095  -0.01819464
  35    0.0077594  -0.01918198
  36    0.0067372  -0.01830971
  37    0.0049541  -0.01883767
  38    0.0255472  -0.04967181
  39    0.0187215  -0.04043230
  40    0.0217604  -0.04326230
  41    0.0062380  -0.02811081
  42    0.0059483  -0.02781037
  43    0.0054075  -0.02666279
  44    0.0053443  -0.02605783
  45    0.0005643  -0.00963810
  46    0.0004897  -0.00839992
  47    0.0005472  -0.00935496
  48    0.0005096  -0.00874594
  49    0.0005890  -0.01172814
  50    0.0005750  -0.01138606
  51    0.0004781  -0.00822317
  52    0.0004840  -0.00842026
  53    0.0005159  -0.00913227
  54    0.0006330  -0.01081481
  55    0.0005274  -0.00998495
  56    0.0006307  -0.01039988
  57    0.0003271  -0.00639636
  58    0.0003602  -0.00712633
  59    0.0003372  -0.00662603
  60    0.0003300  -0.00644790
  61    0.0000005  -0.00001557
  62    0.0000006  -0.00002327
  63    0.0000005  -0.00001788
  64    0.0000004  -0.00001658
  65    0.0004491  -0.00105613
  66    0.0052364  -0.01206699
  67    0.0058655  -0.01361918
  68    0.0049778  -0.01571869
  69    0.0040837  -0.01367930
  70    0.0064313  -0.01294816
  71    0.0066178  -0.01401766
  72    0.0068659  -0.01379319
  73    0.0044127  -0.01713806
  74    0.0035040  -0.01399580
  75    0.0032563  -0.01408210
  76    0.0039360  -0.01575448
  77    0.0000777  -0.00182277
  78    0.0000789  -0.00182145
  79    0.0000736  -0.00183566
  80    0.0000820  -0.00197375
  81    0.0000755  -0.00061235
  82    0.0000721  -0.00060660
  83    0.0000729  -0.00231436
  84    0.0001296  -0.00200240
  85    0.0001413  -0.00241204
  86    0.0000496  -0.00046048
  87    0.0000644  -0.00061354
  88    0.0000712  -0.00152662
  89    0.0000109  -0.00028695
  90    0.0000224  -0.00022377
  91    0.0000208  -0.00027564
  92    0.0000202  -0.00022406
  93    0.0000004  -0.00001325
  94    0.0000002  -0.00000788
  95    0.0000004  -0.00001335
  96    0.0000003  -0.00001106
  97    0.0004298  -0.00101861
  98    0.0050034  -0.01424945
  99    0.0053600  -0.01489473
 100    0.0043618  -0.01496782
 101    0.0036740  -0.01577943
 102    0.0005142  -0.00130372
 103    0.0055182  -0.01206341
 104    0.0006094  -0.00147827
 105    0.0039735  -0.01401412
 106    0.0033360  -0.01352744
 107    0.0031625  -0.01381149
 108    0.0034931  -0.01518909
 109    0.0000712  -0.00074304
 110    0.0000735  -0.00069276
 111    0.0000528  -0.00046167
 112    0.0000612  -0.00060616
 113    0.0000645  -0.00052511
 114    0.0000654  -0.00054625
 115    0.0000635  -0.00054268
 116    0.0000690  -0.00147732
 117    0.0000603  -0.00057431
 118    0.0000486  -0.00043438
 119    0.0000531  -0.00048542
 120    0.0000516  -0.00050234
 121    0.0000095  -0.00009016
 122    0.0000140  -0.00059581
 123    0.0000074  -0.00013386
 124    0.0000177  -0.00053525
 125    0.0000001  -0.00000660
 126    0.0000001  -0.00000645
 127    0.0000001  -0.00000456
 128    0.0000002  -0.00000919
 129    0.0003750  -0.00090974
 130    0.0049878  -0.01236806
 131    0.0024957  -0.01097382
 132    0.0039904  -0.01306711
 133    0.0034699  -0.01326295
 134    0.0003228  -0.00090632
 135    0.0005064  -0.00135042
 136    0.0005884  -0.00146371
 137    0.0016875  -0.00910719
 138    0.0018929  -0.01003345
 139    0.0030745  -0.01317810
 140    0.0019193  -0.00991502
 141    0.0000452  -0.00040822
 142    0.0000213  -0.00017519
 143    0.0000423  -0.00040139
 144    0.0000177  -0.00014232
 145    0.0000362  -0.00034116
 146    0.0000597  -0.00055381
 147    0.0000355  -0.00029838
 148    0.0000394  -0.00034827
 149    0.0000330  -0.00031496
 150    0.0000181  -0.00014897
 151    0.0000435  -0.00040497
 152    0.0000171  -0.00015371
 153    0.0000073  -0.00010223
 154    0.0000067  -0.00006516
 155    0.0000054  -0.00008413
 156    0.0000060  -0.00009273
 157    0.0000001  -0.00000590
 158    0.0000001  -0.00000432
 159    0.0000000  -0.00000329
 160    0.0000002  -0.00000831
 161    0.0002453  -0.00067059
 162    0.0017597  -0.00760093
 163    0.0017316  -0.00781775
 164    0.0015951  -0.00728668
 165    0.0019684  -0.00980632
 166    0.0002953  -0.00083698
 167    0.0004228  -0.00119680
 168    0.0005385  -0.00135401
 169    0.0012699  -0.00636300
 170    0.0017907  -0.00988537
 171    0.0018240  -0.00981445
 172    0.0018638  -0.01049319
 173    0.0000151  -0.00038436
 174    0.0000194  -0.00016060
 175    0.0000193  -0.00016028
 176    0.0000150  -0.00026988
 177    0.0000141  -0.00011562
 178    0.0000171  -0.00013689
 179    0.0000209  -0.00019937
 180    0.0000164  -0.00033764
 181    0.0000169  -0.00034944
 182    0.0000156  -0.00022666
 183    0.0000159  -0.00041544
 184    0.0000157  -0.00021298
 185    0.0000051  -0.00006691
 186    0.0000062  -0.00007589
 187    0.0000050  -0.00005313
 188    0.0000050  -0.00010488
 189    0.0000001  -0.00000418
 190    0.0000001  -0.00000352
 191    0.0000000  -0.00000285
 192    0.0000001  -0.00000594
 193    0.0002213  -0.00063377
 194    0.0015976  -0.00688353
 195    0.0016244  -0.00657118
 196    0.0009886  -0.00410175
 197    0.0016649  -0.00829029
 198    0.0002565  -0.00074488
 199    0.0002503  -0.00075979
 200    0.0003686  -0.00103023
 201    0.0009819  -0.00463526
 202    0.0016156  -0.00832738
 203    0.0016337  -0.00918391
 204    0.0008629  -0.00455720
 205    0.0000111  -0.00009925
 206    0.0000157  -0.00048979
 207    0.0000148  -0.00026821
 208    0.0000146  -0.00013953
 209    0.0000131  -0.00011150
 210    0.0000169  -0.00013326
 211    0.0000158  -0.00017336
 212    0.0000115  -0.00013493
 213    0.0000117  -0.00010255
 214    0.0000081  -0.00008431
 215    0.0000127  -0.00011739
 216    0.0000120  -0.00011448
 217    0.0000047  -0.00005278
 218    0.0000041  -0.00008925
 219    0.0000037  -0.00020665
 220    0.0000041  -0.00013764
 221    0.0000000  -0.00000343
 222    0.0000001  -0.00000350
 223    0.0000000  -0.00000253
 224    0.0000001  -0.00000520
 225    0.0001971  -0.00058760
 226    0.0008497  -0.00323578
 227    0.0004344  -0.00120329
 228    0.0004670  -0.00133631
 229    0.0010816  -0.00472881
 230    0.0001939  -0.00062357
 231    0.0002372  -0.00071676
 232    0.0002783  -0.00080042
 233    0.0004622  -0.00152137
 234    0.0003622  -0.00122586
 235    0.0003981  -0.00135005
 236    0.0005426  -0.00207655
 237    0.0000097  -0.00008956
 238    0.0000126  -0.00010835
 239    0.0000088  -0.00010404
 240    0.0000087  -0.00009577
 241    0.0000097  -0.00009019
 242    0.0000059  -0.00013201
 243    0.0000109  -0.00009546
 244    0.0000103  -0.00012549
 245    0.0000095  -0.00010597
 246    0.0000067  -0.00007791
 247    0.0000101  -0.00011474
 248    0.0000087  -0.00008966
 249    0.0000034  -0.00056085
 250    0.0000034  -0.00044569
 251    0.0000031  -0.00044409
 252    0.0000030  -0.00042315
 253    0.0000000  -0.00000264
 254    0.0000000  -0.00000303
 255    0.0000000  -0.00000218
 256    0.0000000  -0.00000298
 
----------------
 Final Energies 
----------------
Final NOF Total Energy =   -1592.0743437
 
Total Orbital Internal Iterations = 1550
Total Occupation Internal Iterations = 615
 
Elapsed time:  754.60 Seconds

---------------------------------
   Lowdin Population Analysis    
---------------------------------
 Idx  Atom   Population   Charge 
---------------------------------
  1     S    16.041      -0.041
  2     S    15.957       0.043
  3     S    15.956       0.044
  4     S    16.046      -0.046

---------------------------------
   M Diagnostic: 0.04
---------------------------------

Recovering execution output...
Moving from /scratch/pobleyef/168274 to /home-nas/pobleyef/Poison-Set/ncwomax/P30-5/GNOF/arina.168274
mkdir -p /home-nas/pobleyef/Poison-Set/ncwomax/P30-5/GNOF/arina.168274
mv /scratch/pobleyef/168274/* /home-nas/pobleyef/Poison-Set/ncwomax/P30-5/GNOF/arina.168274
