W4-11_109_bn3pi
/software/eb2024/easybuild/software/common/software/Julia/1.11.3-linux-x86_64/bin/julia
Job runing on nh003
Choosing scratch ...
Automatic scratch folder selection
/scratch/pobleyef/168268
/scratch/pobleyef/168268 directory
cp W4-11_109_bn3pi.jl W4-11_109_bn3pi.jld2 to  /scratch/pobleyef/168268/.
Computing Integrals
Elapsed time:    6.04 Seconds

Number of basis functions                   (NBF)    = 114
Number of auxiliary basis functions         (NBFAUX) = 152
Inactive Doubly occupied orbitals up to     (NO1)    = 0
No. considered Strongly Doubly occupied MOs (NDOC)   = 5
No. considered Strongly Singly occupied MOs (NSOC)   = 2
NO. of Weakly occ. per St. Doubly occ.  MOs (NCWO)   = 21
Dimension of the Nat. Orb. subspace         (NBF5)   = 112
No. of electrons                                     = 12
    No. of alpha electrons                           = 7
    No. of beta electrons                            = 5
Multiplicity                                         = 3

Geometry
========
 B       0.0000000       0.0000000      -0.7759500
 N       0.0000000       0.0000000       0.5542500

No violations of the orthonormality
No violations of the orthonormality
 
PNOF8/ADABelief Calculation
==================
 
  Nitext  Nit_orb  Time   Nit_occ  Time         Eelec          Etot           Ediff      maxdiff    MaxGrad_orb  Grad_occ
     1      10    2.9e+01   66    3.6e+01   -92.97057052   -79.04697678 -10091.97057052   0.003274   1.3e-02   1.7e-04 0.03
     2      20    2.7e+00   25    5.0e-01   -93.17485599   -79.25126225    -0.20428547   0.177014   7.1e-01   2.0e-04 0.03
     3      20    2.9e+00   47    7.6e-01   -93.19525179   -79.27165805    -0.02039580   0.125800   5.0e-01   1.8e-04 0.03
     4      20    2.7e+00   28    4.7e-01   -93.21027978   -79.28668604    -0.01502799   0.008249   3.3e-02   1.6e-04 0.03
     5      20    2.6e+00   18    3.6e-01   -93.21493983   -79.29134609    -0.00466005   0.020217   8.1e-02   1.5e-04 0.03
     6      20    2.8e+00   13    2.7e-01   -93.21776968   -79.29417593    -0.00282985   0.014865   5.9e-02   2.0e-04 0.03
     7      20    2.7e+00   12    2.9e-01   -93.21893187   -79.29533813    -0.00116220   0.021334   8.5e-02   2.4e-04 0.03
     8      20    2.6e+00   15    2.7e-01   -93.22179490   -79.29820116    -0.00286303   0.020117   8.0e-02   2.1e-04 0.03
     9      20    2.7e+00    5    1.2e-01   -93.22276294   -79.29916920    -0.00096804   0.015575   6.2e-02   1.6e-04 0.03
    10      20    2.7e+00    5    1.5e-01   -93.22395951   -79.30036576    -0.00119656   0.014111   5.6e-02   1.9e-04 0.03
    11      20    2.6e+00    5    1.7e-01   -93.22451055   -79.30091680    -0.00055104   0.014630   5.9e-02   2.1e-04 0.03
    12      20    2.7e+00   10    2.8e-01   -93.22496702   -79.30137327    -0.00045647   0.014280   5.7e-02   1.8e-04 0.03
    13      20    2.5e+00   14    3.1e-01   -93.22568041   -79.30208667    -0.00071340   0.019702   7.9e-02   1.4e-04 0.03
    14      20    2.4e+00    3    1.5e-01   -93.22626303   -79.30266929    -0.00058262   0.017861   7.1e-02   1.7e-04 0.03
    15      20    2.6e+00    3    1.6e-01   -93.22646744   -79.30287370    -0.00020441   0.014836   5.9e-02   1.9e-04 0.03
    16      20    2.6e+00    0    3.4e-02   -93.22648937   -79.30289562    -0.00002193   0.014836   5.9e-02   1.9e-04 0.03
    17      40    5.4e+00    3    1.1e-01   -93.22795619   -79.30436245    -0.00146683   0.002277   9.1e-03   2.1e-04 0.03
    18      40    5.5e+00    0    2.8e-02   -93.22796716   -79.30437341    -0.00001096   0.002277   9.1e-03   2.1e-04 0.03
    19      43    5.7e+00    4    7.8e-02   -93.22800254   -79.30440879    -0.00003538   0.000487   1.9e-03   1.6e-04 0.03
 
RESULTS OF THE OCCUPATION OPTIMIZATION
========================================
   1    1.9999483  -15.61573123
   2    1.9997767  -7.69802191
   3    1.9798178  -1.09492733
   4    1.9685453  -0.57437336
   5    1.9589243  -0.46084769
   6    1.0000000  -0.27119358
   7    1.0000000  -0.26606168
   8    0.0285400  -0.03150864
   9    0.0131579  -0.01787863
  10    0.0108491  -0.02317236
  11    0.0001707  -0.00242836
  12    0.0000453  -0.00136888
  13    0.0041593  -0.00638304
  14    0.0078269  -0.01486911
  15    0.0021513  -0.00746855
  16    0.0000138  -0.00024071
  17    0.0000023  -0.00005903
  18    0.0031659  -0.00494468
  19    0.0038890  -0.00774578
  20    0.0020428  -0.00510080
  21    0.0000080  -0.00012137
  22    0.0000012  -0.00006598
  23    0.0028043  -0.00440524
  24    0.0026208  -0.00516784
  25    0.0015764  -0.00390615
  26    0.0000076  -0.00007932
  27    0.0000008  -0.00001578
  28    0.0005624  -0.00102830
  29    0.0011643  -0.00271172
  30    0.0009211  -0.00405743
  31    0.0000048  -0.00005282
  32    0.0000002  -0.00000365
  33    0.0004553  -0.00086351
  34    0.0011152  -0.00283891
  35    0.0007180  -0.00191919
  36    0.0000041  -0.00008326
  37    0.0000002  -0.00000375
  38    0.0003677  -0.00081694
  39    0.0004433  -0.00111537
  40    0.0006163  -0.00371729
  41    0.0000022  -0.00002932
  42    0.0000002  -0.00000222
  43    0.0003008  -0.00064000
  44    0.0003876  -0.00094032
  45    0.0002301  -0.00074117
  46    0.0000020  -0.00002823
  47    0.0000002  -0.00000217
  48    0.0002117  -0.00048945
  49    0.0002263  -0.00060264
  50    0.0001969  -0.00061004
  51    0.0000011  -0.00001850
  52    0.0000002  -0.00000204
  53    0.0001903  -0.00045545
  54    0.0001828  -0.00047977
  55    0.0001736  -0.00054270
  56    0.0000010  -0.00001618
  57    0.0000001  -0.00000181
  58    0.0001410  -0.00036797
  59    0.0001610  -0.00045295
  60    0.0001519  -0.00050021
  61    0.0000009  -0.00001425
  62    0.0000001  -0.00000155
  63    0.0000305  -0.00008241
  64    0.0000790  -0.00023755
  65    0.0001104  -0.00041619
  66    0.0000009  -0.00001426
  67    0.0000001  -0.00000156
  68    0.0000233  -0.00007755
  69    0.0000472  -0.00016703
  70    0.0000624  -0.00022136
  71    0.0000009  -0.00001359
  72    0.0000001  -0.00000146
  73    0.0000210  -0.00007304
  74    0.0000281  -0.00013486
  75    0.0000610  -0.00019748
  76    0.0000009  -0.00001325
  77    0.0000001  -0.00000128
  78    0.0000184  -0.00006239
  79    0.0000256  -0.00009620
  80    0.0000559  -0.00020798
  81    0.0000008  -0.00001011
  82    0.0000001  -0.00000101
  83    0.0000168  -0.00006427
  84    0.0000195  -0.00008201
  85    0.0000535  -0.00019595
  86    0.0000007  -0.00000964
  87    0.0000001  -0.00000093
  88    0.0000159  -0.00005579
  89    0.0000188  -0.00007485
  90    0.0000492  -0.00016426
  91    0.0000007  -0.00000975
  92    0.0000001  -0.00000090
  93    0.0000140  -0.00005674
  94    0.0000174  -0.00007195
  95    0.0000491  -0.00017476
  96    0.0000007  -0.00000889
  97    0.0000001  -0.00000025
  98    0.0000132  -0.00005174
  99    0.0000165  -0.00006574
 100    0.0000455  -0.00015908
 101    0.0000006  -0.00000953
 102    0.0000001  -0.00000040
 103    0.0000128  -0.00004933
 104    0.0000144  -0.00005695
 105    0.0000394  -0.00015568
 106    0.0000005  -0.00002710
 107    0.0000001  -0.00000022
 108    0.0000113  -0.00004714
 109    0.0000132  -0.00005441
 110    0.0000285  -0.00011083
 111    0.0000005  -0.00001971
 112    0.0000001  -0.00000015
 
----------------
 Final Energies 
----------------
Final NOF Total Energy =     -79.3044088
 
Total Orbital Internal Iterations = 433
Total Occupation Internal Iterations = 276
 
Elapsed time:  145.59 Seconds

---------------------------------
   Lowdin Population Analysis    
---------------------------------
 Idx  Atom   Population   Charge 
---------------------------------
  1     B     5.175      -0.175
  2     N     6.825       0.175

---------------------------------
   M Diagnostic: 0.03
---------------------------------

Recovering execution output...
Moving from /scratch/pobleyef/168268 to /home-nas/pobleyef/Poison-Set/ncwomax/P30-5/GNOF/arina.168268
mkdir -p /home-nas/pobleyef/Poison-Set/ncwomax/P30-5/GNOF/arina.168268
mv /scratch/pobleyef/168268/* /home-nas/pobleyef/Poison-Set/ncwomax/P30-5/GNOF/arina.168268
