W4-11_41_sif4
/software/eb2024/easybuild/software/common/software/Julia/1.11.3-linux-x86_64/bin/julia
Job runing on nh005
Choosing scratch ...
Automatic scratch folder selection
/scratch/pobleyef/168281
/scratch/pobleyef/168281 directory
cp W4-11_41_sif4.jl W4-11_41_sif4.jld2 to  /scratch/pobleyef/168281/.
Computing Integrals
Elapsed time:    7.77 Seconds

Number of basis functions                   (NBF)    = 298
Number of auxiliary basis functions         (NBFAUX) = 436
Inactive Doubly occupied orbitals up to     (NO1)    = 0
No. considered Strongly Doubly occupied MOs (NDOC)   = 25
No. considered Strongly Singly occupied MOs (NSOC)   = 0
NO. of Weakly occ. per St. Doubly occ.  MOs (NCWO)   = 10
Dimension of the Nat. Orb. subspace         (NBF5)   = 275
No. of electrons                                     = 50
    No. of alpha electrons                           = 25
    No. of beta electrons                            = 25
Multiplicity                                         = 1

Geometry
========
 F       0.9009150       0.9009150       0.9009150
Si       0.0000000       0.0000000       0.0000000
 F      -0.9009150      -0.9009150       0.9009150
 F      -0.9009150       0.9009150      -0.9009150
 F       0.9009150      -0.9009150      -0.9009150

No violations of the orthonormality
No violations of the orthonormality
 
PNOF8/ADABelief Calculation
==================
 
  Nitext  Nit_orb  Time   Nit_occ  Time         Eelec          Etot           Ediff      maxdiff    MaxGrad_orb  Grad_occ
     1      10    3.3e+01   71    4.5e+01  -959.12630481  -687.28180476 -10958.12630481   0.004006   1.3e-02   2.4e-04 0.02
     2      20    7.6e+00   58    6.7e+00  -960.30051169  -688.45601164    -1.17420688   0.499432   2.0e+00   2.9e-04 0.02
     3      20    7.6e+00   32    3.8e+00  -960.48100290  -688.63650285    -0.18049121   0.051956   2.1e-01   3.1e-04 0.02
     4      20    7.7e+00   25    3.1e+00  -960.49314752  -688.64864747    -0.01214462   0.044361   1.8e-01   2.8e-04 0.02
     5      20    7.4e+00   25    3.1e+00  -960.51046848  -688.66596843    -0.01732097   0.046069   1.8e-01   2.6e-04 0.02
     6      20    7.8e+00   22    2.8e+00  -960.52362102  -688.67912097    -0.01315253   0.047476   1.9e-01   2.1e-04 0.02
     7      20    7.3e+00   17    2.3e+00  -960.53057929  -688.68607923    -0.00695827   0.047490   1.9e-01   2.7e-04 0.02
     8      20    7.4e+00    0    3.4e-01  -960.53097466  -688.68647461    -0.00039537   0.047490   1.9e-01   2.7e-04 0.02
     9      40    1.5e+01   24    3.0e+00  -960.56476124  -688.72026119    -0.03378658   0.006905   2.8e-02   2.3e-04 0.02
    10      40    1.5e+01   17    2.2e+00  -960.56560483  -688.72110478    -0.00084358   0.090655   3.6e-01   2.0e-04 0.02
    11      40    1.5e+01   19    2.4e+00  -960.56653590  -688.72203585    -0.00093108   0.008562   3.4e-02   2.9e-04 0.02
    12      40    1.5e+01   24    3.1e+00  -960.56712212  -688.72262207    -0.00058621   0.008533   3.4e-02   1.7e-04 0.02
    13      40    1.5e+01    8    1.3e+00  -960.56772416  -688.72322411    -0.00060204   0.008416   3.4e-02   2.1e-04 0.02
    14      40    1.5e+01   11    1.7e+00  -960.56815632  -688.72365627    -0.00043216   0.008182   3.3e-02   2.3e-04 0.02
    15      40    1.5e+01    5    9.1e-01  -960.56839147  -688.72389142    -0.00023515   0.005866   2.3e-02   2.8e-04 0.02
    16      40    1.5e+01   15    2.1e+00  -960.56861222  -688.72411217    -0.00022075   0.005761   2.3e-02   1.9e-04 0.02
    17      40    1.5e+01    4    8.5e-01  -960.56886479  -688.72436474    -0.00025258   0.005797   2.3e-02   2.5e-04 0.02
    18      40    1.5e+01   10    1.5e+00  -960.56901732  -688.72451727    -0.00015253   0.005432   2.2e-02   2.3e-04 0.02
    19      40    1.5e+01   10    1.5e+00  -960.56919527  -688.72469522    -0.00017795   0.006819   2.7e-02   2.5e-04 0.02
    20      40    1.5e+01    5    9.4e-01  -960.56932142  -688.72482137    -0.00012615   0.005717   2.3e-02   2.1e-04 0.02
    21      40    1.5e+01    8    1.3e+00  -960.56940605  -688.72490600    -0.00008463   0.005371   2.1e-02   2.5e-04 0.02
    22      40    1.5e+01    5    9.2e-01  -960.56947132  -688.72497126    -0.00006526   0.005138   2.1e-02   2.8e-04 0.02
    23      40    1.5e+01    8    1.3e+00  -960.56963135  -688.72513130    -0.00016003   0.004718   1.9e-02   2.2e-04 0.02
    24      40    1.5e+01    2    5.5e-01  -960.56969731  -688.72519726    -0.00006597   0.004566   1.8e-02   2.0e-04 0.02
    25      40    1.5e+01    1    4.6e-01  -960.56981948  -688.72531943    -0.00012217   0.004554   1.8e-02   2.7e-04 0.02
    26      40    1.5e+01    8    1.3e+00  -960.56986485  -688.72536480    -0.00004537   0.004594   1.8e-02   2.3e-04 0.02
    27      40    1.5e+01    1    5.0e-01  -960.56995431  -688.72545425    -0.00008945   0.005060   2.0e-02   2.7e-04 0.02
    28      40    1.5e+01    3    6.9e-01  -960.56996298  -688.72546292    -0.00000867   0.004681   1.9e-02   2.6e-04 0.02
    29      40    1.5e+01    3    7.2e-01  -960.57004577  -688.72554572    -0.00008280   0.005146   2.1e-02   3.2e-04 0.02
    30      40    1.5e+01    3    7.0e-01  -960.57009049  -688.72559044    -0.00004472   0.005217   2.1e-02   2.8e-04 0.02
    31      40    1.5e+01    7    1.2e+00  -960.57014835  -688.72564830    -0.00005786   0.004969   2.0e-02   2.5e-04 0.02
    32      40    1.5e+01    3    6.9e-01  -960.57017903  -688.72567898    -0.00003068   0.005628   2.3e-02   2.4e-04 0.02
    33      40    1.5e+01    0    3.9e-01  -960.57018302  -688.72568297    -0.00000399   0.005628   2.3e-02   2.4e-04 0.02
    34      60    2.2e+01    0    3.5e-01  -960.57073151  -688.72623146    -0.00054849   0.000589   2.4e-03   2.3e-04 0.02
 
RESULTS OF THE OCCUPATION OPTIMIZATION
========================================
   1    1.9999982  -68.97509975
   2    1.9999800  -26.38107688
   3    1.9999809  -26.38104359
   4    1.9999792  -26.38103955
   5    1.9999799  -26.38103513
   6    1.9986954  -6.26448770
   7    1.9978333  -4.38961928
   8    1.9968010  -4.38594637
   9    1.9975444  -4.38508764
  10    1.9882315  -1.62092047
  11    1.9881670  -1.61820396
  12    1.9874627  -1.61280141
  13    1.9864930  -1.60267512
  14    1.9751026  -0.89957834
  15    1.9767386  -0.88666021
  16    1.9746650  -0.88142932
  17    1.9748406  -0.87695936
  18    1.9803916  -0.75830925
  19    1.9805940  -0.75773301
  20    1.9811585  -0.75759460
  21    1.9799575  -0.75747798
  22    1.9805245  -0.75684352
  23    1.9795527  -0.75629379
  24    1.9804423  -0.75502620
  25    1.9786770  -0.75371668
  26    0.0088878  -0.02016884
  27    0.0094157  -0.02072231
  28    0.0102841  -0.02159816
  29    0.0123243  -0.02367772
  30    0.0133141  -0.02504241
  31    0.0116230  -0.02339003
  32    0.0121245  -0.02364623
  33    0.0124854  -0.02420080
  34    0.0180648  -0.04166144
  35    0.0184142  -0.04226133
  36    0.0169579  -0.04052552
  37    0.0204796  -0.04544414
  38    0.0063634  -0.02269807
  39    0.0062654  -0.02328481
  40    0.0067754  -0.02330300
  41    0.0067123  -0.02330221
  42    0.0018381  -0.01210026
  43    0.0025957  -0.02244600
  44    0.0017662  -0.01139197
  45    0.0011367  -0.00915835
  46    0.0000051  -0.00019117
  47    0.0000046  -0.00013285
  48    0.0000045  -0.00014749
  49    0.0000047  -0.00019666
  50    0.0000010  -0.00002460
  51    0.0040662  -0.01236846
  52    0.0042910  -0.01315697
  53    0.0043194  -0.01212796
  54    0.0046997  -0.01130503
  55    0.0045603  -0.01098578
  56    0.0044427  -0.01278061
  57    0.0044716  -0.01079462
  58    0.0045318  -0.01114412
  59    0.0031484  -0.00960432
  60    0.0031765  -0.00928887
  61    0.0030183  -0.01017208
  62    0.0033085  -0.00950112
  63    0.0029244  -0.00992878
  64    0.0027039  -0.01152675
  65    0.0030952  -0.00999258
  66    0.0030960  -0.01202915
  67    0.0003287  -0.00514221
  68    0.0003933  -0.00597078
  69    0.0001530  -0.00329602
  70    0.0000591  -0.00108828
  71    0.0000034  -0.00014235
  72    0.0000036  -0.00013866
  73    0.0000030  -0.00009229
  74    0.0000036  -0.00012847
  75    0.0000003  -0.00004588
  76    0.0038190  -0.01101362
  77    0.0040633  -0.01162640
  78    0.0039827  -0.01037176
  79    0.0009702  -0.00386150
  80    0.0009240  -0.00362056
  81    0.0008907  -0.00352990
  82    0.0009883  -0.00402198
  83    0.0008496  -0.00332087
  84    0.0031278  -0.00939210
  85    0.0031584  -0.00931764
  86    0.0024585  -0.00907463
  87    0.0003099  -0.00124709
  88    0.0028977  -0.00969269
  89    0.0021121  -0.00976987
  90    0.0006312  -0.00544841
  91    0.0008912  -0.00626743
  92    0.0001259  -0.00127044
  93    0.0001115  -0.00101570
  94    0.0000855  -0.00156358
  95    0.0000435  -0.00083371
  96    0.0000028  -0.00009253
  97    0.0000034  -0.00011545
  98    0.0000027  -0.00007011
  99    0.0000029  -0.00007621
 100    0.0000001  -0.00000476
 101    0.0035735  -0.01046528
 102    0.0006863  -0.00275802
 103    0.0008402  -0.00336191
 104    0.0004624  -0.00169532
 105    0.0004464  -0.00164684
 106    0.0006130  -0.00375960
 107    0.0006520  -0.00328002
 108    0.0006353  -0.00341587
 109    0.0002604  -0.00112579
 110    0.0002368  -0.00101863
 111    0.0002956  -0.00123950
 112    0.0002778  -0.00114755
 113    0.0005803  -0.00540135
 114    0.0005707  -0.00296219
 115    0.0004139  -0.00239843
 116    0.0003239  -0.00154425
 117    0.0000608  -0.00093018
 118    0.0000265  -0.00031121
 119    0.0000606  -0.00116784
 120    0.0000122  -0.00033631
 121    0.0000020  -0.00005398
 122    0.0000031  -0.00010539
 123    0.0000024  -0.00006378
 124    0.0000021  -0.00005701
 125    0.0000001  -0.00000374
 126    0.0004059  -0.00154880
 127    0.0005289  -0.00244120
 128    0.0004247  -0.00156644
 129    0.0003337  -0.00121579
 130    0.0003145  -0.00117055
 131    0.0004416  -0.00182486
 132    0.0004496  -0.00170592
 133    0.0004503  -0.00163325
 134    0.0002257  -0.00097448
 135    0.0002229  -0.00099095
 136    0.0002322  -0.00102400
 137    0.0002212  -0.00096137
 138    0.0003513  -0.00179205
 139    0.0003004  -0.00137940
 140    0.0003251  -0.00149442
 141    0.0002718  -0.00122477
 142    0.0000422  -0.00105291
 143    0.0000145  -0.00020829
 144    0.0000354  -0.00102106
 145    0.0000091  -0.00042557
 146    0.0000018  -0.00004646
 147    0.0000018  -0.00004680
 148    0.0000022  -0.00006049
 149    0.0000019  -0.00004904
 150    0.0000001  -0.00000364
 151    0.0002620  -0.00105522
 152    0.0004176  -0.00156478
 153    0.0002694  -0.00106975
 154    0.0003125  -0.00115786
 155    0.0003138  -0.00117617
 156    0.0004220  -0.00158294
 157    0.0003138  -0.00118519
 158    0.0003059  -0.00115030
 159    0.0002249  -0.00096690
 160    0.0000616  -0.00029690
 161    0.0002267  -0.00098921
 162    0.0002193  -0.00096051
 163    0.0002323  -0.00109218
 164    0.0002578  -0.00120435
 165    0.0002469  -0.00114823
 166    0.0002627  -0.00119175
 167    0.0000136  -0.00022133
 168    0.0000117  -0.00013364
 169    0.0000164  -0.00018013
 170    0.0000090  -0.00018045
 171    0.0000013  -0.00003376
 172    0.0000014  -0.00004150
 173    0.0000016  -0.00003969
 174    0.0000018  -0.00004505
 175    0.0000001  -0.00000323
 176    0.0002455  -0.00101211
 177    0.0000884  -0.00043846
 178    0.0002628  -0.00104204
 179    0.0002755  -0.00109790
 180    0.0000946  -0.00047606
 181    0.0003163  -0.00119715
 182    0.0002992  -0.00114767
 183    0.0002771  -0.00110489
 184    0.0000607  -0.00029553
 185    0.0000180  -0.00013737
 186    0.0000221  -0.00015199
 187    0.0000348  -0.00020824
 188    0.0000675  -0.00039328
 189    0.0002549  -0.00119073
 190    0.0002297  -0.00111510
 191    0.0001389  -0.00092278
 192    0.0000117  -0.00013432
 193    0.0000115  -0.00013418
 194    0.0000126  -0.00014090
 195    0.0000089  -0.00016022
 196    0.0000013  -0.00002942
 197    0.0000008  -0.00002193
 198    0.0000011  -0.00002375
 199    0.0000011  -0.00002460
 200    0.0000001  -0.00000285
 201    0.0000275  -0.00019550
 202    0.0000301  -0.00019051
 203    0.0000270  -0.00016853
 204    0.0000498  -0.00028386
 205    0.0000354  -0.00021102
 206    0.0000542  -0.00028680
 207    0.0000682  -0.00033836
 208    0.0000336  -0.00020778
 209    0.0000160  -0.00012705
 210    0.0000162  -0.00012189
 211    0.0000183  -0.00014738
 212    0.0000159  -0.00012285
 213    0.0000472  -0.00028709
 214    0.0000279  -0.00019692
 215    0.0000751  -0.00043815
 216    0.0000289  -0.00020467
 217    0.0000117  -0.00013580
 218    0.0000115  -0.00013287
 219    0.0000125  -0.00013894
 220    0.0000087  -0.00012254
 221    0.0000011  -0.00002429
 222    0.0000007  -0.00001537
 223    0.0000009  -0.00002235
 224    0.0000010  -0.00002239
 225    0.0000001  -0.00000261
 226    0.0000180  -0.00015462
 227    0.0000183  -0.00013414
 228    0.0000189  -0.00014400
 229    0.0000241  -0.00017241
 230    0.0000202  -0.00015391
 231    0.0000193  -0.00014318
 232    0.0000198  -0.00014927
 233    0.0000201  -0.00014711
 234    0.0000154  -0.00011909
 235    0.0000154  -0.00011630
 236    0.0000160  -0.00012351
 237    0.0000153  -0.00011652
 238    0.0000225  -0.00018182
 239    0.0000232  -0.00018828
 240    0.0000219  -0.00018299
 241    0.0000238  -0.00018382
 242    0.0000115  -0.00012962
 243    0.0000114  -0.00013573
 244    0.0000125  -0.00014208
 245    0.0000087  -0.00012419
 246    0.0000008  -0.00001556
 247    0.0000007  -0.00001472
 248    0.0000004  -0.00005049
 249    0.0000005  -0.00001087
 250    0.0000001  -0.00000234
 251    0.0000175  -0.00013922
 252    0.0000180  -0.00013393
 253    0.0000181  -0.00013573
 254    0.0000234  -0.00017310
 255    0.0000193  -0.00014493
 256    0.0000187  -0.00013501
 257    0.0000189  -0.00013870
 258    0.0000194  -0.00014041
 259    0.0000152  -0.00011723
 260    0.0000151  -0.00011520
 261    0.0000157  -0.00012148
 262    0.0000153  -0.00011686
 263    0.0000204  -0.00017728
 264    0.0000211  -0.00018246
 265    0.0000186  -0.00016020
 266    0.0000190  -0.00015808
 267    0.0000114  -0.00013034
 268    0.0000114  -0.00013970
 269    0.0000122  -0.00013785
 270    0.0000086  -0.00012051
 271    0.0000007  -0.00001369
 272    0.0000006  -0.00001389
 273    0.0000004  -0.00004866
 274    0.0000004  -0.00005417
 275    0.0000000  -0.00000223
 
----------------
 Final Energies 
----------------
Final NOF Total Energy =    -688.7262315
 
Total Orbital Internal Iterations = 1210
Total Occupation Internal Iterations = 454
 
Elapsed time:  634.47 Seconds

---------------------------------
   Lowdin Population Analysis    
---------------------------------
 Idx  Atom   Population   Charge 
---------------------------------
  1     F     8.683       0.317
  2    Si    15.264      -1.264
  3     F     8.683       0.317
  4     F     8.685       0.315
  5     F     8.685       0.315

---------------------------------
   M Diagnostic: 0.02
---------------------------------

Recovering execution output...
Moving from /scratch/pobleyef/168281 to /home-nas/pobleyef/Poison-Set/ncwomax/P30-5/GNOF/arina.168281
mkdir -p /home-nas/pobleyef/Poison-Set/ncwomax/P30-5/GNOF/arina.168281
mv /scratch/pobleyef/168281/* /home-nas/pobleyef/Poison-Set/ncwomax/P30-5/GNOF/arina.168281
