W4-11-n
/software/eb2024/easybuild/software/common/software/Julia/1.11.3-linux-x86_64/bin/julia
Job runing on nh038
Choosing scratch ...
Automatic scratch folder selection
/scratch/pobleyef/284220
/scratch/pobleyef/284220 directory
cp W4-11-n.jl W4-11-n.jld2 to  /scratch/pobleyef/284220/.
Computing Integrals
Basis Set                                            = def2-qzvp
Auxiliary Basis Set                                  = def2-universal-jkfit
Gaussian Type                                        = Spherical
Elapsed time:    3.45 Seconds

Number of basis functions                   (NBF)    = 57
Number of auxiliary basis functions         (NBFAUX) = 77
Inactive Doubly occupied orbitals up to     (NO1)    = 0
No. considered Strongly Doubly occupied MOs (NDOC)   = 2
No. considered Strongly Singly occupied MOs (NSOC)   = 3
NO. of Weakly occ. per St. Doubly occ.  MOs (NCWO)   = 26
Dimension of the Nat. Orb. subspace         (NBF5)   = 57
No. of electrons                                     = 7
    No. of alpha electrons                           = 5
    No. of beta electrons                            = 2
Multiplicity                                         = 4

Geometry
========
 N       0.0000000       0.0000000       0.0000000

No violations of the orthonormality
No violations of the orthonormality
 
PNOF8/ADABelief Calculation
==================
 
  Nitext  Nit_orb  Time   Nit_occ  Time         Eelec          Etot           Ediff      maxdiff    MaxGrad_orb  Grad_occ
     1      10    2.7e+01   10    3.3e+01   -54.51781175   -54.51781175 -10053.51781175   0.022315   8.9e-02   7.7e-05 0.03
     2      20    9.2e-02   36    9.8e-02   -54.53095586   -54.53095586    -0.01314411   0.006234   2.5e-02   1.9e-04 0.02
     3      20    6.8e-02   10    3.6e-02   -54.53611344   -54.53611344    -0.00515759   0.003967   1.6e-02   1.2e-04 0.02
     4      20    8.1e-02    3    1.3e-02   -54.53752221   -54.53752221    -0.00140877   0.004486   1.8e-02   2.1e-04 0.02
     5      20    6.6e-02    3    9.8e-03   -54.53770774   -54.53770774    -0.00018553   0.004787   1.9e-02   2.4e-04 0.02
     6      20    6.3e-02   14    5.1e-02   -54.53787771   -54.53787771    -0.00016997   0.019006   7.6e-02   1.4e-04 0.02
     7      20    6.9e-02    2    7.5e-03   -54.53803996   -54.53803996    -0.00016225   0.013533   5.4e-02   1.3e-04 0.02
     8      20    6.2e-02    6    2.1e-02   -54.53819181   -54.53819181    -0.00015185   0.007978   3.2e-02   1.9e-04 0.02
     9      20    6.1e-02    2    7.9e-03   -54.53829684   -54.53829684    -0.00010503   0.006771   2.7e-02   1.2e-04 0.02
    10      20    6.2e-02    0    3.8e-03   -54.53830304   -54.53830304    -0.00000621   0.006771   2.7e-02   1.2e-04 0.02
    11      40    1.2e-01    0    3.9e-03   -54.53863635   -54.53863635    -0.00033331   0.000970   3.9e-03   1.5e-04 0.02
 
RESULTS OF THE OCCUPATION OPTIMIZATION
========================================
   1    1.9997272  -15.64871411
   2    1.9671772  -0.97015633
   3    1.0000000  -0.30169020
   4    1.0000000  -0.30166711
   5    1.0000000  -0.30165913
   6    0.0071116  -0.01511063
   7    0.0002131  -0.00552247
   8    0.0039861  -0.00666425
   9    0.0000127  -0.00022677
  10    0.0039639  -0.00664068
  11    0.0000096  -0.00034913
  12    0.0039338  -0.00663363
  13    0.0000058  -0.00006647
  14    0.0022393  -0.00401031
  15    0.0000046  -0.00006057
  16    0.0022346  -0.00400921
  17    0.0000020  -0.00003885
  18    0.0022275  -0.00400656
  19    0.0000020  -0.00003828
  20    0.0022167  -0.00400433
  21    0.0000018  -0.00003705
  22    0.0021957  -0.00400892
  23    0.0000017  -0.00003514
  24    0.0003832  -0.00095440
  25    0.0000016  -0.00003457
  26    0.0003831  -0.00095207
  27    0.0000015  -0.00003349
  28    0.0003812  -0.00094969
  29    0.0000015  -0.00003333
  30    0.0001609  -0.00043525
  31    0.0000014  -0.00003282
  32    0.0001609  -0.00043512
  33    0.0000014  -0.00003257
  34    0.0001609  -0.00043510
  35    0.0000014  -0.00003183
  36    0.0001608  -0.00043346
  37    0.0000013  -0.00003174
  38    0.0001608  -0.00043472
  39    0.0000013  -0.00003148
  40    0.0001607  -0.00043438
  41    0.0000013  -0.00003140
  42    0.0001604  -0.00043399
  43    0.0000013  -0.00003091
  44    0.0001128  -0.00031411
  45    0.0000012  -0.00002784
  46    0.0001103  -0.00031548
  47    0.0000011  -0.00003976
  48    0.0001098  -0.00031458
  49    0.0000011  -0.00001612
  50    0.0000720  -0.00028266
  51    0.0000009  -0.00000640
  52    0.0000122  -0.00005027
  53    0.0000006  -0.00000451
  54    0.0000121  -0.00005035
  55    0.0000005  -0.00000555
  56    0.0000117  -0.00005009
  57    0.0000004  -0.00002542
 
----------------
 Final Energies 
----------------
Final NOF Total Energy =     -54.5386364
 
Total Orbital Internal Iterations = 230
Total Occupation Internal Iterations = 86
 
Elapsed time:   80.46 Seconds

---------------------------------
   Lowdin Population Analysis    
---------------------------------
 Idx  Atom   Population   Charge 
---------------------------------
  1     N     7.000       0.000

---------------------------------
   M Diagnostic: 0.02
---------------------------------

Recovering execution output...
Moving from /scratch/pobleyef/284220 to /home-nas/pobleyef/Poison-NOF/ncwomax/P30-5/GNOF/arina.284220
mkdir -p /home-nas/pobleyef/Poison-NOF/ncwomax/P30-5/GNOF/arina.284220
mv /scratch/pobleyef/284220/* /home-nas/pobleyef/Poison-NOF/ncwomax/P30-5/GNOF/arina.284220
