W4-11_130_c2
/software/eb2024/easybuild/software/common/software/Julia/1.11.3-linux-x86_64/bin/julia
Job runing on nh002
Choosing scratch ...
Automatic scratch folder selection
/scratch/pobleyef/168275
/scratch/pobleyef/168275 directory
cp W4-11_130_c2.jl W4-11_130_c2.jld2 to  /scratch/pobleyef/168275/.
Computing Integrals
Elapsed time:    6.30 Seconds

Number of basis functions                   (NBF)    = 114
Number of auxiliary basis functions         (NBFAUX) = 150
Inactive Doubly occupied orbitals up to     (NO1)    = 0
No. considered Strongly Doubly occupied MOs (NDOC)   = 6
No. considered Strongly Singly occupied MOs (NSOC)   = 0
NO. of Weakly occ. per St. Doubly occ.  MOs (NCWO)   = 18
Dimension of the Nat. Orb. subspace         (NBF5)   = 114
No. of electrons                                     = 12
    No. of alpha electrons                           = 6
    No. of beta electrons                            = 6
Multiplicity                                         = 1

Geometry
========
 C       0.0000000       0.0000000       0.6200000
 C       0.0000000       0.0000000      -0.6200000

No violations of the orthonormality
No violations of the orthonormality
 
PNOF8/ADABelief Calculation
==================
 
  Nitext  Nit_orb  Time   Nit_occ  Time         Eelec          Etot           Ediff      maxdiff    MaxGrad_orb  Grad_occ
     1      10    3.0e+01  100    3.6e+01   -90.76493852   -75.40176067 -10089.76493852   0.039417   1.6e-01   1.7e-04 0.05
     2      20    2.7e+00   23    4.0e-01   -91.08922379   -75.72604595    -0.32428528   0.030080   1.2e-01   2.1e-04 0.04
     3      20    2.7e+00   15    3.3e-01   -91.10096599   -75.73778814    -0.01174219   0.009454   3.8e-02   1.7e-04 0.04
     4      20    2.5e+00   22    3.7e-01   -91.10587358   -75.74269573    -0.00490759   0.016547   6.6e-02   1.8e-04 0.04
     5      20    2.6e+00   14    2.7e-01   -91.10922184   -75.74604399    -0.00334826   0.017722   7.1e-02   1.9e-04 0.04
     6      20    2.7e+00   14    2.9e-01   -91.11202940   -75.74885155    -0.00280756   0.013163   5.3e-02   1.8e-04 0.04
     7      20    2.6e+00    7    2.9e-01   -91.11302170   -75.74984385    -0.00099230   0.015716   6.3e-02   2.4e-04 0.04
     8      20    2.7e+00    7    2.5e-01   -91.11414847   -75.75097063    -0.00112678   0.011044   4.4e-02   2.3e-04 0.04
     9      20    2.7e+00    5    1.6e-01   -91.11432186   -75.75114401    -0.00017338   0.017407   7.0e-02   2.0e-04 0.04
    10      20    2.8e+00    3    1.6e-01   -91.11467447   -75.75149663    -0.00035262   0.012832   5.1e-02   1.9e-04 0.04
    11      20    2.7e+00    0    9.6e-02   -91.11469134   -75.75151350    -0.00001686   0.012832   5.1e-02   1.9e-04 0.04
    12      40    5.5e+00    2    5.1e-02   -91.11526775   -75.75208991    -0.00057641   0.001055   4.2e-03   1.7e-04 0.04
    13      40    5.5e+00    0    2.2e-02   -91.11539137   -75.75221353    -0.00012362   0.001226   4.9e-03   2.1e-04 0.04
    14      50    6.6e+00    1    3.7e-02   -91.11559439   -75.75241654    -0.00020302   0.001479   5.9e-03   2.2e-04 0.04
    15      50    6.7e+00    3    6.1e-02   -91.11585841   -75.75268056    -0.00026402   0.001864   7.5e-03   1.4e-04 0.04
    16      50    6.8e+00    1    3.9e-02   -91.11612435   -75.75294650    -0.00026594   0.002903   1.2e-02   2.0e-04 0.04
    17      50    6.9e+00    3    1.4e-01   -91.11642509   -75.75324724    -0.00030074   0.002274   9.1e-03   1.5e-04 0.04
    18      50    6.8e+00    3    1.0e-01   -91.11674067   -75.75356283    -0.00031559   0.002452   9.8e-03   1.6e-04 0.04
    19      50    6.7e+00    1    1.1e-01   -91.11702012   -75.75384228    -0.00027945   0.001958   7.8e-03   2.3e-04 0.04
    20      50    6.8e+00    3    1.0e-01   -91.11722025   -75.75404240    -0.00020013   0.001864   7.5e-03   1.8e-04 0.04
    21      50    6.9e+00    1    3.8e-02   -91.11741141   -75.75423357    -0.00019116   0.001826   7.3e-03   2.9e-04 0.04
    22      50    6.9e+00    3    1.2e-01   -91.11751708   -75.75433924    -0.00010567   0.001575   6.3e-03   2.3e-04 0.04
    23      50    6.7e+00    3    1.8e-01   -91.11761603   -75.75443818    -0.00009895   0.001551   6.2e-03   2.0e-04 0.04
    24      50    6.8e+00    9    2.5e-01   -91.11768677   -75.75450893    -0.00007075   0.001504   6.0e-03   1.3e-04 0.04
    25      50    6.6e+00    1    4.0e-02   -91.11776035   -75.75458251    -0.00007358   0.001373   5.5e-03   2.1e-04 0.04
    26      50    6.6e+00    3    1.4e-01   -91.11776807   -75.75459022    -0.00000771   0.001474   5.9e-03   1.6e-04 0.04
    27      50    6.8e+00    2    4.5e-02   -91.11779315   -75.75461531    -0.00002508   0.001210   4.8e-03   1.8e-04 0.04
    28      50    6.8e+00    5    1.2e-01   -91.11781680   -75.75463896    -0.00002365   0.001790   7.2e-03   1.7e-04 0.04
    29      50    6.8e+00    5    9.0e-02   -91.11787365   -75.75469581    -0.00005685   0.001967   7.9e-03   1.6e-04 0.04
    30      50    6.8e+00    5    1.7e-01   -91.11795798   -75.75478013    -0.00008432   0.001613   6.5e-03   1.4e-04 0.04
    31      50    6.8e+00    4    1.1e-01   -91.11804595   -75.75486810    -0.00008797   0.001568   6.3e-03   2.2e-04 0.04
    32      50    6.6e+00    5    1.1e-01   -91.11810756   -75.75492972    -0.00006162   0.001658   6.6e-03   1.6e-04 0.04
    33      50    6.8e+00    0    4.3e-02   -91.11814732   -75.75496948    -0.00003976   0.001566   6.3e-03   1.9e-04 0.04
    34      60    8.3e+00    5    2.1e-01   -91.11815468   -75.75497683    -0.00000735   0.001343   5.4e-03   1.7e-04 0.04
    35      60    8.1e+00    0    2.2e-02   -91.11818325   -75.75500541    -0.00002858   0.001244   5.0e-03   1.9e-04 0.04
    36      70    9.7e+00    0    2.8e-02   -91.11818940   -75.75501156    -0.00000614   0.001434   5.7e-03   1.9e-04 0.04
    37      80    1.1e+01    1    3.6e-02   -91.11819422   -75.75501638    -0.00000482   0.000976   3.9e-03   2.2e-04 0.04
 
RESULTS OF THE OCCUPATION OPTIMIZATION
========================================
   1    1.9999493  -11.34520869
   2    1.9998611  -11.34434501
   3    1.9818441  -1.06605391
   4    1.9606094  -0.53138052
   5    1.9633481  -0.51082045
   6    1.9676314  -0.51074940
   7    0.0203862  -0.02587878
   8    0.0282627  -0.03362643
   9    0.0373015  -0.03979453
  10    0.0070900  -0.01737318
  11    0.0001315  -0.00259656
  12    0.0000443  -0.00098366
  13    0.0038388  -0.00647648
  14    0.0033282  -0.00607542
  15    0.0007398  -0.00144181
  16    0.0037551  -0.01162830
  17    0.0000019  -0.00011516
  18    0.0000013  -0.00010482
  19    0.0032976  -0.00654346
  20    0.0024073  -0.00407827
  21    0.0007034  -0.00136961
  22    0.0017629  -0.00444547
  23    0.0000010  -0.00001919
  24    0.0000006  -0.00001340
  25    0.0027590  -0.00465838
  26    0.0008529  -0.00195156
  27    0.0001348  -0.00036955
  28    0.0014570  -0.00425290
  29    0.0000005  -0.00001417
  30    0.0000005  -0.00001294
  31    0.0013646  -0.00297800
  32    0.0003477  -0.00083647
  33    0.0000932  -0.00023760
  34    0.0010900  -0.00335994
  35    0.0000005  -0.00001230
  36    0.0000004  -0.00001127
  37    0.0001806  -0.00046195
  38    0.0003197  -0.00076710
  39    0.0000877  -0.00022451
  40    0.0009673  -0.00297789
  41    0.0000004  -0.00000927
  42    0.0000004  -0.00000774
  43    0.0001450  -0.00036863
  44    0.0003146  -0.00071241
  45    0.0000745  -0.00020298
  46    0.0007934  -0.00297003
  47    0.0000003  -0.00000693
  48    0.0000003  -0.00001275
  49    0.0001042  -0.00025942
  50    0.0002739  -0.00070508
  51    0.0000580  -0.00016633
  52    0.0004290  -0.00289252
  53    0.0000003  -0.00000551
  54    0.0000003  -0.00000782
  55    0.0000752  -0.00022057
  56    0.0002262  -0.00051830
  57    0.0000532  -0.00017449
  58    0.0001879  -0.00059161
  59    0.0000003  -0.00000420
  60    0.0000003  -0.00000627
  61    0.0000607  -0.00018934
  62    0.0001379  -0.00032169
  63    0.0000400  -0.00012236
  64    0.0001499  -0.00047718
  65    0.0000003  -0.00000356
  66    0.0000003  -0.00000643
  67    0.0000431  -0.00015128
  68    0.0000649  -0.00018658
  69    0.0000286  -0.00008970
  70    0.0001367  -0.00043234
  71    0.0000002  -0.00000237
  72    0.0000003  -0.00000479
  73    0.0000336  -0.00010873
  74    0.0000249  -0.00009259
  75    0.0000153  -0.00005752
  76    0.0000934  -0.00031290
  77    0.0000002  -0.00000183
  78    0.0000003  -0.00000461
  79    0.0000180  -0.00006562
  80    0.0000203  -0.00006962
  81    0.0000130  -0.00004740
  82    0.0000929  -0.00030876
  83    0.0000002  -0.00000216
  84    0.0000002  -0.00000314
  85    0.0000146  -0.00005591
  86    0.0000180  -0.00006321
  87    0.0000121  -0.00004588
  88    0.0000659  -0.00022039
  89    0.0000002  -0.00000159
  90    0.0000002  -0.00000134
  91    0.0000139  -0.00004991
  92    0.0000176  -0.00005495
  93    0.0000104  -0.00003745
  94    0.0000292  -0.00014061
  95    0.0000002  -0.00000139
  96    0.0000002  -0.00000123
  97    0.0000119  -0.00004406
  98    0.0000140  -0.00004519
  99    0.0000100  -0.00003730
 100    0.0000218  -0.00008977
 101    0.0000002  -0.00000092
 102    0.0000002  -0.00000065
 103    0.0000115  -0.00004085
 104    0.0000123  -0.00004052
 105    0.0000080  -0.00002975
 106    0.0000170  -0.00011222
 107    0.0000002  -0.00000118
 108    0.0000002  -0.00000047
 109    0.0000101  -0.00003838
 110    0.0000090  -0.00003548
 111    0.0000072  -0.00002935
 112    0.0000164  -0.00013399
 113    0.0000002  -0.00000050
 114    0.0000002  -0.00000030
 
----------------
 Final Energies 
----------------
Final NOF Total Energy =     -75.7550164
 
Total Orbital Internal Iterations = 1560
Total Occupation Internal Iterations = 279
 
Elapsed time:  302.33 Seconds

---------------------------------
   Lowdin Population Analysis    
---------------------------------
 Idx  Atom   Population   Charge 
---------------------------------
  1     C     5.999       0.001
  2     C     6.001      -0.001

---------------------------------
   M Diagnostic: 0.04
---------------------------------

Recovering execution output...
Moving from /scratch/pobleyef/168275 to /home-nas/pobleyef/Poison-Set/ncwomax/P30-5/GNOF/arina.168275
mkdir -p /home-nas/pobleyef/Poison-Set/ncwomax/P30-5/GNOF/arina.168275
mv /scratch/pobleyef/168275/* /home-nas/pobleyef/Poison-Set/ncwomax/P30-5/GNOF/arina.168275
