W4-11_114_c-hooo
/software/eb2024/easybuild/software/common/software/Julia/1.11.3-linux-x86_64/bin/julia
Job runing on nh029
Choosing scratch ...
Automatic scratch folder selection
/scratch/pobleyef/168270
/scratch/pobleyef/168270 directory
cp W4-11_114_c-hooo.jl W4-11_114_c-hooo.jld2 to  /scratch/pobleyef/168270/.
Computing Integrals
Elapsed time:    6.82 Seconds

Number of basis functions                   (NBF)    = 201
Number of auxiliary basis functions         (NBFAUX) = 249
Inactive Doubly occupied orbitals up to     (NO1)    = 0
No. considered Strongly Doubly occupied MOs (NDOC)   = 12
No. considered Strongly Singly occupied MOs (NSOC)   = 1
NO. of Weakly occ. per St. Doubly occ.  MOs (NCWO)   = 15
Dimension of the Nat. Orb. subspace         (NBF5)   = 193
No. of electrons                                     = 25
    No. of alpha electrons                           = 13
    No. of beta electrons                            = 12
Multiplicity                                         = 2

Geometry
========
 O       1.1439430       0.0753540       0.0000000
 O       0.0000000       0.5769450       0.0000000
 O      -1.0821140      -0.4938720       0.0000000
 H      -0.4946340      -1.2674190       0.0000000

No violations of the orthonormality
No violations of the orthonormality
 
PNOF8/ADABelief Calculation
==================
 
  Nitext  Nit_orb  Time   Nit_occ  Time         Eelec          Etot           Ediff      maxdiff    MaxGrad_orb  Grad_occ
     1      10    3.0e+01   78    4.1e+01  -297.77936440  -225.10585632 -10296.77936440   0.004509   1.8e-02   2.6e-04 0.04
     2      20    3.6e+00   57    3.2e+00  -298.38263946  -225.70913138    -0.60327506   0.350883   1.4e+00   2.3e-04 0.04
     3      20    3.6e+00   37    2.1e+00  -298.44310741  -225.76959933    -0.06046795   0.286174   1.1e+00   2.1e-04 0.04
     4      20    3.5e+00   28    1.6e+00  -298.47069395  -225.79718587    -0.02758654   0.147297   5.9e-01   2.6e-04 0.04
     5      20    3.6e+00   21    1.2e+00  -298.48022145  -225.80671338    -0.00952750   0.028165   1.1e-01   2.5e-04 0.04
     6      20    3.5e+00    8    5.1e-01  -298.48469545  -225.81118738    -0.00447400   0.027778   1.1e-01   3.2e-04 0.04
     7      20    3.6e+00   21    1.3e+00  -298.48984668  -225.81633860    -0.00515122   0.028378   1.1e-01   2.2e-04 0.04
     8      20    3.6e+00   11    6.9e-01  -298.49235992  -225.81885184    -0.00251324   0.022190   8.9e-02   2.6e-04 0.04
     9      20    3.6e+00   20    1.2e+00  -298.49635103  -225.82284296    -0.00399112   0.026271   1.1e-01   2.1e-04 0.04
    10      20    3.5e+00   13    7.8e-01  -298.49846566  -225.82495758    -0.00211462   0.029249   1.2e-01   2.3e-04 0.04
    11      20    3.5e+00   11    6.6e-01  -298.49958639  -225.82607832    -0.00112074   0.030863   1.2e-01   2.4e-04 0.04
    12      20    3.5e+00   11    6.6e-01  -298.50038125  -225.82687318    -0.00079486   0.026268   1.1e-01   2.2e-04 0.04
    13      20    3.3e+00   13    8.0e-01  -298.50136332  -225.82785524    -0.00098207   0.023684   9.5e-02   2.4e-04 0.04
    14      20    3.5e+00    8    5.3e-01  -298.50210646  -225.82859839    -0.00074314   0.133620   5.3e-01   2.4e-04 0.04
    15      20    3.4e+00   10    6.4e-01  -298.50404806  -225.83053998    -0.00194160   0.034184   1.4e-01   2.5e-04 0.04
    16      20    3.5e+00    0    1.2e-01  -298.50412128  -225.83061320    -0.00007322   0.034184   1.4e-01   2.5e-04 0.04
    17      40    6.9e+00   11    7.6e-01  -298.51196891  -225.83846083    -0.00784763   0.003899   1.6e-02   2.4e-04 0.04
    18      40    7.1e+00    0    1.0e-01  -298.51201877  -225.83851069    -0.00004986   0.003899   1.6e-02   2.4e-04 0.04
    19      60    1.0e+01   10    7.4e-01  -298.51235458  -225.83884651    -0.00033581   0.001035   4.1e-03   2.6e-04 0.04
    20      60    1.0e+01    5    3.6e-01  -298.51249297  -225.83898490    -0.00013839   0.001012   4.0e-03   1.8e-04 0.04
    21      60    1.1e+01    4    3.6e-01  -298.51259307  -225.83908499    -0.00010010   0.000818   3.3e-03   2.6e-04 0.04
 
RESULTS OF THE OCCUPATION OPTIMIZATION
========================================
   1    1.9999792  -20.75314640
   2    1.9999733  -20.73574687
   3    1.9999778  -20.69692192
   4    1.9882350  -1.42262864
   5    1.9870362  -1.30497260
   6    1.9838067  -1.29209621
   7    1.9674441  -0.84861668
   8    1.9741642  -0.79612762
   9    1.9786050  -0.73217413
  10    1.9599679  -0.69527172
  11    1.9775182  -0.67558130
  12    1.9769332  -0.60437446
  13    1.0000000  -0.31317905
  14    0.0102638  -0.01858039
  15    0.0085120  -0.01662724
  16    0.0375791  -0.06987367
  17    0.0083043  -0.01593161
  18    0.0207665  -0.03322370
  19    0.0303228  -0.05868794
  20    0.0068688  -0.01980771
  21    0.0067497  -0.01958299
  22    0.0061060  -0.01867523
  23    0.0000154  -0.00051353
  24    0.0000183  -0.00065565
  25    0.0000122  -0.00041267
  26    0.0044342  -0.00927281
  27    0.0045916  -0.00967925
  28    0.0020351  -0.00553835
  29    0.0048925  -0.00993867
  30    0.0031266  -0.00697169
  31    0.0009260  -0.00319377
  32    0.0034824  -0.00889529
  33    0.0031486  -0.00908728
  34    0.0027303  -0.00749097
  35    0.0000022  -0.00007978
  36    0.0000025  -0.00006881
  37    0.0000029  -0.00007765
  38    0.0041988  -0.00908624
  39    0.0041742  -0.00886894
  40    0.0001423  -0.00055994
  41    0.0043931  -0.00889505
  42    0.0006171  -0.00202884
  43    0.0008118  -0.00284994
  44    0.0022831  -0.00766637
  45    0.0011097  -0.00467191
  46    0.0008063  -0.00421989
  47    0.0000016  -0.00003823
  48    0.0000015  -0.00003386
  49    0.0000014  -0.00003300
  50    0.0025357  -0.00599542
  51    0.0033179  -0.00766722
  52    0.0000885  -0.00036815
  53    0.0016522  -0.00451539
  54    0.0003026  -0.00099231
  55    0.0001542  -0.00062542
  56    0.0019393  -0.00573540
  57    0.0004955  -0.00307367
  58    0.0005749  -0.00320999
  59    0.0000006  -0.00001965
  60    0.0000011  -0.00003032
  61    0.0000008  -0.00002300
  62    0.0006492  -0.00262159
  63    0.0004281  -0.00171651
  64    0.0000631  -0.00028592
  65    0.0006102  -0.00296574
  66    0.0002994  -0.00100289
  67    0.0001214  -0.00052608
  68    0.0006154  -0.00278078
  69    0.0004750  -0.00221543
  70    0.0005215  -0.00407196
  71    0.0000005  -0.00001617
  72    0.0000007  -0.00002199
  73    0.0000008  -0.00002338
  74    0.0003851  -0.00118536
  75    0.0003803  -0.00120129
  76    0.0000438  -0.00019249
  77    0.0004817  -0.00177129
  78    0.0002390  -0.00083748
  79    0.0000992  -0.00046480
  80    0.0002559  -0.00096205
  81    0.0003213  -0.00130887
  82    0.0002705  -0.00126534
  83    0.0000003  -0.00001541
  84    0.0000004  -0.00001639
  85    0.0000007  -0.00001995
  86    0.0002480  -0.00081513
  87    0.0003549  -0.00118833
  88    0.0000290  -0.00006936
  89    0.0004087  -0.00128749
  90    0.0001907  -0.00070746
  91    0.0000300  -0.00015043
  92    0.0002432  -0.00090892
  93    0.0002405  -0.00108851
  94    0.0002491  -0.00109473
  95    0.0000003  -0.00002457
  96    0.0000004  -0.00001262
  97    0.0000004  -0.00001391
  98    0.0002232  -0.00074499
  99    0.0002112  -0.00073366
 100    0.0000095  -0.00006608
 101    0.0003005  -0.00097098
 102    0.0001290  -0.00056824
 103    0.0000198  -0.00012073
 104    0.0002216  -0.00087242
 105    0.0001935  -0.00094698
 106    0.0001845  -0.00081149
 107    0.0000002  -0.00000518
 108    0.0000003  -0.00000834
 109    0.0000003  -0.00000786
 110    0.0000258  -0.00014538
 111    0.0001780  -0.00065843
 112    0.0000082  -0.00006497
 113    0.0001812  -0.00066752
 114    0.0000707  -0.00032069
 115    0.0000133  -0.00008476
 116    0.0001310  -0.00088588
 117    0.0000779  -0.00062796
 118    0.0001041  -0.00091009
 119    0.0000002  -0.00000419
 120    0.0000003  -0.00002711
 121    0.0000003  -0.00001828
 122    0.0000205  -0.00012491
 123    0.0001267  -0.00056012
 124    0.0000072  -0.00005769
 125    0.0000420  -0.00025676
 126    0.0000217  -0.00012581
 127    0.0000114  -0.00007968
 128    0.0000436  -0.00033498
 129    0.0000556  -0.00048725
 130    0.0001011  -0.00095665
 131    0.0000002  -0.00000352
 132    0.0000002  -0.00000471
 133    0.0000002  -0.00001200
 134    0.0000188  -0.00011630
 135    0.0001011  -0.00048356
 136    0.0000064  -0.00005570
 137    0.0000370  -0.00020139
 138    0.0000160  -0.00009880
 139    0.0000105  -0.00007252
 140    0.0000258  -0.00015324
 141    0.0000265  -0.00016918
 142    0.0000321  -0.00022712
 143    0.0000002  -0.00000278
 144    0.0000002  -0.00000312
 145    0.0000002  -0.00000359
 146    0.0000177  -0.00010629
 147    0.0000481  -0.00028046
 148    0.0000062  -0.00005477
 149    0.0000312  -0.00019009
 150    0.0000156  -0.00009653
 151    0.0000100  -0.00007114
 152    0.0000238  -0.00014652
 153    0.0000208  -0.00012926
 154    0.0000270  -0.00016647
 155    0.0000002  -0.00000209
 156    0.0000002  -0.00000185
 157    0.0000002  -0.00000215
 158    0.0000171  -0.00010186
 159    0.0000222  -0.00013277
 160    0.0000052  -0.00005149
 161    0.0000232  -0.00013717
 162    0.0000150  -0.00009393
 163    0.0000097  -0.00006997
 164    0.0000235  -0.00014678
 165    0.0000201  -0.00012916
 166    0.0000214  -0.00014431
 167    0.0000002  -0.00000186
 168    0.0000002  -0.00000200
 169    0.0000002  -0.00000416
 170    0.0000155  -0.00009422
 171    0.0000189  -0.00011368
 172    0.0000045  -0.00004832
 173    0.0000204  -0.00011992
 174    0.0000139  -0.00008957
 175    0.0000089  -0.00006466
 176    0.0000195  -0.00012858
 177    0.0000154  -0.00010296
 178    0.0000186  -0.00012459
 179    0.0000002  -0.00000141
 180    0.0000002  -0.00000146
 181    0.0000002  -0.00000210
 182    0.0000134  -0.00009010
 183    0.0000164  -0.00009938
 184    0.0000042  -0.00004180
 185    0.0000169  -0.00010451
 186    0.0000121  -0.00008351
 187    0.0000071  -0.00006187
 188    0.0000163  -0.00011510
 189    0.0000137  -0.00010555
 190    0.0000175  -0.00011572
 191    0.0000001  -0.00000111
 192    0.0000001  -0.00000098
 193    0.0000001  -0.00000093
 
----------------
 Final Energies 
----------------
Final NOF Total Energy =    -225.8390850
 
Total Orbital Internal Iterations = 570
Total Occupation Internal Iterations = 377
 
Elapsed time:  213.02 Seconds

---------------------------------
   Lowdin Population Analysis    
---------------------------------
 Idx  Atom   Population   Charge 
---------------------------------
  1     O     7.988       0.012
  2     O     7.974       0.026
  3     O     7.639       0.361
  4     H     1.398      -0.398

---------------------------------
   M Diagnostic: 0.04
---------------------------------

Recovering execution output...
Moving from /scratch/pobleyef/168270 to /home-nas/pobleyef/Poison-Set/ncwomax/P30-5/GNOF/arina.168270
mkdir -p /home-nas/pobleyef/Poison-Set/ncwomax/P30-5/GNOF/arina.168270
mv /scratch/pobleyef/168270/* /home-nas/pobleyef/Poison-Set/ncwomax/P30-5/GNOF/arina.168270
