Computing Integrals
Basis Set                                            = def2-qzvp
Auxiliary Basis Set                                  = def2-universal-jkfit
Gaussian Type                                        = Spherical
Elapsed time:    3.21 Seconds

Number of basis functions                   (NBF)    = 57
Number of auxiliary basis functions         (NBFAUX) = 77
Inactive Doubly occupied orbitals up to     (NO1)    = 0
No. considered Strongly Doubly occupied MOs (NDOC)   = 4
No. considered Strongly Singly occupied MOs (NSOC)   = 1
NO. of Weakly occ. per St. Doubly occ.  MOs (NCWO)   = 13
Dimension of the Nat. Orb. subspace         (NBF5)   = 57
No. of electrons                                     = 9
    No. of alpha electrons                           = 5
    No. of beta electrons                            = 4
Multiplicity                                         = 2

Geometry
========
 F       0.0000000       0.0000000       0.0000000

No violations of the orthonormality
No violations of the orthonormality
 
PNOF8/ADABelief Calculation
==================
 
  Nitext  Nit_orb  Time   Nit_occ  Time         Eelec          Etot           Ediff      maxdiff    MaxGrad_orb  Grad_occ
     1      10    2.4e+01    0    2.8e+01   -99.66518712   -99.66518712 -10098.66518712   0.000910   3.6e-03   1.3e-04 0.02
 
RESULTS OF THE OCCUPATION OPTIMIZATION
========================================
   1    1.9999726  -26.43032470
   2    1.9853384  -1.54212588
   3    1.9800779  -0.81995478
   4    1.9796882  -0.75127768
   5    1.0000000  -0.44673358
   6    0.0102155  -0.02015443
   7    0.0102695  -0.02173718
   8    0.0075029  -0.02229463
   9    0.0000118  -0.00048483
  10    0.0048680  -0.01083723
  11    0.0043423  -0.01065551
  12    0.0034013  -0.01030912
  13    0.0000027  -0.00007019
  14    0.0032669  -0.00793684
  15    0.0031902  -0.00792296
  16    0.0022762  -0.00686228
  17    0.0000018  -0.00005953
  18    0.0006277  -0.00381651
  19    0.0007439  -0.00274582
  20    0.0006224  -0.00456079
  21    0.0000016  -0.00005582
  22    0.0003138  -0.00120557
  23    0.0004338  -0.00156065
  24    0.0002610  -0.00118888
  25    0.0000016  -0.00005478
  26    0.0003110  -0.00119963
  27    0.0002641  -0.00104011
  28    0.0002303  -0.00100854
  29    0.0000015  -0.00005334
  30    0.0002200  -0.00086993
  31    0.0002285  -0.00090163
  32    0.0001970  -0.00087250
  33    0.0000014  -0.00004863
  34    0.0002137  -0.00085253
  35    0.0002146  -0.00086826
  36    0.0000864  -0.00131501
  37    0.0000012  -0.00004585
  38    0.0002086  -0.00081209
  39    0.0001664  -0.00067109
  40    0.0000204  -0.00016424
  41    0.0000012  -0.00004435
  42    0.0000184  -0.00014649
  43    0.0000197  -0.00012883
  44    0.0000174  -0.00013524
  45    0.0000010  -0.00001812
  46    0.0000177  -0.00013647
  47    0.0000182  -0.00012698
  48    0.0000159  -0.00011943
  49    0.0000008  -0.00001179
  50    0.0000159  -0.00012938
  51    0.0000158  -0.00011516
  52    0.0000154  -0.00012320
  53    0.0000007  -0.00000671
  54    0.0000144  -0.00010708
  55    0.0000151  -0.00011208
  56    0.0000150  -0.00011548
  57    0.0000002  -0.00004688
 
----------------
 Final Energies 
----------------
Final NOF Total Energy =     -99.6651871
 
Total Orbital Internal Iterations = 10
Total Occupation Internal Iterations = 0
 
Elapsed time:   68.12 Seconds

---------------------------------
   Lowdin Population Analysis    
---------------------------------
 Idx  Atom   Population   Charge 
---------------------------------
  1     F     9.000      -0.000

---------------------------------
   M Diagnostic: 0.02
---------------------------------

