W4-11_107_so3
/software/eb2024/easybuild/software/common/software/Julia/1.11.3-linux-x86_64/bin/julia
Job runing on nh044
Choosing scratch ...
Automatic scratch folder selection
/scratch/pobleyef/168267
/scratch/pobleyef/168267 directory
cp W4-11_107_so3.jl W4-11_107_so3.jld2 to  /scratch/pobleyef/168267/.
Computing Integrals
Elapsed time:    6.90 Seconds

Number of basis functions                   (NBF)    = 241
Number of auxiliary basis functions         (NBFAUX) = 359
Inactive Doubly occupied orbitals up to     (NO1)    = 0
No. considered Strongly Doubly occupied MOs (NDOC)   = 20
No. considered Strongly Singly occupied MOs (NSOC)   = 0
NO. of Weakly occ. per St. Doubly occ.  MOs (NCWO)   = 11
Dimension of the Nat. Orb. subspace         (NBF5)   = 240
No. of electrons                                     = 40
    No. of alpha electrons                           = 20
    No. of beta electrons                            = 20
Multiplicity                                         = 1

Geometry
========
 S       0.0000000       0.0000000       0.0000000
 O       0.0000000       1.4227900       0.0000000
 O       1.2321720      -0.7113950       0.0000000
 O      -1.2321720      -0.7113950       0.0000000

No violations of the orthonormality
No violations of the orthonormality
 
PNOF8/ADABelief Calculation
==================
 
  Nitext  Nit_orb  Time   Nit_occ  Time         Eelec          Etot           Ediff      maxdiff    MaxGrad_orb  Grad_occ
     1      10    3.0e+01   80    4.1e+01  -806.13738367  -622.08808731 -10805.13738367   0.002642   8.9e-03   2.0e-04 0.03
     2      20    4.7e+00   68    5.6e+00  -807.28297486  -623.23367850    -1.14559119   0.487787   2.0e+00   2.8e-04 0.03
     3      20    4.7e+00   43    3.6e+00  -807.37765042  -623.32835407    -0.09467557   0.045459   1.8e-01   2.6e-04 0.03
     4      20    4.4e+00   27    2.3e+00  -807.40426373  -623.35496737    -0.02661330   0.101505   4.1e-01   3.0e-04 0.03
     5      20    4.5e+00   27    2.3e+00  -807.45132755  -623.40203120    -0.04706382   0.110345   4.4e-01   3.1e-04 0.03
     6      20    4.5e+00   27    2.4e+00  -807.45768743  -623.40839107    -0.00635988   0.075804   3.0e-01   2.8e-04 0.03
     7      20    4.5e+00   23    2.0e+00  -807.47719473  -623.42789838    -0.01950730   0.072274   2.9e-01   2.1e-04 0.03
     8      20    4.4e+00    0    2.3e-01  -807.47800033  -623.42870398    -0.00080560   0.072274   2.9e-01   2.1e-04 0.03
     9      40    8.9e+00   10    1.1e+00  -807.51296734  -623.46367098    -0.03496700   0.006787   2.7e-02   3.5e-04 0.03
    10      40    9.1e+00   12    1.2e+00  -807.51439017  -623.46509381    -0.00142283   0.011811   4.7e-02   3.2e-04 0.03
    11      40    9.0e+00   23    2.1e+00  -807.51575503  -623.46645867    -0.00136486   0.010778   4.3e-02   2.5e-04 0.03
    12      40    9.0e+00   10    1.0e+00  -807.51690435  -623.46760799    -0.00114932   0.009675   3.9e-02   2.9e-04 0.03
    13      40    9.4e+00   12    1.2e+00  -807.51789701  -623.46860065    -0.00099266   0.007615   3.0e-02   2.7e-04 0.03
    14      40    9.1e+00   22    2.0e+00  -807.51881770  -623.46952135    -0.00092070   0.006912   2.8e-02   2.4e-04 0.03
    15      40    9.2e+00   10    1.1e+00  -807.51971972  -623.47042337    -0.00090202   0.008438   3.4e-02   2.4e-04 0.03
    16      40    9.2e+00   10    1.0e+00  -807.52064238  -623.47134603    -0.00092266   0.006809   2.7e-02   2.9e-04 0.03
    17      40    9.1e+00   25    2.3e+00  -807.52137784  -623.47208148    -0.00073545   0.006780   2.7e-02   2.5e-04 0.03
    18      40    9.3e+00   11    1.1e+00  -807.52222226  -623.47292590    -0.00084443   0.007096   2.8e-02   2.6e-04 0.03
    19      40    9.2e+00   13    1.2e+00  -807.52288652  -623.47359016    -0.00066426   0.006224   2.5e-02   2.6e-04 0.03
    20      40    9.2e+00   23    2.1e+00  -807.52357621  -623.47427985    -0.00068969   0.007836   3.1e-02   2.9e-04 0.03
    21      40    9.1e+00    6    6.4e-01  -807.52430704  -623.47501068    -0.00073083   0.006529   2.6e-02   2.9e-04 0.03
    22      40    8.9e+00   10    9.9e-01  -807.52492056  -623.47562420    -0.00061352   0.006708   2.7e-02   2.2e-04 0.03
    23      40    8.9e+00    6    7.3e-01  -807.52527748  -623.47598113    -0.00035692   0.006933   2.8e-02   2.7e-04 0.03
    24      40    9.1e+00   10    1.1e+00  -807.52565081  -623.47635445    -0.00037333   0.006335   2.5e-02   2.6e-04 0.03
    25      40    8.9e+00    6    7.2e-01  -807.52588203  -623.47658567    -0.00023122   0.006061   2.4e-02   2.3e-04 0.03
    26      40    9.2e+00    5    6.1e-01  -807.52602487  -623.47672851    -0.00014284   0.005805   2.3e-02   2.9e-04 0.03
    27      40    9.1e+00   13    1.3e+00  -807.52615335  -623.47685699    -0.00012848   0.006804   2.7e-02   2.4e-04 0.03
    28      40    8.9e+00    3    4.4e-01  -807.52627323  -623.47697687    -0.00011988   0.006977   2.8e-02   2.1e-04 0.03
    29      40    8.8e+00    3    4.4e-01  -807.52633858  -623.47704223    -0.00006535   0.007415   3.0e-02   2.5e-04 0.03
    30      40    8.9e+00    9    9.3e-01  -807.52637950  -623.47708315    -0.00004092   0.006808   2.7e-02   2.1e-04 0.03
    31      40    8.9e+00    3    4.3e-01  -807.52648401  -623.47718766    -0.00010451   0.007051   2.8e-02   1.9e-04 0.03
    32      40    9.1e+00    9    1.0e+00  -807.52655404  -623.47725768    -0.00007003   0.006103   2.4e-02   1.7e-04 0.03
    33      40    9.0e+00    3    4.3e-01  -807.52664295  -623.47734659    -0.00008891   0.006706   2.7e-02   2.2e-04 0.03
    34      40    9.0e+00    9    9.9e-01  -807.52671863  -623.47742227    -0.00007569   0.006205   2.5e-02   1.8e-04 0.03
    35      40    8.7e+00    3    4.3e-01  -807.52680662  -623.47751026    -0.00008799   0.007989   3.2e-02   2.2e-04 0.03
    36      40    9.0e+00    9    9.0e-01  -807.52685047  -623.47755411    -0.00004385   0.006551   2.6e-02   2.0e-04 0.03
    37      40    8.9e+00    3    4.3e-01  -807.52694932  -623.47765296    -0.00009885   0.006712   2.7e-02   2.1e-04 0.03
    38      40    8.9e+00    1    3.2e-01  -807.52697651  -623.47768015    -0.00002719   0.006370   2.5e-02   3.1e-04 0.03
    39      40    9.0e+00   11    1.1e+00  -807.52704119  -623.47774483    -0.00006468   0.006972   2.8e-02   2.1e-04 0.03
    40      40    8.7e+00    3    4.4e-01  -807.52713859  -623.47784224    -0.00009741   0.006575   2.6e-02   2.4e-04 0.03
 
RESULTS OF THE OCCUPATION OPTIMIZATION
========================================
   1    1.9999993  -92.29647086
   2    1.9999836  -20.67632981
   3    1.9999881  -20.67525347
   4    1.9999845  -20.67451734
   5    1.9998017  -9.22166658
   6    1.9994269  -6.93891036
   7    1.9993651  -6.92626350
   8    1.9994020  -6.92521460
   9    1.9864687  -1.45320482
  10    1.9867855  -1.43711213
  11    1.9853978  -1.40112740
  12    1.9805311  -0.81862357
  13    1.9781965  -0.78171123
  14    1.9683273  -0.72926355
  15    1.9708327  -0.72870925
  16    1.9692746  -0.72557537
  17    1.9773916  -0.71110706
  18    1.9705486  -0.69660978
  19    1.9789275  -0.66298037
  20    1.9756776  -0.65520786
  21    0.0119161  -0.02349827
  22    0.0072034  -0.01950446
  23    0.0228593  -0.04678274
  24    0.0119325  -0.02501495
  25    0.0267065  -0.05233363
  26    0.0252635  -0.04921047
  27    0.0281045  -0.05430870
  28    0.0141974  -0.02959897
  29    0.0095203  -0.02389659
  30    0.0054672  -0.01991239
  31    0.0048382  -0.01780426
  32    0.0046484  -0.01883936
  33    0.0004447  -0.00736844
  34    0.0004516  -0.00770226
  35    0.0004494  -0.00899252
  36    0.0001373  -0.00250360
  37    0.0000066  -0.00019002
  38    0.0000067  -0.00018894
  39    0.0000065  -0.00019042
  40    0.0000005  -0.00001235
  41    0.0042580  -0.01078090
  42    0.0047048  -0.01198792
  43    0.0029517  -0.00782525
  44    0.0042840  -0.01124644
  45    0.0028692  -0.00755379
  46    0.0029072  -0.00777579
  47    0.0026946  -0.00708627
  48    0.0034708  -0.01041139
  49    0.0052762  -0.01802134
  50    0.0027177  -0.01102110
  51    0.0029726  -0.01421062
  52    0.0026229  -0.01054741
  53    0.0000429  -0.00112085
  54    0.0000792  -0.00214637
  55    0.0000416  -0.00096611
  56    0.0000094  -0.00016412
  57    0.0000023  -0.00005056
  58    0.0000015  -0.00003614
  59    0.0000019  -0.00004099
  60    0.0000000  -0.00000103
  61    0.0035452  -0.00923249
  62    0.0036879  -0.00979296
  63    0.0027580  -0.00760647
  64    0.0034564  -0.00953545
  65    0.0003440  -0.00121131
  66    0.0002315  -0.00082402
  67    0.0002205  -0.00079038
  68    0.0029128  -0.00891115
  69    0.0013133  -0.00590157
  70    0.0024457  -0.00843642
  71    0.0023368  -0.00999662
  72    0.0024081  -0.00979939
  73    0.0000356  -0.00111804
  74    0.0000319  -0.00062000
  75    0.0000116  -0.00016544
  76    0.0000076  -0.00009324
  77    0.0000016  -0.00005279
  78    0.0000008  -0.00001684
  79    0.0000015  -0.00003357
  80    0.0000000  -0.00000081
  81    0.0033464  -0.00889831
  82    0.0035492  -0.00952063
  83    0.0003776  -0.00131779
  84    0.0012286  -0.00442011
  85    0.0002251  -0.00082087
  86    0.0002184  -0.00079934
  87    0.0002161  -0.00078680
  88    0.0004256  -0.00169824
  89    0.0009621  -0.00441183
  90    0.0021678  -0.01035293
  91    0.0010077  -0.00527044
  92    0.0021549  -0.01182764
  93    0.0000110  -0.00039229
  94    0.0000108  -0.00031553
  95    0.0000099  -0.00011048
  96    0.0000072  -0.00008999
  97    0.0000013  -0.00002810
  98    0.0000007  -0.00001532
  99    0.0000015  -0.00004062
 100    0.0000000  -0.00000077
 101    0.0003586  -0.00133535
 102    0.0006143  -0.00205701
 103    0.0001948  -0.00073001
 104    0.0005801  -0.00192571
 105    0.0002086  -0.00076961
 106    0.0001881  -0.00069920
 107    0.0001708  -0.00065481
 108    0.0002531  -0.00089117
 109    0.0008959  -0.00365554
 110    0.0005585  -0.00367859
 111    0.0008870  -0.00480558
 112    0.0006339  -0.00383252
 113    0.0000103  -0.00011531
 114    0.0000097  -0.00011302
 115    0.0000097  -0.00010558
 116    0.0000070  -0.00008125
 117    0.0000010  -0.00002327
 118    0.0000005  -0.00000902
 119    0.0000013  -0.00003017
 120    0.0000000  -0.00000061
 121    0.0002969  -0.00102426
 122    0.0005369  -0.00198347
 123    0.0001685  -0.00066146
 124    0.0005114  -0.00184270
 125    0.0001872  -0.00067917
 126    0.0001733  -0.00065650
 127    0.0001035  -0.00043095
 128    0.0002463  -0.00088185
 129    0.0005156  -0.00221303
 130    0.0004305  -0.00427268
 131    0.0004883  -0.00483146
 132    0.0004244  -0.00382191
 133    0.0000101  -0.00010775
 134    0.0000092  -0.00010846
 135    0.0000094  -0.00010381
 136    0.0000067  -0.00007994
 137    0.0000008  -0.00001698
 138    0.0000004  -0.00000749
 139    0.0000009  -0.00001810
 140    0.0000000  -0.00000036
 141    0.0002679  -0.00092253
 142    0.0004553  -0.00161022
 143    0.0000482  -0.00020252
 144    0.0004190  -0.00140390
 145    0.0001131  -0.00045844
 146    0.0001140  -0.00046590
 147    0.0000716  -0.00028281
 148    0.0001987  -0.00084484
 149    0.0004454  -0.00174294
 150    0.0002998  -0.00143133
 151    0.0002033  -0.00093502
 152    0.0002680  -0.00143753
 153    0.0000095  -0.00010441
 154    0.0000090  -0.00010130
 155    0.0000092  -0.00010083
 156    0.0000060  -0.00007323
 157    0.0000005  -0.00000946
 158    0.0000004  -0.00002749
 159    0.0000008  -0.00001747
 160    0.0000000  -0.00000033
 161    0.0002296  -0.00087858
 162    0.0001596  -0.00069477
 163    0.0000407  -0.00017670
 164    0.0000994  -0.00047120
 165    0.0000243  -0.00012420
 166    0.0000231  -0.00012991
 167    0.0000489  -0.00019493
 168    0.0000288  -0.00015461
 169    0.0002110  -0.00082105
 170    0.0002140  -0.00103340
 171    0.0001848  -0.00095314
 172    0.0002008  -0.00092385
 173    0.0000092  -0.00010062
 174    0.0000089  -0.00009902
 175    0.0000091  -0.00010016
 176    0.0000050  -0.00006806
 177    0.0000004  -0.00001680
 178    0.0000003  -0.00001920
 179    0.0000006  -0.00001297
 180    0.0000000  -0.00000030
 181    0.0000402  -0.00019726
 182    0.0000766  -0.00034100
 183    0.0000208  -0.00012664
 184    0.0000489  -0.00022629
 185    0.0000166  -0.00010624
 186    0.0000172  -0.00011285
 187    0.0000145  -0.00009803
 188    0.0000274  -0.00015080
 189    0.0002068  -0.00079658
 190    0.0001564  -0.00074361
 191    0.0001160  -0.00079998
 192    0.0000965  -0.00065915
 193    0.0000091  -0.00010097
 194    0.0000087  -0.00009700
 195    0.0000083  -0.00009390
 196    0.0000044  -0.00006327
 197    0.0000004  -0.00001176
 198    0.0000003  -0.00000430
 199    0.0000006  -0.00000894
 200    0.0000000  -0.00000018
 201    0.0000380  -0.00019413
 202    0.0000444  -0.00022530
 203    0.0000165  -0.00010781
 204    0.0000279  -0.00015048
 205    0.0000155  -0.00010002
 206    0.0000157  -0.00010714
 207    0.0000140  -0.00009560
 208    0.0000232  -0.00013685
 209    0.0000645  -0.00031094
 210    0.0001098  -0.00057992
 211    0.0001118  -0.00063465
 212    0.0000487  -0.00025590
 213    0.0000081  -0.00009330
 214    0.0000082  -0.00009598
 215    0.0000077  -0.00009086
 216    0.0000041  -0.00006083
 217    0.0000003  -0.00001017
 218    0.0000002  -0.00000468
 219    0.0000004  -0.00002383
 220    0.0000000  -0.00000012
 221    0.0000255  -0.00014695
 222    0.0000399  -0.00019526
 223    0.0000153  -0.00009931
 224    0.0000204  -0.00011905
 225    0.0000154  -0.00009898
 226    0.0000152  -0.00010230
 227    0.0000138  -0.00009606
 228    0.0000195  -0.00012608
 229    0.0000579  -0.00026857
 230    0.0000349  -0.00019867
 231    0.0000681  -0.00048215
 232    0.0000247  -0.00016261
 233    0.0000076  -0.00009037
 234    0.0000078  -0.00009209
 235    0.0000073  -0.00008009
 236    0.0000036  -0.00051474
 237    0.0000003  -0.00001873
 238    0.0000001  -0.00000283
 239    0.0000002  -0.00000995
 240    0.0000000  -0.00000013
 
----------------
 Final Energies 
----------------
Final NOF Total Energy =    -623.4778422
 
Total Orbital Internal Iterations = 1430
Total Occupation Internal Iterations = 601
 
Elapsed time:  482.21 Seconds

---------------------------------
   Lowdin Population Analysis    
---------------------------------
 Idx  Atom   Population   Charge 
---------------------------------
  1     S    16.113      -0.113
  2     O     7.954       0.046
  3     O     7.967       0.033
  4     O     7.966       0.034

---------------------------------
   M Diagnostic: 0.03
---------------------------------

Recovering execution output...
Moving from /scratch/pobleyef/168267 to /home-nas/pobleyef/Poison-Set/ncwomax/P30-5/GNOF/arina.168267
mkdir -p /home-nas/pobleyef/Poison-Set/ncwomax/P30-5/GNOF/arina.168267
mv /scratch/pobleyef/168267/* /home-nas/pobleyef/Poison-Set/ncwomax/P30-5/GNOF/arina.168267
