al
/software/eb2024/easybuild/software/common/software/Julia/1.11.3-linux-x86_64/bin/julia
Job runing on nh025
Choosing scratch ...
Automatic scratch folder selection
/scratch/pobleyef/167327
/scratch/pobleyef/167327 directory
cp al.jl al.jld2 to  /scratch/pobleyef/167327/.
Computing Integrals
Elapsed time:    8.54 Seconds

Number of basis functions                   (NBF)    = 70
Number of auxiliary basis functions         (NBFAUX) = 128
Inactive Doubly occupied orbitals up to     (NO1)    = 0
No. considered Strongly Doubly occupied MOs (NDOC)   = 6
No. considered Strongly Singly occupied MOs (NSOC)   = 1
NO. of Weakly occ. per St. Doubly occ.  MOs (NCWO)   = 1
Dimension of the Nat. Orb. subspace         (NBF5)   = 13
No. of electrons                                     = 13
    No. of alpha electrons                           = 7
    No. of beta electrons                            = 6
Multiplicity                                         = 2

Geometry
========
Al       0.0000000       0.0000000       0.0000000

No violations of the orthonormality
No violations of the orthonormality
 
PNOF5/ADABelief Calculation
==================
 
  Nitext  Nit_orb  Time   Nit_occ  Time         Eelec          Etot           Ediff      maxdiff    MaxGrad_orb  Grad_occ
     1      10    2.8e+01    4    3.3e+01  -241.92307203  -241.92307203 -10240.92307203   0.004203   1.7e-02   3.1e-05 0.06
     2      20    1.7e-01    1    1.4e-03  -241.92778804  -241.92778804    -0.00471601   0.023997   9.6e-02   1.0e-04 0.05
     3      20    6.9e-02    0    8.3e-04  -241.92804922  -241.92804922    -0.00026117   0.018714   7.5e-02   1.2e-04 0.05
     4      30    5.5e-02    0    7.7e-04  -241.92833157  -241.92833157    -0.00028235   0.012141   4.9e-02   1.4e-04 0.05
     5      40    8.1e-02    0    7.7e-04  -241.92858973  -241.92858973    -0.00025816   0.007746   3.1e-02   1.1e-04 0.05
     6      50    8.5e-02    0    3.9e-03  -241.92858973  -241.92858973     0.00000000   0.007746   3.1e-02   1.1e-04 0.05
     7      70    1.2e-01    0    8.2e-04  -241.92871632  -241.92871632    -0.00012659   0.000531   2.1e-03   1.5e-04 0.05
 
RESULTS OF THE OCCUPATION OPTIMIZATION
========================================
   1    1.9999519  -58.24813022
   2    1.9989728  -3.72609820
   3    1.9989163  -3.72246712
   4    1.9989126  -3.71357315
   5    1.9988294  -3.70091083
   6    1.9461679  -0.39664749
   7    1.0000000  -0.10444094
   8    0.0538321  -0.01713417
   9    0.0011706  -0.00629626
  10    0.0010874  -0.00589765
  11    0.0010837  -0.00595483
  12    0.0010272  -0.00563744
  13    0.0000481  -0.00578555
 
----------------
 Final Energies 
----------------
Final NOF Total Energy =    -241.9287163
 
Total Orbital Internal Iterations = 240
Total Occupation Internal Iterations = 5
 
Elapsed time:   80.59 Seconds

---------------------------------
   Lowdin Population Analysis    
---------------------------------
 Idx  Atom   Population   Charge 
---------------------------------
  1    Al    13.000       0.000

---------------------------------
   M Diagnostic: 0.05
---------------------------------

Recovering execution output...
Moving from /scratch/pobleyef/167327 to /home-nas/pobleyef/Poison-Set/ncwo1/P30-5/PNOF5/arina.167327
mkdir -p /home-nas/pobleyef/Poison-Set/ncwo1/P30-5/PNOF5/arina.167327
mv /scratch/pobleyef/167327/* /home-nas/pobleyef/Poison-Set/ncwo1/P30-5/PNOF5/arina.167327
