BH76-hf2ts
/software/eb2024/easybuild/software/common/software/Julia/1.11.3-linux-x86_64/bin/julia
Job runing on na14
Choosing scratch ...
Automatic scratch folder selection
/scratch/pobleyef/283429
/scratch/pobleyef/283429 directory
cp BH76-hf2ts.jl BH76-hf2ts.jld2 to  /scratch/pobleyef/283429/.
BH76-hf2ts_C.jld2 not found
BH76-hf2ts_n.jld2 not found
Computing Integrals
Basis Set                                            = def2-qzvp
Auxiliary Basis Set                                  = def2-universal-jkfit
Gaussian Type                                        = Spherical
Elapsed time:    9.44 Seconds

Number of basis functions                   (NBF)    = 144
Number of auxiliary basis functions         (NBFAUX) = 172
Inactive Doubly occupied orbitals up to     (NO1)    = 0
No. considered Strongly Doubly occupied MOs (NDOC)   = 9
No. considered Strongly Singly occupied MOs (NSOC)   = 1
NO. of Weakly occ. per St. Doubly occ.  MOs (NCWO)   = 1
Dimension of the Nat. Orb. subspace         (NBF5)   = 19
No. of electrons                                     = 19
    No. of alpha electrons                           = 10
    No. of beta electrons                            = 9
Multiplicity                                         = 2

Geometry
========
 H       0.0000000       0.0000000      -1.5701571
 F       0.0000000       0.0000000       0.0449024
 F       0.0000000       0.0000000       1.5252546

No violations of the orthonormality
No violations of the orthonormality
 
PNOF5/ADABelief Calculation
==================
 
  Nitext  Nit_orb  Time   Nit_occ  Time         Eelec          Etot           Ediff      maxdiff    MaxGrad_orb  Grad_occ
     1      10    4.2e+01    7    2.0e+01  -227.23810999  -193.79587847 -10226.23810999   0.576902   2.3e+00   1.3e-04 0.00
     2      10    2.6e+01    6    3.0e-03  -231.71165010  -198.26941857    -4.47354010   0.250491   1.0e+00   1.3e-04 0.01
     3      10    2.5e+01    5    6.3e-03  -232.50604830  -199.06381677    -0.79439820   0.303316   1.2e+00   1.4e-04 0.01
     4      10    2.7e+01    5    3.7e-03  -232.64708131  -199.20484978    -0.14103301   0.278145   1.1e+00   1.5e-04 0.03
     5      10    2.6e+01    5    1.9e-03  -232.68743626  -199.24520474    -0.04035496   0.294333   1.2e+00   8.0e-05 0.06
     6      10    2.5e+01    4    2.7e-03  -232.70936946  -199.26713794    -0.02193320   0.333960   1.3e+00   6.3e-05 0.09
     7      10    2.3e+01    4    2.4e-03  -232.71927615  -199.27704462    -0.00990668   0.301207   1.2e+00   3.7e-05 0.13
     8      10    2.5e+01    0    2.2e-02  -232.72054459  -199.27831307    -0.00126845   0.301207   1.2e+00   3.7e-05 0.13
     9      30    7.5e+01    3    2.7e-02  -232.77531648  -199.33308496    -0.05477189   0.004824   1.9e-02   7.8e-05 0.14
    10      30    7.5e+01    3    2.5e-03  -232.77939925  -199.33716773    -0.00408277   0.002799   1.1e-02   4.7e-05 0.13
    11      30    8.3e+01    3    5.8e-03  -232.78135038  -199.33911885    -0.00195112   0.002841   1.1e-02   2.4e-05 0.12
    12      30    7.6e+01    3    1.2e-02  -232.78201410  -199.33978257    -0.00066372   0.022679   9.1e-02   1.6e-05 0.11
    13      30    7.1e+01    2    2.5e-03  -232.78218724  -199.33995571    -0.00017314   0.003452   1.4e-02   5.2e-05 0.11
    14      30    7.1e+01    0    3.4e-03  -232.78219866  -199.33996713    -0.00001142   0.003452   1.4e-02   5.2e-05 0.11
    15      39    8.5e+01    1    2.2e-03  -232.78228793  -199.34005640    -0.00008927   0.000495   2.0e-03   1.7e-04 0.11
 
RESULTS OF THE OCCUPATION OPTIMIZATION
========================================
   1    1.9998654  -26.27803902
   2    1.9998659  -26.27440933
   3    1.9950033  -1.00382465
   4    1.9947893  -0.99925796
   5    1.9948595  -0.99768437
   6    1.9948480  -0.99716289
   7    1.9946691  -0.99484752
   8    1.9946377  -0.99372469
   9    1.8919144  -0.65735366
  10    1.0000000  -0.32540874
  11    0.1080856  -0.06099037
  12    0.0053623  -0.00893086
  13    0.0053309  -0.00891067
  14    0.0051520  -0.00861999
  15    0.0051405  -0.00861149
  16    0.0052107  -0.00883305
  17    0.0049967  -0.00851543
  18    0.0001341  -0.00648099
  19    0.0001346  -0.00649815
 
----------------
 Final Energies 
----------------
Final NOF Total Energy =    -199.3400564
 
Total Orbital Internal Iterations = 299
Total Occupation Internal Iterations = 51
 
Elapsed time:  790.08 Seconds

---------------------------------
   Lowdin Population Analysis    
---------------------------------
 Idx  Atom   Population   Charge 
---------------------------------
  1     H     0.821       0.179
  2     F     9.128      -0.128
  3     F     9.051      -0.051

---------------------------------
   M Diagnostic: 0.11
---------------------------------

Recovering execution output...
Moving from /scratch/pobleyef/283429 to /home-nas/pobleyef/Poison-NOF/ncwo1/P30-5/PNOF5/arina.283429
mkdir -p /home-nas/pobleyef/Poison-NOF/ncwo1/P30-5/PNOF5/arina.283429
mv /scratch/pobleyef/283429/* /home-nas/pobleyef/Poison-NOF/ncwo1/P30-5/PNOF5/arina.283429
