BH76-oh
/software/eb2024/easybuild/software/common/software/Julia/1.11.3-linux-x86_64/bin/julia
Job runing on nh019
Choosing scratch ...
Automatic scratch folder selection
/scratch/pobleyef/283433
/scratch/pobleyef/283433 directory
cp BH76-oh.jl BH76-oh.jld2 to  /scratch/pobleyef/283433/.
BH76-oh_C.jld2 not found
BH76-oh_n.jld2 not found
Computing Integrals
Basis Set                                            = def2-qzvp
Auxiliary Basis Set                                  = def2-universal-jkfit
Gaussian Type                                        = Spherical
Elapsed time:    3.60 Seconds

Number of basis functions                   (NBF)    = 87
Number of auxiliary basis functions         (NBFAUX) = 95
Inactive Doubly occupied orbitals up to     (NO1)    = 0
No. considered Strongly Doubly occupied MOs (NDOC)   = 4
No. considered Strongly Singly occupied MOs (NSOC)   = 1
NO. of Weakly occ. per St. Doubly occ.  MOs (NCWO)   = 1
Dimension of the Nat. Orb. subspace         (NBF5)   = 9
No. of electrons                                     = 9
    No. of alpha electrons                           = 5
    No. of beta electrons                            = 4
Multiplicity                                         = 2

Geometry
========
 O       0.0000000       0.0000000       0.4844483
 H       0.0000000       0.0000000      -0.4844483

No violations of the orthonormality
No violations of the orthonormality
 
PNOF5/ADABelief Calculation
==================
 
  Nitext  Nit_orb  Time   Nit_occ  Time         Eelec          Etot           Ediff      maxdiff    MaxGrad_orb  Grad_occ
     1      10    2.7e+01    6    3.5e+01   -77.22762448   -72.85831491 -10076.22762448   0.419815   1.7e+00   1.0e-04 0.00
     2      10    7.6e-02    5    1.2e-03   -79.26545233   -74.89614277    -2.03782785   0.203341   8.1e-01   2.2e-05 0.01
     3      10    2.0e-02    3    9.0e-04   -79.72968417   -75.36037460    -0.46423184   0.163195   6.5e-01   1.2e-04 0.01
     4      10    3.5e-02    3    8.3e-04   -79.80502180   -75.43571223    -0.07533763   0.182544   7.3e-01   3.7e-05 0.01
     5      10    2.5e-02    2    9.0e-04   -79.82570586   -75.45639630    -0.02068407   0.202844   8.1e-01   6.6e-05 0.02
     6      10    2.4e-02    2    6.8e-04   -79.83571215   -75.46640259    -0.01000629   0.201630   8.1e-01   4.1e-05 0.02
     7      10    2.4e-02    1    7.8e-04   -79.84017533   -75.47086577    -0.00446317   0.195737   7.8e-01   1.4e-04 0.02
     8      10    1.9e-02    0    8.4e-04   -79.84018350   -75.47087393    -0.00000817   0.195737   7.8e-01   1.4e-04 0.02
     9      29    5.4e-02    1    5.4e-03   -79.84750029   -75.47819072    -0.00731679   0.000426   1.7e-03   1.3e-04 0.02
 
RESULTS OF THE OCCUPATION OPTIMIZATION
========================================
   1    1.9998143  -20.59339182
   2    1.9809988  -0.90674758
   3    1.9929668  -0.84165297
   4    1.9927192  -0.83396236
   5    1.0000000  -0.32599017
   6    0.0072808  -0.00936778
   7    0.0070332  -0.00921704
   8    0.0190012  -0.01938246
   9    0.0001857  -0.00695521
 
----------------
 Final Energies 
----------------
Final NOF Total Energy =     -75.4781907
 
Total Orbital Internal Iterations = 109
Total Occupation Internal Iterations = 23
 
Elapsed time:   83.14 Seconds

---------------------------------
   Lowdin Population Analysis    
---------------------------------
 Idx  Atom   Population   Charge 
---------------------------------
  1     O     7.590       0.410
  2     H     1.410      -0.410

---------------------------------
   M Diagnostic: 0.02
---------------------------------

Recovering execution output...
Moving from /scratch/pobleyef/283433 to /home-nas/pobleyef/Poison-NOF/ncwo1/P30-5/PNOF5/arina.283433
mkdir -p /home-nas/pobleyef/Poison-NOF/ncwo1/P30-5/PNOF5/arina.283433
mv /scratch/pobleyef/283433/* /home-nas/pobleyef/Poison-NOF/ncwo1/P30-5/PNOF5/arina.283433
