BH76_9_hf2ts
/software/eb2024/easybuild/software/common/software/Julia/1.11.3-linux-x86_64/bin/julia
Job runing on nh040
Choosing scratch ...
Automatic scratch folder selection
/scratch/pobleyef/167335
/scratch/pobleyef/167335 directory
cp BH76_9_hf2ts.jl BH76_9_hf2ts.jld2 to  /scratch/pobleyef/167335/.
Computing Integrals
Elapsed time:   15.03 Seconds

Number of basis functions                   (NBF)    = 144
Number of auxiliary basis functions         (NBFAUX) = 172
Inactive Doubly occupied orbitals up to     (NO1)    = 0
No. considered Strongly Doubly occupied MOs (NDOC)   = 9
No. considered Strongly Singly occupied MOs (NSOC)   = 1
NO. of Weakly occ. per St. Doubly occ.  MOs (NCWO)   = 1
Dimension of the Nat. Orb. subspace         (NBF5)   = 19
No. of electrons                                     = 19
    No. of alpha electrons                           = 10
    No. of beta electrons                            = 9
Multiplicity                                         = 2

Geometry
========
 H       0.0000000       0.0000000      -1.5701571
 F       0.0000000       0.0000000       0.0449024
 F       0.0000000       0.0000000       1.5252546

No violations of the orthonormality
No violations of the orthonormality
 
PNOF5/ADABelief Calculation
==================
 
  Nitext  Nit_orb  Time   Nit_occ  Time         Eelec          Etot           Ediff      maxdiff    MaxGrad_orb  Grad_occ
     1      10    5.4e+01    6    3.3e+01  -232.79123378  -199.34900226 -10231.79123378   0.034756   1.4e-01   5.2e-05 0.10
     2      20    7.2e+01    3    4.2e-03  -232.83821476  -199.39598324    -0.04698098   0.028219   1.1e-01   8.2e-05 0.11
     3      20    6.3e+01    2    8.1e-03  -232.84809384  -199.40586232    -0.00987908   0.015453   6.2e-02   2.7e-04 0.13
     4      20    5.3e+01    3    2.0e-02  -232.85124403  -199.40901251    -0.00315019   0.011508   4.6e-02   1.7e-05 0.15
     5      20    6.7e+01    1    3.8e-03  -232.85160113  -199.40936961    -0.00035710   0.012022   4.8e-02   1.5e-04 0.15
     6      20    6.4e+01    0    7.8e-02  -232.85162456  -199.40939303    -0.00002342   0.012022   4.8e-02   1.5e-04 0.15
     7      39    1.3e+02    0    4.8e-02  -232.85213998  -199.40990846    -0.00051543   0.000486   1.9e-03   1.2e-04 0.15
 
RESULTS OF THE OCCUPATION OPTIMIZATION
========================================
   1    1.9998661  -26.35922382
   2    1.9998654  -26.35784521
   3    1.9950965  -1.07047854
   4    1.9950732  -1.06974476
   5    1.9950630  -1.06944512
   6    1.9948365  -1.05725634
   7    1.9948218  -1.05682343
   8    1.9948134  -1.05659007
   9    1.8489357  -0.78277090
  10    1.0000000  -0.24615371
  11    0.1510643  -0.09594496
  12    0.0051866  -0.00893218
  13    0.0051782  -0.00892630
  14    0.0051635  -0.00891708
  15    0.0049370  -0.00865901
  16    0.0049268  -0.00865320
  17    0.0049035  -0.00863567
  18    0.0001346  -0.00649200
  19    0.0001339  -0.00647050
 
----------------
 Final Energies 
----------------
Final NOF Total Energy =    -199.4099085
 
Total Orbital Internal Iterations = 149
Total Occupation Internal Iterations = 15
 
Elapsed time:  557.02 Seconds

---------------------------------
   Lowdin Population Analysis    
---------------------------------
 Idx  Atom   Population   Charge 
---------------------------------
  1     H     1.050      -0.050
  2     F     8.955       0.045
  3     F     8.995       0.005

---------------------------------
   M Diagnostic: 0.15
---------------------------------

Recovering execution output...
Moving from /scratch/pobleyef/167335 to /home-nas/pobleyef/Poison-Set/ncwo1/P30-5/PNOF5/arina.167335
mkdir -p /home-nas/pobleyef/Poison-Set/ncwo1/P30-5/PNOF5/arina.167335
mv /scratch/pobleyef/167335/* /home-nas/pobleyef/Poison-Set/ncwo1/P30-5/PNOF5/arina.167335
