BH76_9_hf
/software/eb2024/easybuild/software/common/software/Julia/1.11.3-linux-x86_64/bin/julia
Job runing on nh040
Choosing scratch ...
Automatic scratch folder selection
/scratch/pobleyef/167336
/scratch/pobleyef/167336 directory
cp BH76_9_hf.jl BH76_9_hf.jld2 to  /scratch/pobleyef/167336/.
Computing Integrals
Elapsed time:    6.16 Seconds

Number of basis functions                   (NBF)    = 87
Number of auxiliary basis functions         (NBFAUX) = 95
Inactive Doubly occupied orbitals up to     (NO1)    = 0
No. considered Strongly Doubly occupied MOs (NDOC)   = 5
No. considered Strongly Singly occupied MOs (NSOC)   = 0
NO. of Weakly occ. per St. Doubly occ.  MOs (NCWO)   = 1
Dimension of the Nat. Orb. subspace         (NBF5)   = 10
No. of electrons                                     = 10
    No. of alpha electrons                           = 5
    No. of beta electrons                            = 5
Multiplicity                                         = 1

Geometry
========
 F       0.0000000       0.0000000       0.4576912
 H       0.0000000       0.0000000      -0.4576912

No violations of the orthonormality
No violations of the orthonormality
 
PNOF5/ADABelief Calculation
==================
 
  Nitext  Nit_orb  Time   Nit_occ  Time         Eelec          Etot           Ediff      maxdiff    MaxGrad_orb  Grad_occ
     1      10    2.8e+01    3    3.3e+01  -105.34360146  -100.14076500 -10104.34360146   0.001856   7.4e-03   9.2e-05 0.02
     2      20    4.9e-02    2    6.5e-04  -105.34530642  -100.14246996    -0.00170495   0.004882   2.0e-02   3.9e-05 0.02
     3      20    3.0e-02    0    5.0e-04  -105.34534026  -100.14250380    -0.00003385   0.004882   2.0e-02   3.9e-05 0.02
     4      34    4.9e-02    1    5.8e-04  -105.34537630  -100.14253984    -0.00003604   0.000477   1.9e-03   5.7e-05 0.02
 
RESULTS OF THE OCCUPATION OPTIMIZATION
========================================
   1    1.9998606  -26.26230794
   2    1.9819228  -0.99710726
   3    1.9934698  -0.93160422
   4    1.9934167  -0.92981306
   5    1.9934134  -0.92968952
   6    0.0065866  -0.00997502
   7    0.0065833  -0.00997226
   8    0.0065302  -0.00994497
   9    0.0180772  -0.02059015
  10    0.0001394  -0.00663035
 
----------------
 Final Energies 
----------------
Final NOF Total Energy =    -100.1425398
 
Total Orbital Internal Iterations = 84
Total Occupation Internal Iterations = 6
 
Elapsed time:   80.75 Seconds

---------------------------------
   Lowdin Population Analysis    
---------------------------------
 Idx  Atom   Population   Charge 
---------------------------------
  1     F     8.511       0.489
  2     H     1.489      -0.489

---------------------------------
   M Diagnostic: 0.02
---------------------------------

Recovering execution output...
Moving from /scratch/pobleyef/167336 to /home-nas/pobleyef/Poison-Set/ncwo1/P30-5/PNOF5/arina.167336
mkdir -p /home-nas/pobleyef/Poison-Set/ncwo1/P30-5/PNOF5/arina.167336
mv /scratch/pobleyef/167336/* /home-nas/pobleyef/Poison-Set/ncwo1/P30-5/PNOF5/arina.167336
