cl
/software/eb2024/easybuild/software/common/software/Julia/1.11.3-linux-x86_64/bin/julia
Job runing on nh015
Choosing scratch ...
Automatic scratch folder selection
/scratch/pobleyef/167340
/scratch/pobleyef/167340 directory
cp cl.jl cl.jld2 to  /scratch/pobleyef/167340/.
Computing Integrals
Elapsed time:    7.70 Seconds

Number of basis functions                   (NBF)    = 70
Number of auxiliary basis functions         (NBFAUX) = 128
Inactive Doubly occupied orbitals up to     (NO1)    = 0
No. considered Strongly Doubly occupied MOs (NDOC)   = 8
No. considered Strongly Singly occupied MOs (NSOC)   = 1
NO. of Weakly occ. per St. Doubly occ.  MOs (NCWO)   = 1
Dimension of the Nat. Orb. subspace         (NBF5)   = 17
No. of electrons                                     = 17
    No. of alpha electrons                           = 9
    No. of beta electrons                            = 8
Multiplicity                                         = 2

Geometry
========
Cl       0.0000000       0.0000000       0.0000000

No violations of the orthonormality
No violations of the orthonormality
 
PNOF5/ADABelief Calculation
==================
 
  Nitext  Nit_orb  Time   Nit_occ  Time         Eelec          Etot           Ediff      maxdiff    MaxGrad_orb  Grad_occ
     1      10    2.8e+01    4    3.3e+01  -459.50984889  -459.50984889 -10458.50984889   0.003034   1.2e-02   1.3e-04 0.01
     2      20    5.3e-02    2    8.8e-04  -459.52570220  -459.52570220    -0.01585331   0.038594   1.5e-01   4.4e-05 0.01
     3      20    3.2e-02    0    6.8e-04  -459.52577505  -459.52577505    -0.00007286   0.038594   1.5e-01   4.4e-05 0.01
     4      40    6.5e-02    1    7.8e-04  -459.52791096  -459.52791096    -0.00213590   0.006307   2.5e-02   1.3e-04 0.01
     5      40    6.2e-02    2    8.7e-04  -459.52873859  -459.52873859    -0.00082764   0.005818   2.3e-02   3.0e-05 0.01
     6      40    6.1e-02    2    8.4e-04  -459.52967783  -459.52967783    -0.00093923   0.005137   2.1e-02   4.1e-05 0.01
     7      40    6.4e-02    2    8.6e-04  -459.53041022  -459.53041022    -0.00073239   0.005042   2.0e-02   3.0e-05 0.01
     8      40    6.1e-02    1    7.7e-04  -459.53094296  -459.53094296    -0.00053273   0.005011   2.0e-02   1.4e-04 0.01
     9      40    6.1e-02    1    7.6e-04  -459.53130245  -459.53130245    -0.00035950   0.005058   2.0e-02   7.5e-05 0.01
    10      40    6.0e-02    1    7.7e-04  -459.53147462  -459.53147462    -0.00017217   0.005431   2.2e-02   5.0e-05 0.01
    11      40    6.1e-02    0    6.8e-04  -459.53154152  -459.53154152    -0.00006690   0.005604   2.2e-02   1.7e-04 0.01
    12      50    7.6e-02    1    8.0e-04  -459.53157355  -459.53157355    -0.00003203   0.003730   1.5e-02   4.5e-05 0.01
    13      50    7.6e-02    0    6.8e-04  -459.53157822  -459.53157822    -0.00000467   0.003630   1.5e-02   7.6e-05 0.01
    14      60    9.1e-02    0    6.9e-04  -459.53158921  -459.53158921    -0.00001098   0.003239   1.3e-02   7.9e-05 0.01
    15      70    1.1e-01    0    6.7e-04  -459.53159569  -459.53159569    -0.00000648   0.003009   1.2e-02   7.8e-05 0.01
    16      80    1.2e-01    0    6.8e-04  -459.53159856  -459.53159856    -0.00000287   0.002719   1.1e-02   7.9e-05 0.01
    17      90    1.4e-01    0    7.4e-04  -459.53159661  -459.53159661     0.00000195   0.002828   1.1e-02   8.0e-05 0.01
    18      65    9.9e-02    0    6.5e-04  -459.53161914  -459.53161914    -0.00002254   0.000494   2.0e-03   7.9e-05 0.01
 
RESULTS OF THE OCCUPATION OPTIMIZATION
========================================
   1    1.9999739  -103.24508635
   2    1.9997951  -9.24236322
   3    1.9998029  -9.05933633
   4    1.9997966  -9.04041784
   5    1.9998020  -9.03934146
   6    1.9932723  -0.72833450
   7    1.9931706  -0.72624456
   8    1.9931517  -0.72582033
   9    1.0000000  -0.28484379
  10    0.0068483  -0.00634420
  11    0.0068294  -0.00633728
  12    0.0067277  -0.00629703
  13    0.0001980  -0.00295604
  14    0.0002034  -0.00298367
  15    0.0001971  -0.00294921
  16    0.0002049  -0.00298571
  17    0.0000261  -0.00573650
 
----------------
 Final Energies 
----------------
Final NOF Total Energy =    -459.5316191
 
Total Orbital Internal Iterations = 835
Total Occupation Internal Iterations = 17
 
Elapsed time:   81.24 Seconds

---------------------------------
   Lowdin Population Analysis    
---------------------------------
 Idx  Atom   Population   Charge 
---------------------------------
  1    Cl    17.000      -0.000

---------------------------------
   M Diagnostic: 0.01
---------------------------------

Recovering execution output...
Moving from /scratch/pobleyef/167340 to /home-nas/pobleyef/Poison-Set/ncwo1/P30-5/PNOF5/arina.167340
mkdir -p /home-nas/pobleyef/Poison-Set/ncwo1/P30-5/PNOF5/arina.167340
mv /scratch/pobleyef/167340/* /home-nas/pobleyef/Poison-Set/ncwo1/P30-5/PNOF5/arina.167340
