DC13-be4
/software/eb2024/easybuild/software/common/software/Julia/1.11.3-linux-x86_64/bin/julia
Job runing on nh021
Choosing scratch ...
Automatic scratch folder selection
/scratch/pobleyef/283435
/scratch/pobleyef/283435 directory
cp DC13-be4.jl DC13-be4.jld2 to  /scratch/pobleyef/283435/.
DC13-be4_C.jld2 not found
DC13-be4_n.jld2 not found
Computing Integrals
Basis Set                                            = def2-qzvp
Auxiliary Basis Set                                  = def2-universal-jkfit
Gaussian Type                                        = Spherical
Elapsed time:    3.68 Seconds

Number of basis functions                   (NBF)    = 144
Number of auxiliary basis functions         (NBFAUX) = 204
Inactive Doubly occupied orbitals up to     (NO1)    = 0
No. considered Strongly Doubly occupied MOs (NDOC)   = 8
No. considered Strongly Singly occupied MOs (NSOC)   = 0
NO. of Weakly occ. per St. Doubly occ.  MOs (NCWO)   = 1
Dimension of the Nat. Orb. subspace         (NBF5)   = 16
No. of electrons                                     = 16
    No. of alpha electrons                           = 8
    No. of beta electrons                            = 8
Multiplicity                                         = 1

Geometry
========
Be       0.7279036      -0.7279036       0.7279036
Be      -0.7279036       0.7279036       0.7279036
Be      -0.7279036      -0.7279036      -0.7279036
Be       0.7279036       0.7279036      -0.7279036

No violations of the orthonormality
No violations of the orthonormality
 
PNOF5/ADABelief Calculation
==================
 
  Nitext  Nit_orb  Time   Nit_occ  Time         Eelec          Etot           Ediff      maxdiff    MaxGrad_orb  Grad_occ
     1      10    2.9e+01    6    3.4e+01   -81.85843958   -57.18369791 -10080.85843958   0.136229   5.4e-01   1.3e-04 0.02
     2      10    1.0e+00    5    8.1e-03   -82.90514688   -58.23040521    -1.04670730   0.070810   2.8e-01   2.0e-04 0.07
     3      10    9.1e-01    3    3.4e-02   -83.06886988   -58.39412820    -0.16372299   0.070786   2.8e-01   5.2e-05 0.06
     4      10    1.0e+00    3    2.9e-02   -83.09786562   -58.42312394    -0.02899574   0.061431   2.5e-01   3.8e-05 0.08
     5      10    9.8e-01    3    2.7e-02   -83.10524792   -58.43050624    -0.00738230   0.250212   1.0e+00   1.0e-04 0.10
     6      10    1.1e+00    3    3.2e-03   -83.11307319   -58.43833152    -0.00782528   0.067013   2.7e-01   6.5e-05 0.11
     7      10    9.0e-01    4    1.3e-02   -83.11784221   -58.44310054    -0.00476901   0.071632   2.9e-01   1.2e-04 0.12
     8      10    1.0e+00    5    7.0e-03   -83.12184782   -58.44710615    -0.00400561   0.067464   2.7e-01   2.7e-05 0.13
     9      10    1.1e+00    4    2.1e-02   -83.12384238   -58.44910071    -0.00199456   0.073491   2.9e-01   5.2e-05 0.13
    10      10    7.6e-01    3    9.2e-02   -83.12676421   -58.45202253    -0.00292182   0.066005   2.6e-01   1.1e-04 0.13
    11      10    8.9e-01    3    2.8e-02   -83.13026124   -58.45551956    -0.00349703   0.066893   2.7e-01   3.9e-05 0.14
    12      10    1.0e+00    1    4.7e-02   -83.13150421   -58.45676254    -0.00124298   0.068147   2.7e-01   1.3e-04 0.14
    13      10    8.8e-01    0    6.7e-02   -83.13151207   -58.45677040    -0.00000786   0.068147   2.7e-01   1.3e-04 0.14
    14      30    2.5e+00    1    7.3e-02   -83.14542168   -58.47068001    -0.01390961   0.001281   5.1e-03   1.8e-04 0.13
    15      30    2.8e+00    1    4.0e-02   -83.14556340   -58.47082173    -0.00014172   0.001752   7.0e-03   1.4e-04 0.13
    16      30    3.1e+00    0    3.2e-03   -83.14556683   -58.47082515    -0.00000343   0.001752   7.0e-03   1.4e-04 0.13
    17      34    3.3e+00    0    4.5e-02   -83.14568055   -58.47093888    -0.00011373   0.000492   2.0e-03   1.3e-04 0.13
 
RESULTS OF THE OCCUPATION OPTIMIZATION
========================================
   1    1.9987243  -4.66849713
   2    1.9987253  -4.66763332
   3    1.9987250  -4.66658866
   4    1.9987304  -4.66163748
   5    1.9977720  -0.67045838
   6    1.8740471  -0.27157400
   7    1.8737461  -0.27145174
   8    1.8739714  -0.27138107
   9    0.1260286  -0.02763412
  10    0.1262539  -0.02768193
  11    0.1259529  -0.02765456
  12    0.0022280  -0.00162832
  13    0.0012696  -0.00964248
  14    0.0012750  -0.00966956
  15    0.0012747  -0.00967079
  16    0.0012757  -0.00967572
 
----------------
 Final Energies 
----------------
Final NOF Total Energy =     -58.4709389
 
Total Orbital Internal Iterations = 254
Total Occupation Internal Iterations = 45
 
Elapsed time:  107.41 Seconds

---------------------------------
   Lowdin Population Analysis    
---------------------------------
 Idx  Atom   Population   Charge 
---------------------------------
  1    Be     4.000       0.000
  2    Be     4.001      -0.001
  3    Be     4.000       0.000
  4    Be     4.000       0.000

---------------------------------
   M Diagnostic: 0.13
---------------------------------

Recovering execution output...
Moving from /scratch/pobleyef/283435 to /home-nas/pobleyef/Poison-NOF/ncwo1/P30-5/PNOF5/arina.283435
mkdir -p /home-nas/pobleyef/Poison-NOF/ncwo1/P30-5/PNOF5/arina.283435
mv /scratch/pobleyef/283435/* /home-nas/pobleyef/Poison-NOF/ncwo1/P30-5/PNOF5/arina.283435
