G2RC_10_66
/software/eb2024/easybuild/software/common/software/Julia/1.11.3-linux-x86_64/bin/julia
Job runing on nh005
Choosing scratch ...
Automatic scratch folder selection
/scratch/pobleyef/168083
/scratch/pobleyef/168083 directory
cp G2RC_10_66.jl G2RC_10_66.jld2 to  /scratch/pobleyef/168083/.
Computing Integrals
Elapsed time:    7.76 Seconds

Number of basis functions                   (NBF)    = 298
Number of auxiliary basis functions         (NBFAUX) = 436
Inactive Doubly occupied orbitals up to     (NO1)    = 0
No. considered Strongly Doubly occupied MOs (NDOC)   = 25
No. considered Strongly Singly occupied MOs (NSOC)   = 0
NO. of Weakly occ. per St. Doubly occ.  MOs (NCWO)   = 1
Dimension of the Nat. Orb. subspace         (NBF5)   = 50
No. of electrons                                     = 50
    No. of alpha electrons                           = 25
    No. of beta electrons                            = 25
Multiplicity                                         = 1

Geometry
========
Si       0.0000000       0.0000000       0.0000000
 F       0.9102019      -0.9102019       0.9102019
 F      -0.9102019       0.9102019       0.9102019
 F      -0.9102019      -0.9102019      -0.9102019
 F       0.9102019       0.9102019      -0.9102019

No violations of the orthonormality
No violations of the orthonormality
 
PNOF5/ADABelief Calculation
==================
 
  Nitext  Nit_orb  Time   Nit_occ  Time         Eelec          Etot           Ediff      maxdiff    MaxGrad_orb  Grad_occ
     1      10    3.0e+01    0    3.5e+01  -956.57790118  -687.50705160 -10955.57790118   0.026777   1.1e-01   1.5e-04 0.01
     2      30    5.2e+00    0    3.0e-02  -956.57790118  -687.50705160     0.00000000   0.026777   1.1e-01   1.5e-04 0.01
     3      50    8.3e+00    0    2.9e-02  -956.57790118  -687.50705160     0.00000000   0.026777   1.1e-01   1.5e-04 0.01
     4      70    1.2e+01    0    6.4e-02  -956.57791592  -687.50706634    -0.00001474   0.000924   3.7e-03   1.7e-04 0.01
 
RESULTS OF THE OCCUPATION OPTIMIZATION
========================================
   1    1.9999611  -68.54892678
   2    1.9998613  -26.30345909
   3    1.9998614  -26.30345087
   4    1.9998614  -26.30341891
   5    1.9998613  -26.30293218
   6    1.9993103  -4.95107756
   7    1.9993140  -4.95034648
   8    1.9993075  -4.94924185
   9    1.9993108  -4.94897770
  10    1.9912039  -1.10583540
  11    1.9911097  -1.10574593
  12    1.9911668  -1.10510697
  13    1.9912138  -1.10300859
  14    1.9927259  -0.95831388
  15    1.9928115  -0.95615967
  16    1.9928489  -0.95464799
  17    1.9928809  -0.95422043
  18    1.9929376  -0.95320202
  19    1.9930119  -0.95227719
  20    1.9930097  -0.95139067
  21    1.9930730  -0.95007563
  22    1.9930579  -0.94990790
  23    1.9930983  -0.94970339
  24    1.9931606  -0.94961939
  25    1.9931681  -0.94938453
  26    0.0068319  -0.01019788
  27    0.0068394  -0.01020833
  28    0.0069017  -0.01026545
  29    0.0069421  -0.01029713
  30    0.0069270  -0.01028636
  31    0.0069903  -0.01034668
  32    0.0069881  -0.01036406
  33    0.0070624  -0.01042644
  34    0.0071191  -0.01047977
  35    0.0071511  -0.01050544
  36    0.0071885  -0.01055086
  37    0.0072741  -0.01062733
  38    0.0087862  -0.01280465
  39    0.0088332  -0.01286347
  40    0.0088903  -0.01290974
  41    0.0087961  -0.01282117
  42    0.0006892  -0.00518143
  43    0.0006925  -0.00519676
  44    0.0006860  -0.00516877
  45    0.0006897  -0.00519048
  46    0.0001387  -0.00661429
  47    0.0001386  -0.00661351
  48    0.0001386  -0.00661353
  49    0.0001387  -0.00661364
  50    0.0000389  -0.00558011
 
----------------
 Final Energies 
----------------
Final NOF Total Energy =    -687.5070663
 
Total Orbital Internal Iterations = 160
Total Occupation Internal Iterations = 0
 
Elapsed time:  112.07 Seconds

---------------------------------
   Lowdin Population Analysis    
---------------------------------
 Idx  Atom   Population   Charge 
---------------------------------
  1    Si    15.162      -1.162
  2     F     8.710       0.290
  3     F     8.709       0.291
  4     F     8.709       0.291
  5     F     8.709       0.291

---------------------------------
   M Diagnostic: 0.01
---------------------------------

Recovering execution output...
Moving from /scratch/pobleyef/168083 to /home-nas/pobleyef/Poison-Set/ncwo1/P30-5/PNOF5/arina.168083
mkdir -p /home-nas/pobleyef/Poison-Set/ncwo1/P30-5/PNOF5/arina.168083
mv /scratch/pobleyef/168083/* /home-nas/pobleyef/Poison-Set/ncwo1/P30-5/PNOF5/arina.168083
