Computing Integrals
Basis Set                                            = def2-qzvp
Auxiliary Basis Set                                  = def2-universal-jkfit
Gaussian Type                                        = Spherical
Elapsed time:   27.72 Seconds

Number of basis functions                   (NBF)    = 285
Number of auxiliary basis functions         (NBFAUX) = 383
Inactive Doubly occupied orbitals up to     (NO1)    = 0
No. considered Strongly Doubly occupied MOs (NDOC)   = 21
No. considered Strongly Singly occupied MOs (NSOC)   = 0
NO. of Weakly occ. per St. Doubly occ.  MOs (NCWO)   = 1
Dimension of the Nat. Orb. subspace         (NBF5)   = 42
No. of electrons                                     = 42
    No. of alpha electrons                           = 21
    No. of beta electrons                            = 21
Multiplicity                                         = 1

Geometry
========
 C       0.0000000       0.0000000       0.0000000
 F       0.7665641      -0.7665641       0.7665641
 F      -0.7665641       0.7665641       0.7665641
 F      -0.7665641      -0.7665641      -0.7665641
 F       0.7665641       0.7665641      -0.7665641

No violations of the orthonormality
No violations of the orthonormality
 
PNOF5/ADABelief Calculation
==================
 
  Nitext  Nit_orb  Time   Nit_occ  Time         Eelec          Etot           Ediff      maxdiff    MaxGrad_orb  Grad_occ
     1      10    9.8e+01    0    2.4e+01  -640.84585244  -436.14145510 -10639.84585244   0.000853   3.4e-03   1.3e-04 0.02
 
RESULTS OF THE OCCUPATION OPTIMIZATION
========================================
   1    1.9998626  -26.32644223
   2    1.9998628  -26.32520806
   3    1.9998622  -26.32397541
   4    1.9998626  -26.32365840
   5    1.9996134  -11.58936662
   6    1.9840738  -1.12347736
   7    1.9837576  -1.11149046
   8    1.9836799  -1.10726993
   9    1.9836639  -1.10574087
  10    1.9944296  -1.02274173
  11    1.9943868  -1.02244763
  12    1.9944352  -1.02229410
  13    1.9943839  -1.02175956
  14    1.9944082  -1.02121928
  15    1.9943636  -1.02044911
  16    1.9943276  -1.02005263
  17    1.9943677  -1.01974168
  18    1.9943389  -1.01882214
  19    1.9943239  -1.01803582
  20    1.9942936  -1.01634269
  21    1.9942400  -1.00981462
  22    0.0057600  -0.00933509
  23    0.0057064  -0.00930278
  24    0.0056761  -0.00927802
  25    0.0056611  -0.00927641
  26    0.0056323  -0.00924439
  27    0.0056724  -0.00928450
  28    0.0056364  -0.00925386
  29    0.0055918  -0.00922144
  30    0.0056161  -0.00925033
  31    0.0055648  -0.00920473
  32    0.0056132  -0.00924929
  33    0.0055704  -0.00921081
  34    0.0163361  -0.02000312
  35    0.0163201  -0.02001236
  36    0.0162424  -0.01997831
  37    0.0159262  -0.01981723
  38    0.0003866  -0.00784748
  39    0.0001374  -0.00659698
  40    0.0001378  -0.00660384
  41    0.0001372  -0.00658758
  42    0.0001374  -0.00659316
 
----------------
 Final Energies 
----------------
Final NOF Total Energy =    -436.1414551
 
Total Orbital Internal Iterations = 10
Total Occupation Internal Iterations = 0
 
Elapsed time:  138.88 Seconds

---------------------------------
   Lowdin Population Analysis    
---------------------------------
 Idx  Atom   Population   Charge 
---------------------------------
  1     C     7.493      -1.493
  2     F     8.627       0.373
  3     F     8.627       0.373
  4     F     8.627       0.373
  5     F     8.627       0.373

---------------------------------
   M Diagnostic: 0.02
---------------------------------

