h
/software/eb2024/easybuild/software/common/software/Julia/1.11.3-linux-x86_64/bin/julia
Job runing on nh020
Choosing scratch ...
Automatic scratch folder selection
/scratch/pobleyef/167353
/scratch/pobleyef/167353 directory
cp h.jl h.jld2 to  /scratch/pobleyef/167353/.
Computing Integrals
Elapsed time:    6.02 Seconds

Number of basis functions                   (NBF)    = 30
Number of auxiliary basis functions         (NBFAUX) = 18
Inactive Doubly occupied orbitals up to     (NO1)    = 0
No. considered Strongly Doubly occupied MOs (NDOC)   = 0
No. considered Strongly Singly occupied MOs (NSOC)   = 1
NO. of Weakly occ. per St. Doubly occ.  MOs (NCWO)   = 0
Dimension of the Nat. Orb. subspace         (NBF5)   = 1
No. of electrons                                     = 1
    No. of alpha electrons                           = 1
    No. of beta electrons                            = 0
Multiplicity                                         = 2

Geometry
========
 H       0.0000000       0.0000000       0.0000000

No violations of the orthonormality
No violations of the orthonormality
 
PNOF5/ADABelief Calculation
==================
 
  Nitext  Nit_orb  Time   Nit_occ  Time         Eelec          Etot           Ediff      maxdiff    MaxGrad_orb  Grad_occ
     1      10    3.0e+01    0    4.4e+00    -0.49998330    -0.49998330 -9999.49998330   0.000000   2.7e-15   0.0e+00 0.00
 
RESULTS OF THE OCCUPATION OPTIMIZATION
========================================
   1    1.0000000  -0.24999165
 
----------------
 Final Energies 
----------------
Final NOF Total Energy =      -0.4999833
 
Total Orbital Internal Iterations = 10
Total Occupation Internal Iterations = 0
 
Elapsed time:   85.41 Seconds

---------------------------------
   Lowdin Population Analysis    
---------------------------------
 Idx  Atom   Population   Charge 
---------------------------------
  1     H     1.000       0.000

---------------------------------
   M Diagnostic: 0.00
---------------------------------

Recovering execution output...
Moving from /scratch/pobleyef/167353 to /home-nas/pobleyef/Poison-Set/ncwo1/P30-5/PNOF5/arina.167353
mkdir -p /home-nas/pobleyef/Poison-Set/ncwo1/P30-5/PNOF5/arina.167353
mv /scratch/pobleyef/167353/* /home-nas/pobleyef/Poison-Set/ncwo1/P30-5/PNOF5/arina.167353
