s
/software/eb2024/easybuild/software/common/software/Julia/1.11.3-linux-x86_64/bin/julia
Job runing on nh005
Choosing scratch ...
Automatic scratch folder selection
/scratch/pobleyef/167366
/scratch/pobleyef/167366 directory
cp s.jl s.jld2 to  /scratch/pobleyef/167366/.
Computing Integrals
Elapsed time:    7.65 Seconds

Number of basis functions                   (NBF)    = 70
Number of auxiliary basis functions         (NBFAUX) = 128
Inactive Doubly occupied orbitals up to     (NO1)    = 0
No. considered Strongly Doubly occupied MOs (NDOC)   = 7
No. considered Strongly Singly occupied MOs (NSOC)   = 2
NO. of Weakly occ. per St. Doubly occ.  MOs (NCWO)   = 1
Dimension of the Nat. Orb. subspace         (NBF5)   = 16
No. of electrons                                     = 16
    No. of alpha electrons                           = 9
    No. of beta electrons                            = 7
Multiplicity                                         = 3

Geometry
========
 S       0.0000000       0.0000000       0.0000000

No violations of the orthonormality
No violations of the orthonormality
 
PNOF5/ADABelief Calculation
==================
 
  Nitext  Nit_orb  Time   Nit_occ  Time         Eelec          Etot           Ediff      maxdiff    MaxGrad_orb  Grad_occ
     1      10    2.8e+01    5    3.3e+01  -397.51606600  -397.51606600 -10396.51606600   0.005521   2.2e-02   1.6e-04 0.01
     2      20    5.9e-02    2    8.1e-04  -397.54407183  -397.54407183    -0.02800582   0.040602   1.6e-01   2.0e-04 0.01
     3      20    3.0e-02    0    6.0e-04  -397.54414273  -397.54414273    -0.00007090   0.040602   1.6e-01   2.0e-04 0.01
     4      40    5.8e-02    2    7.2e-04  -397.54567622  -397.54567622    -0.00153349   0.005686   2.3e-02   4.1e-05 0.01
     5      40    6.1e-02    0    5.8e-04  -397.54583387  -397.54583387    -0.00015765   0.003309   1.3e-02   9.2e-05 0.01
     6      50    7.2e-02    1    6.6e-04  -397.54590570  -397.54590570    -0.00007183   0.003380   1.4e-02   4.6e-05 0.01
     7      50    7.3e-02    1    4.0e-03  -397.54632378  -397.54632378    -0.00041808   0.002509   1.0e-02   1.4e-04 0.01
     8      50    7.3e-02    3    7.9e-04  -397.54678009  -397.54678009    -0.00045631   0.002964   1.2e-02   8.1e-05 0.01
     9      50    7.2e-02    2    7.4e-04  -397.54718571  -397.54718571    -0.00040562   0.002741   1.1e-02   1.0e-04 0.01
    10      50    7.2e-02    2    7.3e-04  -397.54740450  -397.54740450    -0.00021879   0.002849   1.1e-02   2.9e-05 0.01
    11      50    7.2e-02    2    7.4e-04  -397.54751283  -397.54751283    -0.00010833   0.003090   1.2e-02   1.9e-05 0.01
    12      50    7.8e-02    2    7.4e-04  -397.54766213  -397.54766213    -0.00014929   0.002643   1.1e-02   2.0e-05 0.01
    13      50    7.3e-02    2    7.3e-04  -397.54787425  -397.54787425    -0.00021212   0.003006   1.2e-02   2.4e-05 0.01
    14      50    7.3e-02    2    4.0e-03  -397.54811910  -397.54811910    -0.00024485   0.002779   1.1e-02   1.9e-05 0.01
    15      50    7.1e-02    1    6.6e-04  -397.54831265  -397.54831265    -0.00019354   0.002977   1.2e-02   1.1e-04 0.01
    16      50    7.4e-02    1    6.8e-04  -397.54844491  -397.54844491    -0.00013226   0.002696   1.1e-02   4.8e-05 0.01
    17      50    7.3e-02    1    6.7e-04  -397.54849894  -397.54849894    -0.00005403   0.002940   1.2e-02   2.6e-05 0.01
    18      50    7.2e-02    0    5.7e-04  -397.54851262  -397.54851262    -0.00001368   0.002903   1.2e-02   1.5e-04 0.01
    19      60    8.9e-02    0    5.8e-04  -397.54852539  -397.54852539    -0.00001277   0.002274   9.1e-03   1.7e-04 0.01
    20      70    9.9e-02    0    5.9e-04  -397.54852898  -397.54852898    -0.00000360   0.002425   9.7e-03   1.6e-04 0.01
    21      80    1.2e-01    0    5.6e-04  -397.54852908  -397.54852908    -0.00000010   0.002244   9.0e-03   1.7e-04 0.01
    22      90    1.3e-01    0    5.7e-04  -397.54853157  -397.54853157    -0.00000249   0.002086   8.3e-03   1.6e-04 0.01
    23     100    1.4e-01    0    5.8e-04  -397.54852955  -397.54852955     0.00000202   0.002037   8.1e-03   1.7e-04 0.01
    24      67    9.0e-02    0    5.8e-04  -397.54854610  -397.54854610    -0.00001655   0.000491   2.0e-03   1.7e-04 0.01
 
RESULTS OF THE OCCUPATION OPTIMIZATION
========================================
   1    1.9999714  -90.93605656
   2    1.9996877  -7.56595133
   3    1.9996878  -7.56572339
   4    1.9997171  -7.48528660
   5    1.9997273  -7.47661637
   6    1.9940519  -0.68376396
   7    1.9934947  -0.67106870
   8    1.0000000  -0.24106487
   9    1.0000000  -0.24106310
  10    0.0065053  -0.00552267
  11    0.0059481  -0.00527939
  12    0.0002727  -0.00348359
  13    0.0002829  -0.00354871
  14    0.0003122  -0.00379429
  15    0.0003123  -0.00379475
  16    0.0000286  -0.00557603
 
----------------
 Final Energies 
----------------
Final NOF Total Energy =    -397.5485461
 
Total Orbital Internal Iterations = 1247
Total Occupation Internal Iterations = 29
 
Elapsed time:   82.04 Seconds

---------------------------------
   Lowdin Population Analysis    
---------------------------------
 Idx  Atom   Population   Charge 
---------------------------------
  1     S    16.000      -0.000

---------------------------------
   M Diagnostic: 0.01
---------------------------------

Recovering execution output...
Moving from /scratch/pobleyef/167366 to /home-nas/pobleyef/Poison-Set/ncwo1/P30-5/PNOF5/arina.167366
mkdir -p /home-nas/pobleyef/Poison-Set/ncwo1/P30-5/PNOF5/arina.167366
mv /scratch/pobleyef/167366/* /home-nas/pobleyef/Poison-Set/ncwo1/P30-5/PNOF5/arina.167366
