SIE4x4_4_he2+_1.0
/software/eb2024/easybuild/software/common/software/Julia/1.11.3-linux-x86_64/bin/julia
Job runing on nh003
Choosing scratch ...
Automatic scratch folder selection
/scratch/pobleyef/167361
/scratch/pobleyef/167361 directory
cp SIE4x4_4_he2+_1.0.jl SIE4x4_4_he2+_1.0.jld2 to  /scratch/pobleyef/167361/.
Computing Integrals
Elapsed time:    5.76 Seconds

Number of basis functions                   (NBF)    = 60
Number of auxiliary basis functions         (NBFAUX) = 46
Inactive Doubly occupied orbitals up to     (NO1)    = 0
No. considered Strongly Doubly occupied MOs (NDOC)   = 1
No. considered Strongly Singly occupied MOs (NSOC)   = 1
NO. of Weakly occ. per St. Doubly occ.  MOs (NCWO)   = 1
Dimension of the Nat. Orb. subspace         (NBF5)   = 3
No. of electrons                                     = 3
    No. of alpha electrons                           = 2
    No. of beta electrons                            = 1
Multiplicity                                         = 2

Geometry
========
He       0.0000000       0.0000000      -0.5371019
He       0.0000000       0.0000000       0.5371019

No violations of the orthonormality
No violations of the orthonormality
 
PNOF5/ADABelief Calculation
==================
 
  Nitext  Nit_orb  Time   Nit_occ  Time         Eelec          Etot           Ediff      maxdiff    MaxGrad_orb  Grad_occ
     1      10    2.8e+01    4    3.4e+01    -6.88340304    -4.91291604 -10005.88340304   0.012349   4.9e-02   8.4e-05 0.00
     2      10    5.3e-03    0    2.3e-04    -6.89618954    -4.92570254    -0.01278650   0.011495   4.6e-02   1.4e-04 0.00
     3      19    8.7e-03    0    1.7e-04    -6.89698265    -4.92649566    -0.00079312   0.000272   1.1e-03   1.2e-04 0.00
 
RESULTS OF THE OCCUPATION OPTIMIZATION
========================================
   1    1.9986189  -1.66731690
   2    1.0000000  -0.73123590
   3    0.0013811  -0.00291018
 
----------------
 Final Energies 
----------------
Final NOF Total Energy =      -4.9264957
 
Total Orbital Internal Iterations = 39
Total Occupation Internal Iterations = 4
 
Elapsed time:   81.50 Seconds

---------------------------------
   Lowdin Population Analysis    
---------------------------------
 Idx  Atom   Population   Charge 
---------------------------------
  1    He     1.500       0.500
  2    He     1.500       0.500

---------------------------------
   M Diagnostic: 0.00
---------------------------------

Recovering execution output...
Moving from /scratch/pobleyef/167361 to /home-nas/pobleyef/Poison-Set/ncwo1/P30-5/PNOF5/arina.167361
mkdir -p /home-nas/pobleyef/Poison-Set/ncwo1/P30-5/PNOF5/arina.167361
mv /scratch/pobleyef/167361/* /home-nas/pobleyef/Poison-Set/ncwo1/P30-5/PNOF5/arina.167361
