Computing Integrals
Basis Set                                            = def2-qzvp
Auxiliary Basis Set                                  = def2-universal-jkfit
Gaussian Type                                        = Spherical
Elapsed time:   46.04 Seconds

Number of basis functions                   (NBF)    = 280
Number of auxiliary basis functions         (NBFAUX) = 512
Inactive Doubly occupied orbitals up to     (NO1)    = 0
No. considered Strongly Doubly occupied MOs (NDOC)   = 30
No. considered Strongly Singly occupied MOs (NSOC)   = 0
NO. of Weakly occ. per St. Doubly occ.  MOs (NCWO)   = 1
Dimension of the Nat. Orb. subspace         (NBF5)   = 60
No. of electrons                                     = 60
    No. of alpha electrons                           = 30
    No. of beta electrons                            = 30
Multiplicity                                         = 1

Geometry
========
 P       0.7773750       0.7773750       0.7773750
 P      -0.7773750      -0.7773750       0.7773750
 P      -0.7773750       0.7773750      -0.7773750
 P       0.7773750      -0.7773750      -0.7773750

No violations of the orthonormality
No violations of the orthonormality
 
PNOF5/ADABelief Calculation
==================
 
  Nitext  Nit_orb  Time   Nit_occ  Time         Eelec          Etot           Ediff      maxdiff    MaxGrad_orb  Grad_occ
     1      10    1.2e+02    0    2.4e+01 -1688.18867979 -1363.28214412 -11687.18867979   0.000796   3.2e-03   1.2e-04 0.02
 
RESULTS OF THE OCCUPATION OPTIMIZATION
========================================
   1    1.9999675  -79.37398416
   2    1.9999673  -79.34905479
   3    1.9999406  -74.19552695
   4    1.9999364  -72.69656606
   5    1.9999880  -14.78194975
   6    1.9999730  -12.99372619
   7    1.9995435  -6.12257344
   8    1.9995375  -6.10973443
   9    1.9995189  -6.10162922
  10    1.9995263  -6.07659168
  11    1.9995008  -6.07319281
  12    1.9994821  -6.06912963
  13    1.9994953  -6.06198620
  14    1.9994770  -6.04894795
  15    1.9994966  -5.54821903
  16    1.9995067  -5.53376532
  17    1.9995148  -5.42254959
  18    1.9994697  -5.40110806
  19    1.9994589  -5.40027670
  20    1.9994577  -5.39966014
  21    1.9956938  -0.70604372
  22    1.9926774  -0.64814879
  23    1.9926488  -0.64563284
  24    1.9893838  -0.56088404
  25    1.9815703  -0.53982468
  26    1.9811610  -0.53860303
  27    1.9804974  -0.52535578
  28    1.9852091  -0.52193829
  29    1.9824405  -0.50946472
  30    1.9822440  -0.50670142
  31    0.0177560  -0.00922383
  32    0.0175595  -0.00918035
  33    0.0147909  -0.00819853
  34    0.0195026  -0.01049255
  35    0.0188390  -0.01039226
  36    0.0184297  -0.01022637
  37    0.0106162  -0.00659792
  38    0.0073512  -0.00555918
  39    0.0073226  -0.00556236
  40    0.0043062  -0.00372764
  41    0.0005423  -0.00483247
  42    0.0005411  -0.00482226
  43    0.0005303  -0.00474803
  44    0.0004852  -0.00447556
  45    0.0004933  -0.00455169
  46    0.0005034  -0.00462329
  47    0.0005230  -0.00491528
  48    0.0005047  -0.00478323
  49    0.0005179  -0.00487655
  50    0.0004992  -0.00474363
  51    0.0004737  -0.00457458
  52    0.0004811  -0.00463017
  53    0.0004625  -0.00450260
  54    0.0004565  -0.00443926
  55    0.0000270  -0.00045158
  56    0.0000120  -0.00027092
  57    0.0000636  -0.00854878
  58    0.0000594  -0.00822153
  59    0.0000327  -0.00552625
  60    0.0000325  -0.00550958
 
----------------
 Final Energies 
----------------
Final NOF Total Energy =   -1363.2821441
 
Total Orbital Internal Iterations = 10
Total Occupation Internal Iterations = 0
 
Elapsed time:  165.95 Seconds

---------------------------------
   Lowdin Population Analysis    
---------------------------------
 Idx  Atom   Population   Charge 
---------------------------------
  1     P    14.997       0.003
  2     P    15.002      -0.002
  3     P    14.999       0.001
  4     P    15.002      -0.002

---------------------------------
   M Diagnostic: 0.02
---------------------------------

