W4-11-hnnn
/software/eb2024/easybuild/software/common/software/Julia/1.11.3-linux-x86_64/bin/julia
Job runing on nh015
Choosing scratch ...
Automatic scratch folder selection
/scratch/pobleyef/283468
/scratch/pobleyef/283468 directory
cp W4-11-hnnn.jl W4-11-hnnn.jld2 to  /scratch/pobleyef/283468/.
W4-11-hnnn_C.jld2 not found
W4-11-hnnn_n.jld2 not found
Computing Integrals
Basis Set                                            = def2-qzvp
Auxiliary Basis Set                                  = def2-universal-jkfit
Gaussian Type                                        = Spherical
Elapsed time:    4.07 Seconds

Number of basis functions                   (NBF)    = 201
Number of auxiliary basis functions         (NBFAUX) = 249
Inactive Doubly occupied orbitals up to     (NO1)    = 0
No. considered Strongly Doubly occupied MOs (NDOC)   = 11
No. considered Strongly Singly occupied MOs (NSOC)   = 0
NO. of Weakly occ. per St. Doubly occ.  MOs (NCWO)   = 1
Dimension of the Nat. Orb. subspace         (NBF5)   = 22
No. of electrons                                     = 22
    No. of alpha electrons                           = 11
    No. of beta electrons                            = 11
Multiplicity                                         = 1

Geometry
========
 H       1.0789720      -1.3818100       0.0000000
 N       0.0937700      -1.1298800       0.0000000
 N       0.0000000       0.1110980       0.0000000
 N      -0.2479090       1.2161830       0.0000000

No violations of the orthonormality
No violations of the orthonormality
 
PNOF5/ADABelief Calculation
==================
 
  Nitext  Nit_orb  Time   Nit_occ  Time         Eelec          Etot           Ediff      maxdiff    MaxGrad_orb  Grad_occ
     1      10    3.0e+01    8    3.6e+01  -218.51778921  -156.92733380 -10217.51778921   0.621192   2.5e+00   1.6e-04 0.01
     2      10    1.3e+00    7    1.1e-02  -224.45769063  -162.86723522    -5.93990142   0.222522   8.9e-01   1.2e-04 0.04
     3      10    1.1e+00    5    5.3e-03  -225.31532676  -163.72487136    -0.85763614   0.190500   7.6e-01   1.5e-04 0.03
     4      10    1.4e+00    5    4.9e-03  -225.51165664  -163.92120124    -0.19632988   0.193045   7.7e-01   6.1e-05 0.04
     5      10    1.2e+00    4    5.3e-02  -225.58492224  -163.99446684    -0.07326560   0.205195   8.2e-01   6.3e-05 0.04
     6      10    1.4e+00    3    4.5e-03  -225.60308199  -164.01262659    -0.01815975   0.198474   7.9e-01   7.4e-05 0.05
     7      10    1.2e+00    0    8.4e-03  -225.60404758  -164.01359218    -0.00096559   0.198474   7.9e-01   7.4e-05 0.05
     8      30    3.8e+00    3    4.4e-03  -225.65533804  -164.06488264    -0.05129046   0.001097   4.4e-03   5.2e-05 0.06
     9      30    3.4e+00    2    2.1e-02  -225.65675210  -164.06629670    -0.00141406   0.001362   5.4e-03   1.7e-04 0.06
    10      30    3.7e+00    2    9.0e-03  -225.65732576  -164.06687036    -0.00057366   0.002432   9.7e-03   1.4e-04 0.06
    11      30    3.5e+00    2    6.9e-02  -225.65744609  -164.06699068    -0.00012033   0.002407   9.6e-03   8.1e-05 0.06
    12      30    3.8e+00    1    8.1e-03  -225.65752541  -164.06707001    -0.00007933   0.002115   8.5e-03   1.4e-04 0.06
    13      30    3.7e+00    0    3.5e-02  -225.65753929  -164.06708389    -0.00001388   0.002115   8.5e-03   1.4e-04 0.06
    14      32    3.9e+00    1    4.9e-03  -225.65767899  -164.06722359    -0.00013970   0.000471   1.9e-03   1.2e-04 0.06
 
RESULTS OF THE OCCUPATION OPTIMIZATION
========================================
   1    1.9997278  -15.76574146
   2    1.9997424  -15.62477114
   3    1.9997396  -15.59569458
   4    1.9947624  -1.34664843
   5    1.9860696  -0.92287440
   6    1.9853604  -0.90430687
   7    1.9848699  -0.87082741
   8    1.9927519  -0.69966991
   9    1.9910962  -0.67819472
  10    1.9909808  -0.67673347
  11    1.9362007  -0.63482861
  12    0.0637993  -0.03552563
  13    0.0090192  -0.00836786
  14    0.0089038  -0.00831178
  15    0.0072481  -0.00740167
  16    0.0151301  -0.01488781
  17    0.0146396  -0.01445267
  18    0.0139304  -0.01416126
  19    0.0052376  -0.00883271
  20    0.0002604  -0.00735235
  21    0.0002576  -0.00732189
  22    0.0002722  -0.00762101
 
----------------
 Final Energies 
----------------
Final NOF Total Energy =    -164.0672236
 
Total Orbital Internal Iterations = 282
Total Occupation Internal Iterations = 43
 
Elapsed time:  121.51 Seconds

---------------------------------
   Lowdin Population Analysis    
---------------------------------
 Idx  Atom   Population   Charge 
---------------------------------
  1     H     1.251      -0.251
  2     N     6.834       0.166
  3     N     6.952       0.048
  4     N     6.963       0.037

---------------------------------
   M Diagnostic: 0.06
---------------------------------

Recovering execution output...
Moving from /scratch/pobleyef/283468 to /home-nas/pobleyef/Poison-NOF/ncwo1/P30-5/PNOF5/arina.283468
mkdir -p /home-nas/pobleyef/Poison-NOF/ncwo1/P30-5/PNOF5/arina.283468
mv /scratch/pobleyef/283468/* /home-nas/pobleyef/Poison-NOF/ncwo1/P30-5/PNOF5/arina.283468
