W4-11-alf3
/software/eb2024/easybuild/software/common/software/Julia/1.11.3-linux-x86_64/bin/julia
Job runing on nh021
Choosing scratch ...
Automatic scratch folder selection
/scratch/pobleyef/283454
/scratch/pobleyef/283454 directory
cp W4-11-alf3.jl W4-11-alf3.jld2 to  /scratch/pobleyef/283454/.
W4-11-alf3_C.jld2 not found
W4-11-alf3_n.jld2 not found
Computing Integrals
Basis Set                                            = def2-qzvp
Auxiliary Basis Set                                  = def2-universal-jkfit
Gaussian Type                                        = Spherical
Elapsed time:    4.64 Seconds

Number of basis functions                   (NBF)    = 241
Number of auxiliary basis functions         (NBFAUX) = 359
Inactive Doubly occupied orbitals up to     (NO1)    = 0
No. considered Strongly Doubly occupied MOs (NDOC)   = 20
No. considered Strongly Singly occupied MOs (NSOC)   = 0
NO. of Weakly occ. per St. Doubly occ.  MOs (NCWO)   = 1
Dimension of the Nat. Orb. subspace         (NBF5)   = 40
No. of electrons                                     = 40
    No. of alpha electrons                           = 20
    No. of beta electrons                            = 20
Multiplicity                                         = 1

Geometry
========
Al       0.0000000       0.0000000       0.0000000
 F       0.0000000       1.6317660       0.0000000
 F       1.4131500      -0.8158830       0.0000000
 F      -1.4131500      -0.8158830       0.0000000

No violations of the orthonormality
No violations of the orthonormality
 
PNOF5/ADABelief Calculation
==================
 
  Nitext  Nit_orb  Time   Nit_occ  Time         Eelec          Etot           Ediff      maxdiff    MaxGrad_orb  Grad_occ
     1      10    2.9e+01   39    3.4e+01  -688.51624323  -529.19054988 -10687.51624323   0.722246   2.9e+00   1.6e-04 0.10
     2      10    1.6e+00   37    5.3e-02  -696.64073549  -537.31504213    -8.12449225   2.454975   9.8e+00   2.2e-04 0.43
     3      10    1.4e+00   32    5.2e-02  -698.35417380  -539.02848045    -1.71343832   0.401356   1.6e+00   2.2e-04 0.57
     4      10    1.6e+00   12    2.6e-02  -698.98848803  -539.66279468    -0.63431423   0.479217   1.9e+00   1.4e-04 0.35
     5      10    1.5e+00    7    1.9e-02  -699.31573419  -539.99004083    -0.32724615   1.480226   5.9e+00   1.2e-04 0.08
     6      10    1.5e+00    5    1.7e-02  -699.46746957  -540.14177622    -0.15173539   0.431054   1.7e+00   8.4e-05 0.05
     7      10    1.4e+00    3    2.0e-02  -699.62306900  -540.29737565    -0.15559943   0.538878   2.2e+00   2.5e-04 0.03
     8      10    1.5e+00    0    1.5e-02  -699.62542727  -540.29973392    -0.00235827   0.538878   2.2e+00   2.5e-04 0.03
     9      30    4.5e+00    3    1.2e-02  -700.17210321  -540.84640986    -0.54667594   0.071607   2.9e-01   1.0e-04 0.02
    10      30    4.3e+00    3    4.8e-02  -700.19871920  -540.87302584    -0.02661598   0.025564   1.0e-01   7.6e-05 0.01
    11      30    4.5e+00    0    1.8e-02  -700.19956633  -540.87387297    -0.00084713   0.025564   1.0e-01   7.6e-05 0.01
    12      50    7.0e+00    4    5.3e-02  -700.20473468  -540.87904133    -0.00516836   0.006180   2.5e-02   1.6e-04 0.01
    13      50    7.2e+00    4    1.9e-02  -700.20507021  -540.87937685    -0.00033553   0.004629   1.9e-02   1.1e-04 0.01
    14      50    7.2e+00    5    2.1e-02  -700.20538745  -540.87969409    -0.00031724   0.005384   2.2e-02   1.4e-04 0.01
    15      50    7.4e+00    4    2.1e-02  -700.20613373  -540.88044038    -0.00074629   0.005297   2.1e-02   2.1e-04 0.01
    16      50    7.1e+00    3    1.4e-02  -700.20712904  -540.88143569    -0.00099531   0.004779   1.9e-02   1.3e-04 0.01
    17      50    7.3e+00    3    1.9e-02  -700.20810996  -540.88241661    -0.00098092   0.005756   2.3e-02   6.0e-05 0.01
    18      50    7.6e+00    2    1.8e-02  -700.20866133  -540.88296797    -0.00055137   0.005303   2.1e-02   7.2e-05 0.01
    19      50    7.3e+00    1    1.6e-02  -700.20881905  -540.88312569    -0.00015772   0.005257   2.1e-02   1.1e-04 0.01
    20      50    7.9e+00    0    2.6e-02  -700.20882437  -540.88313102    -0.00000533   0.005257   2.1e-02   1.1e-04 0.01
    21      64    9.5e+00    0    2.4e-02  -700.20920613  -540.88351278    -0.00038176   0.000491   2.0e-03   1.7e-04 0.01
 
RESULTS OF THE OCCUPATION OPTIMIZATION
========================================
   1    1.9999521  -58.27406433
   2    1.9998614  -26.25787337
   3    1.9998614  -26.25770697
   4    1.9998614  -26.25702086
   5    1.9990191  -3.77074401
   6    1.9990177  -3.76799180
   7    1.9990126  -3.76416523
   8    1.9988617  -3.74939878
   9    1.9905975  -0.94802690
  10    1.9905968  -0.94786792
  11    1.9906489  -0.94697611
  12    1.9905558  -0.94651397
  13    1.9907302  -0.94100558
  14    1.9916421  -0.92863814
  15    1.9915447  -0.91595254
  16    1.9934580  -0.91593676
  17    1.9929814  -0.90423983
  18    1.9929346  -0.90416317
  19    1.9928985  -0.90384428
  20    1.9927897  -0.90268656
  21    0.0072103  -0.01037971
  22    0.0071015  -0.01029424
  23    0.0070654  -0.01026436
  24    0.0070186  -0.01020952
  25    0.0065420  -0.00974487
  26    0.0084553  -0.01161348
  27    0.0083579  -0.01153990
  28    0.0092698  -0.01242016
  29    0.0094442  -0.01260326
  30    0.0093511  -0.01255365
  31    0.0094032  -0.01256668
  32    0.0094025  -0.01258641
  33    0.0011383  -0.00621005
  34    0.0009874  -0.00562569
  35    0.0009823  -0.00560195
  36    0.0009809  -0.00563697
  37    0.0001386  -0.00662310
  38    0.0001386  -0.00662385
  39    0.0001386  -0.00662422
  40    0.0000479  -0.00576263
 
----------------
 Final Energies 
----------------
Final NOF Total Energy =    -540.8835128
 
Total Orbital Internal Iterations = 684
Total Occupation Internal Iterations = 167
 
Elapsed time:  186.90 Seconds

---------------------------------
   Lowdin Population Analysis    
---------------------------------
 Idx  Atom   Population   Charge 
---------------------------------
  1    Al    13.792      -0.792
  2     F     8.736       0.264
  3     F     8.736       0.264
  4     F     8.736       0.264

---------------------------------
   M Diagnostic: 0.01
---------------------------------

Recovering execution output...
Moving from /scratch/pobleyef/283454 to /home-nas/pobleyef/Poison-NOF/ncwo1/P30-5/PNOF5/arina.283454
mkdir -p /home-nas/pobleyef/Poison-NOF/ncwo1/P30-5/PNOF5/arina.283454
mv /scratch/pobleyef/283454/* /home-nas/pobleyef/Poison-NOF/ncwo1/P30-5/PNOF5/arina.283454
