W4-11-no2
/software/eb2024/easybuild/software/common/software/Julia/1.11.3-linux-x86_64/bin/julia
Job runing on nh021
Choosing scratch ...
Automatic scratch folder selection
/scratch/pobleyef/283471
/scratch/pobleyef/283471 directory
cp W4-11-no2.jl W4-11-no2.jld2 to  /scratch/pobleyef/283471/.
W4-11-no2_C.jld2 not found
W4-11-no2_n.jld2 not found
Computing Integrals
Basis Set                                            = def2-qzvp
Auxiliary Basis Set                                  = def2-universal-jkfit
Gaussian Type                                        = Spherical
Elapsed time:    3.91 Seconds

Number of basis functions                   (NBF)    = 171
Number of auxiliary basis functions         (NBFAUX) = 231
Inactive Doubly occupied orbitals up to     (NO1)    = 0
No. considered Strongly Doubly occupied MOs (NDOC)   = 11
No. considered Strongly Singly occupied MOs (NSOC)   = 1
NO. of Weakly occ. per St. Doubly occ.  MOs (NCWO)   = 1
Dimension of the Nat. Orb. subspace         (NBF5)   = 23
No. of electrons                                     = 23
    No. of alpha electrons                           = 12
    No. of beta electrons                            = 11
Multiplicity                                         = 2

Geometry
========
 N       0.0000000       0.0000000       0.3239670
 O       0.0000000       1.1012340      -0.1417350
 O       0.0000000      -1.1012340      -0.1417350

No violations of the orthonormality
No violations of the orthonormality
 
PNOF5/ADABelief Calculation
==================
 
  Nitext  Nit_orb  Time   Nit_occ  Time         Eelec          Etot           Ediff      maxdiff    MaxGrad_orb  Grad_occ
     1      10    2.9e+01   12    3.4e+01  -262.66919840  -197.72304607 -10261.66919840   0.649351   2.6e+00   1.5e-04 0.01
     2      10    1.2e+00   10    1.1e-02  -267.92872005  -202.98256772    -5.25952165   0.263260   1.1e+00   1.7e-04 0.02
     3      10    1.1e+00    7    5.4e-03  -268.88613078  -203.93997845    -0.95741073   0.230935   9.2e-01   1.5e-04 0.02
     4      10    1.2e+00    6    4.8e-03  -269.01046873  -204.06431640    -0.12433795   0.208738   8.3e-01   2.1e-04 0.03
     5      10    1.3e+00    5    4.5e-02  -269.03056236  -204.08441003    -0.02009363   0.248451   9.9e-01   5.6e-05 0.03
     6      10    1.2e+00    5    4.3e-03  -269.04892769  -204.10277537    -0.01836533   0.238408   9.5e-01   1.9e-04 0.03
     7      10    1.2e+00    5    1.8e-02  -269.06531410  -204.11916178    -0.01638641   0.243162   9.7e-01   9.3e-05 0.03
     8      10    1.1e+00    4    4.5e-03  -269.07929316  -204.13314084    -0.01397906   0.239610   9.6e-01   1.3e-04 0.04
     9      10    1.2e+00    4    1.5e-02  -269.09605687  -204.14990455    -0.01676371   0.253809   1.0e+00   1.5e-04 0.05
    10      10    1.3e+00    3    3.9e-03  -269.11586850  -204.16971617    -0.01981163   0.246752   9.9e-01   5.9e-05 0.05
    11      10    1.3e+00    3    2.2e-02  -269.12736051  -204.18120818    -0.01149201   0.300820   1.2e+00   5.2e-05 0.05
    12      10    1.3e+00    3    4.3e-03  -269.13102123  -204.18486891    -0.00366073   0.270216   1.1e+00   6.6e-05 0.05
    13      10    1.3e+00    3    8.1e-02  -269.13160488  -204.18545256    -0.00058365   0.287793   1.2e+00   3.3e-05 0.05
    14      10    1.1e+00    0    8.9e-03  -269.13177372  -204.18562140    -0.00016884   0.287793   1.2e+00   3.3e-05 0.05
    15      30    3.8e+00    2    4.1e-03  -269.19710562  -204.25095329    -0.06533189   0.004578   1.8e-02   1.2e-04 0.06
    16      30    3.6e+00    2    3.9e-03  -269.19854353  -204.25239121    -0.00143792   0.004343   1.7e-02   1.8e-04 0.06
    17      30    3.5e+00    2    9.7e-03  -269.19866999  -204.25251767    -0.00012646   0.004670   1.9e-02   8.2e-05 0.06
    18      30    3.7e+00    0    3.5e-03  -269.19868391  -204.25253159    -0.00001392   0.004670   1.9e-02   8.2e-05 0.06
    19      42    4.5e+00    2    1.3e-02  -269.19895981  -204.25280749    -0.00027590   0.000472   1.9e-03   6.3e-05 0.06
 
RESULTS OF THE OCCUPATION OPTIMIZATION
========================================
   1    1.9998133  -20.64558671
   2    1.9998123  -20.58822639
   3    1.9997268  -15.84761467
   4    1.9907715  -1.31790935
   5    1.9900339  -1.24729663
   6    1.9948589  -0.94690393
   7    1.9949504  -0.92252372
   8    1.9955998  -0.88714494
   9    1.9945284  -0.84227109
  10    1.9957503  -0.83932134
  11    1.9359013  -0.64337900
  12    1.0000000  -0.26001186
  13    0.0640987  -0.03744594
  14    0.0042497  -0.00545874
  15    0.0054716  -0.00693309
  16    0.0044002  -0.00582960
  17    0.0050496  -0.00700548
  18    0.0051411  -0.00733552
  19    0.0099661  -0.01397004
  20    0.0092285  -0.01361957
  21    0.0002732  -0.00763828
  22    0.0001877  -0.00705653
  23    0.0001867  -0.00702233
 
----------------
 Final Energies 
----------------
Final NOF Total Energy =    -204.2528075
 
Total Orbital Internal Iterations = 302
Total Occupation Internal Iterations = 78
 
Elapsed time:  120.65 Seconds

---------------------------------
   Lowdin Population Analysis    
---------------------------------
 Idx  Atom   Population   Charge 
---------------------------------
  1     N     7.221      -0.221
  2     O     7.933       0.067
  3     O     7.846       0.154

---------------------------------
   M Diagnostic: 0.06
---------------------------------

Recovering execution output...
Moving from /scratch/pobleyef/283471 to /home-nas/pobleyef/Poison-NOF/ncwo1/P30-5/PNOF5/arina.283471
mkdir -p /home-nas/pobleyef/Poison-NOF/ncwo1/P30-5/PNOF5/arina.283471
mv /scratch/pobleyef/283471/* /home-nas/pobleyef/Poison-NOF/ncwo1/P30-5/PNOF5/arina.283471
