W4-11_114_c-hooo
/software/eb2024/easybuild/software/common/software/Julia/1.11.3-linux-x86_64/bin/julia
Job runing on nh029
Choosing scratch ...
Automatic scratch folder selection
/scratch/pobleyef/167372
/scratch/pobleyef/167372 directory
cp W4-11_114_c-hooo.jl W4-11_114_c-hooo.jld2 to  /scratch/pobleyef/167372/.
Computing Integrals
Elapsed time:   20.65 Seconds

Number of basis functions                   (NBF)    = 201
Number of auxiliary basis functions         (NBFAUX) = 249
Inactive Doubly occupied orbitals up to     (NO1)    = 0
No. considered Strongly Doubly occupied MOs (NDOC)   = 12
No. considered Strongly Singly occupied MOs (NSOC)   = 1
NO. of Weakly occ. per St. Doubly occ.  MOs (NCWO)   = 1
Dimension of the Nat. Orb. subspace         (NBF5)   = 25
No. of electrons                                     = 25
    No. of alpha electrons                           = 13
    No. of beta electrons                            = 12
Multiplicity                                         = 2

Geometry
========
 O       1.1439430       0.0753540       0.0000000
 O       0.0000000       0.5769450       0.0000000
 O      -1.0821140      -0.4938720       0.0000000
 H      -0.4946340      -1.2674190       0.0000000

No violations of the orthonormality
No violations of the orthonormality
 
PNOF5/ADABelief Calculation
==================
 
  Nitext  Nit_orb  Time   Nit_occ  Time         Eelec          Etot           Ediff      maxdiff    MaxGrad_orb  Grad_occ
     1      10    7.0e+01    7    3.5e+01  -297.86072805  -225.18721997 -10296.86072805   0.007583   3.0e-02   1.5e-04 0.11
     2      20    8.6e+01    4    1.6e-02  -297.89758305  -225.22407498    -0.03685501   0.006707   2.7e-02   8.8e-05 0.10
     3      20    8.5e+01    0    1.7e-02  -297.89793943  -225.22443135    -0.00035637   0.006707   2.7e-02   8.8e-05 0.10
     4      40    1.6e+02    3    1.5e-02  -297.89864192  -225.22513385    -0.00070250   0.000765   3.1e-03   4.8e-05 0.10
 
RESULTS OF THE OCCUPATION OPTIMIZATION
========================================
   1    1.9998118  -20.65242602
   2    1.9998150  -20.65184938
   3    1.9998144  -20.61105044
   4    1.9749127  -1.02813759
   5    1.9963088  -1.01218381
   6    1.9962529  -1.00679868
   7    1.9946651  -0.97278233
   8    1.9946514  -0.94611367
   9    1.9823652  -0.93722042
  10    1.9935569  -0.86163768
  11    1.9935563  -0.86144008
  12    1.9029419  -0.69322052
  13    1.0000000  -0.29574934
  14    0.0970581  -0.05799326
  15    0.0064437  -0.00870154
  16    0.0064431  -0.00870155
  17    0.0176348  -0.01863345
  18    0.0053486  -0.00775523
  19    0.0053349  -0.00783654
  20    0.0037471  -0.00585811
  21    0.0036912  -0.00581764
  22    0.0250873  -0.02639116
  23    0.0001856  -0.00696829
  24    0.0001850  -0.00697010
  25    0.0001882  -0.00708025
 
----------------
 Final Energies 
----------------
Final NOF Total Energy =    -225.2251338
 
Total Orbital Internal Iterations = 90
Total Occupation Internal Iterations = 14
 
Elapsed time:  467.20 Seconds

---------------------------------
   Lowdin Population Analysis    
---------------------------------
 Idx  Atom   Population   Charge 
---------------------------------
  1     O     7.978       0.022
  2     O     7.988       0.012
  3     O     7.637       0.363
  4     H     1.396      -0.396

---------------------------------
   M Diagnostic: 0.10
---------------------------------

Recovering execution output...
Moving from /scratch/pobleyef/167372 to /home-nas/pobleyef/Poison-Set/ncwo1/P30-5/PNOF5/arina.167372
mkdir -p /home-nas/pobleyef/Poison-Set/ncwo1/P30-5/PNOF5/arina.167372
mv /scratch/pobleyef/167372/* /home-nas/pobleyef/Poison-Set/ncwo1/P30-5/PNOF5/arina.167372
