Computing Integrals
Basis Set                                            = def2-qzvp
Auxiliary Basis Set                                  = def2-universal-jkfit
Gaussian Type                                        = Spherical
Elapsed time:    2.42 Seconds

Number of basis functions                   (NBF)    = 114
Number of auxiliary basis functions         (NBFAUX) = 152
Inactive Doubly occupied orbitals up to     (NO1)    = 0
No. considered Strongly Doubly occupied MOs (NDOC)   = 5
No. considered Strongly Singly occupied MOs (NSOC)   = 2
NO. of Weakly occ. per St. Doubly occ.  MOs (NCWO)   = 1
Dimension of the Nat. Orb. subspace         (NBF5)   = 12
No. of electrons                                     = 12
    No. of alpha electrons                           = 7
    No. of beta electrons                            = 5
Multiplicity                                         = 3

Geometry
========
 B       0.0000000       0.0000000      -0.7759500
 N       0.0000000       0.0000000       0.5542500

No violations of the orthonormality
No violations of the orthonormality
 
PNOF5/ADABelief Calculation
==================
 
  Nitext  Nit_orb  Time   Nit_occ  Time         Eelec          Etot           Ediff      maxdiff    MaxGrad_orb  Grad_occ
     1      10    2.9e+01    0    2.3e+01   -93.00522835   -79.08163461 -10092.00522835   0.000472   1.9e-03   1.1e-04 0.06
 
RESULTS OF THE OCCUPATION OPTIMIZATION
========================================
   1    1.9997430  -15.56058505
   2    1.9993389  -7.67608986
   3    1.9948581  -1.02453317
   4    1.9920478  -0.67037490
   5    1.9362660  -0.44186928
   6    1.0000000  -0.25541952
   7    1.0000000  -0.25509267
   8    0.0637340  -0.02707483
   9    0.0079522  -0.00790463
  10    0.0051419  -0.00683045
  11    0.0006611  -0.00872254
  12    0.0002570  -0.00729939
 
----------------
 Final Energies 
----------------
Final NOF Total Energy =     -79.0816346
 
Total Orbital Internal Iterations = 10
Total Occupation Internal Iterations = 0
 
Elapsed time:   65.13 Seconds

---------------------------------
   Lowdin Population Analysis    
---------------------------------
 Idx  Atom   Population   Charge 
---------------------------------
  1     B     5.183      -0.183
  2     N     6.817       0.183

---------------------------------
   M Diagnostic: 0.06
---------------------------------

