W4-11_136_foof
/software/eb2024/easybuild/software/common/software/Julia/1.11.3-linux-x86_64/bin/julia
Job runing on nh031
Choosing scratch ...
Automatic scratch folder selection
/scratch/pobleyef/167380
/scratch/pobleyef/167380 directory
cp W4-11_136_foof.jl W4-11_136_foof.jld2 to  /scratch/pobleyef/167380/.
Computing Integrals
Elapsed time:   25.65 Seconds

Number of basis functions                   (NBF)    = 228
Number of auxiliary basis functions         (NBFAUX) = 308
Inactive Doubly occupied orbitals up to     (NO1)    = 0
No. considered Strongly Doubly occupied MOs (NDOC)   = 17
No. considered Strongly Singly occupied MOs (NSOC)   = 0
NO. of Weakly occ. per St. Doubly occ.  MOs (NCWO)   = 1
Dimension of the Nat. Orb. subspace         (NBF5)   = 34
No. of electrons                                     = 34
    No. of alpha electrons                           = 17
    No. of beta electrons                            = 17
Multiplicity                                         = 1

Geometry
========
 F       0.5557100       1.3844340      -0.4939860
 O       0.5557100       0.2681810       0.5557340
 O      -0.5557100      -0.2681810       0.5557340
 F      -0.5557100      -1.3844340      -0.4939860

No violations of the orthonormality
No violations of the orthonormality
 
PNOF5/ADABelief Calculation
==================
 
  Nitext  Nit_orb  Time   Nit_occ  Time         Eelec          Etot           Ediff      maxdiff    MaxGrad_orb  Grad_occ
     1      10    7.3e+01    6    3.4e+01  -474.03513397  -348.64734205 -10473.03513397   0.006220   2.5e-02   2.6e-04 0.16
     2      20    1.0e+02    4    2.0e-02  -474.06736466  -348.67957275    -0.03223070   0.015699   6.3e-02   6.2e-05 0.15
     3      20    9.6e+01    0    1.7e-02  -474.06787011  -348.68007820    -0.00050545   0.015699   6.3e-02   6.2e-05 0.15
     4      40    1.7e+02    2    2.6e-02  -474.06909912  -348.68130720    -0.00122900   0.001075   4.3e-03   2.0e-04 0.15
     5      40    1.6e+02    1    1.3e-02  -474.06911984  -348.68132793    -0.00002073   0.001438   5.8e-03   2.6e-04 0.15
     6      40    1.6e+02    0    2.3e-02  -474.06912141  -348.68132949    -0.00000156   0.001438   5.8e-03   2.6e-04 0.15
     7      32    1.3e+02    0    1.9e-02  -474.06912648  -348.68133457    -0.00000507   0.000498   2.0e-03   2.5e-04 0.15
 
RESULTS OF THE OCCUPATION OPTIMIZATION
========================================
   1    1.9998645  -26.32687952
   2    1.9998644  -26.32661818
   3    1.9998155  -20.71023894
   4    1.9998156  -20.70998589
   5    1.9765462  -1.10613057
   6    1.9960869  -1.04900289
   7    1.9960484  -1.04747786
   8    1.9946100  -1.03950823
   9    1.9946434  -1.03682281
  10    1.9946061  -1.03193106
  11    1.9958395  -1.02967712
  12    1.9958178  -1.02893337
  13    1.9945895  -1.02860826
  14    1.9945833  -1.02762707
  15    1.9945198  -1.02678505
  16    1.8547456  -0.71045421
  17    1.8546179  -0.71038431
  18    0.1453821  -0.08492916
  19    0.1452544  -0.08489064
  20    0.0054802  -0.00916411
  21    0.0054167  -0.00911191
  22    0.0054105  -0.00910081
  23    0.0041822  -0.00669479
  24    0.0041605  -0.00668284
  25    0.0053939  -0.00909169
  26    0.0053566  -0.00907904
  27    0.0053900  -0.00910498
  28    0.0039516  -0.00653082
  29    0.0039131  -0.00650770
  30    0.0234538  -0.02622956
  31    0.0001844  -0.00697502
  32    0.0001845  -0.00697597
  33    0.0001356  -0.00652072
  34    0.0001355  -0.00651940
 
----------------
 Final Energies 
----------------
Final NOF Total Energy =    -348.6813346
 
Total Orbital Internal Iterations = 202
Total Occupation Internal Iterations = 13
 
Elapsed time:  974.28 Seconds

---------------------------------
   Lowdin Population Analysis    
---------------------------------
 Idx  Atom   Population   Charge 
---------------------------------
  1     F     9.012      -0.012
  2     O     7.988       0.012
  3     O     7.988       0.012
  4     F     9.012      -0.012

---------------------------------
   M Diagnostic: 0.15
---------------------------------

Recovering execution output...
Moving from /scratch/pobleyef/167380 to /home-nas/pobleyef/Poison-Set/ncwo1/P30-5/PNOF5/arina.167380
mkdir -p /home-nas/pobleyef/Poison-Set/ncwo1/P30-5/PNOF5/arina.167380
mv /scratch/pobleyef/167380/* /home-nas/pobleyef/Poison-Set/ncwo1/P30-5/PNOF5/arina.167380
