W4-11_138_bn
/software/eb2024/easybuild/software/common/software/Julia/1.11.3-linux-x86_64/bin/julia
Job runing on nh032
Choosing scratch ...
Automatic scratch folder selection
/scratch/pobleyef/167382
/scratch/pobleyef/167382 directory
cp W4-11_138_bn.jl W4-11_138_bn.jld2 to  /scratch/pobleyef/167382/.
Computing Integrals
Elapsed time:    6.06 Seconds

Number of basis functions                   (NBF)    = 114
Number of auxiliary basis functions         (NBFAUX) = 152
Inactive Doubly occupied orbitals up to     (NO1)    = 0
No. considered Strongly Doubly occupied MOs (NDOC)   = 6
No. considered Strongly Singly occupied MOs (NSOC)   = 0
NO. of Weakly occ. per St. Doubly occ.  MOs (NCWO)   = 1
Dimension of the Nat. Orb. subspace         (NBF5)   = 12
No. of electrons                                     = 12
    No. of alpha electrons                           = 6
    No. of beta electrons                            = 6
Multiplicity                                         = 1

Geometry
========
 B       0.0000000       0.0000000      -0.7484170
 N       0.0000000       0.0000000       0.5345830

No violations of the orthonormality
No violations of the orthonormality
 
PNOF5/ADABelief Calculation
==================
 
  Nitext  Nit_orb  Time   Nit_occ  Time         Eelec          Etot           Ediff      maxdiff    MaxGrad_orb  Grad_occ
     1      10    4.7e+01    6    3.2e+01   -93.45805386   -79.02222814 -10092.45805386   0.007659   3.1e-02   1.7e-04 0.45
     2      20    3.8e+01    5    1.3e-02   -93.49838855   -79.06256283    -0.04033469   0.008467   3.4e-02   8.0e-05 0.44
     3      20    3.9e+01    4    1.8e-02   -93.49995663   -79.06413091    -0.00156808   0.009142   3.7e-02   4.8e-05 0.43
     4      20    3.8e+01    3    4.8e-03   -93.50023294   -79.06440722    -0.00027631   0.007177   2.9e-02   1.1e-04 0.44
     5      20    3.7e+01    2    4.8e-03   -93.50031292   -79.06448720    -0.00007997   0.006943   2.8e-02   5.5e-05 0.45
     6      20    3.5e+01    0    3.4e-03   -93.50033737   -79.06451165    -0.00002446   0.006943   2.8e-02   5.5e-05 0.45
     7      40    7.1e+01    2    3.0e-03   -93.50049544   -79.06466972    -0.00015806   0.000635   2.5e-03   5.2e-05 0.45
 
RESULTS OF THE OCCUPATION OPTIMIZATION
========================================
   1    1.9996982  -15.44862626
   2    1.9993268  -7.65391388
   3    1.9982798  -1.27830681
   4    1.9565604  -0.47997391
   5    1.9562183  -0.47919092
   6    1.5518071  -0.40458834
   7    0.4481929  -0.14025795
   8    0.0437817  -0.02205969
   9    0.0434396  -0.02196414
  10    0.0017202  -0.00281265
  11    0.0006732  -0.00883120
  12    0.0003018  -0.00825032
 
----------------
 Final Energies 
----------------
Final NOF Total Energy =     -79.0646697
 
Total Orbital Internal Iterations = 150
Total Occupation Internal Iterations = 22
 
Elapsed time:  355.42 Seconds

---------------------------------
   Lowdin Population Analysis    
---------------------------------
 Idx  Atom   Population   Charge 
---------------------------------
  1     B     5.246      -0.246
  2     N     6.754       0.246

---------------------------------
   M Diagnostic: 0.45
---------------------------------

Recovering execution output...
Moving from /scratch/pobleyef/167382 to /home-nas/pobleyef/Poison-Set/ncwo1/P30-5/PNOF5/arina.167382
mkdir -p /home-nas/pobleyef/Poison-Set/ncwo1/P30-5/PNOF5/arina.167382
mv /scratch/pobleyef/167382/* /home-nas/pobleyef/Poison-Set/ncwo1/P30-5/PNOF5/arina.167382
