W4-11_116_p4
/software/eb2024/easybuild/software/common/software/Julia/1.11.3-linux-x86_64/bin/julia
Job runing on nh003
Choosing scratch ...
Automatic scratch folder selection
/scratch/pobleyef/168086
/scratch/pobleyef/168086 directory
cp W4-11_116_p4.jl W4-11_116_p4.jld2 to  /scratch/pobleyef/168086/.
Computing Integrals
Elapsed time:    7.37 Seconds

Number of basis functions                   (NBF)    = 280
Number of auxiliary basis functions         (NBFAUX) = 512
Inactive Doubly occupied orbitals up to     (NO1)    = 0
No. considered Strongly Doubly occupied MOs (NDOC)   = 30
No. considered Strongly Singly occupied MOs (NSOC)   = 0
NO. of Weakly occ. per St. Doubly occ.  MOs (NCWO)   = 1
Dimension of the Nat. Orb. subspace         (NBF5)   = 60
No. of electrons                                     = 60
    No. of alpha electrons                           = 30
    No. of beta electrons                            = 30
Multiplicity                                         = 1

Geometry
========
 P       0.7773750       0.7773750       0.7773750
 P      -0.7773750      -0.7773750       0.7773750
 P      -0.7773750       0.7773750      -0.7773750
 P       0.7773750      -0.7773750      -0.7773750

No violations of the orthonormality
No violations of the orthonormality
 
PNOF5/ADABelief Calculation
==================
 
  Nitext  Nit_orb  Time   Nit_occ  Time         Eelec          Etot           Ediff      maxdiff    MaxGrad_orb  Grad_occ
     1      10    2.9e+01    0    3.3e+01 -1688.18367027 -1363.27713460 -11687.18367027   0.008260   3.3e-02   2.4e-04 0.04
     2      30    5.7e+00    0    3.9e-02 -1688.18367027 -1363.27713460     0.00000000   0.008260   3.3e-02   2.4e-04 0.04
     3      50    9.1e+00    2    8.2e-02 -1688.18421016 -1363.27767449    -0.00053989   0.006124   2.4e-02   2.1e-04 0.04
     4      50    8.9e+00    2    3.7e-02 -1688.18469890 -1363.27816323    -0.00048874   0.005775   2.3e-02   2.3e-04 0.04
     5      50    9.0e+00    2    4.0e-02 -1688.18511250 -1363.27857683    -0.00041360   0.006447   2.6e-02   2.1e-04 0.03
     6      50    9.1e+00    2    3.2e-02 -1688.18598517 -1363.27944949    -0.00087267   0.006037   2.4e-02   2.5e-04 0.03
     7      50    9.4e+00    2    6.2e-02 -1688.18663747 -1363.28010180    -0.00065230   0.006471   2.6e-02   2.7e-04 0.03
     8      50    9.0e+00    3    4.1e-02 -1688.18756056 -1363.28102488    -0.00092309   0.006149   2.5e-02   2.2e-04 0.03
     9      50    9.1e+00    3    4.0e-02 -1688.18829790 -1363.28176223    -0.00073734   0.006381   2.6e-02   1.7e-04 0.03
    10      50    9.0e+00    3    4.0e-02 -1688.18921005 -1363.28267438    -0.00091215   0.006918   2.8e-02   1.1e-04 0.03
    11      50    8.8e+00    2    4.3e-02 -1688.19007582 -1363.28354014    -0.00086576   0.006532   2.6e-02   2.1e-04 0.03
    12      50    9.0e+00    2    4.0e-02 -1688.19072921 -1363.28419354    -0.00065339   0.066705   2.7e-01   1.4e-04 0.02
    13      50    8.7e+00    2    3.2e-02 -1688.19132112 -1363.28478545    -0.00059191   0.006513   2.6e-02   6.2e-05 0.02
    14      50    8.8e+00    2    3.9e-02 -1688.19161636 -1363.28508068    -0.00029523   0.006573   2.6e-02   3.6e-05 0.02
    15      50    8.7e+00    1    4.0e-02 -1688.19186347 -1363.28532780    -0.00024712   0.006354   2.5e-02   2.2e-04 0.02
    16      50    8.5e+00    1    4.2e-02 -1688.19199947 -1363.28546380    -0.00013599   0.006538   2.6e-02   1.7e-04 0.02
    17      50    8.7e+00    1    6.7e-02 -1688.19212529 -1363.28558961    -0.00012582   0.006574   2.6e-02   8.8e-05 0.02
    18      50    8.8e+00    1    3.6e-02 -1688.19222679 -1363.28569112    -0.00010151   0.006671   2.7e-02   1.1e-04 0.02
    19      50    8.6e+00    1    3.7e-02 -1688.19227368 -1363.28573800    -0.00004688   0.006328   2.5e-02   6.9e-05 0.02
    20      50    8.7e+00    0    2.8e-02 -1688.19233754 -1363.28580187    -0.00006387   0.006652   2.7e-02   3.1e-04 0.02
    21      60    1.0e+01    0    2.8e-02 -1688.19256749 -1363.28603182    -0.00022995   0.004514   1.8e-02   3.3e-04 0.02
    22      70    1.2e+01    1    3.6e-02 -1688.19266985 -1363.28613418    -0.00010236   0.003552   1.4e-02   8.6e-05 0.02
    23      70    1.2e+01    0    3.5e-02 -1688.19271819 -1363.28618252    -0.00004834   0.003175   1.3e-02   2.5e-04 0.02
    24      80    1.5e+01    0    3.3e-02 -1688.19279222 -1363.28625655    -0.00007403   0.002673   1.1e-02   3.1e-04 0.02
    25      90    1.5e+01    0    3.5e-02 -1688.19285841 -1363.28632274    -0.00006619   0.002662   1.1e-02   3.3e-04 0.02
    26     100    1.7e+01    1    7.1e-02 -1688.19289197 -1363.28635630    -0.00003356   0.002467   9.9e-03   5.5e-05 0.02
    27     100    1.7e+01    0    2.8e-02 -1688.19292761 -1363.28639194    -0.00003564   0.002516   1.0e-02   1.9e-04 0.02
    28     110    1.9e+01    0    2.8e-02 -1688.19294077 -1363.28640510    -0.00001316   0.002200   8.8e-03   2.5e-04 0.02
    29     120    2.0e+01    0    3.9e-02 -1688.19296277 -1363.28642709    -0.00002200   0.002043   8.2e-03   2.5e-04 0.02
    30     130    2.2e+01    1    6.8e-02 -1688.19297134 -1363.28643567    -0.00000857   0.001893   7.6e-03   4.3e-05 0.02
    31     130    2.2e+01    0    3.3e-02 -1688.19298474 -1363.28644907    -0.00001340   0.002086   8.3e-03   1.3e-04 0.02
    32     140    2.4e+01    0    3.3e-02 -1688.19299325 -1363.28645758    -0.00000851   0.002039   8.2e-03   1.3e-04 0.02
    33     150    2.6e+01    0    7.4e-02 -1688.19300702 -1363.28647134    -0.00001376   0.001599   6.4e-03   1.4e-04 0.02
    34     160    2.7e+01    0    3.7e-02 -1688.19301099 -1363.28647532    -0.00000397   0.001888   7.6e-03   1.4e-04 0.02
    35     170    2.9e+01    0    3.9e-02 -1688.19302117 -1363.28648550    -0.00001018   0.001827   7.3e-03   1.4e-04 0.02
    36     180    3.1e+01    0    3.6e-02 -1688.19302413 -1363.28648845    -0.00000296   0.001490   6.0e-03   1.3e-04 0.02
    37     190    3.2e+01    0    3.3e-02 -1688.19303091 -1363.28649524    -0.00000679   0.001470   5.9e-03   1.5e-04 0.02
    38     200    3.4e+01    0    2.7e-02 -1688.19303352 -1363.28649784    -0.00000260   0.001585   6.3e-03   1.3e-04 0.02
    39     210    3.6e+01    0    6.4e-02 -1688.19303966 -1363.28650399    -0.00000614   0.001288   5.2e-03   1.4e-04 0.02
    40     220    3.8e+01    0    3.3e-02 -1688.19304022 -1363.28650455    -0.00000056   0.001287   5.1e-03   1.4e-04 0.02
 
RESULTS OF THE OCCUPATION OPTIMIZATION
========================================
   1    1.9999674  -79.39889638
   2    1.9999675  -79.38651297
   3    1.9999675  -79.38567243
   4    1.9999675  -79.37276026
   5    1.9995372  -6.10932898
   6    1.9995163  -6.10024630
   7    1.9995006  -6.09327784
   8    1.9995066  -6.09039113
   9    1.9994905  -6.08431680
  10    1.9994795  -6.07625078
  11    1.9995262  -6.07537844
  12    1.9995125  -6.07202852
  13    1.9995154  -6.07119635
  14    1.9994975  -6.06920119
  15    1.9994649  -6.06918604
  16    1.9994644  -6.06867831
  17    1.9994975  -6.06651414
  18    1.9994897  -6.06296492
  19    1.9994950  -6.06285053
  20    1.9994883  -6.06016785
  21    1.9929974  -0.65601122
  22    1.9925979  -0.63976889
  23    1.9919829  -0.63720674
  24    1.9919764  -0.63380266
  25    1.9823986  -0.53845231
  26    1.9816788  -0.53042028
  27    1.9846780  -0.52550509
  28    1.9836456  -0.51890474
  29    1.9833657  -0.51307530
  30    1.9831877  -0.51258069
  31    0.0168123  -0.00889908
  32    0.0166343  -0.00884427
  33    0.0163544  -0.00879392
  34    0.0153220  -0.00843776
  35    0.0183212  -0.01006190
  36    0.0176014  -0.00986885
  37    0.0080236  -0.00590336
  38    0.0080171  -0.00590979
  39    0.0074021  -0.00557000
  40    0.0070026  -0.00541172
  41    0.0005117  -0.00483028
  42    0.0005050  -0.00479761
  43    0.0005103  -0.00482079
  44    0.0005025  -0.00476630
  45    0.0005356  -0.00500803
  46    0.0005351  -0.00500322
  47    0.0005025  -0.00476798
  48    0.0004846  -0.00465856
  49    0.0004875  -0.00467191
  50    0.0004738  -0.00457628
  51    0.0005205  -0.00490782
  52    0.0005095  -0.00485923
  53    0.0004934  -0.00469036
  54    0.0004994  -0.00476352
  55    0.0004837  -0.00464708
  56    0.0004628  -0.00450251
  57    0.0000325  -0.00550906
  58    0.0000325  -0.00550864
  59    0.0000325  -0.00550654
  60    0.0000326  -0.00550765
 
----------------
 Final Energies 
----------------
Final NOF Total Energy =   -1363.2865045
 
Total Orbital Internal Iterations = 3620
Total Occupation Internal Iterations = 35
 
Elapsed time:  717.89 Seconds

---------------------------------
   Lowdin Population Analysis    
---------------------------------
 Idx  Atom   Population   Charge 
---------------------------------
  1     P    15.001      -0.001
  2     P    15.001      -0.001
  3     P    15.000       0.000
  4     P    14.998       0.002

---------------------------------
   M Diagnostic: 0.02
---------------------------------

Recovering execution output...
Moving from /scratch/pobleyef/168086 to /home-nas/pobleyef/Poison-Set/ncwo1/P30-5/PNOF5/arina.168086
mkdir -p /home-nas/pobleyef/Poison-Set/ncwo1/P30-5/PNOF5/arina.168086
mv /scratch/pobleyef/168086/* /home-nas/pobleyef/Poison-Set/ncwo1/P30-5/PNOF5/arina.168086
