W4-11-b
/software/eb2024/easybuild/software/common/software/Julia/1.11.3-linux-x86_64/bin/julia
Job runing on na10
Choosing scratch ...
Automatic scratch folder selection
/scratch/pobleyef/283456
/scratch/pobleyef/283456 directory
cp W4-11-b.jl W4-11-b.jld2 to  /scratch/pobleyef/283456/.
W4-11-b_C.jld2 not found
W4-11-b_n.jld2 not found
Computing Integrals
Basis Set                                            = def2-qzvp
Auxiliary Basis Set                                  = def2-universal-jkfit
Gaussian Type                                        = Spherical
Elapsed time:    2.91 Seconds

Number of basis functions                   (NBF)    = 57
Number of auxiliary basis functions         (NBFAUX) = 75
Inactive Doubly occupied orbitals up to     (NO1)    = 0
No. considered Strongly Doubly occupied MOs (NDOC)   = 2
No. considered Strongly Singly occupied MOs (NSOC)   = 1
NO. of Weakly occ. per St. Doubly occ.  MOs (NCWO)   = 1
Dimension of the Nat. Orb. subspace         (NBF5)   = 5
No. of electrons                                     = 5
    No. of alpha electrons                           = 3
    No. of beta electrons                            = 2
Multiplicity                                         = 2

Geometry
========
 B       0.0000000       0.0000000       0.0000000

No violations of the orthonormality
No violations of the orthonormality
 
PNOF5/ADABelief Calculation
==================
 
  Nitext  Nit_orb  Time   Nit_occ  Time         Eelec          Etot           Ediff      maxdiff    MaxGrad_orb  Grad_occ
     1      10    1.6e+01    9    2.0e+01   -24.09627420   -24.09627420 -10023.09627420   0.299178   1.2e+00   2.7e-05 0.05
     2      10    3.8e-03    4    2.6e-04   -24.38759292   -24.38759292    -0.29131872   0.151249   6.0e-01   2.2e-05 0.07
     3      10    3.2e-03    2    1.1e-04   -24.52455506   -24.52455506    -0.13696214   0.106474   4.3e-01   4.3e-05 0.07
     4      10    2.7e-03    1    1.4e-04   -24.55701246   -24.55701246    -0.03245740   0.086042   3.4e-01   4.9e-05 0.07
     5      10    3.7e-02    1    1.4e-04   -24.55921649   -24.55921649    -0.00220403   0.057762   2.3e-01   1.9e-05 0.07
     6      10    3.2e-03    0    1.5e-04   -24.55922074   -24.55922074    -0.00000425   0.057762   2.3e-01   1.9e-05 0.07
     7      30    9.7e-03    0    2.2e-04   -24.56031074   -24.56031074    -0.00109000   0.000800   3.2e-03   9.3e-06 0.07
 
RESULTS OF THE OCCUPATION OPTIMIZATION
========================================
   1    1.9993194  -7.69657410
   2    1.9336878  -0.49965358
   3    1.0000000  -0.15277503
   4    0.0663122  -0.02513737
   5    0.0006806  -0.00888209
 
----------------
 Final Energies 
----------------
Final NOF Total Energy =     -24.5603107
 
Total Orbital Internal Iterations = 90
Total Occupation Internal Iterations = 17
 
Elapsed time:   47.49 Seconds

---------------------------------
   Lowdin Population Analysis    
---------------------------------
 Idx  Atom   Population   Charge 
---------------------------------
  1     B     5.000      -0.000

---------------------------------
   M Diagnostic: 0.07
---------------------------------

Recovering execution output...
Moving from /scratch/pobleyef/283456 to /home-nas/pobleyef/Poison-NOF/ncwo1/P30-5/PNOF5/arina.283456
mkdir -p /home-nas/pobleyef/Poison-NOF/ncwo1/P30-5/PNOF5/arina.283456
mv /scratch/pobleyef/283456/* /home-nas/pobleyef/Poison-NOF/ncwo1/P30-5/PNOF5/arina.283456
