W4-11-o3
/software/eb2024/easybuild/software/common/software/Julia/1.11.3-linux-x86_64/bin/julia
Job runing on nh014
Choosing scratch ...
Automatic scratch folder selection
/scratch/pobleyef/283472
/scratch/pobleyef/283472 directory
cp W4-11-o3.jl W4-11-o3.jld2 to  /scratch/pobleyef/283472/.
W4-11-o3_C.jld2 not found
W4-11-o3_n.jld2 not found
Computing Integrals
Basis Set                                            = def2-qzvp
Auxiliary Basis Set                                  = def2-universal-jkfit
Gaussian Type                                        = Spherical
Elapsed time:    3.94 Seconds

Number of basis functions                   (NBF)    = 171
Number of auxiliary basis functions         (NBFAUX) = 231
Inactive Doubly occupied orbitals up to     (NO1)    = 0
No. considered Strongly Doubly occupied MOs (NDOC)   = 12
No. considered Strongly Singly occupied MOs (NSOC)   = 0
NO. of Weakly occ. per St. Doubly occ.  MOs (NCWO)   = 1
Dimension of the Nat. Orb. subspace         (NBF5)   = 24
No. of electrons                                     = 24
    No. of alpha electrons                           = 12
    No. of beta electrons                            = 12
Multiplicity                                         = 1

Geometry
========
 O       0.0000000       0.0000000       0.4412240
 O       0.0000000       1.0825250      -0.2206120
 O       0.0000000      -1.0825250      -0.2206120

No violations of the orthonormality
No violations of the orthonormality
 
PNOF5/ADABelief Calculation
==================
 
  Nitext  Nit_orb  Time   Nit_occ  Time         Eelec          Etot           Ediff      maxdiff    MaxGrad_orb  Grad_occ
     1      10    2.9e+01   24    3.5e+01  -286.24192209  -217.21503348 -10285.24192209   0.717003   2.9e+00   2.1e-04 0.12
     2      10    1.4e+00   15    1.6e-02  -291.44323588  -222.41634728    -5.20131379   1.082352   4.3e+00   1.6e-04 0.12
     3      10    1.3e+00    6    8.2e-03  -292.59852561  -223.57163701    -1.15528973   0.342620   1.4e+00   1.7e-04 0.17
     4      10    1.1e+00    8    5.4e-02  -293.02520610  -223.99831750    -0.42668049   0.529331   2.1e+00   6.1e-05 0.42
     5      10    1.4e+00   10    4.4e-02  -293.15850238  -224.13161377    -0.13329627   0.360120   1.4e+00   8.0e-05 0.68
     6      10    1.1e+00    6    2.1e-02  -293.25938973  -224.23250113    -0.10088736   0.514712   2.1e+00   1.8e-04 0.99
     7      10    1.2e+00    8    4.5e-02  -293.29701158  -224.27012297    -0.03762185   0.465196   1.9e+00   3.9e-05 0.96
     8      10    1.3e+00    0    3.5e-02  -293.29865241  -224.27176381    -0.00164083   0.465196   1.9e+00   3.9e-05 0.96
     9      30    3.6e+00    7    5.0e-02  -293.54404582  -224.51715722    -0.24539341   0.032941   1.3e-01   9.1e-05 0.91
    10      30    3.5e+00    5    5.2e-02  -293.56654879  -224.53966019    -0.02250297   0.022133   8.9e-02   2.0e-04 0.87
    11      30    3.8e+00    3    5.9e-02  -293.57167367  -224.54478507    -0.00512488   0.078536   3.1e-01   1.9e-04 0.78
    12      30    3.8e+00    4    6.7e-03  -293.58081970  -224.55393110    -0.00914603   0.025357   1.0e-01   7.5e-05 0.67
    13      30    3.3e+00    3    2.1e-02  -293.59571259  -224.56882399    -0.01489289   0.025084   1.0e-01   1.8e-04 0.56
    14      30    3.7e+00    4    1.8e-02  -293.61107160  -224.58418300    -0.01535901   0.027098   1.1e-01   7.7e-05 0.49
    15      30    3.7e+00    4    2.7e-02  -293.61659604  -224.58970744    -0.00552444   0.026688   1.1e-01   3.1e-05 0.46
    16      30    3.5e+00    3    4.4e-03  -293.62449642  -224.59760781    -0.00790037   0.025843   1.0e-01   1.5e-04 0.44
    17      30    3.6e+00    0    2.7e-02  -293.62458397  -224.59769537    -0.00008756   0.025843   1.0e-01   1.5e-04 0.44
    18      50    6.1e+00    1    1.7e-02  -293.62765272  -224.60076411    -0.00306874   0.002273   9.1e-03   9.3e-05 0.43
    19      50    6.3e+00    1    8.0e-03  -293.62769893  -224.60081033    -0.00004622   0.004704   1.9e-02   7.0e-05 0.43
    20      50    6.2e+00    0    8.4e-03  -293.62770051  -224.60081190    -0.00000157   0.004704   1.9e-02   7.0e-05 0.43
    21      70    8.4e+00    1    1.2e-02  -293.62776750  -224.60087889    -0.00006699   0.000629   2.5e-03   7.0e-05 0.43
 
RESULTS OF THE OCCUPATION OPTIMIZATION
========================================
   1    1.9998118  -20.73272022
   2    1.9998156  -20.65768553
   3    1.9998157  -20.65756689
   4    1.9730136  -1.03647238
   5    1.9729666  -1.03624221
   6    1.9961275  -1.01770829
   7    1.9960941  -1.01668008
   8    1.9945166  -0.96163305
   9    1.9945076  -0.96107882
  10    1.9944056  -0.94444748
  11    1.9943742  -0.94378235
  12    1.5745326  -0.46307299
  13    0.4254674  -0.16186099
  14    0.0056258  -0.00816769
  15    0.0055944  -0.00814968
  16    0.0054924  -0.00808794
  17    0.0054834  -0.00808131
  18    0.0039059  -0.00592331
  19    0.0038725  -0.00590520
  20    0.0270334  -0.02816721
  21    0.0269864  -0.02814556
  22    0.0001843  -0.00695024
  23    0.0001844  -0.00695118
  24    0.0001882  -0.00707940
 
----------------
 Final Energies 
----------------
Final NOF Total Energy =    -224.6008789
 
Total Orbital Internal Iterations = 570
Total Occupation Internal Iterations = 113
 
Elapsed time:  155.78 Seconds

---------------------------------
   Lowdin Population Analysis    
---------------------------------
 Idx  Atom   Population   Charge 
---------------------------------
  1     O     8.052      -0.052
  2     O     7.974       0.026
  3     O     7.974       0.026

---------------------------------
   M Diagnostic: 0.43
---------------------------------

Recovering execution output...
Moving from /scratch/pobleyef/283472 to /home-nas/pobleyef/Poison-NOF/ncwo1/P30-5/PNOF5/arina.283472
mkdir -p /home-nas/pobleyef/Poison-NOF/ncwo1/P30-5/PNOF5/arina.283472
mv /scratch/pobleyef/283472/* /home-nas/pobleyef/Poison-NOF/ncwo1/P30-5/PNOF5/arina.283472
