W4-11_134_fo2
/software/eb2024/easybuild/software/common/software/Julia/1.11.3-linux-x86_64/bin/julia
Job runing on nh031
Choosing scratch ...
Automatic scratch folder selection
/scratch/pobleyef/167378
/scratch/pobleyef/167378 directory
cp W4-11_134_fo2.jl W4-11_134_fo2.jld2 to  /scratch/pobleyef/167378/.
Computing Integrals
Elapsed time:   18.17 Seconds

Number of basis functions                   (NBF)    = 171
Number of auxiliary basis functions         (NBFAUX) = 231
Inactive Doubly occupied orbitals up to     (NO1)    = 0
No. considered Strongly Doubly occupied MOs (NDOC)   = 12
No. considered Strongly Singly occupied MOs (NSOC)   = 1
NO. of Weakly occ. per St. Doubly occ.  MOs (NCWO)   = 1
Dimension of the Nat. Orb. subspace         (NBF5)   = 25
No. of electrons                                     = 25
    No. of alpha electrons                           = 13
    No. of beta electrons                            = 12
Multiplicity                                         = 2

Geometry
========
 F      -1.0111950      -0.7062760       0.0000000
 O       0.0000000       0.5752150       0.0000000
 O       1.1375950       0.2193450       0.0000000

No violations of the orthonormality
No violations of the orthonormality
 
PNOF5/ADABelief Calculation
==================
 
  Nitext  Nit_orb  Time   Nit_occ  Time         Eelec          Etot           Ediff      maxdiff    MaxGrad_orb  Grad_occ
     1      10    6.0e+01    8    3.4e+01  -317.19318141  -249.15518129 -10316.19318141   0.009377   3.8e-02   1.8e-04 0.24
     2      20    7.0e+01    4    6.9e-03  -317.23711847  -249.19911834    -0.04393705   0.014487   5.8e-02   7.0e-05 0.21
     3      20    7.4e+01    0    4.0e-02  -317.23756805  -249.19956792    -0.00044958   0.014487   5.8e-02   7.0e-05 0.21
     4      40    1.5e+02    4    8.0e-02  -317.23879984  -249.20079972    -0.00123180   0.000686   2.7e-03   4.2e-05 0.21
 
RESULTS OF THE OCCUPATION OPTIMIZATION
========================================
   1    1.9998648  -26.31425327
   2    1.9998134  -20.68625587
   3    1.9998140  -20.66393321
   4    1.9812665  -1.15504443
   5    1.9966172  -1.05253301
   6    1.9966100  -1.05172224
   7    1.9944343  -1.01705901
   8    1.9944540  -1.01105293
   9    1.9944287  -1.01081763
  10    1.9955333  -0.99795955
  11    1.9954064  -0.98687095
  12    1.7922251  -0.63083283
  13    1.0000000  -0.29695460
  14    0.2077749  -0.10612301
  15    0.0045936  -0.00680626
  16    0.0044667  -0.00678049
  17    0.0055713  -0.00924152
  18    0.0055460  -0.00921207
  19    0.0055657  -0.00924810
  20    0.0033900  -0.00546207
  21    0.0033828  -0.00545749
  22    0.0187335  -0.02284065
  23    0.0001860  -0.00701080
  24    0.0001866  -0.00704720
  25    0.0001352  -0.00651447
 
----------------
 Final Energies 
----------------
Final NOF Total Energy =    -249.2007997
 
Total Orbital Internal Iterations = 90
Total Occupation Internal Iterations = 16
 
Elapsed time:  412.98 Seconds

---------------------------------
   Lowdin Population Analysis    
---------------------------------
 Idx  Atom   Population   Charge 
---------------------------------
  1     F     9.055      -0.055
  2     O     7.990       0.010
  3     O     7.955       0.045

---------------------------------
   M Diagnostic: 0.21
---------------------------------

Recovering execution output...
Moving from /scratch/pobleyef/167378 to /home-nas/pobleyef/Poison-Set/ncwo1/P30-5/PNOF5/arina.167378
mkdir -p /home-nas/pobleyef/Poison-Set/ncwo1/P30-5/PNOF5/arina.167378
mv /scratch/pobleyef/167378/* /home-nas/pobleyef/Poison-Set/ncwo1/P30-5/PNOF5/arina.167378
