W4-11_135_cloo
/software/eb2024/easybuild/software/common/software/Julia/1.11.3-linux-x86_64/bin/julia
Job runing on nh017
Choosing scratch ...
Automatic scratch folder selection
/scratch/pobleyef/168088
/scratch/pobleyef/168088 directory
cp W4-11_135_cloo.jl W4-11_135_cloo.jld2 to  /scratch/pobleyef/168088/.
Computing Integrals
Elapsed time:    6.58 Seconds

Number of basis functions                   (NBF)    = 184
Number of auxiliary basis functions         (NBFAUX) = 282
Inactive Doubly occupied orbitals up to     (NO1)    = 0
No. considered Strongly Doubly occupied MOs (NDOC)   = 16
No. considered Strongly Singly occupied MOs (NSOC)   = 1
NO. of Weakly occ. per St. Doubly occ.  MOs (NCWO)   = 1
Dimension of the Nat. Orb. subspace         (NBF5)   = 33
No. of electrons                                     = 33
    No. of alpha electrons                           = 17
    No. of beta electrons                            = 16
Multiplicity                                         = 2

Geometry
========
Cl      -0.5609740      -0.9946370       0.0000000
 O       0.0000000       0.9587120       0.0000000
 O       1.1920690       1.1548920       0.0000000

No violations of the orthonormality
No violations of the orthonormality
 
PNOF5/ADABelief Calculation
==================
 
  Nitext  Nit_orb  Time   Nit_occ  Time         Eelec          Etot           Ediff      maxdiff    MaxGrad_orb  Grad_occ
     1      10    2.9e+01    0    3.3e+01  -698.66485660  -609.27328827 -10697.66485660   0.007508   3.0e-02   2.0e-04 0.21
     2      30    3.9e+00    0    2.3e-02  -698.66485660  -609.27328827     0.00000000   0.007508   3.0e-02   2.0e-04 0.21
     3      50    6.4e+00    2    4.1e-02  -698.66492986  -609.27336154    -0.00007326   0.004456   1.8e-02   9.5e-05 0.21
     4      50    6.7e+00    0    1.0e-02  -698.66497811  -609.27340978    -0.00004825   0.004047   1.6e-02   1.5e-04 0.21
     5      60    7.6e+00    0    6.1e-02  -698.66501280  -609.27344447    -0.00003469   0.004266   1.7e-02   1.1e-04 0.21
     6      70    9.4e+00    0    7.4e-03  -698.66505330  -609.27348497    -0.00004050   0.005621   2.2e-02   1.5e-04 0.21
     7      80    1.1e+01    0    6.5e-03  -698.66507687  -609.27350855    -0.00002357   0.003460   1.4e-02   1.1e-04 0.21
     8      90    1.2e+01    0    1.1e-02  -698.66509305  -609.27352473    -0.00001618   0.003282   1.3e-02   1.6e-04 0.21
     9     100    1.3e+01    0    5.5e-03  -698.66509853  -609.27353021    -0.00000548   0.002858   1.1e-02   1.1e-04 0.21
    10     110    1.4e+01    0    4.4e-02  -698.66510033  -609.27353200    -0.00000179   0.002687   1.1e-02   1.6e-04 0.21
    11     120    1.6e+01    0    2.0e-02  -698.66511268  -609.27354436    -0.00001236   0.002419   9.7e-03   1.1e-04 0.21
    12     130    1.6e+01    0    7.3e-03  -698.66511184  -609.27354352     0.00000084   0.002893   1.2e-02   1.6e-04 0.21
    13     124    1.6e+01    0    1.2e-02  -698.66515951  -609.27359119    -0.00004767   0.000499   2.0e-03   1.2e-04 0.21
 
RESULTS OF THE OCCUPATION OPTIMIZATION
========================================
   1    1.9999737  -103.25188620
   2    1.9998139  -20.68001042
   3    1.9998147  -20.66601058
   4    1.9997981  -9.18522700
   5    1.9998041  -9.05625745
   6    1.9998006  -9.04888601
   7    1.9997978  -9.04503359
   8    1.9799047  -1.12505363
   9    1.9962848  -1.02898413
  10    1.9962604  -1.02796720
  11    1.9951883  -0.97992712
  12    1.9952140  -0.97476733
  13    1.9940361  -0.73592175
  14    1.9939345  -0.73531353
  15    1.9937628  -0.72782675
  16    1.7859370  -0.52474340
  17    1.0000000  -0.29750234
  18    0.2140630  -0.08750988
  19    0.0062372  -0.00590840
  20    0.0060655  -0.00583561
  21    0.0059639  -0.00580608
  22    0.0047860  -0.00699681
  23    0.0048117  -0.00711428
  24    0.0037396  -0.00581324
  25    0.0037152  -0.00579765
  26    0.0200953  -0.02367630
  27    0.0002022  -0.00298902
  28    0.0001994  -0.00297271
  29    0.0001959  -0.00295502
  30    0.0002019  -0.00295575
  31    0.0001853  -0.00698554
  32    0.0001861  -0.00702733
  33    0.0000263  -0.00574841
 
----------------
 Final Energies 
----------------
Final NOF Total Energy =    -609.2735912
 
Total Orbital Internal Iterations = 1024
Total Occupation Internal Iterations = 2
 
Elapsed time:  215.88 Seconds

---------------------------------
   Lowdin Population Analysis    
---------------------------------
 Idx  Atom   Population   Charge 
---------------------------------
  1    Cl    16.963       0.037
  2     O     8.067      -0.067
  3     O     7.971       0.029

---------------------------------
   M Diagnostic: 0.21
---------------------------------

Recovering execution output...
Moving from /scratch/pobleyef/168088 to /home-nas/pobleyef/Poison-Set/ncwo1/P30-5/PNOF5/arina.168088
mkdir -p /home-nas/pobleyef/Poison-Set/ncwo1/P30-5/PNOF5/arina.168088
mv /scratch/pobleyef/168088/* /home-nas/pobleyef/Poison-Set/ncwo1/P30-5/PNOF5/arina.168088
