W4-11_128_s4-c2v
/software/eb2024/easybuild/software/common/software/Julia/1.11.3-linux-x86_64/bin/julia
Job runing on nh016
Choosing scratch ...
Automatic scratch folder selection
/scratch/pobleyef/168087
/scratch/pobleyef/168087 directory
cp W4-11_128_s4-c2v.jl W4-11_128_s4-c2v.jld2 to  /scratch/pobleyef/168087/.
Computing Integrals
Elapsed time:    7.43 Seconds

Number of basis functions                   (NBF)    = 280
Number of auxiliary basis functions         (NBFAUX) = 512
Inactive Doubly occupied orbitals up to     (NO1)    = 0
No. considered Strongly Doubly occupied MOs (NDOC)   = 32
No. considered Strongly Singly occupied MOs (NSOC)   = 0
NO. of Weakly occ. per St. Doubly occ.  MOs (NCWO)   = 1
Dimension of the Nat. Orb. subspace         (NBF5)   = 64
No. of electrons                                     = 64
    No. of alpha electrons                           = 32
    No. of beta electrons                            = 32
Multiplicity                                         = 1

Geometry
========
 S       0.0000000       1.5523430       0.9219610
 S       0.0000000       1.0685080      -0.9219610
 S       0.0000000      -1.0685080      -0.9219610
 S       0.0000000      -1.5523430       0.9219610

No violations of the orthonormality
No violations of the orthonormality
 
PNOF5/ADABelief Calculation
==================
 
  Nitext  Nit_orb  Time   Nit_occ  Time         Eelec          Etot           Ediff      maxdiff    MaxGrad_orb  Grad_occ
     1      10    3.0e+01    0    3.3e+01 -1924.08095532 -1590.38203279 -11923.08095532   0.012568   5.0e-02   2.4e-04 0.50
     2      30    5.6e+00    0    4.5e-02 -1924.08095532 -1590.38203279     0.00000000   0.012568   5.0e-02   2.4e-04 0.50
     3      50    8.8e+00    3    1.2e-01 -1924.08290832 -1590.38398579    -0.00195300   0.008143   3.3e-02   1.1e-04 0.50
     4      50    9.0e+00    3    5.0e-02 -1924.08357313 -1590.38465061    -0.00066482   0.009557   3.8e-02   7.5e-05 0.51
     5      50    8.9e+00    2    4.6e-02 -1924.08411984 -1590.38519732    -0.00054671   0.009167   3.7e-02   1.7e-04 0.51
     6      50    8.9e+00    2    4.9e-02 -1924.08426479 -1590.38534226    -0.00014495   0.009316   3.7e-02   7.5e-05 0.51
     7      50    8.8e+00    0    1.3e-01 -1924.08438134 -1590.38545881    -0.00011655   0.009100   3.6e-02   2.2e-04 0.51
     8      60    1.0e+01    2    4.7e-02 -1924.08489729 -1590.38597476    -0.00051595   0.006640   2.7e-02   6.5e-05 0.51
     9      60    1.1e+01    1    7.4e-02 -1924.08490413 -1590.38598160    -0.00000684   0.006614   2.6e-02   1.7e-04 0.50
    10      60    1.0e+01    0    4.1e-02 -1924.08490512 -1590.38598259    -0.00000099   0.006614   2.6e-02   1.7e-04 0.50
    11      80    1.4e+01    0    4.0e-02 -1924.08558113 -1590.38665861    -0.00067602   0.000866   3.5e-03   1.8e-04 0.50
 
RESULTS OF THE OCCUPATION OPTIMIZATION
========================================
   1    1.9999718  -91.07427615
   2    1.9999716  -91.04905529
   3    1.9999716  -91.02969951
   4    1.9999478  -85.27923513
   5    1.9999709  -15.39294045
   6    1.9997023  -7.56203765
   7    1.9997056  -7.54798195
   8    1.9996896  -7.52214859
   9    1.9996795  -7.51750940
  10    1.9996891  -7.51631719
  11    1.9996826  -7.51412426
  12    1.9997015  -7.50520481
  13    1.9997005  -7.50512366
  14    1.9996778  -7.50455515
  15    1.9996905  -7.50289107
  16    1.9996872  -7.47771729
  17    1.9996882  -7.44564258
  18    1.9997011  -6.84842628
  19    1.9996947  -6.80413658
  20    1.9997077  -6.66592397
  21    1.9936353  -0.85961401
  22    1.9953445  -0.82569899
  23    1.9947653  -0.70013776
  24    1.9838903  -0.69435210
  25    1.9923642  -0.65912483
  26    1.9950572  -0.65536687
  27    1.9909403  -0.65008912
  28    1.9940205  -0.65001902
  29    1.9862500  -0.64697523
  30    1.9917624  -0.61280618
  31    1.9897376  -0.57059919
  32    1.4961781  -0.27047841
  33    0.5038219  -0.10771059
  34    0.0102624  -0.00697820
  35    0.0082376  -0.00625038
  36    0.0137500  -0.00920703
  37    0.0059795  -0.00457848
  38    0.0090597  -0.00674424
  39    0.0049428  -0.00403166
  40    0.0076358  -0.00604288
  41    0.0161097  -0.01156885
  42    0.0052347  -0.00449056
  43    0.0046555  -0.00469826
  44    0.0063647  -0.00631687
  45    0.0002923  -0.00361448
  46    0.0003053  -0.00371270
  47    0.0002989  -0.00367803
  48    0.0003118  -0.00383501
  49    0.0003128  -0.00383122
  50    0.0003095  -0.00380989
  51    0.0003222  -0.00390243
  52    0.0002995  -0.00372486
  53    0.0002985  -0.00372920
  54    0.0003174  -0.00385838
  55    0.0003109  -0.00383486
  56    0.0003205  -0.00387842
  57    0.0003104  -0.00381155
  58    0.0002944  -0.00369010
  59    0.0002977  -0.00371938
  60    0.0000291  -0.00051692
  61    0.0000522  -0.00826554
  62    0.0000284  -0.00553141
  63    0.0000284  -0.00553268
  64    0.0000282  -0.00551880
 
----------------
 Final Energies 
----------------
Final NOF Total Energy =   -1590.3866586
 
Total Orbital Internal Iterations = 550
Total Occupation Internal Iterations = 13
 
Elapsed time:  181.64 Seconds

---------------------------------
   Lowdin Population Analysis    
---------------------------------
 Idx  Atom   Population   Charge 
---------------------------------
  1     S    15.991       0.009
  2     S    16.013      -0.013
  3     S    16.012      -0.012
  4     S    15.984       0.016

---------------------------------
   M Diagnostic: 0.50
---------------------------------

Recovering execution output...
Moving from /scratch/pobleyef/168087 to /home-nas/pobleyef/Poison-Set/ncwo1/P30-5/PNOF5/arina.168087
mkdir -p /home-nas/pobleyef/Poison-Set/ncwo1/P30-5/PNOF5/arina.168087
mv /scratch/pobleyef/168087/* /home-nas/pobleyef/Poison-Set/ncwo1/P30-5/PNOF5/arina.168087
