BH76_1_n2ohts
/software/eb2024/easybuild/software/common/software/Julia/1.11.3-linux-x86_64/bin/julia
Job runing on na21
Choosing scratch ...
Automatic scratch folder selection
/scratch/pobleyef/204252
/scratch/pobleyef/204252 directory
cp BH76_1_n2ohts.jl BH76_1_n2ohts.jld2 to  /scratch/pobleyef/204252/.
Computing Integrals
Elapsed time:   16.94 Seconds

Number of basis functions                   (NBF)    = 104
Number of auxiliary basis functions         (NBFAUX) = 267
Inactive Doubly occupied orbitals up to     (NO1)    = 0
No. considered Strongly Doubly occupied MOs (NDOC)   = 11
No. considered Strongly Singly occupied MOs (NSOC)   = 1
NO. of Weakly occ. per St. Doubly occ.  MOs (NCWO)   = 1
Dimension of the Nat. Orb. subspace         (NBF5)   = 23
No. of electrons                                     = 23
    No. of alpha electrons                           = 12
    No. of beta electrons                            = 11
Multiplicity                                         = 2

Geometry
========
 H      -0.2690454      -1.5391876       0.0000000
 O      -0.8267685      -0.2299978       0.0000000
 N       0.0342399       0.6485534       0.0000000
 N       1.0615740       1.1206319       0.0000000

No violations of the orthonormality
No violations of the orthonormality
 
PNOF9/ADABelief Calculation
==================
 
  Nitext  Nit_orb  Time   Nit_occ  Time         Eelec          Etot           Ediff      maxdiff    MaxGrad_orb  Grad_occ
     1      10    5.1e+01    6    2.0e+01  -243.68068146  -177.99443964 -10242.68068146   0.388483   1.6e+00   1.1e-04 0.01
     2      10    3.4e+01   11    3.3e-03  -248.49151835  -182.80527652    -4.81083688   0.166378   6.7e-01   2.1e-04 0.03
     3      10    3.5e+01   11    4.3e-03  -249.82560411  -184.13936229    -1.33408576   0.098877   4.0e-01   1.7e-04 0.04
     4      10    3.7e+01   10    1.3e-02  -250.14144918  -184.45520736    -0.31584507   0.040573   1.6e-01   1.5e-04 0.04
     5      10    3.9e+01    8    3.2e-03  -250.25235890  -184.56611708    -0.11090972   0.035509   1.4e-01   1.7e-04 0.04
     6      10    4.0e+01    6    1.8e-02  -250.29258143  -184.60633961    -0.04022253   0.026286   1.1e-01   1.8e-04 0.04
     7      10    3.5e+01    4    2.6e-03  -250.30753149  -184.62128966    -0.01495005   0.029887   1.2e-01   2.2e-04 0.04
     8      10    3.8e+01    6    4.6e-03  -250.31166501  -184.62542318    -0.00413352   0.031658   1.3e-01   1.1e-04 0.04
     9      10    2.0e+01    3    6.6e-02  -250.31291666  -184.62667483    -0.00125165   0.026505   1.1e-01   1.7e-04 0.04
    10      10    1.9e+01    5    2.9e-02  -250.31351347  -184.62727165    -0.00059681   0.026528   1.1e-01   2.4e-04 0.04
    11      10    2.4e+01    3    4.0e-02  -250.31468725  -184.62844543    -0.00117378   0.026495   1.1e-01   1.4e-04 0.04
    12      10    2.2e+01    6    4.5e-02  -250.31542748  -184.62918565    -0.00074022   0.027012   1.1e-01   8.2e-05 0.04
    13      10    2.3e+01    3    1.5e-02  -250.31587843  -184.62963660    -0.00045095   0.028182   1.1e-01   7.1e-05 0.04
    14      10    2.7e+01    0    5.9e-02  -250.31594902  -184.62970720    -0.00007060   0.028182   1.1e-01   7.1e-05 0.04
    15      22    4.1e+01    3    2.7e-02  -250.32713196  -184.64089013    -0.01118293   0.000508   2.0e-03   9.5e-05 0.04
 
RESULTS OF THE OCCUPATION OPTIMIZATION
========================================
   1    1.9998675  -19.06117637
   2    1.9998558  -17.36592819
   3    1.9996848  -15.77767622
   4    1.9941562  -1.47876347
   5    1.9918949  -1.22616157
   6    1.9797768  -0.97624518
   7    1.9696305  -0.90874956
   8    1.9885327  -0.74566472
   9    1.9880643  -0.73915579
  10    1.9581651  -0.60474611
  11    1.9579424  -0.59184683
  12    1.0000000  -0.17894412
  13    0.0420576  -0.05608516
  14    0.0418349  -0.05605325
  15    0.0119357  -0.01794189
  16    0.0114673  -0.01763217
  17    0.0303695  -0.05046022
  18    0.0202232  -0.03421558
  19    0.0081051  -0.01804212
  20    0.0058438  -0.01559876
  21    0.0003152  -0.00618493
  22    0.0001442  -0.00254051
  23    0.0001325  -0.00268416
 
----------------
 Final Energies 
----------------
Final NOF Total Energy =    -184.6408901
 
Total Orbital Internal Iterations = 162
Total Occupation Internal Iterations = 85
 
Elapsed time:  519.77 Seconds

---------------------------------
   Lowdin Population Analysis    
---------------------------------
 Idx  Atom   Population   Charge 
---------------------------------
  1     H     1.155      -0.155
  2     O     8.018      -0.018
  3     N     6.854       0.146
  4     N     6.973       0.027

---------------------------------
   M Diagnostic: 0.04
---------------------------------

Recovering execution output...
Moving from /scratch/pobleyef/204252 to /home-nas/pobleyef/Poison-NOF/ncwo1/P30-5/GNOFmodulated20/arina.204252
mkdir -p /home-nas/pobleyef/Poison-NOF/ncwo1/P30-5/GNOFmodulated20/arina.204252
mv /scratch/pobleyef/204252/* /home-nas/pobleyef/Poison-NOF/ncwo1/P30-5/GNOFmodulated20/arina.204252
