BH76_1_n2
/software/eb2024/easybuild/software/common/software/Julia/1.11.3-linux-x86_64/bin/julia
Job runing on na22
Choosing scratch ...
Automatic scratch folder selection
/scratch/pobleyef/203202
/scratch/pobleyef/203202 directory
cp BH76_1_n2.jl BH76_1_n2.jld2 to  /scratch/pobleyef/203202/.
Computing Integrals
Elapsed time:    3.53 Seconds

Number of basis functions                   (NBF)    = 114
Number of auxiliary basis functions         (NBFAUX) = 154
Inactive Doubly occupied orbitals up to     (NO1)    = 0
No. considered Strongly Doubly occupied MOs (NDOC)   = 7
No. considered Strongly Singly occupied MOs (NSOC)   = 0
NO. of Weakly occ. per St. Doubly occ.  MOs (NCWO)   = 1
Dimension of the Nat. Orb. subspace         (NBF5)   = 14
No. of electrons                                     = 14
    No. of alpha electrons                           = 7
    No. of beta electrons                            = 7
Multiplicity                                         = 1

Geometry
========
 N       0.0000000       0.0000000       0.5485557
 N       0.0000000       0.0000000      -0.5485557

No violations of the orthonormality
No violations of the orthonormality
 
PNOF9/ADABelief Calculation
==================
 
  Nitext  Nit_orb  Time   Nit_occ  Time         Eelec          Etot           Ediff      maxdiff    MaxGrad_orb  Grad_occ
     1      10    4.2e+01    4    2.0e+01  -132.90996013  -109.27550586 -10131.90996013   0.002366   9.5e-03   2.9e-05 0.04
     2      20    6.6e+01    0    2.3e-03  -132.91235082  -109.27789655    -0.00239069   0.002366   9.5e-03   2.9e-05 0.04
     3      40    1.4e+02    3    1.6e-03  -132.91247343  -109.27801916    -0.00012261   0.003686   1.5e-02   7.1e-05 0.04
     4      40    1.8e+02    1    1.5e-03  -132.91251706  -109.27806279    -0.00004364   0.002422   9.7e-03   1.7e-04 0.04
     5      40    1.7e+02    0    1.1e-03  -132.91251865  -109.27806438    -0.00000158   0.002422   9.7e-03   1.7e-04 0.04
     6      45    1.9e+02    0    1.4e-03  -132.91255682  -109.27810255    -0.00003817   0.000487   1.9e-03   2.1e-04 0.04
 
RESULTS OF THE OCCUPATION OPTIMIZATION
========================================
   1    1.9997961  -15.67173314
   2    1.9997919  -15.67030891
   3    1.9910420  -1.04491509
   4    1.9908507  -1.03349517
   5    1.9787360  -0.82963865
   6    1.9581710  -0.62544246
   7    1.9581781  -0.62544156
   8    0.0418219  -0.04976721
   9    0.0418290  -0.04976891
  10    0.0212640  -0.03466071
  11    0.0091493  -0.01821865
  12    0.0089580  -0.01812065
  13    0.0002081  -0.00570909
  14    0.0002039  -0.00564375
 
----------------
 Final Energies 
----------------
Final NOF Total Energy =    -109.2781026
 
Total Orbital Internal Iterations = 195
Total Occupation Internal Iterations = 8
 
Elapsed time:  834.67 Seconds

---------------------------------
   Lowdin Population Analysis    
---------------------------------
 Idx  Atom   Population   Charge 
---------------------------------
  1     N     7.000       0.000
  2     N     7.000      -0.000

---------------------------------
   M Diagnostic: 0.04
---------------------------------

Recovering execution output...
Moving from /scratch/pobleyef/203202 to /home-nas/pobleyef/Poison-NOF/ncwo1/P30-5/GNOFmodulated20/arina.203202
mkdir -p /home-nas/pobleyef/Poison-NOF/ncwo1/P30-5/GNOFmodulated20/arina.203202
mv /scratch/pobleyef/203202/* /home-nas/pobleyef/Poison-NOF/ncwo1/P30-5/GNOFmodulated20/arina.203202
