f
/software/eb2024/easybuild/software/common/software/Julia/1.11.3-linux-x86_64/bin/julia
Job runing on na04
Choosing scratch ...
Automatic scratch folder selection
/scratch/pobleyef/203212
/scratch/pobleyef/203212 directory
cp f.jl f.jld2 to  /scratch/pobleyef/203212/.
Computing Integrals
Elapsed time:    3.89 Seconds

Number of basis functions                   (NBF)    = 57
Number of auxiliary basis functions         (NBFAUX) = 77
Inactive Doubly occupied orbitals up to     (NO1)    = 0
No. considered Strongly Doubly occupied MOs (NDOC)   = 4
No. considered Strongly Singly occupied MOs (NSOC)   = 1
NO. of Weakly occ. per St. Doubly occ.  MOs (NCWO)   = 1
Dimension of the Nat. Orb. subspace         (NBF5)   = 9
No. of electrons                                     = 9
    No. of alpha electrons                           = 5
    No. of beta electrons                            = 4
Multiplicity                                         = 2

Geometry
========
 F       0.0000000       0.0000000       0.0000000

No violations of the orthonormality
No violations of the orthonormality
 
PNOF9/ADABelief Calculation
==================
 
  Nitext  Nit_orb  Time   Nit_occ  Time         Eelec          Etot           Ediff      maxdiff    MaxGrad_orb  Grad_occ
     1      10    1.7e+01    1    2.1e+01   -99.54310989   -99.54310989 -10098.54310989   0.001334   5.3e-03   6.7e-05 0.01
     2      20    1.5e-02    0    3.0e-04   -99.54315656   -99.54315656    -0.00004666   0.001334   5.3e-03   6.7e-05 0.01
     3      40    4.7e-02    0    2.5e-04   -99.54315656   -99.54315656     0.00000000   0.001334   5.3e-03   6.7e-05 0.01
     4      60    4.1e-02    1    3.2e-04   -99.54320343   -99.54320343    -0.00004688   0.000683   2.7e-03   1.7e-05 0.01
 
RESULTS OF THE OCCUPATION OPTIMIZATION
========================================
   1    1.9998611  -26.42626963
   2    1.9888528  -1.32763782
   3    1.9859446  -0.87117813
   4    1.9858907  -0.86859583
   5    1.0000000  -0.43528499
   6    0.0141093  -0.02383031
   7    0.0140554  -0.02382447
   8    0.0111472  -0.02369886
   9    0.0001389  -0.00623514
 
----------------
 Final Energies 
----------------
Final NOF Total Energy =     -99.5432034
 
Total Orbital Internal Iterations = 130
Total Occupation Internal Iterations = 2
 
Elapsed time:   50.37 Seconds

---------------------------------
   Lowdin Population Analysis    
---------------------------------
 Idx  Atom   Population   Charge 
---------------------------------
  1     F     9.000      -0.000

---------------------------------
   M Diagnostic: 0.01
---------------------------------

Recovering execution output...
Moving from /scratch/pobleyef/203212 to /home-nas/pobleyef/Poison-NOF/ncwo1/P30-5/GNOFmodulated20/arina.203212
mkdir -p /home-nas/pobleyef/Poison-NOF/ncwo1/P30-5/GNOFmodulated20/arina.203212
mv /scratch/pobleyef/203212/* /home-nas/pobleyef/Poison-NOF/ncwo1/P30-5/GNOFmodulated20/arina.203212
