G2RC_20_34
/software/eb2024/easybuild/software/common/software/Julia/1.11.3-linux-x86_64/bin/julia
Job runing on na05
Choosing scratch ...
Automatic scratch folder selection
/scratch/pobleyef/203219
/scratch/pobleyef/203219 directory
cp G2RC_20_34.jl G2RC_20_34.jld2 to  /scratch/pobleyef/203219/.
Computing Integrals
Elapsed time:    3.57 Seconds

Number of basis functions                   (NBF)    = 114
Number of auxiliary basis functions         (NBFAUX) = 154
Inactive Doubly occupied orbitals up to     (NO1)    = 0
No. considered Strongly Doubly occupied MOs (NDOC)   = 7
No. considered Strongly Singly occupied MOs (NSOC)   = 0
NO. of Weakly occ. per St. Doubly occ.  MOs (NCWO)   = 1
Dimension of the Nat. Orb. subspace         (NBF5)   = 14
No. of electrons                                     = 14
    No. of alpha electrons                           = 7
    No. of beta electrons                            = 7
Multiplicity                                         = 1

Geometry
========
 N       0.0000000       0.0000000      -0.5454291
 N       0.0000000       0.0000000       0.5454291

No violations of the orthonormality
No violations of the orthonormality
 
PNOF9/ADABelief Calculation
==================
 
  Nitext  Nit_orb  Time   Nit_occ  Time         Eelec          Etot           Ediff      maxdiff    MaxGrad_orb  Grad_occ
     1      10    4.4e+01    4    2.0e+01  -133.04569144  -109.27575623 -10132.04569144   0.002352   9.4e-03   4.1e-05 0.04
     2      20    5.0e+01    0    9.5e-03  -133.04805224  -109.27811703    -0.00236080   0.002352   9.4e-03   4.1e-05 0.04
     3      40    1.2e+02    2    1.4e-02  -133.04820556  -109.27827035    -0.00015332   0.002576   1.0e-02   1.8e-04 0.04
     4      40    1.1e+02    0    1.7e-03  -133.04821673  -109.27828152    -0.00001117   0.002576   1.0e-02   1.8e-04 0.04
     5      41    1.2e+02    1    7.0e-03  -133.04825327  -109.27831806    -0.00003654   0.000479   1.9e-03   2.0e-04 0.04
 
RESULTS OF THE OCCUPATION OPTIMIZATION
========================================
   1    1.9997980  -15.66949188
   2    1.9997911  -15.66801281
   3    1.9910995  -1.05184300
   4    1.9907680  -1.02596058
   5    1.9789882  -0.83320676
   6    1.9584466  -0.62797819
   7    1.9584472  -0.62797644
   8    0.0415528  -0.04958649
   9    0.0415534  -0.04958691
  10    0.0210118  -0.03444170
  11    0.0092320  -0.01828126
  12    0.0089005  -0.01809473
  13    0.0002089  -0.00574206
  14    0.0002020  -0.00561904
 
----------------
 Final Energies 
----------------
Final NOF Total Energy =    -109.2783181
 
Total Orbital Internal Iterations = 151
Total Occupation Internal Iterations = 7
 
Elapsed time:  477.72 Seconds

---------------------------------
   Lowdin Population Analysis    
---------------------------------
 Idx  Atom   Population   Charge 
---------------------------------
  1     N     7.000      -0.000
  2     N     7.000       0.000

---------------------------------
   M Diagnostic: 0.04
---------------------------------

Recovering execution output...
Moving from /scratch/pobleyef/203219 to /home-nas/pobleyef/Poison-NOF/ncwo1/P30-5/GNOFmodulated20/arina.203219
mkdir -p /home-nas/pobleyef/Poison-NOF/ncwo1/P30-5/GNOFmodulated20/arina.203219
mv /scratch/pobleyef/203219/* /home-nas/pobleyef/Poison-NOF/ncwo1/P30-5/GNOFmodulated20/arina.203219
