W4-11_113_n2o
/software/eb2024/easybuild/software/common/software/Julia/1.11.3-linux-x86_64/bin/julia
Job runing on na06
Choosing scratch ...
Automatic scratch folder selection
/scratch/pobleyef/204289
/scratch/pobleyef/204289 directory
cp W4-11_113_n2o.jl W4-11_113_n2o.jld2 to  /scratch/pobleyef/204289/.
Computing Integrals
Elapsed time:   14.66 Seconds

Number of basis functions                   (NBF)    = 90
Number of auxiliary basis functions         (NBFAUX) = 237
Inactive Doubly occupied orbitals up to     (NO1)    = 0
No. considered Strongly Doubly occupied MOs (NDOC)   = 11
No. considered Strongly Singly occupied MOs (NSOC)   = 0
NO. of Weakly occ. per St. Doubly occ.  MOs (NCWO)   = 1
Dimension of the Nat. Orb. subspace         (NBF5)   = 22
No. of electrons                                     = 22
    No. of alpha electrons                           = 11
    No. of beta electrons                            = 11
Multiplicity                                         = 1

Geometry
========
 N       0.0000000       0.0000000      -1.2014770
 N       0.0000000       0.0000000      -0.0723770
 O       0.0000000       0.0000000       1.1146230

No violations of the orthonormality
No violations of the orthonormality
 
PNOF9/ADABelief Calculation
==================
 
  Nitext  Nit_orb  Time   Nit_occ  Time         Eelec          Etot           Ediff      maxdiff    MaxGrad_orb  Grad_occ
     1      10    1.7e+01    7    2.0e+01  -238.64223247  -177.91729755 -10237.64223247   0.639619   2.6e+00   1.6e-04 0.01
     2      10    5.0e-02   11    4.6e-03  -242.92294512  -182.19801020    -4.28071265   0.182129   7.3e-01   1.8e-04 0.03
     3      10    3.1e-02   13    1.9e-03  -244.09049262  -183.36555770    -1.16754750   0.061822   2.5e-01   2.3e-04 0.04
     4      10    3.0e-02   14    2.1e-03  -244.58947778  -183.86454286    -0.49898516   0.109365   4.4e-01   1.3e-04 0.03
     5      10    4.2e-02    8    1.6e-03  -244.83845935  -184.11352443    -0.24898156   0.062476   2.5e-01   1.2e-04 0.03
     6      10    3.1e-02    8    1.6e-03  -244.88905007  -184.16411515    -0.05059073   0.031654   1.3e-01   1.4e-04 0.04
     7      10    3.1e-02    7    1.6e-03  -244.90326208  -184.17832716    -0.01421200   0.028805   1.2e-01   1.8e-04 0.04
     8      10    3.5e-02    3    1.4e-03  -244.90540062  -184.18046570    -0.00213854   0.030122   1.2e-01   2.5e-04 0.04
     9      10    6.4e-02    5    2.0e-03  -244.90573158  -184.18079666    -0.00033097   0.030439   1.2e-01   1.3e-04 0.04
    10      10    4.4e-02    3    1.1e-03  -244.90602033  -184.18108541    -0.00028874   0.030460   1.2e-01   1.6e-04 0.04
    11      10    5.5e-02    2    1.0e-03  -244.90651575  -184.18158083    -0.00049543   0.031360   1.3e-01   2.1e-04 0.04
    12      10    9.7e-02    2    1.1e-03  -244.90666654  -184.18173162    -0.00015078   0.029769   1.2e-01   2.1e-04 0.04
    13      10    3.1e-02    1    3.6e-03  -244.90731838  -184.18238346    -0.00065185   0.032622   1.3e-01   2.1e-04 0.04
    14      10    3.2e-02    0    7.9e-04  -244.90732323  -184.18238831    -0.00000484   0.032622   1.3e-01   2.1e-04 0.04
    15      20    7.1e-02    2    1.1e-03  -244.91624422  -184.19130930    -0.00892100   0.000582   2.3e-03   1.9e-04 0.04
 
RESULTS OF THE OCCUPATION OPTIMIZATION
========================================
   1    1.9998479  -18.65487442
   2    1.9998592  -17.73951896
   3    1.9996807  -15.75975904
   4    1.9934301  -1.43151942
   5    1.9924276  -1.24422411
   6    1.9797890  -0.92739052
   7    1.9714300  -0.87672720
   8    1.9894429  -0.76651126
   9    1.9893989  -0.76385528
  10    1.9590405  -0.56420477
  11    1.9590589  -0.56213161
  12    0.0409411  -0.05603851
  13    0.0409595  -0.05603788
  14    0.0106011  -0.01751767
  15    0.0105571  -0.01748995
  16    0.0285700  -0.04932867
  17    0.0202110  -0.03384596
  18    0.0075724  -0.01786005
  19    0.0065699  -0.01569227
  20    0.0003193  -0.00632176
  21    0.0001408  -0.00251213
  22    0.0001521  -0.00312064
 
----------------
 Final Energies 
----------------
Final NOF Total Energy =    -184.1913093
 
Total Orbital Internal Iterations = 160
Total Occupation Internal Iterations = 86
 
Elapsed time:   52.38 Seconds

---------------------------------
   Lowdin Population Analysis    
---------------------------------
 Idx  Atom   Population   Charge 
---------------------------------
  1     N     7.023      -0.023
  2     N     6.866       0.134
  3     O     8.111      -0.111

---------------------------------
   M Diagnostic: 0.04
---------------------------------

Recovering execution output...
Moving from /scratch/pobleyef/204289 to /home-nas/pobleyef/Poison-NOF/ncwo1/P30-5/GNOFmodulated20/arina.204289
mkdir -p /home-nas/pobleyef/Poison-NOF/ncwo1/P30-5/GNOFmodulated20/arina.204289
mv /scratch/pobleyef/204289/* /home-nas/pobleyef/Poison-NOF/ncwo1/P30-5/GNOFmodulated20/arina.204289
