be
/software/eb2024/easybuild/software/common/software/Julia/1.11.3-linux-x86_64/bin/julia
Job runing on na11
Choosing scratch ...
Automatic scratch folder selection
/scratch/pobleyef/196078
/scratch/pobleyef/196078 directory
cp be.jl be.jld2 to  /scratch/pobleyef/196078/.
Computing Integrals
Elapsed time:    4.25 Seconds

Number of basis functions                   (NBF)    = 36
Number of auxiliary basis functions         (NBFAUX) = 51
Inactive Doubly occupied orbitals up to     (NO1)    = 0
No. considered Strongly Doubly occupied MOs (NDOC)   = 2
No. considered Strongly Singly occupied MOs (NSOC)   = 0
NO. of Weakly occ. per St. Doubly occ.  MOs (NCWO)   = 1
Dimension of the Nat. Orb. subspace         (NBF5)   = 4
No. of electrons                                     = 4
    No. of alpha electrons                           = 2
    No. of beta electrons                            = 2
Multiplicity                                         = 1

Geometry
========
Be       0.0000000       0.0000000       0.0000000

No violations of the orthonormality
No violations of the orthonormality
 
PNOF9/ADABelief Calculation
==================
 
  Nitext  Nit_orb  Time   Nit_occ  Time         Eelec          Etot           Ediff      maxdiff    MaxGrad_orb  Grad_occ
     1      10    1.8e+01    2    2.0e+01   -14.60559645   -14.60559645 -10013.60559645   0.014285   5.7e-02   3.5e-05 0.07
     2      10    3.0e-03    0    1.6e-04   -14.60614090   -14.60614090    -0.00054445   0.076495   3.1e-01   1.4e-04 0.07
     3      20    2.8e-03    0    7.0e-05   -14.60682589   -14.60682589    -0.00068498   0.001927   7.7e-03   7.0e-05 0.07
     4      30    4.6e-03    0    7.7e-05   -14.60683605   -14.60683605    -0.00001016   0.000535   2.1e-03   6.0e-05 0.07
 
RESULTS OF THE OCCUPATION OPTIMIZATION
========================================
   1    1.9986018  -4.73417190
   2    1.9288240  -0.31212740
   3    0.0711760  -0.02006512
   4    0.0013982  -0.01037394
 
----------------
 Final Energies 
----------------
Final NOF Total Energy =     -14.6068360
 
Total Orbital Internal Iterations = 70
Total Occupation Internal Iterations = 2
 
Elapsed time:   49.18 Seconds

---------------------------------
   Lowdin Population Analysis    
---------------------------------
 Idx  Atom   Population   Charge 
---------------------------------
  1    Be     4.000       0.000

---------------------------------
   M Diagnostic: 0.07
---------------------------------

Recovering execution output...
Moving from /scratch/pobleyef/196078 to /home-nas/pobleyef/Poison-NOF/ncwo1/P30-5/GNOFmsta25/arina.196078
mkdir -p /home-nas/pobleyef/Poison-NOF/ncwo1/P30-5/GNOFmsta25/arina.196078
mv /scratch/pobleyef/196078/* /home-nas/pobleyef/Poison-NOF/ncwo1/P30-5/GNOFmsta25/arina.196078
