ca
/software/eb2024/easybuild/software/common/software/Julia/1.11.3-linux-x86_64/bin/julia
Job runing on na06
Choosing scratch ...
Automatic scratch folder selection
/scratch/pobleyef/196085
/scratch/pobleyef/196085 directory
cp ca.jl ca.jld2 to  /scratch/pobleyef/196085/.
Computing Integrals
Elapsed time:    3.83 Seconds

Number of basis functions                   (NBF)    = 56
Number of auxiliary basis functions         (NBFAUX) = 160
Inactive Doubly occupied orbitals up to     (NO1)    = 0
No. considered Strongly Doubly occupied MOs (NDOC)   = 10
No. considered Strongly Singly occupied MOs (NSOC)   = 0
NO. of Weakly occ. per St. Doubly occ.  MOs (NCWO)   = 1
Dimension of the Nat. Orb. subspace         (NBF5)   = 20
No. of electrons                                     = 20
    No. of alpha electrons                           = 10
    No. of beta electrons                            = 10
Multiplicity                                         = 1

Geometry
========
Ca       0.0000000       0.0000000       0.0000000

No violations of the orthonormality
No violations of the orthonormality
 
PNOF9/ADABelief Calculation
==================
 
  Nitext  Nit_orb  Time   Nit_occ  Time         Eelec          Etot           Ediff      maxdiff    MaxGrad_orb  Grad_occ
     1      10    1.7e+01    4    2.0e+01  -677.06039487  -677.06039487 -10676.06039487   0.044763   1.8e-01   1.5e-04 0.03
     2      20    6.3e-02    4    8.2e-04  -677.07697760  -677.07697760    -0.01658273   0.256943   1.0e+00   1.9e-04 0.03
     3      20    3.1e-02   19    1.8e-03  -677.08845018  -677.08845018    -0.01147259   0.017332   6.9e-02   9.6e-05 0.03
     4      20    2.8e-02    7    1.0e-03  -677.09681843  -677.09681843    -0.00836825   0.046179   1.8e-01   1.9e-04 0.03
     5      20    2.7e-02    9    3.8e-03  -677.10684353  -677.10684353    -0.01002510   0.042049   1.7e-01   1.6e-04 0.03
     6      20    3.0e-02    8    1.4e-03  -677.11604371  -677.11604371    -0.00920018   0.024180   9.7e-02   1.4e-04 0.03
     7      20    2.8e-02    5    9.6e-04  -677.12013441  -677.12013441    -0.00409070   0.033837   1.4e-01   2.2e-04 0.03
     8      20    2.7e-02    5    1.0e-03  -677.12310777  -677.12310777    -0.00297336   0.029418   1.2e-01   1.5e-04 0.03
     9      20    2.9e-02    4    7.0e-04  -677.12356336  -677.12356336    -0.00045559   0.026650   1.1e-01   2.2e-04 0.03
    10      20    2.8e-02    4    9.7e-04  -677.12394996  -677.12394996    -0.00038660   0.024927   1.0e-01   1.2e-04 0.03
    11      20    2.9e-02    0    5.8e-04  -677.12397344  -677.12397344    -0.00002347   0.024927   1.0e-01   1.2e-04 0.03
    12      40    5.7e-02    3    8.3e-04  -677.12529584  -677.12529584    -0.00132241   0.003279   1.3e-02   9.8e-05 0.03
    13      40    5.4e-02    0    4.6e-04  -677.12530372  -677.12530372    -0.00000788   0.003279   1.3e-02   9.8e-05 0.03
    14      60    7.7e-02    0    6.9e-04  -677.12535727  -677.12535727    -0.00005354   0.000812   3.2e-03   1.7e-04 0.03
 
RESULTS OF THE OCCUPATION OPTIMIZATION
========================================
   1    1.9999985  -149.31820376
   2    1.9999865  -16.22852903
   3    1.9998954  -14.20545749
   4    1.9998777  -13.60202368
   5    1.9986577  -13.59397571
   6    1.9839871  -2.24022834
   7    1.9726346  -1.12657921
   8    1.9725112  -1.11999122
   9    1.9707665  -0.99848184
  10    1.9706950  -0.99698369
  11    0.0293050  -0.04308113
  12    0.0292335  -0.04301213
  13    0.0274888  -0.04345477
  14    0.0273654  -0.04344956
  15    0.0160129  -0.03733885
  16    0.0013423  -0.03203703
  17    0.0001223  -0.00473626
  18    0.0001046  -0.00268172
  19    0.0000135  -0.00232230
  20    0.0000015  -0.00020971
 
----------------
 Final Energies 
----------------
Final NOF Total Energy =    -677.1253573
 
Total Orbital Internal Iterations = 350
Total Occupation Internal Iterations = 72
 
Elapsed time:   47.95 Seconds

---------------------------------
   Lowdin Population Analysis    
---------------------------------
 Idx  Atom   Population   Charge 
---------------------------------
  1    Ca    20.000      -0.000

---------------------------------
   M Diagnostic: 0.03
---------------------------------

Recovering execution output...
Moving from /scratch/pobleyef/196085 to /home-nas/pobleyef/Poison-NOF/ncwo1/P30-5/GNOFmsta25/arina.196085
mkdir -p /home-nas/pobleyef/Poison-NOF/ncwo1/P30-5/GNOFmsta25/arina.196085
mv /scratch/pobleyef/196085/* /home-nas/pobleyef/Poison-NOF/ncwo1/P30-5/GNOFmsta25/arina.196085
