cl
/software/eb2024/easybuild/software/common/software/Julia/1.11.3-linux-x86_64/bin/julia
Job runing on na07
Choosing scratch ...
Automatic scratch folder selection
/scratch/pobleyef/196087
/scratch/pobleyef/196087 directory
cp cl.jl cl.jld2 to  /scratch/pobleyef/196087/.
Computing Integrals
Elapsed time:    3.77 Seconds

Number of basis functions                   (NBF)    = 70
Number of auxiliary basis functions         (NBFAUX) = 128
Inactive Doubly occupied orbitals up to     (NO1)    = 0
No. considered Strongly Doubly occupied MOs (NDOC)   = 8
No. considered Strongly Singly occupied MOs (NSOC)   = 1
NO. of Weakly occ. per St. Doubly occ.  MOs (NCWO)   = 1
Dimension of the Nat. Orb. subspace         (NBF5)   = 17
No. of electrons                                     = 17
    No. of alpha electrons                           = 9
    No. of beta electrons                            = 8
Multiplicity                                         = 2

Geometry
========
Cl       0.0000000       0.0000000       0.0000000

No violations of the orthonormality
No violations of the orthonormality
 
PNOF9/ADABelief Calculation
==================
 
  Nitext  Nit_orb  Time   Nit_occ  Time         Eelec          Etot           Ediff      maxdiff    MaxGrad_orb  Grad_occ
     1      10    1.6e+01    5    2.0e+01  -459.67773637  -459.67773637 -10458.67773637   0.029923   1.2e-01   1.4e-04 0.03
     2      20    4.4e-02   11    7.8e-03  -459.70220625  -459.70220625    -0.02446988   0.177416   7.1e-01   2.3e-04 0.03
     3      20    2.7e-02    6    8.0e-04  -459.72190653  -459.72190653    -0.01970028   0.053138   2.1e-01   1.2e-04 0.03
     4      20    3.3e-02    6    8.4e-04  -459.73362114  -459.73362114    -0.01171461   0.051261   2.1e-01   2.6e-05 0.03
     5      20    2.8e-02    5    8.9e-04  -459.74246629  -459.74246629    -0.00884515   0.056486   2.3e-01   7.0e-05 0.03
     6      20    2.9e-02    5    9.8e-04  -459.74698157  -459.74698157    -0.00451528   0.066750   2.7e-01   1.8e-05 0.03
     7      20    3.1e-02    4    8.3e-04  -459.74855850  -459.74855850    -0.00157693   0.067475   2.7e-01   1.9e-04 0.03
     8      20    2.7e-02    3    7.3e-04  -459.75012031  -459.75012031    -0.00156181   0.052673   2.1e-01   1.8e-04 0.03
     9      20    2.9e-02    0    4.3e-04  -459.75021308  -459.75021308    -0.00009277   0.052673   2.1e-01   1.8e-04 0.03
    10      40    5.8e-02    3    5.8e-04  -459.75379104  -459.75379104    -0.00357795   0.005463   2.2e-02   1.6e-04 0.03
    11      40    5.8e-02    2    7.5e-04  -459.75401870  -459.75401870    -0.00022766   0.004808   1.9e-02   1.2e-04 0.03
    12      40    5.5e-02    2    7.4e-04  -459.75412893  -459.75412893    -0.00011023   0.005712   2.3e-02   1.1e-04 0.03
    13      40    5.6e-02    2    6.1e-04  -459.75419604  -459.75419604    -0.00006711   0.005493   2.2e-02   9.3e-05 0.03
    14      40    6.0e-02    1    6.3e-04  -459.75424215  -459.75424215    -0.00004611   0.006500   2.6e-02   1.9e-04 0.03
    15      40    5.7e-02    1    9.0e-04  -459.75426833  -459.75426833    -0.00002618   0.005386   2.2e-02   1.7e-04 0.03
    16      40    5.4e-02    1    7.5e-04  -459.75429443  -459.75429443    -0.00002610   0.005465   2.2e-02   1.4e-04 0.03
    17      40    5.9e-02    1    4.3e-04  -459.75430591  -459.75430591    -0.00001148   0.005428   2.2e-02   1.2e-04 0.03
    18      40    5.8e-02    0    6.5e-04  -459.75432056  -459.75432056    -0.00001465   0.005387   2.2e-02   1.5e-04 0.03
    19      50    7.3e-02    0    3.4e-03  -459.75436779  -459.75436779    -0.00004723   0.004429   1.8e-02   1.7e-04 0.03
    20      60    8.6e-02    0    5.3e-04  -459.75439021  -459.75439021    -0.00002242   0.003901   1.6e-02   1.6e-04 0.03
    21      70    9.7e-02    1    5.8e-04  -459.75440621  -459.75440621    -0.00001600   0.003503   1.4e-02   9.9e-05 0.03
    22      70    1.0e-01    0    5.5e-04  -459.75440676  -459.75440676    -0.00000055   0.003503   1.4e-02   9.9e-05 0.03
    23      68    9.6e-02    0    6.1e-04  -459.75445587  -459.75445587    -0.00004911   0.000500   2.0e-03   1.2e-04 0.03
 
RESULTS OF THE OCCUPATION OPTIMIZATION
========================================
   1    1.9999663  -104.92791668
   2    1.9992818  -10.61188937
   3    1.9987541  -8.07805036
   4    1.9990358  -8.07734323
   5    1.9990357  -8.07699869
   6    1.9900968  -1.08095740
   7    1.9748614  -0.50225540
   8    1.9748640  -0.50191141
   9    1.0000000  -0.28940916
  10    0.0251360  -0.02553066
  11    0.0251386  -0.02554043
  12    0.0099032  -0.03028130
  13    0.0009643  -0.01835372
  14    0.0009642  -0.01834940
  15    0.0012459  -0.01805921
  16    0.0007182  -0.01639125
  17    0.0000337  -0.00640086
 
----------------
 Final Energies 
----------------
Final NOF Total Energy =    -459.7544559
 
Total Orbital Internal Iterations = 848
Total Occupation Internal Iterations = 59
 
Elapsed time:   48.40 Seconds

---------------------------------
   Lowdin Population Analysis    
---------------------------------
 Idx  Atom   Population   Charge 
---------------------------------
  1    Cl    17.000      -0.000

---------------------------------
   M Diagnostic: 0.03
---------------------------------

Recovering execution output...
Moving from /scratch/pobleyef/196087 to /home-nas/pobleyef/Poison-NOF/ncwo1/P30-5/GNOFmsta25/arina.196087
mkdir -p /home-nas/pobleyef/Poison-NOF/ncwo1/P30-5/GNOFmsta25/arina.196087
mv /scratch/pobleyef/196087/* /home-nas/pobleyef/Poison-NOF/ncwo1/P30-5/GNOFmsta25/arina.196087
