G2RC_20_68
/software/eb2024/easybuild/software/common/software/Julia/1.11.3-linux-x86_64/bin/julia
Job runing on nagpu01
Choosing scratch ...
Automatic scratch folder selection
/scratch/pobleyef/197763
/scratch/pobleyef/197763 directory
cp G2RC_20_68.jl G2RC_20_68.jld2 to  /scratch/pobleyef/197763/.
Computing Integrals
Elapsed time:    5.43 Seconds

Number of basis functions                   (NBF)    = 171
Number of auxiliary basis functions         (NBFAUX) = 231
Inactive Doubly occupied orbitals up to     (NO1)    = 0
No. considered Strongly Doubly occupied MOs (NDOC)   = 11
No. considered Strongly Singly occupied MOs (NSOC)   = 0
NO. of Weakly occ. per St. Doubly occ.  MOs (NCWO)   = 1
Dimension of the Nat. Orb. subspace         (NBF5)   = 22
No. of electrons                                     = 22
    No. of alpha electrons                           = 11
    No. of beta electrons                            = 11
Multiplicity                                         = 1

Geometry
========
 N       0.0000000       0.0000000      -0.0211861
 N       0.0000000       0.0000000      -1.1424486
 O       0.0000000       0.0000000       1.1636347

No violations of the orthonormality
No violations of the orthonormality
 
PNOF9/ADABelief Calculation
==================
 
  Nitext  Nit_orb  Time   Nit_occ  Time         Eelec          Etot           Ediff      maxdiff    MaxGrad_orb  Grad_occ
     1      10    2.1e+01    0    1.9e+01  -245.24059132  -184.25364283 -10244.24059132   0.003201   1.3e-02   2.8e-04 0.05
     2      30    1.5e+01    0    3.3e-03  -245.24059132  -184.25364283     0.00000000   0.003201   1.3e-02   2.8e-04 0.05
     3      50    2.5e+01    2    9.1e-02  -245.24068038  -184.25373189    -0.00008906   0.002601   1.0e-02   1.5e-04 0.05
     4      50    2.6e+01    0    7.8e-03  -245.24068278  -184.25373429    -0.00000240   0.002601   1.0e-02   1.5e-04 0.05
     5      48    2.4e+01    1    3.3e-03  -245.24079995  -184.25385146    -0.00011717   0.000492   2.0e-03   1.4e-04 0.05
 
RESULTS OF THE OCCUPATION OPTIMIZATION
========================================
   1    1.9998320  -20.66898522
   2    1.9996545  -15.80264888
   3    1.9997689  -15.67964651
   4    1.9935908  -1.57478760
   5    1.9901476  -1.19530964
   6    1.9772360  -0.89812759
   7    1.9882038  -0.82001025
   8    1.9882650  -0.81793012
   9    1.9660673  -0.75135360
  10    1.9489699  -0.55614611
  11    1.9485319  -0.54903401
  12    0.0514681  -0.06283755
  13    0.0510301  -0.06268194
  14    0.0339327  -0.05277386
  15    0.0117350  -0.01892362
  16    0.0117962  -0.01913995
  17    0.0227640  -0.03481575
  18    0.0098524  -0.01929066
  19    0.0064092  -0.01378840
  20    0.0002311  -0.00628689
  21    0.0003455  -0.00874241
  22    0.0001680  -0.00611027
 
----------------
 Final Energies 
----------------
Final NOF Total Energy =    -184.2538515
 
Total Orbital Internal Iterations = 188
Total Occupation Internal Iterations = 3
 
Elapsed time:  152.50 Seconds

---------------------------------
   Lowdin Population Analysis    
---------------------------------
 Idx  Atom   Population   Charge 
---------------------------------
  1     N     7.149      -0.149
  2     N     6.946       0.054
  3     O     7.905       0.095

---------------------------------
   M Diagnostic: 0.05
---------------------------------

Recovering execution output...
Moving from /scratch/pobleyef/197763 to /home-nas/pobleyef/Poison-NOF/ncwo1/P30-5/GNOFmsta25/arina.197763
mkdir -p /home-nas/pobleyef/Poison-NOF/ncwo1/P30-5/GNOFmsta25/arina.197763
mv /scratch/pobleyef/197763/* /home-nas/pobleyef/Poison-NOF/ncwo1/P30-5/GNOFmsta25/arina.197763
