G2RC_10_61
/software/eb2024/easybuild/software/common/software/Julia/1.11.3-linux-x86_64/bin/julia
Job runing on na11
Choosing scratch ...
Automatic scratch folder selection
/scratch/pobleyef/197759
/scratch/pobleyef/197759 directory
cp G2RC_10_61.jl G2RC_10_61.jld2 to  /scratch/pobleyef/197759/.
Computing Integrals
Elapsed time:    7.67 Seconds

Number of basis functions                   (NBF)    = 285
Number of auxiliary basis functions         (NBFAUX) = 383
Inactive Doubly occupied orbitals up to     (NO1)    = 0
No. considered Strongly Doubly occupied MOs (NDOC)   = 21
No. considered Strongly Singly occupied MOs (NSOC)   = 0
NO. of Weakly occ. per St. Doubly occ.  MOs (NCWO)   = 1
Dimension of the Nat. Orb. subspace         (NBF5)   = 42
No. of electrons                                     = 42
    No. of alpha electrons                           = 21
    No. of beta electrons                            = 21
Multiplicity                                         = 1

Geometry
========
 C       0.0000000       0.0000000       0.0000000
 F       0.7665641      -0.7665641       0.7665641
 F      -0.7665641       0.7665641       0.7665641
 F      -0.7665641      -0.7665641      -0.7665641
 F       0.7665641       0.7665641      -0.7665641

No violations of the orthonormality
No violations of the orthonormality
 
PNOF9/ADABelief Calculation
==================
 
  Nitext  Nit_orb  Time   Nit_occ  Time         Eelec          Etot           Ediff      maxdiff    MaxGrad_orb  Grad_occ
     1      10    4.5e+01    0    2.0e+01  -641.39211327  -436.68771593 -10640.39211327   0.005171   2.1e-02   2.9e-05 0.04
     2      30    8.6e+01    0    1.6e-02  -641.39211327  -436.68771593     0.00000000   0.005171   2.1e-02   2.9e-05 0.04
     3      50    1.2e+02    2    6.1e-02  -641.39266841  -436.68827107    -0.00055514   0.004845   1.9e-02   2.3e-04 0.04
     4      50    1.3e+02    0    2.5e-02  -641.39267353  -436.68827620    -0.00000513   0.004845   1.9e-02   2.3e-04 0.04
     5      70    1.8e+02    1    1.6e-02  -641.39333829  -436.68894096    -0.00066476   0.000740   3.0e-03   1.8e-04 0.04
 
RESULTS OF THE OCCUPATION OPTIMIZATION
========================================
   1    1.9998640  -26.41087077
   2    1.9998654  -26.41040720
   3    1.9998654  -26.41023537
   4    1.9998656  -26.40953210
   5    1.9995254  -11.55383298
   6    1.9922768  -1.59313997
   7    1.9922736  -1.59056837
   8    1.9922554  -1.58463560
   9    1.9921845  -1.57216339
  10    1.9629464  -0.88337905
  11    1.9628230  -0.87517555
  12    1.9628353  -0.87253720
  13    1.9627626  -0.86966899
  14    1.9869311  -0.85084956
  15    1.9869238  -0.85075023
  16    1.9869459  -0.84516640
  17    1.9867791  -0.83767113
  18    1.9861464  -0.83676753
  19    1.9857687  -0.83373897
  20    1.9857638  -0.83284892
  21    1.9855674  -0.81882790
  22    0.0144326  -0.02379321
  23    0.0142362  -0.02362378
  24    0.0142313  -0.02391281
  25    0.0138536  -0.02384075
  26    0.0132209  -0.02303586
  27    0.0130541  -0.02312641
  28    0.0130762  -0.02339133
  29    0.0130689  -0.02338715
  30    0.0372374  -0.05855694
  31    0.0371647  -0.05850075
  32    0.0371770  -0.05844807
  33    0.0370536  -0.05824287
  34    0.0078155  -0.02121740
  35    0.0077446  -0.02121850
  36    0.0077264  -0.02116704
  37    0.0077232  -0.02115258
  38    0.0004746  -0.00890845
  39    0.0001344  -0.00608756
  40    0.0001346  -0.00609412
  41    0.0001346  -0.00608995
  42    0.0001360  -0.00610410
 
----------------
 Final Energies 
----------------
Final NOF Total Energy =    -436.6889410
 
Total Orbital Internal Iterations = 210
Total Occupation Internal Iterations = 3
 
Elapsed time:  601.28 Seconds

---------------------------------
   Lowdin Population Analysis    
---------------------------------
 Idx  Atom   Population   Charge 
---------------------------------
  1     C     7.561      -1.561
  2     F     8.609       0.391
  3     F     8.610       0.390
  4     F     8.609       0.391
  5     F     8.611       0.389

---------------------------------
   M Diagnostic: 0.04
---------------------------------

Recovering execution output...
Moving from /scratch/pobleyef/197759 to /home-nas/pobleyef/Poison-NOF/ncwo1/P30-5/GNOFmsta25/arina.197759
mkdir -p /home-nas/pobleyef/Poison-NOF/ncwo1/P30-5/GNOFmsta25/arina.197759
mv /scratch/pobleyef/197759/* /home-nas/pobleyef/Poison-NOF/ncwo1/P30-5/GNOFmsta25/arina.197759
