n
/software/eb2024/easybuild/software/common/software/Julia/1.11.3-linux-x86_64/bin/julia
Job runing on na19
Choosing scratch ...
Automatic scratch folder selection
/scratch/pobleyef/196102
/scratch/pobleyef/196102 directory
cp n.jl n.jld2 to  /scratch/pobleyef/196102/.
Computing Integrals
Elapsed time:    3.63 Seconds

Number of basis functions                   (NBF)    = 57
Number of auxiliary basis functions         (NBFAUX) = 77
Inactive Doubly occupied orbitals up to     (NO1)    = 0
No. considered Strongly Doubly occupied MOs (NDOC)   = 2
No. considered Strongly Singly occupied MOs (NSOC)   = 3
NO. of Weakly occ. per St. Doubly occ.  MOs (NCWO)   = 1
Dimension of the Nat. Orb. subspace         (NBF5)   = 7
No. of electrons                                     = 7
    No. of alpha electrons                           = 5
    No. of beta electrons                            = 2
Multiplicity                                         = 4

Geometry
========
 N       0.0000000       0.0000000       0.0000000

No violations of the orthonormality
No violations of the orthonormality
 
PNOF9/ADABelief Calculation
==================
 
  Nitext  Nit_orb  Time   Nit_occ  Time         Eelec          Etot           Ediff      maxdiff    MaxGrad_orb  Grad_occ
     1      10    1.7e+01    4    2.1e+01   -54.45394278   -54.45394278 -10053.45394278   0.013901   5.6e-02   1.1e-04 0.02
     2      20    1.0e-02    2    2.9e-04   -54.46095111   -54.46095111    -0.00700834   0.007658   3.1e-02   7.5e-05 0.02
     3      20    3.0e-02    3    2.6e-04   -54.46166919   -54.46166919    -0.00071808   0.008741   3.5e-02   1.7e-05 0.02
     4      20    8.3e-03    3    2.9e-04   -54.46190585   -54.46190585    -0.00023666   0.005609   2.2e-02   3.4e-06 0.02
     5      20    1.7e-02    2    2.4e-04   -54.46207146   -54.46207146    -0.00016561   0.008484   3.4e-02   1.4e-04 0.03
     6      20    7.9e-03    0    1.6e-04   -54.46208654   -54.46208654    -0.00001508   0.008484   3.4e-02   1.4e-04 0.03
     7      40    2.2e-02    1    2.3e-04   -54.46227488   -54.46227488    -0.00018835   0.001002   4.0e-03   1.1e-04 0.03
     8      40    1.9e-02    0    2.0e-04   -54.46228356   -54.46228356    -0.00000868   0.001002   4.0e-03   1.1e-04 0.03
     9      20    7.6e-03    1    2.2e-04   -54.46229075   -54.46229075    -0.00000719   0.000465   1.9e-03   1.3e-04 0.03
 
RESULTS OF THE OCCUPATION OPTIMIZATION
========================================
   1    1.9997535  -15.64560287
   2    1.9740498  -0.96536273
   3    1.0000000  -0.29242593
   4    1.0000000  -0.29241350
   5    1.0000000  -0.29240365
   6    0.0259502  -0.02146530
   7    0.0002465  -0.00666359
 
----------------
 Final Energies 
----------------
Final NOF Total Energy =     -54.4622907
 
Total Orbital Internal Iterations = 210
Total Occupation Internal Iterations = 16
 
Elapsed time:   49.68 Seconds

---------------------------------
   Lowdin Population Analysis    
---------------------------------
 Idx  Atom   Population   Charge 
---------------------------------
  1     N     7.000       0.000

---------------------------------
   M Diagnostic: 0.03
---------------------------------

Recovering execution output...
Moving from /scratch/pobleyef/196102 to /home-nas/pobleyef/Poison-NOF/ncwo1/P30-5/GNOFmsta25/arina.196102
mkdir -p /home-nas/pobleyef/Poison-NOF/ncwo1/P30-5/GNOFmsta25/arina.196102
mv /scratch/pobleyef/196102/* /home-nas/pobleyef/Poison-NOF/ncwo1/P30-5/GNOFmsta25/arina.196102
