SIE4x4_4_he2+_1.0
/software/eb2024/easybuild/software/common/software/Julia/1.11.3-linux-x86_64/bin/julia
Job runing on na10
Choosing scratch ...
Automatic scratch folder selection
/scratch/pobleyef/196108
/scratch/pobleyef/196108 directory
cp SIE4x4_4_he2+_1.0.jl SIE4x4_4_he2+_1.0.jld2 to  /scratch/pobleyef/196108/.
Computing Integrals
Elapsed time:    3.49 Seconds

Number of basis functions                   (NBF)    = 60
Number of auxiliary basis functions         (NBFAUX) = 46
Inactive Doubly occupied orbitals up to     (NO1)    = 0
No. considered Strongly Doubly occupied MOs (NDOC)   = 1
No. considered Strongly Singly occupied MOs (NSOC)   = 1
NO. of Weakly occ. per St. Doubly occ.  MOs (NCWO)   = 1
Dimension of the Nat. Orb. subspace         (NBF5)   = 3
No. of electrons                                     = 3
    No. of alpha electrons                           = 2
    No. of beta electrons                            = 1
Multiplicity                                         = 2

Geometry
========
He       0.0000000       0.0000000      -0.5371019
He       0.0000000       0.0000000       0.5371019

No violations of the orthonormality
No violations of the orthonormality
 
PNOF9/ADABelief Calculation
==================
 
  Nitext  Nit_orb  Time   Nit_occ  Time         Eelec          Etot           Ediff      maxdiff    MaxGrad_orb  Grad_occ
     1      10    1.7e+01    3    2.0e+01    -6.91297419    -4.94248719 -10005.91297419   0.006721   2.7e-02   1.3e-05 0.01
     2      20    6.1e-03    1    1.8e-04    -6.91458938    -4.94410238    -0.00161519   0.000182   7.3e-04   1.9e-05 0.01
 
RESULTS OF THE OCCUPATION OPTIMIZATION
========================================
   1    1.9897155  -1.67275880
   2    1.0000000  -0.74484229
   3    0.0102845  -0.01013223
 
----------------
 Final Energies 
----------------
Final NOF Total Energy =      -4.9441024
 
Total Orbital Internal Iterations = 30
Total Occupation Internal Iterations = 4
 
Elapsed time:   47.92 Seconds

---------------------------------
   Lowdin Population Analysis    
---------------------------------
 Idx  Atom   Population   Charge 
---------------------------------
  1    He     1.500       0.500
  2    He     1.500       0.500

---------------------------------
   M Diagnostic: 0.01
---------------------------------

Recovering execution output...
Moving from /scratch/pobleyef/196108 to /home-nas/pobleyef/Poison-NOF/ncwo1/P30-5/GNOFmsta25/arina.196108
mkdir -p /home-nas/pobleyef/Poison-NOF/ncwo1/P30-5/GNOFmsta25/arina.196108
mv /scratch/pobleyef/196108/* /home-nas/pobleyef/Poison-NOF/ncwo1/P30-5/GNOFmsta25/arina.196108
