W4-11_113_n2o
/software/eb2024/easybuild/software/common/software/Julia/1.11.3-linux-x86_64/bin/julia
Job runing on na03
Choosing scratch ...
Automatic scratch folder selection
/scratch/pobleyef/196117
/scratch/pobleyef/196117 directory
cp W4-11_113_n2o.jl W4-11_113_n2o.jld2 to  /scratch/pobleyef/196117/.
Computing Integrals
Elapsed time:   10.13 Seconds

Number of basis functions                   (NBF)    = 171
Number of auxiliary basis functions         (NBFAUX) = 231
Inactive Doubly occupied orbitals up to     (NO1)    = 0
No. considered Strongly Doubly occupied MOs (NDOC)   = 11
No. considered Strongly Singly occupied MOs (NSOC)   = 0
NO. of Weakly occ. per St. Doubly occ.  MOs (NCWO)   = 1
Dimension of the Nat. Orb. subspace         (NBF5)   = 22
No. of electrons                                     = 22
    No. of alpha electrons                           = 11
    No. of beta electrons                            = 11
Multiplicity                                         = 1

Geometry
========
 N       0.0000000       0.0000000      -1.2014770
 N       0.0000000       0.0000000      -0.0723770
 O       0.0000000       0.0000000       1.1146230

No violations of the orthonormality
No violations of the orthonormality
 
PNOF9/ADABelief Calculation
==================
 
  Nitext  Nit_orb  Time   Nit_occ  Time         Eelec          Etot           Ediff      maxdiff    MaxGrad_orb  Grad_occ
     1      10    5.4e+01    8    2.0e+01  -244.92705618  -184.20212126 -10243.92705618   0.009577   3.8e-02   5.2e-05 0.05
     2      20    6.9e+01    0    1.5e-02  -244.94759986  -184.22266494    -0.02054367   0.009577   3.8e-02   5.2e-05 0.05
     3      40    1.2e+02   16    1.1e-02  -244.95326108  -184.22832616    -0.00566122   0.065721   2.6e-01   1.6e-04 0.05
     4      40    1.1e+02   10    9.8e-03  -244.96139095  -184.23645603    -0.00812987   0.002559   1.0e-02   1.5e-04 0.05
     5      40    1.1e+02    8    5.7e-03  -244.96582133  -184.24088641    -0.00443038   0.004365   1.7e-02   1.4e-04 0.05
     6      40    1.2e+02    4    1.9e-02  -244.96919491  -184.24425999    -0.00337358   0.004306   1.7e-02   1.9e-04 0.05
     7      40    1.1e+02    5    1.9e-02  -244.97172965  -184.24679473    -0.00253474   0.005049   2.0e-02   1.4e-04 0.05
     8      40    1.3e+02    4    8.2e-03  -244.97348140  -184.24854648    -0.00175175   0.004219   1.7e-02   1.6e-04 0.05
     9      40    1.3e+02    4    1.6e-02  -244.97477026  -184.24983534    -0.00128886   0.005122   2.0e-02   1.8e-04 0.05
    10      40    1.1e+02    4    1.5e-02  -244.97565747  -184.25072255    -0.00088721   0.004171   1.7e-02   7.5e-05 0.05
    11      40    1.1e+02    4    2.9e-02  -244.97632702  -184.25139210    -0.00066955   0.003998   1.6e-02   1.4e-04 0.05
    12      40    9.9e+01    2    7.6e-03  -244.97681565  -184.25188073    -0.00048864   0.003744   1.5e-02   2.5e-04 0.05
    13      40    1.3e+02    2    4.2e-03  -244.97713037  -184.25219545    -0.00031471   0.004207   1.7e-02   2.6e-04 0.05
    14      40    1.3e+02    2    2.1e-02  -244.97735837  -184.25242345    -0.00022800   0.003518   1.4e-02   2.3e-04 0.05
    15      40    1.3e+02    2    1.6e-02  -244.97746958  -184.25253466    -0.00011121   0.004392   1.8e-02   2.0e-04 0.05
    16      40    1.3e+02    2    3.5e-03  -244.97758383  -184.25264891    -0.00011425   0.004309   1.7e-02   1.9e-04 0.05
    17      40    1.3e+02    2    3.1e-03  -244.97763049  -184.25269557    -0.00004666   0.004366   1.7e-02   1.8e-04 0.05
    18      40    1.3e+02    2    1.7e-02  -244.97773291  -184.25279799    -0.00010242   0.004251   1.7e-02   2.1e-04 0.05
    19      40    1.3e+02    2    4.3e-03  -244.97775600  -184.25282108    -0.00002309   0.004209   1.7e-02   2.0e-04 0.05
    20      40    1.3e+02    3    2.9e-02  -244.97779082  -184.25285590    -0.00003481   0.004158   1.7e-02   1.3e-04 0.05
    21      40    1.3e+02    1    8.4e-03  -244.97780066  -184.25286574    -0.00000984   0.004974   2.0e-02   1.5e-04 0.05
    22      40    1.3e+02    1    4.1e-02  -244.97780697  -184.25287205    -0.00000631   0.004891   2.0e-02   1.6e-04 0.05
    23      40    1.2e+02    0    6.5e-02  -244.97780753  -184.25287261    -0.00000056   0.004891   2.0e-02   1.6e-04 0.05
    24      56    1.7e+02    0    5.7e-02  -244.97809359  -184.25315867    -0.00028607   0.000494   2.0e-03   1.9e-04 0.05
 
RESULTS OF THE OCCUPATION OPTIMIZATION
========================================
   1    1.9998333  -20.67041157
   2    1.9996538  -15.80459309
   3    1.9997678  -15.68124588
   4    1.9935396  -1.57278746
   5    1.9901802  -1.19524880
   6    1.9768534  -0.89455630
   7    1.9882214  -0.81968227
   8    1.9881636  -0.81767108
   9    1.9659742  -0.74845019
  10    1.9485783  -0.55250908
  11    1.9483915  -0.54882235
  12    0.0516085  -0.06304903
  13    0.0514217  -0.06298635
  14    0.0340258  -0.05281468
  15    0.0118364  -0.01904690
  16    0.0117786  -0.01900122
  17    0.0231466  -0.03516405
  18    0.0098198  -0.01923070
  19    0.0064604  -0.01381677
  20    0.0002322  -0.00628583
  21    0.0003462  -0.00876130
  22    0.0001667  -0.00609928
 
----------------
 Final Energies 
----------------
Final NOF Total Energy =    -184.2531587
 
Total Orbital Internal Iterations = 926
Total Occupation Internal Iterations = 88
 
Elapsed time: 3026.87 Seconds

---------------------------------
   Lowdin Population Analysis    
---------------------------------
 Idx  Atom   Population   Charge 
---------------------------------
  1     N     6.949       0.051
  2     N     7.145      -0.145
  3     O     7.906       0.094

---------------------------------
   M Diagnostic: 0.05
---------------------------------

Recovering execution output...
Moving from /scratch/pobleyef/196117 to /home-nas/pobleyef/Poison-NOF/ncwo1/P30-5/GNOFmsta25/arina.196117
mkdir -p /home-nas/pobleyef/Poison-NOF/ncwo1/P30-5/GNOFmsta25/arina.196117
mv /scratch/pobleyef/196117/* /home-nas/pobleyef/Poison-NOF/ncwo1/P30-5/GNOFmsta25/arina.196117
