W4-11_137_o3
/software/eb2024/easybuild/software/common/software/Julia/1.11.3-linux-x86_64/bin/julia
Job runing on na06
Choosing scratch ...
Automatic scratch folder selection
/scratch/pobleyef/196127
/scratch/pobleyef/196127 directory
cp W4-11_137_o3.jl W4-11_137_o3.jld2 to  /scratch/pobleyef/196127/.
Computing Integrals
Elapsed time:   10.53 Seconds

Number of basis functions                   (NBF)    = 171
Number of auxiliary basis functions         (NBFAUX) = 231
Inactive Doubly occupied orbitals up to     (NO1)    = 0
No. considered Strongly Doubly occupied MOs (NDOC)   = 12
No. considered Strongly Singly occupied MOs (NSOC)   = 0
NO. of Weakly occ. per St. Doubly occ.  MOs (NCWO)   = 1
Dimension of the Nat. Orb. subspace         (NBF5)   = 24
No. of electrons                                     = 24
    No. of alpha electrons                           = 12
    No. of beta electrons                            = 12
Multiplicity                                         = 1

Geometry
========
 O       0.0000000       0.0000000       0.4412240
 O       0.0000000       1.0825250      -0.2206120
 O       0.0000000      -1.0825250      -0.2206120

No violations of the orthonormality
No violations of the orthonormality
 
PNOF9/ADABelief Calculation
==================
 
  Nitext  Nit_orb  Time   Nit_occ  Time         Eelec          Etot           Ediff      maxdiff    MaxGrad_orb  Grad_occ
     1      10    6.1e+01    8    2.0e+01  -293.91644945  -224.88956085 -10292.91644945   0.010012   4.0e-02   2.2e-04 0.06
     2      20    8.0e+01    0    4.5e-03  -293.93841825  -224.91152965    -0.02196880   0.010012   4.0e-02   2.2e-04 0.06
     3      40    1.8e+02   19    3.8e-02  -293.94575118  -224.91886258    -0.00733293   0.078992   3.2e-01   1.8e-04 0.06
     4      40    2.1e+02   11    6.9e-03  -293.95341701  -224.92652840    -0.00766582   0.003446   1.4e-02   8.8e-05 0.06
     5      40    1.9e+02    8    4.9e-03  -293.95795343  -224.93106483    -0.00453642   0.003635   1.5e-02   6.6e-05 0.06
     6      40    2.1e+02    6    4.6e-03  -293.96117465  -224.93428605    -0.00322122   0.003648   1.5e-02   8.0e-05 0.06
     7      40    2.0e+02    4    1.7e-02  -293.96327525  -224.93638665    -0.00210060   0.005345   2.1e-02   2.2e-04 0.06
     8      40    1.8e+02    4    4.1e-03  -293.96471347  -224.93782486    -0.00143821   0.003986   1.6e-02   2.2e-04 0.06
     9      40    1.9e+02    4    4.4e-03  -293.96553053  -224.93864193    -0.00081707   0.003644   1.5e-02   1.7e-04 0.06
    10      40    1.9e+02    4    4.1e-03  -293.96601578  -224.93912717    -0.00048524   0.003413   1.4e-02   1.4e-04 0.06
    11      40    2.1e+02    4    4.1e-03  -293.96628668  -224.93939807    -0.00027090   0.003485   1.4e-02   1.0e-04 0.06
    12      40    2.0e+02    2    5.4e-03  -293.96647921  -224.93959060    -0.00019253   0.005424   2.2e-02   1.7e-04 0.06
    13      40    1.9e+02    4    4.6e-03  -293.96655167  -224.93966307    -0.00007247   0.003384   1.4e-02   7.2e-05 0.06
    14      40    2.1e+02    2    7.0e-03  -293.96660416  -224.93971556    -0.00005249   0.003609   1.4e-02   1.3e-04 0.06
    15      40    2.1e+02    2    1.6e-02  -293.96664206  -224.93975346    -0.00003790   0.003660   1.5e-02   1.4e-04 0.06
    16      40    2.0e+02    2    3.5e-03  -293.96666485  -224.93977624    -0.00002279   0.003546   1.4e-02   1.6e-04 0.06
    17      40    1.9e+02    2    3.7e-03  -293.96667400  -224.93978540    -0.00000915   0.003442   1.4e-02   1.7e-04 0.06
    18      40    2.0e+02    0    3.9e-03  -293.96667541  -224.93978680    -0.00000140   0.003442   1.4e-02   1.7e-04 0.06
Recovering execution output...
Moving from /scratch/pobleyef/196127 to /home-nas/pobleyef/Poison-NOF/ncwo1/P30-5/GNOFmsta25/arina.196127
mkdir -p /home-nas/pobleyef/Poison-NOF/ncwo1/P30-5/GNOFmsta25/arina.196127
mv /scratch/pobleyef/196127/* /home-nas/pobleyef/Poison-NOF/ncwo1/P30-5/GNOFmsta25/arina.196127
