W4-11_104_hnnn
/software/eb2024/easybuild/software/common/software/Julia/1.11.3-linux-x86_64/bin/julia
Job runing on na11
Choosing scratch ...
Automatic scratch folder selection
/scratch/pobleyef/196114
/scratch/pobleyef/196114 directory
cp W4-11_104_hnnn.jl W4-11_104_hnnn.jld2 to  /scratch/pobleyef/196114/.
Computing Integrals
Elapsed time:    9.87 Seconds

Number of basis functions                   (NBF)    = 201
Number of auxiliary basis functions         (NBFAUX) = 249
Inactive Doubly occupied orbitals up to     (NO1)    = 0
No. considered Strongly Doubly occupied MOs (NDOC)   = 11
No. considered Strongly Singly occupied MOs (NSOC)   = 0
NO. of Weakly occ. per St. Doubly occ.  MOs (NCWO)   = 1
Dimension of the Nat. Orb. subspace         (NBF5)   = 22
No. of electrons                                     = 22
    No. of alpha electrons                           = 11
    No. of beta electrons                            = 11
Multiplicity                                         = 1

Geometry
========
 H       1.0789720      -1.3818100       0.0000000
 N       0.0937700      -1.1298800       0.0000000
 N       0.0000000       0.1110980       0.0000000
 N      -0.2479090       1.2161830       0.0000000

No violations of the orthonormality
No violations of the orthonormality
 
PNOF9/ADABelief Calculation
==================
 
  Nitext  Nit_orb  Time   Nit_occ  Time         Eelec          Etot           Ediff      maxdiff    MaxGrad_orb  Grad_occ
     1      10    6.2e+01    7    2.0e+01  -225.92994426  -164.33948886 -10224.92994426   0.011842   4.7e-02   1.7e-04 0.05
     2      20    9.9e+01   12    2.3e-02  -225.95673302  -164.36627761    -0.02678876   0.047197   1.9e-01   2.0e-04 0.05
     3      20    9.6e+01   10    5.0e-02  -225.96556262  -164.37510722    -0.00882960   0.022112   8.8e-02   1.8e-04 0.05
     4      20    9.0e+01    0    7.6e-02  -225.96706654  -164.37661114    -0.00150392   0.022112   8.8e-02   1.8e-04 0.05
     5      40    1.6e+02    8    4.0e-02  -225.97238054  -164.38192513    -0.00531400   0.002143   8.6e-03   1.3e-04 0.05
     6      40    1.5e+02    5    5.5e-03  -225.97437110  -164.38391570    -0.00199056   0.004910   2.0e-02   2.3e-04 0.05
     7      40    1.5e+02    5    3.1e-02  -225.97559651  -164.38514111    -0.00122541   0.004679   1.9e-02   1.4e-04 0.05
     8      40    1.6e+02    4    8.7e-03  -225.97628679  -164.38583139    -0.00069028   0.004254   1.7e-02   1.2e-04 0.05
     9      40    1.5e+02    4    5.9e-02  -225.97667005  -164.38621465    -0.00038326   0.004949   2.0e-02   1.2e-04 0.05
    10      40    1.5e+02    4    3.2e-02  -225.97690892  -164.38645351    -0.00023886   0.004260   1.7e-02   1.4e-04 0.05
    11      40    1.5e+02    4    3.8e-02  -225.97706349  -164.38660809    -0.00015457   0.004405   1.8e-02   8.4e-05 0.05
    12      40    1.6e+02    2    6.8e-02  -225.97715777  -164.38670237    -0.00009428   0.004319   1.7e-02   1.8e-04 0.05
    13      40    1.8e+02    2    7.1e-02  -225.97722497  -164.38676957    -0.00006720   0.004114   1.6e-02   1.9e-04 0.05
    14      40    1.7e+02    2    1.8e-01  -225.97725878  -164.38680337    -0.00003380   0.004318   1.7e-02   1.8e-04 0.05
    15      40    1.8e+02    2    2.4e-02  -225.97729030  -164.38683490    -0.00003153   0.003999   1.6e-02   1.5e-04 0.05
    16      40    1.8e+02    1    1.5e-02  -225.97730168  -164.38684628    -0.00001138   0.004068   1.6e-02   1.6e-04 0.05
    17      40    1.7e+02    1    6.6e-02  -225.97731317  -164.38685777    -0.00001149   0.004008   1.6e-02   2.0e-04 0.05
    18      40    1.7e+02    0    1.3e-02  -225.97731355  -164.38685815    -0.00000038   0.004008   1.6e-02   2.0e-04 0.05
    19      39    1.7e+02    1    5.8e-03  -225.97751098  -164.38705558    -0.00019743   0.000493   2.0e-03   2.0e-04 0.05
 
RESULTS OF THE OCCUPATION OPTIMIZATION
========================================
   1    1.9997101  -15.76534025
   2    1.9998025  -15.66409124
   3    1.9997638  -15.61620275
   4    1.9923562  -1.27724173
   5    1.9912695  -1.19697577
   6    1.9765066  -0.93415533
   7    1.9681082  -0.78319319
   8    1.9725809  -0.74185085
   9    1.9861696  -0.69132485
  10    1.9486599  -0.60090993
  11    1.9475500  -0.43462661
  12    0.0524500  -0.05998488
  13    0.0513401  -0.05948672
  14    0.0138304  -0.01660873
  15    0.0274191  -0.03029507
  16    0.0318918  -0.04487587
  17    0.0234934  -0.03647854
  18    0.0087305  -0.01782984
  19    0.0076438  -0.01546334
  20    0.0002362  -0.00639707
  21    0.0001975  -0.00551555
  22    0.0002899  -0.00758040
 
----------------
 Final Energies 
----------------
Final NOF Total Energy =    -164.3870556
 
Total Orbital Internal Iterations = 669
Total Occupation Internal Iterations = 74
 
Elapsed time: 2915.76 Seconds

---------------------------------
   Lowdin Population Analysis    
---------------------------------
 Idx  Atom   Population   Charge 
---------------------------------
  1     H     1.255      -0.255
  2     N     6.823       0.177
  3     N     6.982       0.018
  4     N     6.940       0.060

---------------------------------
   M Diagnostic: 0.05
---------------------------------

Recovering execution output...
Moving from /scratch/pobleyef/196114 to /home-nas/pobleyef/Poison-NOF/ncwo1/P30-5/GNOFmsta25/arina.196114
mkdir -p /home-nas/pobleyef/Poison-NOF/ncwo1/P30-5/GNOFmsta25/arina.196114
mv /scratch/pobleyef/196114/* /home-nas/pobleyef/Poison-NOF/ncwo1/P30-5/GNOFmsta25/arina.196114
