W4-11_135_cloo
/software/eb2024/easybuild/software/common/software/Julia/1.11.3-linux-x86_64/bin/julia
Job runing on nagpu01
Choosing scratch ...
Automatic scratch folder selection
/scratch/pobleyef/197764
/scratch/pobleyef/197764 directory
cp W4-11_135_cloo.jl W4-11_135_cloo.jld2 to  /scratch/pobleyef/197764/.
Computing Integrals
Elapsed time:    5.98 Seconds

Number of basis functions                   (NBF)    = 184
Number of auxiliary basis functions         (NBFAUX) = 282
Inactive Doubly occupied orbitals up to     (NO1)    = 0
No. considered Strongly Doubly occupied MOs (NDOC)   = 16
No. considered Strongly Singly occupied MOs (NSOC)   = 1
NO. of Weakly occ. per St. Doubly occ.  MOs (NCWO)   = 1
Dimension of the Nat. Orb. subspace         (NBF5)   = 33
No. of electrons                                     = 33
    No. of alpha electrons                           = 17
    No. of beta electrons                            = 16
Multiplicity                                         = 2

Geometry
========
Cl      -0.5609740      -0.9946370       0.0000000
 O       0.0000000       0.9587120       0.0000000
 O       1.1920690       1.1548920       0.0000000

No violations of the orthonormality
No violations of the orthonormality
 
PNOF9/ADABelief Calculation
==================
 
  Nitext  Nit_orb  Time   Nit_occ  Time         Eelec          Etot           Ediff      maxdiff    MaxGrad_orb  Grad_occ
     1      10    2.6e+01    0    2.0e+01  -699.14243905  -609.75087073 -10698.14243905   0.012141   4.9e-02   1.3e-04 0.06
     2      30    3.0e+01    0    5.5e-02  -699.14243905  -609.75087073     0.00000000   0.012141   4.9e-02   1.3e-04 0.06
     3      50    4.2e+01    3    4.9e-02  -699.14314932  -609.75158100    -0.00071027   0.009544   3.8e-02   1.8e-04 0.06
     4      50    4.2e+01    4    3.6e-02  -699.14325888  -609.75169056    -0.00010956   0.010572   4.2e-02   4.5e-05 0.06
     5      50    4.2e+01    3    1.7e-02  -699.14350614  -609.75193782    -0.00024726   0.010823   4.3e-02   8.9e-05 0.06
     6      50    4.2e+01    4    1.7e-01  -699.14360893  -609.75204061    -0.00010279   0.011172   4.5e-02   4.2e-05 0.06
     7      50    4.6e+01    3    1.6e-02  -699.14370549  -609.75213717    -0.00009656   0.010591   4.2e-02   9.5e-05 0.06
     8      50    3.9e+01    2    5.0e-02  -699.14373561  -609.75216728    -0.00003012   0.010315   4.1e-02   1.4e-04 0.06
     9      50    3.8e+01    2    1.4e-02  -699.14376151  -609.75219319    -0.00002590   0.010875   4.3e-02   1.1e-04 0.06
    10      50    3.8e+01    2    6.2e-02  -699.14378091  -609.75221259    -0.00001940   0.010540   4.2e-02   8.4e-05 0.06
    11      50    3.7e+01    1    1.0e-02  -699.14378237  -609.75221404    -0.00000145   0.010609   4.2e-02   1.7e-04 0.06
    12      50    3.9e+01    2    9.7e-03  -699.14381595  -609.75224762    -0.00003358   0.010722   4.3e-02   1.3e-04 0.06
    13      50    3.8e+01    0    2.1e-02  -699.14381694  -609.75224862    -0.00000100   0.010722   4.3e-02   1.3e-04 0.06
    14      70    5.8e+01    0    1.2e-01  -699.14454416  -609.75297583    -0.00072721   0.001094   4.4e-03   2.0e-04 0.06
    15      80    6.5e+01    0    2.5e-02  -699.14454416  -609.75297583     0.00000000   0.001094   4.4e-03   2.0e-04 0.06
    16      82    6.1e+01    0    1.7e-01  -699.14455421  -609.75298588    -0.00001005   0.000493   2.0e-03   2.2e-04 0.06
 
RESULTS OF THE OCCUPATION OPTIMIZATION
========================================
   1    1.9999687  -104.91437023
   2    1.9997200  -20.78710480
   3    1.9997554  -20.75394954
   4    1.9993462  -10.56085513
   5    1.9988024  -8.10283147
   6    1.9991894  -8.06806271
   7    1.9990937  -8.06625305
   8    1.9944263  -1.56829305
   9    1.9922773  -1.14986881
  10    1.9881405  -1.13792508
  11    1.9562315  -0.83505702
  12    1.9855876  -0.78448039
  13    1.9794702  -0.72983123
  14    1.9768539  -0.50533961
  15    1.9767766  -0.50459912
  16    1.9426584  -0.49611643
  17    1.0000000  -0.30811939
  18    0.0573416  -0.08063501
  19    0.0232234  -0.02413378
  20    0.0231461  -0.02411448
  21    0.0205298  -0.02256933
  22    0.0144124  -0.02268992
  23    0.0437685  -0.06431790
  24    0.0118595  -0.02330717
  25    0.0077227  -0.02686108
  26    0.0055737  -0.01920631
  27    0.0009063  -0.01709496
  28    0.0008106  -0.01619296
  29    0.0011976  -0.01676335
  30    0.0006538  -0.01487509
  31    0.0002446  -0.00849326
  32    0.0002800  -0.00869522
  33    0.0000313  -0.00595798
 
----------------
 Final Energies 
----------------
Final NOF Total Energy =    -609.7529859
 
Total Orbital Internal Iterations = 822
Total Occupation Internal Iterations = 26
 
Elapsed time:  747.35 Seconds

---------------------------------
   Lowdin Population Analysis    
---------------------------------
 Idx  Atom   Population   Charge 
---------------------------------
  1    Cl    17.018      -0.018
  2     O     8.046      -0.046
  3     O     7.936       0.064

---------------------------------
   M Diagnostic: 0.06
---------------------------------

Recovering execution output...
Moving from /scratch/pobleyef/197764 to /home-nas/pobleyef/Poison-NOF/ncwo1/P30-5/GNOFmsta25/arina.197764
mkdir -p /home-nas/pobleyef/Poison-NOF/ncwo1/P30-5/GNOFmsta25/arina.197764
mv /scratch/pobleyef/197764/* /home-nas/pobleyef/Poison-NOF/ncwo1/P30-5/GNOFmsta25/arina.197764
