W4-11_116_p4
/software/eb2024/easybuild/software/common/software/Julia/1.11.3-linux-x86_64/bin/julia
Job runing on na02
Choosing scratch ...
Automatic scratch folder selection
/scratch/pobleyef/197766
/scratch/pobleyef/197766 directory
cp W4-11_116_p4.jl W4-11_116_p4.jld2 to  /scratch/pobleyef/197766/.
Computing Integrals
Elapsed time:    7.59 Seconds

Number of basis functions                   (NBF)    = 280
Number of auxiliary basis functions         (NBFAUX) = 512
Inactive Doubly occupied orbitals up to     (NO1)    = 0
No. considered Strongly Doubly occupied MOs (NDOC)   = 30
No. considered Strongly Singly occupied MOs (NSOC)   = 0
NO. of Weakly occ. per St. Doubly occ.  MOs (NCWO)   = 1
Dimension of the Nat. Orb. subspace         (NBF5)   = 60
No. of electrons                                     = 60
    No. of alpha electrons                           = 30
    No. of beta electrons                            = 30
Multiplicity                                         = 1

Geometry
========
 P       0.7773750       0.7773750       0.7773750
 P      -0.7773750      -0.7773750       0.7773750
 P      -0.7773750       0.7773750      -0.7773750
 P       0.7773750      -0.7773750      -0.7773750

No violations of the orthonormality
No violations of the orthonormality
 
PNOF9/ADABelief Calculation
==================
 
  Nitext  Nit_orb  Time   Nit_occ  Time         Eelec          Etot           Ediff      maxdiff    MaxGrad_orb  Grad_occ
     1      10    3.5e+01    0    2.0e+01 -1689.07286766 -1364.16633199 -11688.07286766   0.011154   4.5e-02   2.0e-04 0.04
     2      30    5.5e+01    0    1.8e-02 -1689.07286766 -1364.16633199     0.00000000   0.011154   4.5e-02   2.0e-04 0.04
     3      50    9.2e+01    7    5.1e-02 -1689.07816552 -1364.17162984    -0.00529786   0.007142   2.9e-02   1.0e-04 0.04
     4      50    9.2e+01    6    5.3e-02 -1689.08137942 -1364.17484374    -0.00321390   0.008289   3.3e-02   2.7e-04 0.04
     5      50    9.5e+01    6    2.5e-02 -1689.08340843 -1364.17687276    -0.00202902   0.009669   3.9e-02   1.6e-04 0.04
     6      50    9.4e+01    5    2.2e-02 -1689.08448688 -1364.17795121    -0.00107845   0.008897   3.6e-02   2.6e-04 0.04
     7      50    9.3e+01    4    6.0e-02 -1689.08517306 -1364.17863738    -0.00068617   0.008697   3.5e-02   2.3e-04 0.04
     8      50    8.8e+01    3    4.5e-02 -1689.08564271 -1364.17910704    -0.00046965   0.008417   3.4e-02   2.4e-04 0.04
     9      50    8.8e+01    4    4.9e-02 -1689.08594605 -1364.17941037    -0.00030334   0.008059   3.2e-02   1.3e-04 0.04
    10      50    8.9e+01    3    2.0e-02 -1689.08615884 -1364.17962316    -0.00021279   0.009301   3.7e-02   1.7e-04 0.04
    11      50    8.6e+01    3    6.1e-02 -1689.08629463 -1364.17975895    -0.00013579   0.008337   3.3e-02   1.6e-04 0.04
    12      50    8.8e+01    3    6.2e-02 -1689.08642002 -1364.17988434    -0.00012539   0.009407   3.8e-02   1.7e-04 0.04
    13      50    9.1e+01    3    2.6e-02 -1689.08648708 -1364.17995141    -0.00006706   0.008715   3.5e-02   1.4e-04 0.04
    14      50    8.9e+01    2    2.0e-02 -1689.08655226 -1364.18001658    -0.00006518   0.009034   3.6e-02   3.0e-04 0.04
    15      50    9.0e+01    3    5.4e-02 -1689.08659283 -1364.18005716    -0.00004058   0.008657   3.5e-02   1.2e-04 0.04
    16      50    8.8e+01    2    4.0e-02 -1689.08664037 -1364.18010470    -0.00004754   0.007589   3.0e-02   2.5e-04 0.04
    17      50    8.8e+01    3    5.6e-02 -1689.08666996 -1364.18013429    -0.00002959   0.017945   7.2e-02   9.9e-05 0.04
    18      50    8.7e+01    1    3.8e-02 -1689.08671040 -1364.18017473    -0.00004044   0.008555   3.4e-02   2.5e-04 0.04
    19      50    8.7e+01    0    4.0e-02 -1689.08671226 -1364.18017658    -0.00000186   0.008555   3.4e-02   2.5e-04 0.04
    20      70    1.2e+02    1    3.9e-02 -1689.08805517 -1364.18151949    -0.00134291   0.000779   3.1e-03   2.7e-04 0.04
 
RESULTS OF THE OCCUPATION OPTIMIZATION
========================================
   1    1.9999647  -80.01576698
   2    1.9999689  -80.01567328
   3    1.9999644  -80.01560369
   4    1.9999687  -80.01546027
   5    1.9990445  -7.50303323
   6    1.9989983  -7.50102829
   7    1.9990162  -7.50072443
   8    1.9990111  -7.49844576
   9    1.9981436  -5.42072715
  10    1.9982187  -5.41969129
  11    1.9982125  -5.41749851
  12    1.9982046  -5.41567322
  13    1.9981618  -5.41395059
  14    1.9981749  -5.41293133
  15    1.9981558  -5.41170364
  16    1.9981615  -5.41125569
  17    1.9981631  -5.41104702
  18    1.9981585  -5.41059001
  19    1.9981671  -5.41030780
  20    1.9981688  -5.40985225
  21    1.9908740  -0.80720426
  22    1.9906336  -0.79857065
  23    1.9897637  -0.78425797
  24    1.9894150  -0.77909935
  25    1.9580259  -0.41194346
  26    1.9581039  -0.41160367
  27    1.9580316  -0.41155907
  28    1.9581086  -0.41149951
  29    1.9581522  -0.41091956
  30    1.9581645  -0.41091577
  31    0.0418355  -0.04502269
  32    0.0418478  -0.04502883
  33    0.0418914  -0.04506211
  34    0.0419684  -0.04508159
  35    0.0418961  -0.04506416
  36    0.0419741  -0.04509117
  37    0.0105850  -0.02701884
  38    0.0102363  -0.02708844
  39    0.0093664  -0.02707318
  40    0.0091260  -0.02706855
  41    0.0018312  -0.01874501
  42    0.0018329  -0.01875687
  43    0.0018415  -0.01882580
  44    0.0018369  -0.01880111
  45    0.0018385  -0.01880042
  46    0.0018442  -0.01884056
  47    0.0018251  -0.01863181
  48    0.0018382  -0.01877196
  49    0.0017954  -0.01841480
  50    0.0017875  -0.01839450
  51    0.0017813  -0.01839247
  52    0.0018564  -0.01882628
  53    0.0009889  -0.01426902
  54    0.0009838  -0.01519101
  55    0.0010017  -0.01431916
  56    0.0009555  -0.01485332
  57    0.0000313  -0.00487632
  58    0.0000356  -0.00532918
  59    0.0000311  -0.00487675
  60    0.0000353  -0.00532106
 
----------------
 Final Energies 
----------------
Final NOF Total Energy =   -1364.1815195
 
Total Orbital Internal Iterations = 960
Total Occupation Internal Iterations = 59
 
Elapsed time: 1801.13 Seconds

---------------------------------
   Lowdin Population Analysis    
---------------------------------
 Idx  Atom   Population   Charge 
---------------------------------
  1     P    15.000       0.000
  2     P    15.000      -0.000
  3     P    15.000      -0.000
  4     P    15.000      -0.000

---------------------------------
   M Diagnostic: 0.04
---------------------------------

Recovering execution output...
Moving from /scratch/pobleyef/197766 to /home-nas/pobleyef/Poison-NOF/ncwo1/P30-5/GNOFmsta25/arina.197766
mkdir -p /home-nas/pobleyef/Poison-NOF/ncwo1/P30-5/GNOFmsta25/arina.197766
mv /scratch/pobleyef/197766/* /home-nas/pobleyef/Poison-NOF/ncwo1/P30-5/GNOFmsta25/arina.197766
