ALKBDE10-cao
/software/eb2024/easybuild/software/common/software/Julia/1.11.3-linux-x86_64/bin/julia
Job runing on na14
Choosing scratch ...
Automatic scratch folder selection
/scratch/pobleyef/284106
/scratch/pobleyef/284106 directory
cp ALKBDE10-cao.jl ALKBDE10-cao.jld2 to  /scratch/pobleyef/284106/.
Computing Integrals
Basis Set                                            = def2-qzvp
Auxiliary Basis Set                                  = def2-universal-jkfit
Gaussian Type                                        = Spherical
Elapsed time:    8.03 Seconds

Number of basis functions                   (NBF)    = 113
Number of auxiliary basis functions         (NBFAUX) = 237
Inactive Doubly occupied orbitals up to     (NO1)    = 0
No. considered Strongly Doubly occupied MOs (NDOC)   = 14
No. considered Strongly Singly occupied MOs (NSOC)   = 0
NO. of Weakly occ. per St. Doubly occ.  MOs (NCWO)   = 7
Dimension of the Nat. Orb. subspace         (NBF5)   = 112
No. of electrons                                     = 28
    No. of alpha electrons                           = 14
    No. of beta electrons                            = 14
Multiplicity                                         = 1

Geometry
========
Ca       0.0000000       0.0000000      -0.8987290
 O       0.0000000       0.0000000       0.8987290

No violations of the orthonormality
No violations of the orthonormality
 
PNOF5/ADABelief Calculation
==================
 
  Nitext  Nit_orb  Time   Nit_occ  Time         Eelec          Etot           Ediff      maxdiff    MaxGrad_orb  Grad_occ
     1      10    2.7e+01   51    2.1e+01  -798.81390158  -751.70950186 -10797.81390158   0.005481   2.2e-02   2.1e-04 0.70
     2      20    2.5e+01    8    8.9e-02  -798.85523846  -751.75083874    -0.04133687   0.016436   6.6e-02   2.2e-04 0.67
     3      20    2.4e+01    5    7.0e-02  -798.85652826  -751.75212854    -0.00128980   0.013565   5.4e-02   2.5e-04 0.63
     4      20    2.5e+01    7    7.8e-02  -798.85684232  -751.75244260    -0.00031406   0.014081   5.6e-02   2.6e-04 0.62
     5      20    2.3e+01    9    9.2e-02  -798.85710701  -751.75270729    -0.00026470   0.016417   6.6e-02   1.2e-04 0.61
     6      20    2.7e+01    0    1.2e-02  -798.85716439  -751.75276467    -0.00005738   0.016417   6.6e-02   1.2e-04 0.61
     7      40    4.8e+01    1    1.5e-02  -798.85816363  -751.75376391    -0.00099923   0.000905   3.6e-03   1.8e-04 0.60
 
RESULTS OF THE OCCUPATION OPTIMIZATION
========================================
   1    1.9999618  -130.07204651
   2    1.9999995  -35.54159679
   3    1.9997760  -20.51885748
   4    1.9999994  -13.54143303
   5    1.9999990  -13.53958841
   6    1.9999983  -13.51406007
   7    1.9998583  -2.67467745
   8    1.9907756  -1.38069637
   9    1.9904585  -1.33859436
  10    1.9924191  -1.33183960
  11    1.9877735  -0.74155783
  12    1.9875445  -0.73526798
  13    1.9875088  -0.73503974
  14    1.3987557  -0.25415185
  15    0.6012351  -0.13813750
  16    0.0100109  -0.01080471
  17    0.0099942  -0.01079526
  18    0.0098176  -0.01072131
  19    0.0066263  -0.00847901
  20    0.0043548  -0.00561267
  21    0.0053766  -0.00740423
  22    0.0001293  -0.00043298
  23    0.0000012  -0.00002103
  24    0.0000005  -0.00000488
  25    0.0000003  -0.00000027
  26    0.0001858  -0.00681700
  27    0.0000003  -0.00001229
  28    0.0000372  -0.00855286
  29    0.0000030  -0.00000798
  30    0.0010023  -0.00173633
  31    0.0009954  -0.00173268
  32    0.0009834  -0.00172234
  33    0.0007296  -0.00117273
  34    0.0043387  -0.00577437
  35    0.0036026  -0.00494523
  36    0.0000049  -0.00001119
  37    0.0000001  -0.00000005
  38    0.0000001  -0.00000001
  39    0.0000001  0.00000008
  40    0.0000248  -0.00059787
  41    0.0000000  0.00000019
  42    0.0000009  -0.00024273
  43    0.0000021  -0.00000465
  44    0.0008168  -0.00144049
  45    0.0008072  -0.00143438
  46    0.0007727  -0.00140518
  47    0.0001157  -0.00030176
  48    0.0006210  -0.00101597
  49    0.0001927  -0.00042793
  50    0.0000029  -0.00000304
  51    0.0000001  0.00000001
  52    0.0000001  0.00000001
  53    0.0000001  0.00000012
  54    0.0000057  -0.00013128
  55    0.0000000  0.00000016
  56    0.0000000  0.00000014
  57    0.0000019  -0.00000389
  58    0.0004376  -0.00093887
  59    0.0004494  -0.00095166
  60    0.0004351  -0.00093902
  61    0.0000602  -0.00010870
  62    0.0001787  -0.00040504
  63    0.0000199  -0.00005010
  64    0.0000023  -0.00000590
  65    0.0000001  0.00000002
  66    0.0000001  0.00000009
  67    0.0000001  0.00000012
  68    0.0000043  -0.00010633
  69    0.0000000  0.00000016
  70    0.0000000  0.00000012
  71    0.0000016  -0.00000171
  72    0.0000858  -0.00024274
  73    0.0000826  -0.00024006
  74    0.0000873  -0.00024626
  75    0.0000382  -0.00007852
  76    0.0000185  -0.00003246
  77    0.0000126  -0.00002548
  78    0.0000016  -0.00000118
  79    0.0000001  0.00000006
  80    0.0000001  0.00000009
  81    0.0000001  0.00000024
  82    0.0000028  -0.00018795
  83    0.0000000  0.00000014
  84    0.0000000  0.00000011
  85    0.0000004  -0.00000125
  86    0.0000719  -0.00020441
  87    0.0000635  -0.00018744
  88    0.0000731  -0.00021261
  89    0.0000097  -0.00001919
  90    0.0000157  -0.00002703
  91    0.0000107  -0.00002617
  92    0.0000006  -0.00000023
  93    0.0000001  0.00000021
  94    0.0000001  0.00000010
  95    0.0000001  0.00000021
  96    0.0000005  -0.00000709
  97    0.0000000  0.00000016
  98    0.0000000  0.00000011
  99    0.0000003  -0.00000127
 100    0.0000658  -0.00019139
 101    0.0000632  -0.00018444
 102    0.0000573  -0.00017836
 103    0.0000012  -0.00000105
 104    0.0000141  -0.00002638
 105    0.0000093  -0.00002328
 106    0.0000002  -0.00000004
 107    0.0000001  0.00000018
 108    0.0000001  0.00000025
 109    0.0000000  0.00000017
 110    0.0000001  -0.00001103
 111    0.0000000  0.00000012
 112    0.0000000  0.00000006
 
----------------
 Final Energies 
----------------
Final NOF Total Energy =    -751.7537639
 
Total Orbital Internal Iterations = 150
Total Occupation Internal Iterations = 81
 
Elapsed time:  232.82 Seconds

---------------------------------
   Lowdin Population Analysis    
---------------------------------
 Idx  Atom   Population   Charge 
---------------------------------
  1    Ca    19.655       0.345
  2     O     8.345      -0.345

---------------------------------
   M Diagnostic: 0.60
---------------------------------

Recovering execution output...
Moving from /scratch/pobleyef/284106 to /home-nas/pobleyef/Poison-NOF/ncwomax/P30-5/PNOF5/arina.284106
mkdir -p /home-nas/pobleyef/Poison-NOF/ncwomax/P30-5/PNOF5/arina.284106
mv /scratch/pobleyef/284106/* /home-nas/pobleyef/Poison-NOF/ncwomax/P30-5/PNOF5/arina.284106
