ALKBDE10_3_ca
/software/eb2024/easybuild/software/common/software/Julia/1.11.3-linux-x86_64/bin/julia
Job runing on nh044
Choosing scratch ...
Automatic scratch folder selection
/scratch/pobleyef/211347
/scratch/pobleyef/211347 directory
cp ALKBDE10_3_ca.jl ALKBDE10_3_ca.jld2 to  /scratch/pobleyef/211347/.
Computing Integrals
Basis Set                                            = def2-qzvp
Auxiliary Basis Set                                  = def2-universal-jkfit
Gaussian Type                                        = Spherical
Elapsed time:    3.59 Seconds

Number of basis functions                   (NBF)    = 56
Number of auxiliary basis functions         (NBFAUX) = 160
Inactive Doubly occupied orbitals up to     (NO1)    = 0
No. considered Strongly Doubly occupied MOs (NDOC)   = 10
No. considered Strongly Singly occupied MOs (NSOC)   = 0
NO. of Weakly occ. per St. Doubly occ.  MOs (NCWO)   = 4
Dimension of the Nat. Orb. subspace         (NBF5)   = 50
No. of electrons                                     = 20
    No. of alpha electrons                           = 10
    No. of beta electrons                            = 10
Multiplicity                                         = 1

Geometry
========
Ca       0.0000000       0.0000000       0.0000000

No violations of the orthonormality
No violations of the orthonormality
 
PNOF5/ADABelief Calculation
==================
 
  Nitext  Nit_orb  Time   Nit_occ  Time         Eelec          Etot           Ediff      maxdiff    MaxGrad_orb  Grad_occ
     1      10    2.8e+01    0    3.4e+01  -676.79850210  -676.79850210 -10675.79850210   0.000492   2.0e-03   2.0e-04 0.01
 
RESULTS OF THE OCCUPATION OPTIMIZATION
========================================
   1    1.9999654  -133.45081725
   2    1.9999955  -21.85485108
   3    1.9999951  -20.40775388
   4    1.9999923  -17.32048851
   5    1.9999954  -13.70745362
   6    1.9996197  -2.02444879
   7    1.9943039  -1.28384325
   8    1.9942117  -1.27617463
   9    1.9939285  -1.10706248
  10    1.9940269  -1.09947143
  11    0.0059696  -0.00637091
  12    0.0060708  -0.00648275
  13    0.0057876  -0.00706964
  14    0.0056952  -0.00704605
  15    0.0003731  -0.00075113
  16    0.0000034  -0.00008465
  17    0.0000061  -0.00015153
  18    0.0000038  -0.00012613
  19    0.0000034  -0.00012402
  20    0.0000345  -0.00843009
  21    0.0000021  -0.00001393
  22    0.0000004  -0.00000320
  23    0.0000005  -0.00000272
  24    0.0000008  -0.00000351
  25    0.0000036  -0.00001192
  26    0.0000005  -0.00000019
  27    0.0000006  -0.00000169
  28    0.0000004  -0.00000027
  29    0.0000004  -0.00000022
  30    0.0000000  -0.00000207
  31    0.0000011  -0.00000421
  32    0.0000002  -0.00000029
  33    0.0000002  -0.00000067
  34    0.0000001  -0.00000246
  35    0.0000020  -0.00000412
  36    0.0000003  -0.00000023
  37    0.0000005  0.00000011
  38    0.0000004  0.00000005
  39    0.0000004  0.00000003
  40    0.0000000  -0.00000019
  41    0.0000002  -0.00000159
  42    0.0000001  -0.00000260
  43    0.0000000  -0.00000041
  44    0.0000000  -0.00000014
  45    0.0000016  -0.00000386
  46    0.0000003  -0.00000136
  47    0.0000005  0.00000004
  48    0.0000003  -0.00000019
  49    0.0000003  -0.00000141
  50    0.0000000  -0.00000004
 
----------------
 Final Energies 
----------------
Final NOF Total Energy =    -676.7985021
 
Total Orbital Internal Iterations = 10
Total Occupation Internal Iterations = 0
 
Elapsed time:   80.58 Seconds

---------------------------------
   Lowdin Population Analysis    
---------------------------------
 Idx  Atom   Population   Charge 
---------------------------------
  1    Ca    20.000       0.000

---------------------------------
   M Diagnostic: 0.01
---------------------------------

Recovering execution output...
Moving from /scratch/pobleyef/211347 to /home-nas/pobleyef/Poison-NOF/ncwomax/P30-5/PNOF5/arina.211347
mkdir -p /home-nas/pobleyef/Poison-NOF/ncwomax/P30-5/PNOF5/arina.211347
mv /scratch/pobleyef/211347/* /home-nas/pobleyef/Poison-NOF/ncwomax/P30-5/PNOF5/arina.211347
