b
/software/eb2024/easybuild/software/common/software/Julia/1.11.3-linux-x86_64/bin/julia
Job runing on nh028
Choosing scratch ...
Automatic scratch folder selection
/scratch/pobleyef/168351
/scratch/pobleyef/168351 directory
cp b.jl b.jld2 to  /scratch/pobleyef/168351/.
Computing Integrals
Elapsed time:    5.96 Seconds

Number of basis functions                   (NBF)    = 57
Number of auxiliary basis functions         (NBFAUX) = 75
Inactive Doubly occupied orbitals up to     (NO1)    = 0
No. considered Strongly Doubly occupied MOs (NDOC)   = 2
No. considered Strongly Singly occupied MOs (NSOC)   = 1
NO. of Weakly occ. per St. Doubly occ.  MOs (NCWO)   = 27
Dimension of the Nat. Orb. subspace         (NBF5)   = 57
No. of electrons                                     = 5
    No. of alpha electrons                           = 3
    No. of beta electrons                            = 2
Multiplicity                                         = 2

Geometry
========
 B       0.0000000       0.0000000       0.0000000

No violations of the orthonormality
No violations of the orthonormality
 
PNOF5/ADABelief Calculation
==================
 
  Nitext  Nit_orb  Time   Nit_occ  Time         Eelec          Etot           Ediff      maxdiff    MaxGrad_orb  Grad_occ
     1      10    2.8e+01   31    3.4e+01   -24.52062761   -24.52062761 -10023.52062761   0.015619   6.3e-02   1.7e-04 0.01
     2      10    7.8e-02    0    1.6e-02   -24.55489444   -24.55489444    -0.03426683   0.015637   6.3e-02   1.7e-04 0.01
     3      30    9.1e-02   15    5.8e-02   -24.56339639   -24.56339639    -0.00850195   0.023115   9.2e-02   1.5e-04 0.05
     4      30    8.5e-02   22    5.6e-02   -24.57508012   -24.57508012    -0.01168373   0.003547   1.4e-02   1.9e-04 0.07
     5      30    1.0e-01    5    1.8e-02   -24.58030562   -24.58030562    -0.00522549   0.007836   3.1e-02   1.6e-04 0.07
     6      30    9.9e-02    2    7.2e-03   -24.58125506   -24.58125506    -0.00094945   0.004181   1.7e-02   1.8e-04 0.08
     7      30    8.7e-02    7    1.9e-02   -24.58130989   -24.58130989    -0.00005482   0.004387   1.8e-02   1.4e-04 0.08
     8      30    8.7e-02    0    3.5e-03   -24.58141498   -24.58141498    -0.00010509   0.003096   1.2e-02   1.1e-04 0.08
     9      40    1.2e-01    0    3.6e-03   -24.58143202   -24.58143202    -0.00001704   0.001908   7.6e-03   1.3e-04 0.08
    10      50    1.4e-01    0    3.7e-03   -24.58143949   -24.58143949    -0.00000747   0.001649   6.6e-03   1.2e-04 0.08
    11      60    1.7e-01    0    7.7e-03   -24.58144286   -24.58144286    -0.00000337   0.000875   3.5e-03   1.3e-04 0.08
 
RESULTS OF THE OCCUPATION OPTIMIZATION
========================================
   1    1.9991560  -7.69513501
   2    1.8976408  -0.50817495
   3    1.0000000  -0.15124121
   4    0.0498610  -0.01934478
   5    0.0006738  -0.00866224
   6    0.0496982  -0.01931626
   7    0.0000538  -0.00050937
   8    0.0008273  -0.00066456
   9    0.0000521  -0.00050164
  10    0.0004099  -0.00026480
  11    0.0000435  -0.00044807
  12    0.0003746  -0.00030207
  13    0.0000097  -0.00036787
  14    0.0003160  -0.00025547
  15    0.0000021  -0.00000816
  16    0.0003152  -0.00025553
  17    0.0000007  -0.00002296
  18    0.0001360  -0.00011283
  19    0.0000006  -0.00000147
  20    0.0001225  -0.00010877
  21    0.0000005  -0.00000105
  22    0.0000691  -0.00003052
  23    0.0000005  -0.00000097
  24    0.0000241  -0.00003523
  25    0.0000004  -0.00000093
  26    0.0000206  -0.00003278
  27    0.0000004  -0.00000001
  28    0.0000193  -0.00002930
  29    0.0000004  0.00000002
  30    0.0000187  -0.00002727
  31    0.0000004  0.00000002
  32    0.0000178  -0.00002733
  33    0.0000004  -0.00000016
  34    0.0000167  -0.00002847
  35    0.0000004  0.00000007
  36    0.0000160  -0.00002453
  37    0.0000004  0.00000048
  38    0.0000147  -0.00002429
  39    0.0000004  0.00000049
  40    0.0000139  -0.00001853
  41    0.0000004  0.00000050
  42    0.0000137  -0.00001840
  43    0.0000004  0.00000049
  44    0.0000110  -0.00001501
  45    0.0000004  0.00000049
  46    0.0000098  -0.00001505
  47    0.0000004  0.00000049
  48    0.0000089  -0.00001221
  49    0.0000004  0.00000054
  50    0.0000070  -0.00001203
  51    0.0000004  0.00000053
  52    0.0000060  -0.00001128
  53    0.0000004  0.00000053
  54    0.0000057  -0.00001158
  55    0.0000004  0.00000054
  56    0.0000057  -0.00001131
  57    0.0000003  0.00000047
 
----------------
 Final Energies 
----------------
Final NOF Total Energy =     -24.5814429
 
Total Orbital Internal Iterations = 350
Total Occupation Internal Iterations = 82
 
Elapsed time:   80.80 Seconds

---------------------------------
   Lowdin Population Analysis    
---------------------------------
 Idx  Atom   Population   Charge 
---------------------------------
  1     B     5.000      -0.000

---------------------------------
   M Diagnostic: 0.08
---------------------------------

Recovering execution output...
Moving from /scratch/pobleyef/168351 to /home-nas/pobleyef/Poison-Set/ncwomax/P30-5/PNOF5/arina.168351
mkdir -p /home-nas/pobleyef/Poison-Set/ncwomax/P30-5/PNOF5/arina.168351
mv /scratch/pobleyef/168351/* /home-nas/pobleyef/Poison-Set/ncwomax/P30-5/PNOF5/arina.168351
