BH76_9_hf2ts
/software/eb2024/easybuild/software/common/software/Julia/1.11.3-linux-x86_64/bin/julia
Job runing on nh002
Choosing scratch ...
Automatic scratch folder selection
/scratch/pobleyef/168349
/scratch/pobleyef/168349 directory
cp BH76_9_hf2ts.jl BH76_9_hf2ts.jld2 to  /scratch/pobleyef/168349/.
Computing Integrals
Elapsed time:    6.24 Seconds

Number of basis functions                   (NBF)    = 144
Number of auxiliary basis functions         (NBFAUX) = 172
Inactive Doubly occupied orbitals up to     (NO1)    = 0
No. considered Strongly Doubly occupied MOs (NDOC)   = 9
No. considered Strongly Singly occupied MOs (NSOC)   = 1
NO. of Weakly occ. per St. Doubly occ.  MOs (NCWO)   = 14
Dimension of the Nat. Orb. subspace         (NBF5)   = 136
No. of electrons                                     = 19
    No. of alpha electrons                           = 10
    No. of beta electrons                            = 9
Multiplicity                                         = 2

Geometry
========
 H       0.0000000       0.0000000      -1.5701571
 F       0.0000000       0.0000000       0.0449024
 F       0.0000000       0.0000000       1.5252546

No violations of the orthonormality
No violations of the orthonormality
 
PNOF5/ADABelief Calculation
==================
 
  Nitext  Nit_orb  Time   Nit_occ  Time         Eelec          Etot           Ediff      maxdiff    MaxGrad_orb  Grad_occ
     1      10    2.9e+01   22    3.4e+01  -232.56210300  -199.11987148 -10231.56210300   0.284405   1.1e+00   1.8e-04 0.00
     2      10    1.5e+00    0    6.8e-02  -232.72425253  -199.28202100    -0.16214953   0.284405   1.1e+00   1.8e-04 0.00
     3      30    4.3e+00   34    7.4e-01  -232.79513166  -199.35290013    -0.07087913   0.469991   1.9e+00   2.3e-04 0.03
     4      30    4.4e+00   18    3.7e-01  -232.87290651  -199.43067499    -0.07777485   0.011471   4.6e-02   2.1e-04 0.09
     5      30    4.3e+00   24    5.1e-01  -232.89825084  -199.45601931    -0.02534433   0.022604   9.0e-02   3.5e-04 0.14
     6      30    4.4e+00    9    2.7e-01  -232.90296975  -199.46073822    -0.00471891   0.029101   1.2e-01   1.8e-04 0.15
     7      30    4.4e+00    4    9.7e-02  -232.90372315  -199.46149163    -0.00075341   0.021198   8.5e-02   2.7e-04 0.15
     8      30    4.4e+00    0    5.5e-02  -232.90497884  -199.46274731    -0.00125568   0.015459   6.2e-02   2.8e-04 0.15
     9      40    5.6e+00    0    3.8e-02  -232.90605062  -199.46381909    -0.00107178   0.012613   5.0e-02   2.8e-04 0.15
    10      50    7.1e+00   12    2.8e-01  -232.90645824  -199.46422672    -0.00040762   0.003603   1.4e-02   2.2e-04 0.15
    11      50    7.0e+00    0    2.7e-02  -232.90668189  -199.46445036    -0.00022365   0.001947   7.8e-03   1.9e-04 0.15
    12      60    8.5e+00    0    6.8e-02  -232.90668626  -199.46445474    -0.00000437   0.001648   6.6e-03   2.0e-04 0.15
    13      70    1.0e+01    0    3.0e-02  -232.90669414  -199.46446262    -0.00000788   0.000808   3.2e-03   1.9e-04 0.15
 
RESULTS OF THE OCCUPATION OPTIMIZATION
========================================
   1    1.9998647  -26.38336265
   2    1.9998634  -26.37998114
   3    1.9934623  -1.06887804
   4    1.9934290  -1.06876398
   5    1.9933731  -1.06680128
   6    1.9932074  -1.05731916
   7    1.9931121  -1.05598966
   8    1.9931340  -1.05572697
   9    1.8495810  -0.78336683
  10    1.0000000  -0.24601602
  11    0.1503398  -0.09562204
  12    0.0050288  -0.00862731
  13    0.0050418  -0.00863314
  14    0.0049464  -0.00857334
  15    0.0048102  -0.00838165
  16    0.0047564  -0.00833979
  17    0.0047643  -0.00835018
  18    0.0001298  -0.00627869
  19    0.0001299  -0.00627908
  20    0.0000659  -0.00015853
  21    0.0007461  -0.00194054
  22    0.0007211  -0.00191783
  23    0.0007108  -0.00190804
  24    0.0007251  -0.00192440
  25    0.0007016  -0.00190034
  26    0.0007243  -0.00191812
  27    0.0000041  -0.00020310
  28    0.0000026  -0.00015170
  29    0.0000064  -0.00000246
  30    0.0005256  -0.00144871
  31    0.0005619  -0.00148616
  32    0.0005658  -0.00149066
  33    0.0005309  -0.00142080
  34    0.0005320  -0.00142061
  35    0.0004996  -0.00138469
  36    0.0000010  -0.00011125
  37    0.0000011  -0.00011466
  38    0.0000014  -0.00000382
  39    0.0003447  -0.00103314
  40    0.0003379  -0.00102109
  41    0.0003419  -0.00102450
  42    0.0003411  -0.00102825
  43    0.0003415  -0.00102023
  44    0.0003278  -0.00100960
  45    0.0000003  -0.00000558
  46    0.0000003  -0.00000543
  47    0.0000010  -0.00000440
  48    0.0000657  -0.00026030
  49    0.0000654  -0.00025964
  50    0.0000642  -0.00025696
  51    0.0000669  -0.00026024
  52    0.0000640  -0.00025513
  53    0.0000618  -0.00025652
  54    0.0000002  -0.00000322
  55    0.0000002  -0.00000323
  56    0.0000010  -0.00000069
  57    0.0000544  -0.00020738
  58    0.0000540  -0.00020841
  59    0.0000561  -0.00021168
  60    0.0000584  -0.00022336
  61    0.0000560  -0.00022120
  62    0.0000582  -0.00022158
  63    0.0000002  -0.00000320
  64    0.0000002  -0.00000318
  65    0.0000005  -0.00000076
  66    0.0000360  -0.00017919
  67    0.0000426  -0.00019494
  68    0.0000434  -0.00019672
  69    0.0000349  -0.00018136
  70    0.0000448  -0.00020535
  71    0.0000362  -0.00018547
  72    0.0000002  -0.00000128
  73    0.0000002  -0.00000194
  74    0.0000005  -0.00000009
  75    0.0000214  -0.00011980
  76    0.0000231  -0.00012255
  77    0.0000237  -0.00012376
  78    0.0000177  -0.00011078
  79    0.0000304  -0.00013573
  80    0.0000227  -0.00012284
  81    0.0000001  0.00000021
  82    0.0000001  0.00000017
  83    0.0000005  -0.00000015
  84    0.0000160  -0.00008302
  85    0.0000137  -0.00009194
  86    0.0000157  -0.00009880
  87    0.0000144  -0.00008661
  88    0.0000137  -0.00009314
  89    0.0000143  -0.00008552
  90    0.0000001  0.00000020
  91    0.0000001  0.00000020
  92    0.0000004  0.00000021
  93    0.0000121  -0.00007745
  94    0.0000115  -0.00006205
  95    0.0000103  -0.00005751
  96    0.0000113  -0.00006658
  97    0.0000124  -0.00006285
  98    0.0000123  -0.00007109
  99    0.0000001  0.00000041
 100    0.0000001  0.00000038
 101    0.0000004  0.00000010
 102    0.0000050  -0.00002728
 103    0.0000051  -0.00002767
 104    0.0000045  -0.00002707
 105    0.0000053  -0.00002644
 106    0.0000072  -0.00002837
 107    0.0000050  -0.00002610
 108    0.0000001  0.00000041
 109    0.0000001  0.00000037
 110    0.0000004  0.00000000
 111    0.0000039  -0.00002300
 112    0.0000035  -0.00002235
 113    0.0000035  -0.00002270
 114    0.0000042  -0.00002384
 115    0.0000039  -0.00002369
 116    0.0000047  -0.00002428
 117    0.0000001  0.00000040
 118    0.0000001  0.00000035
 119    0.0000004  0.00000038
 120    0.0000032  -0.00001526
 121    0.0000032  -0.00001590
 122    0.0000032  -0.00001791
 123    0.0000035  -0.00001540
 124    0.0000037  -0.00001962
 125    0.0000033  -0.00001522
 126    0.0000001  0.00000039
 127    0.0000001  0.00000034
 128    0.0000003  -0.00000057
 129    0.0000029  -0.00001479
 130    0.0000030  -0.00001465
 131    0.0000029  -0.00001581
 132    0.0000030  -0.00001512
 133    0.0000034  -0.00001634
 134    0.0000031  -0.00001558
 135    0.0000001  -0.00000414
 136    0.0000001  -0.00000509
 
----------------
 Final Energies 
----------------
Final NOF Total Energy =    -199.4644626
 
Total Orbital Internal Iterations = 470
Total Occupation Internal Iterations = 123
 
Elapsed time:  151.26 Seconds

---------------------------------
   Lowdin Population Analysis    
---------------------------------
 Idx  Atom   Population   Charge 
---------------------------------
  1     H     1.050      -0.050
  2     F     8.955       0.045
  3     F     8.995       0.005

---------------------------------
   M Diagnostic: 0.15
---------------------------------

Recovering execution output...
Moving from /scratch/pobleyef/168349 to /home-nas/pobleyef/Poison-Set/ncwomax/P30-5/PNOF5/arina.168349
mkdir -p /home-nas/pobleyef/Poison-Set/ncwomax/P30-5/PNOF5/arina.168349
mv /scratch/pobleyef/168349/* /home-nas/pobleyef/Poison-Set/ncwomax/P30-5/PNOF5/arina.168349
