BH76_1_n2
/software/eb2024/easybuild/software/common/software/Julia/1.11.3-linux-x86_64/bin/julia
Job runing on nh043
Choosing scratch ...
Automatic scratch folder selection
/scratch/pobleyef/168346
/scratch/pobleyef/168346 directory
cp BH76_1_n2.jl BH76_1_n2.jld2 to  /scratch/pobleyef/168346/.
Computing Integrals
Elapsed time:    6.16 Seconds

Number of basis functions                   (NBF)    = 114
Number of auxiliary basis functions         (NBFAUX) = 154
Inactive Doubly occupied orbitals up to     (NO1)    = 0
No. considered Strongly Doubly occupied MOs (NDOC)   = 7
No. considered Strongly Singly occupied MOs (NSOC)   = 0
NO. of Weakly occ. per St. Doubly occ.  MOs (NCWO)   = 15
Dimension of the Nat. Orb. subspace         (NBF5)   = 112
No. of electrons                                     = 14
    No. of alpha electrons                           = 7
    No. of beta electrons                            = 7
Multiplicity                                         = 1

Geometry
========
 N       0.0000000       0.0000000       0.5485557
 N       0.0000000       0.0000000      -0.5485557

No violations of the orthonormality
No violations of the orthonormality
 
PNOF5/ADABelief Calculation
==================
 
  Nitext  Nit_orb  Time   Nit_occ  Time         Eelec          Etot           Ediff      maxdiff    MaxGrad_orb  Grad_occ
     1      10    2.9e+01   26    3.4e+01  -132.57651026  -108.94205599 -10131.57651026   0.112733   4.5e-01   2.1e-04 0.00
     2      10    1.4e+00    0    2.7e-02  -132.66544468  -109.03099041    -0.08893442   0.112728   4.5e-01   2.1e-04 0.00
     3      30    4.1e+00   34    5.5e-01  -132.70815447  -109.07370020    -0.04270979   0.150715   6.0e-01   1.9e-04 0.02
     4      30    4.1e+00   21    3.6e-01  -132.75543788  -109.12098361    -0.04728341   0.009290   3.7e-02   2.3e-04 0.04
     5      30    4.3e+00   19    3.4e-01  -132.76713161  -109.13267734    -0.01169373   0.012058   4.8e-02   1.8e-04 0.05
     6      30    4.2e+00    9    2.1e-01  -132.77060436  -109.13615009    -0.00347275   0.008541   3.4e-02   2.5e-04 0.06
     7      30    4.1e+00   13    2.6e-01  -132.77201946  -109.13756518    -0.00141510   0.012193   4.9e-02   2.0e-04 0.06
     8      30    4.4e+00    5    8.7e-02  -132.77296475  -109.13851048    -0.00094530   0.010681   4.3e-02   2.1e-04 0.06
     9      30    4.2e+00    7    1.7e-01  -132.77378453  -109.13933025    -0.00081977   0.008354   3.3e-02   1.6e-04 0.06
    10      30    4.1e+00    7    1.5e-01  -132.77413039  -109.13967611    -0.00034586   0.009793   3.9e-02   1.2e-04 0.06
    11      30    4.0e+00    0    2.1e-02  -132.77418189  -109.13972762    -0.00005150   0.009793   3.9e-02   1.2e-04 0.06
    12      50    6.5e+00    3    7.9e-02  -132.77467299  -109.14021872    -0.00049110   0.000576   2.3e-03   1.6e-04 0.06
 
RESULTS OF THE OCCUPATION OPTIMIZATION
========================================
   1    1.9996595  -15.64229926
   2    1.9996610  -15.64225204
   3    1.9942327  -1.39489182
   4    1.9905728  -0.78126739
   5    1.9905861  -0.78115911
   6    1.9369833  -0.62821199
   7    1.9381082  -0.62487820
   8    0.0615507  -0.03381941
   9    0.0589319  -0.03255713
  10    0.0064019  -0.00702717
  11    0.0063876  -0.00701120
  12    0.0038642  -0.00718995
  13    0.0002549  -0.00714237
  14    0.0002547  -0.00714119
  15    0.0002229  -0.00024507
  16    0.0017213  -0.00155371
  17    0.0009054  -0.00147928
  18    0.0008981  -0.00146726
  19    0.0009075  -0.00235188
  20    0.0000271  -0.00051697
  21    0.0000284  -0.00054124
  22    0.0000432  -0.00007776
  23    0.0014678  -0.00144025
  24    0.0007223  -0.00122555
  25    0.0007275  -0.00123026
  26    0.0006276  -0.00161032
  27    0.0000258  -0.00049764
  28    0.0000258  -0.00050494
  29    0.0000342  -0.00006595
  30    0.0008070  -0.00086462
  31    0.0006727  -0.00115603
  32    0.0006663  -0.00114960
  33    0.0002121  -0.00066944
  34    0.0000249  -0.00050148
  35    0.0000246  -0.00049431
  36    0.0000166  -0.00004209
  37    0.0000263  -0.00004183
  38    0.0002213  -0.00044447
  39    0.0002216  -0.00044486
  40    0.0000316  -0.00013191
  41    0.0000034  -0.00021878
  42    0.0000035  -0.00021845
  43    0.0000066  -0.00001741
  44    0.0000168  -0.00002897
  45    0.0002158  -0.00043755
  46    0.0002153  -0.00043628
  47    0.0000286  -0.00012343
  48    0.0000007  -0.00000469
  49    0.0000007  -0.00000475
  50    0.0000036  -0.00001119
  51    0.0000163  -0.00002791
  52    0.0000687  -0.00016111
  53    0.0000942  -0.00019448
  54    0.0000279  -0.00012328
  55    0.0000004  -0.00000334
  56    0.0000005  -0.00000398
  57    0.0000036  -0.00001302
  58    0.0000081  -0.00001438
  59    0.0000676  -0.00016382
  60    0.0000740  -0.00016301
  61    0.0000208  -0.00011935
  62    0.0000003  -0.00000335
  63    0.0000004  -0.00000330
  64    0.0000022  -0.00000612
  65    0.0000044  -0.00001391
  66    0.0000537  -0.00016305
  67    0.0000589  -0.00016714
  68    0.0000129  -0.00006717
  69    0.0000003  -0.00000280
  70    0.0000004  -0.00000345
  71    0.0000018  -0.00000725
  72    0.0000037  -0.00000384
  73    0.0000199  -0.00005794
  74    0.0000207  -0.00005891
  75    0.0000122  -0.00005943
  76    0.0000002  -0.00000095
  77    0.0000003  -0.00000156
  78    0.0000015  -0.00000504
  79    0.0000031  -0.00000691
  80    0.0000166  -0.00005508
  81    0.0000160  -0.00005249
  82    0.0000058  -0.00002789
  83    0.0000002  -0.00000435
  84    0.0000003  0.00000013
  85    0.0000014  -0.00000569
  86    0.0000028  -0.00000424
  87    0.0000158  -0.00005667
  88    0.0000134  -0.00005346
  89    0.0000050  -0.00002856
  90    0.0000002  0.00000016
  91    0.0000003  0.00000012
  92    0.0000013  -0.00000513
  93    0.0000026  -0.00000519
  94    0.0000133  -0.00004586
  95    0.0000128  -0.00005163
  96    0.0000044  -0.00002471
  97    0.0000002  -0.00000042
  98    0.0000002  0.00000014
  99    0.0000011  -0.00000487
 100    0.0000025  -0.00000371
 101    0.0000097  -0.00003823
 102    0.0000120  -0.00004478
 103    0.0000038  -0.00001316
 104    0.0000002  -0.00000117
 105    0.0000002  -0.00000209
 106    0.0000010  -0.00000357
 107    0.0000022  -0.00000361
 108    0.0000091  -0.00004078
 109    0.0000088  -0.00003912
 110    0.0000030  -0.00000616
 111    0.0000002  -0.00000281
 112    0.0000002  -0.00000764
 
----------------
 Final Energies 
----------------
Final NOF Total Energy =    -109.1402187
 
Total Orbital Internal Iterations = 340
Total Occupation Internal Iterations = 144
 
Elapsed time:  129.51 Seconds

---------------------------------
   Lowdin Population Analysis    
---------------------------------
 Idx  Atom   Population   Charge 
---------------------------------
  1     N     7.000      -0.000
  2     N     7.000       0.000

---------------------------------
   M Diagnostic: 0.06
---------------------------------

Recovering execution output...
Moving from /scratch/pobleyef/168346 to /home-nas/pobleyef/Poison-Set/ncwomax/P30-5/PNOF5/arina.168346
mkdir -p /home-nas/pobleyef/Poison-Set/ncwomax/P30-5/PNOF5/arina.168346
mv /scratch/pobleyef/168346/* /home-nas/pobleyef/Poison-Set/ncwomax/P30-5/PNOF5/arina.168346
