DC13-be
/software/eb2024/easybuild/software/common/software/Julia/1.11.3-linux-x86_64/bin/julia
Job runing on na16
Choosing scratch ...
Automatic scratch folder selection
/scratch/pobleyef/284118
/scratch/pobleyef/284118 directory
cp DC13-be.jl DC13-be.jld2 to  /scratch/pobleyef/284118/.
Computing Integrals
Basis Set                                            = def2-qzvp
Auxiliary Basis Set                                  = def2-universal-jkfit
Gaussian Type                                        = Spherical
Elapsed time:    2.27 Seconds

Number of basis functions                   (NBF)    = 36
Number of auxiliary basis functions         (NBFAUX) = 51
Inactive Doubly occupied orbitals up to     (NO1)    = 0
No. considered Strongly Doubly occupied MOs (NDOC)   = 2
No. considered Strongly Singly occupied MOs (NSOC)   = 0
NO. of Weakly occ. per St. Doubly occ.  MOs (NCWO)   = 17
Dimension of the Nat. Orb. subspace         (NBF5)   = 36
No. of electrons                                     = 4
    No. of alpha electrons                           = 2
    No. of beta electrons                            = 2
Multiplicity                                         = 1

Geometry
========
Be       0.0000000       0.0000000       0.0000000

No violations of the orthonormality
No violations of the orthonormality
 
PNOF5/ADABelief Calculation
==================
 
  Nitext  Nit_orb  Time   Nit_occ  Time         Eelec          Etot           Ediff      maxdiff    MaxGrad_orb  Grad_occ
     1      10    1.6e+01    2    2.0e+01   -14.64379278   -14.64379278 -10013.64379278   0.003110   1.2e-02   1.2e-04 0.12
     2      20    2.7e-02    1    1.0e-03   -14.64410819   -14.64410819    -0.00031541   0.001450   5.8e-03   1.8e-04 0.12
     3      20    8.4e-03    5    9.4e-03   -14.64413525   -14.64413525    -0.00002706   0.001238   5.0e-03   1.5e-04 0.12
     4      20    1.1e-02    1    6.0e-04   -14.64430707   -14.64430707    -0.00017182   0.001409   5.6e-03   9.9e-05 0.12
     5      20    1.0e-02    0    6.1e-04   -14.64431380   -14.64431380    -0.00000674   0.001785   7.1e-03   9.0e-05 0.12
     6      30    1.7e-02    0    4.9e-04   -14.64432346   -14.64432346    -0.00000965   0.001011   4.0e-03   9.4e-05 0.12
     7      38    1.9e-02    0    4.5e-04   -14.64432562   -14.64432562    -0.00000216   0.000463   1.9e-03   9.1e-05 0.12
 
RESULTS OF THE OCCUPATION OPTIMIZATION
========================================
   1    1.9976387  -4.73562030
   2    1.8155626  -0.31976635
   3    0.0616239  -0.01521761
   4    0.0011733  -0.00905733
   5    0.0609352  -0.01509195
   6    0.0003888  -0.00331180
   7    0.0605183  -0.01502085
   8    0.0003877  -0.00330920
   9    0.0005555  -0.00034726
  10    0.0003849  -0.00330195
  11    0.0001450  -0.00006120
  12    0.0000072  -0.00014343
  13    0.0001239  -0.00005754
  14    0.0000031  -0.00001433
  15    0.0001212  -0.00005724
  16    0.0000025  -0.00001310
  17    0.0001078  -0.00005490
  18    0.0000022  -0.00001209
  19    0.0000860  -0.00005057
  20    0.0000018  0.00000000
  21    0.0000340  -0.00002258
  22    0.0000015  -0.00000005
  23    0.0000336  -0.00002248
  24    0.0000014  -0.00000006
  25    0.0000331  -0.00002244
  26    0.0000014  -0.00000002
  27    0.0000316  -0.00002216
  28    0.0000014  -0.00000004
  29    0.0000305  -0.00002199
  30    0.0000014  -0.00000000
  31    0.0000290  -0.00002164
  32    0.0000014  -0.00000000
  33    0.0000213  -0.00002015
  34    0.0000012  0.00000002
  35    0.0000073  -0.00000448
  36    0.0000003  -0.00000253
 
----------------
 Final Energies 
----------------
Final NOF Total Energy =     -14.6443256
 
Total Orbital Internal Iterations = 158
Total Occupation Internal Iterations = 9
 
Elapsed time:   47.36 Seconds

---------------------------------
   Lowdin Population Analysis    
---------------------------------
 Idx  Atom   Population   Charge 
---------------------------------
  1    Be     4.000       0.000

---------------------------------
   M Diagnostic: 0.12
---------------------------------

Recovering execution output...
Moving from /scratch/pobleyef/284118 to /home-nas/pobleyef/Poison-NOF/ncwomax/P30-5/PNOF5/arina.284118
mkdir -p /home-nas/pobleyef/Poison-NOF/ncwomax/P30-5/PNOF5/arina.284118
mv /scratch/pobleyef/284118/* /home-nas/pobleyef/Poison-NOF/ncwomax/P30-5/PNOF5/arina.284118
