DC13_7_be4
/software/eb2024/easybuild/software/common/software/Julia/1.11.3-linux-x86_64/bin/julia
Job runing on nh032
Choosing scratch ...
Automatic scratch folder selection
/scratch/pobleyef/168355
/scratch/pobleyef/168355 directory
cp DC13_7_be4.jl DC13_7_be4.jld2 to  /scratch/pobleyef/168355/.
Computing Integrals
Elapsed time:    6.07 Seconds

Number of basis functions                   (NBF)    = 144
Number of auxiliary basis functions         (NBFAUX) = 204
Inactive Doubly occupied orbitals up to     (NO1)    = 0
No. considered Strongly Doubly occupied MOs (NDOC)   = 8
No. considered Strongly Singly occupied MOs (NSOC)   = 0
NO. of Weakly occ. per St. Doubly occ.  MOs (NCWO)   = 17
Dimension of the Nat. Orb. subspace         (NBF5)   = 144
No. of electrons                                     = 16
    No. of alpha electrons                           = 8
    No. of beta electrons                            = 8
Multiplicity                                         = 1

Geometry
========
Be       0.7279036      -0.7279036       0.7279036
Be      -0.7279036       0.7279036       0.7279036
Be      -0.7279036      -0.7279036      -0.7279036
Be       0.7279036       0.7279036      -0.7279036

No violations of the orthonormality
No violations of the orthonormality
 
PNOF5/ADABelief Calculation
==================
 
  Nitext  Nit_orb  Time   Nit_occ  Time         Eelec          Etot           Ediff      maxdiff    MaxGrad_orb  Grad_occ
     1      10    2.9e+01   60    3.6e+01   -82.97524392   -58.30050225 -10081.97524392   0.000355   2.3e-03   1.9e-04 0.13
 
RESULTS OF THE OCCUPATION OPTIMIZATION
========================================
   1    1.9986975  -4.66778420
   2    1.9986804  -4.66791897
   3    1.9986589  -4.66611164
   4    1.9986834  -4.66206255
   5    1.9977626  -0.67282013
   6    1.8745963  -0.27181821
   7    1.8739298  -0.27169401
   8    1.8744394  -0.27166927
   9    0.1253601  -0.02745688
  10    0.1259847  -0.02760965
  11    0.1253080  -0.02752702
  12    0.0020804  -0.00157305
  13    0.0012732  -0.00965237
  14    0.0012740  -0.00965972
  15    0.0012865  -0.00970149
  16    0.0012658  -0.00964999
  17    0.0000615  -0.00005075
  18    0.0000126  -0.00001640
  19    0.0000215  -0.00002577
  20    0.0001067  -0.00009884
  21    0.0000309  -0.00031215
  22    0.0000409  -0.00038193
  23    0.0000239  -0.00028805
  24    0.0000159  -0.00011510
  25    0.0000333  -0.00002910
  26    0.0000116  -0.00001503
  27    0.0000107  -0.00001313
  28    0.0000117  -0.00002703
  29    0.0000066  -0.00006696
  30    0.0000164  -0.00018467
  31    0.0000045  -0.00005749
  32    0.0000118  -0.00009468
  33    0.0000326  -0.00002955
  34    0.0000094  -0.00001196
  35    0.0000101  -0.00001754
  36    0.0000085  -0.00001690
  37    0.0000007  -0.00000538
  38    0.0000037  -0.00003327
  39    0.0000006  -0.00000509
  40    0.0000009  -0.00000522
  41    0.0000159  -0.00001367
  42    0.0000084  -0.00001157
  43    0.0000082  -0.00000929
  44    0.0000061  -0.00001232
  45    0.0000005  -0.00000306
  46    0.0000009  -0.00000651
  47    0.0000004  -0.00000291
  48    0.0000008  -0.00000350
  49    0.0000098  -0.00000665
  50    0.0000055  -0.00000570
  51    0.0000054  -0.00000498
  52    0.0000029  -0.00000240
  53    0.0000005  -0.00000244
  54    0.0000006  -0.00000343
  55    0.0000004  -0.00000187
  56    0.0000008  -0.00000299
  57    0.0000061  -0.00000246
  58    0.0000050  -0.00000715
  59    0.0000053  -0.00000770
  60    0.0000027  -0.00000346
  61    0.0000005  -0.00000224
  62    0.0000006  -0.00000281
  63    0.0000004  -0.00000114
  64    0.0000007  -0.00000146
  65    0.0000059  -0.00000205
  66    0.0000046  -0.00000392
  67    0.0000051  -0.00000097
  68    0.0000026  -0.00000338
  69    0.0000005  -0.00000194
  70    0.0000005  -0.00000116
  71    0.0000004  -0.00000084
  72    0.0000007  -0.00000080
  73    0.0000057  0.00000063
  74    0.0000045  -0.00000297
  75    0.0000044  -0.00000294
  76    0.0000024  -0.00000233
  77    0.0000004  -0.00000021
  78    0.0000005  -0.00000084
  79    0.0000003  -0.00000082
  80    0.0000007  -0.00000069
  81    0.0000053  0.00000078
  82    0.0000044  -0.00000276
  83    0.0000043  -0.00000156
  84    0.0000023  -0.00000065
  85    0.0000004  -0.00000044
  86    0.0000004  -0.00000081
  87    0.0000003  -0.00000032
  88    0.0000006  -0.00000073
  89    0.0000053  -0.00000098
  90    0.0000040  0.00000023
  91    0.0000043  -0.00000167
  92    0.0000022  -0.00000239
  93    0.0000004  -0.00000023
  94    0.0000004  -0.00000085
  95    0.0000003  0.00000005
  96    0.0000006  -0.00000030
  97    0.0000051  0.00000004
  98    0.0000037  0.00000033
  99    0.0000040  -0.00000046
 100    0.0000021  -0.00000133
 101    0.0000004  -0.00000001
 102    0.0000004  -0.00000006
 103    0.0000003  -0.00000000
 104    0.0000006  0.00000004
 105    0.0000046  -0.00000002
 106    0.0000036  -0.00000081
 107    0.0000039  0.00000052
 108    0.0000020  -0.00000041
 109    0.0000004  -0.00000010
 110    0.0000004  -0.00000018
 111    0.0000003  -0.00000014
 112    0.0000006  -0.00000026
 113    0.0000043  -0.00000130
 114    0.0000036  -0.00000098
 115    0.0000037  -0.00000209
 116    0.0000020  -0.00000055
 117    0.0000004  0.00000011
 118    0.0000004  0.00000005
 119    0.0000003  0.00000004
 120    0.0000006  0.00000000
 121    0.0000037  -0.00000329
 122    0.0000035  -0.00000029
 123    0.0000037  0.00000028
 124    0.0000017  0.00000001
 125    0.0000004  0.00000015
 126    0.0000004  0.00000014
 127    0.0000003  0.00000008
 128    0.0000006  0.00000013
 129    0.0000009  0.00000090
 130    0.0000007  -0.00000004
 131    0.0000006  -0.00000010
 132    0.0000007  -0.00000154
 133    0.0000004  0.00000017
 134    0.0000004  0.00000012
 135    0.0000003  0.00000009
 136    0.0000006  0.00000015
 137    0.0000005  0.00000197
 138    0.0000004  0.00000075
 139    0.0000004  0.00000101
 140    0.0000004  -0.00000060
 141    0.0000001  -0.00000244
 142    0.0000003  -0.00001706
 143    0.0000000  0.00000082
 144    0.0000001  -0.00000142
 
----------------
 Final Energies 
----------------
Final NOF Total Energy =     -58.3005022
 
Total Orbital Internal Iterations = 10
Total Occupation Internal Iterations = 60
 
Elapsed time:   83.12 Seconds

---------------------------------
   Lowdin Population Analysis    
---------------------------------
 Idx  Atom   Population   Charge 
---------------------------------
  1    Be     4.000      -0.000
  2    Be     3.999       0.001
  3    Be     4.000       0.000
  4    Be     4.001      -0.001

---------------------------------
   M Diagnostic: 0.13
---------------------------------

Recovering execution output...
Moving from /scratch/pobleyef/168355 to /home-nas/pobleyef/Poison-Set/ncwomax/P30-5/PNOF5/arina.168355
mkdir -p /home-nas/pobleyef/Poison-Set/ncwomax/P30-5/PNOF5/arina.168355
mv /scratch/pobleyef/168355/* /home-nas/pobleyef/Poison-Set/ncwomax/P30-5/PNOF5/arina.168355
