G2RC-67
/software/eb2024/easybuild/software/common/software/Julia/1.11.3-linux-x86_64/bin/julia
Job runing on na18
Choosing scratch ...
Automatic scratch folder selection
/scratch/pobleyef/284125
/scratch/pobleyef/284125 directory
cp G2RC-67.jl G2RC-67.jld2 to  /scratch/pobleyef/284125/.
Computing Integrals
Basis Set                                            = def2-qzvp
Auxiliary Basis Set                                  = def2-universal-jkfit
Gaussian Type                                        = Spherical
Elapsed time:   55.78 Seconds

Number of basis functions                   (NBF)    = 350
Number of auxiliary basis functions         (NBFAUX) = 640
Inactive Doubly occupied orbitals up to     (NO1)    = 0
No. considered Strongly Doubly occupied MOs (NDOC)   = 41
No. considered Strongly Singly occupied MOs (NSOC)   = 0
NO. of Weakly occ. per St. Doubly occ.  MOs (NCWO)   = 7
Dimension of the Nat. Orb. subspace         (NBF5)   = 328
No. of electrons                                     = 82
    No. of alpha electrons                           = 41
    No. of beta electrons                            = 41
Multiplicity                                         = 1

Geometry
========
Si       0.0000000       0.0000000       0.0000000
Cl       1.1825283      -1.1825283       1.1825283
Cl      -1.1825283       1.1825283       1.1825283
Cl      -1.1825283      -1.1825283      -1.1825283
Cl       1.1825283       1.1825283      -1.1825283

No violations of the orthonormality
No violations of the orthonormality
 
PNOF5/ADABelief Calculation
==================
 
  Nitext  Nit_orb  Time   Nit_occ  Time         Eelec          Etot           Ediff      maxdiff    MaxGrad_orb  Grad_occ
     1      10    1.4e+02   11    2.2e+01 -2647.95068427 -2127.64806133 -12646.95068427   0.002065   8.3e-03   3.9e-04 0.01
     2      20    2.4e+02    0    4.4e-01 -2647.99982532 -2127.69720239    -0.04914106   0.002065   8.3e-03   3.9e-04 0.01
     3      40    4.6e+02    6    1.1e+00 -2648.01418602 -2127.71156308    -0.01436069   0.001619   6.5e-03   4.0e-04 0.01
     4      40    4.8e+02    8    1.1e+00 -2648.01743226 -2127.71480933    -0.00324625   0.001715   6.9e-03   3.7e-04 0.01
     5      40    4.4e+02    3    7.1e-01 -2648.01860742 -2127.71598449    -0.00117516   0.002776   1.1e-02   3.5e-04 0.01
     6      40    4.0e+02    1    5.4e-01 -2648.01919674 -2127.71657380    -0.00058932   0.002094   8.4e-03   4.2e-04 0.01
     7      40    4.1e+02   12    1.5e+00 -2648.01929995 -2127.71667702    -0.00010322   0.001881   7.5e-03   2.7e-04 0.01
     8      40    4.5e+02    2    6.2e-01 -2648.02012826 -2127.71750533    -0.00082831   0.001641   6.6e-03   2.5e-04 0.01
     9      40    5.1e+02    0    4.5e-01 -2648.02016857 -2127.71754563    -0.00004031   0.001641   6.6e-03   2.5e-04 0.01
    10      31    3.3e+02    1    5.3e-01 -2648.02036688 -2127.71774395    -0.00019831   0.000482   1.9e-03   2.6e-04 0.01
 
RESULTS OF THE OCCUPATION OPTIMIZATION
========================================
   1    1.9999438  -93.95582241
   2    1.9999414  -93.95222723
   3    1.9999439  -93.92216812
   4    1.9999427  -93.84051230
   5    1.9999586  -68.68066683
   6    1.9999990  -21.60083861
   7    1.9999994  -21.53204643
   8    1.9999976  -21.49838764
   9    1.9999992  -21.49038735
  10    1.9995571  -8.06012563
  11    1.9996768  -8.05190290
  12    1.9997014  -8.04866171
  13    1.9995628  -8.04717568
  14    1.9995798  -8.04628295
  15    1.9995363  -8.04594330
  16    1.9994589  -8.04591561
  17    1.9995599  -8.04532554
  18    1.9995667  -8.04426720
  19    1.9995438  -8.04359566
  20    1.9995723  -8.04326947
  21    1.9996627  -8.04249308
  22    1.9992706  -5.04799012
  23    1.9991139  -4.99243923
  24    1.9989004  -4.82676235
  25    1.9988955  -4.82340122
  26    1.9923898  -0.83507106
  27    1.9923859  -0.83322086
  28    1.9923560  -0.83320850
  29    1.9923313  -0.83309754
  30    1.9874682  -0.68984908
  31    1.9874701  -0.68955140
  32    1.9874329  -0.68952473
  33    1.9872972  -0.68730784
  34    1.9848199  -0.68155942
  35    1.9847970  -0.68113497
  36    1.9847635  -0.68097795
  37    1.9847998  -0.68023276
  38    1.9843633  -0.67014000
  39    1.9843275  -0.66856557
  40    1.9842989  -0.66789086
  41    1.9841937  -0.66575538
  42    0.0070690  -0.00604080
  43    0.0070868  -0.00605913
  44    0.0070408  -0.00603479
  45    0.0068782  -0.00593839
  46    0.0061560  -0.00547596
  47    0.0059187  -0.00528849
  48    0.0060582  -0.00541055
  49    0.0061098  -0.00544299
  50    0.0060611  -0.00543466
  51    0.0062239  -0.00557771
  52    0.0061520  -0.00553616
  53    0.0062033  -0.00556822
  54    0.0051958  -0.00547730
  55    0.0051689  -0.00545943
  56    0.0051563  -0.00545069
  57    0.0051724  -0.00546647
  58    0.0007415  -0.00538866
  59    0.0007402  -0.00538445
  60    0.0007103  -0.00529291
  61    0.0007057  -0.00528940
  62    0.0001890  -0.00231296
  63    0.0001569  -0.00195844
  64    0.0001920  -0.00234195
  65    0.0001659  -0.00225823
  66    0.0001766  -0.00216749
  67    0.0001699  -0.00220874
  68    0.0001904  -0.00234411
  69    0.0001694  -0.00243534
  70    0.0001773  -0.00240398
  71    0.0001738  -0.00229269
  72    0.0001860  -0.00246473
  73    0.0001604  -0.00235222
  74    0.0000005  -0.00000958
  75    0.0000019  -0.00005860
  76    0.0000003  -0.00000451
  77    0.0000006  -0.00001371
  78    0.0000401  -0.00555917
  79    0.0000497  -0.00829798
  80    0.0000485  -0.00819045
  81    0.0000508  -0.00840321
  82    0.0000485  -0.00819029
  83    0.0054677  -0.00458741
  84    0.0053917  -0.00455440
  85    0.0054223  -0.00457424
  86    0.0054929  -0.00463283
  87    0.0053685  -0.00462431
  88    0.0055097  -0.00475604
  89    0.0054052  -0.00465461
  90    0.0053666  -0.00463566
  91    0.0052864  -0.00459967
  92    0.0049926  -0.00438855
  93    0.0050190  -0.00441050
  94    0.0049791  -0.00438558
  95    0.0009426  -0.00126023
  96    0.0009411  -0.00125961
  97    0.0009386  -0.00125885
  98    0.0009144  -0.00123325
  99    0.0002108  -0.00151124
 100    0.0002071  -0.00148429
 101    0.0001611  -0.00119144
 102    0.0000193  -0.00020383
 103    0.0001356  -0.00205954
 104    0.0001459  -0.00214508
 105    0.0001380  -0.00209458
 106    0.0001465  -0.00177967
 107    0.0001406  -0.00202231
 108    0.0001376  -0.00188370
 109    0.0001578  -0.00207377
 110    0.0001334  -0.00161312
 111    0.0001443  -0.00171743
 112    0.0001117  -0.00167377
 113    0.0001336  -0.00165020
 114    0.0001294  -0.00152133
 115    0.0000001  -0.00000109
 116    0.0000002  -0.00000328
 117    0.0000001  -0.00000086
 118    0.0000001  -0.00000100
 119    0.0000010  -0.00019080
 120    0.0000061  -0.00069595
 121    0.0000060  -0.00068974
 122    0.0000062  -0.00071016
 123    0.0000062  -0.00070412
 124    0.0026814  -0.00257605
 125    0.0026161  -0.00253533
 126    0.0026370  -0.00254752
 127    0.0027054  -0.00260686
 128    0.0031064  -0.00297217
 129    0.0032515  -0.00306676
 130    0.0031668  -0.00301541
 131    0.0031275  -0.00299022
 132    0.0007950  -0.00112595
 133    0.0007710  -0.00109768
 134    0.0007713  -0.00109441
 135    0.0007732  -0.00109747
 136    0.0007143  -0.00102005
 137    0.0007210  -0.00102941
 138    0.0007114  -0.00101693
 139    0.0007202  -0.00102853
 140    0.0001407  -0.00100991
 141    0.0001428  -0.00102563
 142    0.0000105  -0.00011497
 143    0.0000012  -0.00000597
 144    0.0000096  -0.00022989
 145    0.0001127  -0.00136563
 146    0.0001138  -0.00137138
 147    0.0001178  -0.00140231
 148    0.0001106  -0.00142462
 149    0.0001139  -0.00137489
 150    0.0001124  -0.00136785
 151    0.0001039  -0.00132556
 152    0.0001126  -0.00137002
 153    0.0000096  -0.00021282
 154    0.0000012  -0.00002724
 155    0.0001169  -0.00141403
 156    0.0000000  -0.00000078
 157    0.0000001  -0.00000158
 158    0.0000000  -0.00000078
 159    0.0000001  -0.00000033
 160    0.0000000  -0.00000029
 161    0.0000014  -0.00043330
 162    0.0000013  -0.00042236
 163    0.0000014  -0.00044250
 164    0.0000013  -0.00042270
 165    0.0003722  -0.00056065
 166    0.0003876  -0.00058447
 167    0.0003624  -0.00054565
 168    0.0003490  -0.00052562
 169    0.0003798  -0.00055764
 170    0.0003613  -0.00053228
 171    0.0003837  -0.00057446
 172    0.0003828  -0.00055802
 173    0.0002758  -0.00041617
 174    0.0002928  -0.00043255
 175    0.0002998  -0.00045540
 176    0.0002963  -0.00044509
 177    0.0005648  -0.00083718
 178    0.0005564  -0.00082883
 179    0.0005538  -0.00082332
 180    0.0005431  -0.00081515
 181    0.0000079  -0.00008428
 182    0.0000058  -0.00006726
 183    0.0000016  -0.00000505
 184    0.0000009  -0.00000189
 185    0.0000010  -0.00001131
 186    0.0000096  -0.00022970
 187    0.0000098  -0.00023141
 188    0.0000012  -0.00001190
 189    0.0000097  -0.00022657
 190    0.0001079  -0.00134604
 191    0.0000011  -0.00001179
 192    0.0000103  -0.00024107
 193    0.0000009  -0.00000927
 194    0.0000011  -0.00000753
 195    0.0000007  -0.00000278
 196    0.0000297  -0.00054962
 197    0.0000000  -0.00000016
 198    0.0000001  -0.00000029
 199    0.0000000  -0.00000053
 200    0.0000001  -0.00000012
 201    0.0000000  -0.00000025
 202    0.0000000  0.00000001
 203    0.0000001  0.00000003
 204    0.0000001  -0.00000005
 205    0.0000001  -0.00000005
 206    0.0000959  -0.00017743
 207    0.0001026  -0.00018583
 208    0.0000908  -0.00017176
 209    0.0000907  -0.00017019
 210    0.0000677  -0.00013237
 211    0.0000719  -0.00014189
 212    0.0000689  -0.00013537
 213    0.0000710  -0.00013969
 214    0.0001312  -0.00022635
 215    0.0001303  -0.00023023
 216    0.0001334  -0.00023319
 217    0.0001314  -0.00023080
 218    0.0000976  -0.00018116
 219    0.0001015  -0.00018383
 220    0.0001015  -0.00018415
 221    0.0001058  -0.00019044
 222    0.0000013  -0.00000290
 223    0.0000014  -0.00000211
 224    0.0000009  -0.00000270
 225    0.0000008  -0.00000058
 226    0.0000007  -0.00000293
 227    0.0000012  -0.00001167
 228    0.0000011  -0.00000853
 229    0.0000007  -0.00000294
 230    0.0000011  -0.00001115
 231    0.0000098  -0.00023190
 232    0.0000007  -0.00000198
 233    0.0000012  -0.00000960
 234    0.0000007  -0.00000283
 235    0.0000009  -0.00000313
 236    0.0000006  -0.00000123
 237    0.0000038  -0.00010581
 238    0.0000000  -0.00000016
 239    0.0000001  -0.00000007
 240    0.0000000  -0.00000009
 241    0.0000001  -0.00000011
 242    0.0000000  -0.00000029
 243    0.0000000  -0.00000003
 244    0.0000000  0.00000005
 245    0.0000000  -0.00000002
 246    0.0000001  -0.00000005
 247    0.0000669  -0.00013360
 248    0.0000679  -0.00013684
 249    0.0000683  -0.00013493
 250    0.0000663  -0.00013007
 251    0.0000621  -0.00013290
 252    0.0000672  -0.00013673
 253    0.0000611  -0.00013636
 254    0.0000694  -0.00014040
 255    0.0000960  -0.00017905
 256    0.0001016  -0.00018297
 257    0.0000981  -0.00018150
 258    0.0000921  -0.00017565
 259    0.0000851  -0.00017192
 260    0.0000876  -0.00017708
 261    0.0000853  -0.00017424
 262    0.0000894  -0.00017957
 263    0.0000011  -0.00000167
 264    0.0000012  -0.00000117
 265    0.0000008  -0.00000034
 266    0.0000007  -0.00000015
 267    0.0000006  -0.00000040
 268    0.0000007  -0.00000014
 269    0.0000008  -0.00000314
 270    0.0000007  -0.00000075
 271    0.0000008  -0.00000283
 272    0.0000012  -0.00001116
 273    0.0000007  -0.00000044
 274    0.0000010  -0.00000339
 275    0.0000007  -0.00000087
 276    0.0000008  -0.00000222
 277    0.0000005  -0.00000025
 278    0.0000015  -0.00001549
 279    0.0000000  -0.00000020
 280    0.0000000  -0.00000003
 281    0.0000000  -0.00000001
 282    0.0000001  -0.00000025
 283    0.0000000  0.00000004
 284    0.0000000  0.00000003
 285    0.0000000  -0.00000004
 286    0.0000000  0.00000005
 287    0.0000000  0.00000004
 288    0.0000532  -0.00010180
 289    0.0000484  -0.00009800
 290    0.0000509  -0.00010167
 291    0.0000542  -0.00010758
 292    0.0000597  -0.00011274
 293    0.0000560  -0.00010660
 294    0.0000590  -0.00010795
 295    0.0000530  -0.00010545
 296    0.0000574  -0.00010843
 297    0.0000548  -0.00010559
 298    0.0000563  -0.00010685
 299    0.0000565  -0.00010739
 300    0.0000685  -0.00013577
 301    0.0000676  -0.00013302
 302    0.0000672  -0.00013253
 303    0.0000649  -0.00012850
 304    0.0000011  -0.00000048
 305    0.0000011  -0.00000015
 306    0.0000008  -0.00000035
 307    0.0000007  -0.00000036
 308    0.0000006  -0.00000037
 309    0.0000007  -0.00000012
 310    0.0000007  -0.00000032
 311    0.0000006  -0.00000031
 312    0.0000007  -0.00000070
 313    0.0000008  -0.00000018
 314    0.0000006  -0.00000033
 315    0.0000010  -0.00000316
 316    0.0000006  -0.00000032
 317    0.0000006  -0.00000014
 318    0.0000005  -0.00000023
 319    0.0000011  -0.00000309
 320    0.0000000  -0.00000001
 321    0.0000000  0.00000000
 322    0.0000000  -0.00000001
 323    0.0000000  -0.00000063
 324    0.0000000  0.00000003
 325    0.0000000  0.00000003
 326    0.0000000  0.00000004
 327    0.0000000  0.00000004
 328    0.0000000  0.00000006
 
----------------
 Final Energies 
----------------
Final NOF Total Energy =   -2127.7177439
 
Total Orbital Internal Iterations = 341
Total Occupation Internal Iterations = 44
 
Elapsed time: 3999.51 Seconds

---------------------------------
   Lowdin Population Analysis    
---------------------------------
 Idx  Atom   Population   Charge 
---------------------------------
  1    Si    15.778      -1.778
  2    Cl    16.556       0.444
  3    Cl    16.555       0.445
  4    Cl    16.556       0.444
  5    Cl    16.556       0.444

---------------------------------
   M Diagnostic: 0.01
---------------------------------

Recovering execution output...
Moving from /scratch/pobleyef/284125 to /home-nas/pobleyef/Poison-NOF/ncwomax/P30-5/PNOF5/arina.284125
mkdir -p /home-nas/pobleyef/Poison-NOF/ncwomax/P30-5/PNOF5/arina.284125
mv /scratch/pobleyef/284125/* /home-nas/pobleyef/Poison-NOF/ncwomax/P30-5/PNOF5/arina.284125
