G2RC_10_67
/software/eb2024/easybuild/software/common/software/Julia/1.11.3-linux-x86_64/bin/julia
Job runing on nh005
Choosing scratch ...
Automatic scratch folder selection
/scratch/pobleyef/168360
/scratch/pobleyef/168360 directory
cp G2RC_10_67.jl G2RC_10_67.jld2 to  /scratch/pobleyef/168360/.
Computing Integrals
Elapsed time:    9.87 Seconds

Number of basis functions                   (NBF)    = 350
Number of auxiliary basis functions         (NBFAUX) = 640
Inactive Doubly occupied orbitals up to     (NO1)    = 0
No. considered Strongly Doubly occupied MOs (NDOC)   = 41
No. considered Strongly Singly occupied MOs (NSOC)   = 0
NO. of Weakly occ. per St. Doubly occ.  MOs (NCWO)   = 7
Dimension of the Nat. Orb. subspace         (NBF5)   = 328
No. of electrons                                     = 82
    No. of alpha electrons                           = 41
    No. of beta electrons                            = 41
Multiplicity                                         = 1

Geometry
========
Si       0.0000000       0.0000000       0.0000000
Cl       1.1825283      -1.1825283       1.1825283
Cl      -1.1825283       1.1825283       1.1825283
Cl      -1.1825283      -1.1825283      -1.1825283
Cl       1.1825283       1.1825283      -1.1825283

No violations of the orthonormality
No violations of the orthonormality
 
PNOF5/ADABelief Calculation
==================
 
  Nitext  Nit_orb  Time   Nit_occ  Time         Eelec          Etot           Ediff      maxdiff    MaxGrad_orb  Grad_occ
     1      10    3.7e+01   47    4.4e+01 -2646.02632295 -2125.72370002 -12645.02632295   0.000500   2.0e-03   3.3e-04 0.01
 
RESULTS OF THE OCCUPATION OPTIMIZATION
========================================
   1    1.9999741  -103.32513432
   2    1.9999627  -101.52999141
   3    1.9999626  -101.46883364
   4    1.9999625  -101.45423938
   5    1.9999610  -68.56931763
   6    1.9999065  -11.47144100
   7    1.9999063  -11.44707344
   8    1.9999044  -11.35154940
   9    1.9997886  -9.12256119
  10    1.9997964  -9.02877535
  11    1.9997965  -9.02595571
  12    1.9998000  -9.01269041
  13    1.9998071  -8.90083121
  14    1.9998071  -8.89978483
  15    1.9998076  -8.88476005
  16    1.9998062  -8.88369906
  17    1.9998074  -8.88179329
  18    1.9998070  -8.88170626
  19    1.9998072  -8.87692324
  20    1.9998070  -8.87282476
  21    1.9998072  -8.86770417
  22    1.9992801  -4.95096805
  23    1.9992740  -4.94959936
  24    1.9992754  -4.94952665
  25    1.9992686  -4.94443979
  26    1.9960022  -0.98750157
  27    1.9959952  -0.98729792
  28    1.9959242  -0.98672256
  29    1.9950801  -0.82240420
  30    1.9931452  -0.71874732
  31    1.9930897  -0.71638488
  32    1.9905522  -0.62110097
  33    1.9888857  -0.62066050
  34    1.9907698  -0.62059694
  35    1.9906937  -0.62015040
  36    1.9906818  -0.61966732
  37    1.9906309  -0.61946524
  38    1.9904725  -0.61894161
  39    1.9904174  -0.61858678
  40    1.9906523  -0.61830974
  41    1.9905630  -0.61775805
  42    0.0094339  -0.00694326
  43    0.0093458  -0.00691614
  44    0.0095797  -0.00700316
  45    0.0095240  -0.00697455
  46    0.0093665  -0.00691645
  47    0.0093159  -0.00690716
  48    0.0093042  -0.00690407
  49    0.0092278  -0.00685796
  50    0.0111123  -0.00744244
  51    0.0094427  -0.00691798
  52    0.0069031  -0.00620223
  53    0.0068518  -0.00617652
  54    0.0049164  -0.00499960
  55    0.0040718  -0.00491004
  56    0.0040009  -0.00484687
  57    0.0039941  -0.00484065
  58    0.0007299  -0.00546230
  59    0.0007230  -0.00541885
  60    0.0007244  -0.00542185
  61    0.0007180  -0.00539459
  62    0.0001913  -0.00293325
  63    0.0001916  -0.00293537
  64    0.0001915  -0.00293559
  65    0.0001915  -0.00293427
  66    0.0001912  -0.00293143
  67    0.0001926  -0.00293953
  68    0.0001911  -0.00293099
  69    0.0001915  -0.00293410
  70    0.0001916  -0.00293480
  71    0.0001986  -0.00299000
  72    0.0002023  -0.00302166
  73    0.0002023  -0.00302228
  74    0.0002101  -0.00308394
  75    0.0000943  -0.00145814
  76    0.0000926  -0.00143670
  77    0.0000925  -0.00143346
  78    0.0000388  -0.00557707
  79    0.0000373  -0.00723638
  80    0.0000373  -0.00723044
  81    0.0000371  -0.00720829
  82    0.0000258  -0.00569038
  83    0.0000008  -0.00000122
  84    0.0000005  -0.00000061
  85    0.0000008  -0.00000238
  86    0.0000010  -0.00000360
  87    0.0000007  -0.00000288
  88    0.0000005  -0.00000023
  89    0.0000005  -0.00000191
  90    0.0000006  -0.00000052
  91    0.0000005  -0.00000069
  92    0.0000017  -0.00001074
  93    0.0000035  -0.00002266
  94    0.0000007  -0.00000145
  95    0.0000008  -0.00000329
  96    0.0000009  -0.00000451
  97    0.0000011  -0.00000580
  98    0.0000009  -0.00000550
  99    0.0000003  -0.00000000
 100    0.0000003  -0.00000044
 101    0.0000003  -0.00000057
 102    0.0000004  -0.00000051
 103    0.0000004  -0.00000552
 104    0.0000003  -0.00000042
 105    0.0000002  -0.00000190
 106    0.0000003  -0.00000527
 107    0.0000003  -0.00000420
 108    0.0000002  0.00000009
 109    0.0000002  -0.00000200
 110    0.0000003  -0.00000380
 111    0.0000002  -0.00000044
 112    0.0000003  -0.00000285
 113    0.0000002  -0.00000073
 114    0.0000003  -0.00000232
 115    0.0000002  -0.00000233
 116    0.0000003  -0.00000823
 117    0.0000002  -0.00000443
 118    0.0000002  -0.00000022
 119    0.0000000  -0.00000035
 120    0.0000000  -0.00000155
 121    0.0000000  -0.00000013
 122    0.0000000  -0.00000043
 123    0.0000000  -0.00000156
 124    0.0000007  -0.00000088
 125    0.0000004  -0.00000083
 126    0.0000006  -0.00000129
 127    0.0000006  0.00000003
 128    0.0000006  -0.00000053
 129    0.0000005  -0.00000114
 130    0.0000005  -0.00000008
 131    0.0000005  -0.00000189
 132    0.0000004  0.00000001
 133    0.0000007  -0.00000071
 134    0.0000011  -0.00000113
 135    0.0000005  -0.00000010
 136    0.0000007  0.00000005
 137    0.0000009  -0.00000311
 138    0.0000006  0.00000020
 139    0.0000006  0.00000040
 140    0.0000003  -0.00000068
 141    0.0000003  -0.00000022
 142    0.0000003  -0.00000029
 143    0.0000004  -0.00000164
 144    0.0000003  -0.00000038
 145    0.0000002  -0.00000207
 146    0.0000002  -0.00000115
 147    0.0000003  -0.00000279
 148    0.0000002  -0.00000076
 149    0.0000002  -0.00000045
 150    0.0000002  -0.00000179
 151    0.0000002  -0.00000082
 152    0.0000002  -0.00000068
 153    0.0000002  -0.00000057
 154    0.0000002  -0.00000060
 155    0.0000003  -0.00000095
 156    0.0000002  -0.00000031
 157    0.0000002  -0.00000042
 158    0.0000002  -0.00000034
 159    0.0000002  -0.00000048
 160    0.0000000  -0.00000024
 161    0.0000000  -0.00000041
 162    0.0000000  -0.00000034
 163    0.0000000  -0.00000016
 164    0.0000000  -0.00000025
 165    0.0000005  -0.00000093
 166    0.0000003  0.00000006
 167    0.0000005  -0.00000011
 168    0.0000005  -0.00000041
 169    0.0000004  -0.00000064
 170    0.0000004  -0.00000032
 171    0.0000003  -0.00000064
 172    0.0000004  -0.00000068
 173    0.0000003  -0.00000276
 174    0.0000007  -0.00000124
 175    0.0000008  -0.00000114
 176    0.0000005  -0.00000083
 177    0.0000006  -0.00000093
 178    0.0000007  -0.00000019
 179    0.0000006  -0.00000239
 180    0.0000006  -0.00000120
 181    0.0000003  -0.00000005
 182    0.0000003  -0.00000014
 183    0.0000003  0.00000039
 184    0.0000003  -0.00000062
 185    0.0000002  -0.00000048
 186    0.0000002  -0.00000048
 187    0.0000002  -0.00000032
 188    0.0000003  -0.00000058
 189    0.0000002  -0.00000040
 190    0.0000002  -0.00000049
 191    0.0000002  -0.00000009
 192    0.0000002  -0.00000085
 193    0.0000002  -0.00000105
 194    0.0000002  -0.00000123
 195    0.0000002  -0.00000023
 196    0.0000002  -0.00000012
 197    0.0000002  -0.00000070
 198    0.0000002  -0.00000090
 199    0.0000002  -0.00000107
 200    0.0000002  -0.00000024
 201    0.0000000  -0.00000006
 202    0.0000000  -0.00000020
 203    0.0000000  -0.00000005
 204    0.0000000  -0.00000007
 205    0.0000000  -0.00000005
 206    0.0000005  -0.00000064
 207    0.0000003  -0.00000026
 208    0.0000004  -0.00000043
 209    0.0000005  -0.00000023
 210    0.0000004  0.00000049
 211    0.0000003  -0.00000061
 212    0.0000003  -0.00000156
 213    0.0000003  0.00000023
 214    0.0000003  0.00000027
 215    0.0000007  0.00000043
 216    0.0000008  -0.00000076
 217    0.0000005  -0.00000040
 218    0.0000005  -0.00000213
 219    0.0000006  0.00000053
 220    0.0000006  0.00000009
 221    0.0000005  0.00000036
 222    0.0000003  0.00000036
 223    0.0000003  -0.00000005
 224    0.0000003  0.00000038
 225    0.0000003  -0.00000025
 226    0.0000002  -0.00000097
 227    0.0000002  -0.00000099
 228    0.0000002  -0.00000058
 229    0.0000002  -0.00000053
 230    0.0000002  0.00000003
 231    0.0000002  -0.00000021
 232    0.0000002  -0.00000017
 233    0.0000002  -0.00000013
 234    0.0000002  -0.00000006
 235    0.0000002  -0.00000051
 236    0.0000002  -0.00000024
 237    0.0000002  0.00000013
 238    0.0000002  -0.00000073
 239    0.0000002  -0.00000048
 240    0.0000002  -0.00000019
 241    0.0000002  -0.00000004
 242    0.0000000  -0.00000001
 243    0.0000000  -0.00000007
 244    0.0000000  -0.00000013
 245    0.0000000  -0.00000017
 246    0.0000000  0.00000002
 247    0.0000003  -0.00000007
 248    0.0000002  -0.00000004
 249    0.0000003  -0.00000023
 250    0.0000005  -0.00000252
 251    0.0000003  -0.00000048
 252    0.0000003  -0.00000006
 253    0.0000003  -0.00000012
 254    0.0000003  0.00000027
 255    0.0000003  0.00000013
 256    0.0000007  -0.00000077
 257    0.0000006  -0.00000056
 258    0.0000005  -0.00000054
 259    0.0000005  -0.00000025
 260    0.0000005  0.00000051
 261    0.0000005  0.00000073
 262    0.0000005  0.00000044
 263    0.0000002  -0.00000047
 264    0.0000002  0.00000038
 265    0.0000003  0.00000031
 266    0.0000003  -0.00000032
 267    0.0000002  0.00000004
 268    0.0000002  -0.00000102
 269    0.0000002  -0.00000024
 270    0.0000002  0.00000015
 271    0.0000002  -0.00000004
 272    0.0000002  -0.00000043
 273    0.0000002  -0.00000006
 274    0.0000002  -0.00000023
 275    0.0000002  -0.00000027
 276    0.0000002  -0.00000041
 277    0.0000002  -0.00000009
 278    0.0000002  -0.00000051
 279    0.0000002  0.00000011
 280    0.0000002  -0.00000012
 281    0.0000002  -0.00000021
 282    0.0000002  -0.00000009
 283    0.0000000  0.00000002
 284    0.0000000  -0.00000001
 285    0.0000000  -0.00000000
 286    0.0000000  -0.00000047
 287    0.0000000  0.00000002
 288    0.0000003  -0.00000011
 289    0.0000002  0.00000015
 290    0.0000003  0.00000025
 291    0.0000004  0.00000016
 292    0.0000002  -0.00000019
 293    0.0000003  -0.00000028
 294    0.0000002  0.00000013
 295    0.0000003  0.00000040
 296    0.0000002  0.00000005
 297    0.0000006  -0.00000022
 298    0.0000004  0.00000106
 299    0.0000004  0.00000013
 300    0.0000004  0.00000048
 301    0.0000005  0.00000010
 302    0.0000005  0.00000043
 303    0.0000005  0.00000051
 304    0.0000002  0.00000034
 305    0.0000002  -0.00000002
 306    0.0000002  0.00000011
 307    0.0000003  0.00000024
 308    0.0000002  0.00000002
 309    0.0000002  -0.00000026
 310    0.0000002  0.00000005
 311    0.0000002  0.00000019
 312    0.0000002  -0.00000041
 313    0.0000001  0.00000050
 314    0.0000002  0.00000029
 315    0.0000002  0.00000025
 316    0.0000002  -0.00000044
 317    0.0000002  0.00000016
 318    0.0000002  0.00000028
 319    0.0000002  -0.00000012
 320    0.0000002  0.00000006
 321    0.0000002  0.00000015
 322    0.0000002  -0.00000023
 323    0.0000002  -0.00000068
 324    0.0000000  0.00000012
 325    0.0000000  -0.00000018
 326    0.0000000  -0.00000057
 327    0.0000000  0.00000008
 328    0.0000000  -0.00000100
 
----------------
 Final Energies 
----------------
Final NOF Total Energy =   -2125.7237000
 
Total Orbital Internal Iterations = 10
Total Occupation Internal Iterations = 47
 
Elapsed time:  102.18 Seconds

---------------------------------
   Lowdin Population Analysis    
---------------------------------
 Idx  Atom   Population   Charge 
---------------------------------
  1    Si    15.808      -1.808
  2    Cl    16.552       0.448
  3    Cl    16.547       0.453
  4    Cl    16.547       0.453
  5    Cl    16.546       0.454

---------------------------------
   M Diagnostic: 0.01
---------------------------------

Recovering execution output...
Moving from /scratch/pobleyef/168360 to /home-nas/pobleyef/Poison-Set/ncwomax/P30-5/PNOF5/arina.168360
mkdir -p /home-nas/pobleyef/Poison-Set/ncwomax/P30-5/PNOF5/arina.168360
mv /scratch/pobleyef/168360/* /home-nas/pobleyef/Poison-Set/ncwomax/P30-5/PNOF5/arina.168360
