G2RC_10_62
/software/eb2024/easybuild/software/common/software/Julia/1.11.3-linux-x86_64/bin/julia
Job runing on na07
Choosing scratch ...
Automatic scratch folder selection
/scratch/pobleyef/168358
/scratch/pobleyef/168358 directory
cp G2RC_10_62.jl G2RC_10_62.jld2 to  /scratch/pobleyef/168358/.
Computing Integrals
Elapsed time:   45.78 Seconds

Number of basis functions                   (NBF)    = 337
Number of auxiliary basis functions         (NBFAUX) = 587
Inactive Doubly occupied orbitals up to     (NO1)    = 0
No. considered Strongly Doubly occupied MOs (NDOC)   = 37
No. considered Strongly Singly occupied MOs (NSOC)   = 0
NO. of Weakly occ. per St. Doubly occ.  MOs (NCWO)   = 8
Dimension of the Nat. Orb. subspace         (NBF5)   = 333
No. of electrons                                     = 74
    No. of alpha electrons                           = 37
    No. of beta electrons                            = 37
Multiplicity                                         = 1

Geometry
========
 C       0.0000000       0.0000000       0.0000000
Cl       1.0334459      -1.0334459       1.0334459
Cl      -1.0334459       1.0334459       1.0334459
Cl      -1.0334459      -1.0334459      -1.0334459
Cl       1.0334459       1.0334459      -1.0334459

No violations of the orthonormality
No violations of the orthonormality
 
PNOF5/ADABelief Calculation
==================
 
  Nitext  Nit_orb  Time   Nit_occ  Time         Eelec          Etot           Ediff      maxdiff    MaxGrad_orb  Grad_occ
     1      10    9.2e+01   60    3.1e+01 -2308.91594397 -1874.37968460 -12307.91594397   0.000497   2.0e-03   2.9e-04 0.02
 
RESULTS OF THE OCCUPATION OPTIMIZATION
========================================
   1    1.9999743  -103.38586393
   2    1.9999743  -103.38309835
   3    1.9999743  -103.38262802
   4    1.9999743  -103.38222761
   5    1.9996166  -11.47197967
   6    1.9997957  -9.08779241
   7    1.9997973  -9.08760769
   8    1.9998003  -9.08720683
   9    1.9997944  -9.08615214
  10    1.9997998  -9.03830291
  11    1.9997999  -9.03801345
  12    1.9998002  -9.03786382
  13    1.9998004  -9.03772862
  14    1.9998000  -9.03770824
  15    1.9998014  -9.03763421
  16    1.9998000  -9.03752138
  17    1.9998012  -9.03744988
  18    1.9998002  -9.03723799
  19    1.9998001  -9.03707761
  20    1.9997997  -9.03701309
  21    1.9998003  -9.03671913
  22    1.9784500  -0.79088711
  23    1.9784682  -0.79081629
  24    1.9787998  -0.79076949
  25    1.9786520  -0.79075297
  26    1.9935282  -0.72744089
  27    1.9935243  -0.72726724
  28    1.9935596  -0.72722638
  29    1.9935295  -0.72717121
  30    1.9935067  -0.72714120
  31    1.9935369  -0.72707147
  32    1.9935121  -0.72699778
  33    1.9935634  -0.72694825
  34    1.9935196  -0.72692952
  35    1.9934937  -0.72688392
  36    1.9935128  -0.72685269
  37    1.9935041  -0.72684242
  38    0.0064928  -0.00611216
  39    0.0064843  -0.00610916
  40    0.0065042  -0.00611576
  41    0.0064761  -0.00610519
  42    0.0064340  -0.00609118
  43    0.0064844  -0.00610949
  44    0.0064603  -0.00610088
  45    0.0064899  -0.00611028
  46    0.0064678  -0.00610358
  47    0.0064379  -0.00609205
  48    0.0064729  -0.00610445
  49    0.0064689  -0.00610326
  50    0.0213448  -0.01675341
  51    0.0211968  -0.01669754
  52    0.0215283  -0.01682199
  53    0.0215483  -0.01682900
  54    0.0001985  -0.00296517
  55    0.0001993  -0.00296907
  56    0.0001989  -0.00296663
  57    0.0001986  -0.00296478
  58    0.0001977  -0.00296082
  59    0.0001991  -0.00296720
  60    0.0001973  -0.00295899
  61    0.0001991  -0.00296740
  62    0.0001986  -0.00296484
  63    0.0001988  -0.00296600
  64    0.0001991  -0.00296706
  65    0.0001992  -0.00296756
  66    0.0002047  -0.00301712
  67    0.0001981  -0.00298374
  68    0.0002015  -0.00300064
  69    0.0002033  -0.00300972
  70    0.0003828  -0.00773652
  71    0.0000256  -0.00567740
  72    0.0000256  -0.00567740
  73    0.0000256  -0.00567698
  74    0.0000256  -0.00567562
  75    0.0000006  -0.00000007
  76    0.0000006  -0.00000043
  77    0.0000005  -0.00000029
  78    0.0000016  -0.00001219
  79    0.0000006  -0.00000357
  80    0.0000007  -0.00000285
  81    0.0000005  -0.00000147
  82    0.0000006  -0.00000001
  83    0.0000005  0.00000003
  84    0.0000006  -0.00000036
  85    0.0000007  -0.00000046
  86    0.0000006  -0.00000000
  87    0.0000007  -0.00000033
  88    0.0000006  0.00000009
  89    0.0000007  0.00000013
  90    0.0000003  0.00000029
  91    0.0000003  -0.00000540
  92    0.0000002  -0.00000299
  93    0.0000002  -0.00000216
  94    0.0000002  -0.00000351
  95    0.0000002  -0.00000255
  96    0.0000002  -0.00000175
  97    0.0000003  -0.00000444
  98    0.0000002  -0.00000059
  99    0.0000002  -0.00000027
 100    0.0000002  -0.00000191
 101    0.0000002  -0.00000244
 102    0.0000002  -0.00000222
 103    0.0000002  -0.00000036
 104    0.0000005  -0.00002409
 105    0.0000002  -0.00001043
 106    0.0000002  -0.00000046
 107    0.0000001  -0.00000032
 108    0.0000000  -0.00000078
 109    0.0000000  -0.00000102
 110    0.0000000  -0.00000071
 111    0.0000000  -0.00000022
 112    0.0000005  -0.00000180
 113    0.0000005  -0.00000256
 114    0.0000004  -0.00000144
 115    0.0000006  0.00000036
 116    0.0000004  0.00000006
 117    0.0000007  0.00000002
 118    0.0000005  0.00000012
 119    0.0000006  -0.00000190
 120    0.0000005  -0.00000287
 121    0.0000004  -0.00000091
 122    0.0000006  -0.00000213
 123    0.0000005  -0.00000119
 124    0.0000005  -0.00000015
 125    0.0000006  -0.00000033
 126    0.0000005  -0.00000224
 127    0.0000003  -0.00000010
 128    0.0000002  -0.00000049
 129    0.0000002  -0.00000195
 130    0.0000002  -0.00000201
 131    0.0000002  -0.00000058
 132    0.0000002  -0.00000235
 133    0.0000002  -0.00000169
 134    0.0000002  -0.00000093
 135    0.0000002  -0.00000013
 136    0.0000002  -0.00000071
 137    0.0000002  -0.00000047
 138    0.0000002  -0.00000038
 139    0.0000002  -0.00000047
 140    0.0000001  -0.00000123
 141    0.0000002  0.00000008
 142    0.0000002  -0.00000031
 143    0.0000001  -0.00000025
 144    0.0000001  -0.00000010
 145    0.0000000  -0.00000018
 146    0.0000000  -0.00000019
 147    0.0000000  -0.00000006
 148    0.0000000  -0.00000001
 149    0.0000005  -0.00000077
 150    0.0000004  -0.00000085
 151    0.0000003  -0.00000028
 152    0.0000005  -0.00000107
 153    0.0000004  -0.00000036
 154    0.0000006  -0.00000310
 155    0.0000004  -0.00000029
 156    0.0000006  -0.00000208
 157    0.0000004  -0.00000048
 158    0.0000004  -0.00000079
 159    0.0000004  -0.00000014
 160    0.0000004  -0.00000065
 161    0.0000004  0.00000000
 162    0.0000005  -0.00000279
 163    0.0000005  -0.00000033
 164    0.0000003  -0.00000241
 165    0.0000002  -0.00000120
 166    0.0000001  -0.00000015
 167    0.0000002  -0.00000032
 168    0.0000002  -0.00000622
 169    0.0000002  -0.00000021
 170    0.0000001  -0.00000001
 171    0.0000002  -0.00000016
 172    0.0000001  -0.00000025
 173    0.0000002  -0.00000082
 174    0.0000002  -0.00000024
 175    0.0000001  -0.00000010
 176    0.0000002  -0.00000046
 177    0.0000001  -0.00000037
 178    0.0000002  -0.00000010
 179    0.0000002  -0.00000054
 180    0.0000001  -0.00000096
 181    0.0000001  0.00000011
 182    0.0000000  -0.00000000
 183    0.0000000  -0.00000002
 184    0.0000000  -0.00000001
 185    0.0000000  -0.00000011
 186    0.0000004  -0.00000237
 187    0.0000004  -0.00000033
 188    0.0000003  0.00000037
 189    0.0000005  -0.00000043
 190    0.0000004  -0.00000033
 191    0.0000005  -0.00000170
 192    0.0000004  -0.00000106
 193    0.0000005  -0.00000017
 194    0.0000004  -0.00000030
 195    0.0000003  -0.00000035
 196    0.0000004  -0.00000060
 197    0.0000004  -0.00000124
 198    0.0000004  -0.00000103
 199    0.0000005  -0.00000067
 200    0.0000005  -0.00000080
 201    0.0000003  -0.00000100
 202    0.0000002  -0.00000120
 203    0.0000001  -0.00000030
 204    0.0000002  -0.00000000
 205    0.0000002  -0.00000033
 206    0.0000002  -0.00000019
 207    0.0000001  0.00000006
 208    0.0000002  0.00000009
 209    0.0000001  -0.00000084
 210    0.0000002  -0.00000036
 211    0.0000001  -0.00000047
 212    0.0000001  -0.00000033
 213    0.0000001  -0.00000012
 214    0.0000001  0.00000003
 215    0.0000002  -0.00000010
 216    0.0000002  -0.00000126
 217    0.0000001  -0.00000015
 218    0.0000001  -0.00000013
 219    0.0000000  -0.00000005
 220    0.0000000  0.00000000
 221    0.0000000  -0.00000008
 222    0.0000000  -0.00000006
 223    0.0000004  -0.00000060
 224    0.0000004  -0.00000015
 225    0.0000003  -0.00000000
 226    0.0000005  -0.00000016
 227    0.0000003  -0.00000068
 228    0.0000004  -0.00000039
 229    0.0000004  -0.00000085
 230    0.0000005  -0.00000156
 231    0.0000003  -0.00000046
 232    0.0000003  0.00000028
 233    0.0000003  -0.00000012
 234    0.0000003  -0.00000029
 235    0.0000004  -0.00000152
 236    0.0000004  -0.00000162
 237    0.0000004  -0.00000003
 238    0.0000003  -0.00000012
 239    0.0000002  -0.00000028
 240    0.0000001  0.00000009
 241    0.0000001  -0.00000016
 242    0.0000002  -0.00000014
 243    0.0000001  0.00000003
 244    0.0000001  0.00000007
 245    0.0000002  -0.00000002
 246    0.0000001  -0.00000054
 247    0.0000001  -0.00000018
 248    0.0000001  0.00000003
 249    0.0000001  -0.00000021
 250    0.0000001  -0.00000042
 251    0.0000001  -0.00000034
 252    0.0000002  -0.00000001
 253    0.0000002  0.00000005
 254    0.0000001  -0.00000048
 255    0.0000001  -0.00000048
 256    0.0000000  -0.00000000
 257    0.0000000  0.00000000
 258    0.0000000  -0.00000004
 259    0.0000000  -0.00000002
 260    0.0000004  -0.00000123
 261    0.0000004  -0.00000026
 262    0.0000002  -0.00000033
 263    0.0000004  -0.00000066
 264    0.0000003  -0.00000047
 265    0.0000004  0.00000021
 266    0.0000004  -0.00000086
 267    0.0000004  -0.00000003
 268    0.0000003  -0.00000005
 269    0.0000003  0.00000000
 270    0.0000003  0.00000001
 271    0.0000003  -0.00000012
 272    0.0000004  0.00000028
 273    0.0000004  -0.00000082
 274    0.0000004  -0.00000107
 275    0.0000002  -0.00000156
 276    0.0000002  -0.00000013
 277    0.0000001  -0.00000011
 278    0.0000001  0.00000018
 279    0.0000001  0.00000024
 280    0.0000001  0.00000022
 281    0.0000001  -0.00000005
 282    0.0000002  -0.00000026
 283    0.0000001  -0.00000006
 284    0.0000001  -0.00000011
 285    0.0000001  0.00000011
 286    0.0000001  0.00000017
 287    0.0000001  0.00000003
 288    0.0000001  0.00000001
 289    0.0000002  -0.00000012
 290    0.0000002  0.00000013
 291    0.0000001  -0.00000042
 292    0.0000001  0.00000007
 293    0.0000000  -0.00000003
 294    0.0000000  -0.00000000
 295    0.0000000  -0.00000002
 296    0.0000000  -0.00000005
 297    0.0000004  0.00000030
 298    0.0000003  -0.00000035
 299    0.0000002  0.00000008
 300    0.0000003  0.00000007
 301    0.0000002  0.00000008
 302    0.0000002  -0.00000033
 303    0.0000002  -0.00000008
 304    0.0000004  -0.00000040
 305    0.0000002  0.00000023
 306    0.0000002  -0.00000049
 307    0.0000002  0.00000017
 308    0.0000003  -0.00000086
 309    0.0000003  -0.00000102
 310    0.0000004  0.00000045
 311    0.0000003  -0.00000120
 312    0.0000000  0.00000036
 313    0.0000001  0.00000051
 314    0.0000001  0.00000027
 315    0.0000001  -0.00000018
 316    0.0000001  -0.00000015
 317    0.0000001  -0.00000349
 318    0.0000001  -0.00000052
 319    0.0000002  -0.00000599
 320    0.0000001  -0.00000178
 321    0.0000001  -0.00000344
 322    0.0000001  -0.00000238
 323    0.0000001  -0.00000182
 324    0.0000001  0.00000006
 325    0.0000001  0.00000005
 326    0.0000002  -0.00000006
 327    0.0000001  0.00000021
 328    0.0000001  -0.00000112
 329    0.0000000  0.00000052
 330    0.0000000  0.00000011
 331    0.0000000  -0.00000344
 332    0.0000000  -0.00000126
 333    0.0000000  0.00000045
 
----------------
 Final Energies 
----------------
Final NOF Total Energy =   -1874.3796846
 
Total Orbital Internal Iterations = 10
Total Occupation Internal Iterations = 60
 
Elapsed time:  142.54 Seconds

---------------------------------
   Lowdin Population Analysis    
---------------------------------
 Idx  Atom   Population   Charge 
---------------------------------
  1     C     7.623      -1.623
  2    Cl    16.594       0.406
  3    Cl    16.594       0.406
  4    Cl    16.594       0.406
  5    Cl    16.594       0.406

---------------------------------
   M Diagnostic: 0.02
---------------------------------

Recovering execution output...
Moving from /scratch/pobleyef/168358 to /home-nas/pobleyef/Poison-Set/ncwomax/P30-5/PNOF5/arina.168358
mkdir -p /home-nas/pobleyef/Poison-Set/ncwomax/P30-5/PNOF5/arina.168358
mv /scratch/pobleyef/168358/* /home-nas/pobleyef/Poison-Set/ncwomax/P30-5/PNOF5/arina.168358
