s
/software/eb2024/easybuild/software/common/software/Julia/1.11.3-linux-x86_64/bin/julia
Job runing on na09
Choosing scratch ...
Automatic scratch folder selection
/scratch/pobleyef/168380
/scratch/pobleyef/168380 directory
cp s.jl s.jld2 to  /scratch/pobleyef/168380/.
Computing Integrals
Elapsed time:    3.80 Seconds

Number of basis functions                   (NBF)    = 70
Number of auxiliary basis functions         (NBFAUX) = 128
Inactive Doubly occupied orbitals up to     (NO1)    = 0
No. considered Strongly Doubly occupied MOs (NDOC)   = 7
No. considered Strongly Singly occupied MOs (NSOC)   = 2
NO. of Weakly occ. per St. Doubly occ.  MOs (NCWO)   = 8
Dimension of the Nat. Orb. subspace         (NBF5)   = 65
No. of electrons                                     = 16
    No. of alpha electrons                           = 9
    No. of beta electrons                            = 7
Multiplicity                                         = 3

Geometry
========
 S       0.0000000       0.0000000       0.0000000

No violations of the orthonormality
No violations of the orthonormality
 
PNOF5/ADABelief Calculation
==================
 
  Nitext  Nit_orb  Time   Nit_occ  Time         Eelec          Etot           Ediff      maxdiff    MaxGrad_orb  Grad_occ
     1      10    1.6e+01   44    2.0e+01  -397.26043408  -397.26043408 -10396.26043408   0.000472   1.9e-03   1.9e-04 0.01
 
RESULTS OF THE OCCUPATION OPTIMIZATION
========================================
   1    1.9999688  -90.93627507
   2    1.9996815  -7.56603335
   3    1.9996801  -7.56583172
   4    1.9997127  -7.48535499
   5    1.9997104  -7.47680272
   6    1.9936811  -0.68403118
   7    1.9934389  -0.67126892
   8    1.0000000  -0.24106871
   9    1.0000000  -0.24106682
  10    0.0065168  -0.00551927
  11    0.0062664  -0.00538191
  12    0.0002678  -0.00346364
  13    0.0002851  -0.00355682
  14    0.0003126  -0.00379468
  15    0.0003148  -0.00380424
  16    0.0000290  -0.00559459
  17    0.0000180  -0.00004674
  18    0.0000180  -0.00004441
  19    0.0000185  -0.00018949
  20    0.0000005  -0.00000868
  21    0.0000045  -0.00006494
  22    0.0000013  -0.00002095
  23    0.0000019  -0.00018518
  24    0.0000069  -0.00002828
  25    0.0000079  -0.00002218
  26    0.0000006  -0.00000544
  27    0.0000004  -0.00000349
  28    0.0000006  -0.00000557
  29    0.0000005  -0.00000708
  30    0.0000000  -0.00000172
  31    0.0000062  -0.00001254
  32    0.0000068  -0.00002506
  33    0.0000006  -0.00000498
  34    0.0000003  -0.00000297
  35    0.0000005  -0.00000478
  36    0.0000004  -0.00000443
  37    0.0000000  -0.00000020
  38    0.0000051  -0.00001378
  39    0.0000062  -0.00001482
  40    0.0000006  -0.00000451
  41    0.0000003  -0.00000188
  42    0.0000005  -0.00000441
  43    0.0000004  -0.00000368
  44    0.0000000  -0.00000022
  45    0.0000039  -0.00001136
  46    0.0000049  -0.00000941
  47    0.0000005  -0.00000243
  48    0.0000003  -0.00000113
  49    0.0000005  -0.00000306
  50    0.0000003  -0.00000213
  51    0.0000000  -0.00000014
  52    0.0000023  -0.00000316
  53    0.0000049  -0.00001093
  54    0.0000005  -0.00000240
  55    0.0000003  -0.00000133
  56    0.0000004  -0.00000098
  57    0.0000003  -0.00000129
  58    0.0000000  -0.00000008
  59    0.0000019  -0.00000701
  60    0.0000038  -0.00000651
  61    0.0000005  -0.00000266
  62    0.0000002  -0.00000099
  63    0.0000003  -0.00000025
  64    0.0000003  -0.00000148
  65    0.0000000  -0.00000005
 
----------------
 Final Energies 
----------------
Final NOF Total Energy =    -397.2604341
 
Total Orbital Internal Iterations = 10
Total Occupation Internal Iterations = 44
 
Elapsed time:   46.77 Seconds

---------------------------------
   Lowdin Population Analysis    
---------------------------------
 Idx  Atom   Population   Charge 
---------------------------------
  1     S    16.000      -0.000

---------------------------------
   M Diagnostic: 0.01
---------------------------------

Recovering execution output...
Moving from /scratch/pobleyef/168380 to /home-nas/pobleyef/Poison-Set/ncwomax/P30-5/PNOF5/arina.168380
mkdir -p /home-nas/pobleyef/Poison-Set/ncwomax/P30-5/PNOF5/arina.168380
mv /scratch/pobleyef/168380/* /home-nas/pobleyef/Poison-Set/ncwomax/P30-5/PNOF5/arina.168380
