SIE4x4_6_he2+_1.5
/software/eb2024/easybuild/software/common/software/Julia/1.11.3-linux-x86_64/bin/julia
Job runing on nh030
Choosing scratch ...
Automatic scratch folder selection
/scratch/pobleyef/168377
/scratch/pobleyef/168377 directory
cp SIE4x4_6_he2+_1.5.jl SIE4x4_6_he2+_1.5.jld2 to  /scratch/pobleyef/168377/.
Computing Integrals
Elapsed time:    5.97 Seconds

Number of basis functions                   (NBF)    = 60
Number of auxiliary basis functions         (NBFAUX) = 46
Inactive Doubly occupied orbitals up to     (NO1)    = 0
No. considered Strongly Doubly occupied MOs (NDOC)   = 1
No. considered Strongly Singly occupied MOs (NSOC)   = 1
NO. of Weakly occ. per St. Doubly occ.  MOs (NCWO)   = 58
Dimension of the Nat. Orb. subspace         (NBF5)   = 60
No. of electrons                                     = 3
    No. of alpha electrons                           = 2
    No. of beta electrons                            = 1
Multiplicity                                         = 2

Geometry
========
He       0.0000000       0.0000000      -0.8056528
He       0.0000000       0.0000000       0.8056528

No violations of the orthonormality
No violations of the orthonormality
 
PNOF5/ADABelief Calculation
==================
 
  Nitext  Nit_orb  Time   Nit_occ  Time         Eelec          Etot           Ediff      maxdiff    MaxGrad_orb  Grad_occ
     1      10    2.7e+01   21    3.3e+01    -6.18936268    -4.87570468 -10005.18936268   0.011073   4.4e-02   1.4e-04 0.01
     2      10    3.4e-02   20    5.7e-02    -6.21608478    -4.90242678    -0.02672210   0.027020   1.1e-01   1.2e-04 0.01
     3      10    2.6e-02    6    2.0e-02    -6.22078399    -4.90712598    -0.00469920   0.023871   9.5e-02   1.5e-04 0.01
     4      10    2.4e-02    5    1.7e-02    -6.22336588    -4.90970788    -0.00258190   0.020071   8.0e-02   1.7e-04 0.01
     5      10    2.4e-02    9    2.9e-02    -6.22383094    -4.91017293    -0.00046505   0.029616   1.2e-01   1.3e-04 0.01
     6      10    2.5e-02    0    7.9e-03    -6.22390418    -4.91024617    -0.00007324   0.029622   1.2e-01   1.3e-04 0.01
     7      18    4.5e-02    2    8.0e-03    -6.22505162    -4.91139362    -0.00114744   0.000401   1.6e-03   7.1e-05 0.01
 
RESULTS OF THE OCCUPATION OPTIMIZATION
========================================
   1    1.9867625  -1.33098637
   2    1.0000000  -0.93728662
   3    0.0059823  -0.01011231
   4    0.0022898  -0.00425181
   5    0.0021715  -0.00406326
   6    0.0021606  -0.00405352
   7    0.0000821  -0.00031675
   8    0.0000775  -0.00029907
   9    0.0000769  -0.00028616
  10    0.0000625  -0.00025418
  11    0.0000527  -0.00018898
  12    0.0000498  -0.00018412
  13    0.0000492  -0.00018177
  14    0.0000393  -0.00015769
  15    0.0000309  -0.00012132
  16    0.0000215  -0.00005825
  17    0.0000173  -0.00003713
  18    0.0000118  -0.00003920
  19    0.0000076  -0.00003899
  20    0.0000075  -0.00002949
  21    0.0000053  -0.00003934
  22    0.0000053  -0.00003484
  23    0.0000045  -0.00003092
  24    0.0000032  -0.00002899
  25    0.0000029  -0.00002585
  26    0.0000028  -0.00002287
  27    0.0000021  -0.00002058
  28    0.0000020  -0.00002258
  29    0.0000018  -0.00000947
  30    0.0000016  -0.00000118
  31    0.0000015  -0.00000043
  32    0.0000014  -0.00000076
  33    0.0000011  -0.00000067
  34    0.0000009  -0.00000044
  35    0.0000008  -0.00000043
  36    0.0000008  -0.00000043
  37    0.0000008  -0.00000049
  38    0.0000007  0.00000022
  39    0.0000006  0.00000320
  40    0.0000006  0.00000309
  41    0.0000005  0.00000228
  42    0.0000005  0.00000191
  43    0.0000004  0.00000194
  44    0.0000004  0.00000209
  45    0.0000004  0.00000198
  46    0.0000004  0.00000162
  47    0.0000002  0.00000173
  48    0.0000002  0.00000220
  49    0.0000002  0.00000159
  50    0.0000002  0.00000205
  51    0.0000002  0.00000207
  52    0.0000002  0.00000206
  53    0.0000002  0.00000207
  54    0.0000002  0.00000182
  55    0.0000002  0.00000199
  56    0.0000002  0.00000203
  57    0.0000002  0.00000202
  58    0.0000002  0.00000208
  59    0.0000002  0.00000216
  60    0.0000002  0.00000241
 
----------------
 Final Energies 
----------------
Final NOF Total Energy =      -4.9113936
 
Total Orbital Internal Iterations = 78
Total Occupation Internal Iterations = 63
 
Elapsed time:   79.07 Seconds

---------------------------------
   Lowdin Population Analysis    
---------------------------------
 Idx  Atom   Population   Charge 
---------------------------------
  1    He     1.111       0.889
  2    He     1.889       0.111

---------------------------------
   M Diagnostic: 0.01
---------------------------------

Recovering execution output...
Moving from /scratch/pobleyef/168377 to /home-nas/pobleyef/Poison-Set/ncwomax/P30-5/PNOF5/arina.168377
mkdir -p /home-nas/pobleyef/Poison-Set/ncwomax/P30-5/PNOF5/arina.168377
mv /scratch/pobleyef/168377/* /home-nas/pobleyef/Poison-Set/ncwomax/P30-5/PNOF5/arina.168377
