SIE4x4_7_he2+_1.75
/software/eb2024/easybuild/software/common/software/Julia/1.11.3-linux-x86_64/bin/julia
Job runing on nh029
Choosing scratch ...
Automatic scratch folder selection
/scratch/pobleyef/168378
/scratch/pobleyef/168378 directory
cp SIE4x4_7_he2+_1.75.jl SIE4x4_7_he2+_1.75.jld2 to  /scratch/pobleyef/168378/.
Computing Integrals
Elapsed time:    5.77 Seconds

Number of basis functions                   (NBF)    = 60
Number of auxiliary basis functions         (NBFAUX) = 46
Inactive Doubly occupied orbitals up to     (NO1)    = 0
No. considered Strongly Doubly occupied MOs (NDOC)   = 1
No. considered Strongly Singly occupied MOs (NSOC)   = 1
NO. of Weakly occ. per St. Doubly occ.  MOs (NCWO)   = 58
Dimension of the Nat. Orb. subspace         (NBF5)   = 60
No. of electrons                                     = 3
    No. of alpha electrons                           = 2
    No. of beta electrons                            = 1
Multiplicity                                         = 2

Geometry
========
He       0.0000000       0.0000000      -0.9399283
He       0.0000000       0.0000000       0.9399283

No violations of the orthonormality
No violations of the orthonormality
 
PNOF5/ADABelief Calculation
==================
 
  Nitext  Nit_orb  Time   Nit_occ  Time         Eelec          Etot           Ediff      maxdiff    MaxGrad_orb  Grad_occ
     1      10    2.7e+01   19    3.3e+01    -5.99162579    -4.86563321 -10004.99162579   0.001228   5.3e-03   1.6e-04 0.01
     2      20    7.8e-02   17    7.2e-02    -6.02190048    -4.89590791    -0.03027469   0.011332   4.5e-02   1.6e-04 0.01
     3      20    5.1e-02    7    3.2e-02    -6.02721976    -4.90122719    -0.00531928   0.001100   4.4e-03   1.7e-04 0.01
     4      20    4.9e-02    7    3.3e-02    -6.03008186    -4.90408928    -0.00286210   0.001080   4.3e-03   1.5e-04 0.01
     5      20    4.9e-02    7    3.2e-02    -6.03153455    -4.90554198    -0.00145270   0.000808   3.2e-03   1.4e-04 0.01
 
RESULTS OF THE OCCUPATION OPTIMIZATION
========================================
   1    1.9846897  -1.24941691
   2    1.0000000  -0.97681853
   3    0.0072600  -0.01167329
   4    0.0026764  -0.00463884
   5    0.0025523  -0.00431657
   6    0.0021525  -0.00412750
   7    0.0001188  -0.00040861
   8    0.0000976  -0.00035333
   9    0.0000781  -0.00027681
  10    0.0000593  -0.00023920
  11    0.0000518  -0.00021947
  12    0.0000483  -0.00020101
  13    0.0000410  -0.00017215
  14    0.0000357  -0.00015695
  15    0.0000263  -0.00014343
  16    0.0000175  -0.00007638
  17    0.0000136  -0.00004855
  18    0.0000118  -0.00003862
  19    0.0000100  -0.00002873
  20    0.0000082  -0.00002841
  21    0.0000063  -0.00004580
  22    0.0000039  -0.00003513
  23    0.0000037  -0.00003247
  24    0.0000035  -0.00002434
  25    0.0000029  -0.00002194
  26    0.0000029  -0.00002345
  27    0.0000028  -0.00002276
  28    0.0000024  -0.00000901
  29    0.0000024  -0.00000443
  30    0.0000022  -0.00000576
  31    0.0000017  -0.00000577
  32    0.0000014  0.00000148
  33    0.0000013  0.00000130
  34    0.0000013  0.00000163
  35    0.0000012  0.00000165
  36    0.0000011  0.00000167
  37    0.0000007  0.00000175
  38    0.0000006  0.00000293
  39    0.0000006  0.00000254
  40    0.0000006  0.00000338
  41    0.0000006  0.00000333
  42    0.0000005  0.00000365
  43    0.0000005  0.00000344
  44    0.0000005  0.00000342
  45    0.0000005  0.00000316
  46    0.0000005  0.00000370
  47    0.0000003  0.00000303
  48    0.0000003  0.00000308
  49    0.0000003  0.00000302
  50    0.0000003  0.00000321
  51    0.0000003  0.00000291
  52    0.0000003  0.00000286
  53    0.0000003  0.00000277
  54    0.0000003  0.00000275
  55    0.0000003  0.00000300
  56    0.0000003  0.00000299
  57    0.0000003  0.00000260
  58    0.0000003  0.00000273
  59    0.0000003  0.00000254
  60    0.0000003  0.00000247
 
----------------
 Final Energies 
----------------
Final NOF Total Energy =      -4.9055420
 
Total Orbital Internal Iterations = 90
Total Occupation Internal Iterations = 57
 
Elapsed time:   79.27 Seconds

---------------------------------
   Lowdin Population Analysis    
---------------------------------
 Idx  Atom   Population   Charge 
---------------------------------
  1    He     1.042       0.958
  2    He     1.958       0.042

---------------------------------
   M Diagnostic: 0.01
---------------------------------

Recovering execution output...
Moving from /scratch/pobleyef/168378 to /home-nas/pobleyef/Poison-Set/ncwomax/P30-5/PNOF5/arina.168378
mkdir -p /home-nas/pobleyef/Poison-Set/ncwomax/P30-5/PNOF5/arina.168378
mv /scratch/pobleyef/168378/* /home-nas/pobleyef/Poison-Set/ncwomax/P30-5/PNOF5/arina.168378
