W4-11_114_c-hooo
/software/eb2024/easybuild/software/common/software/Julia/1.11.3-linux-x86_64/bin/julia
Job runing on nagpu01
Choosing scratch ...
Automatic scratch folder selection
/scratch/pobleyef/168386
/scratch/pobleyef/168386 directory
cp W4-11_114_c-hooo.jl W4-11_114_c-hooo.jld2 to  /scratch/pobleyef/168386/.
Computing Integrals
Elapsed time:   15.35 Seconds

Number of basis functions                   (NBF)    = 201
Number of auxiliary basis functions         (NBFAUX) = 249
Inactive Doubly occupied orbitals up to     (NO1)    = 0
No. considered Strongly Doubly occupied MOs (NDOC)   = 12
No. considered Strongly Singly occupied MOs (NSOC)   = 1
NO. of Weakly occ. per St. Doubly occ.  MOs (NCWO)   = 15
Dimension of the Nat. Orb. subspace         (NBF5)   = 193
No. of electrons                                     = 25
    No. of alpha electrons                           = 13
    No. of beta electrons                            = 12
Multiplicity                                         = 2

Geometry
========
 O       1.1439430       0.0753540       0.0000000
 O       0.0000000       0.5769450       0.0000000
 O      -1.0821140      -0.4938720       0.0000000
 H      -0.4946340      -1.2674190       0.0000000

No violations of the orthonormality
No violations of the orthonormality
 
PNOF5/ADABelief Calculation
==================
 
  Nitext  Nit_orb  Time   Nit_occ  Time         Eelec          Etot           Ediff      maxdiff    MaxGrad_orb  Grad_occ
     1      10    8.5e+01   28    2.4e+01  -297.51094094  -224.83743287 -10296.51094094   0.329142   1.3e+00   2.2e-04 0.00
     2      10    6.1e+01    0    2.6e-01  -297.69900735  -225.02549928    -0.18806641   0.329131   1.3e+00   2.2e-04 0.00
     3      30    2.0e+02   39    3.0e+00  -297.86648984  -225.19298176    -0.16748248   0.221945   8.9e-01   2.1e-04 0.02
     4      30    2.2e+02   35    1.8e+00  -297.94484987  -225.27134180    -0.07836004   0.013796   5.5e-02   2.2e-04 0.06
     5      30    2.1e+02   18    1.2e+00  -297.95953647  -225.28602839    -0.01468659   0.020147   8.1e-02   2.0e-04 0.08
     6      30    1.8e+02   25    1.4e+00  -297.96399321  -225.29048513    -0.00445674   0.016552   6.6e-02   2.2e-04 0.08
     7      30    2.0e+02   10    6.9e-01  -297.96774344  -225.29423536    -0.00375023   0.017404   7.0e-02   2.0e-04 0.09
     8      30    1.6e+02    8    5.5e-01  -297.96951257  -225.29600449    -0.00176913   0.011202   4.5e-02   1.5e-04 0.09
     9      30    1.7e+02    1    1.8e-01  -297.97012826  -225.29662018    -0.00061568   0.009635   3.9e-02   1.9e-04 0.09
    10      30    1.3e+02    1    1.7e-01  -297.97050693  -225.29699885    -0.00037867   0.008671   3.5e-02   1.7e-04 0.09
    11      30    1.1e+02    0    1.2e-01  -297.97050785  -225.29699978    -0.00000092   0.008671   3.5e-02   1.7e-04 0.09
    12      44    1.6e+02    8    4.7e-01  -297.97076611  -225.29725803    -0.00025826   0.000476   1.9e-03   1.9e-04 0.09
 
RESULTS OF THE OCCUPATION OPTIMIZATION
========================================
   1    1.9997812  -20.69710862
   2    1.9997766  -20.67919561
   3    1.9997796  -20.63087229
   4    1.9778931  -1.13797248
   5    1.9807957  -0.97269582
   6    1.9941840  -0.95862917
   7    1.9941759  -0.95561571
   8    1.9919862  -0.93286261
   9    1.9921120  -0.92236394
  10    1.9913039  -0.84612286
  11    1.9912884  -0.84579552
  12    1.9110120  -0.72604160
  13    1.0000000  -0.30049957
  14    0.0882697  -0.05579874
  15    0.0064462  -0.00851370
  16    0.0064345  -0.00850595
  17    0.0054595  -0.00769857
  18    0.0056370  -0.00794748
  19    0.0040840  -0.00609871
  20    0.0040885  -0.00610282
  21    0.0158532  -0.01729665
  22    0.0202807  -0.02398782
  23    0.0001818  -0.00678650
  24    0.0001819  -0.00679096
  25    0.0001848  -0.00688769
  26    0.0004979  -0.00079615
  27    0.0008527  -0.00172972
  28    0.0008513  -0.00172502
  29    0.0007470  -0.00163706
  30    0.0007845  -0.00168734
  31    0.0005774  -0.00135488
  32    0.0005727  -0.00133338
  33    0.0016056  -0.00275116
  34    0.0010553  -0.00215785
  35    0.0000208  -0.00052655
  36    0.0000211  -0.00052077
  37    0.0000208  -0.00051564
  38    0.0001202  -0.00026861
  39    0.0006085  -0.00132546
  40    0.0006173  -0.00131958
  41    0.0007443  -0.00150688
  42    0.0006910  -0.00143839
  43    0.0004516  -0.00107721
  44    0.0004584  -0.00106085
  45    0.0008039  -0.00150975
  46    0.0004056  -0.00098435
  47    0.0000137  -0.00036535
  48    0.0000165  -0.00043508
  49    0.0000087  -0.00025875
  50    0.0000723  -0.00016080
  51    0.0004559  -0.00105928
  52    0.0004396  -0.00105055
  53    0.0004998  -0.00120015
  54    0.0004726  -0.00114206
  55    0.0004076  -0.00099969
  56    0.0003856  -0.00098996
  57    0.0006271  -0.00122356
  58    0.0003053  -0.00081913
  59    0.0000018  -0.00015290
  60    0.0000018  -0.00015311
  61    0.0000019  -0.00014739
  62    0.0000146  -0.00004013
  63    0.0000940  -0.00028370
  64    0.0000924  -0.00027894
  65    0.0001209  -0.00033896
  66    0.0001157  -0.00032811
  67    0.0000956  -0.00028917
  68    0.0000943  -0.00028758
  69    0.0000754  -0.00022348
  70    0.0000165  -0.00007280
  71    0.0000004  -0.00000690
  72    0.0000004  -0.00000446
  73    0.0000006  -0.00000521
  74    0.0000039  -0.00001325
  75    0.0000783  -0.00025163
  76    0.0000786  -0.00025625
  77    0.0001102  -0.00032294
  78    0.0001044  -0.00031336
  79    0.0000637  -0.00022055
  80    0.0000740  -0.00025060
  81    0.0000648  -0.00020398
  82    0.0000119  -0.00006059
  83    0.0000004  -0.00000378
  84    0.0000003  -0.00000353
  85    0.0000003  -0.00000310
  86    0.0000019  -0.00000719
  87    0.0000587  -0.00018532
  88    0.0000604  -0.00018449
  89    0.0000697  -0.00019107
  90    0.0000710  -0.00019299
  91    0.0000433  -0.00014926
  92    0.0000462  -0.00015469
  93    0.0000448  -0.00013635
  94    0.0000095  -0.00005399
  95    0.0000003  -0.00000297
  96    0.0000002  -0.00000285
  97    0.0000003  -0.00000269
  98    0.0000019  -0.00000547
  99    0.0000500  -0.00017104
 100    0.0000473  -0.00017155
 101    0.0000463  -0.00016610
 102    0.0000514  -0.00017848
 103    0.0000372  -0.00014070
 104    0.0000336  -0.00013217
 105    0.0000405  -0.00012773
 106    0.0000056  -0.00003104
 107    0.0000002  -0.00000244
 108    0.0000002  -0.00000258
 109    0.0000002  -0.00000154
 110    0.0000012  -0.00000391
 111    0.0000337  -0.00014621
 112    0.0000337  -0.00014683
 113    0.0000394  -0.00016778
 114    0.0000386  -0.00016434
 115    0.0000285  -0.00012474
 116    0.0000276  -0.00012639
 117    0.0000303  -0.00009708
 118    0.0000041  -0.00002175
 119    0.0000002  -0.00000033
 120    0.0000002  -0.00000044
 121    0.0000002  0.00000035
 122    0.0000010  -0.00000404
 123    0.0000098  -0.00004826
 124    0.0000167  -0.00006288
 125    0.0000184  -0.00006477
 126    0.0000161  -0.00006396
 127    0.0000127  -0.00005007
 128    0.0000094  -0.00004329
 129    0.0000189  -0.00006898
 130    0.0000032  -0.00001920
 131    0.0000002  0.00000002
 132    0.0000001  0.00000023
 133    0.0000002  0.00000009
 134    0.0000009  -0.00000257
 135    0.0000068  -0.00002799
 136    0.0000070  -0.00002773
 137    0.0000097  -0.00004559
 138    0.0000085  -0.00004213
 139    0.0000060  -0.00002869
 140    0.0000076  -0.00003057
 141    0.0000157  -0.00006077
 142    0.0000029  -0.00001585
 143    0.0000002  0.00000024
 144    0.0000001  0.00000033
 145    0.0000002  0.00000038
 146    0.0000009  -0.00000275
 147    0.0000051  -0.00002416
 148    0.0000057  -0.00002590
 149    0.0000077  -0.00003360
 150    0.0000073  -0.00003370
 151    0.0000051  -0.00002102
 152    0.0000060  -0.00002631
 153    0.0000102  -0.00003567
 154    0.0000020  -0.00001327
 155    0.0000001  0.00000032
 156    0.0000001  0.00000031
 157    0.0000002  0.00000039
 158    0.0000007  -0.00000146
 159    0.0000043  -0.00002270
 160    0.0000047  -0.00002294
 161    0.0000059  -0.00003136
 162    0.0000067  -0.00003116
 163    0.0000041  -0.00001943
 164    0.0000053  -0.00002172
 165    0.0000055  -0.00002532
 166    0.0000019  -0.00001071
 167    0.0000001  0.00000034
 168    0.0000001  0.00000034
 169    0.0000002  0.00000029
 170    0.0000005  -0.00000111
 171    0.0000038  -0.00001901
 172    0.0000036  -0.00001823
 173    0.0000050  -0.00002700
 174    0.0000053  -0.00002736
 175    0.0000039  -0.00001911
 176    0.0000035  -0.00001776
 177    0.0000047  -0.00002615
 178    0.0000013  -0.00000526
 179    0.0000001  0.00000032
 180    0.0000001  0.00000037
 181    0.0000001  0.00000044
 182    0.0000005  -0.00000060
 183    0.0000036  -0.00001570
 184    0.0000033  -0.00001798
 185    0.0000044  -0.00002389
 186    0.0000037  -0.00001720
 187    0.0000034  -0.00001597
 188    0.0000032  -0.00001824
 189    0.0000038  -0.00002034
 190    0.0000011  -0.00000246
 191    0.0000001  -0.00000618
 192    0.0000001  -0.00000603
 193    0.0000001  -0.00000699
 
----------------
 Final Energies 
----------------
Final NOF Total Energy =    -225.2972580
 
Total Orbital Internal Iterations = 334
Total Occupation Internal Iterations = 173
 
Elapsed time: 1986.08 Seconds

---------------------------------
   Lowdin Population Analysis    
---------------------------------
 Idx  Atom   Population   Charge 
---------------------------------
  1     O     7.972       0.028
  2     O     7.996       0.004
  3     O     7.636       0.364
  4     H     1.395      -0.395

---------------------------------
   M Diagnostic: 0.09
---------------------------------

Recovering execution output...
Moving from /scratch/pobleyef/168386 to /home-nas/pobleyef/Poison-Set/ncwomax/P30-5/PNOF5/arina.168386
mkdir -p /home-nas/pobleyef/Poison-Set/ncwomax/P30-5/PNOF5/arina.168386
mv /scratch/pobleyef/168386/* /home-nas/pobleyef/Poison-Set/ncwomax/P30-5/PNOF5/arina.168386
