W4-11-c-hooo
/software/eb2024/easybuild/software/common/software/Julia/1.11.3-linux-x86_64/bin/julia
Job runing on nh034
Choosing scratch ...
Automatic scratch folder selection
/scratch/pobleyef/284142
/scratch/pobleyef/284142 directory
cp W4-11-c-hooo.jl W4-11-c-hooo.jld2 to  /scratch/pobleyef/284142/.
Computing Integrals
Basis Set                                            = def2-qzvp
Auxiliary Basis Set                                  = def2-universal-jkfit
Gaussian Type                                        = Spherical
Elapsed time:    4.11 Seconds

Number of basis functions                   (NBF)    = 201
Number of auxiliary basis functions         (NBFAUX) = 249
Inactive Doubly occupied orbitals up to     (NO1)    = 0
No. considered Strongly Doubly occupied MOs (NDOC)   = 12
No. considered Strongly Singly occupied MOs (NSOC)   = 1
NO. of Weakly occ. per St. Doubly occ.  MOs (NCWO)   = 15
Dimension of the Nat. Orb. subspace         (NBF5)   = 193
No. of electrons                                     = 25
    No. of alpha electrons                           = 13
    No. of beta electrons                            = 12
Multiplicity                                         = 2

Geometry
========
 O       1.1439430       0.0753540       0.0000000
 O       0.0000000       0.5769450       0.0000000
 O      -1.0821140      -0.4938720       0.0000000
 H      -0.4946340      -1.2674190       0.0000000

No violations of the orthonormality
No violations of the orthonormality
 
PNOF5/ADABelief Calculation
==================
 
  Nitext  Nit_orb  Time   Nit_occ  Time         Eelec          Etot           Ediff      maxdiff    MaxGrad_orb  Grad_occ
     1      10    3.0e+01   33    3.7e+01  -297.88355720  -225.21004913 -10296.88355720   0.009875   3.9e-02   2.4e-04 0.11
     2      20    3.6e+00   21    1.0e+00  -297.96535478  -225.29184671    -0.08179758   0.016310   6.5e-02   1.8e-04 0.10
     3      20    3.4e+00   19    9.6e-01  -297.96653727  -225.29302919    -0.00118248   0.018843   7.5e-02   1.6e-04 0.09
     4      20    3.4e+00    0    8.2e-02  -297.96687410  -225.29336602    -0.00033683   0.018843   7.5e-02   1.6e-04 0.09
     5      40    7.1e+00    8    4.5e-01  -297.97027061  -225.29676253    -0.00339651   0.001643   6.6e-03   1.5e-04 0.09
     6      40    7.1e+00    7    4.1e-01  -297.97050339  -225.29699531    -0.00023278   0.003331   1.3e-02   1.7e-04 0.09
     7      40    7.0e+00    4    3.0e-01  -297.97066266  -225.29715459    -0.00015927   0.002530   1.0e-02   2.0e-04 0.09
     8      40    7.0e+00    0    1.6e-01  -297.97070833  -225.29720026    -0.00004567   0.003954   1.6e-02   2.1e-04 0.09
     9      50    8.6e+00    0    1.8e-01  -297.97078163  -225.29727355    -0.00007329   0.002300   9.2e-03   2.2e-04 0.09
    10      60    1.0e+01    0    8.9e-02  -297.97079942  -225.29729135    -0.00001780   0.001797   7.2e-03   2.3e-04 0.09
    11      70    1.2e+01    0    8.3e-02  -297.97081168  -225.29730360    -0.00001226   0.001325   5.3e-03   2.3e-04 0.09
    12      80    1.4e+01    0    1.7e-01  -297.97082030  -225.29731222    -0.00000862   0.000991   4.0e-03   2.3e-04 0.09
 
RESULTS OF THE OCCUPATION OPTIMIZATION
========================================
   1    1.9997778  -20.69738078
   2    1.9997771  -20.67880937
   3    1.9997783  -20.63060304
   4    1.9776997  -1.13544901
   5    1.9808337  -0.97208673
   6    1.9941213  -0.95868350
   7    1.9941064  -0.95813990
   8    1.9921644  -0.93716350
   9    1.9920010  -0.92113080
  10    1.9912461  -0.84686401
  11    1.9912371  -0.84658675
  12    1.9095535  -0.72039542
  13    1.0000000  -0.30056976
  14    0.0900221  -0.05631717
  15    0.0064656  -0.00851008
  16    0.0064605  -0.00850593
  17    0.0055469  -0.00774497
  18    0.0055224  -0.00787502
  19    0.0041095  -0.00610049
  20    0.0041021  -0.00609634
  21    0.0157502  -0.01725013
  22    0.0204279  -0.02408198
  23    0.0001821  -0.00678837
  24    0.0001830  -0.00680385
  25    0.0001856  -0.00689178
  26    0.0003381  -0.00064341
  27    0.0008635  -0.00175230
  28    0.0008607  -0.00175277
  29    0.0007674  -0.00166035
  30    0.0007655  -0.00166999
  31    0.0006031  -0.00137524
  32    0.0006008  -0.00137179
  33    0.0016581  -0.00279015
  34    0.0011276  -0.00222536
  35    0.0000212  -0.00052936
  36    0.0000181  -0.00046697
  37    0.0000188  -0.00048671
  38    0.0000600  -0.00017414
  39    0.0006092  -0.00131862
  40    0.0006066  -0.00131519
  41    0.0007370  -0.00151166
  42    0.0006223  -0.00138891
  43    0.0004612  -0.00107881
  44    0.0004586  -0.00107548
  45    0.0008290  -0.00152814
  46    0.0003882  -0.00096254
  47    0.0000146  -0.00038668
  48    0.0000175  -0.00046068
  49    0.0000142  -0.00036545
  50    0.0000081  -0.00003142
  51    0.0004450  -0.00104096
  52    0.0004456  -0.00103961
  53    0.0005152  -0.00120693
  54    0.0004555  -0.00111666
  55    0.0003840  -0.00097669
  56    0.0003798  -0.00097173
  57    0.0006223  -0.00121387
  58    0.0003081  -0.00081595
  59    0.0000019  -0.00015576
  60    0.0000021  -0.00015958
  61    0.0000020  -0.00015667
  62    0.0000074  -0.00002977
  63    0.0000964  -0.00028922
  64    0.0000933  -0.00028653
  65    0.0001239  -0.00033913
  66    0.0001419  -0.00034723
  67    0.0000971  -0.00029581
  68    0.0000977  -0.00029691
  69    0.0000701  -0.00022054
  70    0.0000107  -0.00006066
  71    0.0000005  -0.00000744
  72    0.0000004  -0.00000412
  73    0.0000003  -0.00000298
  74    0.0000017  -0.00001078
  75    0.0000899  -0.00027776
  76    0.0000927  -0.00027945
  77    0.0001106  -0.00032377
  78    0.0001047  -0.00031560
  79    0.0000855  -0.00026862
  80    0.0000865  -0.00026995
  81    0.0000676  -0.00020836
  82    0.0000073  -0.00004831
  83    0.0000002  -0.00000302
  84    0.0000003  -0.00000375
  85    0.0000002  -0.00000249
  86    0.0000015  -0.00000579
  87    0.0000647  -0.00018855
  88    0.0000639  -0.00018743
  89    0.0000641  -0.00019068
  90    0.0000867  -0.00021163
  91    0.0000496  -0.00015347
  92    0.0000507  -0.00015476
  93    0.0000479  -0.00013753
  94    0.0000063  -0.00004064
  95    0.0000002  -0.00000298
  96    0.0000003  -0.00000355
  97    0.0000002  -0.00000075
  98    0.0000014  -0.00000164
  99    0.0000444  -0.00016776
 100    0.0000527  -0.00017579
 101    0.0000448  -0.00016685
 102    0.0000421  -0.00016415
 103    0.0000362  -0.00013719
 104    0.0000347  -0.00013550
 105    0.0000347  -0.00012105
 106    0.0000052  -0.00003052
 107    0.0000002  -0.00000254
 108    0.0000002  -0.00000281
 109    0.0000002  -0.00000103
 110    0.0000013  -0.00000508
 111    0.0000401  -0.00015374
 112    0.0000372  -0.00015190
 113    0.0000421  -0.00016591
 114    0.0000358  -0.00016083
 115    0.0000306  -0.00013267
 116    0.0000314  -0.00013183
 117    0.0000213  -0.00008608
 118    0.0000042  -0.00002614
 119    0.0000001  -0.00000077
 120    0.0000002  -0.00000191
 121    0.0000001  0.00000012
 122    0.0000011  -0.00000384
 123    0.0000186  -0.00006638
 124    0.0000158  -0.00006243
 125    0.0000179  -0.00006361
 126    0.0000204  -0.00006777
 127    0.0000139  -0.00005192
 128    0.0000131  -0.00005096
 129    0.0000205  -0.00006929
 130    0.0000038  -0.00001862
 131    0.0000001  -0.00000030
 132    0.0000002  0.00000030
 133    0.0000001  0.00000029
 134    0.0000009  -0.00000128
 135    0.0000082  -0.00002983
 136    0.0000080  -0.00002930
 137    0.0000074  -0.00003931
 138    0.0000142  -0.00004965
 139    0.0000063  -0.00003002
 140    0.0000058  -0.00002936
 141    0.0000173  -0.00006286
 142    0.0000028  -0.00001570
 143    0.0000001  0.00000030
 144    0.0000001  0.00000026
 145    0.0000001  0.00000031
 146    0.0000008  -0.00000143
 147    0.0000053  -0.00002622
 148    0.0000051  -0.00002511
 149    0.0000067  -0.00003289
 150    0.0000091  -0.00003667
 151    0.0000050  -0.00002552
 152    0.0000052  -0.00002502
 153    0.0000112  -0.00003629
 154    0.0000024  -0.00001355
 155    0.0000001  0.00000019
 156    0.0000001  0.00000002
 157    0.0000001  -0.00000049
 158    0.0000007  -0.00000055
 159    0.0000048  -0.00002430
 160    0.0000042  -0.00002396
 161    0.0000056  -0.00003109
 162    0.0000059  -0.00003087
 163    0.0000044  -0.00002128
 164    0.0000046  -0.00002189
 165    0.0000060  -0.00002707
 166    0.0000023  -0.00001232
 167    0.0000001  -0.00000001
 168    0.0000001  -0.00000050
 169    0.0000001  -0.00000069
 170    0.0000007  -0.00000031
 171    0.0000040  -0.00001932
 172    0.0000039  -0.00001918
 173    0.0000052  -0.00002856
 174    0.0000049  -0.00002829
 175    0.0000037  -0.00001683
 176    0.0000041  -0.00001890
 177    0.0000059  -0.00002716
 178    0.0000018  -0.00000510
 179    0.0000001  -0.00000275
 180    0.0000001  -0.00000310
 181    0.0000001  -0.00000503
 182    0.0000007  -0.00000071
 183    0.0000033  -0.00001571
 184    0.0000036  -0.00001815
 185    0.0000042  -0.00002289
 186    0.0000041  -0.00002312
 187    0.0000034  -0.00001570
 188    0.0000036  -0.00001587
 189    0.0000041  -0.00002109
 190    0.0000016  -0.00000124
 191    0.0000001  -0.00000276
 192    0.0000001  -0.00000288
 193    0.0000001  0.00000020
 
----------------
 Final Energies 
----------------
Final NOF Total Energy =    -225.2973122
 
Total Orbital Internal Iterations = 490
Total Occupation Internal Iterations = 92
 
Elapsed time:  177.78 Seconds

---------------------------------
   Lowdin Population Analysis    
---------------------------------
 Idx  Atom   Population   Charge 
---------------------------------
  1     O     7.972       0.028
  2     O     7.996       0.004
  3     O     7.637       0.363
  4     H     1.395      -0.395

---------------------------------
   M Diagnostic: 0.09
---------------------------------

Recovering execution output...
Moving from /scratch/pobleyef/284142 to /home-nas/pobleyef/Poison-NOF/ncwomax/P30-5/PNOF5/arina.284142
mkdir -p /home-nas/pobleyef/Poison-NOF/ncwomax/P30-5/PNOF5/arina.284142
mv /scratch/pobleyef/284142/* /home-nas/pobleyef/Poison-NOF/ncwomax/P30-5/PNOF5/arina.284142
