Computing Integrals
Basis Set                                            = def2-qzvp
Auxiliary Basis Set                                  = def2-universal-jkfit
Gaussian Type                                        = Spherical
Elapsed time:    2.79 Seconds

Number of basis functions                   (NBF)    = 114
Number of auxiliary basis functions         (NBFAUX) = 152
Inactive Doubly occupied orbitals up to     (NO1)    = 0
No. considered Strongly Doubly occupied MOs (NDOC)   = 5
No. considered Strongly Singly occupied MOs (NSOC)   = 2
NO. of Weakly occ. per St. Doubly occ.  MOs (NCWO)   = 21
Dimension of the Nat. Orb. subspace         (NBF5)   = 112
No. of electrons                                     = 12
    No. of alpha electrons                           = 7
    No. of beta electrons                            = 5
Multiplicity                                         = 3

Geometry
========
 B       0.0000000       0.0000000      -0.7759500
 N       0.0000000       0.0000000       0.5542500

No violations of the orthonormality
No violations of the orthonormality
 
PNOF5/ADABelief Calculation
==================
 
  Nitext  Nit_orb  Time   Nit_occ  Time         Eelec          Etot           Ediff      maxdiff    MaxGrad_orb  Grad_occ
     1      10    2.3e+01    0    2.7e+01   -93.03601178   -79.11241803 -10092.03601178   0.000503   2.0e-03   1.4e-04 0.02
 
RESULTS OF THE OCCUPATION OPTIMIZATION
========================================
   1    1.9996657  -15.58692978
   2    1.9991165  -7.69627940
   3    1.9855220  -0.81290260
   4    1.9855967  -0.66456482
   5    1.9736033  -0.64941360
   6    1.0000000  -0.25528566
   7    1.0000000  -0.25213369
   8    0.0218652  -0.01574960
   9    0.0076859  -0.00751090
  10    0.0107929  -0.01068867
  11    0.0006585  -0.00847466
  12    0.0002570  -0.00715192
  13    0.0017429  -0.00194476
  14    0.0045547  -0.00428537
  15    0.0014167  -0.00202725
  16    0.0000879  -0.00088669
  17    0.0000381  -0.00070761
  18    0.0013785  -0.00151152
  19    0.0008332  -0.00126336
  20    0.0011016  -0.00156041
  21    0.0000735  -0.00066660
  22    0.0000183  -0.00034844
  23    0.0012044  -0.00141935
  24    0.0006285  -0.00104371
  25    0.0006864  -0.00109230
  26    0.0000483  -0.00044322
  27    0.0000155  -0.00029847
  28    0.0000683  -0.00016237
  29    0.0001762  -0.00034491
  30    0.0001256  -0.00024319
  31    0.0000107  -0.00037261
  32    0.0000033  -0.00021764
  33    0.0000508  -0.00014503
  34    0.0001494  -0.00030607
  35    0.0000671  -0.00014234
  36    0.0000007  -0.00002883
  37    0.0000002  -0.00000214
  38    0.0000211  -0.00008688
  39    0.0000990  -0.00019169
  40    0.0000651  -0.00014206
  41    0.0000004  -0.00000280
  42    0.0000002  -0.00000343
  43    0.0000167  -0.00005340
  44    0.0000733  -0.00016900
  45    0.0000565  -0.00013564
  46    0.0000004  -0.00000230
  47    0.0000002  -0.00000147
  48    0.0000112  -0.00003952
  49    0.0000709  -0.00017617
  50    0.0000389  -0.00010728
  51    0.0000004  -0.00000190
  52    0.0000001  -0.00000590
  53    0.0000086  -0.00003547
  54    0.0000480  -0.00012028
  55    0.0000365  -0.00009875
  56    0.0000003  -0.00000163
  57    0.0000001  -0.00000206
  58    0.0000063  -0.00002407
  59    0.0000158  -0.00004216
  60    0.0000195  -0.00004622
  61    0.0000003  -0.00000065
  62    0.0000001  -0.00000031
  63    0.0000050  -0.00001771
  64    0.0000122  -0.00003699
  65    0.0000141  -0.00002951
  66    0.0000003  0.00000003
  67    0.0000001  0.00000008
  68    0.0000032  -0.00001299
  69    0.0000119  -0.00003634
  70    0.0000137  -0.00002598
  71    0.0000002  0.00000007
  72    0.0000001  0.00000007
  73    0.0000029  -0.00001194
  74    0.0000098  -0.00003578
  75    0.0000111  -0.00002389
  76    0.0000002  0.00000007
  77    0.0000001  0.00000015
  78    0.0000024  -0.00000668
  79    0.0000093  -0.00003491
  80    0.0000079  -0.00002243
  81    0.0000002  0.00000007
  82    0.0000001  0.00000012
  83    0.0000019  -0.00000549
  84    0.0000064  -0.00002056
  85    0.0000074  -0.00001616
  86    0.0000002  0.00000007
  87    0.0000001  0.00000009
  88    0.0000017  -0.00000634
  89    0.0000053  -0.00002069
  90    0.0000049  -0.00001036
  91    0.0000002  0.00000015
  92    0.0000001  0.00000012
  93    0.0000015  -0.00000419
  94    0.0000044  -0.00001730
  95    0.0000039  -0.00000876
  96    0.0000002  0.00000015
  97    0.0000001  0.00000016
  98    0.0000014  -0.00000448
  99    0.0000035  -0.00001166
 100    0.0000031  -0.00000846
 101    0.0000002  0.00000014
 102    0.0000001  0.00000007
 103    0.0000014  -0.00000287
 104    0.0000030  -0.00001004
 105    0.0000028  -0.00000644
 106    0.0000002  0.00000016
 107    0.0000001  0.00000014
 108    0.0000012  -0.00000282
 109    0.0000025  -0.00000418
 110    0.0000023  -0.00000507
 111    0.0000002  0.00000012
 112    0.0000001  0.00000014
 
----------------
 Final Energies 
----------------
Final NOF Total Energy =     -79.1124180
 
Total Orbital Internal Iterations = 10
Total Occupation Internal Iterations = 0
 
Elapsed time:   65.34 Seconds

---------------------------------
   Lowdin Population Analysis    
---------------------------------
 Idx  Atom   Population   Charge 
---------------------------------
  1     B     5.172      -0.172
  2     N     6.828       0.172

---------------------------------
   M Diagnostic: 0.02
---------------------------------

