W4-11_41_sif4
/software/eb2024/easybuild/software/common/software/Julia/1.11.3-linux-x86_64/bin/julia
Job runing on nh030
Choosing scratch ...
Automatic scratch folder selection
/scratch/pobleyef/168397
/scratch/pobleyef/168397 directory
cp W4-11_41_sif4.jl W4-11_41_sif4.jld2 to  /scratch/pobleyef/168397/.
Computing Integrals
Elapsed time:    7.49 Seconds

Number of basis functions                   (NBF)    = 298
Number of auxiliary basis functions         (NBFAUX) = 436
Inactive Doubly occupied orbitals up to     (NO1)    = 0
No. considered Strongly Doubly occupied MOs (NDOC)   = 25
No. considered Strongly Singly occupied MOs (NSOC)   = 0
NO. of Weakly occ. per St. Doubly occ.  MOs (NCWO)   = 10
Dimension of the Nat. Orb. subspace         (NBF5)   = 275
No. of electrons                                     = 50
    No. of alpha electrons                           = 25
    No. of beta electrons                            = 25
Multiplicity                                         = 1

Geometry
========
 F       0.9009150       0.9009150       0.9009150
Si       0.0000000       0.0000000       0.0000000
 F      -0.9009150      -0.9009150       0.9009150
 F      -0.9009150       0.9009150      -0.9009150
 F       0.9009150      -0.9009150      -0.9009150

No violations of the orthonormality
No violations of the orthonormality
 
PNOF5/ADABelief Calculation
==================
 
  Nitext  Nit_orb  Time   Nit_occ  Time         Eelec          Etot           Ediff      maxdiff    MaxGrad_orb  Grad_occ
     1      10    3.2e+01   45    4.0e+01  -958.46421592  -686.61971587 -10957.46421592   0.000750   3.0e-03   2.3e-04 0.01
 
RESULTS OF THE OCCUPATION OPTIMIZATION
========================================
   1    1.9999605  -68.61393923
   2    1.9998594  -26.32326489
   3    1.9998576  -26.32321747
   4    1.9998571  -26.32318873
   5    1.9998579  -26.32301737
   6    1.9993095  -4.92402467
   7    1.9993029  -4.92324497
   8    1.9993065  -4.92310964
   9    1.9993054  -4.92088593
  10    1.9909804  -1.09584367
  11    1.9909501  -1.09554048
  12    1.9910204  -1.09441259
  13    1.9910171  -1.08068428
  14    1.9921394  -0.97412759
  15    1.9923003  -0.96151856
  16    1.9925119  -0.96044730
  17    1.9924266  -0.95889761
  18    1.9926143  -0.95173730
  19    1.9926186  -0.95131358
  20    1.9927398  -0.94999808
  21    1.9928837  -0.94977568
  22    1.9926196  -0.94942430
  23    1.9929057  -0.94934990
  24    1.9928780  -0.94906654
  25    1.9928171  -0.94627265
  26    0.0071775  -0.01035934
  27    0.0071182  -0.01033037
  28    0.0070905  -0.01033076
  29    0.0073757  -0.01055874
  30    0.0071102  -0.01030567
  31    0.0072556  -0.01045651
  32    0.0073740  -0.01060286
  33    0.0073769  -0.01061395
  34    0.0075641  -0.01080823
  35    0.0074818  -0.01073418
  36    0.0076936  -0.01091733
  37    0.0078522  -0.01112470
  38    0.0089776  -0.01271592
  39    0.0089694  -0.01282177
  40    0.0090464  -0.01289234
  41    0.0090147  -0.01287311
  42    0.0006928  -0.00511308
  43    0.0006915  -0.00510789
  44    0.0006951  -0.00512554
  45    0.0006887  -0.00509531
  46    0.0001414  -0.00664186
  47    0.0001423  -0.00665324
  48    0.0001418  -0.00664660
  49    0.0001398  -0.00661975
  50    0.0000392  -0.00556947
  51    0.0000009  -0.00000457
  52    0.0000006  -0.00000068
  53    0.0000006  -0.00000241
  54    0.0000008  -0.00000424
  55    0.0000011  -0.00000545
  56    0.0000008  -0.00000343
  57    0.0000015  -0.00000947
  58    0.0000019  -0.00000993
  59    0.0000019  -0.00001056
  60    0.0000013  -0.00000675
  61    0.0000016  -0.00001220
  62    0.0000024  -0.00001728
  63    0.0000013  -0.00000949
  64    0.0000035  -0.00002572
  65    0.0000005  -0.00000208
  66    0.0000008  -0.00000455
  67    0.0000003  -0.00000041
  68    0.0000004  -0.00000484
  69    0.0000003  -0.00000302
  70    0.0000003  -0.00000114
  71    0.0000001  -0.00000170
  72    0.0000001  -0.00000024
  73    0.0000001  -0.00000186
  74    0.0000002  -0.00000985
  75    0.0000000  -0.00000145
  76    0.0000009  -0.00000372
  77    0.0000006  -0.00000172
  78    0.0000006  -0.00000231
  79    0.0000008  -0.00000435
  80    0.0000010  -0.00000385
  81    0.0000008  -0.00000262
  82    0.0000011  -0.00000306
  83    0.0000015  -0.00000835
  84    0.0000016  -0.00000970
  85    0.0000012  -0.00000787
  86    0.0000009  -0.00000520
  87    0.0000013  -0.00000721
  88    0.0000008  -0.00000093
  89    0.0000021  -0.00001312
  90    0.0000005  -0.00000077
  91    0.0000008  -0.00000439
  92    0.0000003  -0.00000119
  93    0.0000003  -0.00000061
  94    0.0000003  -0.00000027
  95    0.0000003  -0.00000104
  96    0.0000001  -0.00000205
  97    0.0000001  -0.00000055
  98    0.0000001  -0.00000138
  99    0.0000001  -0.00000121
 100    0.0000000  -0.00000063
 101    0.0000007  -0.00000069
 102    0.0000006  -0.00000194
 103    0.0000005  -0.00000175
 104    0.0000007  -0.00000107
 105    0.0000009  -0.00000324
 106    0.0000007  -0.00000324
 107    0.0000011  -0.00000402
 108    0.0000012  -0.00000584
 109    0.0000015  -0.00000691
 110    0.0000009  -0.00000061
 111    0.0000008  -0.00000290
 112    0.0000011  -0.00000558
 113    0.0000007  -0.00000241
 114    0.0000011  -0.00000121
 115    0.0000005  -0.00000324
 116    0.0000007  -0.00000062
 117    0.0000002  -0.00000011
 118    0.0000002  -0.00000012
 119    0.0000003  -0.00000042
 120    0.0000003  -0.00000057
 121    0.0000001  -0.00000031
 122    0.0000001  -0.00000052
 123    0.0000001  0.00000001
 124    0.0000001  -0.00000060
 125    0.0000000  -0.00000022
 126    0.0000007  -0.00000347
 127    0.0000005  -0.00000065
 128    0.0000005  -0.00000051
 129    0.0000006  -0.00000081
 130    0.0000008  -0.00000238
 131    0.0000006  -0.00000056
 132    0.0000009  -0.00000226
 133    0.0000011  -0.00000386
 134    0.0000013  -0.00000639
 135    0.0000008  -0.00000282
 136    0.0000008  0.00000015
 137    0.0000010  -0.00000021
 138    0.0000006  -0.00000302
 139    0.0000010  -0.00000357
 140    0.0000005  -0.00000100
 141    0.0000007  -0.00000319
 142    0.0000002  0.00000012
 143    0.0000002  -0.00000003
 144    0.0000003  -0.00000062
 145    0.0000002  0.00000020
 146    0.0000001  -0.00000071
 147    0.0000001  -0.00000026
 148    0.0000001  -0.00000032
 149    0.0000001  -0.00000006
 150    0.0000000  -0.00000025
 151    0.0000007  -0.00000117
 152    0.0000005  -0.00000066
 153    0.0000005  -0.00000038
 154    0.0000006  -0.00000168
 155    0.0000007  -0.00000257
 156    0.0000006  -0.00000186
 157    0.0000009  -0.00000335
 158    0.0000011  -0.00000370
 159    0.0000011  -0.00000039
 160    0.0000007  -0.00000207
 161    0.0000006  -0.00000175
 162    0.0000009  -0.00000261
 163    0.0000006  -0.00000118
 164    0.0000009  -0.00000298
 165    0.0000004  -0.00000107
 166    0.0000006  -0.00000325
 167    0.0000002  -0.00000043
 168    0.0000002  0.00000016
 169    0.0000002  -0.00000029
 170    0.0000002  0.00000022
 171    0.0000001  0.00000000
 172    0.0000001  0.00000010
 173    0.0000001  -0.00000007
 174    0.0000001  -0.00000045
 175    0.0000000  -0.00000001
 176    0.0000006  -0.00000146
 177    0.0000004  -0.00000011
 178    0.0000004  -0.00000044
 179    0.0000006  -0.00000075
 180    0.0000006  0.00000056
 181    0.0000005  -0.00000085
 182    0.0000009  0.00000014
 183    0.0000010  0.00000026
 184    0.0000008  -0.00000133
 185    0.0000006  -0.00000007
 186    0.0000006  -0.00000032
 187    0.0000008  -0.00000154
 188    0.0000005  -0.00000027
 189    0.0000007  -0.00000042
 190    0.0000004  -0.00000003
 191    0.0000006  -0.00000036
 192    0.0000002  0.00000009
 193    0.0000002  -0.00000145
 194    0.0000002  0.00000002
 195    0.0000002  -0.00000032
 196    0.0000001  -0.00000002
 197    0.0000001  0.00000011
 198    0.0000001  0.00000009
 199    0.0000001  0.00000011
 200    0.0000000  0.00000006
 201    0.0000004  -0.00000301
 202    0.0000002  -0.00000103
 203    0.0000002  -0.00000036
 204    0.0000003  -0.00000057
 205    0.0000004  -0.00000434
 206    0.0000002  -0.00000011
 207    0.0000005  -0.00000752
 208    0.0000004  -0.00000208
 209    0.0000004  -0.00000141
 210    0.0000003  -0.00000151
 211    0.0000003  -0.00000085
 212    0.0000003  -0.00000001
 213    0.0000003  -0.00000073
 214    0.0000004  0.00000014
 215    0.0000002  -0.00000060
 216    0.0000003  -0.00000032
 217    0.0000001  0.00000071
 218    0.0000001  0.00000074
 219    0.0000001  0.00000069
 220    0.0000001  0.00000041
 221    0.0000001  -0.00000029
 222    0.0000001  0.00000031
 223    0.0000001  0.00000032
 224    0.0000001  0.00000033
 225    0.0000000  0.00000013
 226    0.0000003  -0.00000048
 227    0.0000002  -0.00000154
 228    0.0000002  -0.00000015
 229    0.0000003  -0.00000007
 230    0.0000003  -0.00000098
 231    0.0000002  0.00000039
 232    0.0000003  -0.00000092
 233    0.0000003  -0.00000036
 234    0.0000004  -0.00000007
 235    0.0000003  -0.00000002
 236    0.0000003  -0.00000013
 237    0.0000003  0.00000034
 238    0.0000003  -0.00000163
 239    0.0000003  -0.00000051
 240    0.0000002  -0.00000052
 241    0.0000002  -0.00000106
 242    0.0000001  0.00000030
 243    0.0000001  0.00000042
 244    0.0000001  0.00000056
 245    0.0000001  0.00000031
 246    0.0000001  0.00000031
 247    0.0000001  0.00000011
 248    0.0000001  -0.00000022
 249    0.0000001  -0.00000020
 250    0.0000000  0.00000017
 251    0.0000002  -0.00000032
 252    0.0000002  0.00000090
 253    0.0000002  -0.00000085
 254    0.0000002  -0.00000019
 255    0.0000003  -0.00000051
 256    0.0000002  0.00000082
 257    0.0000003  0.00000100
 258    0.0000003  0.00000014
 259    0.0000003  0.00000015
 260    0.0000003  -0.00000177
 261    0.0000002  -0.00000019
 262    0.0000003  -0.00000106
 263    0.0000002  -0.00000059
 264    0.0000003  0.00000111
 265    0.0000001  0.00000080
 266    0.0000002  -0.00000038
 267    0.0000001  0.00000077
 268    0.0000001  0.00000086
 269    0.0000001  0.00000084
 270    0.0000001  0.00000082
 271    0.0000001  0.00000007
 272    0.0000001  -0.00000000
 273    0.0000001  0.00000007
 274    0.0000001  0.00000040
 275    0.0000000  0.00000019
 
----------------
 Final Energies 
----------------
Final NOF Total Energy =    -686.6197159
 
Total Orbital Internal Iterations = 10
Total Occupation Internal Iterations = 45
 
Elapsed time:   93.28 Seconds

---------------------------------
   Lowdin Population Analysis    
---------------------------------
 Idx  Atom   Population   Charge 
---------------------------------
  1     F     8.685       0.315
  2    Si    15.261      -1.261
  3     F     8.685       0.315
  4     F     8.685       0.315
  5     F     8.685       0.315

---------------------------------
   M Diagnostic: 0.01
---------------------------------

Recovering execution output...
Moving from /scratch/pobleyef/168397 to /home-nas/pobleyef/Poison-Set/ncwomax/P30-5/PNOF5/arina.168397
mkdir -p /home-nas/pobleyef/Poison-Set/ncwomax/P30-5/PNOF5/arina.168397
mv /scratch/pobleyef/168397/* /home-nas/pobleyef/Poison-Set/ncwomax/P30-5/PNOF5/arina.168397
