W4-11_138_bn
/software/eb2024/easybuild/software/common/software/Julia/1.11.3-linux-x86_64/bin/julia
Job runing on na07
Choosing scratch ...
Automatic scratch folder selection
/scratch/pobleyef/168396
/scratch/pobleyef/168396 directory
cp W4-11_138_bn.jl W4-11_138_bn.jld2 to  /scratch/pobleyef/168396/.
Computing Integrals
Elapsed time:    4.04 Seconds

Number of basis functions                   (NBF)    = 114
Number of auxiliary basis functions         (NBFAUX) = 152
Inactive Doubly occupied orbitals up to     (NO1)    = 0
No. considered Strongly Doubly occupied MOs (NDOC)   = 6
No. considered Strongly Singly occupied MOs (NSOC)   = 0
NO. of Weakly occ. per St. Doubly occ.  MOs (NCWO)   = 18
Dimension of the Nat. Orb. subspace         (NBF5)   = 114
No. of electrons                                     = 12
    No. of alpha electrons                           = 6
    No. of beta electrons                            = 6
Multiplicity                                         = 1

Geometry
========
 B       0.0000000       0.0000000      -0.7484170
 N       0.0000000       0.0000000       0.5345830

No violations of the orthonormality
No violations of the orthonormality
 
PNOF5/ADABelief Calculation
==================
 
  Nitext  Nit_orb  Time   Nit_occ  Time         Eelec          Etot           Ediff      maxdiff    MaxGrad_orb  Grad_occ
     1      10    2.5e+01   29    2.1e+01   -93.27246439   -78.83663867 -10092.27246439   0.734184   2.9e+00   1.7e-04 0.01
     2      10    8.3e+00    0    1.2e-02   -93.37093986   -78.93511414    -0.09847547   0.734194   2.9e+00   1.7e-04 0.01
     3      30    2.4e+01   39    6.0e-01   -93.43675498   -79.00092926    -0.06581512   0.094252   3.8e-01   1.8e-04 0.12
     4      30    2.4e+01   39    4.6e-01   -93.49905983   -79.06323411    -0.06230485   0.022420   9.0e-02   1.6e-04 0.28
     5      30    2.4e+01   14    1.8e-01   -93.52005928   -79.08423356    -0.02099945   0.006690   2.7e-02   2.0e-04 0.41
     6      30    2.4e+01   11    1.4e-01   -93.52536894   -79.08954322    -0.00530966   0.008486   3.4e-02   1.9e-04 0.48
     7      30    2.5e+01   11    1.4e-01   -93.52648537   -79.09065965    -0.00111642   0.010415   4.2e-02   1.7e-04 0.51
     8      30    2.5e+01   11    1.2e-01   -93.52810136   -79.09227564    -0.00161600   0.011049   4.4e-02   1.9e-04 0.53
     9      30    2.5e+01   17    2.7e-01   -93.52942720   -79.09360148    -0.00132583   0.011415   4.6e-02   1.6e-04 0.54
    10      30    2.4e+01    6    6.4e-02   -93.53065575   -79.09483003    -0.00122855   0.012085   4.8e-02   2.0e-04 0.56
    11      30    2.5e+01   10    1.0e-01   -93.53103405   -79.09520833    -0.00037830   0.010333   4.1e-02   1.7e-04 0.58
    12      30    2.5e+01    6    1.1e-01   -93.53175044   -79.09592472    -0.00071639   0.011314   4.5e-02   1.7e-04 0.60
    13      30    2.4e+01    0    5.1e-02   -93.53184566   -79.09601994    -0.00009522   0.011314   4.5e-02   1.7e-04 0.60
    14      50    4.0e+01    6    1.0e-01   -93.53266446   -79.09683874    -0.00081881   0.001020   4.1e-03   1.8e-04 0.62
    15      50    4.1e+01   10    1.5e-01   -93.53283568   -79.09700996    -0.00017121   0.001263   5.1e-03   1.8e-04 0.65
    16      50    4.2e+01    2    5.3e-02   -93.53301028   -79.09718456    -0.00017460   0.001470   5.9e-03   1.4e-04 0.66
    17      50    4.1e+01    2    6.5e-02   -93.53309695   -79.09727123    -0.00008667   0.001257   5.0e-03   1.8e-04 0.68
    18      50    4.1e+01    2    4.7e-02   -93.53316185   -79.09733613    -0.00006491   0.001189   4.8e-03   1.8e-04 0.69
    19      50    4.1e+01    4    9.0e-02   -93.53320318   -79.09737746    -0.00004133   0.001287   5.1e-03   1.1e-04 0.71
    20      50    4.1e+01    2    5.0e-02   -93.53324953   -79.09742381    -0.00004635   0.001195   4.8e-03   1.1e-04 0.72
    21      50    4.2e+01    2    2.5e-02   -93.53327559   -79.09744987    -0.00002606   0.001275   5.1e-03   1.5e-04 0.73
    22      50    4.1e+01    1    4.4e-02   -93.53329584   -79.09747012    -0.00002025   0.001140   4.6e-03   2.0e-04 0.74
    23      50    4.1e+01    4    7.2e-02   -93.53331171   -79.09748599    -0.00001586   0.001175   4.7e-03   1.2e-04 0.74
    24      50    4.2e+01    1    3.6e-02   -93.53333536   -79.09750964    -0.00002365   0.001173   4.7e-03   1.8e-04 0.75
    25      50    4.1e+01    1    2.6e-02   -93.53334455   -79.09751883    -0.00000919   0.001318   5.3e-03   1.7e-04 0.76
    26      50    4.0e+01    2    4.7e-02   -93.53335208   -79.09752636    -0.00000753   0.001164   4.7e-03   1.5e-04 0.76
    27      50    4.1e+01    1    3.6e-02   -93.53336181   -79.09753609    -0.00000973   0.001234   4.9e-03   1.6e-04 0.77
    28      50    4.1e+01    4    9.5e-02   -93.53336718   -79.09754146    -0.00000537   0.001084   4.3e-03   1.3e-04 0.77
    29      50    3.9e+01    1    2.5e-02   -93.53338545   -79.09755973    -0.00001827   0.001267   5.1e-03   1.3e-04 0.78
    30      50    4.0e+01    1    1.9e-02   -93.53339187   -79.09756615    -0.00000641   0.001099   4.4e-03   1.3e-04 0.78
    31      50    4.1e+01    1    4.5e-02   -93.53339487   -79.09756915    -0.00000301   0.001219   4.9e-03   1.3e-04 0.79
    32      50    4.1e+01    1    3.0e-02   -93.53339971   -79.09757399    -0.00000483   0.001120   4.5e-03   1.3e-04 0.79
    33      50    4.1e+01    1    1.9e-02   -93.53340088   -79.09757516    -0.00000117   0.001195   4.8e-03   1.4e-04 0.79
    34      50    4.2e+01    3    6.6e-02   -93.53340500   -79.09757928    -0.00000412   0.001095   4.4e-03   1.0e-04 0.80
    35      50    4.2e+01    1    5.8e-02   -93.53341916   -79.09759344    -0.00001416   0.001203   4.8e-03   1.0e-04 0.80
    36      50    4.1e+01    1    8.5e-02   -93.53342306   -79.09759734    -0.00000389   0.001151   4.6e-03   1.0e-04 0.81
    37      50    4.0e+01    1    4.6e-02   -93.53342443   -79.09759871    -0.00000137   0.001216   4.9e-03   1.1e-04 0.81
    38      50    4.0e+01    1    2.9e-02   -93.53342688   -79.09760116    -0.00000245   0.001109   4.4e-03   1.0e-04 0.81
    39      50    4.2e+01    0    4.2e-02   -93.53342736   -79.09760164    -0.00000048   0.001109   4.4e-03   1.0e-04 0.81
    40      36    2.8e+01    1    4.7e-02   -93.53344053   -79.09761481    -0.00001316   0.000486   1.9e-03   1.1e-04 0.81
 
RESULTS OF THE OCCUPATION OPTIMIZATION
========================================
   1    1.9996685  -15.56910716
   2    1.9991433  -7.69491301
   3    1.9827186  -0.75966344
   4    1.9802902  -0.72540600
   5    1.9868006  -0.65067215
   6    1.1854542  -0.29699038
   7    0.8129625  -0.21241148
   8    0.0083258  -0.00790693
   9    0.0155641  -0.01311763
  10    0.0133391  -0.01207024
  11    0.0006436  -0.00835391
  12    0.0002572  -0.00715292
  13    0.0014258  -0.00077573
  14    0.0026623  -0.00287393
  15    0.0016826  -0.00208419
  16    0.0015823  -0.00208693
  17    0.0000972  -0.00096635
  18    0.0000390  -0.00072064
  19    0.0000614  -0.00004630
  20    0.0007756  -0.00119947
  21    0.0010926  -0.00142101
  22    0.0010166  -0.00140909
  23    0.0000604  -0.00057081
  24    0.0000161  -0.00030855
  25    0.0000345  -0.00002494
  26    0.0007337  -0.00115274
  27    0.0010109  -0.00132869
  28    0.0009097  -0.00126843
  29    0.0000412  -0.00038859
  30    0.0000129  -0.00027189
  31    0.0000159  -0.00001119
  32    0.0001895  -0.00035803
  33    0.0001099  -0.00022609
  34    0.0001188  -0.00023881
  35    0.0000103  -0.00036450
  36    0.0000035  -0.00021731
  37    0.0000092  -0.00000693
  38    0.0001662  -0.00032695
  39    0.0000925  -0.00018456
  40    0.0000870  -0.00018135
  41    0.0000006  -0.00002696
  42    0.0000004  -0.00000337
  43    0.0000075  -0.00000486
  44    0.0000972  -0.00017732
  45    0.0000539  -0.00013008
  46    0.0000640  -0.00013770
  47    0.0000004  -0.00000259
  48    0.0000003  -0.00000281
  49    0.0000064  -0.00000369
  50    0.0000816  -0.00018071
  51    0.0000262  -0.00007339
  52    0.0000493  -0.00010915
  53    0.0000004  -0.00000177
  54    0.0000002  -0.00000226
  55    0.0000046  -0.00000335
  56    0.0000730  -0.00018054
  57    0.0000207  -0.00006881
  58    0.0000368  -0.00009102
  59    0.0000003  -0.00000123
  60    0.0000002  -0.00000205
  61    0.0000039  -0.00000063
  62    0.0000301  -0.00009877
  63    0.0000175  -0.00005172
  64    0.0000210  -0.00006802
  65    0.0000003  -0.00000113
  66    0.0000002  -0.00000523
  67    0.0000030  -0.00000115
  68    0.0000170  -0.00004509
  69    0.0000090  -0.00003024
  70    0.0000135  -0.00003725
  71    0.0000003  -0.00000055
  72    0.0000002  -0.00000091
  73    0.0000024  0.00000003
  74    0.0000101  -0.00003626
  75    0.0000064  -0.00001999
  76    0.0000097  -0.00002241
  77    0.0000003  0.00000016
  78    0.0000002  0.00000009
  79    0.0000023  -0.00000069
  80    0.0000089  -0.00003538
  81    0.0000050  -0.00001710
  82    0.0000079  -0.00001685
  83    0.0000003  0.00000017
  84    0.0000002  0.00000010
  85    0.0000018  -0.00000063
  86    0.0000074  -0.00003378
  87    0.0000044  -0.00001209
  88    0.0000068  -0.00001935
  89    0.0000003  0.00000019
  90    0.0000002  -0.00000181
  91    0.0000014  -0.00000023
  92    0.0000069  -0.00002874
  93    0.0000041  -0.00001317
  94    0.0000062  -0.00001639
  95    0.0000003  0.00000014
  96    0.0000002  -0.00000007
  97    0.0000012  0.00000000
  98    0.0000056  -0.00002145
  99    0.0000037  -0.00001120
 100    0.0000052  -0.00001678
 101    0.0000003  0.00000027
 102    0.0000002  -0.00000077
 103    0.0000011  -0.00000000
 104    0.0000043  -0.00001479
 105    0.0000033  -0.00000843
 106    0.0000045  -0.00001018
 107    0.0000002  0.00000034
 108    0.0000002  -0.00000056
 109    0.0000009  -0.00000014
 110    0.0000042  -0.00001230
 111    0.0000030  -0.00000590
 112    0.0000029  -0.00000670
 113    0.0000002  0.00000034
 114    0.0000001  0.00000024
 
----------------
 Final Energies 
----------------
Final NOF Total Energy =     -79.0976148
 
Total Orbital Internal Iterations = 1686
Total Occupation Internal Iterations = 250
 
Elapsed time: 1434.66 Seconds

---------------------------------
   Lowdin Population Analysis    
---------------------------------
 Idx  Atom   Population   Charge 
---------------------------------
  1     B     5.178      -0.178
  2     N     6.822       0.178

---------------------------------
   M Diagnostic: 0.81
---------------------------------

Recovering execution output...
Moving from /scratch/pobleyef/168396 to /home-nas/pobleyef/Poison-Set/ncwomax/P30-5/PNOF5/arina.168396
mkdir -p /home-nas/pobleyef/Poison-Set/ncwomax/P30-5/PNOF5/arina.168396
mv /scratch/pobleyef/168396/* /home-nas/pobleyef/Poison-Set/ncwomax/P30-5/PNOF5/arina.168396
