Computing Integrals
Basis Set                                            = def2-qzvp
Auxiliary Basis Set                                  = def2-universal-jkfit
Gaussian Type                                        = Spherical
Elapsed time:    3.44 Seconds

Number of basis functions                   (NBF)    = 201
Number of auxiliary basis functions         (NBFAUX) = 249
Inactive Doubly occupied orbitals up to     (NO1)    = 0
No. considered Strongly Doubly occupied MOs (NDOC)   = 12
No. considered Strongly Singly occupied MOs (NSOC)   = 1
NO. of Weakly occ. per St. Doubly occ.  MOs (NCWO)   = 15
Dimension of the Nat. Orb. subspace         (NBF5)   = 193
No. of electrons                                     = 25
    No. of alpha electrons                           = 13
    No. of beta electrons                            = 12
Multiplicity                                         = 2

Geometry
========
 O       1.1743930       0.1943130       0.0000000
 O       0.0000000       0.5531800       0.0000000
 O      -0.9504710      -0.7177150       0.0000000
 H      -1.7913740      -0.2382290       0.0000000

No violations of the orthonormality
No violations of the orthonormality
 
PNOF5/ADABelief Calculation
==================
 
  Nitext  Nit_orb  Time   Nit_occ  Time         Eelec          Etot           Ediff      maxdiff    MaxGrad_orb  Grad_occ
     1      10    2.5e+01    0    2.8e+01  -296.81100091  -225.29743799 -10295.81100091   0.000770   3.1e-03   2.1e-04 0.13
 
RESULTS OF THE OCCUPATION OPTIMIZATION
========================================
   1    1.9997771  -20.69567798
   2    1.9997754  -20.66705304
   3    1.9997774  -20.62253527
   4    1.9796827  -1.16804906
   5    1.9940949  -0.96361384
   6    1.9941137  -0.96359483
   7    1.9800086  -0.95836535
   8    1.9923818  -0.91747612
   9    1.9921815  -0.91467331
  10    1.9913264  -0.85058096
  11    1.9912200  -0.84812328
  12    1.8723794  -0.64411527
  13    1.0000000  -0.29365768
  14    0.1275905  -0.06917428
  15    0.0064262  -0.00844735
  16    0.0063694  -0.00841486
  17    0.0054200  -0.00762968
  18    0.0053211  -0.00750552
  19    0.0164497  -0.01767218
  20    0.0040788  -0.00607104
  21    0.0040907  -0.00607877
  22    0.0184708  -0.02273868
  23    0.0001818  -0.00677696
  24    0.0001828  -0.00680197
  25    0.0001853  -0.00687832
  26    0.0000172  -0.00008707
  27    0.0008965  -0.00176991
  28    0.0008663  -0.00174457
  29    0.0008070  -0.00169753
  30    0.0007398  -0.00160246
  31    0.0016644  -0.00280086
  32    0.0006273  -0.00140469
  33    0.0006292  -0.00140636
  34    0.0010941  -0.00227213
  35    0.0000201  -0.00051895
  36    0.0000203  -0.00051041
  37    0.0000196  -0.00049968
  38    0.0000065  -0.00003325
  39    0.0006084  -0.00130011
  40    0.0005966  -0.00128618
  41    0.0007044  -0.00144853
  42    0.0006465  -0.00140553
  43    0.0009226  -0.00164520
  44    0.0004577  -0.00107237
  45    0.0004669  -0.00108185
  46    0.0003766  -0.00098610
  47    0.0000169  -0.00042519
  48    0.0000175  -0.00045422
  49    0.0000140  -0.00037675
  50    0.0000017  -0.00000994
  51    0.0004521  -0.00103938
  52    0.0004383  -0.00102537
  53    0.0004653  -0.00112899
  54    0.0004534  -0.00111329
  55    0.0006322  -0.00122545
  56    0.0003625  -0.00093824
  57    0.0003630  -0.00093890
  58    0.0003172  -0.00087045
  59    0.0000020  -0.00015763
  60    0.0000021  -0.00015858
  61    0.0000022  -0.00015994
  62    0.0000008  -0.00000649
  63    0.0000997  -0.00029390
  64    0.0001004  -0.00029617
  65    0.0001225  -0.00033591
  66    0.0001416  -0.00034460
  67    0.0000745  -0.00022336
  68    0.0000987  -0.00029912
  69    0.0000998  -0.00030084
  70    0.0000177  -0.00008360
  71    0.0000003  -0.00000568
  72    0.0000003  -0.00000376
  73    0.0000004  -0.00000398
  74    0.0000007  -0.00000340
  75    0.0000971  -0.00028923
  76    0.0000960  -0.00028757
  77    0.0001067  -0.00031638
  78    0.0001060  -0.00031237
  79    0.0000680  -0.00021973
  80    0.0000926  -0.00028051
  81    0.0000907  -0.00027866
  82    0.0000118  -0.00006036
  83    0.0000002  -0.00000306
  84    0.0000003  -0.00000350
  85    0.0000003  -0.00000308
  86    0.0000006  -0.00000373
  87    0.0000562  -0.00018996
  88    0.0000683  -0.00020008
  89    0.0000520  -0.00017322
  90    0.0000765  -0.00019502
  91    0.0000570  -0.00015483
  92    0.0000634  -0.00017585
  93    0.0000578  -0.00017134
  94    0.0000064  -0.00004722
  95    0.0000002  -0.00000309
  96    0.0000002  -0.00000276
  97    0.0000003  -0.00000276
  98    0.0000005  -0.00000092
  99    0.0000525  -0.00017605
 100    0.0000498  -0.00017404
 101    0.0000492  -0.00017106
 102    0.0000422  -0.00016117
 103    0.0000285  -0.00010883
 104    0.0000380  -0.00013895
 105    0.0000379  -0.00013903
 106    0.0000044  -0.00002514
 107    0.0000002  -0.00000276
 108    0.0000002  -0.00000276
 109    0.0000002  -0.00000182
 110    0.0000005  -0.00000096
 111    0.0000447  -0.00016221
 112    0.0000381  -0.00015492
 113    0.0000424  -0.00016797
 114    0.0000359  -0.00015231
 115    0.0000249  -0.00009061
 116    0.0000330  -0.00013340
 117    0.0000336  -0.00013512
 118    0.0000037  -0.00002364
 119    0.0000002  -0.00000073
 120    0.0000002  -0.00000097
 121    0.0000002  -0.00000023
 122    0.0000004  -0.00000090
 123    0.0000224  -0.00007239
 124    0.0000197  -0.00006798
 125    0.0000214  -0.00007042
 126    0.0000191  -0.00006209
 127    0.0000210  -0.00007120
 128    0.0000097  -0.00004692
 129    0.0000133  -0.00005303
 130    0.0000035  -0.00002491
 131    0.0000001  -0.00000033
 132    0.0000001  0.00000012
 133    0.0000001  0.00000021
 134    0.0000003  -0.00000076
 135    0.0000066  -0.00003108
 136    0.0000127  -0.00003732
 137    0.0000076  -0.00003990
 138    0.0000152  -0.00004996
 139    0.0000165  -0.00006139
 140    0.0000065  -0.00003017
 141    0.0000057  -0.00002943
 142    0.0000028  -0.00001854
 143    0.0000001  0.00000022
 144    0.0000001  0.00000025
 145    0.0000001  -0.00000082
 146    0.0000003  -0.00000019
 147    0.0000050  -0.00002787
 148    0.0000057  -0.00002880
 149    0.0000059  -0.00003294
 150    0.0000078  -0.00003367
 151    0.0000151  -0.00004235
 152    0.0000063  -0.00002830
 153    0.0000046  -0.00002551
 154    0.0000026  -0.00001405
 155    0.0000001  0.00000021
 156    0.0000001  0.00000017
 157    0.0000001  -0.00000298
 158    0.0000003  -0.00000007
 159    0.0000047  -0.00002542
 160    0.0000048  -0.00002603
 161    0.0000052  -0.00002915
 162    0.0000048  -0.00002992
 163    0.0000066  -0.00003059
 164    0.0000044  -0.00002288
 165    0.0000043  -0.00002297
 166    0.0000022  -0.00001364
 167    0.0000001  -0.00000265
 168    0.0000001  -0.00000132
 169    0.0000001  -0.00000279
 170    0.0000003  -0.00000024
 171    0.0000041  -0.00002034
 172    0.0000039  -0.00002015
 173    0.0000049  -0.00002850
 174    0.0000046  -0.00002642
 175    0.0000055  -0.00002779
 176    0.0000040  -0.00002225
 177    0.0000041  -0.00002280
 178    0.0000018  -0.00000609
 179    0.0000001  -0.00000355
 180    0.0000001  -0.00000457
 181    0.0000001  -0.00000023
 182    0.0000003  -0.00000003
 183    0.0000038  -0.00001837
 184    0.0000038  -0.00001833
 185    0.0000040  -0.00002334
 186    0.0000037  -0.00001682
 187    0.0000048  -0.00002247
 188    0.0000033  -0.00001501
 189    0.0000034  -0.00001862
 190    0.0000018  -0.00000581
 191    0.0000001  -0.00000014
 192    0.0000001  -0.00000005
 193    0.0000001  0.00000020
 
----------------
 Final Energies 
----------------
Final NOF Total Energy =    -225.2974380
 
Total Orbital Internal Iterations = 10
Total Occupation Internal Iterations = 0
 
Elapsed time:   68.46 Seconds

---------------------------------
   Lowdin Population Analysis    
---------------------------------
 Idx  Atom   Population   Charge 
---------------------------------
  1     O     7.965       0.035
  2     O     8.008      -0.008
  3     O     7.641       0.359
  4     H     1.387      -0.387

---------------------------------
   M Diagnostic: 0.13
---------------------------------

