Computing Integrals
Basis Set                                            = def2-qzvp
Auxiliary Basis Set                                  = def2-universal-jkfit
Gaussian Type                                        = Spherical
Elapsed time:    2.48 Seconds

Number of basis functions                   (NBF)    = 114
Number of auxiliary basis functions         (NBFAUX) = 150
Inactive Doubly occupied orbitals up to     (NO1)    = 0
No. considered Strongly Doubly occupied MOs (NDOC)   = 6
No. considered Strongly Singly occupied MOs (NSOC)   = 0
NO. of Weakly occ. per St. Doubly occ.  MOs (NCWO)   = 18
Dimension of the Nat. Orb. subspace         (NBF5)   = 114
No. of electrons                                     = 12
    No. of alpha electrons                           = 6
    No. of beta electrons                            = 6
Multiplicity                                         = 1

Geometry
========
 C       0.0000000       0.0000000       0.6200000
 C       0.0000000       0.0000000      -0.6200000

No violations of the orthonormality
No violations of the orthonormality
 
PNOF5/ADABelief Calculation
==================
 
  Nitext  Nit_orb  Time   Nit_occ  Time         Eelec          Etot           Ediff      maxdiff    MaxGrad_orb  Grad_occ
     1      10    2.1e+01    0    2.5e+01   -90.95785031   -75.59467246 -10089.95785031   0.000829   3.3e-03   1.8e-04 0.40
 
RESULTS OF THE OCCUPATION OPTIMIZATION
========================================
   1    1.9994205  -11.27302238
   2    1.9994211  -11.27281460
   3    1.9968293  -1.13038217
   4    1.6024970  -0.46674237
   5    1.9207954  -0.45842367
   6    1.9290657  -0.45455771
   7    0.0644759  -0.02647366
   8    0.0755354  -0.03092231
   9    0.3973679  -0.14046236
  10    0.0016921  -0.00260328
  11    0.0004414  -0.00842705
  12    0.0004416  -0.00842744
  13    0.0025745  -0.00172023
  14    0.0027717  -0.00178896
  15    0.0000582  -0.00008504
  16    0.0009348  -0.00164037
  17    0.0000542  -0.00078252
  18    0.0000546  -0.00078573
  19    0.0022749  -0.00155370
  20    0.0003644  -0.00031746
  21    0.0000334  -0.00005035
  22    0.0002237  -0.00041659
  23    0.0000371  -0.00051158
  24    0.0000369  -0.00051015
  25    0.0011823  -0.00092028
  26    0.0001604  -0.00017152
  27    0.0000121  -0.00002258
  28    0.0001505  -0.00034981
  29    0.0000356  -0.00049237
  30    0.0000357  -0.00049443
  31    0.0001568  -0.00018556
  32    0.0001014  -0.00013717
  33    0.0000072  -0.00001657
  34    0.0000340  -0.00010938
  35    0.0000066  -0.00031330
  36    0.0000066  -0.00031347
  37    0.0001253  -0.00012342
  38    0.0000818  -0.00010294
  39    0.0000069  -0.00001275
  40    0.0000314  -0.00009664
  41    0.0000005  -0.00000483
  42    0.0000006  -0.00000487
  43    0.0000635  -0.00009070
  44    0.0000731  -0.00007171
  45    0.0000061  -0.00000999
  46    0.0000239  -0.00008807
  47    0.0000004  -0.00000699
  48    0.0000005  -0.00000336
  49    0.0000193  -0.00004563
  50    0.0000421  -0.00005935
  51    0.0000031  -0.00000695
  52    0.0000175  -0.00005690
  53    0.0000004  -0.00000533
  54    0.0000004  -0.00000488
  55    0.0000164  -0.00002581
  56    0.0000355  -0.00004312
  57    0.0000022  -0.00000636
  58    0.0000139  -0.00005651
  59    0.0000004  -0.00000395
  60    0.0000004  -0.00000393
  61    0.0000138  -0.00002093
  62    0.0000133  -0.00003086
  63    0.0000011  -0.00000452
  64    0.0000129  -0.00003688
  65    0.0000004  -0.00000870
  66    0.0000004  -0.00000818
  67    0.0000075  -0.00001319
  68    0.0000050  -0.00001195
  69    0.0000010  -0.00000385
  70    0.0000074  -0.00002914
  71    0.0000003  -0.00000203
  72    0.0000003  -0.00000692
  73    0.0000048  -0.00001081
  74    0.0000046  -0.00001145
  75    0.0000008  -0.00000374
  76    0.0000070  -0.00002961
  77    0.0000003  0.00000004
  78    0.0000003  0.00000017
  79    0.0000045  -0.00000706
  80    0.0000040  -0.00000919
  81    0.0000008  -0.00000288
  82    0.0000058  -0.00001262
  83    0.0000003  0.00000014
  84    0.0000003  0.00000002
  85    0.0000035  -0.00000555
  86    0.0000033  -0.00000674
  87    0.0000006  -0.00000214
  88    0.0000057  -0.00001550
  89    0.0000002  0.00000025
  90    0.0000002  0.00000024
  91    0.0000034  -0.00000301
  92    0.0000026  -0.00000448
  93    0.0000005  -0.00000202
  94    0.0000042  -0.00001087
  95    0.0000002  0.00000026
  96    0.0000002  0.00000037
  97    0.0000033  -0.00000382
  98    0.0000024  -0.00000538
  99    0.0000004  -0.00000148
 100    0.0000032  -0.00000721
 101    0.0000002  0.00000040
 102    0.0000002  0.00000042
 103    0.0000030  -0.00000319
 104    0.0000020  -0.00000424
 105    0.0000003  -0.00000126
 106    0.0000020  -0.00000562
 107    0.0000002  0.00000040
 108    0.0000002  0.00000040
 109    0.0000016  -0.00000273
 110    0.0000015  -0.00000352
 111    0.0000001  -0.00000082
 112    0.0000007  -0.00000359
 113    0.0000001  0.00000029
 114    0.0000001  0.00000023
 
----------------
 Final Energies 
----------------
Final NOF Total Energy =     -75.5946725
 
Total Orbital Internal Iterations = 10
Total Occupation Internal Iterations = 0
 
Elapsed time:   60.55 Seconds

---------------------------------
   Lowdin Population Analysis    
---------------------------------
 Idx  Atom   Population   Charge 
---------------------------------
  1     C     6.000      -0.000
  2     C     6.000       0.000

---------------------------------
   M Diagnostic: 0.40
---------------------------------

