W4-11_130_c2
/software/eb2024/easybuild/software/common/software/Julia/1.11.3-linux-x86_64/bin/julia
Job runing on nh028
Choosing scratch ...
Automatic scratch folder selection
/scratch/pobleyef/168391
/scratch/pobleyef/168391 directory
cp W4-11_130_c2.jl W4-11_130_c2.jld2 to  /scratch/pobleyef/168391/.
Computing Integrals
Elapsed time:    5.99 Seconds

Number of basis functions                   (NBF)    = 114
Number of auxiliary basis functions         (NBFAUX) = 150
Inactive Doubly occupied orbitals up to     (NO1)    = 0
No. considered Strongly Doubly occupied MOs (NDOC)   = 6
No. considered Strongly Singly occupied MOs (NSOC)   = 0
NO. of Weakly occ. per St. Doubly occ.  MOs (NCWO)   = 18
Dimension of the Nat. Orb. subspace         (NBF5)   = 114
No. of electrons                                     = 12
    No. of alpha electrons                           = 6
    No. of beta electrons                            = 6
Multiplicity                                         = 1

Geometry
========
 C       0.0000000       0.0000000       0.6200000
 C       0.0000000       0.0000000      -0.6200000

No violations of the orthonormality
No violations of the orthonormality
 
PNOF5/ADABelief Calculation
==================
 
  Nitext  Nit_orb  Time   Nit_occ  Time         Eelec          Etot           Ediff      maxdiff    MaxGrad_orb  Grad_occ
     1      10    2.9e+01   51    3.4e+01   -90.67510821   -75.31193037 -10089.67510821   0.000479   1.9e-03   1.8e-04 0.37
 
RESULTS OF THE OCCUPATION OPTIMIZATION
========================================
   1    1.9995611  -11.20609861
   2    1.9995602  -11.20597459
   3    1.9983123  -1.25046909
   4    1.6253025  -0.46526456
   5    1.9214133  -0.45484587
   6    1.9198444  -0.45461870
   7    0.0800619  -0.03263276
   8    0.0780878  -0.03187324
   9    0.3746751  -0.13203232
  10    0.0015360  -0.00255825
  11    0.0004383  -0.00858125
  12    0.0004375  -0.00857755
  13    0.0000162  -0.00004324
  14    0.0002279  -0.00028203
  15    0.0000048  -0.00002164
  16    0.0000434  -0.00011341
  17    0.0000001  0.00000004
  18    0.0000001  0.00000001
  19    0.0000126  -0.00003384
  20    0.0002129  -0.00028485
  21    0.0000022  -0.00001124
  22    0.0000357  -0.00010923
  23    0.0000001  0.00000003
  24    0.0000001  0.00000003
  25    0.0000109  -0.00003404
  26    0.0000211  -0.00006170
  27    0.0000015  -0.00000322
  28    0.0000161  -0.00005812
  29    0.0000001  -0.00000002
  30    0.0000001  0.00000003
  31    0.0000096  -0.00002569
  32    0.0000094  -0.00003068
  33    0.0000015  -0.00000371
  34    0.0000084  -0.00002819
  35    0.0000001  0.00000005
  36    0.0000001  0.00000002
  37    0.0000091  -0.00002182
  38    0.0000047  -0.00001666
  39    0.0000013  -0.00000317
  40    0.0000060  -0.00003134
  41    0.0000001  -0.00000014
  42    0.0000001  0.00000006
  43    0.0000080  -0.00002104
  44    0.0000037  -0.00001180
  45    0.0000012  -0.00000341
  46    0.0000049  -0.00001457
  47    0.0000001  -0.00000011
  48    0.0000001  0.00000012
  49    0.0000050  -0.00001083
  50    0.0000031  -0.00000816
  51    0.0000012  -0.00000267
  52    0.0000048  -0.00001591
  53    0.0000001  -0.00000001
  54    0.0000001  0.00000011
  55    0.0000032  -0.00000553
  56    0.0000027  -0.00000663
  57    0.0000012  -0.00000243
  58    0.0000048  -0.00001599
  59    0.0000001  -0.00000017
  60    0.0000001  0.00000009
  61    0.0000030  -0.00000482
  62    0.0000023  -0.00000497
  63    0.0000011  -0.00000360
  64    0.0000046  -0.00002638
  65    0.0000001  0.00000012
  66    0.0000001  -0.00000170
  67    0.0000024  -0.00000127
  68    0.0000017  -0.00000427
  69    0.0000011  -0.00000337
  70    0.0000043  -0.00001312
  71    0.0000001  0.00000020
  72    0.0000001  0.00000012
  73    0.0000022  -0.00000176
  74    0.0000016  -0.00000381
  75    0.0000008  -0.00000117
  76    0.0000041  -0.00002361
  77    0.0000001  0.00000002
  78    0.0000001  -0.00000005
  79    0.0000022  -0.00000107
  80    0.0000015  -0.00000105
  81    0.0000008  -0.00000125
  82    0.0000032  -0.00000950
  83    0.0000001  -0.00000264
  84    0.0000001  0.00000011
  85    0.0000020  0.00000156
  86    0.0000013  -0.00000230
  87    0.0000008  -0.00000070
  88    0.0000031  -0.00000947
  89    0.0000001  0.00000019
  90    0.0000001  0.00000006
  91    0.0000020  -0.00000063
  92    0.0000013  -0.00000194
  93    0.0000007  -0.00000118
  94    0.0000027  -0.00000619
  95    0.0000001  0.00000015
  96    0.0000001  -0.00000100
  97    0.0000020  0.00000047
  98    0.0000013  -0.00000096
  99    0.0000007  -0.00000072
 100    0.0000026  -0.00000590
 101    0.0000001  0.00000025
 102    0.0000001  -0.00000299
 103    0.0000019  0.00000058
 104    0.0000013  -0.00000090
 105    0.0000007  -0.00000105
 106    0.0000019  -0.00000124
 107    0.0000001  0.00000016
 108    0.0000000  0.00000041
 109    0.0000017  -0.00000791
 110    0.0000011  0.00000043
 111    0.0000007  -0.00000082
 112    0.0000012  -0.00000352
 113    0.0000000  -0.00000531
 114    0.0000000  -0.00000116
 
----------------
 Final Energies 
----------------
Final NOF Total Energy =     -75.3119304
 
Total Orbital Internal Iterations = 10
Total Occupation Internal Iterations = 51
 
Elapsed time:   81.52 Seconds

---------------------------------
   Lowdin Population Analysis    
---------------------------------
 Idx  Atom   Population   Charge 
---------------------------------
  1     C     6.000       0.000
  2     C     6.000      -0.000

---------------------------------
   M Diagnostic: 0.37
---------------------------------

Recovering execution output...
Moving from /scratch/pobleyef/168391 to /home-nas/pobleyef/Poison-Set/ncwomax/P30-5/PNOF5/arina.168391
mkdir -p /home-nas/pobleyef/Poison-Set/ncwomax/P30-5/PNOF5/arina.168391
mv /scratch/pobleyef/168391/* /home-nas/pobleyef/Poison-Set/ncwomax/P30-5/PNOF5/arina.168391
