W4-11-si
/software/eb2024/easybuild/software/common/software/Julia/1.11.3-linux-x86_64/bin/julia
Job runing on nagpu01
Choosing scratch ...
Automatic scratch folder selection
/scratch/pobleyef/284160
/scratch/pobleyef/284160 directory
cp W4-11-si.jl W4-11-si.jld2 to  /scratch/pobleyef/284160/.
Computing Integrals
Basis Set                                            = def2-qzvp
Auxiliary Basis Set                                  = def2-universal-jkfit
Gaussian Type                                        = Spherical
Elapsed time:    3.67 Seconds

Number of basis functions                   (NBF)    = 70
Number of auxiliary basis functions         (NBFAUX) = 128
Inactive Doubly occupied orbitals up to     (NO1)    = 0
No. considered Strongly Doubly occupied MOs (NDOC)   = 6
No. considered Strongly Singly occupied MOs (NSOC)   = 2
NO. of Weakly occ. per St. Doubly occ.  MOs (NCWO)   = 10
Dimension of the Nat. Orb. subspace         (NBF5)   = 68
No. of electrons                                     = 14
    No. of alpha electrons                           = 8
    No. of beta electrons                            = 6
Multiplicity                                         = 3

Geometry
========
Si       0.0000000       0.0000000       0.0000000

No violations of the orthonormality
No violations of the orthonormality
 
PNOF5/ADABelief Calculation
==================
 
  Nitext  Nit_orb  Time   Nit_occ  Time         Eelec          Etot           Ediff      maxdiff    MaxGrad_orb  Grad_occ
     1      10    1.6e+01   11    2.1e+01  -288.88499660  -288.88499660 -10287.88499660   0.004177   1.7e-02   2.3e-04 0.04
     2      20    1.4e-01   25    6.2e-02  -288.90526720  -288.90526720    -0.02027060   0.132326   5.3e-01   1.8e-04 0.04
     3      20    9.7e-02   12    3.8e-02  -288.91344850  -288.91344850    -0.00818130   0.007801   3.1e-02   1.7e-04 0.04
     4      20    1.4e-01    3    1.4e-02  -288.91528400  -288.91528400    -0.00183550   0.006121   2.4e-02   1.2e-04 0.04
     5      20    1.6e-01    3    1.4e-02  -288.91560061  -288.91560061    -0.00031660   0.017697   7.1e-02   1.8e-04 0.04
     6      20    1.4e-01    6    1.7e-02  -288.91598488  -288.91598488    -0.00038427   0.014387   5.8e-02   1.1e-04 0.04
     7      20    2.0e-01    0    3.3e-03  -288.91656502  -288.91656502    -0.00058014   0.005321   2.1e-02   2.2e-04 0.04
     8      30    1.8e-01    5    1.4e-02  -288.91669435  -288.91669435    -0.00012933   0.001590   6.4e-03   1.4e-04 0.04
     9      30    1.4e-01    0    6.2e-03  -288.91679964  -288.91679964    -0.00010529   0.001316   5.3e-03   1.5e-04 0.04
    10      37    1.9e-01    0    9.2e-03  -288.91682528  -288.91682528    -0.00002565   0.000473   1.9e-03   1.6e-04 0.04
 
RESULTS OF THE OCCUPATION OPTIMIZATION
========================================
   1    1.9999589  -68.57919569
   2    1.9991176  -4.82307758
   3    1.9990163  -4.81351028
   4    1.9990570  -4.80144994
   5    1.9989220  -4.77024131
   6    1.9599955  -0.54949393
   7    1.0000000  -0.14823676
   8    1.0000000  -0.14805714
   9    0.0350601  -0.01530935
  10    0.0007322  -0.00521525
  11    0.0007555  -0.00536644
  12    0.0007537  -0.00536345
  13    0.0007051  -0.00513159
  14    0.0000397  -0.00553375
  15    0.0011680  -0.00078715
  16    0.0002163  -0.00155978
  17    0.0001561  -0.00112315
  18    0.0002072  -0.00149620
  19    0.0001504  -0.00109984
  20    0.0000010  -0.00019008
  21    0.0011219  -0.00076181
  22    0.0001219  -0.00091851
  23    0.0000230  -0.00018498
  24    0.0000178  -0.00013998
  25    0.0000175  -0.00015197
  26    0.0000002  -0.00000067
  27    0.0007615  -0.00051862
  28    0.0000025  -0.00002753
  29    0.0000061  -0.00001983
  30    0.0000018  -0.00000659
  31    0.0000054  -0.00001847
  32    0.0000001  0.00000004
  33    0.0007337  -0.00050613
  34    0.0000015  -0.00000219
  35    0.0000006  -0.00000148
  36    0.0000007  -0.00000131
  37    0.0000015  -0.00000375
  38    0.0000001  0.00000003
  39    0.0006722  -0.00045639
  40    0.0000009  -0.00000054
  41    0.0000004  -0.00000052
  42    0.0000007  -0.00000068
  43    0.0000007  -0.00000109
  44    0.0000000  0.00000002
  45    0.0001802  -0.00019955
  46    0.0000008  -0.00000014
  47    0.0000004  -0.00000028
  48    0.0000006  -0.00000039
  49    0.0000005  -0.00000055
  50    0.0000000  0.00000003
  51    0.0001200  -0.00012529
  52    0.0000007  -0.00000020
  53    0.0000004  0.00000002
  54    0.0000005  -0.00000003
  55    0.0000005  -0.00000014
  56    0.0000000  0.00000002
  57    0.0001020  -0.00011307
  58    0.0000006  -0.00000003
  59    0.0000003  -0.00000001
  60    0.0000004  -0.00000013
  61    0.0000005  -0.00000003
  62    0.0000000  0.00000003
  63    0.0000848  -0.00008282
  64    0.0000006  -0.00000013
  65    0.0000003  0.00000005
  66    0.0000004  0.00000006
  67    0.0000004  0.00000001
  68    0.0000000  0.00000003
 
----------------
 Final Energies 
----------------
Final NOF Total Energy =    -288.9168253
 
Total Orbital Internal Iterations = 227
Total Occupation Internal Iterations = 65
 
Elapsed time:   50.44 Seconds

---------------------------------
   Lowdin Population Analysis    
---------------------------------
 Idx  Atom   Population   Charge 
---------------------------------
  1    Si    14.000      -0.000

---------------------------------
   M Diagnostic: 0.04
---------------------------------

Recovering execution output...
Moving from /scratch/pobleyef/284160 to /home-nas/pobleyef/Poison-NOF/ncwomax/P30-5/PNOF5/arina.284160
mkdir -p /home-nas/pobleyef/Poison-NOF/ncwomax/P30-5/PNOF5/arina.284160
mv /scratch/pobleyef/284160/* /home-nas/pobleyef/Poison-NOF/ncwomax/P30-5/PNOF5/arina.284160
