W4-11-p4
/software/eb2024/easybuild/software/common/software/Julia/1.11.3-linux-x86_64/bin/julia
Job runing on na16
Choosing scratch ...
Automatic scratch folder selection
/scratch/pobleyef/284156
/scratch/pobleyef/284156 directory
cp W4-11-p4.jl W4-11-p4.jld2 to  /scratch/pobleyef/284156/.
Computing Integrals
Basis Set                                            = def2-qzvp
Auxiliary Basis Set                                  = def2-universal-jkfit
Gaussian Type                                        = Spherical
Elapsed time:   20.64 Seconds

Number of basis functions                   (NBF)    = 280
Number of auxiliary basis functions         (NBFAUX) = 512
Inactive Doubly occupied orbitals up to     (NO1)    = 0
No. considered Strongly Doubly occupied MOs (NDOC)   = 30
No. considered Strongly Singly occupied MOs (NSOC)   = 0
NO. of Weakly occ. per St. Doubly occ.  MOs (NCWO)   = 8
Dimension of the Nat. Orb. subspace         (NBF5)   = 270
No. of electrons                                     = 60
    No. of alpha electrons                           = 30
    No. of beta electrons                            = 30
Multiplicity                                         = 1

Geometry
========
 P       0.7773750       0.7773750       0.7773750
 P      -0.7773750      -0.7773750       0.7773750
 P      -0.7773750       0.7773750      -0.7773750
 P       0.7773750      -0.7773750      -0.7773750

No violations of the orthonormality
No violations of the orthonormality
 
PNOF5/ADABelief Calculation
==================
 
  Nitext  Nit_orb  Time   Nit_occ  Time         Eelec          Etot           Ediff      maxdiff    MaxGrad_orb  Grad_occ
     1      10    7.7e+01   32    2.2e+01 -1687.90019656 -1362.99366089 -11686.90019656   0.005627   2.3e-02   2.2e-04 0.04
     2      20    1.2e+02   15    1.1e+00 -1688.23685231 -1363.33031664    -0.33665575   0.038250   1.5e-01   2.1e-04 0.04
     3      20    1.2e+02   14    9.8e-01 -1688.25348722 -1363.34695155    -0.01663491   0.006799   2.7e-02   2.7e-04 0.03
     4      20    1.2e+02   11    8.6e-01 -1688.27523693 -1363.36870126    -0.02174971   0.052081   2.1e-01   1.6e-04 0.02
     5      20    1.1e+02   11    8.3e-01 -1688.29081951 -1363.38428383    -0.01558258   0.010169   4.1e-02   1.8e-04 0.02
     6      20    1.0e+02    7    6.1e-01 -1688.29886979 -1363.39233412    -0.00805029   0.016560   6.6e-02   2.4e-04 0.02
     7      20    1.0e+02    6    5.3e-01 -1688.30320879 -1363.39667312    -0.00433900   0.014032   5.6e-02   2.0e-04 0.02
     8      20    1.0e+02    5    5.0e-01 -1688.30500999 -1363.39847432    -0.00180120   0.012367   4.9e-02   2.7e-04 0.01
     9      20    1.0e+02    5    5.3e-01 -1688.30723295 -1363.40069727    -0.00222296   0.011660   4.7e-02   3.1e-04 0.01
    10      20    1.0e+02    0    2.2e-01 -1688.30770454 -1363.40116887    -0.00047159   0.011660   4.7e-02   3.1e-04 0.01
    11      40    2.1e+02    3    3.8e-01 -1688.30987722 -1363.40334154    -0.00217268   0.001297   5.2e-03   2.8e-04 0.01
    12      40    2.0e+02    5    5.2e-01 -1688.31047075 -1363.40393508    -0.00059353   0.000484   1.9e-03   1.8e-04 0.01
 
RESULTS OF THE OCCUPATION OPTIMIZATION
========================================
   1    1.9999652  -79.62158706
   2    1.9999652  -79.60854903
   3    1.9999653  -79.57036291
   4    1.9999650  -79.54825091
   5    1.9995353  -6.28661335
   6    1.9995410  -6.25818717
   7    1.9993721  -6.11134887
   8    1.9993653  -6.09838799
   9    1.9993763  -6.09412048
  10    1.9993539  -6.08922123
  11    1.9993639  -6.08526264
  12    1.9993479  -6.07812013
  13    1.9993481  -6.06893279
  14    1.9993887  -5.97008958
  15    1.9991998  -5.94677128
  16    1.9992157  -5.91209208
  17    1.9992048  -5.89083164
  18    1.9992103  -5.88717721
  19    1.9992220  -5.88550775
  20    1.9992718  -5.85989135
  21    1.9851342  -0.60611650
  22    1.9847732  -0.60480622
  23    1.9849823  -0.60481563
  24    1.9847130  -0.60424256
  25    1.9845865  -0.60341845
  26    1.9842946  -0.60272077
  27    1.9791917  -0.53864759
  28    1.9793829  -0.53798802
  29    1.9786605  -0.53789953
  30    1.9796830  -0.53783522
  31    0.0067774  -0.00438819
  32    0.0068936  -0.00443852
  33    0.0066724  -0.00432931
  34    0.0068754  -0.00443294
  35    0.0085782  -0.00606365
  36    0.0082973  -0.00592147
  37    0.0082371  -0.00589943
  38    0.0080466  -0.00580239
  39    0.0081514  -0.00585756
  40    0.0080306  -0.00581180
  41    0.0004728  -0.00446282
  42    0.0004715  -0.00446528
  43    0.0004778  -0.00451270
  44    0.0004851  -0.00455961
  45    0.0004718  -0.00447384
  46    0.0004749  -0.00449091
  47    0.0004754  -0.00449899
  48    0.0004639  -0.00445012
  49    0.0004628  -0.00443748
  50    0.0004601  -0.00441335
  51    0.0004622  -0.00444118
  52    0.0004573  -0.00440684
  53    0.0004556  -0.00438961
  54    0.0004681  -0.00444876
  55    0.0004453  -0.00433311
  56    0.0004420  -0.00431639
  57    0.0000339  -0.00549984
  58    0.0000336  -0.00545778
  59    0.0000337  -0.00546598
  60    0.0000337  -0.00546729
  61    0.0062551  -0.00418888
  62    0.0068897  -0.00442236
  63    0.0065093  -0.00424541
  64    0.0064333  -0.00420813
  65    0.0034908  -0.00285302
  66    0.0034060  -0.00279369
  67    0.0033818  -0.00278199
  68    0.0033146  -0.00274380
  69    0.0033737  -0.00277844
  70    0.0032846  -0.00273769
  71    0.0001208  -0.00107820
  72    0.0001803  -0.00156831
  73    0.0001827  -0.00160471
  74    0.0001828  -0.00158491
  75    0.0001924  -0.00168032
  76    0.0002018  -0.00176410
  77    0.0001173  -0.00106054
  78    0.0001786  -0.00159120
  79    0.0001754  -0.00157777
  80    0.0001651  -0.00148711
  81    0.0001778  -0.00159107
  82    0.0001599  -0.00144511
  83    0.0001641  -0.00149096
  84    0.0001267  -0.00116713
  85    0.0000123  -0.00016286
  86    0.0000142  -0.00019373
  87    0.0000010  -0.00021326
  88    0.0000010  -0.00021423
  89    0.0000010  -0.00021270
  90    0.0000010  -0.00021232
  91    0.0059650  -0.00396426
  92    0.0062737  -0.00416674
  93    0.0061278  -0.00411814
  94    0.0061944  -0.00414926
  95    0.0024348  -0.00201770
  96    0.0025090  -0.00207258
  97    0.0024588  -0.00204186
  98    0.0024356  -0.00203745
  99    0.0024681  -0.00204893
 100    0.0023642  -0.00198391
 101    0.0001198  -0.00106924
 102    0.0001167  -0.00103996
 103    0.0001193  -0.00104881
 104    0.0001150  -0.00102238
 105    0.0001144  -0.00102754
 106    0.0001155  -0.00103048
 107    0.0000168  -0.00021256
 108    0.0000076  -0.00009945
 109    0.0000077  -0.00010265
 110    0.0000087  -0.00011342
 111    0.0000031  -0.00005613
 112    0.0000045  -0.00006885
 113    0.0000087  -0.00011933
 114    0.0000305  -0.00034125
 115    0.0000003  -0.00000084
 116    0.0000074  -0.00005886
 117    0.0000000  -0.00000009
 118    0.0000000  -0.00000021
 119    0.0000000  -0.00000021
 120    0.0000000  -0.00000007
 121    0.0004130  -0.00044078
 122    0.0004126  -0.00043945
 123    0.0004247  -0.00046896
 124    0.0004071  -0.00043541
 125    0.0009887  -0.00098726
 126    0.0010011  -0.00100128
 127    0.0009736  -0.00098057
 128    0.0009468  -0.00096192
 129    0.0009945  -0.00099949
 130    0.0009144  -0.00093134
 131    0.0000132  -0.00017200
 132    0.0000070  -0.00010201
 133    0.0000082  -0.00010253
 134    0.0000100  -0.00012673
 135    0.0000031  -0.00004188
 136    0.0000062  -0.00008419
 137    0.0000006  -0.00000266
 138    0.0000006  -0.00000326
 139    0.0000048  -0.00003444
 140    0.0000010  -0.00000509
 141    0.0000015  -0.00000828
 142    0.0000007  -0.00000356
 143    0.0000050  -0.00002915
 144    0.0000013  -0.00001001
 145    0.0000003  -0.00000053
 146    0.0000003  -0.00000066
 147    0.0000000  -0.00000004
 148    0.0000000  -0.00000004
 149    0.0000000  -0.00000001
 150    0.0000000  0.00000002
 151    0.0003789  -0.00041062
 152    0.0003811  -0.00040994
 153    0.0003719  -0.00039421
 154    0.0003930  -0.00042859
 155    0.0000775  -0.00012297
 156    0.0000661  -0.00011899
 157    0.0000786  -0.00012600
 158    0.0000932  -0.00012314
 159    0.0000843  -0.00011269
 160    0.0001026  -0.00012684
 161    0.0000004  -0.00000074
 162    0.0000010  -0.00000452
 163    0.0000005  -0.00000185
 164    0.0000009  -0.00000494
 165    0.0000012  -0.00000314
 166    0.0000006  -0.00000149
 167    0.0000003  -0.00000085
 168    0.0000004  -0.00000037
 169    0.0000004  -0.00000193
 170    0.0000003  -0.00000030
 171    0.0000005  -0.00000279
 172    0.0000004  -0.00000222
 173    0.0000004  -0.00000254
 174    0.0000005  -0.00000334
 175    0.0000002  -0.00000024
 176    0.0000002  -0.00000049
 177    0.0000000  0.00000001
 178    0.0000000  0.00000001
 179    0.0000000  0.00000002
 180    0.0000000  -0.00000002
 181    0.0003777  -0.00041206
 182    0.0003506  -0.00036974
 183    0.0003615  -0.00038240
 184    0.0003557  -0.00037721
 185    0.0000535  -0.00009398
 186    0.0000549  -0.00010157
 187    0.0000591  -0.00009568
 188    0.0000692  -0.00010452
 189    0.0000615  -0.00011326
 190    0.0000677  -0.00011545
 191    0.0000004  -0.00000011
 192    0.0000007  -0.00000245
 193    0.0000005  -0.00000050
 194    0.0000005  -0.00000222
 195    0.0000005  -0.00000052
 196    0.0000005  -0.00000152
 197    0.0000003  -0.00000056
 198    0.0000003  -0.00000048
 199    0.0000003  -0.00000044
 200    0.0000003  -0.00000029
 201    0.0000003  -0.00000046
 202    0.0000004  -0.00000065
 203    0.0000003  -0.00000052
 204    0.0000004  -0.00000142
 205    0.0000002  -0.00000015
 206    0.0000002  -0.00000039
 207    0.0000000  0.00000002
 208    0.0000000  0.00000001
 209    0.0000000  0.00000002
 210    0.0000000  0.00000002
 211    0.0000761  -0.00009218
 212    0.0000801  -0.00009441
 213    0.0000797  -0.00009600
 214    0.0000790  -0.00009780
 215    0.0000493  -0.00009388
 216    0.0000470  -0.00008400
 217    0.0000517  -0.00009483
 218    0.0000588  -0.00009766
 219    0.0000491  -0.00009674
 220    0.0000538  -0.00010073
 221    0.0000004  -0.00000022
 222    0.0000004  -0.00000036
 223    0.0000004  -0.00000016
 224    0.0000004  -0.00000035
 225    0.0000004  -0.00000012
 226    0.0000004  -0.00000012
 227    0.0000003  -0.00000037
 228    0.0000003  -0.00000018
 229    0.0000003  -0.00000040
 230    0.0000003  -0.00000045
 231    0.0000003  -0.00000020
 232    0.0000003  -0.00000012
 233    0.0000003  -0.00000028
 234    0.0000003  -0.00000032
 235    0.0000002  -0.00000006
 236    0.0000002  -0.00000020
 237    0.0000000  0.00000002
 238    0.0000000  0.00000001
 239    0.0000000  0.00000002
 240    0.0000000  0.00000002
 241    0.0000739  -0.00009139
 242    0.0000581  -0.00008531
 243    0.0000698  -0.00008962
 244    0.0000703  -0.00008985
 245    0.0000325  -0.00006169
 246    0.0000322  -0.00006091
 247    0.0000464  -0.00007582
 248    0.0000529  -0.00009167
 249    0.0000442  -0.00007297
 250    0.0000479  -0.00007288
 251    0.0000004  -0.00000031
 252    0.0000004  -0.00000011
 253    0.0000004  -0.00000020
 254    0.0000004  -0.00000021
 255    0.0000004  -0.00000007
 256    0.0000004  -0.00000011
 257    0.0000002  -0.00000006
 258    0.0000003  -0.00000002
 259    0.0000003  -0.00000009
 260    0.0000002  -0.00000006
 261    0.0000003  -0.00000017
 262    0.0000002  -0.00000011
 263    0.0000002  -0.00000003
 264    0.0000002  -0.00000013
 265    0.0000001  -0.00000004
 266    0.0000002  -0.00000008
 267    0.0000000  0.00000002
 268    0.0000000  0.00000002
 269    0.0000000  0.00000000
 270    0.0000000  -0.00000001
 
----------------
 Final Energies 
----------------
Final NOF Total Energy =   -1363.4039351
 
Total Orbital Internal Iterations = 270
Total Occupation Internal Iterations = 114
 
Elapsed time: 1561.13 Seconds

---------------------------------
   Lowdin Population Analysis    
---------------------------------
 Idx  Atom   Population   Charge 
---------------------------------
  1     P    15.000      -0.000
  2     P    15.000       0.000
  3     P    15.000       0.000
  4     P    15.000      -0.000

---------------------------------
   M Diagnostic: 0.01
---------------------------------

Recovering execution output...
Moving from /scratch/pobleyef/284156 to /home-nas/pobleyef/Poison-NOF/ncwomax/P30-5/PNOF5/arina.284156
mkdir -p /home-nas/pobleyef/Poison-NOF/ncwomax/P30-5/PNOF5/arina.284156
mv /scratch/pobleyef/284156/* /home-nas/pobleyef/Poison-NOF/ncwomax/P30-5/PNOF5/arina.284156
