W4-11-n
/software/eb2024/easybuild/software/common/software/Julia/1.11.3-linux-x86_64/bin/julia
Job runing on nh014
Choosing scratch ...
Automatic scratch folder selection
/scratch/pobleyef/284152
/scratch/pobleyef/284152 directory
cp W4-11-n.jl W4-11-n.jld2 to  /scratch/pobleyef/284152/.
Computing Integrals
Basis Set                                            = def2-qzvp
Auxiliary Basis Set                                  = def2-universal-jkfit
Gaussian Type                                        = Spherical
Elapsed time:    3.49 Seconds

Number of basis functions                   (NBF)    = 57
Number of auxiliary basis functions         (NBFAUX) = 77
Inactive Doubly occupied orbitals up to     (NO1)    = 0
No. considered Strongly Doubly occupied MOs (NDOC)   = 2
No. considered Strongly Singly occupied MOs (NSOC)   = 3
NO. of Weakly occ. per St. Doubly occ.  MOs (NCWO)   = 26
Dimension of the Nat. Orb. subspace         (NBF5)   = 57
No. of electrons                                     = 7
    No. of alpha electrons                           = 5
    No. of beta electrons                            = 2
Multiplicity                                         = 4

Geometry
========
 N       0.0000000       0.0000000       0.0000000

No violations of the orthonormality
No violations of the orthonormality
 
PNOF5/ADABelief Calculation
==================
 
  Nitext  Nit_orb  Time   Nit_occ  Time         Eelec          Etot           Ediff      maxdiff    MaxGrad_orb  Grad_occ
     1      10    2.7e+01   18    3.3e+01   -54.35965081   -54.35965081 -10053.35965081   0.113950   4.6e-01   1.3e-04 0.00
     2      10    8.1e-02    0    1.8e-02   -54.41387034   -54.41387034    -0.05421953   0.113950   4.6e-01   1.3e-04 0.00
     3      30    9.6e-02    6    1.8e-02   -54.42262660   -54.42262660    -0.00875626   0.011868   4.7e-02   9.9e-05 0.00
     4      30    1.1e-01    2    1.1e-02   -54.42283367   -54.42283367    -0.00020707   0.008600   3.4e-02   1.0e-04 0.00
     5      30    9.7e-02    0    3.4e-03   -54.42286124   -54.42286124    -0.00002757   0.008600   3.4e-02   1.0e-04 0.00
     6      50    1.5e-01    2    7.0e-03   -54.42307648   -54.42307648    -0.00021524   0.002249   9.0e-03   1.3e-04 0.00
     7      50    1.5e-01    1    9.2e-03   -54.42310062   -54.42310062    -0.00002414   0.001515   6.1e-03   1.4e-04 0.00
     8      50    1.7e-01    0    7.5e-03   -54.42310899   -54.42310899    -0.00000838   0.001446   5.8e-03   1.2e-04 0.00
     9      60    1.8e-01    0    3.9e-03   -54.42311872   -54.42311872    -0.00000972   0.001148   4.6e-03   1.2e-04 0.00
    10      70    2.1e-01    0    7.5e-03   -54.42312449   -54.42312449    -0.00000577   0.000735   2.9e-03   1.2e-04 0.00
 
RESULTS OF THE OCCUPATION OPTIMIZATION
========================================
   1    1.9995981  -15.56722237
   2    1.9965915  -1.02758637
   3    1.0000000  -0.28409322
   4    1.0000000  -0.28406496
   5    1.0000000  -0.28404702
   6    0.0011414  -0.00151649
   7    0.0002991  -0.00807906
   8    0.0003088  -0.00056204
   9    0.0000317  -0.00059077
  10    0.0003046  -0.00056047
  11    0.0000316  -0.00058959
  12    0.0003014  -0.00055808
  13    0.0000306  -0.00057972
  14    0.0003013  -0.00055814
  15    0.0000040  -0.00024683
  16    0.0003000  -0.00055740
  17    0.0000004  -0.00000333
  18    0.0001546  -0.00022460
  19    0.0000004  -0.00000328
  20    0.0001476  -0.00021935
  21    0.0000003  -0.00000317
  22    0.0001432  -0.00021609
  23    0.0000003  -0.00000315
  24    0.0000270  -0.00007456
  25    0.0000003  -0.00000303
  26    0.0000255  -0.00007361
  27    0.0000002  0.00000003
  28    0.0000246  -0.00007329
  29    0.0000002  -0.00000007
  30    0.0000241  -0.00007289
  31    0.0000002  -0.00000978
  32    0.0000239  -0.00007233
  33    0.0000002  0.00000016
  34    0.0000234  -0.00007211
  35    0.0000002  0.00000052
  36    0.0000232  -0.00007213
  37    0.0000002  0.00000048
  38    0.0000228  -0.00004392
  39    0.0000002  -0.00000070
  40    0.0000224  -0.00004335
  41    0.0000002  -0.00000023
  42    0.0000223  -0.00004379
  43    0.0000002  0.00000011
  44    0.0000223  -0.00004342
  45    0.0000002  0.00000058
  46    0.0000222  -0.00004328
  47    0.0000002  0.00000058
  48    0.0000111  -0.00002447
  49    0.0000002  0.00000060
  50    0.0000058  -0.00001569
  51    0.0000002  0.00000060
  52    0.0000020  -0.00001376
  53    0.0000002  0.00000054
  54    0.0000018  -0.00001345
  55    0.0000002  0.00000052
  56    0.0000015  -0.00001269
  57    0.0000001  0.00000036
 
----------------
 Final Energies 
----------------
Final NOF Total Energy =     -54.4231245
 
Total Orbital Internal Iterations = 390
Total Occupation Internal Iterations = 29
 
Elapsed time:   81.29 Seconds

---------------------------------
   Lowdin Population Analysis    
---------------------------------
 Idx  Atom   Population   Charge 
---------------------------------
  1     N     7.000      -0.000

---------------------------------
   M Diagnostic: 0.00
---------------------------------

Recovering execution output...
Moving from /scratch/pobleyef/284152 to /home-nas/pobleyef/Poison-NOF/ncwomax/P30-5/PNOF5/arina.284152
mkdir -p /home-nas/pobleyef/Poison-NOF/ncwomax/P30-5/PNOF5/arina.284152
mv /scratch/pobleyef/284152/* /home-nas/pobleyef/Poison-NOF/ncwomax/P30-5/PNOF5/arina.284152
