W4-11_137_o3
/software/eb2024/easybuild/software/common/software/Julia/1.11.3-linux-x86_64/bin/julia
Job runing on na09
Choosing scratch ...
Automatic scratch folder selection
/scratch/pobleyef/168395
/scratch/pobleyef/168395 directory
cp W4-11_137_o3.jl W4-11_137_o3.jld2 to  /scratch/pobleyef/168395/.
Computing Integrals
Elapsed time:    7.67 Seconds

Number of basis functions                   (NBF)    = 171
Number of auxiliary basis functions         (NBFAUX) = 231
Inactive Doubly occupied orbitals up to     (NO1)    = 0
No. considered Strongly Doubly occupied MOs (NDOC)   = 12
No. considered Strongly Singly occupied MOs (NSOC)   = 0
NO. of Weakly occ. per St. Doubly occ.  MOs (NCWO)   = 13
Dimension of the Nat. Orb. subspace         (NBF5)   = 168
No. of electrons                                     = 24
    No. of alpha electrons                           = 12
    No. of beta electrons                            = 12
Multiplicity                                         = 1

Geometry
========
 O       0.0000000       0.0000000       0.4412240
 O       0.0000000       1.0825250      -0.2206120
 O       0.0000000      -1.0825250      -0.2206120

No violations of the orthonormality
No violations of the orthonormality
 
PNOF5/ADABelief Calculation
==================
 
  Nitext  Nit_orb  Time   Nit_occ  Time         Eelec          Etot           Ediff      maxdiff    MaxGrad_orb  Grad_occ
     1      10    4.3e+01   34    2.1e+01  -293.20080070  -224.17391209 -10292.20080070   0.309560   1.2e+00   2.1e-04 0.00
     2      10    2.7e+01    0    1.0e-01  -293.38796178  -224.36107318    -0.18716108   0.309559   1.2e+00   2.1e-04 0.00
     3      30    8.0e+01   40    1.1e+00  -293.53818824  -224.51129963    -0.15022646   0.104032   4.2e-01   2.2e-04 0.04
     4      30    7.6e+01   26    7.9e-01  -293.62987974  -224.60299113    -0.09169150   0.016445   6.6e-02   2.5e-04 0.17
     5      30    8.0e+01   29    8.5e-01  -293.67260807  -224.64571947    -0.04272833   0.016978   6.8e-02   1.8e-04 0.31
     6      30    8.0e+01   13    3.8e-01  -293.68780318  -224.66091458    -0.01519511   0.019060   7.6e-02   2.2e-04 0.39
     7      30    7.6e+01   16    5.1e-01  -293.69069276  -224.66380416    -0.00288958   0.014400   5.8e-02   2.1e-04 0.42
     8      30    8.3e+01    6    1.9e-01  -293.69172297  -224.66483436    -0.00103020   0.012522   5.0e-02   1.9e-04 0.43
     9      30    7.9e+01    1    1.1e-01  -293.69287133  -224.66598272    -0.00114836   0.009219   3.7e-02   1.6e-04 0.44
    10      30    7.7e+01    0    6.6e-02  -293.69287330  -224.66598470    -0.00000198   0.009219   3.7e-02   1.6e-04 0.44
    11      50    1.3e+02    1    9.4e-02  -293.69353709  -224.66664848    -0.00066378   0.000982   3.9e-03   1.8e-04 0.44
 
RESULTS OF THE OCCUPATION OPTIMIZATION
========================================
   1    1.9997909  -20.76523708
   2    1.9997782  -20.68093133
   3    1.9997764  -20.68073953
   4    1.9761007  -1.13367265
   5    1.9760240  -1.13286478
   6    1.9944378  -0.96917636
   7    1.9944992  -0.96757263
   8    1.9918387  -0.92581080
   9    1.9918257  -0.92577812
  10    1.9918815  -0.92257705
  11    1.9918718  -0.92229968
  12    1.5623043  -0.46098954
  13    0.4376854  -0.16592612
  14    0.0056815  -0.00802279
  15    0.0057109  -0.00803872
  16    0.0057034  -0.00807830
  17    0.0056916  -0.00806961
  18    0.0040157  -0.00592945
  19    0.0040728  -0.00597634
  20    0.0222177  -0.02570801
  21    0.0221332  -0.02563987
  22    0.0001821  -0.00678377
  23    0.0001811  -0.00677467
  24    0.0001871  -0.00693708
  25    0.0000016  -0.00000182
  26    0.0007638  -0.00168321
  27    0.0007452  -0.00167005
  28    0.0008032  -0.00173161
  29    0.0007920  -0.00172181
  30    0.0005339  -0.00121862
  31    0.0005041  -0.00119419
  32    0.0009456  -0.00195947
  33    0.0009441  -0.00195858
  34    0.0000204  -0.00049887
  35    0.0000193  -0.00047988
  36    0.0000156  -0.00043862
  37    0.0000013  -0.00000209
  38    0.0006890  -0.00146933
  39    0.0006680  -0.00145378
  40    0.0006985  -0.00148706
  41    0.0007152  -0.00150294
  42    0.0003917  -0.00093017
  43    0.0003933  -0.00092927
  44    0.0004453  -0.00102485
  45    0.0004418  -0.00102076
  46    0.0000173  -0.00045258
  47    0.0000167  -0.00043863
  48    0.0000026  -0.00014019
  49    0.0000009  -0.00000229
  50    0.0005412  -0.00127335
  51    0.0005489  -0.00128058
  52    0.0005294  -0.00123143
  53    0.0005237  -0.00122786
  54    0.0003397  -0.00087816
  55    0.0003605  -0.00089876
  56    0.0003029  -0.00079854
  57    0.0002977  -0.00079165
  58    0.0000018  -0.00015522
  59    0.0000016  -0.00015063
  60    0.0000015  -0.00010491
  61    0.0000009  -0.00000223
  62    0.0001232  -0.00035861
  63    0.0001226  -0.00035578
  64    0.0001207  -0.00034740
  65    0.0001133  -0.00034394
  66    0.0000709  -0.00022545
  67    0.0000646  -0.00021846
  68    0.0000168  -0.00007301
  69    0.0000337  -0.00010815
  70    0.0000003  -0.00000594
  71    0.0000007  -0.00001076
  72    0.0000005  -0.00000630
  73    0.0000008  -0.00000221
  74    0.0001167  -0.00034302
  75    0.0001103  -0.00033818
  76    0.0001031  -0.00032298
  77    0.0001103  -0.00032951
  78    0.0000364  -0.00013266
  79    0.0000605  -0.00019615
  80    0.0000141  -0.00006853
  81    0.0000131  -0.00006628
  82    0.0000003  -0.00000330
  83    0.0000005  -0.00000512
  84    0.0000004  -0.00000338
  85    0.0000008  -0.00000206
  86    0.0000907  -0.00021811
  87    0.0000821  -0.00021080
  88    0.0000867  -0.00021802
  89    0.0000760  -0.00020754
  90    0.0000319  -0.00014140
  91    0.0000347  -0.00012956
  92    0.0000079  -0.00004317
  93    0.0000110  -0.00005357
  94    0.0000003  -0.00000350
  95    0.0000005  -0.00000430
  96    0.0000003  -0.00000247
  97    0.0000008  -0.00000111
  98    0.0000443  -0.00017056
  99    0.0000547  -0.00018328
 100    0.0000510  -0.00018196
 101    0.0000553  -0.00018447
 102    0.0000314  -0.00012701
 103    0.0000303  -0.00012640
 104    0.0000071  -0.00003368
 105    0.0000063  -0.00003312
 106    0.0000002  -0.00000315
 107    0.0000003  -0.00000370
 108    0.0000003  -0.00000196
 109    0.0000007  -0.00000100
 110    0.0000427  -0.00017755
 111    0.0000349  -0.00016521
 112    0.0000401  -0.00017499
 113    0.0000434  -0.00017893
 114    0.0000199  -0.00009658
 115    0.0000162  -0.00009220
 116    0.0000060  -0.00002720
 117    0.0000053  -0.00002557
 118    0.0000002  -0.00000231
 119    0.0000002  -0.00000234
 120    0.0000002  -0.00000080
 121    0.0000007  -0.00000011
 122    0.0000131  -0.00005597
 123    0.0000149  -0.00005943
 124    0.0000163  -0.00006323
 125    0.0000143  -0.00006291
 126    0.0000138  -0.00005065
 127    0.0000101  -0.00004161
 128    0.0000038  -0.00002030
 129    0.0000039  -0.00002125
 130    0.0000002  -0.00000140
 131    0.0000002  -0.00000210
 132    0.0000002  0.00000058
 133    0.0000007  -0.00000002
 134    0.0000090  -0.00004248
 135    0.0000099  -0.00004390
 136    0.0000085  -0.00004230
 137    0.0000117  -0.00004563
 138    0.0000066  -0.00002636
 139    0.0000061  -0.00002593
 140    0.0000034  -0.00002004
 141    0.0000036  -0.00001910
 142    0.0000002  0.00000018
 143    0.0000002  0.00000056
 144    0.0000002  0.00000042
 145    0.0000006  -0.00000008
 146    0.0000066  -0.00003327
 147    0.0000091  -0.00003452
 148    0.0000076  -0.00003374
 149    0.0000084  -0.00003585
 150    0.0000050  -0.00001621
 151    0.0000048  -0.00001758
 152    0.0000032  -0.00001609
 153    0.0000032  -0.00001627
 154    0.0000002  0.00000057
 155    0.0000002  0.00000052
 156    0.0000001  0.00000049
 157    0.0000005  0.00000040
 158    0.0000063  -0.00003076
 159    0.0000071  -0.00003201
 160    0.0000059  -0.00003165
 161    0.0000061  -0.00003228
 162    0.0000040  -0.00001277
 163    0.0000042  -0.00001605
 164    0.0000024  -0.00001472
 165    0.0000024  -0.00001499
 166    0.0000001  -0.00000654
 167    0.0000002  -0.00000523
 168    0.0000001  -0.00000610
 
----------------
 Final Energies 
----------------
Final NOF Total Energy =    -224.6666485
 
Total Orbital Internal Iterations = 310
Total Occupation Internal Iterations = 166
 
Elapsed time:  916.17 Seconds

---------------------------------
   Lowdin Population Analysis    
---------------------------------
 Idx  Atom   Population   Charge 
---------------------------------
  1     O     8.057      -0.057
  2     O     7.972       0.028
  3     O     7.972       0.028

---------------------------------
   M Diagnostic: 0.44
---------------------------------

Recovering execution output...
Moving from /scratch/pobleyef/168395 to /home-nas/pobleyef/Poison-Set/ncwomax/P30-5/PNOF5/arina.168395
mkdir -p /home-nas/pobleyef/Poison-Set/ncwomax/P30-5/PNOF5/arina.168395
mv /scratch/pobleyef/168395/* /home-nas/pobleyef/Poison-Set/ncwomax/P30-5/PNOF5/arina.168395
