ALKBDE10-cao
/software/eb2024/easybuild/software/common/software/Julia/1.11.3-linux-x86_64/bin/julia
Job runing on na16
Choosing scratch ...
Automatic scratch folder selection
/scratch/pobleyef/283505
/scratch/pobleyef/283505 directory
cp ALKBDE10-cao.jl ALKBDE10-cao.jld2 to  /scratch/pobleyef/283505/.
ALKBDE10-cao_C.jld2 not found
ALKBDE10-cao_n.jld2 not found
Computing Integrals
Basis Set                                            = def2-qzvp
Auxiliary Basis Set                                  = def2-universal-jkfit
Gaussian Type                                        = Spherical
Elapsed time:    7.12 Seconds

Number of basis functions                   (NBF)    = 113
Number of auxiliary basis functions         (NBFAUX) = 237
Inactive Doubly occupied orbitals up to     (NO1)    = 0
No. considered Strongly Doubly occupied MOs (NDOC)   = 14
No. considered Strongly Singly occupied MOs (NSOC)   = 0
NO. of Weakly occ. per St. Doubly occ.  MOs (NCWO)   = 1
Dimension of the Nat. Orb. subspace         (NBF5)   = 28
No. of electrons                                     = 28
    No. of alpha electrons                           = 14
    No. of beta electrons                            = 14
Multiplicity                                         = 1

Geometry
========
Ca       0.0000000       0.0000000      -0.8987290
 O       0.0000000       0.0000000       0.8987290

No violations of the orthonormality
No violations of the orthonormality
 
PNOF8/ADABelief Calculation
==================
 
  Nitext  Nit_orb  Time   Nit_occ  Time         Eelec          Etot           Ediff      maxdiff    MaxGrad_orb  Grad_occ
     1      10    2.7e+01    6    2.0e+01  -773.99083723  -726.88643751 -10772.99083723   3.020849   1.2e+01   1.5e-04 0.00
     2      10    8.9e+00   11    2.9e-03  -787.09809448  -739.99369477   -13.10725726   0.486923   1.9e+00   2.8e-04 0.01
     3      10    9.3e+00   18    8.3e-03  -794.28935225  -747.18495253    -7.19125777   0.496060   2.0e+00   2.4e-04 0.02
     4      10    1.0e+01   12    2.2e-02  -797.44811781  -750.34371809    -3.15876556   0.572607   2.3e+00   2.2e-04 0.03
     5      10    9.8e+00    8    3.8e-03  -798.39030244  -751.28590272    -0.94218463   0.626655   2.5e+00   2.0e-04 0.03
     6      10    1.0e+01    8    3.4e-03  -798.63429338  -751.52989366    -0.24399094   0.516385   2.1e+00   3.0e-04 0.03
     7      10    8.9e+00    8    8.9e-02  -798.76209200  -751.65769228    -0.12779862   0.408457   1.6e+00   2.3e-04 0.03
     8      10    8.3e+00    7    4.3e-03  -798.76607215  -751.66167243    -0.00398015   0.409991   1.6e+00   1.6e-04 0.03
     9      10    1.0e+01    5    4.6e-02  -798.82610189  -751.72170217    -0.06002974   0.473924   1.9e+00   1.7e-04 0.03
    10      10    9.2e+00    7    3.8e-03  -798.83689662  -751.73249690    -0.01079474   0.335490   1.3e+00   7.0e-05 0.03
    11      10    9.4e+00    5    3.3e-03  -798.93386503  -751.82946531    -0.09696841   0.489335   2.0e+00   1.0e-04 0.03
    12      10    9.5e+00    0    2.1e-03  -798.93446339  -751.83006367    -0.00059836   0.489335   2.0e+00   1.0e-04 0.03
    13      30    2.6e+01    5    2.6e-02  -799.22810857  -752.12370885    -0.29364517   0.030049   1.2e-01   1.2e-04 0.03
    14      30    2.7e+01    5    7.5e-03  -799.25458450  -752.15018478    -0.02647593   0.015820   6.3e-02   1.1e-04 0.03
    15      30    3.2e+01    4    6.8e-03  -799.25782422  -752.15342450    -0.00323972   0.021501   8.6e-02   1.2e-04 0.03
    16      30    2.9e+01    2    3.3e-02  -799.25885222  -752.15445250    -0.00102800   0.024304   9.7e-02   1.5e-04 0.03
    17      30    2.7e+01    2    3.8e-02  -799.25938131  -752.15498159    -0.00052908   0.023795   9.5e-02   1.5e-04 0.04
    18      30    2.9e+01    0    2.6e-03  -799.25941254  -752.15501282    -0.00003123   0.023795   9.5e-02   1.5e-04 0.04
    19      50    4.7e+01    2    3.6e-03  -799.26151308  -752.15711336    -0.00210055   0.002653   1.1e-02   1.3e-04 0.04
    20      50    4.5e+01    2    2.5e-03  -799.26155385  -752.15715414    -0.00004077   0.003580   1.4e-02   1.3e-04 0.04
    21      50    4.5e+01    1    3.6e-03  -799.26161405  -752.15721433    -0.00006020   0.002891   1.2e-02   1.6e-04 0.04
    22      50    4.6e+01    0    2.4e-03  -799.26161767  -752.15721795    -0.00000362   0.002891   1.2e-02   1.6e-04 0.04
    23      70    6.6e+01    1    4.4e-03  -799.26170615  -752.15730643    -0.00008848   0.000518   2.1e-03   1.4e-04 0.04
 
RESULTS OF THE OCCUPATION OPTIMIZATION
========================================
   1    1.9999909  -149.22152485
   2    1.9997796  -18.13549439
   3    1.9998399  -17.33962759
   4    1.9996464  -14.74357573
   5    1.9997493  -13.73427464
   6    1.9995411  -13.45606647
   7    1.9915788  -2.10721474
   8    1.9873235  -1.09831610
   9    1.9764408  -1.07813892
  10    1.9778214  -1.07520623
  11    1.9774646  -1.07102717
  12    1.9690466  -0.59935631
  13    1.9663173  -0.45144025
  14    1.9630616  -0.31715841
  15    0.0369384  -0.03778794
  16    0.0336827  -0.04819788
  17    0.0309534  -0.04525366
  18    0.0225354  -0.03746290
  19    0.0221786  -0.03681522
  20    0.0235592  -0.03997082
  21    0.0126765  -0.02563226
  22    0.0084212  -0.03663973
  23    0.0004589  -0.01251733
  24    0.0002507  -0.00739478
  25    0.0003536  -0.00540828
  26    0.0001601  -0.00269117
  27    0.0002204  -0.00657670
  28    0.0000091  -0.00287151
 
----------------
 Final Energies 
----------------
Final NOF Total Energy =    -752.1573064
 
Total Orbital Internal Iterations = 570
Total Occupation Internal Iterations = 119
 
Elapsed time:  583.47 Seconds

---------------------------------
   Lowdin Population Analysis    
---------------------------------
 Idx  Atom   Population   Charge 
---------------------------------
  1    Ca    19.367       0.633
  2     O     8.633      -0.633

---------------------------------
   M Diagnostic: 0.04
---------------------------------

Recovering execution output...
Moving from /scratch/pobleyef/283505 to /home-nas/pobleyef/Poison-NOF/ncwo1/P30-5/GNOFm/arina.283505
mkdir -p /home-nas/pobleyef/Poison-NOF/ncwo1/P30-5/GNOFm/arina.283505
mv /scratch/pobleyef/283505/* /home-nas/pobleyef/Poison-NOF/ncwo1/P30-5/GNOFm/arina.283505
