BH76-hf
/software/eb2024/easybuild/software/common/software/Julia/1.11.3-linux-x86_64/bin/julia
Job runing on na13
Choosing scratch ...
Automatic scratch folder selection
/scratch/pobleyef/283511
/scratch/pobleyef/283511 directory
cp BH76-hf.jl BH76-hf.jld2 to  /scratch/pobleyef/283511/.
BH76-hf_C.jld2 not found
BH76-hf_n.jld2 not found
Computing Integrals
Basis Set                                            = def2-qzvp
Auxiliary Basis Set                                  = def2-universal-jkfit
Gaussian Type                                        = Spherical
Elapsed time:    2.41 Seconds

Number of basis functions                   (NBF)    = 87
Number of auxiliary basis functions         (NBFAUX) = 95
Inactive Doubly occupied orbitals up to     (NO1)    = 0
No. considered Strongly Doubly occupied MOs (NDOC)   = 5
No. considered Strongly Singly occupied MOs (NSOC)   = 0
NO. of Weakly occ. per St. Doubly occ.  MOs (NCWO)   = 1
Dimension of the Nat. Orb. subspace         (NBF5)   = 10
No. of electrons                                     = 10
    No. of alpha electrons                           = 5
    No. of beta electrons                            = 5
Multiplicity                                         = 1

Geometry
========
 F       0.0000000       0.0000000       0.4576912
 H       0.0000000       0.0000000      -0.4576912

No violations of the orthonormality
No violations of the orthonormality
 
PNOF8/ADABelief Calculation
==================
 
  Nitext  Nit_orb  Time   Nit_occ  Time         Eelec          Etot           Ediff      maxdiff    MaxGrad_orb  Grad_occ
     1      10    1.6e+01    5    2.0e+01  -101.34458571   -96.14174925 -10100.34458571   0.719216   2.9e+00   6.8e-05 0.00
     2      10    3.8e-02    6    7.5e-04  -104.07090290   -98.86806644    -2.72631719   0.404208   1.6e+00   2.0e-04 0.01
     3      10    1.9e-02    7    5.2e-04  -105.12235475   -99.91951829    -1.05145185   0.222592   8.9e-01   3.6e-05 0.02
     4      10    1.3e-02    5    5.7e-04  -105.41067497  -100.20783852    -0.28832022   0.235656   9.4e-01   9.1e-05 0.02
     5      10    1.4e-02    3    3.7e-04  -105.44031763  -100.23748117    -0.02964265   0.174235   7.0e-01   1.6e-04 0.02
     6      10    1.3e-02    3    3.8e-04  -105.44544476  -100.24260830    -0.00512713   0.248588   9.9e-01   5.1e-05 0.02
     7      10    1.3e-02    2    5.6e-04  -105.44745327  -100.24461681    -0.00200851   0.275672   1.1e+00   9.9e-05 0.03
     8      10    1.0e-02    2    5.5e-04  -105.44891277  -100.24607631    -0.00145950   0.280892   1.1e+00   6.5e-05 0.03
     9      10    9.8e-03    0    3.0e-03  -105.44902098  -100.24618453    -0.00010822   0.280892   1.1e+00   6.5e-05 0.03
    10      30    3.4e-02    1    4.3e-04  -105.46267039  -100.25983393    -0.01364941   0.003802   1.5e-02   9.2e-05 0.03
    11      30    3.6e-02    1    3.9e-04  -105.46279698  -100.25996052    -0.00012659   0.003652   1.5e-02   1.2e-04 0.03
    12      30    3.4e-02    0    3.2e-04  -105.46280111  -100.25996466    -0.00000414   0.003652   1.5e-02   1.2e-04 0.03
    13      46    5.1e-02    0    3.6e-04  -105.46284995  -100.26001350    -0.00004884   0.000480   1.9e-03   1.7e-04 0.03
 
RESULTS OF THE OCCUPATION OPTIMIZATION
========================================
   1    1.9998555  -26.34412424
   2    1.9914434  -1.58986054
   3    1.9713089  -0.84572233
   4    1.9834916  -0.68585259
   5    1.9834391  -0.68585227
   6    0.0165609  -0.02456589
   7    0.0165084  -0.02454312
   8    0.0286911  -0.04152387
   9    0.0085566  -0.02505382
  10    0.0001445  -0.00619968
 
----------------
 Final Energies 
----------------
Final NOF Total Energy =    -100.2600135
 
Total Orbital Internal Iterations = 226
Total Occupation Internal Iterations = 35
 
Elapsed time:   49.06 Seconds

---------------------------------
   Lowdin Population Analysis    
---------------------------------
 Idx  Atom   Population   Charge 
---------------------------------
  1     F     8.501       0.499
  2     H     1.499      -0.499

---------------------------------
   M Diagnostic: 0.03
---------------------------------

Recovering execution output...
Moving from /scratch/pobleyef/283511 to /home-nas/pobleyef/Poison-NOF/ncwo1/P30-5/GNOFm/arina.283511
mkdir -p /home-nas/pobleyef/Poison-NOF/ncwo1/P30-5/GNOFm/arina.283511
mv /scratch/pobleyef/283511/* /home-nas/pobleyef/Poison-NOF/ncwo1/P30-5/GNOFm/arina.283511
