BH76_1_n2_C.jld2 not found
BH76_1_n2_n.jld2 not found
Computing Integrals
Elapsed time:    2.92 Seconds

Number of basis functions                   (NBF)    = 114
Number of auxiliary basis functions         (NBFAUX) = 154
Inactive Doubly occupied orbitals up to     (NO1)    = 0
No. considered Strongly Doubly occupied MOs (NDOC)   = 7
No. considered Strongly Singly occupied MOs (NSOC)   = 0
NO. of Weakly occ. per St. Doubly occ.  MOs (NCWO)   = 1
Dimension of the Nat. Orb. subspace         (NBF5)   = 14
No. of electrons                                     = 14
    No. of alpha electrons                           = 7
    No. of beta electrons                            = 7
Multiplicity                                         = 1

Geometry
========
 N       0.0000000       0.0000000       0.5485557
 N       0.0000000       0.0000000      -0.5485557

No violations of the orthonormality
No violations of the orthonormality
 
PNOF9/ADABelief Calculation
==================
 
  Nitext  Nit_orb  Time   Nit_occ  Time         Eelec          Etot           Ediff      maxdiff    MaxGrad_orb  Grad_occ
     1      10    9.6e+00    7    1.2e+01  -128.35717265  -104.72271838 -10127.35717265   0.563799   2.3e+00   1.3e-04 0.01
     2      10    3.6e-01   11    1.3e-03  -131.06532936  -107.43087509    -2.70815671   0.266474   1.1e+00   1.5e-04 0.02
     3      10    3.6e-01    9    2.6e-02  -132.15648193  -108.52202766    -1.09115257   0.183704   7.3e-01   8.5e-05 0.03
     4      10    3.9e-01    6    9.2e-04  -132.70258849  -109.06813422    -0.54610656   0.184879   7.4e-01   1.3e-04 0.03
     5      10    3.3e-01    5    5.7e-03  -132.84007719  -109.20562292    -0.13748870   0.173482   6.9e-01   1.8e-04 0.03
     6      10    4.4e-01    4    1.4e-02  -132.89054508  -109.25609081    -0.05046789   0.178248   7.1e-01   1.4e-04 0.04
     7      10    3.5e-01    5    2.1e-02  -132.90346823  -109.26901396    -0.01292315   0.158977   6.4e-01   1.1e-04 0.04
     8      10    2.2e-01    5    5.7e-03  -132.90545777  -109.27100350    -0.00198954   0.181641   7.3e-01   4.5e-05 0.04
     9      10    2.8e-01    0    1.6e-02  -132.90584937  -109.27139509    -0.00039159   0.181641   7.3e-01   4.5e-05 0.04
    10      30    9.0e-01    4    3.1e-03  -132.92548944  -109.29103517    -0.01964007   0.002155   8.6e-03   1.2e-04 0.04
    11      30    1.1e+00    4    2.7e-02  -132.92630294  -109.29184867    -0.00081350   0.002912   1.2e-02   8.2e-05 0.04
    12      30    9.5e-01    4    9.9e-03  -132.92648624  -109.29203197    -0.00018329   0.004277   1.7e-02   6.0e-05 0.04
    13      30    2.1e+00    2    1.0e-02  -132.92663764  -109.29218337    -0.00015141   0.003382   1.4e-02   1.5e-04 0.04
    14      30    1.8e+00    0    8.8e-04  -132.92664957  -109.29219530    -0.00001193   0.003382   1.4e-02   1.5e-04 0.04
    15      44    1.8e+00    3    1.0e-02  -132.92674760  -109.29229333    -0.00009803   0.000473   1.9e-03   1.1e-04 0.04
 
RESULTS OF THE OCCUPATION OPTIMIZATION
========================================
   1    1.9997456  -15.67056970
   2    1.9997744  -15.66859891
   3    1.9924538  -1.32596683
   4    1.9867445  -0.81390035
   5    1.9766656  -0.77116347
   6    1.9562457  -0.62643464
   7    1.9562543  -0.62641755
   8    0.0437457  -0.05189932
   9    0.0437543  -0.05190608
  10    0.0233344  -0.03618825
  11    0.0132555  -0.02138121
  12    0.0075462  -0.01670899
  13    0.0002256  -0.00581472
  14    0.0002544  -0.00650496
 
----------------
 Final Energies 
----------------
Final NOF Total Energy =    -109.2922933
 
Total Orbital Internal Iterations = 284
Total Occupation Internal Iterations = 69
 
Elapsed time:   40.40 Seconds

---------------------------------
   Lowdin Population Analysis    
---------------------------------
 Idx  Atom   Population   Charge 
---------------------------------
  1     N     7.000      -0.000
  2     N     7.000       0.000

---------------------------------
   M Diagnostic: 0.04
---------------------------------

