BH76-f
/software/eb2024/easybuild/software/common/software/Julia/1.11.3-linux-x86_64/bin/julia
Job runing on na11
Choosing scratch ...
Automatic scratch folder selection
/scratch/pobleyef/283509
/scratch/pobleyef/283509 directory
cp BH76-f.jl BH76-f.jld2 to  /scratch/pobleyef/283509/.
BH76-f_C.jld2 not found
BH76-f_n.jld2 not found
Computing Integrals
Basis Set                                            = def2-qzvp
Auxiliary Basis Set                                  = def2-universal-jkfit
Gaussian Type                                        = Spherical
Elapsed time:    2.14 Seconds

Number of basis functions                   (NBF)    = 57
Number of auxiliary basis functions         (NBFAUX) = 77
Inactive Doubly occupied orbitals up to     (NO1)    = 0
No. considered Strongly Doubly occupied MOs (NDOC)   = 4
No. considered Strongly Singly occupied MOs (NSOC)   = 1
NO. of Weakly occ. per St. Doubly occ.  MOs (NCWO)   = 1
Dimension of the Nat. Orb. subspace         (NBF5)   = 9
No. of electrons                                     = 9
    No. of alpha electrons                           = 5
    No. of beta electrons                            = 4
Multiplicity                                         = 2

Geometry
========
 F       0.0000000       0.0000000       0.0000000

No violations of the orthonormality
No violations of the orthonormality
 
PNOF8/ADABelief Calculation
==================
 
  Nitext  Nit_orb  Time   Nit_occ  Time         Eelec          Etot           Ediff      maxdiff    MaxGrad_orb  Grad_occ
     1      10    1.6e+01    4    2.1e+01   -96.45240289   -96.45240289 -10095.45240289   0.881989   3.5e+00   1.1e-04 0.00
     2      10    4.1e-02    4    4.5e-04   -99.13761382   -99.13761382    -2.68521093   0.323743   1.3e+00   9.0e-05 0.01
     3      10    4.3e-03    6    3.1e-04   -99.51141447   -99.51141447    -0.37380065   0.242247   9.7e-01   1.0e-04 0.01
     4      10    4.3e-03    5    2.7e-04   -99.53827643   -99.53827643    -0.02686195   0.197809   7.9e-01   8.2e-05 0.01
     5      10    1.4e-02    3    2.8e-04   -99.54530094   -99.54530094    -0.00702452   0.253773   1.0e+00   1.5e-04 0.01
     6      10    4.2e-03    0    1.7e-04   -99.54621696   -99.54621696    -0.00091602   0.253773   1.0e+00   1.5e-04 0.01
     7      30    1.5e-02    3    2.6e-04   -99.55311737   -99.55311737    -0.00690040   0.002563   1.0e-02   3.7e-05 0.02
     8      30    1.6e-02    2    2.4e-04   -99.55345189   -99.55345189    -0.00033452   0.003892   1.6e-02   1.5e-05 0.02
     9      30    1.5e-02    1    2.2e-04   -99.55365751   -99.55365751    -0.00020562   0.003472   1.4e-02   1.4e-04 0.02
    10      30    1.5e-02    1    3.9e-04   -99.55378901   -99.55378901    -0.00013150   0.003806   1.5e-02   7.0e-05 0.02
    11      30    1.5e-02    1    2.4e-04   -99.55382896   -99.55382896    -0.00003995   0.003895   1.6e-02   4.4e-05 0.02
    12      30    1.5e-02    1    2.6e-04   -99.55384024   -99.55384024    -0.00001128   0.003935   1.6e-02   3.9e-05 0.02
    13      30    1.5e-02    1    2.7e-04   -99.55385467   -99.55385467    -0.00001443   0.003853   1.5e-02   2.5e-05 0.02
    14      30    1.5e-02    0    2.2e-04   -99.55385529   -99.55385529    -0.00000062   0.003853   1.5e-02   2.5e-05 0.02
    15      38    1.7e-02    1    2.6e-04   -99.55393061   -99.55393061    -0.00007533   0.000482   1.9e-03   2.0e-05 0.02
 
RESULTS OF THE OCCUPATION OPTIMIZATION
========================================
   1    1.9998463  -26.42694543
   2    1.9879153  -1.49953687
   3    1.9845215  -0.84026400
   4    1.9834163  -0.73689048
   5    1.0000000  -0.44019122
   6    0.0165837  -0.02378535
   7    0.0154785  -0.02555893
   8    0.0120847  -0.02540794
   9    0.0001537  -0.00661583
 
----------------
 Final Energies 
----------------
Final NOF Total Energy =     -99.5539306
 
Total Orbital Internal Iterations = 338
Total Occupation Internal Iterations = 33
 
Elapsed time:   48.97 Seconds

---------------------------------
   Lowdin Population Analysis    
---------------------------------
 Idx  Atom   Population   Charge 
---------------------------------
  1     F     9.000       0.000

---------------------------------
   M Diagnostic: 0.02
---------------------------------

Recovering execution output...
Moving from /scratch/pobleyef/283509 to /home-nas/pobleyef/Poison-NOF/ncwo1/P30-5/GNOFm/arina.283509
mkdir -p /home-nas/pobleyef/Poison-NOF/ncwo1/P30-5/GNOFm/arina.283509
mv /scratch/pobleyef/283509/* /home-nas/pobleyef/Poison-NOF/ncwo1/P30-5/GNOFm/arina.283509
