G2RC-62
/software/eb2024/easybuild/software/common/software/Julia/1.11.3-linux-x86_64/bin/julia
Job runing on nh019
Choosing scratch ...
Automatic scratch folder selection
/scratch/pobleyef/283522
/scratch/pobleyef/283522 directory
cp G2RC-62.jl G2RC-62.jld2 to  /scratch/pobleyef/283522/.
G2RC-62_C.jld2 not found
G2RC-62_n.jld2 not found
Computing Integrals
Basis Set                                            = def2-qzvp
Auxiliary Basis Set                                  = def2-universal-jkfit
Gaussian Type                                        = Spherical
Elapsed time:    7.14 Seconds

Number of basis functions                   (NBF)    = 337
Number of auxiliary basis functions         (NBFAUX) = 587
Inactive Doubly occupied orbitals up to     (NO1)    = 0
No. considered Strongly Doubly occupied MOs (NDOC)   = 37
No. considered Strongly Singly occupied MOs (NSOC)   = 0
NO. of Weakly occ. per St. Doubly occ.  MOs (NCWO)   = 1
Dimension of the Nat. Orb. subspace         (NBF5)   = 74
No. of electrons                                     = 74
    No. of alpha electrons                           = 37
    No. of beta electrons                            = 37
Multiplicity                                         = 1

Geometry
========
 C       0.0000000       0.0000000       0.0000000
Cl       1.0334459      -1.0334459       1.0334459
Cl      -1.0334459       1.0334459       1.0334459
Cl      -1.0334459      -1.0334459      -1.0334459
Cl       1.0334459       1.0334459      -1.0334459

No violations of the orthonormality
No violations of the orthonormality
 
PNOF8/ADABelief Calculation
==================
 
  Nitext  Nit_orb  Time   Nit_occ  Time         Eelec          Etot           Ediff      maxdiff    MaxGrad_orb  Grad_occ
     1      10    3.1e+01    5    3.6e+01 -2257.45854269 -1822.92228332 -12256.45854269   1.412088   5.6e+00   1.3e-04 0.00
     2      10    2.4e+00    7    1.2e-01 -2290.23097275 -1855.69471338   -32.77243006   0.735209   2.9e+00   1.9e-04 0.00
     3      10    2.3e+00   10    1.9e-01 -2304.92438251 -1870.38812314   -14.69340976   0.703830   2.8e+00   1.5e-04 0.01
     4      10    2.2e+00   11    1.5e-01 -2307.98076421 -1873.44450484    -3.05638171   0.668012   2.7e+00   2.4e-04 0.03
     5      10    2.2e+00    0    6.8e-02 -2308.04974718 -1873.51348781    -0.06898297   0.668012   2.7e+00   2.4e-04 0.03
     6      30    6.3e+00    9    1.6e-01 -2310.37935792 -1875.84309855    -2.32961074   0.137587   5.5e-01   1.9e-04 0.04
     7      30    6.3e+00    7    1.1e-01 -2311.30904286 -1876.77278349    -0.92968494   0.094474   3.8e-01   2.2e-04 0.04
     8      30    6.5e+00    6    9.4e-02 -2311.64566436 -1877.10940499    -0.33662150   0.089573   3.6e-01   2.5e-04 0.04
     9      30    6.3e+00    5    1.0e-01 -2311.77110682 -1877.23484744    -0.12544245   0.056319   2.3e-01   1.7e-04 0.03
    10      30    6.5e+00    5    8.6e-02 -2311.80746377 -1877.27120440    -0.03635696   0.053010   2.1e-01   2.1e-04 0.03
    11      30    6.3e+00    5    9.4e-02 -2311.80926428 -1877.27300490    -0.00180050   0.238548   9.5e-01   2.0e-04 0.03
    12      30    6.3e+00    5    1.0e-01 -2311.81326451 -1877.27700514    -0.00400023   0.052945   2.1e-01   1.6e-04 0.03
    13      30    6.3e+00    5    1.0e-01 -2311.81599391 -1877.27973454    -0.00272941   0.058402   2.3e-01   1.2e-04 0.03
    14      30    6.3e+00    3    8.0e-02 -2311.81849994 -1877.28224057    -0.00250603   0.108606   4.3e-01   2.3e-04 0.03
    15      30    6.6e+00    4    9.6e-02 -2311.82179352 -1877.28553415    -0.00329358   0.063939   2.6e-01   2.2e-04 0.03
    16      30    6.5e+00    3    1.2e-01 -2311.82689843 -1877.29063906    -0.00510491   0.114344   4.6e-01   2.1e-04 0.03
    17      30    6.1e+00    0    6.6e-02 -2311.82712414 -1877.29086477    -0.00022571   0.114344   4.6e-01   2.1e-04 0.03
    18      50    1.1e+01    3    8.1e-02 -2311.86368588 -1877.32742651    -0.03656174   0.004981   2.0e-02   2.5e-04 0.03
    19      50    1.1e+01    3    8.2e-02 -2311.86395169 -1877.32769232    -0.00026580   0.008442   3.4e-02   2.3e-04 0.03
    20      50    1.0e+01    3    8.4e-02 -2311.86484803 -1877.32858866    -0.00089634   0.006951   2.8e-02   2.0e-04 0.03
    21      50    1.1e+01    3    8.0e-02 -2311.86535410 -1877.32909473    -0.00050607   0.006301   2.5e-02   1.6e-04 0.03
    22      50    1.1e+01    2    7.6e-02 -2311.86580489 -1877.32954551    -0.00045079   0.007891   3.2e-02   3.0e-04 0.03
    23      50    1.1e+01    3    8.7e-02 -2311.86617153 -1877.32991216    -0.00036664   0.006729   2.7e-02   1.6e-04 0.03
    24      50    1.1e+01    2    7.7e-02 -2311.86651547 -1877.33025609    -0.00034394   0.006847   2.7e-02   2.6e-04 0.03
    25      50    1.0e+01    2    8.2e-02 -2311.86670928 -1877.33044991    -0.00019382   0.007064   2.8e-02   2.8e-04 0.03
    26      50    1.1e+01    2    8.5e-02 -2311.86682413 -1877.33056476    -0.00011485   0.007147   2.9e-02   2.8e-04 0.03
    27      50    1.0e+01    2    8.4e-02 -2311.86702661 -1877.33076724    -0.00020248   0.006881   2.8e-02   2.7e-04 0.03
    28      50    1.0e+01    2    8.5e-02 -2311.86704714 -1877.33078777    -0.00002053   0.007419   3.0e-02   2.6e-04 0.03
    29      50    1.1e+01    2    7.7e-02 -2311.86721691 -1877.33095754    -0.00016977   0.006567   2.6e-02   2.6e-04 0.03
    30      50    1.1e+01    0    6.8e-02 -2311.86722322 -1877.33096385    -0.00000631   0.006567   2.6e-02   2.6e-04 0.03
    31      70    1.4e+01    2    7.9e-02 -2311.86855496 -1877.33229559    -0.00133174   0.000811   3.2e-03   2.6e-04 0.03
 
RESULTS OF THE OCCUPATION OPTIMIZATION
========================================
   1    1.9999685  -104.92253018
   2    1.9999680  -104.92098941
   3    1.9999671  -104.92097534
   4    1.9999651  -104.92036849
   5    1.9993761  -10.83699760
   6    1.9993451  -10.75915252
   7    1.9993425  -10.75650446
   8    1.9993419  -10.75178993
   9    1.9991971  -10.73163050
  10    1.9989776  -8.09282381
  11    1.9990025  -8.08094090
  12    1.9986056  -8.07636551
  13    1.9984492  -8.07477548
  14    1.9989763  -8.07472747
  15    1.9985644  -8.07463772
  16    1.9989783  -8.07446990
  17    1.9983586  -8.07353253
  18    1.9989876  -8.07352012
  19    1.9983770  -8.07217532
  20    1.9989728  -8.07088594
  21    1.9989740  -8.07042343
  22    1.9915583  -1.15886054
  23    1.9909281  -1.15391207
  24    1.9900317  -1.14990372
  25    1.9900400  -1.14704401
  26    1.9657699  -0.64063300
  27    1.9657899  -0.63255104
  28    1.9656666  -0.62352937
  29    1.9657995  -0.61985453
  30    1.9805429  -0.59843638
  31    1.9795043  -0.55075813
  32    1.9795089  -0.54863037
  33    1.9791760  -0.53112587
  34    1.9792609  -0.52856266
  35    1.9793053  -0.52533060
  36    1.9792631  -0.52262121
  37    1.9791155  -0.52191976
  38    0.0208845  -0.02512167
  39    0.0207369  -0.02503101
  40    0.0206947  -0.02509326
  41    0.0207391  -0.02517487
  42    0.0208240  -0.02515535
  43    0.0204911  -0.02544758
  44    0.0204957  -0.02551089
  45    0.0194571  -0.02545951
  46    0.0342005  -0.05070111
  47    0.0343334  -0.05077149
  48    0.0342101  -0.05060907
  49    0.0342301  -0.05066141
  50    0.0099600  -0.02700336
  51    0.0099683  -0.02726790
  52    0.0090719  -0.02784629
  53    0.0084417  -0.02932344
  54    0.0010260  -0.01853049
  55    0.0010272  -0.01849495
  56    0.0016230  -0.02447662
  57    0.0010124  -0.01832729
  58    0.0016414  -0.02472455
  59    0.0010217  -0.01844599
  60    0.0014356  -0.01787111
  61    0.0010237  -0.01841439
  62    0.0015508  -0.02254583
  63    0.0013944  -0.01643640
  64    0.0009975  -0.01808948
  65    0.0010224  -0.01851490
  66    0.0008029  -0.01662805
  67    0.0006581  -0.01537157
  68    0.0006575  -0.01536959
  69    0.0006549  -0.01533966
  70    0.0006239  -0.01488026
  71    0.0000349  -0.00632460
  72    0.0000329  -0.00603340
  73    0.0000320  -0.00584333
  74    0.0000315  -0.00580001
 
----------------
 Final Energies 
----------------
Final NOF Total Energy =   -1877.3322956
 
Total Orbital Internal Iterations = 1130
Total Occupation Internal Iterations = 121
 
Elapsed time:  339.89 Seconds

---------------------------------
   Lowdin Population Analysis    
---------------------------------
 Idx  Atom   Population   Charge 
---------------------------------
  1     C     7.638      -1.638
  2    Cl    16.593       0.407
  3    Cl    16.587       0.413
  4    Cl    16.590       0.410
  5    Cl    16.591       0.409

---------------------------------
   M Diagnostic: 0.03
---------------------------------

Recovering execution output...
Moving from /scratch/pobleyef/283522 to /home-nas/pobleyef/Poison-NOF/ncwo1/P30-5/GNOFm/arina.283522
mkdir -p /home-nas/pobleyef/Poison-NOF/ncwo1/P30-5/GNOFm/arina.283522
mv /scratch/pobleyef/283522/* /home-nas/pobleyef/Poison-NOF/ncwo1/P30-5/GNOFm/arina.283522
