G2RC_20_68_C.jld2 not found
G2RC_20_68_n.jld2 not found
Computing Integrals
Elapsed time:    3.83 Seconds

Number of basis functions                   (NBF)    = 171
Number of auxiliary basis functions         (NBFAUX) = 231
Inactive Doubly occupied orbitals up to     (NO1)    = 0
No. considered Strongly Doubly occupied MOs (NDOC)   = 11
No. considered Strongly Singly occupied MOs (NSOC)   = 0
NO. of Weakly occ. per St. Doubly occ.  MOs (NCWO)   = 1
Dimension of the Nat. Orb. subspace         (NBF5)   = 22
No. of electrons                                     = 22
    No. of alpha electrons                           = 11
    No. of beta electrons                            = 11
Multiplicity                                         = 1

Geometry
========
 N       0.0000000       0.0000000      -0.0211861
 N       0.0000000       0.0000000      -1.1424486
 O       0.0000000       0.0000000       1.1636347

No violations of the orthonormality
No violations of the orthonormality
 
PNOF9/ADABelief Calculation
==================
 
  Nitext  Nit_orb  Time   Nit_occ  Time         Eelec          Etot           Ediff      maxdiff    MaxGrad_orb  Grad_occ
     1      10    9.9e+00    4    1.2e+01  -237.24140071  -176.25445222 -10236.24140071   0.675629   2.7e+00   1.8e-04 0.00
     2      10    5.1e-01    8    2.6e-02  -242.35372004  -181.36677155    -5.11231933   0.345585   1.4e+00   8.9e-05 0.02
     3      10    7.6e-01   11    3.0e-02  -243.87597476  -182.88902627    -1.52225472   0.232371   9.3e-01   1.8e-04 0.03
     4      10    1.1e+00    9    2.0e-02  -244.57850027  -183.59155178    -0.70252552   0.223699   8.9e-01   1.7e-04 0.04
     5      10    9.8e-01    7    2.5e-02  -244.95792589  -183.97097740    -0.37942562   0.233599   9.3e-01   1.3e-04 0.04
     6      10    1.3e+00    6    5.3e-02  -245.11168656  -184.12473807    -0.15376067   0.213999   8.6e-01   1.8e-04 0.04
     7      10    1.1e+00    6    4.8e-02  -245.15448618  -184.16753768    -0.04279962   0.236335   9.5e-01   1.5e-04 0.04
     8      10    1.3e+00    4    2.9e-02  -245.17316845  -184.18621996    -0.01868228   0.242360   9.7e-01   1.7e-04 0.04
     9      10    1.1e+00    3    1.4e-02  -245.17876713  -184.19181864    -0.00559868   0.226255   9.1e-01   1.8e-04 0.04
    10      10    8.9e-01    0    4.8e-02  -245.17890039  -184.19195190    -0.00013326   0.226255   9.1e-01   1.8e-04 0.04
    11      30    3.0e+00    4    3.2e-02  -245.23847014  -184.25152165    -0.05956975   0.005072   2.0e-02   1.0e-04 0.04
    12      30    2.5e+00    2    2.2e-02  -245.23937102  -184.25242253    -0.00090088   0.008154   3.3e-02   2.5e-04 0.04
    13      30    2.9e+00    3    2.9e-02  -245.23957410  -184.25262561    -0.00020309   0.006549   2.6e-02   2.0e-04 0.04
    14      30    2.8e+00    2    2.8e-02  -245.23980737  -184.25285888    -0.00023327   0.004868   1.9e-02   1.8e-04 0.04
    15      30    2.1e+00    3    2.7e-02  -245.23981849  -184.25287000    -0.00001112   0.006966   2.8e-02   1.6e-04 0.04
    16      30    4.6e+00    4    1.7e-02  -245.24010894  -184.25316045    -0.00029045   0.004468   1.8e-02   6.9e-05 0.04
    17      30    3.7e+00    2    3.1e-02  -245.24028509  -184.25333660    -0.00017615   0.005002   2.0e-02   1.8e-04 0.04
    18      30    2.9e+00    4    9.1e-03  -245.24046437  -184.25351588    -0.00017928   0.004728   1.9e-02   5.9e-05 0.04
    19      30    3.0e+00    2    3.4e-02  -245.24053705  -184.25358856    -0.00007268   0.004629   1.9e-02   2.3e-04 0.04
    20      30    2.5e+00    4    1.3e-02  -245.24056891  -184.25362042    -0.00003185   0.004646   1.9e-02   9.2e-05 0.04
    21      30    2.2e+00    0    3.2e-02  -245.24057912  -184.25363063    -0.00001022   0.004646   1.9e-02   9.2e-05 0.04
    22      43    3.5e+00    2    4.3e-02  -245.24103739  -184.25408890    -0.00045827   0.000500   2.0e-03   1.5e-04 0.04
 
RESULTS OF THE OCCUPATION OPTIMIZATION
========================================
   1    1.9998117  -20.27554681
   2    1.9996952  -16.09559269
   3    1.9996299  -15.78613166
   4    1.9920856  -1.45677471
   5    1.9907264  -1.39482528
   6    1.9788997  -0.88405408
   7    1.9880281  -0.85363403
   8    1.9703163  -0.75680245
   9    1.9878478  -0.74155436
  10    1.9567589  -0.54426775
  11    1.9572290  -0.54130696
  12    0.0427710  -0.05873782
  13    0.0432411  -0.05871810
  14    0.0121522  -0.01663017
  15    0.0296837  -0.05139902
  16    0.0119719  -0.02208375
  17    0.0211003  -0.03416109
  18    0.0092736  -0.01951078
  19    0.0079144  -0.01521395
  20    0.0003701  -0.00886491
  21    0.0003048  -0.00738220
  22    0.0001883  -0.00638680
 
----------------
 Final Energies 
----------------
Final NOF Total Energy =    -184.2540889
 
Total Orbital Internal Iterations = 473
Total Occupation Internal Iterations = 90
 
Elapsed time:   78.72 Seconds

---------------------------------
   Lowdin Population Analysis    
---------------------------------
 Idx  Atom   Population   Charge 
---------------------------------
  1     N     7.150      -0.150
  2     N     6.946       0.054
  3     O     7.904       0.096

---------------------------------
   M Diagnostic: 0.04
---------------------------------

