G2RC_10_62_C.jld2 not found
G2RC_10_62_n.jld2 not found
Computing Integrals
Elapsed time:    9.86 Seconds

Number of basis functions                   (NBF)    = 337
Number of auxiliary basis functions         (NBFAUX) = 587
Inactive Doubly occupied orbitals up to     (NO1)    = 0
No. considered Strongly Doubly occupied MOs (NDOC)   = 37
No. considered Strongly Singly occupied MOs (NSOC)   = 0
NO. of Weakly occ. per St. Doubly occ.  MOs (NCWO)   = 1
Dimension of the Nat. Orb. subspace         (NBF5)   = 74
No. of electrons                                     = 74
    No. of alpha electrons                           = 37
    No. of beta electrons                            = 37
Multiplicity                                         = 1

Geometry
========
 C       0.0000000       0.0000000       0.0000000
Cl       1.0334459      -1.0334459       1.0334459
Cl      -1.0334459       1.0334459       1.0334459
Cl      -1.0334459      -1.0334459      -1.0334459
Cl       1.0334459       1.0334459      -1.0334459

No violations of the orthonormality
No violations of the orthonormality
 
PNOF9/ADABelief Calculation
==================
 
  Nitext  Nit_orb  Time   Nit_occ  Time         Eelec          Etot           Ediff      maxdiff    MaxGrad_orb  Grad_occ
     1      10    1.3e+01    4    1.2e+01 -2256.53365600 -1821.99739663 -12255.53365600   1.398639   5.6e+00   2.2e-04 0.00
     2      10    2.9e+00    5    1.5e-01 -2289.55363021 -1855.01737084   -33.01997421   0.730600   2.9e+00   3.2e-04 0.00
     3      10    4.9e+00    7    1.7e-01 -2304.95949775 -1870.42323838   -15.40586754   0.591316   2.4e+00   2.1e-04 0.01
     4      10    3.0e+00    9    2.2e-01 -2308.09435102 -1873.55809165    -3.13485326   1.813523   7.3e+00   1.5e-04 0.02
     5      10    3.0e+00    0    1.2e-01 -2308.15790804 -1873.62164867    -0.06355703   1.813523   7.3e+00   1.5e-04 0.02
     6      30    9.4e+00    8    1.4e-01 -2310.76136915 -1876.22510978    -2.60346111   0.151809   6.1e-01   2.2e-04 0.03
     7      30    7.9e+00    7    1.3e-01 -2311.52621127 -1876.98995189    -0.76484211   0.072259   2.9e-01   2.4e-04 0.03
     8      30    9.2e+00    6    1.7e-01 -2311.73677776 -1877.20051839    -0.21056650   0.056320   2.3e-01   2.1e-04 0.03
     9      30    9.0e+00    4    1.3e-01 -2311.78599236 -1877.24973299    -0.04921460   0.064086   2.6e-01   2.4e-04 0.03
    10      30    7.9e+00    4    1.4e-01 -2311.80503484 -1877.26877547    -0.01904248   0.054013   2.2e-01   2.4e-04 0.03
    11      30    1.2e+01    5    1.3e-01 -2311.81263650 -1877.27637713    -0.00760166   0.045665   1.8e-01   1.7e-04 0.03
    12      30    9.0e+00    5    1.2e-01 -2311.81808962 -1877.28183024    -0.00545312   0.045851   1.8e-01   1.6e-04 0.03
    13      30    8.9e+00    5    1.4e-01 -2311.82053781 -1877.28427843    -0.00244819   0.050869   2.0e-01   1.7e-04 0.03
    14      30    8.2e+00    5    1.5e-01 -2311.82248568 -1877.28622631    -0.00194788   0.042899   1.7e-01   1.6e-04 0.03
    15      30    9.7e+00    5    1.4e-01 -2311.82611640 -1877.28985703    -0.00363071   0.048373   1.9e-01   1.5e-04 0.03
    16      30    8.9e+00    0    1.2e-01 -2311.82629899 -1877.29003962    -0.00018260   0.048373   1.9e-01   1.5e-04 0.03
    17      50    1.8e+01    3    1.2e-01 -2311.85844276 -1877.32218339    -0.03214377   0.006672   2.7e-02   3.2e-04 0.03
    18      50    1.4e+01    5    1.4e-01 -2311.85865287 -1877.32239350    -0.00021011   0.008004   3.2e-02   1.3e-04 0.03
    19      50    1.4e+01    3    1.4e-01 -2311.86003550 -1877.32377612    -0.00138263   0.007035   2.8e-02   2.6e-04 0.03
    20      50    1.4e+01    3    1.3e-01 -2311.86092920 -1877.32466983    -0.00089371   0.008144   3.3e-02   2.9e-04 0.03
    21      50    1.8e+01    3    1.5e-01 -2311.86194073 -1877.32568136    -0.00101153   0.007575   3.0e-02   2.8e-04 0.03
    22      50    1.4e+01    3    1.3e-01 -2311.86289254 -1877.32663317    -0.00095181   0.007238   2.9e-02   2.6e-04 0.03
    23      50    1.7e+01    3    1.2e-01 -2311.86357387 -1877.32731450    -0.00068133   0.007404   3.0e-02   2.4e-04 0.03
    24      50    1.5e+01    3    1.5e-01 -2311.86427997 -1877.32802060    -0.00070610   0.008299   3.3e-02   2.1e-04 0.03
    25      50    1.4e+01    3    1.4e-01 -2311.86463403 -1877.32837466    -0.00035407   0.007745   3.1e-02   2.0e-04 0.03
    26      50    1.4e+01    3    1.2e-01 -2311.86510549 -1877.32884612    -0.00047146   0.007432   3.0e-02   2.0e-04 0.03
    27      50    1.4e+01    3    1.3e-01 -2311.86531335 -1877.32905398    -0.00020786   0.007685   3.1e-02   1.9e-04 0.03
    28      50    1.6e+01    3    1.2e-01 -2311.86570832 -1877.32944895    -0.00039498   0.007398   3.0e-02   2.1e-04 0.03
    29      50    1.4e+01    3    1.1e-01 -2311.86588378 -1877.32962441    -0.00017546   0.007697   3.1e-02   1.8e-04 0.03
    30      50    1.4e+01    2    1.2e-01 -2311.86623496 -1877.32997558    -0.00035117   0.007586   3.0e-02   2.7e-04 0.03
    31      50    1.5e+01    3    1.2e-01 -2311.86645514 -1877.33019577    -0.00022018   0.007527   3.0e-02   2.3e-04 0.03
    32      50    1.6e+01    3    1.3e-01 -2311.86679781 -1877.33053844    -0.00034267   0.007032   2.8e-02   2.0e-04 0.03
    33      50    1.4e+01    1    1.2e-01 -2311.86701000 -1877.33075062    -0.00021219   0.008070   3.2e-02   3.0e-04 0.03
    34      50    1.4e+01    2    1.2e-01 -2311.86721019 -1877.33095082    -0.00020019   0.009799   3.9e-02   2.6e-04 0.03
    35      50    1.4e+01    3    1.6e-01 -2311.86747068 -1877.33121131    -0.00026049   0.006674   2.7e-02   2.0e-04 0.03
    36      50    1.7e+01    2    1.2e-01 -2311.86764931 -1877.33138994    -0.00017863   0.006307   2.5e-02   2.3e-04 0.03
    37      50    1.4e+01    3    1.2e-01 -2311.86784147 -1877.33158210    -0.00019216   0.006145   2.5e-02   1.9e-04 0.03
    38      50    1.4e+01    2    1.2e-01 -2311.86796123 -1877.33170185    -0.00011976   0.006408   2.6e-02   1.9e-04 0.03
    39      50    1.4e+01    3    1.1e-01 -2311.86800160 -1877.33174223    -0.00004037   0.007323   2.9e-02   1.6e-04 0.03
    40      50    1.6e+01    2    1.3e-01 -2311.86813224 -1877.33187287    -0.00013064   0.006416   2.6e-02   1.4e-04 0.03
 
RESULTS OF THE OCCUPATION OPTIMIZATION
========================================
   1    1.9999731  -104.92145804
   2    1.9999717  -104.92141043
   3    1.9999725  -104.92131048
   4    1.9999716  -104.91997004
   5    1.9993707  -10.81156256
   6    1.9993396  -10.74945162
   7    1.9993414  -10.74567281
   8    1.9993472  -10.74076965
   9    1.9992536  -10.73889339
  10    1.9989846  -8.10980370
  11    1.9990290  -8.08843876
  12    1.9990316  -8.08709189
  13    1.9990224  -8.07947275
  14    1.9990177  -8.07285541
  15    1.9985315  -8.07267078
  16    1.9982929  -8.07241233
  17    1.9989995  -8.07221838
  18    1.9990094  -8.07211812
  19    1.9981592  -8.07113273
  20    1.9981098  -8.07069104
  21    1.9980501  -8.06977211
  22    1.9890360  -1.15125139
  23    1.9886450  -1.14880217
  24    1.9881013  -1.14463750
  25    1.9877082  -1.14328051
  26    1.9661462  -0.63958193
  27    1.9659878  -0.63302067
  28    1.9660964  -0.62975766
  29    1.9658898  -0.62218371
  30    1.9822179  -0.58014890
  31    1.9801976  -0.56546202
  32    1.9797807  -0.55563687
  33    1.9803334  -0.54874527
  34    1.9789068  -0.52117244
  35    1.9789494  -0.52083269
  36    1.9786644  -0.52053728
  37    1.9786249  -0.51859309
  38    0.0213751  -0.02526199
  39    0.0213356  -0.02538392
  40    0.0210506  -0.02501886
  41    0.0210932  -0.02515458
  42    0.0196666  -0.02590044
  43    0.0202193  -0.02613378
  44    0.0198024  -0.02584401
  45    0.0177821  -0.02410348
  46    0.0341102  -0.05025036
  47    0.0339036  -0.05040663
  48    0.0340122  -0.05050053
  49    0.0338538  -0.05040679
  50    0.0122918  -0.02282855
  51    0.0118987  -0.02397136
  52    0.0113550  -0.02454525
  53    0.0109640  -0.02514290
  54    0.0019499  -0.03084019
  55    0.0018902  -0.02970633
  56    0.0018408  -0.02867469
  57    0.0009906  -0.01808428
  58    0.0010005  -0.01819452
  59    0.0017071  -0.02433015
  60    0.0014685  -0.01692136
  61    0.0009823  -0.01798161
  62    0.0009776  -0.01794792
  63    0.0009684  -0.01790464
  64    0.0009710  -0.01789912
  65    0.0010154  -0.01838914
  66    0.0007464  -0.01619705
  67    0.0006528  -0.01532247
  68    0.0006586  -0.01536106
  69    0.0006604  -0.01538553
  70    0.0006293  -0.01495236
  71    0.0000284  -0.00539278
  72    0.0000275  -0.00534486
  73    0.0000283  -0.00542753
  74    0.0000269  -0.00527331
 
----------------
 Final Energies 
----------------
Final NOF Total Energy =   -1877.3318729
 
Total Orbital Internal Iterations = 1580
Total Occupation Internal Iterations = 146
 
Elapsed time:  534.36 Seconds

---------------------------------
   Lowdin Population Analysis    
---------------------------------
 Idx  Atom   Population   Charge 
---------------------------------
  1     C     7.643      -1.643
  2    Cl    16.591       0.409
  3    Cl    16.586       0.414
  4    Cl    16.592       0.408
  5    Cl    16.588       0.412

---------------------------------
   M Diagnostic: 0.03
---------------------------------

