SIE4x4-he2+_1.25
/software/eb2024/easybuild/software/common/software/Julia/1.11.3-linux-x86_64/bin/julia
Job runing on nh015
Choosing scratch ...
Automatic scratch folder selection
/scratch/pobleyef/283529
/scratch/pobleyef/283529 directory
cp SIE4x4-he2+_1.25.jl SIE4x4-he2+_1.25.jld2 to  /scratch/pobleyef/283529/.
SIE4x4-he2+_1.25_C.jld2 not found
SIE4x4-he2+_1.25_n.jld2 not found
Computing Integrals
Basis Set                                            = def2-qzvp
Auxiliary Basis Set                                  = def2-universal-jkfit
Gaussian Type                                        = Spherical
Elapsed time:    3.25 Seconds

Number of basis functions                   (NBF)    = 60
Number of auxiliary basis functions         (NBFAUX) = 46
Inactive Doubly occupied orbitals up to     (NO1)    = 0
No. considered Strongly Doubly occupied MOs (NDOC)   = 1
No. considered Strongly Singly occupied MOs (NSOC)   = 1
NO. of Weakly occ. per St. Doubly occ.  MOs (NCWO)   = 1
Dimension of the Nat. Orb. subspace         (NBF5)   = 3
No. of electrons                                     = 3
    No. of alpha electrons                           = 2
    No. of beta electrons                            = 1
Multiplicity                                         = 2

Geometry
========
He       0.0000000       0.0000000      -0.6713773
He       0.0000000       0.0000000       0.6713773

No violations of the orthonormality
No violations of the orthonormality
 
PNOF8/ADABelief Calculation
==================
 
  Nitext  Nit_orb  Time   Nit_occ  Time         Eelec          Etot           Ediff      maxdiff    MaxGrad_orb  Grad_occ
     1      10    2.8e+01    3    3.4e+01    -6.49699148    -4.92060186 -10005.49699148   0.022020   8.8e-02   5.5e-05 0.02
     2      10    6.0e-03    2    3.4e-04    -6.51555897    -4.93916936    -0.01856750   0.013023   5.2e-02   1.0e-05 0.02
     3      10    3.9e-02    1    2.9e-04    -6.51608343    -4.93969382    -0.00052446   0.012334   4.9e-02   4.4e-06 0.02
     4      10    5.4e-03    0    2.3e-04    -6.51608551    -4.93969589    -0.00000208   0.012334   4.9e-02   4.4e-06 0.02
     5      16    7.9e-03    1    2.5e-04    -6.51672179    -4.94033218    -0.00063628   0.000224   9.0e-04   2.1e-06 0.02
 
RESULTS OF THE OCCUPATION OPTIMIZATION
========================================
   1    1.9797466  -1.54025832
   2    1.0000000  -0.78913484
   3    0.0202534  -0.01660483
 
----------------
 Final Energies 
----------------
Final NOF Total Energy =      -4.9403322
 
Total Orbital Internal Iterations = 56
Total Occupation Internal Iterations = 7
 
Elapsed time:   80.88 Seconds

---------------------------------
   Lowdin Population Analysis    
---------------------------------
 Idx  Atom   Population   Charge 
---------------------------------
  1    He     1.500       0.500
  2    He     1.500       0.500

---------------------------------
   M Diagnostic: 0.02
---------------------------------

Recovering execution output...
Moving from /scratch/pobleyef/283529 to /home-nas/pobleyef/Poison-NOF/ncwo1/P30-5/GNOFm/arina.283529
mkdir -p /home-nas/pobleyef/Poison-NOF/ncwo1/P30-5/GNOFm/arina.283529
mv /scratch/pobleyef/283529/* /home-nas/pobleyef/Poison-NOF/ncwo1/P30-5/GNOFm/arina.283529
