W4-11-s4-c2v
/software/eb2024/easybuild/software/common/software/Julia/1.11.3-linux-x86_64/bin/julia
Job runing on nagpu01
Choosing scratch ...
Automatic scratch folder selection
/scratch/pobleyef/283557
/scratch/pobleyef/283557 directory
cp W4-11-s4-c2v.jl W4-11-s4-c2v.jld2 to  /scratch/pobleyef/283557/.
W4-11-s4-c2v_C.jld2 not found
W4-11-s4-c2v_n.jld2 not found
Computing Integrals
Basis Set                                            = def2-qzvp
Auxiliary Basis Set                                  = def2-universal-jkfit
Gaussian Type                                        = Spherical
Elapsed time:   17.04 Seconds

Number of basis functions                   (NBF)    = 280
Number of auxiliary basis functions         (NBFAUX) = 512
Inactive Doubly occupied orbitals up to     (NO1)    = 0
No. considered Strongly Doubly occupied MOs (NDOC)   = 32
No. considered Strongly Singly occupied MOs (NSOC)   = 0
NO. of Weakly occ. per St. Doubly occ.  MOs (NCWO)   = 1
Dimension of the Nat. Orb. subspace         (NBF5)   = 64
No. of electrons                                     = 64
    No. of alpha electrons                           = 32
    No. of beta electrons                            = 32
Multiplicity                                         = 1

Geometry
========
 S       0.0000000       1.5523430       0.9219610
 S       0.0000000       1.0685080      -0.9219610
 S       0.0000000      -1.0685080      -0.9219610
 S       0.0000000      -1.5523430       0.9219610

No violations of the orthonormality
No violations of the orthonormality
 
PNOF8/ADABelief Calculation
==================
 
  Nitext  Nit_orb  Time   Nit_occ  Time         Eelec          Etot           Ediff      maxdiff    MaxGrad_orb  Grad_occ
     1      10    6.7e+01    4    2.0e+01 -1881.38956102 -1547.69063850 -11880.38956102   1.404339   5.6e+00   2.3e-04 0.00
     2      10    5.0e+01    7    4.9e-02 -1908.77794967 -1575.07902714   -27.38838864   0.709902   2.8e+00   2.0e-04 0.00
     3      10    5.2e+01    9    8.3e-02 -1919.92934308 -1586.23042056   -11.15139342   0.909431   3.6e+00   1.1e-04 0.01
     4      10    5.1e+01    7    4.1e-02 -1922.18803767 -1588.48911514    -2.25869458   1.099754   4.4e+00   2.3e-04 0.02
     5      10    5.0e+01    0    4.3e-02 -1922.22735218 -1588.52842965    -0.03931451   1.099754   4.4e+00   2.3e-04 0.02
     6      30    1.6e+02    7    1.0e-01 -1923.92614458 -1590.22722206    -1.69879241   0.130687   5.2e-01   2.5e-04 0.03
     7      30    1.5e+02    8    8.2e-02 -1924.53151845 -1590.83259593    -0.60537387   0.384264   1.5e+00   2.4e-04 0.03
     8      30    1.6e+02    6    5.9e-02 -1924.78991837 -1591.09099584    -0.25839991   0.047879   1.9e-01   3.1e-04 0.04
     9      30    1.5e+02    6    3.3e-02 -1924.88977920 -1591.19085668    -0.09986084   0.036294   1.5e-01   2.0e-04 0.04
    10      30    1.6e+02    6    5.6e-02 -1924.92115117 -1591.22222865    -0.03137197   0.046396   1.9e-01   1.2e-04 0.04
    11      30    1.5e+02    6    7.2e-02 -1924.93613882 -1591.23721629    -0.01498765   0.045301   1.8e-01   1.4e-04 0.04
    12      30    1.5e+02    4    2.9e-02 -1924.94142179 -1591.24249926    -0.00528297   0.039863   1.6e-01   2.4e-04 0.04
    13      30    1.5e+02    4    4.9e-02 -1924.95380707 -1591.25488455    -0.01238529   0.038674   1.5e-01   2.3e-04 0.04
    14      30    1.6e+02    3    4.5e-02 -1924.96458667 -1591.26566414    -0.01077960   0.045816   1.8e-01   2.7e-04 0.04
    15      30    1.5e+02    4    2.9e-02 -1924.98094733 -1591.28202480    -0.01636066   0.046179   1.8e-01   1.8e-04 0.04
    16      30    1.6e+02    5    3.1e-02 -1924.99509635 -1591.29617382    -0.01414902   0.043008   1.7e-01   1.6e-04 0.04
    17      30    1.5e+02    4    2.9e-02 -1925.01888849 -1591.31996596    -0.02379214   0.044301   1.8e-01   1.1e-04 0.04
    18      30    1.5e+02    4    2.8e-02 -1925.03584888 -1591.33692636    -0.01696039   0.052949   2.1e-01   2.0e-04 0.04
    19      30    1.5e+02    3    6.6e-02 -1925.04694468 -1591.34802215    -0.01109580   0.048638   1.9e-01   2.1e-04 0.04
    20      30    1.6e+02    4    4.4e-02 -1925.05319235 -1591.35426983    -0.00624767   0.046017   1.8e-01   1.9e-04 0.04
    21      30    1.5e+02    2    2.4e-02 -1925.06040793 -1591.36148540    -0.00721557   0.039492   1.6e-01   4.0e-04 0.04
    22      30    1.5e+02    4    4.6e-02 -1925.06134300 -1591.36242048    -0.00093508   0.059722   2.4e-01   2.3e-04 0.04
    23      30    1.6e+02    4    2.9e-02 -1925.06392760 -1591.36500507    -0.00258459   0.042431   1.7e-01   2.1e-04 0.04
    24      30    1.6e+02    4    2.7e-02 -1925.06408182 -1591.36515929    -0.00015422   0.055379   2.2e-01   2.7e-04 0.04
    25      30    1.6e+02    4    2.9e-02 -1925.06570021 -1591.36677768    -0.00161839   0.041874   1.7e-01   2.2e-04 0.04
    26      30    1.6e+02    0    4.7e-02 -1925.06574470 -1591.36682218    -0.00004450   0.041874   1.7e-01   2.2e-04 0.04
    27      50    2.6e+02    4    5.2e-02 -1925.09059843 -1591.39167590    -0.02485373   0.004221   1.7e-02   2.4e-04 0.04
    28      50    2.6e+02    4    3.4e-02 -1925.09144833 -1591.39252580    -0.00084990   0.007612   3.0e-02   2.3e-04 0.04
    29      50    2.6e+02    4    5.6e-02 -1925.09254744 -1591.39362491    -0.00109911   0.007811   3.1e-02   2.5e-04 0.04
    30      50    2.5e+02    4    4.8e-02 -1925.09312653 -1591.39420400    -0.00057909   0.007474   3.0e-02   1.7e-04 0.04
    31      50    2.6e+02    2    4.9e-02 -1925.09350614 -1591.39458361    -0.00037961   0.007961   3.2e-02   2.2e-04 0.04
    32      50    2.6e+02    2    2.4e-02 -1925.09363601 -1591.39471348    -0.00012987   0.007646   3.1e-02   2.2e-04 0.04
    33      50    2.5e+02    2    4.3e-02 -1925.09384508 -1591.39492255    -0.00020907   0.006709   2.7e-02   2.2e-04 0.04
    34      50    2.5e+02    1    4.2e-02 -1925.09386302 -1591.39494050    -0.00001795   0.006806   2.7e-02   2.8e-04 0.04
    35      50    2.5e+02    2    2.3e-02 -1925.09394017 -1591.39501764    -0.00007714   0.007539   3.0e-02   2.8e-04 0.04
    36      50    2.5e+02    3    2.4e-02 -1925.09395261 -1591.39503008    -0.00001244   0.006933   2.8e-02   1.7e-04 0.04
    37      50    2.7e+02    2    6.1e-02 -1925.09400082 -1591.39507829    -0.00004821   0.006706   2.7e-02   2.7e-04 0.04
    38      50    2.6e+02    0    5.2e-02 -1925.09400521 -1591.39508268    -0.00000439   0.006706   2.7e-02   2.7e-04 0.04
    39      70    3.6e+02    3    2.5e-02 -1925.09480856 -1591.39588604    -0.00080335   0.000622   2.5e-03   2.0e-04 0.04
 
RESULTS OF THE OCCUPATION OPTIMIZATION
========================================
   1    1.9999534  -92.10123491
   2    1.9999725  -92.09766155
   3    1.9999581  -92.05387090
   4    1.9999565  -92.04846657
   5    1.9991563  -9.04777720
   6    1.9991916  -9.03947828
   7    1.9991904  -9.00675018
   8    1.9990071  -8.99604084
   9    1.9986020  -6.74205350
  10    1.9985861  -6.74107900
  11    1.9985597  -6.74066105
  12    1.9979467  -6.73820652
  13    1.9984868  -6.72625944
  14    1.9985567  -6.72587454
  15    1.9985513  -6.69859396
  16    1.9984838  -6.69707451
  17    1.9985054  -6.69167202
  18    1.9985740  -6.68713849
  19    1.9986617  -6.68296144
  20    1.9986324  -6.67936275
  21    1.9924467  -1.08485416
  22    1.9918729  -1.06649128
  23    1.9910133  -0.91642557
  24    1.9842632  -0.78419482
  25    1.9686545  -0.54687922
  26    1.9685195  -0.51979048
  27    1.9788797  -0.50793609
  28    1.9788122  -0.50526844
  29    1.9782404  -0.48824375
  30    1.9754682  -0.45656539
  31    1.9639690  -0.44445954
  32    1.9574748  -0.32084192
  33    0.0425252  -0.06078872
  34    0.0360310  -0.05479238
  35    0.0245318  -0.02839356
  36    0.0217596  -0.02454124
  37    0.0211878  -0.02442932
  38    0.0211203  -0.02445347
  39    0.0314805  -0.04796785
  40    0.0313455  -0.04898339
  41    0.0157368  -0.02230767
  42    0.0089867  -0.02933787
  43    0.0081271  -0.03122820
  44    0.0075533  -0.03259964
  45    0.0013676  -0.01920252
  46    0.0013383  -0.01891131
  47    0.0014260  -0.01705680
  48    0.0014946  -0.01751133
  49    0.0015162  -0.01771983
  50    0.0014487  -0.01813223
  51    0.0014433  -0.01982216
  52    0.0015132  -0.01794894
  53    0.0020533  -0.02801982
  54    0.0014403  -0.01921574
  55    0.0014139  -0.01970928
  56    0.0013980  -0.01946539
  57    0.0009929  -0.01636725
  58    0.0008096  -0.01502063
  59    0.0008084  -0.01483056
  60    0.0008437  -0.01534519
  61    0.0000435  -0.00675493
  62    0.0000419  -0.00660154
  63    0.0000275  -0.00483591
  64    0.0000466  -0.00726009
 
----------------
 Final Energies 
----------------
Final NOF Total Energy =   -1591.3958860
 
Total Orbital Internal Iterations = 1350
Total Occupation Internal Iterations = 152
 
Elapsed time: 7169.97 Seconds

---------------------------------
   Lowdin Population Analysis    
---------------------------------
 Idx  Atom   Population   Charge 
---------------------------------
  1     S    16.032      -0.032
  2     S    15.967       0.033
  3     S    15.968       0.032
  4     S    16.034      -0.034

---------------------------------
   M Diagnostic: 0.04
---------------------------------

Recovering execution output...
Moving from /scratch/pobleyef/283557 to /home-nas/pobleyef/Poison-NOF/ncwo1/P30-5/GNOFm/arina.283557
mkdir -p /home-nas/pobleyef/Poison-NOF/ncwo1/P30-5/GNOFm/arina.283557
mv /scratch/pobleyef/283557/* /home-nas/pobleyef/Poison-NOF/ncwo1/P30-5/GNOFm/arina.283557
