W4-11-s
/software/eb2024/easybuild/software/common/software/Julia/1.11.3-linux-x86_64/bin/julia
Job runing on nh020
Choosing scratch ...
Automatic scratch folder selection
/scratch/pobleyef/283560
/scratch/pobleyef/283560 directory
cp W4-11-s.jl W4-11-s.jld2 to  /scratch/pobleyef/283560/.
W4-11-s_C.jld2 not found
W4-11-s_n.jld2 not found
Computing Integrals
Basis Set                                            = def2-qzvp
Auxiliary Basis Set                                  = def2-universal-jkfit
Gaussian Type                                        = Spherical
Elapsed time:    3.67 Seconds

Number of basis functions                   (NBF)    = 70
Number of auxiliary basis functions         (NBFAUX) = 128
Inactive Doubly occupied orbitals up to     (NO1)    = 0
No. considered Strongly Doubly occupied MOs (NDOC)   = 7
No. considered Strongly Singly occupied MOs (NSOC)   = 2
NO. of Weakly occ. per St. Doubly occ.  MOs (NCWO)   = 1
Dimension of the Nat. Orb. subspace         (NBF5)   = 16
No. of electrons                                     = 16
    No. of alpha electrons                           = 9
    No. of beta electrons                            = 7
Multiplicity                                         = 3

Geometry
========
 S       0.0000000       0.0000000       0.0000000

No violations of the orthonormality
No violations of the orthonormality
 
PNOF8/ADABelief Calculation
==================
 
  Nitext  Nit_orb  Time   Nit_occ  Time         Eelec          Etot           Ediff      maxdiff    MaxGrad_orb  Grad_occ
     1      10    2.8e+01    6    3.4e+01  -388.46087944  -388.46087944 -10387.46087944   1.636603   6.5e+00   5.9e-05 0.00
     2      10    5.6e-02    6    1.4e-03  -394.15151509  -394.15151509    -5.69063565   0.448965   1.8e+00   1.1e-04 0.00
     3      10    3.2e-02    6    1.4e-03  -396.15908243  -396.15908243    -2.00756734   0.271139   1.1e+00   1.9e-04 0.00
     4      10    2.7e-02    4    1.3e-03  -396.96438355  -396.96438355    -0.80530112   0.295595   1.2e+00   1.0e-04 0.00
     5      10    2.2e-02    3    1.1e-03  -397.38110452  -397.38110452    -0.41672096   0.565568   2.3e+00   1.3e-04 0.01
     6      10    2.8e-02    3    1.2e-03  -397.50208158  -397.50208158    -0.12097707   0.843045   3.4e+00   1.6e-04 0.01
     7      10    2.4e-02    3    1.1e-03  -397.59495217  -397.59495217    -0.09287059   0.588709   2.4e+00   1.3e-04 0.01
     8      10    2.3e-02    3    5.6e-03  -397.65051621  -397.65051621    -0.05556404   0.440557   1.8e+00   1.3e-04 0.01
     9      10    2.3e-02    0    8.9e-04  -397.65168660  -397.65168660    -0.00117039   0.440557   1.8e+00   1.3e-04 0.01
    10      30    6.6e-02    3    5.7e-03  -397.72879836  -397.72879836    -0.07711176   0.080211   3.2e-01   1.4e-04 0.02
    11      30    6.7e-02    2    1.1e-03  -397.74211666  -397.74211666    -0.01331831   0.038401   1.5e-01   2.3e-04 0.02
    12      30    6.6e-02    2    1.1e-03  -397.74586778  -397.74586778    -0.00375111   0.026202   1.0e-01   1.4e-04 0.02
    13      30    6.8e-02    2    1.1e-03  -397.74643777  -397.74643777    -0.00057000   0.031154   1.2e-01   1.5e-04 0.02
    14      30    6.6e-02    2    1.0e-03  -397.74677237  -397.74677237    -0.00033460   0.028025   1.1e-01   1.5e-04 0.02
    15      30    6.7e-02    0    1.0e-03  -397.74680921  -397.74680921    -0.00003684   0.028025   1.1e-01   1.5e-04 0.02
    16      50    1.1e-01    2    1.1e-03  -397.74814267  -397.74814267    -0.00133346   0.001788   7.2e-03   1.2e-04 0.02
    17      50    1.1e-01    2    1.4e-03  -397.74826546  -397.74826546    -0.00012279   0.004757   1.9e-02   1.1e-04 0.02
    18      50    1.1e-01    2    1.1e-03  -397.74843147  -397.74843147    -0.00016601   0.005689   2.3e-02   9.6e-05 0.02
    19      50    1.1e-01    2    1.1e-03  -397.74854332  -397.74854332    -0.00011185   0.003601   1.4e-02   8.3e-05 0.02
    20      50    1.1e-01    2    1.0e-03  -397.74865548  -397.74865548    -0.00011216   0.003742   1.5e-02   6.8e-05 0.02
    21      50    1.1e-01    2    1.3e-03  -397.74872891  -397.74872891    -0.00007343   0.003596   1.4e-02   6.3e-05 0.02
    22      50    1.1e-01    2    1.2e-03  -397.74880333  -397.74880333    -0.00007442   0.003752   1.5e-02   6.2e-05 0.02
    23      50    1.1e-01    2    1.1e-03  -397.74887230  -397.74887230    -0.00006897   0.003906   1.6e-02   5.8e-05 0.02
    24      50    1.1e-01    1    9.5e-04  -397.74894466  -397.74894466    -0.00007236   0.003720   1.5e-02   1.8e-04 0.02
    25      50    1.1e-01    2    1.1e-03  -397.74901949  -397.74901949    -0.00007483   0.004795   1.9e-02   6.4e-05 0.02
    26      50    1.0e-01    1    1.0e-03  -397.74911748  -397.74911748    -0.00009800   0.003891   1.6e-02   1.7e-04 0.02
    27      50    1.1e-01    1    8.8e-04  -397.74921579  -397.74921579    -0.00009831   0.003670   1.5e-02   1.9e-04 0.02
    28      50    1.1e-01    1    9.3e-04  -397.74929993  -397.74929993    -0.00008414   0.005742   2.3e-02   1.8e-04 0.02
    29      50    1.1e-01    1    1.1e-03  -397.74943783  -397.74943783    -0.00013790   0.003044   1.2e-02   1.7e-04 0.02
    30      50    1.0e-01    1    8.4e-04  -397.74952992  -397.74952992    -0.00009209   0.003880   1.6e-02   1.3e-04 0.03
    31      50    1.0e-01    1    9.8e-04  -397.74962118  -397.74962118    -0.00009125   0.003797   1.5e-02   1.2e-04 0.03
    32      50    1.1e-01    1    1.2e-03  -397.74969492  -397.74969492    -0.00007374   0.003755   1.5e-02   1.1e-04 0.03
    33      50    1.0e-01    1    8.4e-04  -397.74976137  -397.74976137    -0.00006645   0.003181   1.3e-02   1.0e-04 0.03
    34      50    1.1e-01    1    9.9e-04  -397.74980733  -397.74980733    -0.00004596   0.003611   1.4e-02   9.8e-05 0.03
    35      50    1.0e-01    1    9.6e-04  -397.74985725  -397.74985725    -0.00004992   0.003160   1.3e-02   9.1e-05 0.03
    36      50    1.0e-01    1    1.1e-03  -397.74988522  -397.74988522    -0.00002798   0.004087   1.6e-02   9.1e-05 0.03
    37      50    1.0e-01    1    1.2e-03  -397.74992073  -397.74992073    -0.00003551   0.003285   1.3e-02   8.1e-05 0.03
    38      50    1.0e-01    1    9.2e-04  -397.74995357  -397.74995357    -0.00003284   0.003294   1.3e-02   8.2e-05 0.03
    39      50    1.0e-01    1    1.2e-03  -397.74997121  -397.74997121    -0.00001764   0.004350   1.7e-02   8.1e-05 0.03
    40      50    1.0e-01    1    1.1e-03  -397.75001326  -397.75001326    -0.00004205   0.003510   1.4e-02   9.0e-05 0.03
 
RESULTS OF THE OCCUPATION OPTIMIZATION
========================================
   1    1.9999676  -92.05688461
   2    1.9987874  -9.00655098
   3    1.9980171  -6.69704504
   4    1.9984872  -6.69319618
   5    1.9983776  -6.69027593
   6    1.9828600  -0.88914061
   7    1.9733301  -0.40931653
   8    1.0000000  -0.24971672
   9    1.0000000  -0.24921269
  10    0.0266699  -0.02094231
  11    0.0171400  -0.02399253
  12    0.0016224  -0.02174628
  13    0.0015128  -0.02084069
  14    0.0019829  -0.02669575
  15    0.0012126  -0.01968156
  16    0.0000324  -0.00554407
 
----------------
 Final Energies 
----------------
Final NOF Total Energy =    -397.7500133
 
Total Orbital Internal Iterations = 1520
Total Occupation Internal Iterations = 79
 
Elapsed time:   84.68 Seconds

---------------------------------
   Lowdin Population Analysis    
---------------------------------
 Idx  Atom   Population   Charge 
---------------------------------
  1     S    16.000      -0.000

---------------------------------
   M Diagnostic: 0.03
---------------------------------

Recovering execution output...
Moving from /scratch/pobleyef/283560 to /home-nas/pobleyef/Poison-NOF/ncwo1/P30-5/GNOFm/arina.283560
mkdir -p /home-nas/pobleyef/Poison-NOF/ncwo1/P30-5/GNOFm/arina.283560
mv /scratch/pobleyef/283560/* /home-nas/pobleyef/Poison-NOF/ncwo1/P30-5/GNOFm/arina.283560
