W4-11-cl
/software/eb2024/easybuild/software/common/software/Julia/1.11.3-linux-x86_64/bin/julia
Job runing on nh013
Choosing scratch ...
Automatic scratch folder selection
/scratch/pobleyef/283543
/scratch/pobleyef/283543 directory
cp W4-11-cl.jl W4-11-cl.jld2 to  /scratch/pobleyef/283543/.
W4-11-cl_C.jld2 not found
W4-11-cl_n.jld2 not found
Computing Integrals
Basis Set                                            = def2-qzvp
Auxiliary Basis Set                                  = def2-universal-jkfit
Gaussian Type                                        = Spherical
Elapsed time:    3.71 Seconds

Number of basis functions                   (NBF)    = 70
Number of auxiliary basis functions         (NBFAUX) = 128
Inactive Doubly occupied orbitals up to     (NO1)    = 0
No. considered Strongly Doubly occupied MOs (NDOC)   = 8
No. considered Strongly Singly occupied MOs (NSOC)   = 1
NO. of Weakly occ. per St. Doubly occ.  MOs (NCWO)   = 1
Dimension of the Nat. Orb. subspace         (NBF5)   = 17
No. of electrons                                     = 17
    No. of alpha electrons                           = 9
    No. of beta electrons                            = 8
Multiplicity                                         = 2

Geometry
========
Cl       0.0000000       0.0000000       0.0000000

No violations of the orthonormality
No violations of the orthonormality
 
PNOF8/ADABelief Calculation
==================
 
  Nitext  Nit_orb  Time   Nit_occ  Time         Eelec          Etot           Ediff      maxdiff    MaxGrad_orb  Grad_occ
     1      10    2.8e+01    5    3.4e+01  -449.05196857  -449.05196857 -10448.05196857   1.584262   6.3e+00   1.6e-04 0.00
     2      10    7.7e-02    4    2.2e-03  -455.15016274  -455.15016274    -6.09819417   0.356675   1.4e+00   2.3e-04 0.00
     3      10    3.3e-02    7    2.5e-03  -458.03219288  -458.03219288    -2.88203015   0.639387   2.6e+00   3.7e-05 0.01
     4      10    2.5e-02    6    2.2e-03  -458.91496528  -458.91496528    -0.88277240   0.316966   1.3e+00   1.6e-04 0.01
     5      10    2.9e-02    5    2.2e-03  -459.38316869  -459.38316869    -0.46820341   0.228080   9.1e-01   1.4e-04 0.02
     6      10    2.6e-02    2    1.6e-03  -459.55196684  -459.55196684    -0.16879815   0.461228   1.8e+00   1.9e-04 0.02
     7      10    2.7e-02    3    1.5e-03  -459.61878104  -459.61878104    -0.06681419   0.671356   2.7e+00   1.7e-04 0.01
     8      10    2.5e-02    4    1.8e-03  -459.64144704  -459.64144704    -0.02266601   0.532879   2.1e+00   1.2e-04 0.01
     9      10    2.6e-02    0    1.2e-03  -459.64250202  -459.64250202    -0.00105498   0.532879   2.1e+00   1.2e-04 0.01
    10      30    7.7e-02    4    2.2e-03  -459.74438089  -459.74438089    -0.10187887   0.031537   1.3e-01   2.0e-04 0.02
    11      30    8.5e-02    4    2.4e-03  -459.75152232  -459.75152232    -0.00714143   0.033658   1.3e-01   1.9e-04 0.02
    12      30    7.8e-02    4    1.9e-03  -459.75487721  -459.75487721    -0.00335489   0.035246   1.4e-01   1.4e-04 0.02
    13      30    7.5e-02    2    1.9e-03  -459.75741794  -459.75741794    -0.00254073   0.039167   1.6e-01   1.7e-04 0.02
    14      30    8.0e-02    2    1.4e-03  -459.75885600  -459.75885600    -0.00143806   0.034645   1.4e-01   1.3e-04 0.02
    15      30    8.1e-02    3    1.9e-03  -459.75996736  -459.75996736    -0.00111136   0.032370   1.3e-01   1.3e-04 0.02
    16      30    7.1e-02    3    2.2e-03  -459.76056756  -459.76056756    -0.00060020   0.030955   1.2e-01   1.3e-04 0.02
    17      30    7.6e-02    3    1.6e-03  -459.76081454  -459.76081454    -0.00024699   0.030932   1.2e-01   1.7e-04 0.02
    18      30    7.5e-02    2    1.6e-03  -459.76102633  -459.76102633    -0.00021179   0.030594   1.2e-01   1.5e-04 0.02
    19      30    7.9e-02    0    1.3e-03  -459.76105463  -459.76105463    -0.00002830   0.030594   1.2e-01   1.5e-04 0.02
    20      50    1.2e-01    2    5.4e-03  -459.76255871  -459.76255871    -0.00150408   0.001900   7.6e-03   1.9e-04 0.02
    21      50    1.2e-01    0    1.2e-03  -459.76257596  -459.76257596    -0.00001725   0.001900   7.6e-03   1.9e-04 0.02
    22      70    1.8e-01    2    1.8e-03  -459.76263163  -459.76263163    -0.00005568   0.001626   6.5e-03   1.6e-04 0.02
    23      70    1.7e-01    2    1.5e-03  -459.76266975  -459.76266975    -0.00003811   0.001574   6.3e-03   1.3e-04 0.02
    24      70    1.9e-01    1    1.4e-03  -459.76269770  -459.76269770    -0.00002796   0.001485   5.9e-03   1.5e-04 0.02
    25      70    1.6e-01    2    1.5e-03  -459.76271888  -459.76271888    -0.00002118   0.001328   5.3e-03   1.3e-04 0.02
    26      70    1.7e-01    1    1.6e-03  -459.76273799  -459.76273799    -0.00001911   0.001189   4.8e-03   1.4e-04 0.02
    27      70    1.7e-01    2    1.6e-03  -459.76275331  -459.76275331    -0.00001532   0.001325   5.3e-03   1.2e-04 0.02
    28      70    1.7e-01    1    2.4e-03  -459.76276871  -459.76276871    -0.00001540   0.001210   4.8e-03   1.1e-04 0.02
    29      70    1.8e-01    1    1.5e-03  -459.76278137  -459.76278137    -0.00001266   0.001313   5.3e-03   1.5e-04 0.02
    30      70    1.7e-01    1    1.5e-03  -459.76279307  -459.76279307    -0.00001170   0.001537   6.1e-03   1.6e-04 0.02
    31      70    1.6e-01    1    6.0e-03  -459.76280405  -459.76280405    -0.00001098   0.001326   5.3e-03   1.7e-04 0.02
    32      70    1.7e-01    1    1.3e-03  -459.76281371  -459.76281371    -0.00000966   0.001365   5.5e-03   1.7e-04 0.02
    33      70    1.7e-01    1    1.7e-03  -459.76282223  -459.76282223    -0.00000852   0.001284   5.1e-03   1.6e-04 0.02
    34      70    1.7e-01    0    1.7e-03  -459.76282888  -459.76282888    -0.00000664   0.001664   6.7e-03   2.2e-04 0.02
    35      80    1.9e-01    1    1.5e-03  -459.76283540  -459.76283540    -0.00000652   0.001075   4.3e-03   1.7e-04 0.02
    36      80    1.8e-01    0    1.4e-03  -459.76284109  -459.76284109    -0.00000569   0.001126   4.5e-03   2.3e-04 0.02
    37      90    2.3e-01    1    2.0e-03  -459.76284439  -459.76284439    -0.00000330   0.001071   4.3e-03   1.8e-04 0.02
    38      90    2.4e-01    1    1.7e-03  -459.76284829  -459.76284829    -0.00000390   0.001084   4.3e-03   1.6e-04 0.02
    39      90    2.3e-01    1    1.6e-03  -459.76285059  -459.76285059    -0.00000230   0.001023   4.1e-03   1.6e-04 0.02
    40      90    2.6e-01    0    1.7e-03  -459.76285257  -459.76285257    -0.00000198   0.001078   4.3e-03   1.8e-04 0.02
 
RESULTS OF THE OCCUPATION OPTIMIZATION
========================================
   1    1.9999665  -104.92771499
   2    1.9992023  -10.61455584
   3    1.9989448  -8.07715940
   4    1.9984866  -8.07539203
   5    1.9989452  -8.07431454
   6    1.9828143  -1.07854937
   7    1.9868923  -0.50803404
   8    1.9767283  -0.50267172
   9    1.0000000  -0.29360111
  10    0.0232717  -0.02533871
  11    0.0131077  -0.02810748
  12    0.0171857  -0.02434745
  13    0.0010548  -0.01907611
  14    0.0015134  -0.02326203
  15    0.0010552  -0.01913855
  16    0.0007977  -0.01729768
  17    0.0000335  -0.00610315
 
----------------
 Final Energies 
----------------
Final NOF Total Energy =    -459.7628526
 
Total Orbital Internal Iterations = 1920
Total Occupation Internal Iterations = 85
 
Elapsed time:   87.76 Seconds

---------------------------------
   Lowdin Population Analysis    
---------------------------------
 Idx  Atom   Population   Charge 
---------------------------------
  1    Cl    17.000      -0.000

---------------------------------
   M Diagnostic: 0.02
---------------------------------

Recovering execution output...
Moving from /scratch/pobleyef/283543 to /home-nas/pobleyef/Poison-NOF/ncwo1/P30-5/GNOFm/arina.283543
mkdir -p /home-nas/pobleyef/Poison-NOF/ncwo1/P30-5/GNOFm/arina.283543
mv /scratch/pobleyef/283543/* /home-nas/pobleyef/Poison-NOF/ncwo1/P30-5/GNOFm/arina.283543
