W4-11-p4
/software/eb2024/easybuild/software/common/software/Julia/1.11.3-linux-x86_64/bin/julia
Job runing on nh015
Choosing scratch ...
Automatic scratch folder selection
/scratch/pobleyef/283555
/scratch/pobleyef/283555 directory
cp W4-11-p4.jl W4-11-p4.jld2 to  /scratch/pobleyef/283555/.
W4-11-p4_C.jld2 not found
W4-11-p4_n.jld2 not found
Computing Integrals
Basis Set                                            = def2-qzvp
Auxiliary Basis Set                                  = def2-universal-jkfit
Gaussian Type                                        = Spherical
Elapsed time:    4.95 Seconds

Number of basis functions                   (NBF)    = 280
Number of auxiliary basis functions         (NBFAUX) = 512
Inactive Doubly occupied orbitals up to     (NO1)    = 0
No. considered Strongly Doubly occupied MOs (NDOC)   = 30
No. considered Strongly Singly occupied MOs (NSOC)   = 0
NO. of Weakly occ. per St. Doubly occ.  MOs (NCWO)   = 1
Dimension of the Nat. Orb. subspace         (NBF5)   = 60
No. of electrons                                     = 60
    No. of alpha electrons                           = 30
    No. of beta electrons                            = 30
Multiplicity                                         = 1

Geometry
========
 P       0.7773750       0.7773750       0.7773750
 P      -0.7773750      -0.7773750       0.7773750
 P      -0.7773750       0.7773750      -0.7773750
 P       0.7773750      -0.7773750      -0.7773750

No violations of the orthonormality
No violations of the orthonormality
 
PNOF8/ADABelief Calculation
==================
 
  Nitext  Nit_orb  Time   Nit_occ  Time         Eelec          Etot           Ediff      maxdiff    MaxGrad_orb  Grad_occ
     1      10    3.0e+01    4    3.5e+01 -1658.35584302 -1333.44930735 -11657.35584302   1.243910   5.0e+00   2.5e-04 0.00
     2      10    2.1e+00    7    1.0e-01 -1677.86097763 -1352.95444196   -19.50513461   0.580878   2.3e+00   2.6e-04 0.00
     3      10    1.9e+00    9    1.3e-01 -1685.26624140 -1360.35970573    -7.40526377   1.147367   4.6e+00   2.2e-04 0.01
     4      10    1.7e+00    7    8.5e-02 -1686.96122111 -1362.05468544    -1.69497971   0.469608   1.9e+00   2.3e-04 0.01
     5      10    1.8e+00    6    5.0e-02 -1686.99541321 -1362.08887754    -0.03419210   1.885908   7.5e+00   2.8e-04 0.02
     6      10    1.7e+00    0    4.0e-02 -1687.01885732 -1362.11232165    -0.02344411   1.885908   7.5e+00   2.8e-04 0.02
     7      30    5.1e+00    6    5.0e-02 -1688.68908317 -1363.78254749    -1.67022584   0.122590   4.9e-01   1.9e-04 0.03
     8      30    5.1e+00    5    4.9e-02 -1688.97868334 -1364.07214767    -0.28960018   0.044094   1.8e-01   3.0e-04 0.03
     9      30    5.2e+00    5    4.7e-02 -1689.05030804 -1364.14377237    -0.07162469   0.057028   2.3e-01   2.7e-04 0.03
    10      30    5.3e+00    5    5.4e-02 -1689.06604791 -1364.15951224    -0.01573987   0.054274   2.2e-01   2.4e-04 0.03
    11      30    5.2e+00    5    4.4e-02 -1689.07324438 -1364.16670871    -0.00719647   0.051133   2.0e-01   1.9e-04 0.03
    12      30    5.2e+00    4    3.7e-02 -1689.07645543 -1364.16991976    -0.00321105   0.040411   1.6e-01   2.6e-04 0.03
    13      30    5.2e+00    4    8.4e-02 -1689.07854418 -1364.17200851    -0.00208875   0.042489   1.7e-01   2.1e-04 0.03
    14      30    5.2e+00    5    4.6e-02 -1689.07949629 -1364.17296062    -0.00095210   0.036884   1.5e-01   1.9e-04 0.03
    15      30    5.3e+00    3    4.3e-02 -1689.08176614 -1364.17523047    -0.00226985   0.042737   1.7e-01   2.2e-04 0.03
    16      30    5.0e+00    0    3.5e-02 -1689.08188609 -1364.17535042    -0.00011995   0.042737   1.7e-01   2.2e-04 0.03
    17      50    8.6e+00    4    4.5e-02 -1689.10233994 -1364.19580427    -0.02045385   0.004924   2.0e-02   1.6e-04 0.03
    18      50    8.8e+00    0    3.5e-02 -1689.10242159 -1364.19588592    -0.00008165   0.004924   2.0e-02   1.6e-04 0.03
    19      70    1.2e+01    3    4.1e-02 -1689.10283787 -1364.19630220    -0.00041628   0.001188   4.8e-03   1.8e-04 0.03
    20      70    1.2e+01    3    4.1e-02 -1689.10298009 -1364.19644441    -0.00014222   0.001397   5.6e-03   1.8e-04 0.03
    21      70    1.2e+01    1    3.9e-02 -1689.10307775 -1364.19654208    -0.00009767   0.001674   6.7e-03   3.0e-04 0.03
    22      70    1.2e+01    2    4.0e-02 -1689.10314673 -1364.19661106    -0.00006898   0.001517   6.1e-03   2.7e-04 0.04
    23      70    1.2e+01    2    4.0e-02 -1689.10320135 -1364.19666568    -0.00005462   0.001407   5.6e-03   2.3e-04 0.04
    24      70    1.2e+01    2    3.3e-02 -1689.10324767 -1364.19671199    -0.00004631   0.001637   6.5e-03   2.0e-04 0.03
    25      70    1.2e+01    2    3.3e-02 -1689.10328565 -1364.19674998    -0.00003798   0.001470   5.9e-03   1.8e-04 0.03
    26      70    1.2e+01    2    4.3e-02 -1689.10332039 -1364.19678471    -0.00003474   0.001533   6.1e-03   1.4e-04 0.03
    27      70    1.2e+01    2    4.4e-02 -1689.10334704 -1364.19681136    -0.00002665   0.001531   6.1e-03   1.4e-04 0.03
    28      70    1.2e+01    2    3.9e-02 -1689.10337215 -1364.19683647    -0.00002511   0.001444   5.8e-03   1.3e-04 0.03
    29      70    1.2e+01    2    7.9e-02 -1689.10338657 -1364.19685090    -0.00001443   0.001568   6.3e-03   1.4e-04 0.03
    30      70    1.2e+01    2    4.5e-02 -1689.10339827 -1364.19686260    -0.00001170   0.001440   5.8e-03   1.3e-04 0.03
    31      70    1.2e+01    2    4.6e-02 -1689.10340877 -1364.19687309    -0.00001050   0.001527   6.1e-03   1.4e-04 0.03
    32      70    1.2e+01    2    7.2e-02 -1689.10341766 -1364.19688199    -0.00000890   0.001432   5.7e-03   1.3e-04 0.03
    33      70    1.2e+01    2    3.9e-02 -1689.10342608 -1364.19689041    -0.00000842   0.001543   6.2e-03   1.4e-04 0.03
    34      70    1.2e+01    2    4.0e-02 -1689.10343279 -1364.19689712    -0.00000671   0.001528   6.1e-03   1.3e-04 0.03
    35      70    1.2e+01    0    2.9e-02 -1689.10344082 -1364.19690515    -0.00000803   0.001594   6.4e-03   2.3e-04 0.03
    36      80    1.4e+01    2    3.8e-02 -1689.10345674 -1364.19692106    -0.00001592   0.001221   4.9e-03   1.8e-04 0.03
    37      80    1.4e+01    2    4.0e-02 -1689.10346296 -1364.19692728    -0.00000622   0.001315   5.3e-03   1.5e-04 0.03
    38      80    1.3e+01    2    3.3e-02 -1689.10347220 -1364.19693652    -0.00000924   0.001302   5.2e-03   1.4e-04 0.03
    39      80    1.4e+01    0    3.5e-02 -1689.10348292 -1364.19694725    -0.00001073   0.001297   5.2e-03   2.3e-04 0.03
    40      90    1.5e+01    1    3.9e-02 -1689.10350522 -1364.19696955    -0.00002230   0.001121   4.5e-03   2.2e-04 0.03
 
RESULTS OF THE OCCUPATION OPTIMIZATION
========================================
   1    1.9999575  -80.01764398
   2    1.9999654  -80.01759650
   3    1.9999595  -80.01758786
   4    1.9999548  -80.01757356
   5    1.9988940  -7.51075719
   6    1.9989178  -7.50951084
   7    1.9988866  -7.50864837
   8    1.9987893  -7.50523105
   9    1.9972759  -5.41824138
  10    1.9980124  -5.41601291
  11    1.9979649  -5.41596556
  12    1.9980549  -5.41389079
  13    1.9980530  -5.41382087
  14    1.9979276  -5.41358904
  15    1.9979792  -5.41299337
  16    1.9976914  -5.41262940
  17    1.9979681  -5.41250652
  18    1.9980267  -5.41174179
  19    1.9979469  -5.41171970
  20    1.9978843  -5.41149317
  21    1.9920257  -0.96882336
  22    1.9908477  -0.77830675
  23    1.9905689  -0.72239571
  24    1.9817354  -0.70271472
  25    1.9651534  -0.41370309
  26    1.9654194  -0.41279186
  27    1.9659204  -0.41117737
  28    1.9650505  -0.40924831
  29    1.9650520  -0.40805602
  30    1.9651427  -0.40766539
  31    0.0348573  -0.04293864
  32    0.0349480  -0.04295425
  33    0.0349495  -0.04300571
  34    0.0340796  -0.04313256
  35    0.0345806  -0.04307880
  36    0.0348466  -0.04309188
  37    0.0182646  -0.02305245
  38    0.0094311  -0.02759106
  39    0.0091523  -0.02776647
  40    0.0079743  -0.02932985
  41    0.0021157  -0.01963389
  42    0.0020531  -0.01944137
  43    0.0019733  -0.01903193
  44    0.0020319  -0.01901237
  45    0.0023086  -0.02153553
  46    0.0020208  -0.01930051
  47    0.0020724  -0.01934577
  48    0.0019470  -0.01884825
  49    0.0019451  -0.01846850
  50    0.0020351  -0.01866650
  51    0.0019876  -0.01850785
  52    0.0027241  -0.02992096
  53    0.0012107  -0.01506798
  54    0.0011134  -0.01406117
  55    0.0010822  -0.01473619
  56    0.0011060  -0.01420850
  57    0.0000452  -0.00632915
  58    0.0000405  -0.00575150
  59    0.0000346  -0.00523114
  60    0.0000425  -0.00588333
 
----------------
 Final Energies 
----------------
Final NOF Total Energy =   -1364.1969696
 
Total Orbital Internal Iterations = 2060
Total Occupation Internal Iterations = 119
 
Elapsed time:  451.05 Seconds

---------------------------------
   Lowdin Population Analysis    
---------------------------------
 Idx  Atom   Population   Charge 
---------------------------------
  1     P    15.001      -0.001
  2     P    14.998       0.002
  3     P    15.000      -0.000
  4     P    15.000      -0.000

---------------------------------
   M Diagnostic: 0.03
---------------------------------

Recovering execution output...
Moving from /scratch/pobleyef/283555 to /home-nas/pobleyef/Poison-NOF/ncwo1/P30-5/GNOFm/arina.283555
mkdir -p /home-nas/pobleyef/Poison-NOF/ncwo1/P30-5/GNOFm/arina.283555
mv /scratch/pobleyef/283555/* /home-nas/pobleyef/Poison-NOF/ncwo1/P30-5/GNOFm/arina.283555
