W4-11-hnnn
/software/eb2024/easybuild/software/common/software/Julia/1.11.3-linux-x86_64/bin/julia
Job runing on nagpu02
Choosing scratch ...
Automatic scratch folder selection
/scratch/pobleyef/283549
/scratch/pobleyef/283549 directory
cp W4-11-hnnn.jl W4-11-hnnn.jld2 to  /scratch/pobleyef/283549/.
W4-11-hnnn_C.jld2 not found
W4-11-hnnn_n.jld2 not found
Computing Integrals
Basis Set                                            = def2-qzvp
Auxiliary Basis Set                                  = def2-universal-jkfit
Gaussian Type                                        = Spherical
Elapsed time:    6.62 Seconds

Number of basis functions                   (NBF)    = 201
Number of auxiliary basis functions         (NBFAUX) = 249
Inactive Doubly occupied orbitals up to     (NO1)    = 0
No. considered Strongly Doubly occupied MOs (NDOC)   = 11
No. considered Strongly Singly occupied MOs (NSOC)   = 0
NO. of Weakly occ. per St. Doubly occ.  MOs (NCWO)   = 1
Dimension of the Nat. Orb. subspace         (NBF5)   = 22
No. of electrons                                     = 22
    No. of alpha electrons                           = 11
    No. of beta electrons                            = 11
Multiplicity                                         = 1

Geometry
========
 H       1.0789720      -1.3818100       0.0000000
 N       0.0937700      -1.1298800       0.0000000
 N       0.0000000       0.1110980       0.0000000
 N      -0.2479090       1.2161830       0.0000000

No violations of the orthonormality
No violations of the orthonormality
 
PNOF8/ADABelief Calculation
==================
 
  Nitext  Nit_orb  Time   Nit_occ  Time         Eelec          Etot           Ediff      maxdiff    MaxGrad_orb  Grad_occ
     1      10    4.9e+01    5    2.1e+01  -218.97158648  -157.38113108 -10217.97158648   0.488139   2.0e+00   8.4e-05 0.01
     2      10    3.1e+01    8    2.9e-02  -223.53102148  -161.94056608    -4.55943500   0.211111   8.4e-01   1.9e-04 0.03
     3      10    3.1e+01   10    3.2e-02  -224.97138345  -163.38092805    -1.44036197   0.196809   7.9e-01   5.3e-05 0.04
     4      10    3.2e+01    7    6.8e-02  -225.48258392  -163.89212852    -0.51120047   0.189957   7.6e-01   1.2e-04 0.04
     5      10    3.1e+01    4    3.5e-03  -225.75709724  -164.16664184    -0.27451332   0.205593   8.2e-01   1.6e-04 0.04
     6      10    3.1e+01    4    2.9e-02  -225.86126788  -164.27081248    -0.10417064   0.217692   8.7e-01   1.3e-04 0.04
     7      10    3.1e+01    4    1.2e-02  -225.90885722  -164.31840182    -0.04758933   0.208038   8.3e-01   1.4e-04 0.04
     8      10    3.1e+01    3    4.2e-02  -225.91623817  -164.32578277    -0.00738095   0.206891   8.3e-01   9.7e-05 0.04
     9      10    3.2e+01    0    6.1e-03  -225.91642886  -164.32597346    -0.00019069   0.206891   8.3e-01   9.7e-05 0.04
    10      30    9.5e+01    5    3.3e-02  -225.97223715  -164.38178175    -0.05580829   0.005826   2.3e-02   9.2e-05 0.04
    11      30    9.2e+01    5    4.3e-03  -225.97424688  -164.38379148    -0.00200974   0.007733   3.1e-02   9.7e-05 0.04
    12      30    9.4e+01    5    2.0e-02  -225.97555819  -164.38510279    -0.00131131   0.003940   1.6e-02   5.0e-05 0.04
    13      30    9.6e+01    5    4.4e-03  -225.97632876  -164.38587336    -0.00077057   0.003962   1.6e-02   4.4e-05 0.04
    14      30    9.6e+01    5    3.7e-02  -225.97687365  -164.38641825    -0.00054489   0.003445   1.4e-02   9.0e-05 0.04
    15      30    9.3e+01    4    5.5e-02  -225.97702894  -164.38657354    -0.00015529   0.005428   2.2e-02   1.5e-04 0.04
    16      30    9.5e+01    2    8.8e-02  -225.97712247  -164.38666707    -0.00009353   0.005153   2.1e-02   2.9e-04 0.04
    17      30    9.5e+01    0    2.1e-02  -225.97714278  -164.38668738    -0.00002032   0.005153   2.1e-02   2.9e-04 0.04
    18      48    1.5e+02    3    1.7e-02  -225.97768143  -164.38722602    -0.00053864   0.000476   1.9e-03   2.0e-04 0.04
 
RESULTS OF THE OCCUPATION OPTIMIZATION
========================================
   1    1.9996775  -15.74197082
   2    1.9997218  -15.66695165
   3    1.9997019  -15.64162408
   4    1.9922152  -1.44900206
   5    1.9898364  -1.03234584
   6    1.9880421  -0.91910938
   7    1.9789858  -0.82458136
   8    1.9747902  -0.72223878
   9    1.9712536  -0.66316096
  10    1.9566144  -0.59595017
  11    1.9557313  -0.46422146
  12    0.0442687  -0.05648468
  13    0.0433856  -0.05581483
  14    0.0287464  -0.04497705
  15    0.0252098  -0.02904426
  16    0.0210142  -0.03244997
  17    0.0119579  -0.01979504
  18    0.0101636  -0.01735256
  19    0.0077848  -0.01482524
  20    0.0002981  -0.00719189
  21    0.0002782  -0.00682634
  22    0.0003225  -0.00770340
 
----------------
 Final Energies 
----------------
Final NOF Total Energy =    -164.3872260
 
Total Orbital Internal Iterations = 378
Total Occupation Internal Iterations = 79
 
Elapsed time: 1287.82 Seconds

---------------------------------
   Lowdin Population Analysis    
---------------------------------
 Idx  Atom   Population   Charge 
---------------------------------
  1     H     1.256      -0.256
  2     N     6.834       0.166
  3     N     6.975       0.025
  4     N     6.934       0.066

---------------------------------
   M Diagnostic: 0.04
---------------------------------

Recovering execution output...
Moving from /scratch/pobleyef/283549 to /home-nas/pobleyef/Poison-NOF/ncwo1/P30-5/GNOFm/arina.283549
mkdir -p /home-nas/pobleyef/Poison-NOF/ncwo1/P30-5/GNOFm/arina.283549
mv /scratch/pobleyef/283549/* /home-nas/pobleyef/Poison-NOF/ncwo1/P30-5/GNOFm/arina.283549
