W4-11_107_so3_C.jld2 not found
W4-11_107_so3_n.jld2 not found
Computing Integrals
Elapsed time:    4.65 Seconds

Number of basis functions                   (NBF)    = 241
Number of auxiliary basis functions         (NBFAUX) = 359
Inactive Doubly occupied orbitals up to     (NO1)    = 0
No. considered Strongly Doubly occupied MOs (NDOC)   = 20
No. considered Strongly Singly occupied MOs (NSOC)   = 0
NO. of Weakly occ. per St. Doubly occ.  MOs (NCWO)   = 1
Dimension of the Nat. Orb. subspace         (NBF5)   = 40
No. of electrons                                     = 40
    No. of alpha electrons                           = 20
    No. of beta electrons                            = 20
Multiplicity                                         = 1

Geometry
========
 S       0.0000000       0.0000000       0.0000000
 O       0.0000000       1.4227900       0.0000000
 O       1.2321720      -0.7113950       0.0000000
 O      -1.2321720      -0.7113950       0.0000000

No violations of the orthonormality
No violations of the orthonormality
 
PNOF9/ADABelief Calculation
==================
 
  Nitext  Nit_orb  Time   Nit_occ  Time         Eelec          Etot           Ediff      maxdiff    MaxGrad_orb  Grad_occ
     1      10    1.1e+01    4    1.2e+01  -765.06215576  -581.01285941 -10764.06215576   1.750589   7.0e+00   2.2e-04 0.00
     2      10    2.0e+00   13    2.6e-02  -791.47608072  -607.42678436   -26.41392496   0.995144   4.0e+00   1.1e-04 0.03
     3      10    1.7e+00   15    2.8e-02  -802.72099671  -618.67170035   -11.24491599   0.628091   2.5e+00   1.2e-04 0.03
     4      10    1.5e+00   11    2.1e-02  -805.57033364  -621.52103728    -2.84933693   2.500265   1.0e+01   2.5e-04 0.04
     5      10    1.3e+00    7    1.9e-02  -805.84521456  -621.79591820    -0.27488092   0.482085   1.9e+00   2.5e-04 0.04
     6      10    1.5e+00    0    3.9e-02  -805.85035170  -621.80105534    -0.00513714   0.482085   1.9e+00   2.5e-04 0.04
     7      30    5.5e+00    7    2.0e-02  -806.42056688  -622.37127053    -0.57021519   0.097797   3.9e-01   2.7e-04 0.05
     8      30    4.4e+00    6    2.2e-02  -806.73567539  -622.68637903    -0.31510850   0.109587   4.4e-01   2.5e-04 0.05
     9      30    4.4e+00    6    1.6e-02  -806.95124088  -622.90194452    -0.21556549   0.105695   4.2e-01   2.0e-04 0.04
    10      30    4.4e+00    6    2.1e-02  -807.05148493  -623.00218857    -0.10024405   0.063346   2.5e-01   1.8e-04 0.04
    11      30    4.1e+00    6    4.2e-02  -807.08516283  -623.03586647    -0.03367790   0.090579   3.6e-01   1.8e-04 0.04
    12      30    4.5e+00    5    2.5e-02  -807.09503854  -623.04574218    -0.00987571   0.042551   1.7e-01   1.5e-04 0.04
    13      30    4.7e+00    0    1.6e-02  -807.09526936  -623.04597300    -0.00023082   0.042551   1.7e-01   1.5e-04 0.04
    14      50    6.8e+00    5    4.5e-02  -807.10620057  -623.05690421    -0.01093120   0.011850   4.7e-02   1.2e-04 0.04
    15      50    9.5e+00    5    3.5e-02  -807.10742027  -623.05812392    -0.00121971   0.007762   3.1e-02   1.0e-04 0.04
    16      50    9.2e+00    5    5.0e-02  -807.10840363  -623.05910728    -0.00098336   0.007804   3.1e-02   1.1e-04 0.04
    17      50    7.8e+00    5    2.6e-02  -807.10951494  -623.06021858    -0.00111131   0.006476   2.6e-02   1.4e-04 0.04
    18      50    8.1e+00    5    1.7e-02  -807.11004125  -623.06074490    -0.00052631   0.007658   3.1e-02   1.3e-04 0.04
    19      50    7.5e+00    5    5.4e-02  -807.11049392  -623.06119756    -0.00045266   0.006209   2.5e-02   1.0e-04 0.04
    20      50    8.8e+00    2    2.4e-02  -807.11074848  -623.06145213    -0.00025457   0.006662   2.7e-02   2.2e-04 0.04
    21      50    8.2e+00    2    1.7e-02  -807.11091100  -623.06161464    -0.00016251   0.006346   2.5e-02   2.2e-04 0.04
    22      50    7.4e+00    2    3.8e-02  -807.11101827  -623.06172191    -0.00010727   0.006678   2.7e-02   2.1e-04 0.04
    23      50    1.1e+01    2    5.9e-02  -807.11107001  -623.06177365    -0.00005174   0.007287   2.9e-02   2.1e-04 0.04
    24      50    7.0e+00    2    3.1e-02  -807.11113019  -623.06183383    -0.00006018   0.007393   3.0e-02   2.0e-04 0.04
    25      50    8.9e+00    2    4.2e-02  -807.11115386  -623.06185750    -0.00002367   0.007422   3.0e-02   2.1e-04 0.04
    26      50    7.6e+00    0    1.9e-02  -807.11116078  -623.06186443    -0.00000692   0.007422   3.0e-02   2.1e-04 0.04
    27      70    9.4e+00    2    3.3e-02  -807.11139775  -623.06210139    -0.00023696   0.001533   6.1e-03   2.1e-04 0.04
    28      70    1.1e+01    0    5.3e-02  -807.11140170  -623.06210534    -0.00000395   0.001533   6.1e-03   2.1e-04 0.04
    29      59    1.2e+01    2    1.3e-02  -807.11140968  -623.06211332    -0.00000797   0.000495   2.0e-03   1.8e-04 0.04
 
RESULTS OF THE OCCUPATION OPTIMIZATION
========================================
   1    1.9999720  -92.26353295
   2    1.9997619  -20.66582523
   3    1.9997624  -20.66426160
   4    1.9997608  -20.66348975
   5    1.9990942  -9.19118970
   6    1.9988888  -6.88734423
   7    1.9984508  -6.88594910
   8    1.9986160  -6.88348485
   9    1.9912040  -1.36870759
  10    1.9911143  -1.35261525
  11    1.9910814  -1.33500829
  12    1.9901347  -1.18816052
  13    1.9826605  -0.79677162
  14    1.9816713  -0.76743082
  15    1.9816330  -0.76679425
  16    1.9655511  -0.62626787
  17    1.9658308  -0.62487216
  18    1.9657940  -0.62444170
  19    1.9737160  -0.59121525
  20    1.9617366  -0.58864238
  21    0.0382634  -0.05889181
  22    0.0262840  -0.03245440
  23    0.0342060  -0.05339986
  24    0.0341692  -0.05324266
  25    0.0344489  -0.05366701
  26    0.0183670  -0.02747350
  27    0.0183287  -0.02754258
  28    0.0173395  -0.02918911
  29    0.0098653  -0.02033222
  30    0.0089186  -0.02271023
  31    0.0088857  -0.02273294
  32    0.0087960  -0.02262063
  33    0.0013840  -0.01967151
  34    0.0015492  -0.02350254
  35    0.0011112  -0.01661892
  36    0.0009058  -0.01570052
  37    0.0002392  -0.00700305
  38    0.0002376  -0.00701721
  39    0.0002381  -0.00702767
  40    0.0000280  -0.00490322
 
----------------
 Final Energies 
----------------
Final NOF Total Energy =    -623.0621133
 
Total Orbital Internal Iterations = 1119
Total Occupation Internal Iterations = 132
 
Elapsed time:  217.51 Seconds

---------------------------------
   Lowdin Population Analysis    
---------------------------------
 Idx  Atom   Population   Charge 
---------------------------------
  1     S    16.168      -0.168
  2     O     7.939       0.061
  3     O     7.944       0.056
  4     O     7.949       0.051

---------------------------------
   M Diagnostic: 0.04
---------------------------------

