al_C.jld2 not found
al_n.jld2 not found
Computing Integrals
Elapsed time:    2.96 Seconds

Number of basis functions                   (NBF)    = 70
Number of auxiliary basis functions         (NBFAUX) = 128
Inactive Doubly occupied orbitals up to     (NO1)    = 0
No. considered Strongly Doubly occupied MOs (NDOC)   = 6
No. considered Strongly Singly occupied MOs (NSOC)   = 1
NO. of Weakly occ. per St. Doubly occ.  MOs (NCWO)   = 1
Dimension of the Nat. Orb. subspace         (NBF5)   = 13
No. of electrons                                     = 13
    No. of alpha electrons                           = 7
    No. of beta electrons                            = 6
Multiplicity                                         = 2

Geometry
========
Al       0.0000000       0.0000000       0.0000000

No violations of the orthonormality
No violations of the orthonormality
 
PNOF9/ADABelief Calculation
==================
 
  Nitext  Nit_orb  Time   Nit_occ  Time         Eelec          Etot           Ediff      maxdiff    MaxGrad_orb  Grad_occ
     1      10    9.5e+00    5    1.2e+01  -238.63544000  -238.63544000 -10237.63544000   0.809113   3.2e+00   1.6e-04 0.00
     2      10    1.3e-02    7    6.6e-04  -240.77778835  -240.77778835    -2.14234835   0.358797   1.4e+00   6.5e-05 0.00
     3      10    8.5e-03    5    3.9e-04  -241.40997062  -241.40997062    -0.63218227   0.216377   8.7e-01   2.0e-04 0.01
     4      10    1.2e-02    2    4.0e-04  -241.75938168  -241.75938168    -0.34941106   0.159856   6.4e-01   1.7e-04 0.01
     5      10    1.4e-02    3    3.7e-04  -241.93153008  -241.93153008    -0.17214840   0.238740   9.5e-01   8.8e-05 0.01
     6      10    1.2e-02    4    4.5e-04  -241.99174894  -241.99174894    -0.06021885   0.161511   6.5e-01   1.6e-04 0.01
     7      10    1.3e-02    3    5.3e-04  -242.01461557  -242.01461557    -0.02286664   0.248432   9.9e-01   7.7e-05 0.01
     8      10    9.4e-03    3    3.6e-04  -242.01854511  -242.01854511    -0.00392954   0.214526   8.6e-01   3.4e-05 0.01
     9      10    7.6e-03    0    2.9e-04  -242.01869333  -242.01869333    -0.00014822   0.214526   8.6e-01   3.4e-05 0.01
    10      30    2.6e-02    2    3.6e-04  -242.05351741  -242.05351741    -0.03482408   0.022202   8.9e-02   1.1e-04 0.01
    11      30    2.3e-02    2    6.1e-04  -242.05773971  -242.05773971    -0.00422229   0.011381   4.6e-02   1.1e-04 0.01
    12      30    3.0e-02    2    3.6e-04  -242.05870774  -242.05870774    -0.00096803   0.013742   5.5e-02   1.2e-04 0.02
    13      30    2.3e-02    2    1.8e-03  -242.05923118  -242.05923118    -0.00052344   0.013489   5.4e-02   9.8e-05 0.02
    14      30    2.6e-02    0    2.8e-04  -242.05933379  -242.05933379    -0.00010261   0.013489   5.4e-02   9.8e-05 0.02
    15      50    6.7e-02    1    3.3e-04  -242.05983778  -242.05983778    -0.00050398   0.001267   5.1e-03   1.8e-04 0.02
    16      50    4.7e-02    1    3.4e-04  -242.05990043  -242.05990043    -0.00006265   0.002090   8.4e-03   1.0e-04 0.02
    17      50    4.9e-02    1    4.7e-04  -242.05993381  -242.05993381    -0.00003338   0.001919   7.7e-03   5.6e-05 0.02
    18      50    5.3e-02    1    3.1e-04  -242.05994726  -242.05994726    -0.00001345   0.001887   7.5e-03   4.9e-05 0.02
    19      50    3.6e-02    1    3.3e-04  -242.05995584  -242.05995584    -0.00000858   0.001855   7.4e-03   2.7e-05 0.02
    20      50    4.2e-02    1    3.3e-04  -242.05996180  -242.05996180    -0.00000595   0.001821   7.3e-03   2.6e-05 0.02
    21      50    3.6e-02    1    3.3e-04  -242.05996342  -242.05996342    -0.00000162   0.001967   7.9e-03   1.6e-05 0.02
    22      50    4.5e-02    0    2.9e-04  -242.05996643  -242.05996643    -0.00000302   0.001770   7.1e-03   7.2e-05 0.02
    23      60    5.2e-02    0    4.6e-04  -242.05997136  -242.05997136    -0.00000492   0.001689   6.8e-03   9.1e-05 0.02
    24      70    5.5e-02    0    2.9e-04  -242.05997327  -242.05997327    -0.00000191   0.001561   6.2e-03   8.1e-05 0.02
    25      80    7.7e-02    0    3.0e-04  -242.05997599  -242.05997599    -0.00000272   0.001385   5.5e-03   9.0e-05 0.02
    26      90    1.0e-01    0    3.1e-04  -242.05997202  -242.05997202     0.00000397   0.002065   8.3e-03   8.8e-05 0.02
    27      52    4.6e-02    0    4.9e-04  -242.05998130  -242.05998130    -0.00000928   0.000497   2.0e-03   8.7e-05 0.02
 
RESULTS OF THE OCCUPATION OPTIMIZATION
========================================
   1    1.9999498  -58.55674651
   2    1.9983984  -4.91527530
   3    1.9955571  -3.24196441
   4    1.9956458  -3.23735327
   5    1.9948630  -3.23548241
   6    1.9815450  -0.41579402
   7    1.0000000  -0.10890297
   8    0.0184550  -0.02491313
   9    0.0051370  -0.02445954
  10    0.0043542  -0.02192970
  11    0.0044429  -0.03155613
  12    0.0016016  -0.00869904
  13    0.0000502  -0.00562438
 
----------------
 Final Energies 
----------------
Final NOF Total Energy =    -242.0599813
 
Total Orbital Internal Iterations = 992
Total Occupation Internal Iterations = 47
 
Elapsed time:   29.13 Seconds

---------------------------------
   Lowdin Population Analysis    
---------------------------------
 Idx  Atom   Population   Charge 
---------------------------------
  1    Al    13.000       0.000

---------------------------------
   M Diagnostic: 0.02
---------------------------------

