W4-11-bn3pi
/software/eb2024/easybuild/software/common/software/Julia/1.11.3-linux-x86_64/bin/julia
Job runing on na14
Choosing scratch ...
Automatic scratch folder selection
/scratch/pobleyef/283538
/scratch/pobleyef/283538 directory
cp W4-11-bn3pi.jl W4-11-bn3pi.jld2 to  /scratch/pobleyef/283538/.
W4-11-bn3pi_C.jld2 not found
W4-11-bn3pi_n.jld2 not found
Computing Integrals
Basis Set                                            = def2-qzvp
Auxiliary Basis Set                                  = def2-universal-jkfit
Gaussian Type                                        = Spherical
Elapsed time:    2.72 Seconds

Number of basis functions                   (NBF)    = 114
Number of auxiliary basis functions         (NBFAUX) = 152
Inactive Doubly occupied orbitals up to     (NO1)    = 0
No. considered Strongly Doubly occupied MOs (NDOC)   = 5
No. considered Strongly Singly occupied MOs (NSOC)   = 2
NO. of Weakly occ. per St. Doubly occ.  MOs (NCWO)   = 1
Dimension of the Nat. Orb. subspace         (NBF5)   = 12
No. of electrons                                     = 12
    No. of alpha electrons                           = 7
    No. of beta electrons                            = 5
Multiplicity                                         = 3

Geometry
========
 B       0.0000000       0.0000000      -0.7759500
 N       0.0000000       0.0000000       0.5542500

No violations of the orthonormality
No violations of the orthonormality
 
PNOF8/ADABelief Calculation
==================
 
  Nitext  Nit_orb  Time   Nit_occ  Time         Eelec          Etot           Ediff      maxdiff    MaxGrad_orb  Grad_occ
     1      10    2.8e+01    5    2.1e+01   -89.67932242   -75.75572867 -10088.67932242   0.311134   1.2e+00   1.5e-04 0.01
     2      10    1.1e+01    5    1.5e-03   -92.14891634   -78.22532260    -2.46959393   0.194038   7.8e-01   1.1e-04 0.02
     3      10    1.0e+01    6    1.1e-03   -92.82259806   -78.89900432    -0.67368172   0.138610   5.5e-01   7.7e-05 0.04
     4      10    9.5e+00    5    1.3e-03   -92.99724008   -79.07364634    -0.17464202   0.168007   6.7e-01   9.3e-05 0.05
     5      10    9.8e+00    4    1.2e-03   -93.04229366   -79.11869991    -0.04505358   0.148515   5.9e-01   4.9e-05 0.06
     6      10    1.0e+01    2    9.4e-03   -93.07246088   -79.14886714    -0.03016723   0.153091   6.1e-01   1.5e-04 0.06
     7      10    1.1e+01    2    1.0e-03   -93.09117571   -79.16758196    -0.01871482   0.153482   6.1e-01   7.4e-05 0.06
     8      10    9.7e+00    2    1.2e-03   -93.10312856   -79.17953482    -0.01195286   0.194805   7.8e-01   4.5e-05 0.05
     9      10    1.0e+01    2    2.0e-03   -93.11361714   -79.19002340    -0.01048858   0.136203   5.4e-01   2.1e-04 0.05
    10      10    1.0e+01    3    1.1e-02   -93.11626447   -79.19267072    -0.00264733   0.232893   9.3e-01   7.9e-05 0.05
    11      10    9.2e+00    3    9.1e-04   -93.11896287   -79.19536913    -0.00269840   0.180563   7.2e-01   1.1e-05 0.05
    12      10    1.0e+01    1    1.4e-03   -93.12054172   -79.19694797    -0.00157884   0.224784   9.0e-01   1.7e-04 0.05
    13      10    1.1e+01    2    1.3e-02   -93.12079930   -79.19720556    -0.00025758   0.139102   5.6e-01   1.2e-04 0.05
    14      10    1.2e+01    0    5.0e-03   -93.12080508   -79.19721134    -0.00000578   0.139102   5.6e-01   1.2e-04 0.05
    15      30    3.3e+01    1    1.0e-02   -93.13200391   -79.20841017    -0.01119883   0.000716   2.9e-03   9.8e-05 0.05
 
RESULTS OF THE OCCUPATION OPTIMIZATION
========================================
   1    1.9995816  -15.61115200
   2    1.9991221  -7.66928875
   3    1.9789917  -1.09564465
   4    1.9602190  -0.56269100
   5    1.9475182  -0.45409054
   6    1.0000000  -0.26695996
   7    1.0000000  -0.26189777
   8    0.0524818  -0.04072880
   9    0.0397810  -0.03020734
  10    0.0210083  -0.02804874
  11    0.0008779  -0.01055248
  12    0.0004184  -0.00979404
 
----------------
 Final Energies 
----------------
Final NOF Total Energy =     -79.2084102
 
Total Orbital Internal Iterations = 170
Total Occupation Internal Iterations = 43
 
Elapsed time:  228.41 Seconds

---------------------------------
   Lowdin Population Analysis    
---------------------------------
 Idx  Atom   Population   Charge 
---------------------------------
  1     B     5.216      -0.216
  2     N     6.784       0.216

---------------------------------
   M Diagnostic: 0.05
---------------------------------

Recovering execution output...
Moving from /scratch/pobleyef/283538 to /home-nas/pobleyef/Poison-NOF/ncwo1/P30-5/GNOFm/arina.283538
mkdir -p /home-nas/pobleyef/Poison-NOF/ncwo1/P30-5/GNOFm/arina.283538
mv /scratch/pobleyef/283538/* /home-nas/pobleyef/Poison-NOF/ncwo1/P30-5/GNOFm/arina.283538
