Computing Integrals
Basis Set                                            = def2-qzvp
Auxiliary Basis Set                                  = def2-universal-jkfit
Gaussian Type                                        = Spherical
Elapsed time:   23.06 Seconds

Number of basis functions                   (NBF)    = 241
Number of auxiliary basis functions         (NBFAUX) = 359
Inactive Doubly occupied orbitals up to     (NO1)    = 0
No. considered Strongly Doubly occupied MOs (NDOC)   = 20
No. considered Strongly Singly occupied MOs (NSOC)   = 0
NO. of Weakly occ. per St. Doubly occ.  MOs (NCWO)   = 1
Dimension of the Nat. Orb. subspace         (NBF5)   = 40
No. of electrons                                     = 40
    No. of alpha electrons                           = 20
    No. of beta electrons                            = 20
Multiplicity                                         = 1

Geometry
========
 S       0.0000000       0.0000000       0.0000000
 O       0.0000000       1.4227900       0.0000000
 O       1.2321720      -0.7113950       0.0000000
 O      -1.2321720      -0.7113950       0.0000000

No violations of the orthonormality
No violations of the orthonormality
 
PNOF8/ADABelief Calculation
==================
 
  Nitext  Nit_orb  Time   Nit_occ  Time         Eelec          Etot           Ediff      maxdiff    MaxGrad_orb  Grad_occ
     1      10    9.3e+01    0    2.4e+01  -807.11136808  -623.06207172 -10806.11136808   0.000602   2.4e-03   1.6e-04 0.04
 
RESULTS OF THE OCCUPATION OPTIMIZATION
========================================
   1    1.9999738  -92.26345832
   2    1.9997619  -20.66553993
   3    1.9997608  -20.66492676
   4    1.9997758  -20.66330449
   5    1.9990962  -9.19343059
   6    1.9984639  -6.88622204
   7    1.9988777  -6.88406080
   8    1.9986241  -6.88332595
   9    1.9914618  -1.39900794
  10    1.9913896  -1.37989891
  11    1.9912373  -1.37565397
  12    1.9889222  -1.08299075
  13    1.9826147  -0.79951246
  14    1.9817421  -0.77060387
  15    1.9816257  -0.76756731
  16    1.9655000  -0.62616383
  17    1.9658186  -0.62533236
  18    1.9657755  -0.62475044
  19    1.9739105  -0.59077548
  20    1.9616908  -0.58788888
  21    0.0383092  -0.05914988
  22    0.0260895  -0.03219137
  23    0.0342245  -0.05336906
  24    0.0341814  -0.05321184
  25    0.0345000  -0.05365217
  26    0.0183743  -0.02738030
  27    0.0182579  -0.02760382
  28    0.0173853  -0.02919738
  29    0.0110778  -0.02147063
  30    0.0087627  -0.02245870
  31    0.0086104  -0.02208430
  32    0.0085382  -0.02239772
  33    0.0013759  -0.01960168
  34    0.0011223  -0.01670211
  35    0.0015361  -0.02362810
  36    0.0009038  -0.01567782
  37    0.0002242  -0.00686903
  38    0.0002392  -0.00704593
  39    0.0002381  -0.00704619
  40    0.0000262  -0.00472329
 
----------------
 Final Energies 
----------------
Final NOF Total Energy =    -623.0620717
 
Total Orbital Internal Iterations = 10
Total Occupation Internal Iterations = 0
 
Elapsed time:  134.87 Seconds

---------------------------------
   Lowdin Population Analysis    
---------------------------------
 Idx  Atom   Population   Charge 
---------------------------------
  1     S    16.168      -0.168
  2     O     7.949       0.051
  3     O     7.940       0.060
  4     O     7.943       0.057

---------------------------------
   M Diagnostic: 0.04
---------------------------------

