Computing Integrals
Basis Set                                            = def2-qzvp
Auxiliary Basis Set                                  = def2-universal-jkfit
Gaussian Type                                        = Spherical
Elapsed time:    6.81 Seconds

Number of basis functions                   (NBF)    = 201
Number of auxiliary basis functions         (NBFAUX) = 249
Inactive Doubly occupied orbitals up to     (NO1)    = 0
No. considered Strongly Doubly occupied MOs (NDOC)   = 12
No. considered Strongly Singly occupied MOs (NSOC)   = 1
NO. of Weakly occ. per St. Doubly occ.  MOs (NCWO)   = 1
Dimension of the Nat. Orb. subspace         (NBF5)   = 25
No. of electrons                                     = 25
    No. of alpha electrons                           = 13
    No. of beta electrons                            = 12
Multiplicity                                         = 2

Geometry
========
 O       1.1439430       0.0753540       0.0000000
 O       0.0000000       0.5769450       0.0000000
 O      -1.0821140      -0.4938720       0.0000000
 H      -0.4946340      -1.2674190       0.0000000

No violations of the orthonormality
No violations of the orthonormality
 
PNOF8/ADABelief Calculation
==================
 
  Nitext  Nit_orb  Time   Nit_occ  Time         Eelec          Etot           Ediff      maxdiff    MaxGrad_orb  Grad_occ
     1      10    6.7e+01    0    2.7e+01  -298.24718766  -225.57367959 -10297.24718766   0.000724   2.9e-03   1.4e-04 0.05
 
RESULTS OF THE OCCUPATION OPTIMIZATION
========================================
   1    1.9998021  -20.75632253
   2    1.9997939  -20.71496915
   3    1.9998024  -20.68635101
   4    1.9918275  -1.57497105
   5    1.9906955  -1.30968772
   6    1.9864493  -1.05245542
   7    1.9862948  -0.82915029
   8    1.9840837  -0.76609951
   9    1.9617090  -0.76556382
  10    1.9705278  -0.74893207
  11    1.9521783  -0.64033971
  12    1.9801510  -0.58505139
  13    1.0000000  -0.30424751
  14    0.0198490  -0.02289570
  15    0.0478217  -0.07384540
  16    0.0294722  -0.03698904
  17    0.0382910  -0.06048201
  18    0.0159163  -0.02119149
  19    0.0137052  -0.02056407
  20    0.0135507  -0.02215607
  21    0.0093045  -0.02075085
  22    0.0081725  -0.01773035
  23    0.0001976  -0.00645776
  24    0.0002061  -0.00677928
  25    0.0001979  -0.00649526
 
----------------
 Final Energies 
----------------
Final NOF Total Energy =    -225.5736796
 
Total Orbital Internal Iterations = 10
Total Occupation Internal Iterations = 0
 
Elapsed time:  111.23 Seconds

---------------------------------
   Lowdin Population Analysis    
---------------------------------
 Idx  Atom   Population   Charge 
---------------------------------
  1     O     8.002      -0.002
  2     O     7.959       0.041
  3     O     7.634       0.366
  4     H     1.406      -0.406

---------------------------------
   M Diagnostic: 0.05
---------------------------------

