Computing Integrals
Elapsed time:    3.60 Seconds

Number of basis functions                   (NBF)    = 171
Number of auxiliary basis functions         (NBFAUX) = 231
Inactive Doubly occupied orbitals up to     (NO1)    = 0
No. considered Strongly Doubly occupied MOs (NDOC)   = 12
No. considered Strongly Singly occupied MOs (NSOC)   = 0
NO. of Weakly occ. per St. Doubly occ.  MOs (NCWO)   = 1
Dimension of the Nat. Orb. subspace         (NBF5)   = 24
No. of electrons                                     = 24
    No. of alpha electrons                           = 12
    No. of beta electrons                            = 12
Multiplicity                                         = 1

Geometry
========
 O       0.0000000       0.0000000       0.4412240
 O       0.0000000       1.0825250      -0.2206120
 O       0.0000000      -1.0825250      -0.2206120

No violations of the orthonormality
No violations of the orthonormality
 
PNOF9/YOGI Calculation
==================
 
  Nitext  Nit_orb  Time   Nit_occ  Time         Eelec          Etot           Ediff      maxdiff    MaxGrad_orb  Grad_occ
     1      10    1.0e+01   12    1.2e+01  -281.30355790  -212.27666930 -10280.30355790   1.024444   4.1e+00   8.8e-05 0.94
     2      10    6.8e-01    8    2.8e-02  -288.27680652  -219.24991792    -6.97324862   0.629464   2.5e+00   1.2e-04 0.88
     3      10    6.2e-01    7    2.5e-02  -291.22515043  -222.19826183    -2.94834391   0.397441   1.6e+00   2.5e-04 0.76
     4      10    6.4e-01    6    6.3e-02  -292.61667057  -223.58978197    -1.39152014   0.310338   1.2e+00   1.2e-04 0.72
     5      10    7.6e-01    6    1.7e-02  -293.28732347  -224.26043487    -0.67065290   0.246633   9.9e-01   8.2e-05 0.68
     6      10    1.6e+00    7    2.1e-02  -293.62297195  -224.59608334    -0.33564848   0.183953   7.4e-01   6.7e-05 0.56
     7      10    8.8e-01    7    1.5e-02  -293.81751299  -224.79062439    -0.19454104   0.144167   5.8e-01   7.1e-05 0.49
     8      10    6.5e-01    5    2.2e-02  -293.89523685  -224.86834825    -0.07772386   0.141039   5.6e-01   1.8e-04 0.49
     9      10    7.1e-01    6    6.2e-02  -293.91665494  -224.88976634    -0.02141809   0.176000   7.0e-01   1.4e-04 0.50
    10      10    8.6e-01    3    4.0e-02  -293.92299384  -224.89610524    -0.00633890   0.154019   6.2e-01   2.0e-04 0.52
    11      10    9.5e-01    5    2.2e-02  -293.92504429  -224.89815568    -0.00205044   0.165434   6.6e-01   2.1e-04 0.54
    12      10    8.7e-01    2    9.9e-03  -293.92609181  -224.89920320    -0.00104752   0.155263   6.2e-01   2.4e-04 0.54
    13      10    1.3e+00    3    1.6e-02  -293.92728190  -224.90039329    -0.00119009   0.156923   6.3e-01   1.5e-04 0.55
    14      10    9.4e-01    0    4.3e-02  -293.92732136  -224.90043276    -0.00003947   0.156923   6.3e-01   1.5e-04 0.55
    15      30    3.0e+00    5    4.6e-02  -293.95006716  -224.92317856    -0.02274580   0.007777   3.1e-02   7.3e-05 0.54
    16      30    2.4e+00    4    2.2e-02  -293.95299587  -224.92610727    -0.00292871   0.005232   2.1e-02   1.0e-04 0.54
    17      30    2.4e+00    2    9.7e-02  -293.95462006  -224.92773145    -0.00162419   0.006426   2.6e-02   1.3e-04 0.55
    18      30    2.4e+00    2    6.9e-02  -293.95559765  -224.92870905    -0.00097759   0.002116   8.5e-03   1.7e-04 0.55
    19      30    3.9e+00    2    1.1e-02  -293.95623806  -224.92934945    -0.00064041   0.002301   9.2e-03   1.2e-04 0.55
    20      30    2.8e+00    2    3.1e-02  -293.95683230  -224.92994369    -0.00059424   0.002539   1.0e-02   1.4e-04 0.55
    21      30    2.4e+00    2    2.3e-02  -293.95745053  -224.93056193    -0.00061824   0.002226   8.9e-03   9.1e-05 0.55
    22      30    3.1e+00    2    8.9e-03  -293.95793193  -224.93104333    -0.00048140   0.002463   9.9e-03   1.2e-04 0.55
    23      30    4.1e+00    2    2.5e-02  -293.95837377  -224.93148517    -0.00044184   0.002746   1.1e-02   6.5e-05 0.55
    24      30    3.0e+00    2    2.6e-02  -293.95863234  -224.93174374    -0.00025857   0.002577   1.0e-02   1.1e-04 0.55
    25      30    2.8e+00    2    6.9e-02  -293.95885556  -224.93196696    -0.00022323   0.002734   1.1e-02   4.9e-05 0.55
    26      30    3.3e+00    2    1.5e-02  -293.95893988  -224.93205128    -0.00008431   0.002618   1.0e-02   8.9e-05 0.55
    27      30    3.2e+00    1    3.0e-02  -293.95902217  -224.93213357    -0.00008229   0.002675   1.1e-02   1.9e-04 0.55
    28      30    2.8e+00    2    6.5e-02  -293.95902286  -224.93213426    -0.00000069   0.002648   1.1e-02   8.7e-05 0.55
    29      30    3.0e+00    1    5.5e-02  -293.95903974  -224.93215113    -0.00001688   0.002667   1.1e-02   1.6e-04 0.55
    30      30    3.4e+00    0    2.6e-02  -293.95904019  -224.93215158    -0.00000045   0.002667   1.1e-02   1.6e-04 0.55
    31      34    4.0e+00    1    8.8e-03  -293.95915860  -224.93227000    -0.00011841   0.000482   1.9e-03   1.5e-04 0.55
 
RESULTS OF THE OCCUPATION OPTIMIZATION
========================================
   1    1.9998001  -20.78828342
   2    1.9998019  -20.72716246
   3    1.9998016  -20.72054986
   4    1.9925806  -1.61527841
   5    1.9875862  -1.24888317
   6    1.9862891  -1.10215767
   7    1.9863773  -0.83587725
   8    1.9815535  -0.77489476
   9    1.9595157  -0.76947665
  10    1.9595342  -0.76739217
  11    1.9826612  -0.69593646
  12    1.4534768  -0.45606797
  13    0.5465232  -0.20926652
  14    0.0173388  -0.02256499
  15    0.0404658  -0.06451360
  16    0.0404843  -0.06454551
  17    0.0184465  -0.02025011
  18    0.0136227  -0.02068446
  19    0.0137109  -0.02244765
  20    0.0124138  -0.02261942
  21    0.0074194  -0.01897233
  22    0.0001984  -0.00656350
  23    0.0001981  -0.00653965
  24    0.0001999  -0.00640831
 
----------------
 Final Energies 
----------------
Final NOF Total Energy =    -224.9322700
 
Total Orbital Internal Iterations = 654
Total Occupation Internal Iterations = 111
 
Elapsed time:  100.85 Seconds

---------------------------------
   Lowdin Population Analysis    
---------------------------------
 Idx  Atom   Population   Charge 
---------------------------------
  1     O     8.070      -0.070
  2     O     7.965       0.035
  3     O     7.965       0.035

---------------------------------
   M Diagnostic: 0.55
---------------------------------

