Computing Integrals
Elapsed time:    2.83 Seconds

Number of basis functions                   (NBF)    = 114
Number of auxiliary basis functions         (NBFAUX) = 150
Inactive Doubly occupied orbitals up to     (NO1)    = 0
No. considered Strongly Doubly occupied MOs (NDOC)   = 6
No. considered Strongly Singly occupied MOs (NSOC)   = 0
NO. of Weakly occ. per St. Doubly occ.  MOs (NCWO)   = 1
Dimension of the Nat. Orb. subspace         (NBF5)   = 12
No. of electrons                                     = 12
    No. of alpha electrons                           = 6
    No. of beta electrons                            = 6
Multiplicity                                         = 1

Geometry
========
 C       0.0000000       0.0000000       0.6200000
 C       0.0000000       0.0000000      -0.6200000

No violations of the orthonormality
No violations of the orthonormality
 
PNOF9/ADABelief Calculation
==================
 
  Nitext  Nit_orb  Time   Nit_occ  Time         Eelec          Etot           Ediff      maxdiff    MaxGrad_orb  Grad_occ
     1      10    9.7e+00    4    1.2e+01   -91.04755787   -75.68438003 -10090.04755787   0.017841   7.1e-02   6.2e-05 0.61
     2      20    5.1e-01    8    3.5e-02   -91.05097683   -75.68779899    -0.00341896   0.016204   6.5e-02   2.2e-04 0.57
     3      20    7.9e-01    3    2.2e-02   -91.05873155   -75.69555371    -0.00775472   0.015804   6.3e-02   1.8e-04 0.56
     4      20    2.0e+00    4    1.2e-03   -91.05921499   -75.69603714    -0.00048343   0.014658   5.9e-02   2.1e-05 0.56
     5      20    8.0e-01    0    2.2e-03   -91.05927626   -75.69609842    -0.00006127   0.014658   5.9e-02   2.1e-05 0.56
     6      40    1.5e+00    2    1.5e-02   -91.06132135   -75.69814350    -0.00204509   0.001132   4.5e-03   1.4e-04 0.56
     7      40    1.2e+00    0    4.2e-02   -91.06132634   -75.69814850    -0.00000499   0.001132   4.5e-03   1.4e-04 0.56
     8      57    2.9e+00    1    6.3e-03   -91.06135271   -75.69817487    -0.00002637   0.000493   2.0e-03   1.7e-04 0.56
 
RESULTS OF THE OCCUPATION OPTIMIZATION
========================================
   1    1.9994373  -11.30086931
   2    1.9994402  -11.29912437
   3    1.9810711  -1.03420856
   4    1.4442286  -0.45679310
   5    1.9335643  -0.44680079
   6    1.9335913  -0.44679702
   7    0.0664087  -0.04279307
   8    0.0664357  -0.04280196
   9    0.5557714  -0.19247207
  10    0.0189289  -0.02528146
  11    0.0005598  -0.00929340
  12    0.0005627  -0.00933104
 
----------------
 Final Energies 
----------------
Final NOF Total Energy =     -75.6981749
 
Total Orbital Internal Iterations = 227
Total Occupation Internal Iterations = 22
 
Elapsed time:   37.74 Seconds

---------------------------------
   Lowdin Population Analysis    
---------------------------------
 Idx  Atom   Population   Charge 
---------------------------------
  1     C     6.000       0.000
  2     C     6.000      -0.000

---------------------------------
   M Diagnostic: 0.56
---------------------------------

