W4-11-fo2
/software/eb2024/easybuild/software/common/software/Julia/1.11.3-linux-x86_64/bin/julia
Job runing on na11
Choosing scratch ...
Automatic scratch folder selection
/scratch/pobleyef/283546
/scratch/pobleyef/283546 directory
cp W4-11-fo2.jl W4-11-fo2.jld2 to  /scratch/pobleyef/283546/.
W4-11-fo2_C.jld2 not found
W4-11-fo2_n.jld2 not found
Computing Integrals
Basis Set                                            = def2-qzvp
Auxiliary Basis Set                                  = def2-universal-jkfit
Gaussian Type                                        = Spherical
Elapsed time:    6.50 Seconds

Number of basis functions                   (NBF)    = 171
Number of auxiliary basis functions         (NBFAUX) = 231
Inactive Doubly occupied orbitals up to     (NO1)    = 0
No. considered Strongly Doubly occupied MOs (NDOC)   = 12
No. considered Strongly Singly occupied MOs (NSOC)   = 1
NO. of Weakly occ. per St. Doubly occ.  MOs (NCWO)   = 1
Dimension of the Nat. Orb. subspace         (NBF5)   = 25
No. of electrons                                     = 25
    No. of alpha electrons                           = 13
    No. of beta electrons                            = 12
Multiplicity                                         = 2

Geometry
========
 F      -1.0111950      -0.7062760       0.0000000
 O       0.0000000       0.5752150       0.0000000
 O       1.1375950       0.2193450       0.0000000

No violations of the orthonormality
No violations of the orthonormality
 
PNOF8/ADABelief Calculation
==================
 
  Nitext  Nit_orb  Time   Nit_occ  Time         Eelec          Etot           Ediff      maxdiff    MaxGrad_orb  Grad_occ
     1      10    4.8e+01    6    2.1e+01  -309.93901476  -241.90101463 -10308.93901476   0.826517   3.3e+00   1.1e-04 0.01
     2      10    3.2e+01   12    3.1e-02  -315.17393518  -247.13593506    -5.23492042   0.351129   1.4e+00   1.2e-04 0.03
     3      10    2.9e+01   11    4.2e-03  -316.93383852  -248.89583839    -1.75990333   0.221222   8.8e-01   1.6e-04 0.04
     4      10    3.0e+01   10    4.2e-03  -317.25597703  -249.21797691    -0.32213852   0.233889   9.4e-01   1.8e-04 0.04
     5      10    3.0e+01    8    4.5e-03  -317.37541008  -249.33740995    -0.11943305   0.211263   8.5e-01   1.6e-04 0.04
     6      10    2.9e+01    7    2.2e-02  -317.43121900  -249.39321888    -0.05580892   0.231358   9.3e-01   1.0e-04 0.05
     7      10    3.1e+01    6    1.1e-02  -317.44269649  -249.40469636    -0.01147748   0.285484   1.1e+00   1.6e-04 0.05
     8      10    3.0e+01    5    3.6e-03  -317.44512240  -249.40712227    -0.00242591   0.248521   9.9e-01   1.8e-04 0.05
     9      10    2.7e+01    4    4.0e-03  -317.45084002  -249.41283989    -0.00571762   0.266103   1.1e+00   1.0e-04 0.05
    10      10    3.0e+01    0    3.0e-03  -317.45094438  -249.41294425    -0.00010436   0.266103   1.1e+00   1.0e-04 0.05
    11      30    9.1e+01    7    6.6e-03  -317.54291496  -249.50491483    -0.09197058   0.016995   6.8e-02   8.7e-05 0.05
    12      30    8.7e+01    4    4.3e-03  -317.55811969  -249.52011956    -0.01520473   0.016969   6.8e-02   2.5e-04 0.05
    13      30    8.5e+01    6    3.5e-02  -317.57129335  -249.53329322    -0.01317366   0.012103   4.8e-02   1.3e-04 0.05
    14      30    8.5e+01    4    3.7e-02  -317.57898235  -249.54098222    -0.00768900   0.005879   2.4e-02   1.9e-04 0.05
    15      30    1.0e+02    4    3.6e-03  -317.58067438  -249.54267425    -0.00169203   0.007211   2.9e-02   1.9e-04 0.05
    16      30    9.8e+01    4    3.9e-02  -317.58115510  -249.54315497    -0.00048072   0.006415   2.6e-02   1.4e-04 0.05
    17      30    1.1e+02    4    5.3e-02  -317.58138951  -249.54338939    -0.00023441   0.005728   2.3e-02   1.1e-04 0.05
    18      30    1.0e+02    4    9.1e-03  -317.58182244  -249.54382231    -0.00043293   0.005572   2.2e-02   1.8e-04 0.05
    19      30    1.0e+02    4    7.7e-03  -317.58223733  -249.54423721    -0.00041489   0.005808   2.3e-02   2.0e-04 0.05
    20      30    9.7e+01    4    3.8e-03  -317.58257491  -249.54457478    -0.00033757   0.005381   2.2e-02   1.8e-04 0.05
    21      30    8.9e+01    5    4.5e-02  -317.58265983  -249.54465970    -0.00008492   0.008433   3.4e-02   1.4e-04 0.05
    22      30    9.5e+01    2    4.1e-02  -317.58294616  -249.54494603    -0.00028633   0.006288   2.5e-02   2.1e-04 0.05
    23      30    1.0e+02    4    3.9e-03  -317.58302031  -249.54502018    -0.00007416   0.008683   3.5e-02   9.0e-05 0.05
    24      30    1.0e+02    2    6.1e-03  -317.58314620  -249.54514607    -0.00012588   0.032829   1.3e-01   1.5e-04 0.05
    25      30    9.9e+01    4    6.5e-03  -317.58327023  -249.54527010    -0.00012403   0.006715   2.7e-02   1.1e-04 0.05
    26      30    9.5e+01    2    3.4e-03  -317.58330094  -249.54530081    -0.00003071   0.005881   2.4e-02   1.3e-04 0.05
    27      30    9.1e+01    0    1.8e-02  -317.58331107  -249.54531094    -0.00001013   0.005881   2.4e-02   1.3e-04 0.05
    28      43    1.3e+02    2    3.5e-03  -317.58370757  -249.54570744    -0.00039650   0.000489   2.0e-03   1.3e-04 0.05
 
RESULTS OF THE OCCUPATION OPTIMIZATION
========================================
   1    1.9998575  -25.77536209
   2    1.9997879  -21.28852934
   3    1.9997945  -20.91874736
   4    1.9924738  -1.74109755
   5    1.9921127  -1.55737784
   6    1.9876424  -0.98028158
   7    1.9872309  -0.92536178
   8    1.9868384  -0.86037473
   9    1.9649483  -0.78090190
  10    1.9833734  -0.71272302
  11    1.9832126  -0.69032416
  12    1.9497842  -0.60544296
  13    1.0000000  -0.31898892
  14    0.0502158  -0.08770415
  15    0.0167874  -0.02407772
  16    0.0166266  -0.02394187
  17    0.0350517  -0.05617383
  18    0.0131616  -0.01927154
  19    0.0127691  -0.02089947
  20    0.0123576  -0.02361366
  21    0.0078873  -0.02294898
  22    0.0075262  -0.01562018
  23    0.0002055  -0.00676898
  24    0.0002121  -0.00699490
  25    0.0001425  -0.00599627
 
----------------
 Final Energies 
----------------
Final NOF Total Energy =    -249.5457074
 
Total Orbital Internal Iterations = 653
Total Occupation Internal Iterations = 135
 
Elapsed time: 2271.37 Seconds

---------------------------------
   Lowdin Population Analysis    
---------------------------------
 Idx  Atom   Population   Charge 
---------------------------------
  1     F     9.157      -0.157
  2     O     7.910       0.090
  3     O     7.933       0.067

---------------------------------
   M Diagnostic: 0.05
---------------------------------

Recovering execution output...
Moving from /scratch/pobleyef/283546 to /home-nas/pobleyef/Poison-NOF/ncwo1/P30-5/GNOFm/arina.283546
mkdir -p /home-nas/pobleyef/Poison-NOF/ncwo1/P30-5/GNOFm/arina.283546
mv /scratch/pobleyef/283546/* /home-nas/pobleyef/Poison-NOF/ncwo1/P30-5/GNOFm/arina.283546
