c
/software/eb2024/easybuild/software/common/software/Julia/1.11.3-linux-x86_64/bin/julia
Job runing on nagpu01
Choosing scratch ...
Automatic scratch folder selection
/scratch/pobleyef/204623
/scratch/pobleyef/204623 directory
cp c.jl c.jld2 to  /scratch/pobleyef/204623/.
Computing Integrals
Elapsed time:    3.51 Seconds

Number of basis functions                   (NBF)    = 30
Number of auxiliary basis functions         (NBFAUX) = 79
Inactive Doubly occupied orbitals up to     (NO1)    = 0
No. considered Strongly Doubly occupied MOs (NDOC)   = 2
No. considered Strongly Singly occupied MOs (NSOC)   = 2
NO. of Weakly occ. per St. Doubly occ.  MOs (NCWO)   = 13
Dimension of the Nat. Orb. subspace         (NBF5)   = 30
No. of electrons                                     = 6
    No. of alpha electrons                           = 4
    No. of beta electrons                            = 2
Multiplicity                                         = 3

Geometry
========
 C       0.0000000       0.0000000       0.0000000

No violations of the orthonormality
No violations of the orthonormality
 
PNOF9/ADABelief Calculation
==================
 
  Nitext  Nit_orb  Time   Nit_occ  Time         Eelec          Etot           Ediff      maxdiff    MaxGrad_orb  Grad_occ
     1      10    1.6e+01    0    2.0e+01   -37.79069316   -37.79069316 -10036.79069316   0.000292   1.2e-03   6.2e-05 0.04
 
RESULTS OF THE OCCUPATION OPTIMIZATION
========================================
   1    1.9998794  -11.31953014
   2    1.9479642  -0.73116488
   3    1.0000000  -0.22922262
   4    1.0000000  -0.22918316
   5    0.0333597  -0.02399654
   6    0.0000689  -0.00072606
   7    0.0056925  -0.00882263
   8    0.0000095  -0.00010940
   9    0.0029161  -0.00373578
  10    0.0000066  -0.00007480
  11    0.0028683  -0.00371808
  12    0.0000064  -0.00007385
  13    0.0019338  -0.00268634
  14    0.0000048  -0.00006506
  15    0.0019249  -0.00267310
  16    0.0000042  -0.00005703
  17    0.0008727  -0.00120527
  18    0.0000034  -0.00004930
  19    0.0008214  -0.00117709
  20    0.0000031  -0.00004445
  21    0.0006726  -0.00111847
  22    0.0000030  -0.00004062
  23    0.0003991  -0.00077321
  24    0.0000028  -0.00003845
  25    0.0002325  -0.00035703
  26    0.0000027  -0.00003669
  27    0.0002092  -0.00034022
  28    0.0000027  -0.00003238
  29    0.0001330  -0.00028425
  30    0.0000024  -0.00000978
 
----------------
 Final Energies 
----------------
Final NOF Total Energy =     -37.7906932
 
Total Orbital Internal Iterations = 10
Total Occupation Internal Iterations = 0
 
Elapsed time:   47.22 Seconds

---------------------------------
   Lowdin Population Analysis    
---------------------------------
 Idx  Atom   Population   Charge 
---------------------------------
  1     C     6.000       0.000

---------------------------------
   M Diagnostic: 0.04
---------------------------------

Recovering execution output...
Moving from /scratch/pobleyef/204623 to /home-nas/pobleyef/Poison-NOF/ncwomax/P30-5/GNOFmodulated20/arina.204623
mkdir -p /home-nas/pobleyef/Poison-NOF/ncwomax/P30-5/GNOFmodulated20/arina.204623
mv /scratch/pobleyef/204623/* /home-nas/pobleyef/Poison-NOF/ncwomax/P30-5/GNOFmodulated20/arina.204623
