G2RC_10_66
/software/eb2024/easybuild/software/common/software/Julia/1.11.3-linux-x86_64/bin/julia
Job runing on na05
Choosing scratch ...
Automatic scratch folder selection
/scratch/pobleyef/204809
/scratch/pobleyef/204809 directory
cp G2RC_10_66.jl G2RC_10_66.jld2 to  /scratch/pobleyef/204809/.
Computing Integrals
Elapsed time:   15.35 Seconds

Number of basis functions                   (NBF)    = 154
Number of auxiliary basis functions         (NBFAUX) = 437
Inactive Doubly occupied orbitals up to     (NO1)    = 0
No. considered Strongly Doubly occupied MOs (NDOC)   = 25
No. considered Strongly Singly occupied MOs (NSOC)   = 0
NO. of Weakly occ. per St. Doubly occ.  MOs (NCWO)   = 5
Dimension of the Nat. Orb. subspace         (NBF5)   = 150
No. of electrons                                     = 50
    No. of alpha electrons                           = 25
    No. of beta electrons                            = 25
Multiplicity                                         = 1

Geometry
========
Si       0.0000000       0.0000000       0.0000000
 F       0.9102019      -0.9102019       0.9102019
 F      -0.9102019       0.9102019       0.9102019
 F      -0.9102019      -0.9102019      -0.9102019
 F       0.9102019       0.9102019      -0.9102019

No violations of the orthonormality
No violations of the orthonormality
 
PNOF9/ADABelief Calculation
==================
 
  Nitext  Nit_orb  Time   Nit_occ  Time         Eelec          Etot           Ediff      maxdiff    MaxGrad_orb  Grad_occ
     1      10    3.8e+01   70    2.1e+01  -957.00301590  -687.93216631 -10956.00301590   0.192944   7.7e-01   2.1e-04 0.02
     2      10    2.0e+01   21    4.0e-01  -957.30622246  -688.23537288    -0.30320656   0.112721   4.5e-01   3.0e-04 0.02
     3      10    1.9e+01   22    4.0e-01  -957.35869870  -688.28784911    -0.05247623   0.107368   4.3e-01   2.9e-04 0.02
     4      10    1.9e+01   13    3.0e-01  -957.37335338  -688.30250379    -0.01465468   0.084824   3.4e-01   2.5e-04 0.02
     5      10    1.9e+01   10    2.3e-01  -957.37857577  -688.30772618    -0.00522239   0.103864   4.2e-01   2.2e-04 0.02
     6      10    1.9e+01   11    2.4e-01  -957.38208116  -688.31123158    -0.00350539   0.079150   3.2e-01   2.4e-04 0.02
     7      10    1.9e+01   14    2.8e-01  -957.38518017  -688.31433059    -0.00309901   0.080240   3.2e-01   1.6e-04 0.02
     8      10    2.0e+01   12    2.9e-01  -957.39043509  -688.31958550    -0.00525491   0.088981   3.6e-01   2.4e-04 0.02
     9      10    1.9e+01    0    6.6e-02  -957.39160653  -688.32075695    -0.00117144   0.088981   3.6e-01   2.4e-04 0.02
    10      30    5.8e+01   11    2.8e-01  -957.43365739  -688.36280781    -0.04205086   0.001417   5.7e-03   1.8e-04 0.02
    11      30    6.0e+01   11    2.6e-01  -957.43595029  -688.36510070    -0.00229290   0.001166   4.7e-03   1.6e-04 0.02
    12      29    5.5e+01    8    2.1e-01  -957.43707985  -688.36623026    -0.00112956   0.000530   2.1e-03   2.1e-04 0.02
 
RESULTS OF THE OCCUPATION OPTIMIZATION
========================================
   1    1.9999995  -68.95920576
   2    1.9999714  -26.37550582
   3    1.9999728  -26.37550486
   4    1.9999721  -26.37548561
   5    1.9999686  -26.37547520
   6    1.9996267  -6.27477813
   7    1.9993964  -4.38735602
   8    1.9992608  -4.38701631
   9    1.9984303  -4.38673728
  10    1.9885843  -1.61317095
  11    1.9874397  -1.61027636
  12    1.9887820  -1.60605016
  13    1.9877069  -1.60231576
  14    1.9772300  -0.89632155
  15    1.9770992  -0.89151132
  16    1.9765261  -0.88190974
  17    1.9766242  -0.88000698
  18    1.9816050  -0.75152991
  19    1.9796062  -0.75076237
  20    1.9798493  -0.75072887
  21    1.9796728  -0.75070399
  22    1.9797236  -0.75062253
  23    1.9797696  -0.75056384
  24    1.9799006  -0.75049316
  25    1.9798734  -0.75037937
  26    0.0114655  -0.02141531
  27    0.0105879  -0.02068667
  28    0.0109920  -0.02101500
  29    0.0113001  -0.02126370
  30    0.0113430  -0.02137038
  31    0.0106872  -0.02078077
  32    0.0115598  -0.02149215
  33    0.0124771  -0.02237761
  34    0.0197283  -0.03993787
  35    0.0197905  -0.04009024
  36    0.0216541  -0.04234101
  37    0.0214526  -0.04212452
  38    0.0065480  -0.02147312
  39    0.0070611  -0.02185645
  40    0.0064239  -0.02139801
  41    0.0068026  -0.02157508
  42    0.0012086  -0.00730743
  43    0.0003586  -0.00297693
  44    0.0002275  -0.00164592
  45    0.0000894  -0.00082756
  46    0.0000162  -0.00038626
  47    0.0000168  -0.00039330
  48    0.0000173  -0.00040195
  49    0.0000162  -0.00038517
  50    0.0000001  -0.00000552
  51    0.0042419  -0.00999511
  52    0.0040784  -0.00974906
  53    0.0040727  -0.00979821
  54    0.0041457  -0.00982792
  55    0.0041537  -0.00978643
  56    0.0041124  -0.00993666
  57    0.0042443  -0.00999004
  58    0.0044214  -0.00982886
  59    0.0027394  -0.00811805
  60    0.0027398  -0.00810001
  61    0.0004991  -0.00205502
  62    0.0006129  -0.00215224
  63    0.0028434  -0.00890337
  64    0.0029533  -0.00904068
  65    0.0028690  -0.00944019
  66    0.0029426  -0.00933342
  67    0.0000929  -0.00078857
  68    0.0000987  -0.00081457
  69    0.0000954  -0.00079038
  70    0.0000718  -0.00071267
  71    0.0000070  -0.00016673
  72    0.0000053  -0.00013499
  73    0.0000051  -0.00013063
  74    0.0000068  -0.00017033
  75    0.0000001  -0.00000494
  76    0.0039698  -0.00948333
  77    0.0039840  -0.00945291
  78    0.0040665  -0.00964378
  79    0.0040894  -0.00962058
  80    0.0040048  -0.00943367
  81    0.0040104  -0.00945723
  82    0.0041734  -0.00961930
  83    0.0008993  -0.00275480
  84    0.0004590  -0.00192670
  85    0.0005624  -0.00204348
  86    0.0002819  -0.00116065
  87    0.0003037  -0.00122447
  88    0.0024669  -0.00865830
  89    0.0007639  -0.00389322
  90    0.0028281  -0.00916011
  91    0.0007034  -0.00396825
  92    0.0000906  -0.00076741
  93    0.0000944  -0.00077760
  94    0.0000942  -0.00078324
  95    0.0000711  -0.00070054
  96    0.0000053  -0.00013524
  97    0.0000028  -0.00005589
  98    0.0000021  -0.00005069
  99    0.0000030  -0.00006036
 100    0.0000001  -0.00000301
 101    0.0002368  -0.00102458
 102    0.0007590  -0.00292941
 103    0.0008540  -0.00271520
 104    0.0005285  -0.00206154
 105    0.0006081  -0.00221348
 106    0.0008393  -0.00275199
 107    0.0002082  -0.00093736
 108    0.0003737  -0.00131081
 109    0.0002469  -0.00109206
 110    0.0002062  -0.00096973
 111    0.0002629  -0.00113314
 112    0.0002140  -0.00101027
 113    0.0002252  -0.00110669
 114    0.0002292  -0.00112205
 115    0.0002256  -0.00111021
 116    0.0006973  -0.00262249
 117    0.0000890  -0.00075887
 118    0.0000939  -0.00077738
 119    0.0000936  -0.00077829
 120    0.0000705  -0.00070272
 121    0.0000015  -0.00003546
 122    0.0000016  -0.00004329
 123    0.0000014  -0.00003206
 124    0.0000014  -0.00003344
 125    0.0000001  -0.00000289
 126    0.0002126  -0.00095175
 127    0.0006901  -0.00280946
 128    0.0002452  -0.00106156
 129    0.0002128  -0.00095273
 130    0.0002176  -0.00096016
 131    0.0005015  -0.00203078
 132    0.0002081  -0.00093580
 133    0.0002235  -0.00097659
 134    0.0002021  -0.00097306
 135    0.0001750  -0.00084975
 136    0.0002028  -0.00096386
 137    0.0001868  -0.00089607
 138    0.0002097  -0.00104136
 139    0.0002105  -0.00104942
 140    0.0002137  -0.00106735
 141    0.0002697  -0.00122586
 142    0.0000885  -0.00075646
 143    0.0000936  -0.00077005
 144    0.0000930  -0.00077647
 145    0.0000705  -0.00069626
 146    0.0000013  -0.00003110
 147    0.0000014  -0.00003488
 148    0.0000013  -0.00003069
 149    0.0000012  -0.00002890
 150    0.0000001  -0.00000284
 
----------------
 Final Energies 
----------------
Final NOF Total Energy =    -688.3662303
 
Total Orbital Internal Iterations = 179
Total Occupation Internal Iterations = 203
 
Elapsed time:  402.51 Seconds

---------------------------------
   Lowdin Population Analysis    
---------------------------------
 Idx  Atom   Population   Charge 
---------------------------------
  1    Si    13.580       0.420
  2     F     9.105      -0.105
  3     F     9.105      -0.105
  4     F     9.105      -0.105
  5     F     9.105      -0.105

---------------------------------
   M Diagnostic: 0.02
---------------------------------

Recovering execution output...
Moving from /scratch/pobleyef/204809 to /home-nas/pobleyef/Poison-NOF/ncwomax/P30-5/GNOFmodulated20/arina.204809
mkdir -p /home-nas/pobleyef/Poison-NOF/ncwomax/P30-5/GNOFmodulated20/arina.204809
mv /scratch/pobleyef/204809/* /home-nas/pobleyef/Poison-NOF/ncwomax/P30-5/GNOFmodulated20/arina.204809
