G2RC_20_34
/software/eb2024/easybuild/software/common/software/Julia/1.11.3-linux-x86_64/bin/julia
Job runing on nagpu01
Choosing scratch ...
Automatic scratch folder selection
/scratch/pobleyef/204813
/scratch/pobleyef/204813 directory
cp G2RC_20_34.jl G2RC_20_34.jld2 to  /scratch/pobleyef/204813/.
Computing Integrals
Elapsed time:    3.74 Seconds

Number of basis functions                   (NBF)    = 60
Number of auxiliary basis functions         (NBFAUX) = 158
Inactive Doubly occupied orbitals up to     (NO1)    = 0
No. considered Strongly Doubly occupied MOs (NDOC)   = 7
No. considered Strongly Singly occupied MOs (NSOC)   = 0
NO. of Weakly occ. per St. Doubly occ.  MOs (NCWO)   = 7
Dimension of the Nat. Orb. subspace         (NBF5)   = 56
No. of electrons                                     = 14
    No. of alpha electrons                           = 7
    No. of beta electrons                            = 7
Multiplicity                                         = 1

Geometry
========
 N       0.0000000       0.0000000      -0.5454291
 N       0.0000000       0.0000000       0.5454291

No violations of the orthonormality
No violations of the orthonormality
 
PNOF9/ADABelief Calculation
==================
 
  Nitext  Nit_orb  Time   Nit_occ  Time         Eelec          Etot           Ediff      maxdiff    MaxGrad_orb  Grad_occ
     1      10    1.7e+01   40    2.1e+01  -133.01264488  -109.24270967 -10132.01264488   0.031013   1.2e-01   1.7e-04 0.04
     2      10    5.7e-02   13    1.7e-02  -133.12814449  -109.35820929    -0.11549961   0.024641   9.9e-02   2.1e-04 0.04
     3      10    3.6e-02   16    1.9e-02  -133.13336951  -109.36343431    -0.00522502   0.022932   9.2e-02   2.3e-04 0.04
     4      10    3.2e-02   21    2.7e-02  -133.13502300  -109.36508780    -0.00165349   0.034344   1.4e-01   1.8e-04 0.03
     5      10    3.6e-02    7    8.6e-03  -133.13637030  -109.36643509    -0.00134729   0.020402   8.2e-02   2.2e-04 0.03
     6      10    3.8e-02    8    1.1e-02  -133.13674781  -109.36681260    -0.00037751   0.021556   8.6e-02   1.8e-04 0.03
     7      10    3.5e-02    4    6.4e-03  -133.13723507  -109.36729986    -0.00048726   0.025194   1.0e-01   1.7e-04 0.03
     8      10    3.2e-02    4    7.0e-03  -133.13728950  -109.36735429    -0.00005443   0.027520   1.1e-01   1.5e-04 0.03
     9      10    3.3e-02    0    1.9e-03  -133.13730098  -109.36736577    -0.00001148   0.027520   1.1e-01   1.5e-04 0.03
    10      23    6.3e-02    6    7.7e-03  -133.14079033  -109.37085512    -0.00348935   0.000416   1.7e-03   1.6e-04 0.03
 
RESULTS OF THE OCCUPATION OPTIMIZATION
========================================
   1    1.9999404  -15.67834027
   2    1.9999438  -15.67499160
   3    1.9860374  -1.14097997
   4    1.9842745  -1.00266122
   5    1.9750196  -0.80034720
   6    1.9652599  -0.64328769
   7    1.9646165  -0.64268890
   8    0.0320414  -0.04435474
   9    0.0338472  -0.04579073
  10    0.0147183  -0.02881241
  11    0.0065692  -0.01530674
  12    0.0064445  -0.01558685
  13    0.0000156  -0.00021699
  14    0.0000178  -0.00025266
  15    0.0025781  -0.00501957
  16    0.0002020  -0.00062385
  17    0.0037637  -0.00836555
  18    0.0029049  -0.00613535
  19    0.0025902  -0.00551862
  20    0.0000113  -0.00016942
  21    0.0000113  -0.00017310
  22    0.0001938  -0.00062079
  23    0.0001734  -0.00043388
  24    0.0027713  -0.00653422
  25    0.0027256  -0.00565963
  26    0.0015165  -0.00385011
  27    0.0000111  -0.00016984
  28    0.0000099  -0.00014730
  29    0.0001873  -0.00060012
  30    0.0001466  -0.00043754
  31    0.0027068  -0.00641261
  32    0.0012126  -0.00416256
  33    0.0012784  -0.00364685
  34    0.0000097  -0.00014561
  35    0.0000072  -0.00011979
  36    0.0001612  -0.00041888
  37    0.0001372  -0.00042647
  38    0.0004386  -0.00140091
  39    0.0010623  -0.00268511
  40    0.0012619  -0.00366151
  41    0.0000037  -0.00006501
  42    0.0000054  -0.00010192
  43    0.0001166  -0.00038682
  44    0.0001259  -0.00044100
  45    0.0002929  -0.00086297
  46    0.0007984  -0.00200422
  47    0.0004501  -0.00153363
  48    0.0000025  -0.00005263
  49    0.0000050  -0.00009724
  50    0.0001049  -0.00032568
  51    0.0001078  -0.00037925
  52    0.0002888  -0.00085697
  53    0.0004525  -0.00139686
  54    0.0004209  -0.00266783
  55    0.0000023  -0.00004904
  56    0.0000030  -0.00005653
 
----------------
 Final Energies 
----------------
Final NOF Total Energy =    -109.3708551
 
Total Orbital Internal Iterations = 113
Total Occupation Internal Iterations = 119
 
Elapsed time:   49.78 Seconds

---------------------------------
   Lowdin Population Analysis    
---------------------------------
 Idx  Atom   Population   Charge 
---------------------------------
  1     N     6.999       0.001
  2     N     7.001      -0.001

---------------------------------
   M Diagnostic: 0.03
---------------------------------

Recovering execution output...
Moving from /scratch/pobleyef/204813 to /home-nas/pobleyef/Poison-NOF/ncwomax/P30-5/GNOFmodulated20/arina.204813
mkdir -p /home-nas/pobleyef/Poison-NOF/ncwomax/P30-5/GNOFmodulated20/arina.204813
mv /scratch/pobleyef/204813/* /home-nas/pobleyef/Poison-NOF/ncwomax/P30-5/GNOFmodulated20/arina.204813
