n
/software/eb2024/easybuild/software/common/software/Julia/1.11.3-linux-x86_64/bin/julia
Job runing on na03
Choosing scratch ...
Automatic scratch folder selection
/scratch/pobleyef/204639
/scratch/pobleyef/204639 directory
cp n.jl n.jld2 to  /scratch/pobleyef/204639/.
Computing Integrals
Elapsed time:    4.19 Seconds

Number of basis functions                   (NBF)    = 30
Number of auxiliary basis functions         (NBFAUX) = 79
Inactive Doubly occupied orbitals up to     (NO1)    = 0
No. considered Strongly Doubly occupied MOs (NDOC)   = 2
No. considered Strongly Singly occupied MOs (NSOC)   = 3
NO. of Weakly occ. per St. Doubly occ.  MOs (NCWO)   = 12
Dimension of the Nat. Orb. subspace         (NBF5)   = 29
No. of electrons                                     = 7
    No. of alpha electrons                           = 5
    No. of beta electrons                            = 2
Multiplicity                                         = 4

Geometry
========
 N       0.0000000       0.0000000       0.0000000

No violations of the orthonormality
No violations of the orthonormality
 
PNOF9/ADABelief Calculation
==================
 
  Nitext  Nit_orb  Time   Nit_occ  Time         Eelec          Etot           Ediff      maxdiff    MaxGrad_orb  Grad_occ
     1      10    1.7e+01    0    2.0e+01   -54.51629026   -54.51629026 -10053.51629026   0.000437   1.7e-03   1.1e-04 0.02
 
RESULTS OF THE OCCUPATION OPTIMIZATION
========================================
   1    1.9998964  -15.64182028
   2    1.9671780  -0.97674406
   3    1.0000000  -0.29951312
   4    1.0000000  -0.29943698
   5    1.0000000  -0.29943131
   6    0.0087977  -0.01402690
   7    0.0000129  -0.00016478
   8    0.0041425  -0.00565239
   9    0.0000113  -0.00015310
  10    0.0040714  -0.00563596
  11    0.0000104  -0.00014753
  12    0.0038352  -0.00558033
  13    0.0000092  -0.00013978
  14    0.0021665  -0.00324370
  15    0.0000089  -0.00013775
  16    0.0021408  -0.00323064
  17    0.0000083  -0.00013326
  18    0.0021325  -0.00322414
  19    0.0000078  -0.00012786
  20    0.0021311  -0.00322100
  21    0.0000077  -0.00012696
  22    0.0020601  -0.00319362
  23    0.0000073  -0.00011370
  24    0.0007383  -0.00210980
  25    0.0000069  -0.00011165
  26    0.0003320  -0.00059641
  27    0.0000065  -0.00010610
  28    0.0002738  -0.00055138
  29    0.0000064  -0.00010525
 
----------------
 Final Energies 
----------------
Final NOF Total Energy =     -54.5162903
 
Total Orbital Internal Iterations = 10
Total Occupation Internal Iterations = 0
 
Elapsed time:   48.93 Seconds

---------------------------------
   Lowdin Population Analysis    
---------------------------------
 Idx  Atom   Population   Charge 
---------------------------------
  1     N     7.000      -0.000

---------------------------------
   M Diagnostic: 0.02
---------------------------------

Recovering execution output...
Moving from /scratch/pobleyef/204639 to /home-nas/pobleyef/Poison-NOF/ncwomax/P30-5/GNOFmodulated20/arina.204639
mkdir -p /home-nas/pobleyef/Poison-NOF/ncwomax/P30-5/GNOFmodulated20/arina.204639
mv /scratch/pobleyef/204639/* /home-nas/pobleyef/Poison-NOF/ncwomax/P30-5/GNOFmodulated20/arina.204639
