si
/software/eb2024/easybuild/software/common/software/Julia/1.11.3-linux-x86_64/bin/julia
Job runing on na20
Choosing scratch ...
Automatic scratch folder selection
/scratch/pobleyef/204649
/scratch/pobleyef/204649 directory
cp si.jl si.jld2 to  /scratch/pobleyef/204649/.
Computing Integrals
Elapsed time:    3.57 Seconds

Number of basis functions                   (NBF)    = 34
Number of auxiliary basis functions         (NBFAUX) = 121
Inactive Doubly occupied orbitals up to     (NO1)    = 0
No. considered Strongly Doubly occupied MOs (NDOC)   = 6
No. considered Strongly Singly occupied MOs (NSOC)   = 2
NO. of Weakly occ. per St. Doubly occ.  MOs (NCWO)   = 4
Dimension of the Nat. Orb. subspace         (NBF5)   = 32
No. of electrons                                     = 14
    No. of alpha electrons                           = 8
    No. of beta electrons                            = 6
Multiplicity                                         = 3

Geometry
========
Si       0.0000000       0.0000000       0.0000000

No violations of the orthonormality
No violations of the orthonormality
 
PNOF9/ADABelief Calculation
==================
 
  Nitext  Nit_orb  Time   Nit_occ  Time         Eelec          Etot           Ediff      maxdiff    MaxGrad_orb  Grad_occ
     1      10    1.7e+01   20    2.0e+01  -288.95703314  -288.95703314 -10287.95703314   0.072685   2.9e-01   9.9e-05 0.04
     2      10    1.1e-02   15    6.4e-02  -288.96244030  -288.96244030    -0.00540716   0.066409   2.7e-01   1.3e-04 0.04
     3      10    1.3e-02    3    1.8e-03  -288.96368535  -288.96368535    -0.00124505   0.064977   2.6e-01   1.6e-04 0.04
     4      10    7.5e-03    7    6.6e-03  -288.96416346  -288.96416346    -0.00047811   0.067817   2.7e-01   1.5e-04 0.04
     5      10    9.6e-03    3    1.0e-03  -288.96452706  -288.96452706    -0.00036360   0.069214   2.8e-01   1.5e-04 0.04
     6      10    1.0e-02    1    7.6e-04  -288.96457542  -288.96457542    -0.00004836   0.071865   2.9e-01   1.5e-04 0.04
     7      10    9.6e-03    0    3.2e-03  -288.96457620  -288.96457620    -0.00000078   0.071865   2.9e-01   1.5e-04 0.04
     8      22    1.9e-02    0    7.0e-04  -288.96699327  -288.96699327    -0.00241708   0.000247   9.9e-04   1.6e-04 0.04
 
RESULTS OF THE OCCUPATION OPTIMIZATION
========================================
   1    1.9999991  -68.83172328
   2    1.9994110  -6.16353949
   3    1.9978605  -4.26106391
   4    1.9977098  -4.25767526
   5    1.9976051  -4.25736296
   6    1.9567120  -0.55526437
   7    1.0000000  -0.15662882
   8    1.0000000  -0.15612289
   9    0.0318391  -0.02616728
  10    0.0021997  -0.01112366
  11    0.0021944  -0.01111283
  12    0.0019606  -0.00996451
  13    0.0005478  -0.00353855
  14    0.0000003  -0.00001120
  15    0.0046079  -0.00421955
  16    0.0001412  -0.00066587
  17    0.0000518  -0.00019994
  18    0.0001285  -0.00067568
  19    0.0000146  -0.00009247
  20    0.0000002  -0.00000975
  21    0.0045873  -0.00421092
  22    0.0000323  -0.00016099
  23    0.0000249  -0.00013066
  24    0.0000261  -0.00013341
  25    0.0000135  -0.00008415
  26    0.0000002  -0.00000950
  27    0.0022538  -0.00213153
  28    0.0000217  -0.00011208
  29    0.0000192  -0.00009875
  30    0.0000243  -0.00012267
  31    0.0000131  -0.00007702
  32    0.0000002  -0.00000759
 
----------------
 Final Energies 
----------------
Final NOF Total Energy =    -288.9669933
 
Total Orbital Internal Iterations = 92
Total Occupation Internal Iterations = 49
 
Elapsed time:   48.24 Seconds

---------------------------------
   Lowdin Population Analysis    
---------------------------------
 Idx  Atom   Population   Charge 
---------------------------------
  1    Si    14.000       0.000

---------------------------------
   M Diagnostic: 0.04
---------------------------------

Recovering execution output...
Moving from /scratch/pobleyef/204649 to /home-nas/pobleyef/Poison-NOF/ncwomax/P30-5/GNOFmodulated20/arina.204649
mkdir -p /home-nas/pobleyef/Poison-NOF/ncwomax/P30-5/GNOFmodulated20/arina.204649
mv /scratch/pobleyef/204649/* /home-nas/pobleyef/Poison-NOF/ncwomax/P30-5/GNOFmodulated20/arina.204649
