W4-11_113_n2o
/software/eb2024/easybuild/software/common/software/Julia/1.11.3-linux-x86_64/bin/julia
Job runing on na20
Choosing scratch ...
Automatic scratch folder selection
/scratch/pobleyef/204834
/scratch/pobleyef/204834 directory
cp W4-11_113_n2o.jl W4-11_113_n2o.jld2 to  /scratch/pobleyef/204834/.
Computing Integrals
Elapsed time:    8.79 Seconds

Number of basis functions                   (NBF)    = 90
Number of auxiliary basis functions         (NBFAUX) = 237
Inactive Doubly occupied orbitals up to     (NO1)    = 0
No. considered Strongly Doubly occupied MOs (NDOC)   = 11
No. considered Strongly Singly occupied MOs (NSOC)   = 0
NO. of Weakly occ. per St. Doubly occ.  MOs (NCWO)   = 7
Dimension of the Nat. Orb. subspace         (NBF5)   = 88
No. of electrons                                     = 22
    No. of alpha electrons                           = 11
    No. of beta electrons                            = 11
Multiplicity                                         = 1

Geometry
========
 N       0.0000000       0.0000000      -1.2014770
 N       0.0000000       0.0000000      -0.0723770
 O       0.0000000       0.0000000       1.1146230

No violations of the orthonormality
No violations of the orthonormality
 
PNOF9/ADABelief Calculation
==================
 
  Nitext  Nit_orb  Time   Nit_occ  Time         Eelec          Etot           Ediff      maxdiff    MaxGrad_orb  Grad_occ
     1      10    1.7e+01   50    2.1e+01  -244.92624836  -184.20131344 -10243.92624836   0.039164   1.6e-01   2.7e-04 0.04
     2      10    2.2e-01   21    1.3e-01  -245.08872529  -184.36379037    -0.16247693   0.036425   1.5e-01   3.4e-04 0.04
     3      10    1.4e-01   11    4.9e-02  -245.09586847  -184.37093355    -0.00714318   0.036196   1.4e-01   3.1e-04 0.04
     4      10    1.2e-01   32    1.4e-01  -245.09779633  -184.37286141    -0.00192786   0.032963   1.3e-01   1.8e-04 0.04
     5      10    1.3e-01    7    5.7e-02  -245.09887291  -184.37393799    -0.00107658   0.029827   1.2e-01   2.4e-04 0.04
     6      10    1.1e-01    7    2.8e-02  -245.09916921  -184.37423429    -0.00029630   0.031585   1.3e-01   2.5e-04 0.04
     7      10    1.1e-01    0    1.8e-02  -245.09920733  -184.37427241    -0.00003812   0.031585   1.3e-01   2.5e-04 0.04
     8      20    2.9e-01    1    1.2e-02  -245.10780305  -184.38286813    -0.00859572   0.000413   1.7e-03   2.6e-04 0.04
 
RESULTS OF THE OCCUPATION OPTIMIZATION
========================================
   1    1.9999723  -19.26018038
   2    1.9999434  -16.80684826
   3    1.9999317  -16.13466224
   4    1.9830405  -1.46854270
   5    1.9883749  -1.46586558
   6    1.9730024  -0.92436263
   7    1.9814419  -0.75803160
   8    1.9841356  -0.74326660
   9    1.9825966  -0.70974371
  10    1.9634379  -0.59828572
  11    1.9639464  -0.59493556
  12    0.0336387  -0.05217388
  13    0.0319681  -0.05073397
  14    0.0071598  -0.01317295
  15    0.0082612  -0.01622699
  16    0.0071802  -0.01550762
  17    0.0235794  -0.04608474
  18    0.0058524  -0.01574617
  19    0.0118347  -0.02810638
  20    0.0000175  -0.00029729
  21    0.0000159  -0.00024937
  22    0.0000146  -0.00024396
  23    0.0018243  -0.00430903
  24    0.0021111  -0.00459982
  25    0.0045928  -0.00873509
  26    0.0045325  -0.00880188
  27    0.0029372  -0.00620141
  28    0.0020331  -0.00585323
  29    0.0029929  -0.00759706
  30    0.0032015  -0.00957270
  31    0.0000118  -0.00017632
  32    0.0000124  -0.00018472
  33    0.0000088  -0.00015116
  34    0.0001303  -0.00041626
  35    0.0020470  -0.00441695
  36    0.0041261  -0.00804914
  37    0.0012270  -0.00424642
  38    0.0028297  -0.00625951
  39    0.0004149  -0.00143622
  40    0.0017702  -0.00649677
  41    0.0006664  -0.00229232
  42    0.0000113  -0.00016417
  43    0.0000121  -0.00018492
  44    0.0000016  -0.00003190
  45    0.0001297  -0.00042337
  46    0.0001264  -0.00037907
  47    0.0006325  -0.00297108
  48    0.0009359  -0.00271217
  49    0.0023093  -0.00522956
  50    0.0003723  -0.00128560
  51    0.0004051  -0.00150709
  52    0.0004098  -0.00195514
  53    0.0000097  -0.00015145
  54    0.0000107  -0.00016425
  55    0.0000010  -0.00002491
  56    0.0001208  -0.00041083
  57    0.0001257  -0.00042264
  58    0.0004870  -0.00159178
  59    0.0004131  -0.00159530
  60    0.0014716  -0.00439106
  61    0.0002398  -0.00091916
  62    0.0002601  -0.00153861
  63    0.0004008  -0.00155084
  64    0.0000078  -0.00014223
  65    0.0000025  -0.00005507
  66    0.0000006  -0.00001388
  67    0.0001198  -0.00039684
  68    0.0000944  -0.00035712
  69    0.0002160  -0.00089918
  70    0.0002565  -0.00089837
  71    0.0009200  -0.00239493
  72    0.0002397  -0.00092693
  73    0.0001728  -0.00071530
  74    0.0003121  -0.00115569
  75    0.0000059  -0.00010913
  76    0.0000019  -0.00004821
  77    0.0000005  -0.00000712
  78    0.0000900  -0.00031617
  79    0.0000895  -0.00034086
  80    0.0001892  -0.00066679
  81    0.0002383  -0.00083505
  82    0.0009101  -0.00231105
  83    0.0001185  -0.00053636
  84    0.0001715  -0.00069175
  85    0.0001342  -0.00056079
  86    0.0000044  -0.00009425
  87    0.0000011  -0.00002639
  88    0.0000005  -0.00000640
 
----------------
 Final Energies 
----------------
Final NOF Total Energy =    -184.3828681
 
Total Orbital Internal Iterations = 90
Total Occupation Internal Iterations = 129
 
Elapsed time:   50.82 Seconds

---------------------------------
   Lowdin Population Analysis    
---------------------------------
 Idx  Atom   Population   Charge 
---------------------------------
  1     N     7.027      -0.027
  2     N     6.852       0.148
  3     O     8.122      -0.122

---------------------------------
   M Diagnostic: 0.04
---------------------------------

Recovering execution output...
Moving from /scratch/pobleyef/204834 to /home-nas/pobleyef/Poison-NOF/ncwomax/P30-5/GNOFmodulated20/arina.204834
mkdir -p /home-nas/pobleyef/Poison-NOF/ncwomax/P30-5/GNOFmodulated20/arina.204834
mv /scratch/pobleyef/204834/* /home-nas/pobleyef/Poison-NOF/ncwomax/P30-5/GNOFmodulated20/arina.204834
