W4-11_109_bn3pi
/software/eb2024/easybuild/software/common/software/Julia/1.11.3-linux-x86_64/bin/julia
Job runing on na14
Choosing scratch ...
Automatic scratch folder selection
/scratch/pobleyef/204833
/scratch/pobleyef/204833 directory
cp W4-11_109_bn3pi.jl W4-11_109_bn3pi.jld2 to  /scratch/pobleyef/204833/.
Computing Integrals
Elapsed time:    3.81 Seconds

Number of basis functions                   (NBF)    = 60
Number of auxiliary basis functions         (NBFAUX) = 158
Inactive Doubly occupied orbitals up to     (NO1)    = 0
No. considered Strongly Doubly occupied MOs (NDOC)   = 5
No. considered Strongly Singly occupied MOs (NSOC)   = 2
NO. of Weakly occ. per St. Doubly occ.  MOs (NCWO)   = 10
Dimension of the Nat. Orb. subspace         (NBF5)   = 57
No. of electrons                                     = 12
    No. of alpha electrons                           = 7
    No. of beta electrons                            = 5
Multiplicity                                         = 3

Geometry
========
 B       0.0000000       0.0000000      -0.7759500
 N       0.0000000       0.0000000       0.5542500

No violations of the orthonormality
No violations of the orthonormality
 
PNOF9/ADABelief Calculation
==================
 
  Nitext  Nit_orb  Time   Nit_occ  Time         Eelec          Etot           Ediff      maxdiff    MaxGrad_orb  Grad_occ
     1      10    1.7e+01   26    2.1e+01   -93.10212076   -79.17852702 -10092.10212076   0.022562   9.0e-02   1.4e-04 0.04
     2      10    5.7e-02   16    1.8e-02   -93.16981237   -79.24621862    -0.06769160   0.020935   8.4e-02   1.9e-04 0.04
     3      10    3.9e-02   22    2.7e-02   -93.17529191   -79.25169816    -0.00547954   0.019197   7.7e-02   1.7e-04 0.04
     4      10    3.3e-02   11    1.5e-02   -93.17857739   -79.25498364    -0.00328548   0.025179   1.0e-01   1.6e-04 0.04
     5      10    3.7e-02    7    1.0e-02   -93.17988781   -79.25629407    -0.00131042   0.021086   8.4e-02   1.9e-04 0.03
     6      10    3.0e-02    7    1.4e-02   -93.18060347   -79.25700972    -0.00071566   0.026327   1.1e-01   1.9e-04 0.03
     7      10    3.4e-02    6    1.0e-02   -93.18094090   -79.25734715    -0.00033743   0.021051   8.4e-02   2.1e-04 0.03
     8      10    3.5e-02    6    8.8e-03   -93.18109034   -79.25749659    -0.00014944   0.023143   9.3e-02   1.7e-04 0.03
     9      10    3.4e-02    2    3.4e-03   -93.18125924   -79.25766550    -0.00016891   0.022106   8.8e-02   1.4e-04 0.03
    10      10    3.6e-02    0    2.6e-03   -93.18126301   -79.25766926    -0.00000377   0.022106   8.8e-02   1.4e-04 0.03
    11      18    5.8e-02    1    5.9e-03   -93.18349143   -79.25989768    -0.00222842   0.000407   1.6e-03   1.8e-04 0.03
 
RESULTS OF THE OCCUPATION OPTIMIZATION
========================================
   1    1.9999778  -15.60926114
   2    1.9998878  -7.69412602
   3    1.9797246  -1.09987206
   4    1.9696118  -0.57156650
   5    1.9596555  -0.46058458
   6    1.0000000  -0.26985148
   7    1.0000000  -0.26115871
   8    0.0290856  -0.02997711
   9    0.0141594  -0.01612310
  10    0.0114536  -0.02154498
  11    0.0000507  -0.00039826
  12    0.0000129  -0.00014139
  13    0.0038887  -0.00561556
  14    0.0088358  -0.01429845
  15    0.0020281  -0.00442416
  16    0.0000204  -0.00017771
  17    0.0000033  -0.00005313
  18    0.0026643  -0.00395724
  19    0.0041141  -0.00697821
  20    0.0019692  -0.00541732
  21    0.0000152  -0.00013713
  22    0.0000023  -0.00003426
  23    0.0024246  -0.00360087
  24    0.0011210  -0.00214141
  25    0.0018670  -0.00420826
  26    0.0000111  -0.00008603
  27    0.0000019  -0.00002925
  28    0.0015861  -0.00255208
  29    0.0008641  -0.00168578
  30    0.0009691  -0.00369509
  31    0.0000032  -0.00004133
  32    0.0000004  -0.00000784
  33    0.0001839  -0.00042460
  34    0.0003630  -0.00079712
  35    0.0006294  -0.00154898
  36    0.0000027  -0.00003316
  37    0.0000004  -0.00000660
  38    0.0001472  -0.00035656
  39    0.0003195  -0.00080007
  40    0.0006215  -0.00200852
  41    0.0000026  -0.00003220
  42    0.0000003  -0.00000614
  43    0.0001259  -0.00033654
  44    0.0002268  -0.00052685
  45    0.0003308  -0.00081576
  46    0.0000023  -0.00002831
  47    0.0000003  -0.00000536
  48    0.0001244  -0.00033177
  49    0.0002106  -0.00052521
  50    0.0002357  -0.00061472
  51    0.0000021  -0.00002638
  52    0.0000003  -0.00000361
  53    0.0001138  -0.00032052
  54    0.0001739  -0.00052975
  55    0.0001709  -0.00054567
  56    0.0000018  -0.00002542
  57    0.0000002  -0.00000366
 
----------------
 Final Energies 
----------------
Final NOF Total Energy =     -79.2598977
 
Total Orbital Internal Iterations = 118
Total Occupation Internal Iterations = 104
 
Elapsed time:   50.96 Seconds

---------------------------------
   Lowdin Population Analysis    
---------------------------------
 Idx  Atom   Population   Charge 
---------------------------------
  1     B     5.009      -0.009
  2     N     6.991       0.009

---------------------------------
   M Diagnostic: 0.03
---------------------------------

Recovering execution output...
Moving from /scratch/pobleyef/204833 to /home-nas/pobleyef/Poison-NOF/ncwomax/P30-5/GNOFmodulated20/arina.204833
mkdir -p /home-nas/pobleyef/Poison-NOF/ncwomax/P30-5/GNOFmodulated20/arina.204833
mv /scratch/pobleyef/204833/* /home-nas/pobleyef/Poison-NOF/ncwomax/P30-5/GNOFmodulated20/arina.204833
