al
/software/eb2024/easybuild/software/common/software/Julia/1.11.3-linux-x86_64/bin/julia
Job runing on nh044
Choosing scratch ...
Automatic scratch folder selection
/scratch/pobleyef/168573
/scratch/pobleyef/168573 directory
cp al.jl al.jld2 to  /scratch/pobleyef/168573/.
Computing Integrals
Elapsed time:    5.98 Seconds

Number of basis functions                   (NBF)    = 70
Number of auxiliary basis functions         (NBFAUX) = 128
Inactive Doubly occupied orbitals up to     (NO1)    = 0
No. considered Strongly Doubly occupied MOs (NDOC)   = 6
No. considered Strongly Singly occupied MOs (NSOC)   = 1
NO. of Weakly occ. per St. Doubly occ.  MOs (NCWO)   = 10
Dimension of the Nat. Orb. subspace         (NBF5)   = 67
No. of electrons                                     = 13
    No. of alpha electrons                           = 7
    No. of beta electrons                            = 6
Multiplicity                                         = 2

Geometry
========
Al       0.0000000       0.0000000       0.0000000

No violations of the orthonormality
No violations of the orthonormality
 
PNOF9/ADABelief Calculation
==================
 
  Nitext  Nit_orb  Time   Nit_occ  Time         Eelec          Etot           Ediff      maxdiff    MaxGrad_orb  Grad_occ
     1      10    2.8e+01   46    3.3e+01  -241.84455927  -241.84455927 -10240.84455927   0.001705   6.8e-03   2.4e-04 0.01
     2      20    1.5e-01   49    1.9e-01  -242.08954657  -242.08954657    -0.24498729   0.177008   7.1e-01   1.7e-04 0.01
     3      20    1.3e-01   15    5.6e-02  -242.10354144  -242.10354144    -0.01399488   0.015942   6.4e-02   1.8e-04 0.01
     4      20    2.1e-01    7    2.8e-02  -242.10586071  -242.10586071    -0.00231927   0.019981   8.0e-02   2.1e-04 0.01
     5      20    1.5e-01   13    4.7e-02  -242.10674658  -242.10674658    -0.00088587   0.026889   1.1e-01   2.0e-04 0.01
     6      20    1.4e-01    4    2.1e-02  -242.10791036  -242.10791036    -0.00116378   0.021148   8.5e-02   1.8e-04 0.01
     7      20    1.3e-01   13    4.7e-02  -242.10860744  -242.10860744    -0.00069708   0.013416   5.4e-02   1.0e-04 0.01
     8      20    1.4e-01    0    1.1e-02  -242.10870769  -242.10870769    -0.00010025   0.013416   5.4e-02   1.0e-04 0.01
     9      40    2.2e-01    5    2.4e-02  -242.10991134  -242.10991134    -0.00120364   0.003763   1.5e-02   1.6e-04 0.01
    10      40    2.4e-01    1    1.5e-02  -242.11009148  -242.11009148    -0.00018015   0.002448   9.8e-03   2.4e-04 0.01
    11      40    2.7e-01    5    2.0e-02  -242.11022598  -242.11022598    -0.00013450   0.003592   1.4e-02   2.1e-04 0.01
    12      40    2.5e-01    5    2.0e-02  -242.11037950  -242.11037950    -0.00015353   0.003230   1.3e-02   2.3e-04 0.01
    13      40    2.3e-01   10    4.3e-02  -242.11055063  -242.11055063    -0.00017113   0.003234   1.3e-02   1.7e-04 0.01
    14      40    2.8e-01    4    2.1e-02  -242.11075872  -242.11075872    -0.00020809   0.003228   1.3e-02   1.4e-04 0.01
    15      40    2.3e-01    4    2.2e-02  -242.11093502  -242.11093502    -0.00017630   0.003099   1.2e-02   2.1e-04 0.01
    16      40    2.4e-01   13    4.7e-02  -242.11109635  -242.11109635    -0.00016133   0.002384   9.5e-03   1.3e-04 0.01
    17      40    2.3e-01    4    2.3e-02  -242.11126207  -242.11126207    -0.00016571   0.003270   1.3e-02   1.6e-04 0.01
    18      40    2.2e-01    1    8.3e-03  -242.11135247  -242.11135247    -0.00009040   0.002287   9.1e-03   1.6e-04 0.01
    19      40    2.6e-01    7    3.1e-02  -242.11140847  -242.11140847    -0.00005600   0.002462   9.8e-03   1.9e-04 0.01
    20      40    2.7e-01    1    1.5e-02  -242.11150640  -242.11150640    -0.00009792   0.002312   9.2e-03   2.1e-04 0.01
    21      40    2.8e-01    0    5.8e-03  -242.11155810  -242.11155810    -0.00005170   0.002394   9.6e-03   2.1e-04 0.01
    22      50    3.1e-01    6    2.3e-02  -242.11161152  -242.11161152    -0.00005342   0.001511   6.0e-03   2.0e-04 0.01
    23      50    2.9e-01    2    1.8e-02  -242.11172783  -242.11172783    -0.00011631   0.001967   7.9e-03   1.6e-04 0.01
    24      50    3.3e-01    4    1.9e-02  -242.11176091  -242.11176091    -0.00003309   0.002211   8.8e-03   2.1e-04 0.01
    25      50    3.1e-01    2    1.8e-02  -242.11179673  -242.11179673    -0.00003582   0.002508   1.0e-02   1.9e-04 0.01
    26      50    3.1e-01    0    1.2e-02  -242.11181051  -242.11181051    -0.00001378   0.002486   9.9e-03   1.8e-04 0.01
    27      60    3.6e-01    0    6.6e-03  -242.11182425  -242.11182425    -0.00001374   0.001949   7.8e-03   1.8e-04 0.01
    28      70    4.4e-01    0    1.9e-02  -242.11183271  -242.11183271    -0.00000847   0.001592   6.4e-03   1.9e-04 0.01
    29      80    4.3e-01    0    6.3e-03  -242.11183528  -242.11183528    -0.00000256   0.001286   5.1e-03   1.9e-04 0.01
    30      90    5.0e-01   10    5.4e-02  -242.11184076  -242.11184076    -0.00000548   0.001040   4.2e-03   1.0e-04 0.01
    31      90    5.1e-01    0    6.4e-03  -242.11189637  -242.11189637    -0.00005560   0.001051   4.2e-03   1.1e-04 0.01
    32     100    8.3e-01    0    8.8e-03  -242.11190586  -242.11190586    -0.00000950   0.000814   3.3e-03   1.3e-04 0.01
 
RESULTS OF THE OCCUPATION OPTIMIZATION
========================================
   1    1.9999972  -58.56327315
   2    1.9973982  -4.92980958
   3    1.9954199  -3.24531738
   4    1.9943401  -3.24436909
   5    1.9948143  -3.24367274
   6    1.9888525  -0.41148239
   7    1.0000000  -0.11079070
   8    0.0065825  -0.01683626
   9    0.0034171  -0.01958020
  10    0.0039605  -0.02165602
  11    0.0035662  -0.02848624
  12    0.0012680  -0.00759224
  13    0.0000026  -0.00010440
  14    0.0018910  -0.00615701
  15    0.0014062  -0.00774589
  16    0.0014072  -0.00772543
  17    0.0007923  -0.00537674
  18    0.0012609  -0.00756716
  19    0.0000000  -0.00000110
  20    0.0008229  -0.00206823
  21    0.0002947  -0.00584012
  22    0.0001958  -0.00121515
  23    0.0000886  -0.00057773
  24    0.0000332  -0.00121713
  25    0.0000000  -0.00000110
  26    0.0004990  -0.00103858
  27    0.0000205  -0.00009997
  28    0.0000280  -0.00012400
  29    0.0000574  -0.00076141
  30    0.0000109  -0.00006135
  31    0.0000000  -0.00000069
  32    0.0004342  -0.00102228
  33    0.0000187  -0.00009517
  34    0.0000253  -0.00011391
  35    0.0000504  -0.00030182
  36    0.0000093  -0.00051827
  37    0.0000000  -0.00000061
  38    0.0004184  -0.00086067
  39    0.0000088  -0.00004336
  40    0.0000196  -0.00009701
  41    0.0000107  -0.00005664
  42    0.0000053  -0.00015048
  43    0.0000000  -0.00000060
  44    0.0001864  -0.00039416
  45    0.0000074  -0.00003995
  46    0.0000131  -0.00007096
  47    0.0000053  -0.00002506
  48    0.0000043  -0.00002097
  49    0.0000000  -0.00000060
  50    0.0001856  -0.00039261
  51    0.0000046  -0.00002344
  52    0.0000040  -0.00001956
  53    0.0000036  -0.00001790
  54    0.0000042  -0.00002674
  55    0.0000000  -0.00000046
  56    0.0000763  -0.00021189
  57    0.0000043  -0.00002045
  58    0.0000034  -0.00001730
  59    0.0000029  -0.00001022
  60    0.0000029  -0.00001344
  61    0.0000000  -0.00000041
  62    0.0000511  -0.00014457
  63    0.0000033  -0.00001468
  64    0.0000031  -0.00001354
  65    0.0000027  -0.00000956
  66    0.0000028  -0.00001245
  67    0.0000000  -0.00000027
 
----------------
 Final Energies 
----------------
Final NOF Total Energy =    -242.1119059
 
Total Orbital Internal Iterations = 1410
Total Occupation Internal Iterations = 231
 
Elapsed time:   89.62 Seconds

---------------------------------
   Lowdin Population Analysis    
---------------------------------
 Idx  Atom   Population   Charge 
---------------------------------
  1    Al    13.000      -0.000

---------------------------------
   M Diagnostic: 0.01
---------------------------------

Recovering execution output...
Moving from /scratch/pobleyef/168573 to /home-nas/pobleyef/Poison-Set/ncwomax/P30-5/GNOFm01/arina.168573
mkdir -p /home-nas/pobleyef/Poison-Set/ncwomax/P30-5/GNOFm01/arina.168573
mv /scratch/pobleyef/168573/* /home-nas/pobleyef/Poison-Set/ncwomax/P30-5/GNOFm01/arina.168573
