b
/software/eb2024/easybuild/software/common/software/Julia/1.11.3-linux-x86_64/bin/julia
Job runing on nh041
Choosing scratch ...
Automatic scratch folder selection
/scratch/pobleyef/168583
/scratch/pobleyef/168583 directory
cp b.jl b.jld2 to  /scratch/pobleyef/168583/.
Computing Integrals
Elapsed time:    5.89 Seconds

Number of basis functions                   (NBF)    = 57
Number of auxiliary basis functions         (NBFAUX) = 75
Inactive Doubly occupied orbitals up to     (NO1)    = 0
No. considered Strongly Doubly occupied MOs (NDOC)   = 2
No. considered Strongly Singly occupied MOs (NSOC)   = 1
NO. of Weakly occ. per St. Doubly occ.  MOs (NCWO)   = 27
Dimension of the Nat. Orb. subspace         (NBF5)   = 57
No. of electrons                                     = 5
    No. of alpha electrons                           = 3
    No. of beta electrons                            = 2
Multiplicity                                         = 2

Geometry
========
 B       0.0000000       0.0000000       0.0000000

No violations of the orthonormality
No violations of the orthonormality
 
PNOF9/ADABelief Calculation
==================
 
  Nitext  Nit_orb  Time   Nit_occ  Time         Eelec          Etot           Ediff      maxdiff    MaxGrad_orb  Grad_occ
     1      10    2.7e+01   55    3.3e+01   -24.53538560   -24.53538560 -10023.53538560   0.004476   5.9e-03   7.6e-05 0.15
     2      20    1.1e-01   22    6.9e-02   -24.60419002   -24.60419002    -0.06880442   0.090211   3.6e-01   1.9e-04 0.14
     3      20    7.0e-02   15    4.9e-02   -24.61359932   -24.61359932    -0.00940930   0.003824   1.5e-02   1.0e-04 0.14
     4      20    6.9e-02   11    3.1e-02   -24.62223583   -24.62223583    -0.00863651   0.007538   3.0e-02   2.2e-04 0.14
     5      20    6.1e-02   16    4.7e-02   -24.62703745   -24.62703745    -0.00480163   0.013492   5.4e-02   1.3e-04 0.15
     6      20    7.4e-02    2    8.1e-03   -24.62840264   -24.62840264    -0.00136518   0.005807   2.3e-02   1.4e-04 0.15
     7      20    6.5e-02    3    1.0e-02   -24.62849011   -24.62849011    -0.00008748   0.008631   3.5e-02   1.2e-04 0.15
     8      20    5.9e-02    0    4.0e-03   -24.62866514   -24.62866514    -0.00017503   0.004924   2.0e-02   1.7e-04 0.15
     9      30    8.6e-02    0    4.0e-03   -24.62889717   -24.62889717    -0.00023203   0.003921   1.6e-02   1.8e-04 0.15
    10      40    1.2e-01    0    3.9e-03   -24.62897603   -24.62897603    -0.00007886   0.002770   1.1e-02   2.0e-04 0.15
    11      50    1.5e-01    3    1.0e-02   -24.62900759   -24.62900759    -0.00003156   0.002482   9.9e-03   1.5e-04 0.15
    12      50    1.4e-01    0    3.9e-03   -24.62902459   -24.62902459    -0.00001699   0.002482   9.9e-03   1.5e-04 0.15
    13      40    1.1e-01    0    8.1e-03   -24.62905484   -24.62905484    -0.00003025   0.000469   1.9e-03   1.1e-04 0.15
 
RESULTS OF THE OCCUPATION OPTIMIZATION
========================================
   1    1.9987642  -7.67621999
   2    1.7975452  -0.50248982
   3    1.0000000  -0.17729078
   4    0.0948599  -0.03112396
   5    0.0008160  -0.00968689
   6    0.0948536  -0.03110917
   7    0.0001280  -0.00108393
   8    0.0046611  -0.00270988
   9    0.0001275  -0.00108203
  10    0.0028945  -0.00207353
  11    0.0000658  -0.00062959
  12    0.0015141  -0.00110265
  13    0.0000227  -0.00026431
  14    0.0014989  -0.00110146
  15    0.0000197  -0.00041741
  16    0.0013463  -0.00092866
  17    0.0000153  -0.00016331
  18    0.0001612  -0.00016653
  19    0.0000070  -0.00004898
  20    0.0001001  -0.00012190
  21    0.0000035  -0.00003628
  22    0.0000957  -0.00012066
  23    0.0000027  -0.00006449
  24    0.0000812  -0.00009168
  25    0.0000024  -0.00002124
  26    0.0000658  -0.00007116
  27    0.0000024  -0.00001902
  28    0.0000589  -0.00006865
  29    0.0000019  -0.00001536
  30    0.0000570  -0.00006741
  31    0.0000019  -0.00001329
  32    0.0000367  -0.00006057
  33    0.0000018  -0.00001263
  34    0.0000250  -0.00002011
  35    0.0000018  -0.00001160
  36    0.0000207  -0.00001660
  37    0.0000018  -0.00001176
  38    0.0000171  -0.00000851
  39    0.0000016  -0.00001016
  40    0.0000159  -0.00002309
  41    0.0000015  -0.00001324
  42    0.0000148  -0.00002348
  43    0.0000015  -0.00001301
  44    0.0000137  -0.00002124
  45    0.0000014  -0.00002144
  46    0.0000132  -0.00002119
  47    0.0000014  -0.00001645
  48    0.0000129  -0.00002109
  49    0.0000013  -0.00000476
  50    0.0000111  -0.00001435
  51    0.0000013  -0.00000351
  52    0.0000099  -0.00001321
  53    0.0000013  -0.00000135
  54    0.0000090  -0.00001360
  55    0.0000012  -0.00000216
  56    0.0000067  -0.00000140
  57    0.0000012  -0.00000170
 
----------------
 Final Energies 
----------------
Final NOF Total Energy =     -24.6290548
 
Total Orbital Internal Iterations = 360
Total Occupation Internal Iterations = 127
 
Elapsed time:   79.33 Seconds

---------------------------------
   Lowdin Population Analysis    
---------------------------------
 Idx  Atom   Population   Charge 
---------------------------------
  1     B     5.000       0.000

---------------------------------
   M Diagnostic: 0.15
---------------------------------

Recovering execution output...
Moving from /scratch/pobleyef/168583 to /home-nas/pobleyef/Poison-Set/ncwomax/P30-5/GNOFm01/arina.168583
mkdir -p /home-nas/pobleyef/Poison-Set/ncwomax/P30-5/GNOFm01/arina.168583
mv /scratch/pobleyef/168583/* /home-nas/pobleyef/Poison-Set/ncwomax/P30-5/GNOFm01/arina.168583
