BH76_1_n2
/software/eb2024/easybuild/software/common/software/Julia/1.11.3-linux-x86_64/bin/julia
Job runing on nh023
Choosing scratch ...
Automatic scratch folder selection
/scratch/pobleyef/168578
/scratch/pobleyef/168578 directory
cp BH76_1_n2.jl BH76_1_n2.jld2 to  /scratch/pobleyef/168578/.
Computing Integrals
Elapsed time:    6.22 Seconds

Number of basis functions                   (NBF)    = 114
Number of auxiliary basis functions         (NBFAUX) = 154
Inactive Doubly occupied orbitals up to     (NO1)    = 0
No. considered Strongly Doubly occupied MOs (NDOC)   = 7
No. considered Strongly Singly occupied MOs (NSOC)   = 0
NO. of Weakly occ. per St. Doubly occ.  MOs (NCWO)   = 15
Dimension of the Nat. Orb. subspace         (NBF5)   = 112
No. of electrons                                     = 14
    No. of alpha electrons                           = 7
    No. of beta electrons                            = 7
Multiplicity                                         = 1

Geometry
========
 N       0.0000000       0.0000000       0.5485557
 N       0.0000000       0.0000000      -0.5485557

No violations of the orthonormality
No violations of the orthonormality
 
PNOF9/ADABelief Calculation
==================
 
  Nitext  Nit_orb  Time   Nit_occ  Time         Eelec          Etot           Ediff      maxdiff    MaxGrad_orb  Grad_occ
     1      10    2.9e+01   67    3.5e+01  -132.68124354  -109.04678927 -10131.68124354   0.003567   1.5e-02   2.3e-04 0.01
     2      20    2.8e+00   22    3.7e-01  -132.92702261  -109.29256834    -0.24577907   0.394007   1.6e+00   2.3e-04 0.01
     3      20    2.7e+00   15    2.6e-01  -132.94167967  -109.30722540    -0.01465706   0.109659   4.4e-01   2.3e-04 0.01
     4      20    2.7e+00   15    2.4e-01  -132.94753509  -109.31308082    -0.00585542   0.031005   1.2e-01   2.1e-04 0.01
     5      20    2.7e+00   14    2.7e-01  -132.94860673  -109.31415246    -0.00107164   0.017249   6.9e-02   1.5e-04 0.01
     6      20    2.5e+00    5    1.8e-01  -132.95018309  -109.31572881    -0.00157636   0.017901   7.2e-02   2.3e-04 0.01
     7      20    2.8e+00    7    2.0e-01  -132.95105490  -109.31660063    -0.00087181   0.015760   6.3e-02   2.3e-04 0.01
     8      20    2.7e+00    3    6.0e-02  -132.95202787  -109.31757360    -0.00097297   0.014888   6.0e-02   1.5e-04 0.01
     9      20    2.7e+00    0    4.4e-02  -132.95204047  -109.31758619    -0.00001260   0.014888   6.0e-02   1.5e-04 0.01
    10      40    5.4e+00    1    8.0e-02  -132.95392923  -109.31947496    -0.00188877   0.002773   1.1e-02   2.0e-04 0.01
    11      40    5.4e+00    5    2.1e-01  -132.95393769  -109.31948342    -0.00000845   0.003289   1.3e-02   2.4e-04 0.01
    12      40    5.5e+00    3    1.2e-01  -132.95401321  -109.31955894    -0.00007552   0.003743   1.5e-02   1.3e-04 0.01
    13      40    5.3e+00    1    5.3e-02  -132.95406948  -109.31961521    -0.00005627   0.002885   1.2e-02   1.5e-04 0.01
    14      40    5.5e+00    0    4.1e-02  -132.95408191  -109.31962764    -0.00001243   0.002780   1.1e-02   2.1e-04 0.01
    15      50    6.9e+00    3    5.1e-02  -132.95414618  -109.31969191    -0.00006427   0.001923   7.7e-03   2.0e-04 0.01
    16      50    6.9e+00    3    1.3e-01  -132.95421131  -109.31975704    -0.00006514   0.002349   9.4e-03   1.5e-04 0.01
    17      50    6.9e+00    3    9.2e-02  -132.95428956  -109.31983529    -0.00007824   0.002442   9.8e-03   1.6e-04 0.01
    18      50    6.8e+00    3    8.0e-02  -132.95438244  -109.31992817    -0.00009288   0.001804   7.2e-03   1.7e-04 0.01
    19      50    6.7e+00    3    7.1e-02  -132.95445777  -109.32000350    -0.00007533   0.002367   9.5e-03   1.7e-04 0.01
    20      50    6.6e+00    3    1.0e-01  -132.95452954  -109.32007527    -0.00007177   0.001802   7.2e-03   1.6e-04 0.01
    21      50    6.7e+00    3    5.2e-02  -132.95458520  -109.32013093    -0.00005566   0.001790   7.2e-03   1.5e-04 0.01
    22      50    6.8e+00    3    1.0e-01  -132.95462580  -109.32017153    -0.00004060   0.001707   6.8e-03   1.5e-04 0.01
    23      50    6.6e+00    0    6.1e-02  -132.95465944  -109.32020517    -0.00003364   0.002231   8.9e-03   1.8e-04 0.01
    24      60    8.0e+00    0    3.2e-02  -132.95469134  -109.32023707    -0.00003190   0.001482   5.9e-03   1.8e-04 0.01
    25      70    9.5e+00    0    2.7e-02  -132.95471049  -109.32025622    -0.00001916   0.001345   5.4e-03   1.9e-04 0.01
    26      80    1.1e+01    3    7.4e-02  -132.95471791  -109.32026363    -0.00000741   0.001108   4.4e-03   1.9e-04 0.01
    27      80    1.0e+01    2    9.3e-02  -132.95472949  -109.32027522    -0.00001159   0.001179   4.7e-03   1.7e-04 0.01
    28      80    1.1e+01    0    3.4e-02  -132.95473233  -109.32027806    -0.00000284   0.001179   4.7e-03   1.7e-04 0.01
    29      52    6.9e+00    0    4.4e-02  -132.95474259  -109.32028832    -0.00001026   0.000493   2.0e-03   1.6e-04 0.01
 
RESULTS OF THE OCCUPATION OPTIMIZATION
========================================
   1    1.9998514  -15.68827851
   2    1.9998647  -15.68519393
   3    1.9923001  -1.10059157
   4    1.9917635  -0.92548264
   5    1.9887218  -0.90753119
   6    1.9861636  -0.63423360
   7    1.9861867  -0.63408824
   8    0.0114325  -0.02737215
   9    0.0115702  -0.02754925
  10    0.0070158  -0.02255476
  11    0.0032885  -0.01372192
  12    0.0031257  -0.01384415
  13    0.0001152  -0.00298391
  14    0.0001308  -0.00342752
  15    0.0013264  -0.00399490
  16    0.0013171  -0.00397320
  17    0.0019121  -0.00668824
  18    0.0015248  -0.00515911
  19    0.0014514  -0.00530967
  20    0.0000058  -0.00021914
  21    0.0000073  -0.00024986
  22    0.0004545  -0.00158649
  23    0.0004752  -0.00161040
  24    0.0015584  -0.00556311
  25    0.0014759  -0.00518470
  26    0.0008736  -0.00342490
  27    0.0000036  -0.00005371
  28    0.0000016  -0.00003028
  29    0.0002293  -0.00087764
  30    0.0001161  -0.00044019
  31    0.0002189  -0.00103102
  32    0.0008197  -0.00361065
  33    0.0008477  -0.00489363
  34    0.0000020  -0.00003492
  35    0.0000014  -0.00002996
  36    0.0001076  -0.00041902
  37    0.0001094  -0.00042654
  38    0.0002154  -0.00099371
  39    0.0003305  -0.00143669
  40    0.0008286  -0.00333412
  41    0.0000017  -0.00003150
  42    0.0000013  -0.00004238
  43    0.0000929  -0.00037460
  44    0.0000888  -0.00037854
  45    0.0000656  -0.00033704
  46    0.0003169  -0.00135042
  47    0.0001482  -0.00065571
  48    0.0000014  -0.00002980
  49    0.0000010  -0.00001992
  50    0.0000669  -0.00030141
  51    0.0000551  -0.00025692
  52    0.0000629  -0.00034942
  53    0.0001508  -0.00067039
  54    0.0001440  -0.00073296
  55    0.0000009  -0.00002002
  56    0.0000009  -0.00001893
  57    0.0000301  -0.00016445
  58    0.0000442  -0.00018562
  59    0.0000586  -0.00030046
  60    0.0000782  -0.00034614
  61    0.0001058  -0.00045190
  62    0.0000009  -0.00001960
  63    0.0000007  -0.00001416
  64    0.0000158  -0.00007635
  65    0.0000138  -0.00006366
  66    0.0000564  -0.00029598
  67    0.0000740  -0.00034734
  68    0.0000606  -0.00033189
  69    0.0000008  -0.00001480
  70    0.0000007  -0.00001253
  71    0.0000144  -0.00008164
  72    0.0000101  -0.00005153
  73    0.0000484  -0.00022962
  74    0.0000523  -0.00029736
  75    0.0000418  -0.00026364
  76    0.0000006  -0.00000830
  77    0.0000006  -0.00002346
  78    0.0000111  -0.00006018
  79    0.0000088  -0.00005155
  80    0.0000184  -0.00009806
  81    0.0000394  -0.00026037
  82    0.0000181  -0.00011378
  83    0.0000006  -0.00002141
  84    0.0000005  -0.00000437
  85    0.0000105  -0.00005191
  86    0.0000079  -0.00004689
  87    0.0000179  -0.00009707
  88    0.0000315  -0.00019313
  89    0.0000168  -0.00010964
  90    0.0000004  -0.00002424
  91    0.0000005  -0.00000378
  92    0.0000088  -0.00005011
  93    0.0000076  -0.00004344
  94    0.0000132  -0.00007523
  95    0.0000213  -0.00013788
  96    0.0000142  -0.00009534
  97    0.0000004  -0.00000281
  98    0.0000005  -0.00001458
  99    0.0000075  -0.00004804
 100    0.0000074  -0.00004373
 101    0.0000095  -0.00005691
 102    0.0000196  -0.00010889
 103    0.0000119  -0.00006837
 104    0.0000004  -0.00000245
 105    0.0000004  -0.00000265
 106    0.0000048  -0.00003819
 107    0.0000046  -0.00003578
 108    0.0000068  -0.00005060
 109    0.0000129  -0.00008513
 110    0.0000117  -0.00006735
 111    0.0000004  -0.00000240
 112    0.0000004  -0.00000410
 
----------------
 Final Energies 
----------------
Final NOF Total Energy =    -109.3202883
 
Total Orbital Internal Iterations = 1242
Total Occupation Internal Iterations = 187
 
Elapsed time:  253.84 Seconds

---------------------------------
   Lowdin Population Analysis    
---------------------------------
 Idx  Atom   Population   Charge 
---------------------------------
  1     N     7.000       0.000
  2     N     7.000      -0.000

---------------------------------
   M Diagnostic: 0.01
---------------------------------

Recovering execution output...
Moving from /scratch/pobleyef/168578 to /home-nas/pobleyef/Poison-Set/ncwomax/P30-5/GNOFm01/arina.168578
mkdir -p /home-nas/pobleyef/Poison-Set/ncwomax/P30-5/GNOFm01/arina.168578
mv /scratch/pobleyef/168578/* /home-nas/pobleyef/Poison-Set/ncwomax/P30-5/GNOFm01/arina.168578
