DC13_7_be4
/software/eb2024/easybuild/software/common/software/Julia/1.11.3-linux-x86_64/bin/julia
Job runing on nh040
Choosing scratch ...
Automatic scratch folder selection
/scratch/pobleyef/168587
/scratch/pobleyef/168587 directory
cp DC13_7_be4.jl DC13_7_be4.jld2 to  /scratch/pobleyef/168587/.
Computing Integrals
Elapsed time:    6.51 Seconds

Number of basis functions                   (NBF)    = 144
Number of auxiliary basis functions         (NBFAUX) = 204
Inactive Doubly occupied orbitals up to     (NO1)    = 0
No. considered Strongly Doubly occupied MOs (NDOC)   = 8
No. considered Strongly Singly occupied MOs (NSOC)   = 0
NO. of Weakly occ. per St. Doubly occ.  MOs (NCWO)   = 17
Dimension of the Nat. Orb. subspace         (NBF5)   = 144
No. of electrons                                     = 16
    No. of alpha electrons                           = 8
    No. of beta electrons                            = 8
Multiplicity                                         = 1

Geometry
========
Be       0.7279036      -0.7279036       0.7279036
Be      -0.7279036       0.7279036       0.7279036
Be      -0.7279036      -0.7279036      -0.7279036
Be       0.7279036       0.7279036      -0.7279036

No violations of the orthonormality
No violations of the orthonormality
 
PNOF9/ADABelief Calculation
==================
 
  Nitext  Nit_orb  Time   Nit_occ  Time         Eelec          Etot           Ediff      maxdiff    MaxGrad_orb  Grad_occ
     1      10    3.0e+01   61    3.7e+01   -83.09655751   -58.42181583 -10082.09655751   0.003335   1.4e-02   2.4e-04 0.01
     2      20    3.0e+00   41    1.0e+00   -83.24971949   -58.57497782    -0.15316198   0.095892   3.8e-01   1.5e-04 0.01
     3      20    3.0e+00   14    3.8e-01   -83.26392816   -58.58918649    -0.01420867   0.001134   4.5e-03   1.8e-04 0.01
     4      20    3.1e+00   17    4.3e-01   -83.26663877   -58.59189710    -0.00271061   0.003856   1.5e-02   1.8e-04 0.01
     5      20    3.0e+00   18    5.3e-01   -83.26846634   -58.59372467    -0.00182757   0.003663   1.5e-02   1.7e-04 0.01
     6      20    2.9e+00    8    2.7e-01   -83.26941958   -58.59467791    -0.00095324   0.003589   1.4e-02   1.7e-04 0.01
     7      20    3.0e+00   14    4.1e-01   -83.27013885   -58.59539717    -0.00071927   0.004871   1.9e-02   1.6e-04 0.01
     8      20    2.9e+00    4    2.0e-01   -83.27061454   -58.59587287    -0.00047569   0.003317   1.3e-02   2.3e-04 0.01
     9      20    3.0e+00    4    1.7e-01   -83.27105578   -58.59631411    -0.00044124   0.004848   1.9e-02   2.2e-04 0.01
    10      20    2.9e+00    4    1.6e-01   -83.27144994   -58.59670827    -0.00039416   0.005451   2.2e-02   2.4e-04 0.01
    11      20    2.9e+00    4    2.1e-01   -83.27186930   -58.59712763    -0.00041936   0.003871   1.5e-02   2.5e-04 0.01
    12      20    3.0e+00    4    1.9e-01   -83.27197068   -58.59722900    -0.00010137   0.004145   1.7e-02   2.5e-04 0.01
    13      20    3.1e+00   11    3.3e-01   -83.27214219   -58.59740052    -0.00017152   0.004591   1.8e-02   1.6e-04 0.01
    14      20    3.0e+00    4    1.2e-01   -83.27233552   -58.59759384    -0.00019333   0.003986   1.6e-02   1.9e-04 0.01
    15      20    2.9e+00    4    2.0e-01   -83.27240384   -58.59766217    -0.00006833   0.004677   1.9e-02   2.1e-04 0.01
    16      20    3.0e+00    4    2.1e-01   -83.27249445   -58.59775278    -0.00009061   0.006346   2.5e-02   1.9e-04 0.01
    17      20    2.9e+00    0    7.8e-02   -83.27251233   -58.59777065    -0.00001787   0.006346   2.5e-02   1.9e-04 0.01
    18      36    5.2e+00    1    9.8e-02   -83.27339469   -58.59865302    -0.00088237   0.000494   2.0e-03   2.5e-04 0.01
 
RESULTS OF THE OCCUPATION OPTIMIZATION
========================================
   1    1.9985410  -4.70582062
   2    1.9979866  -4.70550787
   3    1.9981544  -4.70326329
   4    1.9985164  -4.70269632
   5    1.9921352  -0.53306760
   6    1.9866311  -0.30705555
   7    1.9869002  -0.29512275
   8    1.9863400  -0.28772554
   9    0.0063919  -0.00795710
  10    0.0044672  -0.00890930
  11    0.0049665  -0.00920762
  12    0.0040838  -0.01148489
  13    0.0007624  -0.00515923
  14    0.0005607  -0.00398184
  15    0.0012827  -0.00904108
  16    0.0007951  -0.00532835
  17    0.0028060  -0.00403255
  18    0.0042204  -0.00645455
  19    0.0045942  -0.00676866
  20    0.0012046  -0.00380881
  21    0.0003108  -0.00238695
  22    0.0004232  -0.00320616
  23    0.0003942  -0.00310386
  24    0.0003702  -0.00283634
  25    0.0022573  -0.00342189
  26    0.0020925  -0.00352101
  27    0.0023053  -0.00371525
  28    0.0007995  -0.00288328
  29    0.0002726  -0.00215531
  30    0.0003903  -0.00303466
  31    0.0002580  -0.00208476
  32    0.0001162  -0.00092960
  33    0.0009428  -0.00145407
  34    0.0013131  -0.00257062
  35    0.0007580  -0.00135895
  36    0.0006352  -0.00266530
  37    0.0000762  -0.00061957
  38    0.0003783  -0.00292331
  39    0.0000353  -0.00027968
  40    0.0001069  -0.00083098
  41    0.0004103  -0.00066616
  42    0.0004091  -0.00075085
  43    0.0001731  -0.00030631
  44    0.0006113  -0.00278880
  45    0.0000215  -0.00018787
  46    0.0000361  -0.00028525
  47    0.0000155  -0.00011354
  48    0.0000334  -0.00026411
  49    0.0003235  -0.00050174
  50    0.0001925  -0.00036628
  51    0.0001337  -0.00024653
  52    0.0001679  -0.00040445
  53    0.0000168  -0.00011641
  54    0.0000334  -0.00030691
  55    0.0000118  -0.00005345
  56    0.0000165  -0.00011125
  57    0.0001560  -0.00027408
  58    0.0001195  -0.00024817
  59    0.0001220  -0.00024854
  60    0.0001043  -0.00036560
  61    0.0000096  -0.00004888
  62    0.0000073  -0.00004163
  63    0.0000048  -0.00001751
  64    0.0000099  -0.00005102
  65    0.0001433  -0.00025063
  66    0.0001141  -0.00023482
  67    0.0000998  -0.00021106
  68    0.0000675  -0.00023434
  69    0.0000039  -0.00001647
  70    0.0000038  -0.00001802
  71    0.0000021  -0.00000565
  72    0.0000021  -0.00000946
  73    0.0000523  -0.00011403
  74    0.0000336  -0.00007636
  75    0.0000532  -0.00010832
  76    0.0000478  -0.00016425
  77    0.0000022  -0.00000552
  78    0.0000034  -0.00001352
  79    0.0000021  -0.00000518
  80    0.0000018  -0.00000550
  81    0.0000437  -0.00008338
  82    0.0000318  -0.00007221
  83    0.0000442  -0.00008119
  84    0.0000407  -0.00014050
  85    0.0000016  -0.00000369
  86    0.0000017  -0.00000497
  87    0.0000016  -0.00000432
  88    0.0000012  -0.00000332
  89    0.0000370  -0.00007415
  90    0.0000256  -0.00005378
  91    0.0000357  -0.00007535
  92    0.0000324  -0.00011672
  93    0.0000015  -0.00000329
  94    0.0000017  -0.00000413
  95    0.0000011  -0.00000175
  96    0.0000012  -0.00000326
  97    0.0000221  -0.00004109
  98    0.0000209  -0.00004563
  99    0.0000218  -0.00004626
 100    0.0000222  -0.00007631
 101    0.0000015  -0.00000316
 102    0.0000013  -0.00000299
 103    0.0000010  -0.00000149
 104    0.0000011  -0.00000159
 105    0.0000211  -0.00004061
 106    0.0000178  -0.00003805
 107    0.0000185  -0.00003734
 108    0.0000164  -0.00004589
 109    0.0000008  -0.00000099
 110    0.0000013  -0.00000306
 111    0.0000009  -0.00000055
 112    0.0000010  -0.00000150
 113    0.0000197  -0.00003811
 114    0.0000147  -0.00003041
 115    0.0000145  -0.00003014
 116    0.0000131  -0.00003687
 117    0.0000006  -0.00000121
 118    0.0000011  -0.00000157
 119    0.0000008  -0.00000056
 120    0.0000009  -0.00000102
 121    0.0000125  -0.00002653
 122    0.0000116  -0.00002634
 123    0.0000113  -0.00002425
 124    0.0000071  -0.00002376
 125    0.0000006  -0.00000120
 126    0.0000011  -0.00000170
 127    0.0000006  -0.00000011
 128    0.0000006  -0.00000094
 129    0.0000116  -0.00002330
 130    0.0000091  -0.00002063
 131    0.0000094  -0.00002278
 132    0.0000057  -0.00001866
 133    0.0000006  -0.00000192
 134    0.0000007  -0.00000068
 135    0.0000005  -0.00000013
 136    0.0000006  -0.00000431
 137    0.0000090  -0.00001910
 138    0.0000064  -0.00001511
 139    0.0000075  -0.00001717
 140    0.0000054  -0.00001630
 141    0.0000003  -0.00000886
 142    0.0000004  -0.00000973
 143    0.0000003  -0.00000598
 144    0.0000003  -0.00000891
 
----------------
 Final Energies 
----------------
Final NOF Total Energy =     -58.5986530
 
Total Orbital Internal Iterations = 366
Total Occupation Internal Iterations = 217
 
Elapsed time:  145.84 Seconds

---------------------------------
   Lowdin Population Analysis    
---------------------------------
 Idx  Atom   Population   Charge 
---------------------------------
  1    Be     3.999       0.001
  2    Be     4.000      -0.000
  3    Be     4.000      -0.000
  4    Be     4.000       0.000

---------------------------------
   M Diagnostic: 0.01
---------------------------------

Recovering execution output...
Moving from /scratch/pobleyef/168587 to /home-nas/pobleyef/Poison-Set/ncwomax/P30-5/GNOFm01/arina.168587
mkdir -p /home-nas/pobleyef/Poison-Set/ncwomax/P30-5/GNOFm01/arina.168587
mv /scratch/pobleyef/168587/* /home-nas/pobleyef/Poison-Set/ncwomax/P30-5/GNOFm01/arina.168587
