G2RC_20_34
/software/eb2024/easybuild/software/common/software/Julia/1.11.3-linux-x86_64/bin/julia
Job runing on nh023
Choosing scratch ...
Automatic scratch folder selection
/scratch/pobleyef/168595
/scratch/pobleyef/168595 directory
cp G2RC_20_34.jl G2RC_20_34.jld2 to  /scratch/pobleyef/168595/.
Computing Integrals
Elapsed time:    6.07 Seconds

Number of basis functions                   (NBF)    = 114
Number of auxiliary basis functions         (NBFAUX) = 154
Inactive Doubly occupied orbitals up to     (NO1)    = 0
No. considered Strongly Doubly occupied MOs (NDOC)   = 7
No. considered Strongly Singly occupied MOs (NSOC)   = 0
NO. of Weakly occ. per St. Doubly occ.  MOs (NCWO)   = 15
Dimension of the Nat. Orb. subspace         (NBF5)   = 112
No. of electrons                                     = 14
    No. of alpha electrons                           = 7
    No. of beta electrons                            = 7
Multiplicity                                         = 1

Geometry
========
 N       0.0000000       0.0000000      -0.5454291
 N       0.0000000       0.0000000       0.5454291

No violations of the orthonormality
No violations of the orthonormality
 
PNOF9/ADABelief Calculation
==================
 
  Nitext  Nit_orb  Time   Nit_occ  Time         Eelec          Etot           Ediff      maxdiff    MaxGrad_orb  Grad_occ
     1      10    2.9e+01   78    3.5e+01  -132.81767544  -109.04774023 -10131.81767544   0.003018   1.2e-02   1.9e-04 0.01
     2      20    2.8e+00   28    4.5e-01  -133.06558245  -109.29564724    -0.24790701   0.156875   6.3e-01   1.8e-04 0.01
     3      20    2.7e+00   27    4.9e-01  -133.07915957  -109.30922437    -0.01357713   0.218437   8.7e-01   2.5e-04 0.01
     4      20    2.7e+00   15    2.3e-01  -133.08509146  -109.31515626    -0.00593189   0.015252   6.1e-02   2.3e-04 0.01
     5      20    2.7e+00    7    1.9e-01  -133.08632224  -109.31638704    -0.00123078   0.016099   6.4e-02   2.8e-04 0.01
     6      20    2.7e+00   10    2.5e-01  -133.08753734  -109.31760213    -0.00121509   0.014804   5.9e-02   2.1e-04 0.01
     7      20    2.7e+00    3    6.9e-02  -133.08854719  -109.31861198    -0.00100985   0.015962   6.4e-02   2.5e-04 0.01
     8      20    2.8e+00    5    1.5e-01  -133.08896080  -109.31902559    -0.00041361   0.014733   5.9e-02   2.6e-04 0.01
     9      20    2.8e+00    0    3.6e-02  -133.08900663  -109.31907143    -0.00004583   0.014733   5.9e-02   2.6e-04 0.01
    10      40    5.6e+00    3    1.5e-01  -133.09086709  -109.32093189    -0.00186046   0.002709   1.1e-02   2.1e-04 0.01
    11      40    5.5e+00    1    6.1e-02  -133.09094834  -109.32101313    -0.00008124   0.002142   8.6e-03   2.1e-04 0.01
    12      40    5.5e+00    7    1.3e-01  -133.09097844  -109.32104323    -0.00003010   0.002756   1.1e-02   1.9e-04 0.01
    13      40    5.2e+00    1    3.5e-02  -133.09108597  -109.32115076    -0.00010753   0.001832   7.3e-03   1.6e-04 0.01
    14      40    5.5e+00    1    4.2e-02  -133.09110028  -109.32116507    -0.00001431   0.002028   8.1e-03   2.1e-04 0.01
    15      40    5.3e+00    3    1.0e-01  -133.09114009  -109.32120488    -0.00003981   0.001764   7.1e-03   1.9e-04 0.01
    16      40    5.4e+00    1    4.6e-02  -133.09115546  -109.32122026    -0.00001537   0.002345   9.4e-03   1.7e-04 0.01
    17      40    5.5e+00    6    1.1e-01  -133.09119385  -109.32125864    -0.00003839   0.002002   8.0e-03   1.9e-04 0.01
    18      40    5.4e+00    1    3.9e-02  -133.09125600  -109.32132079    -0.00006215   0.001638   6.6e-03   1.7e-04 0.01
    19      40    5.4e+00    3    6.7e-02  -133.09129667  -109.32136147    -0.00004067   0.001878   7.5e-03   1.2e-04 0.01
    20      40    5.4e+00    3    7.9e-02  -133.09134018  -109.32140498    -0.00004351   0.001640   6.6e-03   1.4e-04 0.01
    21      40    5.4e+00    3    1.1e-01  -133.09138930  -109.32145409    -0.00004911   0.002207   8.8e-03   1.5e-04 0.01
    22      40    5.4e+00    3    1.6e-01  -133.09144724  -109.32151204    -0.00005795   0.001875   7.5e-03   1.8e-04 0.01
    23      40    5.4e+00    3    1.1e-01  -133.09153264  -109.32159744    -0.00008540   0.001959   7.8e-03   1.8e-04 0.01
    24      40    5.7e+00    8    2.5e-01  -133.09162399  -109.32168879    -0.00009135   0.001759   7.0e-03   2.1e-04 0.01
    25      40    5.4e+00    3    6.1e-02  -133.09178796  -109.32185276    -0.00016397   0.001883   7.5e-03   1.8e-04 0.01
    26      40    5.5e+00    3    6.8e-02  -133.09187099  -109.32193578    -0.00008302   0.001843   7.4e-03   1.9e-04 0.01
    27      40    5.5e+00    3    6.0e-02  -133.09194165  -109.32200644    -0.00007066   0.002630   1.1e-02   1.7e-04 0.01
    28      40    5.3e+00    1    3.6e-02  -133.09201030  -109.32207509    -0.00006865   0.002043   8.2e-03   1.5e-04 0.01
    29      40    5.5e+00    3    2.5e-01  -133.09202720  -109.32209199    -0.00001690   0.002027   8.1e-03   2.0e-04 0.01
    30      40    5.4e+00    1    3.6e-02  -133.09204615  -109.32211095    -0.00001896   0.002319   9.3e-03   1.4e-04 0.01
    31      40    5.3e+00    0    2.1e-02  -133.09204703  -109.32211182    -0.00000087   0.002319   9.3e-03   1.4e-04 0.01
    32      39    5.1e+00    0    1.7e-02  -133.09212597  -109.32219076    -0.00007894   0.000492   2.0e-03   1.4e-04 0.01
 
RESULTS OF THE OCCUPATION OPTIMIZATION
========================================
   1    1.9999473  -15.68766896
   2    1.9998658  -15.68362816
   3    1.9928658  -1.24260585
   4    1.9887029  -0.89852834
   5    1.9917102  -0.79478363
   6    1.9862073  -0.63696524
   7    1.9862618  -0.63695330
   8    0.0114819  -0.02744456
   9    0.0114525  -0.02738662
  10    0.0034107  -0.01430654
  11    0.0069302  -0.02238331
  12    0.0024640  -0.01257550
  13    0.0001178  -0.00316574
  14    0.0000378  -0.00101673
  15    0.0013006  -0.00391895
  16    0.0013740  -0.00412663
  17    0.0014934  -0.00528223
  18    0.0019430  -0.00675845
  19    0.0015076  -0.00541910
  20    0.0000041  -0.00009764
  21    0.0000063  -0.00024318
  22    0.0004651  -0.00161904
  23    0.0004601  -0.00158706
  24    0.0008004  -0.00317150
  25    0.0015811  -0.00558737
  26    0.0014330  -0.00533932
  27    0.0000030  -0.00004691
  28    0.0000013  -0.00002845
  29    0.0001195  -0.00045372
  30    0.0001150  -0.00043979
  31    0.0007983  -0.00314973
  32    0.0002155  -0.00094264
  33    0.0008385  -0.00548570
  34    0.0000026  -0.00004340
  35    0.0000012  -0.00002766
  36    0.0001103  -0.00043179
  37    0.0001109  -0.00042096
  38    0.0007754  -0.00330868
  39    0.0002061  -0.00087705
  40    0.0003135  -0.00143921
  41    0.0000012  -0.00002752
  42    0.0000010  -0.00004222
  43    0.0000933  -0.00038955
  44    0.0000817  -0.00036108
  45    0.0003253  -0.00229917
  46    0.0001424  -0.00066985
  47    0.0001529  -0.00077234
  48    0.0000012  -0.00002703
  49    0.0000008  -0.00001878
  50    0.0000554  -0.00027306
  51    0.0000662  -0.00030244
  52    0.0003160  -0.00149290
  53    0.0000647  -0.00033653
  54    0.0001364  -0.00070515
  55    0.0000008  -0.00001776
  56    0.0000008  -0.00001738
  57    0.0000475  -0.00018369
  58    0.0000496  -0.00019060
  59    0.0001607  -0.00076822
  60    0.0000643  -0.00033818
  61    0.0000693  -0.00036532
  62    0.0000006  -0.00001334
  63    0.0000007  -0.00001735
  64    0.0000163  -0.00008648
  65    0.0000309  -0.00016631
  66    0.0000661  -0.00030904
  67    0.0000517  -0.00029104
  68    0.0000661  -0.00032157
  69    0.0000006  -0.00001350
  70    0.0000006  -0.00001304
  71    0.0000098  -0.00005109
  72    0.0000109  -0.00006093
  73    0.0000641  -0.00031499
  74    0.0000288  -0.00017731
  75    0.0000537  -0.00031493
  76    0.0000005  -0.00001090
  77    0.0000004  -0.00001940
  78    0.0000097  -0.00005387
  79    0.0000105  -0.00005512
  80    0.0000200  -0.00012414
  81    0.0000192  -0.00010234
  82    0.0000378  -0.00025378
  83    0.0000005  -0.00002949
  84    0.0000004  -0.00000440
  85    0.0000083  -0.00004703
  86    0.0000099  -0.00005374
  87    0.0000181  -0.00010708
  88    0.0000175  -0.00011024
  89    0.0000188  -0.00012075
  90    0.0000004  -0.00000381
  91    0.0000004  -0.00001638
  92    0.0000078  -0.00004213
  93    0.0000080  -0.00004784
  94    0.0000160  -0.00009766
  95    0.0000136  -0.00007439
  96    0.0000175  -0.00010330
  97    0.0000003  -0.00000238
  98    0.0000003  -0.00000930
  99    0.0000077  -0.00004684
 100    0.0000076  -0.00004610
 101    0.0000146  -0.00009534
 102    0.0000115  -0.00006376
 103    0.0000150  -0.00009452
 104    0.0000003  -0.00000120
 105    0.0000003  -0.00000249
 106    0.0000048  -0.00003775
 107    0.0000049  -0.00003818
 108    0.0000107  -0.00006208
 109    0.0000075  -0.00005204
 110    0.0000101  -0.00006133
 111    0.0000003  -0.00000184
 112    0.0000003  -0.00000104
 
----------------
 Final Energies 
----------------
Final NOF Total Energy =    -109.3221908
 
Total Orbital Internal Iterations = 1089
Total Occupation Internal Iterations = 234
 
Elapsed time:  236.02 Seconds

---------------------------------
   Lowdin Population Analysis    
---------------------------------
 Idx  Atom   Population   Charge 
---------------------------------
  1     N     7.000      -0.000
  2     N     7.000       0.000

---------------------------------
   M Diagnostic: 0.01
---------------------------------

Recovering execution output...
Moving from /scratch/pobleyef/168595 to /home-nas/pobleyef/Poison-Set/ncwomax/P30-5/GNOFm01/arina.168595
mkdir -p /home-nas/pobleyef/Poison-Set/ncwomax/P30-5/GNOFm01/arina.168595
mv /scratch/pobleyef/168595/* /home-nas/pobleyef/Poison-Set/ncwomax/P30-5/GNOFm01/arina.168595
