G2RC_20_13
/software/eb2024/easybuild/software/common/software/Julia/1.11.3-linux-x86_64/bin/julia
Job runing on nh044
Choosing scratch ...
Automatic scratch folder selection
/scratch/pobleyef/168593
/scratch/pobleyef/168593 directory
cp G2RC_20_13.jl G2RC_20_13.jld2 to  /scratch/pobleyef/168593/.
Computing Integrals
Elapsed time:    6.48 Seconds

Number of basis functions                   (NBF)    = 117
Number of auxiliary basis functions         (NBFAUX) = 113
Inactive Doubly occupied orbitals up to     (NO1)    = 0
No. considered Strongly Doubly occupied MOs (NDOC)   = 5
No. considered Strongly Singly occupied MOs (NSOC)   = 0
NO. of Weakly occ. per St. Doubly occ.  MOs (NCWO)   = 22
Dimension of the Nat. Orb. subspace         (NBF5)   = 115
No. of electrons                                     = 10
    No. of alpha electrons                           = 5
    No. of beta electrons                            = 5
Multiplicity                                         = 1

Geometry
========
 O       0.0000000       0.0000000      -0.3906056
 H      -0.7620804       0.0000000       0.1953028
 H       0.7620804       0.0000000       0.1953028

No violations of the orthonormality
No violations of the orthonormality
 
PNOF9/ADABelief Calculation
==================
 
  Nitext  Nit_orb  Time   Nit_occ  Time         Eelec          Etot           Ediff      maxdiff    MaxGrad_orb  Grad_occ
     1      10    3.0e+01   73    3.5e+01   -85.23750855   -76.08243914 -10084.23750855   0.003066   1.2e-02   2.0e-04 0.01
     2      20    2.8e+00   32    6.4e-01   -85.44043360   -76.28536420    -0.20292505   0.309284   1.2e+00   2.0e-04 0.01
     3      20    2.6e+00   14    2.5e-01   -85.45295936   -76.29788996    -0.01252576   0.009211   3.7e-02   1.7e-04 0.01
     4      20    2.7e+00   18    3.1e-01   -85.45410055   -76.29903115    -0.00114119   0.036231   1.4e-01   1.5e-04 0.01
     5      20    2.8e+00    5    6.8e-02   -85.45563934   -76.30056994    -0.00153879   0.024655   9.9e-02   2.4e-04 0.01
     6      20    2.6e+00    6    8.5e-02   -85.45779277   -76.30272337    -0.00215343   0.023481   9.4e-02   2.2e-04 0.01
     7      20    2.7e+00    2    8.5e-02   -85.45841860   -76.30334919    -0.00062582   0.023768   9.5e-02   2.3e-04 0.01
     8      20    2.7e+00   15    3.0e-01   -85.45938579   -76.30431638    -0.00096719   0.020276   8.1e-02   1.5e-04 0.01
     9      20    2.6e+00    2    5.6e-02   -85.45953860   -76.30446920    -0.00015282   0.020283   8.1e-02   1.9e-04 0.01
    10      20    2.7e+00    3    9.9e-02   -85.45985229   -76.30478289    -0.00031369   0.020092   8.0e-02   1.7e-04 0.01
    11      20    2.7e+00    4    8.9e-02   -85.46029322   -76.30522382    -0.00044093   0.021346   8.5e-02   1.5e-04 0.01
    12      20    2.7e+00    1    5.8e-02   -85.46039915   -76.30532974    -0.00010592   0.019728   7.9e-02   2.3e-04 0.01
    13      20    2.8e+00    4    1.0e-01   -85.46057175   -76.30550234    -0.00017260   0.017197   6.9e-02   1.6e-04 0.01
    14      20    2.6e+00    1    5.0e-02   -85.46077653   -76.30570713    -0.00020478   0.019202   7.7e-02   1.6e-04 0.01
    15      20    2.6e+00    1    7.1e-02   -85.46085881   -76.30578941    -0.00008228   0.017449   7.0e-02   2.0e-04 0.01
    16      20    2.7e+00    1    3.8e-02   -85.46102760   -76.30595820    -0.00016879   0.017473   7.0e-02   2.0e-04 0.01
    17      20    2.8e+00    0    2.4e-02   -85.46102942   -76.30596002    -0.00000182   0.017473   7.0e-02   2.0e-04 0.01
    18      40    5.4e+00    0    2.4e-02   -85.46175006   -76.30668065    -0.00072063   0.001436   5.7e-03   2.2e-04 0.01
    19      50    6.5e+00    0    3.3e-02   -85.46175006   -76.30668065     0.00000000   0.001436   5.7e-03   2.2e-04 0.01
    20      45    5.9e+00    0    2.8e-02   -85.46175428   -76.30668487    -0.00000422   0.000493   2.0e-03   2.1e-04 0.01
 
RESULTS OF THE OCCUPATION OPTIMIZATION
========================================
   1    1.9999677  -20.58268431
   2    1.9925226  -1.18042892
   3    1.9881430  -0.77080648
   4    1.9881994  -0.76875323
   5    1.9891662  -0.53846308
   6    0.0048898  -0.01362999
   7    0.0086793  -0.02133659
   8    0.0086651  -0.02130639
   9    0.0038615  -0.01618906
  10    0.0000289  -0.00111351
  11    0.0022683  -0.00691751
  12    0.0020915  -0.00623483
  13    0.0020413  -0.00611717
  14    0.0016706  -0.00612448
  15    0.0000015  -0.00004251
  16    0.0021293  -0.00644114
  17    0.0003316  -0.00124632
  18    0.0003441  -0.00116612
  19    0.0006368  -0.00401988
  20    0.0000004  -0.00000311
  21    0.0006214  -0.00260159
  22    0.0002784  -0.00105619
  23    0.0002828  -0.00106917
  24    0.0003842  -0.00216011
  25    0.0000003  -0.00002855
  26    0.0003484  -0.00158448
  27    0.0001590  -0.00064374
  28    0.0002046  -0.00076891
  29    0.0003450  -0.00259691
  30    0.0000002  -0.00000346
  31    0.0001672  -0.00070037
  32    0.0000796  -0.00036366
  33    0.0001510  -0.00065708
  34    0.0001970  -0.00099563
  35    0.0000001  -0.00000111
  36    0.0001596  -0.00065718
  37    0.0000502  -0.00023552
  38    0.0000633  -0.00032230
  39    0.0001409  -0.00066385
  40    0.0000001  -0.00000107
  41    0.0000542  -0.00028767
  42    0.0000383  -0.00017091
  43    0.0000232  -0.00012095
  44    0.0000710  -0.00037821
  45    0.0000001  -0.00000102
  46    0.0000483  -0.00025455
  47    0.0000300  -0.00012592
  48    0.0000210  -0.00011095
  49    0.0000252  -0.00014725
  50    0.0000001  -0.00000092
  51    0.0000365  -0.00021685
  52    0.0000205  -0.00010947
  53    0.0000119  -0.00006806
  54    0.0000226  -0.00014514
  55    0.0000001  -0.00000081
  56    0.0000271  -0.00011921
  57    0.0000099  -0.00006002
  58    0.0000101  -0.00006093
  59    0.0000204  -0.00013029
  60    0.0000001  -0.00000072
  61    0.0000245  -0.00012420
  62    0.0000084  -0.00004969
  63    0.0000065  -0.00003686
  64    0.0000159  -0.00010635
  65    0.0000001  -0.00000061
  66    0.0000126  -0.00007217
  67    0.0000049  -0.00002808
  68    0.0000062  -0.00003424
  69    0.0000141  -0.00009218
  70    0.0000001  -0.00000059
  71    0.0000100  -0.00006582
  72    0.0000037  -0.00002125
  73    0.0000058  -0.00003169
  74    0.0000135  -0.00008963
  75    0.0000001  -0.00000057
  76    0.0000081  -0.00004678
  77    0.0000032  -0.00001183
  78    0.0000052  -0.00002585
  79    0.0000129  -0.00008683
  80    0.0000001  -0.00000054
  81    0.0000073  -0.00003871
  82    0.0000027  -0.00000943
  83    0.0000040  -0.00001244
  84    0.0000126  -0.00008850
  85    0.0000000  -0.00000059
  86    0.0000066  -0.00003531
  87    0.0000025  -0.00000899
  88    0.0000024  -0.00000992
  89    0.0000092  -0.00006137
  90    0.0000000  -0.00000041
  91    0.0000061  -0.00003306
  92    0.0000018  -0.00000513
  93    0.0000023  -0.00000961
  94    0.0000071  -0.00005136
  95    0.0000000  -0.00000046
  96    0.0000025  -0.00000585
  97    0.0000018  -0.00000460
  98    0.0000018  -0.00000514
  99    0.0000064  -0.00004900
 100    0.0000000  -0.00000038
 101    0.0000021  -0.00000514
 102    0.0000013  -0.00000250
 103    0.0000017  -0.00000368
 104    0.0000047  -0.00003528
 105    0.0000000  -0.00000036
 106    0.0000020  -0.00000238
 107    0.0000012  -0.00000254
 108    0.0000016  -0.00000324
 109    0.0000038  -0.00003040
 110    0.0000000  -0.00000037
 111    0.0000018  -0.00000211
 112    0.0000012  -0.00000141
 113    0.0000013  -0.00000213
 114    0.0000021  -0.00001191
 115    0.0000000  -0.00000036
 
----------------
 Final Energies 
----------------
Final NOF Total Energy =     -76.3066849
 
Total Orbital Internal Iterations = 465
Total Occupation Internal Iterations = 182
 
Elapsed time:  149.45 Seconds

---------------------------------
   Lowdin Population Analysis    
---------------------------------
 Idx  Atom   Population   Charge 
---------------------------------
  1     O     7.354       0.646
  2     H     1.323      -0.323
  3     H     1.323      -0.323

---------------------------------
   M Diagnostic: 0.01
---------------------------------

Recovering execution output...
Moving from /scratch/pobleyef/168593 to /home-nas/pobleyef/Poison-Set/ncwomax/P30-5/GNOFm01/arina.168593
mkdir -p /home-nas/pobleyef/Poison-Set/ncwomax/P30-5/GNOFm01/arina.168593
mv /scratch/pobleyef/168593/* /home-nas/pobleyef/Poison-Set/ncwomax/P30-5/GNOFm01/arina.168593
