G2RC_10_61
/software/eb2024/easybuild/software/common/software/Julia/1.11.3-linux-x86_64/bin/julia
Job runing on nh002
Choosing scratch ...
Automatic scratch folder selection
/scratch/pobleyef/168589
/scratch/pobleyef/168589 directory
cp G2RC_10_61.jl G2RC_10_61.jld2 to  /scratch/pobleyef/168589/.
Computing Integrals
Elapsed time:    7.15 Seconds

Number of basis functions                   (NBF)    = 285
Number of auxiliary basis functions         (NBFAUX) = 383
Inactive Doubly occupied orbitals up to     (NO1)    = 0
No. considered Strongly Doubly occupied MOs (NDOC)   = 21
No. considered Strongly Singly occupied MOs (NSOC)   = 0
NO. of Weakly occ. per St. Doubly occ.  MOs (NCWO)   = 12
Dimension of the Nat. Orb. subspace         (NBF5)   = 273
No. of electrons                                     = 42
    No. of alpha electrons                           = 21
    No. of beta electrons                            = 21
Multiplicity                                         = 1

Geometry
========
 C       0.0000000       0.0000000       0.0000000
 F       0.7665641      -0.7665641       0.7665641
 F      -0.7665641       0.7665641       0.7665641
 F      -0.7665641      -0.7665641      -0.7665641
 F       0.7665641       0.7665641      -0.7665641

No violations of the orthonormality
No violations of the orthonormality
 
PNOF9/ADABelief Calculation
==================
 
  Nitext  Nit_orb  Time   Nit_occ  Time         Eelec          Etot           Ediff      maxdiff    MaxGrad_orb  Grad_occ
     1      10    3.1e+01   65    4.4e+01  -640.70579486  -436.00139752 -10639.70579486   0.003387   1.3e-02   3.3e-04 0.01
     2      20    6.7e+00   45    4.9e+00  -641.46363625  -436.75923891    -0.75784139   0.778071   3.1e+00   3.2e-04 0.01
     3      20    6.6e+00   27    3.1e+00  -641.61198130  -436.90758396    -0.14834505   0.055566   2.2e-01   2.3e-04 0.01
     4      20    6.6e+00    0    2.9e-01  -641.61597271  -436.91157538    -0.00399141   0.055566   2.2e-01   2.3e-04 0.01
     5      40    1.2e+01   22    2.5e+00  -641.63720650  -436.93280916    -0.02123379   0.006273   2.5e-02   2.3e-04 0.01
     6      40    1.3e+01   13    1.7e+00  -641.64347463  -436.93907729    -0.00626813   0.006752   2.7e-02   2.0e-04 0.01
     7      40    1.3e+01   13    1.7e+00  -641.64880410  -436.94440676    -0.00532947   0.004858   1.9e-02   2.8e-04 0.01
     8      40    1.3e+01   13    1.7e+00  -641.65194649  -436.94754916    -0.00314240   0.005062   2.0e-02   2.3e-04 0.01
     9      40    1.2e+01    8    1.2e+00  -641.65381629  -436.94941895    -0.00186980   0.005514   2.2e-02   2.4e-04 0.01
    10      40    1.3e+01    8    1.2e+00  -641.65491028  -436.95051294    -0.00109399   0.011801   4.7e-02   2.3e-04 0.01
    11      40    1.3e+01    8    1.1e+00  -641.65567795  -436.95128062    -0.00076768   0.004788   1.9e-02   2.1e-04 0.01
    12      40    1.3e+01    3    6.8e-01  -641.65625686  -436.95185952    -0.00057890   0.004807   1.9e-02   2.7e-04 0.01
    13      40    1.3e+01    3    6.7e-01  -641.65678965  -436.95239231    -0.00053279   0.004144   1.7e-02   3.0e-04 0.01
    14      40    1.3e+01    7    1.1e+00  -641.65706077  -436.95266343    -0.00027112   0.006309   2.5e-02   2.6e-04 0.01
    15      40    1.3e+01    3    6.4e-01  -641.65739610  -436.95299876    -0.00033533   0.006687   2.7e-02   1.8e-04 0.01
    16      40    1.4e+01    3    6.6e-01  -641.65755411  -436.95315678    -0.00015802   0.005903   2.4e-02   2.1e-04 0.01
    17      40    1.4e+01    3    6.2e-01  -641.65766075  -436.95326342    -0.00010664   0.006750   2.7e-02   2.3e-04 0.01
    18      40    1.4e+01    3    7.4e-01  -641.65776915  -436.95337182    -0.00010840   0.005426   2.2e-02   2.4e-04 0.01
    19      40    1.3e+01    3    6.2e-01  -641.65788786  -436.95349053    -0.00011871   0.006434   2.6e-02   2.5e-04 0.01
    20      40    1.3e+01    3    7.1e-01  -641.65803898  -436.95364165    -0.00015112   0.005863   2.3e-02   2.5e-04 0.01
    21      40    1.3e+01    3    6.9e-01  -641.65822053  -436.95382320    -0.00018155   0.005812   2.3e-02   2.7e-04 0.01
    22      40    1.3e+01   10    1.4e+00  -641.65829569  -436.95389835    -0.00007515   0.006532   2.6e-02   2.0e-04 0.01
    23      40    1.3e+01    3    7.2e-01  -641.65843468  -436.95403735    -0.00013900   0.045215   1.8e-01   2.1e-04 0.01
    24      40    1.3e+01    3    7.0e-01  -641.65867316  -436.95427583    -0.00023848   0.007650   3.1e-02   2.6e-04 0.01
    25      40    1.3e+01    3    6.0e-01  -641.65869980  -436.95430246    -0.00002663   0.006250   2.5e-02   2.6e-04 0.01
    26      40    1.3e+01    3    5.9e-01  -641.65876328  -436.95436594    -0.00006348   0.004703   1.9e-02   2.6e-04 0.01
    27      40    1.3e+01    3    6.4e-01  -641.65878677  -436.95438943    -0.00002349   0.005954   2.4e-02   2.4e-04 0.01
    28      40    1.3e+01    0    3.5e-01  -641.65881013  -436.95441280    -0.00002337   0.004239   1.7e-02   2.6e-04 0.01
    29      50    1.6e+01    0    3.5e-01  -641.65906712  -436.95466978    -0.00025698   0.003619   1.4e-02   2.6e-04 0.01
    30      60    1.9e+01    5    9.3e-01  -641.65911574  -436.95471840    -0.00004862   0.003883   1.6e-02   1.9e-04 0.01
    31      60    1.9e+01    0    4.0e-01  -641.65918234  -436.95478500    -0.00006660   0.003635   1.5e-02   2.1e-04 0.01
    32      70    2.2e+01    0    3.5e-01  -641.65926026  -436.95486292    -0.00007792   0.003896   1.6e-02   2.1e-04 0.01
    33      80    2.5e+01    0    3.5e-01  -641.65932181  -436.95492447    -0.00006155   0.002668   1.1e-02   2.2e-04 0.01
    34      90    2.8e+01    0    3.5e-01  -641.65938372  -436.95498639    -0.00006191   0.002270   9.1e-03   2.2e-04 0.01
    35     100    3.1e+01    0    3.5e-01  -641.65944307  -436.95504573    -0.00005935   0.002309   9.2e-03   2.3e-04 0.01
    36     110    3.4e+01    0    3.6e-01  -641.65948004  -436.95508270    -0.00003697   0.002370   9.5e-03   2.3e-04 0.01
    37     120    3.8e+01    0    3.5e-01  -641.65948904  -436.95509170    -0.00000900   0.002065   8.3e-03   2.4e-04 0.01
    38     130    4.1e+01    0    3.4e-01  -641.65951385  -436.95511651    -0.00002481   0.002157   8.6e-03   2.4e-04 0.01
    39     140    4.4e+01    0    3.6e-01  -641.65952373  -436.95512639    -0.00000988   0.001688   6.8e-03   2.5e-04 0.01
    40     150    4.7e+01    0    3.6e-01  -641.65954754  -436.95515020    -0.00002381   0.001647   6.6e-03   2.5e-04 0.01
 
RESULTS OF THE OCCUPATION OPTIMIZATION
========================================
   1    1.9999774  -26.40013147
   2    1.9999763  -26.40007931
   3    1.9999816  -26.40005021
   4    1.9999758  -26.39997396
   5    1.9999150  -11.61115301
   6    1.9935939  -1.65068759
   7    1.9936285  -1.64058415
   8    1.9938177  -1.63399128
   9    1.9928730  -1.62951724
  10    1.9884501  -0.99253706
  11    1.9882387  -0.98118271
  12    1.9882598  -0.98035105
  13    1.9882280  -0.97821412
  14    1.9901399  -0.77175997
  15    1.9901123  -0.77143731
  16    1.9901998  -0.77142921
  17    1.9901860  -0.77141293
  18    1.9901530  -0.77133110
  19    1.9901381  -0.77105925
  20    1.9901538  -0.77091142
  21    1.9902278  -0.77080450
  22    0.0044078  -0.01499735
  23    0.0044308  -0.01500494
  24    0.0046675  -0.01534262
  25    0.0045716  -0.01524471
  26    0.0044618  -0.01508084
  27    0.0045576  -0.01522212
  28    0.0045429  -0.01517720
  29    0.0046659  -0.01536436
  30    0.0098837  -0.03226533
  31    0.0100060  -0.03257076
  32    0.0098005  -0.03214432
  33    0.0107134  -0.03406754
  34    0.0036377  -0.01923517
  35    0.0036622  -0.01935333
  36    0.0035831  -0.01922345
  37    0.0037026  -0.01940682
  38    0.0000467  -0.00109699
  39    0.0000175  -0.00077616
  40    0.0000120  -0.00038705
  41    0.0000172  -0.00072140
  42    0.0000170  -0.00072271
  43    0.0021611  -0.00800753
  44    0.0021491  -0.00799355
  45    0.0022102  -0.00803912
  46    0.0021875  -0.00804896
  47    0.0021631  -0.00802566
  48    0.0021595  -0.00793168
  49    0.0021795  -0.00803362
  50    0.0022050  -0.00800441
  51    0.0013236  -0.00588646
  52    0.0013493  -0.00595183
  53    0.0012820  -0.00575158
  54    0.0002345  -0.00117101
  55    0.0015853  -0.00724027
  56    0.0013370  -0.00747040
  57    0.0012436  -0.00670522
  58    0.0013720  -0.00740759
  59    0.0000073  -0.00016870
  60    0.0000015  -0.00005811
  61    0.0000020  -0.00006745
  62    0.0000019  -0.00006561
  63    0.0000011  -0.00003462
  64    0.0020515  -0.00754686
  65    0.0020623  -0.00754035
  66    0.0021297  -0.00762788
  67    0.0021017  -0.00757890
  68    0.0020594  -0.00753512
  69    0.0021013  -0.00762010
  70    0.0020708  -0.00753788
  71    0.0021342  -0.00766159
  72    0.0002088  -0.00108980
  73    0.0001221  -0.00070879
  74    0.0002240  -0.00112906
  75    0.0002072  -0.00107674
  76    0.0010967  -0.00597578
  77    0.0003005  -0.00426831
  78    0.0004551  -0.00453420
  79    0.0004118  -0.00242591
  80    0.0000063  -0.00009818
  81    0.0000010  -0.00002884
  82    0.0000010  -0.00003094
  83    0.0000010  -0.00003018
  84    0.0000009  -0.00002551
  85    0.0004539  -0.00218369
  86    0.0004380  -0.00207947
  87    0.0002372  -0.00116053
  88    0.0003125  -0.00141975
  89    0.0004152  -0.00200934
  90    0.0002820  -0.00154357
  91    0.0002704  -0.00130864
  92    0.0002754  -0.00132089
  93    0.0001120  -0.00065243
  94    0.0001109  -0.00065139
  95    0.0001731  -0.00092362
  96    0.0001920  -0.00102028
  97    0.0003802  -0.00221383
  98    0.0002933  -0.00400245
  99    0.0003049  -0.00376017
 100    0.0003009  -0.00378322
 101    0.0000045  -0.00009620
 102    0.0000008  -0.00002615
 103    0.0000008  -0.00002399
 104    0.0000009  -0.00002851
 105    0.0000008  -0.00002483
 106    0.0002412  -0.00120861
 107    0.0002281  -0.00112449
 108    0.0001980  -0.00097668
 109    0.0002188  -0.00112513
 110    0.0002399  -0.00124469
 111    0.0002272  -0.00114132
 112    0.0002347  -0.00122319
 113    0.0001936  -0.00095126
 114    0.0001066  -0.00062929
 115    0.0000616  -0.00039081
 116    0.0001108  -0.00064832
 117    0.0001163  -0.00066807
 118    0.0001712  -0.00100701
 119    0.0002850  -0.00165535
 120    0.0002819  -0.00187125
 121    0.0002764  -0.00184897
 122    0.0000038  -0.00006656
 123    0.0000007  -0.00002163
 124    0.0000005  -0.00001330
 125    0.0000006  -0.00001646
 126    0.0000006  -0.00001707
 127    0.0002225  -0.00108830
 128    0.0002031  -0.00101608
 129    0.0001920  -0.00095087
 130    0.0002157  -0.00104435
 131    0.0001905  -0.00096005
 132    0.0001917  -0.00095091
 133    0.0001916  -0.00097162
 134    0.0001473  -0.00076582
 135    0.0000655  -0.00043498
 136    0.0000207  -0.00014338
 137    0.0001057  -0.00061257
 138    0.0000185  -0.00013439
 139    0.0001213  -0.00076474
 140    0.0001678  -0.00102116
 141    0.0001741  -0.00109996
 142    0.0001371  -0.00084965
 143    0.0000036  -0.00006476
 144    0.0000007  -0.00002094
 145    0.0000004  -0.00003225
 146    0.0000004  -0.00001426
 147    0.0000005  -0.00002482
 148    0.0001516  -0.00078235
 149    0.0001516  -0.00078494
 150    0.0001451  -0.00074645
 151    0.0001552  -0.00078268
 152    0.0001494  -0.00077158
 153    0.0001479  -0.00077048
 154    0.0001823  -0.00093914
 155    0.0001374  -0.00070329
 156    0.0000193  -0.00013864
 157    0.0000182  -0.00013101
 158    0.0000162  -0.00012656
 159    0.0000159  -0.00011491
 160    0.0000481  -0.00038811
 161    0.0000461  -0.00057941
 162    0.0001704  -0.00099423
 163    0.0000864  -0.00061367
 164    0.0000030  -0.00005964
 165    0.0000005  -0.00001430
 166    0.0000004  -0.00001704
 167    0.0000004  -0.00001954
 168    0.0000004  -0.00001041
 169    0.0000290  -0.00021342
 170    0.0001289  -0.00068066
 171    0.0000295  -0.00020307
 172    0.0000235  -0.00018657
 173    0.0000821  -0.00045939
 174    0.0000787  -0.00045323
 175    0.0001544  -0.00078573
 176    0.0000483  -0.00027201
 177    0.0000120  -0.00009876
 178    0.0000120  -0.00010199
 179    0.0000111  -0.00009721
 180    0.0000118  -0.00009658
 181    0.0000351  -0.00029502
 182    0.0000362  -0.00031425
 183    0.0000724  -0.00054147
 184    0.0000433  -0.00053716
 185    0.0000026  -0.00007335
 186    0.0000004  -0.00001389
 187    0.0000003  -0.00001959
 188    0.0000003  -0.00001776
 189    0.0000003  -0.00002258
 190    0.0000140  -0.00012120
 191    0.0000145  -0.00012181
 192    0.0000141  -0.00011960
 193    0.0000200  -0.00015114
 194    0.0000142  -0.00010880
 195    0.0000141  -0.00012195
 196    0.0000199  -0.00014804
 197    0.0000145  -0.00011779
 198    0.0000110  -0.00009633
 199    0.0000109  -0.00009561
 200    0.0000109  -0.00009540
 201    0.0000104  -0.00009262
 202    0.0000139  -0.00013281
 203    0.0000142  -0.00012783
 204    0.0000421  -0.00049023
 205    0.0000328  -0.00024786
 206    0.0000023  -0.00005368
 207    0.0000003  -0.00001285
 208    0.0000003  -0.00001561
 209    0.0000003  -0.00001101
 210    0.0000003  -0.00002287
 211    0.0000136  -0.00011106
 212    0.0000139  -0.00010970
 213    0.0000134  -0.00011361
 214    0.0000144  -0.00011056
 215    0.0000134  -0.00010570
 216    0.0000139  -0.00011347
 217    0.0000143  -0.00011792
 218    0.0000131  -0.00010807
 219    0.0000104  -0.00009383
 220    0.0000102  -0.00009320
 221    0.0000098  -0.00008969
 222    0.0000103  -0.00009212
 223    0.0000129  -0.00012335
 224    0.0000137  -0.00012868
 225    0.0000156  -0.00014221
 226    0.0000151  -0.00013159
 227    0.0000017  -0.00004012
 228    0.0000003  -0.00002518
 229    0.0000003  -0.00000474
 230    0.0000003  -0.00000466
 231    0.0000002  -0.00000401
 232    0.0000133  -0.00010783
 233    0.0000132  -0.00011081
 234    0.0000132  -0.00010945
 235    0.0000139  -0.00011257
 236    0.0000133  -0.00010625
 237    0.0000139  -0.00011226
 238    0.0000139  -0.00011075
 239    0.0000128  -0.00010619
 240    0.0000098  -0.00009120
 241    0.0000094  -0.00008956
 242    0.0000097  -0.00008976
 243    0.0000098  -0.00009170
 244    0.0000124  -0.00011951
 245    0.0000133  -0.00012679
 246    0.0000143  -0.00012780
 247    0.0000142  -0.00012864
 248    0.0000017  -0.00005546
 249    0.0000003  -0.00000546
 250    0.0000002  -0.00000348
 251    0.0000002  -0.00000376
 252    0.0000002  -0.00000375
 253    0.0000128  -0.00010702
 254    0.0000126  -0.00010291
 255    0.0000119  -0.00010464
 256    0.0000122  -0.00010173
 257    0.0000117  -0.00009980
 258    0.0000124  -0.00010800
 259    0.0000129  -0.00010560
 260    0.0000126  -0.00011176
 261    0.0000092  -0.00008688
 262    0.0000089  -0.00008619
 263    0.0000075  -0.00008209
 264    0.0000098  -0.00008932
 265    0.0000122  -0.00011179
 266    0.0000129  -0.00012059
 267    0.0000141  -0.00012520
 268    0.0000135  -0.00012505
 269    0.0000016  -0.00004238
 270    0.0000002  -0.00000375
 271    0.0000002  -0.00000416
 272    0.0000002  -0.00000449
 273    0.0000002  -0.00000421
 
----------------
 Final Energies 
----------------
Final NOF Total Energy =    -436.9551502
 
Total Orbital Internal Iterations = 2190
Total Occupation Internal Iterations = 286
 
Elapsed time:  858.67 Seconds

---------------------------------
   Lowdin Population Analysis    
---------------------------------
 Idx  Atom   Population   Charge 
---------------------------------
  1     C     7.481      -1.481
  2     F     8.630       0.370
  3     F     8.630       0.370
  4     F     8.630       0.370
  5     F     8.630       0.370

---------------------------------
   M Diagnostic: 0.01
---------------------------------

Recovering execution output...
Moving from /scratch/pobleyef/168589 to /home-nas/pobleyef/Poison-Set/ncwomax/P30-5/GNOFm01/arina.168589
mkdir -p /home-nas/pobleyef/Poison-Set/ncwomax/P30-5/GNOFm01/arina.168589
mv /scratch/pobleyef/168589/* /home-nas/pobleyef/Poison-Set/ncwomax/P30-5/GNOFm01/arina.168589
