G2RC_10_67
/software/eb2024/easybuild/software/common/software/Julia/1.11.3-linux-x86_64/bin/julia
Job runing on nh041
Choosing scratch ...
Automatic scratch folder selection
/scratch/pobleyef/168592
/scratch/pobleyef/168592 directory
cp G2RC_10_67.jl G2RC_10_67.jld2 to  /scratch/pobleyef/168592/.
Computing Integrals
Elapsed time:    9.66 Seconds

Number of basis functions                   (NBF)    = 350
Number of auxiliary basis functions         (NBFAUX) = 640
Inactive Doubly occupied orbitals up to     (NO1)    = 0
No. considered Strongly Doubly occupied MOs (NDOC)   = 41
No. considered Strongly Singly occupied MOs (NSOC)   = 0
NO. of Weakly occ. per St. Doubly occ.  MOs (NCWO)   = 7
Dimension of the Nat. Orb. subspace         (NBF5)   = 328
No. of electrons                                     = 82
    No. of alpha electrons                           = 41
    No. of beta electrons                            = 41
Multiplicity                                         = 1

Geometry
========
Si       0.0000000       0.0000000       0.0000000
Cl       1.1825283      -1.1825283       1.1825283
Cl      -1.1825283       1.1825283       1.1825283
Cl      -1.1825283      -1.1825283      -1.1825283
Cl       1.1825283       1.1825283      -1.1825283

No violations of the orthonormality
No violations of the orthonormality
 
PNOF9/ADABelief Calculation
==================
 
  Nitext  Nit_orb  Time   Nit_occ  Time         Eelec          Etot           Ediff      maxdiff    MaxGrad_orb  Grad_occ
     1      10    3.7e+01   59    4.5e+01 -2647.31896097 -2127.01633804 -12646.31896097   0.002304   8.1e-03   3.3e-04 0.01
     2      20    1.6e+01    0    6.4e-01 -2649.07022318 -2128.76760025    -1.75126221   0.002027   8.1e-03   3.3e-04 0.01
     3      40    3.1e+01   61    9.7e+00 -2649.24408727 -2128.94146434    -0.17386409   0.526097   2.1e+00   2.3e-04 0.01
     4      40    3.2e+01   33    5.7e+00 -2649.45598048 -2129.15335755    -0.21189321   0.079717   3.2e-01   2.3e-04 0.01
     5      40    3.2e+01   24    4.3e+00 -2649.49071982 -2129.18809689    -0.03473934   0.051693   2.1e-01   3.3e-04 0.01
     6      40    3.1e+01   25    4.6e+00 -2649.50928853 -2129.20666560    -0.01856871   0.015926   6.4e-02   3.1e-04 0.01
     7      40    3.1e+01   20    3.8e+00 -2649.52245544 -2129.21983251    -0.01316691   0.011599   4.6e-02   3.0e-04 0.01
     8      40    3.1e+01   12    2.6e+00 -2649.53330856 -2129.23068563    -0.01085312   0.013906   5.6e-02   3.3e-04 0.01
     9      40    3.1e+01   16    3.2e+00 -2649.54048554 -2129.23786261    -0.00717698   0.016537   6.6e-02   2.8e-04 0.01
    10      40    3.1e+01   12    2.6e+00 -2649.54597523 -2129.24335229    -0.00548969   0.018097   7.2e-02   3.4e-04 0.01
    11      40    3.1e+01   12    2.6e+00 -2649.55027034 -2129.24764741    -0.00429511   0.016986   6.8e-02   3.6e-04 0.01
    12      40    3.1e+01   12    2.6e+00 -2649.55378314 -2129.25116021    -0.00351281   0.019160   7.7e-02   3.5e-04 0.01
    13      40    3.1e+01   13    2.7e+00 -2649.55652674 -2129.25390381    -0.00274359   0.018724   7.5e-02   2.6e-04 0.01
    14      40    3.1e+01    8    1.9e+00 -2649.55858831 -2129.25596538    -0.00206158   0.018569   7.4e-02   3.1e-04 0.01
    15      40    3.1e+01   10    2.2e+00 -2649.56018839 -2129.25756546    -0.00160007   0.017740   7.1e-02   3.7e-04 0.01
    16      40    3.1e+01    8    1.9e+00 -2649.56122529 -2129.25860236    -0.00103691   0.016304   6.5e-02   3.0e-04 0.01
    17      40    3.1e+01   12    2.5e+00 -2649.56216850 -2129.25954557    -0.00094321   0.017652   7.1e-02   2.9e-04 0.01
    18      40    3.1e+01    4    1.3e+00 -2649.56279109 -2129.26016815    -0.00062258   0.018754   7.5e-02   3.4e-04 0.01
    19      40    3.0e+01   12    2.6e+00 -2649.56333909 -2129.26071616    -0.00054800   0.017681   7.1e-02   2.8e-04 0.01
    20      40    3.1e+01    6    1.7e+00 -2649.56381507 -2129.26119214    -0.00047598   0.017963   7.2e-02   2.4e-04 0.01
    21      40    3.1e+01   10    2.2e+00 -2649.56422533 -2129.26160239    -0.00041025   0.019007   7.6e-02   2.7e-04 0.01
    22      40    3.1e+01    2    9.6e-01 -2649.56442545 -2129.26180252    -0.00020012   0.086441   3.5e-01   3.1e-04 0.01
    23      40    3.1e+01    4    1.3e+00 -2649.56478346 -2129.26216053    -0.00035801   0.018605   7.4e-02   2.9e-04 0.01
    24      40    3.1e+01    0    6.3e-01 -2649.56480534 -2129.26218241    -0.00002188   0.018605   7.4e-02   2.9e-04 0.01
    25      60    4.6e+01    2    9.6e-01 -2649.56764965 -2129.26502672    -0.00284431   0.001563   6.3e-03   2.7e-04 0.01
    26      60    4.5e+01    0    6.7e-01 -2649.56765731 -2129.26503437    -0.00000765   0.001563   6.3e-03   2.7e-04 0.01
    27      80    6.1e+01    1    9.0e-01 -2649.56772679 -2129.26510386    -0.00006948   0.000573   2.3e-03   3.0e-04 0.01
 
RESULTS OF THE OCCUPATION OPTIMIZATION
========================================
   1    1.9999989  -104.92220733
   2    1.9999988  -104.92209670
   3    1.9999988  -104.84625983
   4    1.9999986  -91.83230796
   5    1.9999982  -82.19045416
   6    1.9995583  -10.60481987
   7    1.9995332  -10.60248765
   8    1.9994679  -10.60064426
   9    1.9994596  -10.59891993
  10    1.9989210  -8.08241305
  11    1.9988830  -8.08130206
  12    1.9986951  -8.07935783
  13    1.9986914  -8.07712392
  14    1.9986844  -8.06890075
  15    1.9986765  -8.06191650
  16    1.9986492  -8.06131553
  17    1.9986459  -8.04463499
  18    1.9985887  -8.01189467
  19    1.9986209  -8.00254572
  20    1.9985296  -7.92356692
  21    1.9983234  -7.87203099
  22    1.9979624  -6.89048011
  23    1.9969127  -4.40789959
  24    1.9965789  -4.40241359
  25    1.9959764  -4.40178616
  26    1.9925716  -1.13115906
  27    1.9925839  -1.12983064
  28    1.9924809  -1.12840252
  29    1.9929454  -1.12128257
  30    1.9898414  -0.67735674
  31    1.9890291  -0.64959214
  32    1.9889693  -0.64942082
  33    1.9889678  -0.64899001
  34    1.9893657  -0.52500251
  35    1.9890914  -0.52451062
  36    1.9890468  -0.52434703
  37    1.9888732  -0.52415584
  38    1.9890691  -0.52398639
  39    1.9888005  -0.52364898
  40    1.9887719  -0.52348190
  41    1.9877434  -0.52195156
  42    0.0034128  -0.01488412
  43    0.0038700  -0.01570226
  44    0.0038523  -0.01576168
  45    0.0034191  -0.01563252
  46    0.0037752  -0.01595396
  47    0.0033887  -0.01562297
  48    0.0033944  -0.01571546
  49    0.0033966  -0.01594937
  50    0.0072919  -0.02681643
  51    0.0072511  -0.02676663
  52    0.0073043  -0.02685829
  53    0.0078796  -0.02920685
  54    0.0043211  -0.02780590
  55    0.0038000  -0.02695364
  56    0.0038441  -0.02709764
  57    0.0038219  -0.02705032
  58    0.0024274  -0.01955677
  59    0.0027151  -0.02728125
  60    0.0025594  -0.02017233
  61    0.0017355  -0.01764103
  62    0.0008290  -0.00928471
  63    0.0008628  -0.00896626
  64    0.0008567  -0.00927026
  65    0.0008809  -0.00947745
  66    0.0008712  -0.00927358
  67    0.0008419  -0.00921549
  68    0.0008629  -0.00969477
  69    0.0008380  -0.00957953
  70    0.0008571  -0.00948171
  71    0.0008576  -0.00947398
  72    0.0009775  -0.01010782
  73    0.0009248  -0.00951460
  74    0.0004559  -0.00962796
  75    0.0004483  -0.00951550
  76    0.0004022  -0.01038478
  77    0.0003749  -0.00951567
  78    0.0000011  -0.00004171
  79    0.0000004  -0.00001427
  80    0.0000004  -0.00001437
  81    0.0000006  -0.00002256
  82    0.0000006  -0.00001913
  83    0.0029241  -0.01015715
  84    0.0033415  -0.01163771
  85    0.0033348  -0.01160476
  86    0.0029165  -0.01118122
  87    0.0032458  -0.01155714
  88    0.0030070  -0.01099872
  89    0.0029959  -0.01101587
  90    0.0029335  -0.01158503
  91    0.0028691  -0.01091696
  92    0.0028764  -0.01089228
  93    0.0028162  -0.01083244
  94    0.0013844  -0.00754873
  95    0.0016158  -0.01027015
  96    0.0015741  -0.01039708
  97    0.0015844  -0.01033663
  98    0.0016215  -0.01050619
  99    0.0014065  -0.00981463
 100    0.0005500  -0.00797644
 101    0.0002366  -0.00572976
 102    0.0001839  -0.00290349
 103    0.0004166  -0.00947498
 104    0.0003958  -0.00992127
 105    0.0003942  -0.00949540
 106    0.0004344  -0.00958235
 107    0.0003924  -0.00990737
 108    0.0003964  -0.00957649
 109    0.0003943  -0.00942915
 110    0.0003935  -0.00984581
 111    0.0004069  -0.00964029
 112    0.0003921  -0.00955386
 113    0.0000620  -0.00195660
 114    0.0000643  -0.00214507
 115    0.0000547  -0.00222792
 116    0.0000570  -0.00273580
 117    0.0000403  -0.00046915
 118    0.0000468  -0.00112988
 119    0.0000002  -0.00000903
 120    0.0000004  -0.00001209
 121    0.0000004  -0.00001222
 122    0.0000002  -0.00000893
 123    0.0000002  -0.00000835
 124    0.0028664  -0.01006619
 125    0.0032499  -0.01212650
 126    0.0032493  -0.01216279
 127    0.0028845  -0.01132273
 128    0.0031560  -0.01205026
 129    0.0029510  -0.01143877
 130    0.0029465  -0.01150280
 131    0.0028991  -0.01143114
 132    0.0003421  -0.00131967
 133    0.0003369  -0.00131246
 134    0.0003361  -0.00130206
 135    0.0003584  -0.00138954
 136    0.0003485  -0.00161265
 137    0.0012880  -0.00890309
 138    0.0012430  -0.00855803
 139    0.0012398  -0.00852265
 140    0.0000770  -0.00079280
 141    0.0000774  -0.00077240
 142    0.0001907  -0.00223686
 143    0.0000615  -0.00065936
 144    0.0003901  -0.00961737
 145    0.0001714  -0.00320459
 146    0.0000908  -0.00201367
 147    0.0000635  -0.00162430
 148    0.0000567  -0.00063193
 149    0.0000793  -0.00171285
 150    0.0000296  -0.00052816
 151    0.0000512  -0.00055818
 152    0.0000131  -0.00044987
 153    0.0000139  -0.00053961
 154    0.0000316  -0.00074677
 155    0.0000499  -0.00053069
 156    0.0000098  -0.00024859
 157    0.0000117  -0.00017424
 158    0.0000075  -0.00007090
 159    0.0000062  -0.00006394
 160    0.0000001  -0.00000676
 161    0.0000003  -0.00001012
 162    0.0000002  -0.00000819
 163    0.0000001  -0.00000654
 164    0.0000001  -0.00000678
 165    0.0027709  -0.00997026
 166    0.0002968  -0.00116017
 167    0.0002962  -0.00115894
 168    0.0011330  -0.00659022
 169    0.0002845  -0.00112775
 170    0.0011440  -0.00627698
 171    0.0011485  -0.00637433
 172    0.0011453  -0.00644993
 173    0.0003349  -0.00129413
 174    0.0003325  -0.00129465
 175    0.0003340  -0.00129336
 176    0.0003141  -0.00125359
 177    0.0003295  -0.00140190
 178    0.0002659  -0.00128727
 179    0.0002606  -0.00125717
 180    0.0002594  -0.00127445
 181    0.0000570  -0.00054926
 182    0.0000224  -0.00016906
 183    0.0000306  -0.00022990
 184    0.0000151  -0.00016853
 185    0.0000142  -0.00038914
 186    0.0000144  -0.00013386
 187    0.0000141  -0.00025558
 188    0.0000106  -0.00013009
 189    0.0000116  -0.00013358
 190    0.0000125  -0.00029618
 191    0.0000130  -0.00046574
 192    0.0000140  -0.00014288
 193    0.0000107  -0.00018772
 194    0.0000118  -0.00026380
 195    0.0000129  -0.00012251
 196    0.0000152  -0.00024470
 197    0.0000067  -0.00006949
 198    0.0000052  -0.00008581
 199    0.0000051  -0.00020323
 200    0.0000042  -0.00006812
 201    0.0000001  -0.00000595
 202    0.0000001  -0.00000528
 203    0.0000001  -0.00000418
 204    0.0000001  -0.00000337
 205    0.0000001  -0.00000293
 206    0.0001213  -0.00051570
 207    0.0002905  -0.00113691
 208    0.0002887  -0.00113392
 209    0.0002639  -0.00110849
 210    0.0002821  -0.00111287
 211    0.0002760  -0.00114238
 212    0.0002814  -0.00116465
 213    0.0001127  -0.00062875
 214    0.0001024  -0.00054201
 215    0.0001349  -0.00064549
 216    0.0000722  -0.00033797
 217    0.0000914  -0.00049017
 218    0.0001749  -0.00098574
 219    0.0002453  -0.00115600
 220    0.0002464  -0.00114719
 221    0.0002452  -0.00114642
 222    0.0000195  -0.00014198
 223    0.0000205  -0.00014656
 224    0.0000304  -0.00027177
 225    0.0000151  -0.00023821
 226    0.0000106  -0.00010622
 227    0.0000119  -0.00011940
 228    0.0000136  -0.00043470
 229    0.0000084  -0.00008493
 230    0.0000096  -0.00009882
 231    0.0000098  -0.00015624
 232    0.0000108  -0.00013826
 233    0.0000076  -0.00007182
 234    0.0000080  -0.00008039
 235    0.0000111  -0.00016047
 236    0.0000129  -0.00034294
 237    0.0000105  -0.00022024
 238    0.0000047  -0.00007344
 239    0.0000037  -0.00013033
 240    0.0000049  -0.00006645
 241    0.0000042  -0.00014215
 242    0.0000001  -0.00000474
 243    0.0000000  -0.00000254
 244    0.0000000  -0.00000220
 245    0.0000001  -0.00000269
 246    0.0000000  -0.00000195
 247    0.0000985  -0.00046184
 248    0.0001134  -0.00057397
 249    0.0001100  -0.00052221
 250    0.0002590  -0.00109208
 251    0.0002801  -0.00110682
 252    0.0000944  -0.00050033
 253    0.0000811  -0.00043739
 254    0.0000828  -0.00044462
 255    0.0000472  -0.00020277
 256    0.0000584  -0.00024563
 257    0.0000578  -0.00025683
 258    0.0000749  -0.00034916
 259    0.0001543  -0.00095593
 260    0.0002302  -0.00111979
 261    0.0001243  -0.00073186
 262    0.0001465  -0.00087978
 263    0.0000186  -0.00013934
 264    0.0000182  -0.00013901
 265    0.0000203  -0.00014727
 266    0.0000144  -0.00016424
 267    0.0000081  -0.00007674
 268    0.0000073  -0.00007295
 269    0.0000049  -0.00006712
 270    0.0000076  -0.00007466
 271    0.0000072  -0.00007200
 272    0.0000064  -0.00009282
 273    0.0000070  -0.00006923
 274    0.0000072  -0.00007336
 275    0.0000074  -0.00007031
 276    0.0000104  -0.00010737
 277    0.0000125  -0.00026642
 278    0.0000086  -0.00010216
 279    0.0000047  -0.00007203
 280    0.0000034  -0.00010746
 281    0.0000041  -0.00006508
 282    0.0000028  -0.00043711
 283    0.0000001  -0.00000471
 284    0.0000000  -0.00000223
 285    0.0000000  -0.00000195
 286    0.0000000  -0.00000226
 287    0.0000000  -0.00000165
 288    0.0000626  -0.00029116
 289    0.0000659  -0.00031016
 290    0.0000682  -0.00033036
 291    0.0000549  -0.00026319
 292    0.0001031  -0.00050644
 293    0.0000921  -0.00046999
 294    0.0000609  -0.00031657
 295    0.0000643  -0.00032390
 296    0.0000446  -0.00019405
 297    0.0000405  -0.00018948
 298    0.0000503  -0.00021600
 299    0.0000558  -0.00024247
 300    0.0001105  -0.00076467
 301    0.0001156  -0.00072603
 302    0.0001134  -0.00068620
 303    0.0000940  -0.00061979
 304    0.0000177  -0.00013446
 305    0.0000176  -0.00013490
 306    0.0000193  -0.00014022
 307    0.0000121  -0.00010585
 308    0.0000080  -0.00007340
 309    0.0000066  -0.00006834
 310    0.0000047  -0.00006080
 311    0.0000059  -0.00006724
 312    0.0000053  -0.00005728
 313    0.0000045  -0.00006621
 314    0.0000058  -0.00009976
 315    0.0000040  -0.00006147
 316    0.0000054  -0.00011055
 317    0.0000080  -0.00008253
 318    0.0000075  -0.00007233
 319    0.0000058  -0.00006708
 320    0.0000040  -0.00023250
 321    0.0000028  -0.00048715
 322    0.0000027  -0.00046836
 323    0.0000027  -0.00050955
 324    0.0000001  -0.00000479
 325    0.0000000  -0.00000192
 326    0.0000000  -0.00000158
 327    0.0000000  -0.00000156
 328    0.0000000  -0.00000156
 
----------------
 Final Energies 
----------------
Final NOF Total Energy =   -2129.2651039
 
Total Orbital Internal Iterations = 1110
Total Occupation Internal Iterations = 378
 
Elapsed time: 1073.42 Seconds

---------------------------------
   Lowdin Population Analysis    
---------------------------------
 Idx  Atom   Population   Charge 
---------------------------------
  1    Si    15.792      -1.792
  2    Cl    16.552       0.448
  3    Cl    16.552       0.448
  4    Cl    16.552       0.448
  5    Cl    16.552       0.448

---------------------------------
   M Diagnostic: 0.01
---------------------------------

Recovering execution output...
Moving from /scratch/pobleyef/168592 to /home-nas/pobleyef/Poison-Set/ncwomax/P30-5/GNOFm01/arina.168592
mkdir -p /home-nas/pobleyef/Poison-Set/ncwomax/P30-5/GNOFm01/arina.168592
mv /scratch/pobleyef/168592/* /home-nas/pobleyef/Poison-Set/ncwomax/P30-5/GNOFm01/arina.168592
