mg
/software/eb2024/easybuild/software/common/software/Julia/1.11.3-linux-x86_64/bin/julia
Job runing on nh022
Choosing scratch ...
Automatic scratch folder selection
/scratch/pobleyef/168600
/scratch/pobleyef/168600 directory
cp mg.jl mg.jld2 to  /scratch/pobleyef/168600/.
Computing Integrals
Elapsed time:    5.94 Seconds

Number of basis functions                   (NBF)    = 51
Number of auxiliary basis functions         (NBFAUX) = 112
Inactive Doubly occupied orbitals up to     (NO1)    = 0
No. considered Strongly Doubly occupied MOs (NDOC)   = 6
No. considered Strongly Singly occupied MOs (NSOC)   = 0
NO. of Weakly occ. per St. Doubly occ.  MOs (NCWO)   = 7
Dimension of the Nat. Orb. subspace         (NBF5)   = 48
No. of electrons                                     = 12
    No. of alpha electrons                           = 6
    No. of beta electrons                            = 6
Multiplicity                                         = 1

Geometry
========
Mg       0.0000000       0.0000000       0.0000000

No violations of the orthonormality
No violations of the orthonormality
 
PNOF9/ADABelief Calculation
==================
 
  Nitext  Nit_orb  Time   Nit_occ  Time         Eelec          Etot           Ediff      maxdiff    MaxGrad_orb  Grad_occ
     1      10    2.8e+01   59    3.3e+01  -199.59034518  -199.59034518 -10198.59034518   0.007826   3.3e-02   1.7e-04 0.01
     2      20    2.1e-01   17    2.6e-02  -199.81540657  -199.81540657    -0.22506139   0.013835   5.5e-02   1.8e-04 0.01
     3      20    6.1e-02   15    2.5e-02  -199.82471241  -199.82471241    -0.00930584   0.020633   8.3e-02   1.7e-04 0.01
     4      20    6.7e-02   17    2.5e-02  -199.82739294  -199.82739294    -0.00268053   0.019174   7.7e-02   2.0e-04 0.01
     5      20    6.9e-02    5    7.6e-03  -199.83022530  -199.83022530    -0.00283236   0.014212   5.7e-02   2.1e-04 0.01
     6      20    6.2e-02    9    1.5e-02  -199.83151985  -199.83151985    -0.00129455   0.017946   7.2e-02   1.7e-04 0.01
     7      20    6.0e-02    6    1.2e-02  -199.83258745  -199.83258745    -0.00106759   0.026036   1.0e-01   1.8e-04 0.01
     8      20    6.2e-02    5    1.1e-02  -199.83341913  -199.83341913    -0.00083169   0.011982   4.8e-02   1.6e-04 0.01
     9      20    6.6e-02    6    1.2e-02  -199.83375336  -199.83375336    -0.00033423   0.013556   5.4e-02   1.2e-04 0.01
    10      20    6.7e-02    0    2.6e-03  -199.83378190  -199.83378190    -0.00002854   0.013556   5.4e-02   1.2e-04 0.01
    11      40    1.2e-01    3    9.3e-03  -199.83438936  -199.83438936    -0.00060746   0.001274   5.1e-03   1.2e-04 0.01
    12      40    1.2e-01    0    6.2e-03  -199.83442119  -199.83442119    -0.00003183   0.003464   1.4e-02   2.1e-04 0.01
    13      50    1.6e-01   11    1.6e-02  -199.83447667  -199.83447667    -0.00005548   0.001415   5.7e-03   1.2e-04 0.01
    14      50    1.5e-01    0    2.8e-03  -199.83464789  -199.83464789    -0.00017121   0.001980   7.9e-03   1.3e-04 0.01
    15      60    1.9e-01    0    2.7e-03  -199.83471567  -199.83471567    -0.00006778   0.001334   5.3e-03   1.7e-04 0.01
    16      70    2.1e-01    8    1.6e-02  -199.83477244  -199.83477244    -0.00005677   0.000980   3.9e-03   1.0e-04 0.01
 
RESULTS OF THE OCCUPATION OPTIMIZATION
========================================
   1    1.9999964  -49.07016822
   2    1.9976746  -3.79811149
   3    1.9965961  -2.31117854
   4    1.9952793  -2.30940560
   5    1.9936555  -2.30718494
   6    1.9872497  -0.26095894
   7    0.0038281  -0.00787285
   8    0.0020532  -0.01248237
   9    0.0045438  -0.02806903
  10    0.0026417  -0.01367084
  11    0.0022081  -0.01308384
  12    0.0000035  -0.00025110
  13    0.0038233  -0.00790592
  14    0.0020522  -0.01234479
  15    0.0001165  -0.00062689
  16    0.0004088  -0.00615428
  17    0.0000620  -0.00179017
  18    0.0000000  -0.00000038
  19    0.0038154  -0.00790869
  20    0.0020180  -0.01228439
  21    0.0000390  -0.00014187
  22    0.0001573  -0.00068998
  23    0.0000226  -0.00009237
  24    0.0000000  -0.00000037
  25    0.0004116  -0.00081758
  26    0.0001081  -0.00055860
  27    0.0000103  -0.00005485
  28    0.0001544  -0.00068488
  29    0.0000144  -0.00059828
  30    0.0000000  -0.00000037
  31    0.0004093  -0.00081300
  32    0.0001025  -0.00053169
  33    0.0000040  -0.00001311
  34    0.0000256  -0.00009433
  35    0.0000073  -0.00002162
  36    0.0000000  -0.00000036
  37    0.0003826  -0.00075219
  38    0.0000052  -0.00001471
  39    0.0000036  -0.00001246
  40    0.0000089  -0.00002411
  41    0.0000056  -0.00001579
  42    0.0000000  -0.00000036
  43    0.0000801  -0.00014817
  44    0.0000052  -0.00001471
  45    0.0000036  -0.00001242
  46    0.0000073  -0.00001972
  47    0.0000054  -0.00006737
  48    0.0000000  -0.00000025
 
----------------
 Final Energies 
----------------
Final NOF Total Energy =    -199.8347724
 
Total Orbital Internal Iterations = 500
Total Occupation Internal Iterations = 161
 
Elapsed time:   80.56 Seconds

---------------------------------
   Lowdin Population Analysis    
---------------------------------
 Idx  Atom   Population   Charge 
---------------------------------
  1    Mg    12.000      -0.000

---------------------------------
   M Diagnostic: 0.01
---------------------------------

Recovering execution output...
Moving from /scratch/pobleyef/168600 to /home-nas/pobleyef/Poison-Set/ncwomax/P30-5/GNOFm01/arina.168600
mkdir -p /home-nas/pobleyef/Poison-Set/ncwomax/P30-5/GNOFm01/arina.168600
mv /scratch/pobleyef/168600/* /home-nas/pobleyef/Poison-Set/ncwomax/P30-5/GNOFm01/arina.168600
