p
/software/eb2024/easybuild/software/common/software/Julia/1.11.3-linux-x86_64/bin/julia
Job runing on nh042
Choosing scratch ...
Automatic scratch folder selection
/scratch/pobleyef/168603
/scratch/pobleyef/168603 directory
cp p.jl p.jld2 to  /scratch/pobleyef/168603/.
Computing Integrals
Elapsed time:    6.01 Seconds

Number of basis functions                   (NBF)    = 70
Number of auxiliary basis functions         (NBFAUX) = 128
Inactive Doubly occupied orbitals up to     (NO1)    = 0
No. considered Strongly Doubly occupied MOs (NDOC)   = 6
No. considered Strongly Singly occupied MOs (NSOC)   = 3
NO. of Weakly occ. per St. Doubly occ.  MOs (NCWO)   = 10
Dimension of the Nat. Orb. subspace         (NBF5)   = 69
No. of electrons                                     = 15
    No. of alpha electrons                           = 9
    No. of beta electrons                            = 6
Multiplicity                                         = 4

Geometry
========
 P       0.0000000       0.0000000       0.0000000

No violations of the orthonormality
No violations of the orthonormality
 
PNOF9/ADABelief Calculation
==================
 
  Nitext  Nit_orb  Time   Nit_occ  Time         Eelec          Etot           Ediff      maxdiff    MaxGrad_orb  Grad_occ
     1      10    2.8e+01   56    3.4e+01  -340.67643897  -340.67643897 -10339.67643897   0.005762   2.3e-02   2.3e-04 0.01
     2      20    1.8e-01   42    1.8e-01  -340.98213524  -340.98213524    -0.30569626   0.170248   6.8e-01   2.1e-04 0.01
     3      20    1.4e-01   45    2.7e-01  -341.00633954  -341.00633954    -0.02420430   0.018950   7.6e-02   1.6e-04 0.01
     4      20    1.2e-01   14    5.7e-02  -341.00846196  -341.00846196    -0.00212243   0.051886   2.1e-01   2.2e-04 0.01
     5      20    1.2e-01   23    8.7e-02  -341.01266391  -341.01266391    -0.00420195   0.038905   1.6e-01   1.7e-04 0.01
     6      20    1.4e-01   12    5.4e-02  -341.01438041  -341.01438041    -0.00171650   0.031852   1.3e-01   1.6e-04 0.01
     7      20    1.8e-01   12    5.0e-02  -341.01544903  -341.01544903    -0.00106861   0.029680   1.2e-01   2.0e-04 0.01
     8      20    1.6e-01   18    7.0e-02  -341.01671677  -341.01671677    -0.00126774   0.027723   1.1e-01   1.5e-04 0.01
     9      20    1.6e-01    0    6.0e-03  -341.01688064  -341.01688064    -0.00016387   0.027723   1.1e-01   1.5e-04 0.01
    10      40    2.1e-01    9    4.7e-02  -341.01921363  -341.01921363    -0.00233298   0.002438   9.8e-03   1.5e-04 0.01
    11      40    2.3e-01    4    2.3e-02  -341.01952488  -341.01952488    -0.00031125   0.005666   2.3e-02   2.2e-04 0.01
    12      40    2.5e-01    7    3.3e-02  -341.01981412  -341.01981412    -0.00028924   0.005012   2.0e-02   1.9e-04 0.01
    13      40    2.4e-01    4    2.3e-02  -341.02010477  -341.02010477    -0.00029066   0.003632   1.5e-02   2.2e-04 0.01
    14      40    2.6e-01    7    3.3e-02  -341.02034883  -341.02034883    -0.00024406   0.004508   1.8e-02   2.1e-04 0.01
    15      40    2.5e-01    8    3.8e-02  -341.02060977  -341.02060977    -0.00026094   0.002221   8.9e-03   1.7e-04 0.01
    16      40    2.1e-01    8    3.9e-02  -341.02082012  -341.02082012    -0.00021036   0.002291   9.2e-03   1.5e-04 0.01
    17      40    2.3e-01    8    3.7e-02  -341.02099935  -341.02099935    -0.00017923   0.002085   8.3e-03   1.3e-04 0.01
    18      40    2.3e-01    8    3.8e-02  -341.02114324  -341.02114324    -0.00014389   0.002930   1.2e-02   1.2e-04 0.01
    19      40    2.3e-01    7    3.5e-02  -341.02125326  -341.02125326    -0.00011002   0.003670   1.5e-02   1.3e-04 0.01
    20      40    2.2e-01    6    3.1e-02  -341.02140475  -341.02140475    -0.00015149   0.001481   5.9e-03   1.6e-04 0.01
    21      40    2.6e-01    4    2.4e-02  -341.02149025  -341.02149025    -0.00008550   0.002494   1.0e-02   1.5e-04 0.01
    22      40    2.3e-01    4    1.9e-02  -341.02156358  -341.02156358    -0.00007333   0.001941   7.8e-03   1.7e-04 0.01
    23      40    2.4e-01    4    2.5e-02  -341.02160500  -341.02160500    -0.00004141   0.002218   8.9e-03   1.6e-04 0.01
    24      40    2.5e-01    4    2.4e-02  -341.02164614  -341.02164614    -0.00004115   0.002250   9.0e-03   1.6e-04 0.01
    25      40    2.4e-01    4    1.7e-02  -341.02167390  -341.02167390    -0.00002775   0.002167   8.7e-03   1.4e-04 0.01
    26      40    2.3e-01    2    1.8e-02  -341.02170127  -341.02170127    -0.00002737   0.002399   9.6e-03   1.7e-04 0.01
    27      40    2.2e-01    3    2.1e-02  -341.02172536  -341.02172536    -0.00002409   0.002173   8.7e-03   1.4e-04 0.01
    28      40    2.3e-01    1    9.5e-03  -341.02174141  -341.02174141    -0.00001605   0.002332   9.3e-03   1.3e-04 0.01
    29      40    2.4e-01    1    9.4e-03  -341.02175705  -341.02175705    -0.00001564   0.002209   8.8e-03   1.4e-04 0.01
    30      40    2.6e-01    1    9.3e-03  -341.02176854  -341.02176854    -0.00001149   0.002242   9.0e-03   1.5e-04 0.01
    31      40    2.5e-01    0    6.1e-03  -341.02178532  -341.02178532    -0.00001678   0.002174   8.7e-03   1.4e-04 0.01
    32      50    3.1e-01    2    1.6e-02  -341.02179362  -341.02179362    -0.00000831   0.001753   7.0e-03   1.5e-04 0.01
    33      50    3.1e-01    0    1.1e-02  -341.02179952  -341.02179952    -0.00000590   0.001864   7.5e-03   1.5e-04 0.01
    34      60    3.6e-01    0    5.7e-03  -341.02180361  -341.02180361    -0.00000409   0.002086   8.3e-03   1.6e-04 0.01
    35      70    4.0e-01    0    5.6e-03  -341.02180820  -341.02180820    -0.00000459   0.001688   6.8e-03   1.9e-04 0.01
    36      80    4.4e-01    0    1.1e-02  -341.02181019  -341.02181019    -0.00000199   0.001549   6.2e-03   1.7e-04 0.01
    37      90    4.9e-01    0    5.3e-03  -341.02181303  -341.02181303    -0.00000284   0.001343   5.4e-03   2.0e-04 0.01
    38     100    5.4e-01    0    1.1e-02  -341.02181519  -341.02181519    -0.00000216   0.001156   4.6e-03   1.8e-04 0.01
    39     110    6.0e-01    0    5.4e-03  -341.02181725  -341.02181725    -0.00000206   0.000794   3.2e-03   2.0e-04 0.01
 
RESULTS OF THE OCCUPATION OPTIMIZATION
========================================
   1    1.9999966  -80.03074593
   2    1.9980064  -7.53389504
   3    1.9960068  -5.42477315
   4    1.9960533  -5.42462396
   5    1.9960399  -5.42462241
   6    1.9831075  -0.71448831
   7    1.0000000  -0.20672334
   8    1.0000000  -0.20668868
   9    1.0000000  -0.20666277
  10    0.0054504  -0.01394861
  11    0.0022978  -0.02179337
  12    0.0023383  -0.02193145
  13    0.0023311  -0.02189221
  14    0.0010081  -0.00934717
  15    0.0000025  -0.00041889
  16    0.0026938  -0.00679468
  17    0.0012417  -0.01077470
  18    0.0012470  -0.01166100
  19    0.0012911  -0.01207554
  20    0.0009129  -0.01389677
  21    0.0000004  -0.00000844
  22    0.0020008  -0.00412174
  23    0.0002131  -0.00241160
  24    0.0002183  -0.00243073
  25    0.0002152  -0.00240851
  26    0.0000191  -0.00018215
  27    0.0000001  -0.00000330
  28    0.0018498  -0.00372763
  29    0.0000935  -0.00367099
  30    0.0000488  -0.00038864
  31    0.0000473  -0.00032379
  32    0.0000180  -0.00015563
  33    0.0000001  -0.00000194
  34    0.0016771  -0.00347724
  35    0.0000463  -0.00032070
  36    0.0000483  -0.00032675
  37    0.0000385  -0.00029514
  38    0.0000125  -0.00105899
  39    0.0000000  -0.00000185
  40    0.0016256  -0.00336125
  41    0.0000270  -0.00021112
  42    0.0000164  -0.00014733
  43    0.0000270  -0.00021233
  44    0.0000067  -0.00005137
  45    0.0000000  -0.00000170
  46    0.0009465  -0.00358768
  47    0.0000206  -0.00016332
  48    0.0000086  -0.00005717
  49    0.0000245  -0.00020842
  50    0.0000050  -0.00004277
  51    0.0000000  -0.00000160
  52    0.0002163  -0.00056449
  53    0.0000082  -0.00005591
  54    0.0000083  -0.00005623
  55    0.0000075  -0.00005401
  56    0.0000041  -0.00002545
  57    0.0000000  -0.00000160
  58    0.0002162  -0.00056314
  59    0.0000069  -0.00005163
  60    0.0000075  -0.00005382
  61    0.0000069  -0.00005201
  62    0.0000039  -0.00002405
  63    0.0000000  -0.00000088
  64    0.0002159  -0.00056393
  65    0.0000051  -0.00003134
  66    0.0000051  -0.00002877
  67    0.0000038  -0.00002371
  68    0.0000033  -0.00002171
  69    0.0000000  -0.00000083
 
----------------
 Final Energies 
----------------
Final NOF Total Energy =    -341.0218172
 
Total Orbital Internal Iterations = 1660
Total Occupation Internal Iterations = 328
 
Elapsed time:   91.73 Seconds

---------------------------------
   Lowdin Population Analysis    
---------------------------------
 Idx  Atom   Population   Charge 
---------------------------------
  1     P    15.000      -0.000

---------------------------------
   M Diagnostic: 0.01
---------------------------------

Recovering execution output...
Moving from /scratch/pobleyef/168603 to /home-nas/pobleyef/Poison-Set/ncwomax/P30-5/GNOFm01/arina.168603
mkdir -p /home-nas/pobleyef/Poison-Set/ncwomax/P30-5/GNOFm01/arina.168603
mv /scratch/pobleyef/168603/* /home-nas/pobleyef/Poison-Set/ncwomax/P30-5/GNOFm01/arina.168603
