s
/software/eb2024/easybuild/software/common/software/Julia/1.11.3-linux-x86_64/bin/julia
Job runing on nh032
Choosing scratch ...
Automatic scratch folder selection
/scratch/pobleyef/168612
/scratch/pobleyef/168612 directory
cp s.jl s.jld2 to  /scratch/pobleyef/168612/.
Computing Integrals
Elapsed time:    5.96 Seconds

Number of basis functions                   (NBF)    = 70
Number of auxiliary basis functions         (NBFAUX) = 128
Inactive Doubly occupied orbitals up to     (NO1)    = 0
No. considered Strongly Doubly occupied MOs (NDOC)   = 7
No. considered Strongly Singly occupied MOs (NSOC)   = 2
NO. of Weakly occ. per St. Doubly occ.  MOs (NCWO)   = 8
Dimension of the Nat. Orb. subspace         (NBF5)   = 65
No. of electrons                                     = 16
    No. of alpha electrons                           = 9
    No. of beta electrons                            = 7
Multiplicity                                         = 3

Geometry
========
 S       0.0000000       0.0000000       0.0000000

No violations of the orthonormality
No violations of the orthonormality
 
PNOF9/ADABelief Calculation
==================
 
  Nitext  Nit_orb  Time   Nit_occ  Time         Eelec          Etot           Ediff      maxdiff    MaxGrad_orb  Grad_occ
     1      10    2.8e+01   53    3.3e+01  -397.46859004  -397.46859004 -10396.46859004   0.006510   2.6e-02   1.5e-04 0.01
     2      20    1.9e-01   37    1.3e-01  -397.80105545  -397.80105545    -0.33246541   0.450416   1.8e+00   1.5e-04 0.01
     3      20    1.7e-01   24    8.5e-02  -397.83779834  -397.83779834    -0.03674289   0.028658   1.1e-01   2.2e-04 0.01
     4      20    1.7e-01   17    6.0e-02  -397.84175603  -397.84175603    -0.00395769   0.066883   2.7e-01   2.1e-04 0.01
     5      20    1.5e-01   20    6.9e-02  -397.85036144  -397.85036144    -0.00860542   0.054640   2.2e-01   1.6e-04 0.01
     6      20    1.6e-01   17    6.4e-02  -397.85402045  -397.85402045    -0.00365901   0.040072   1.6e-01   1.8e-04 0.01
     7      20    1.4e-01   12    4.8e-02  -397.85695156  -397.85695156    -0.00293111   0.033011   1.3e-01   1.9e-04 0.01
     8      20    1.6e-01    9    3.9e-02  -397.85759041  -397.85759041    -0.00063884   0.041991   1.7e-01   2.2e-04 0.01
     9      20    1.3e-01   16    5.5e-02  -397.85790230  -397.85790230    -0.00031190   0.047417   1.9e-01   1.8e-04 0.01
    10      20    1.6e-01    8    3.1e-02  -397.85936405  -397.85936405    -0.00146175   0.033644   1.3e-01   1.8e-04 0.01
    11      20    1.4e-01    8    3.7e-02  -397.86007281  -397.86007281    -0.00070876   0.025119   1.0e-01   1.9e-04 0.01
    12      20    1.2e-01    6    2.5e-02  -397.86043897  -397.86043897    -0.00036616   0.027626   1.1e-01   2.2e-04 0.01
    13      20    1.2e-01    0    1.0e-02  -397.86046309  -397.86046309    -0.00002412   0.027626   1.1e-01   2.2e-04 0.01
    14      40    2.5e-01    5    1.9e-02  -397.86316728  -397.86316728    -0.00270418   0.003585   1.4e-02   1.8e-04 0.01
    15      40    2.4e-01    2    1.6e-02  -397.86323391  -397.86323391    -0.00006664   0.004967   2.0e-02   1.2e-04 0.01
    16      40    2.8e-01    0    5.4e-03  -397.86323546  -397.86323546    -0.00000154   0.004967   2.0e-02   1.2e-04 0.01
    17      60    4.2e-01    3    1.9e-02  -397.86331958  -397.86331958    -0.00008412   0.000501   2.0e-03   1.7e-04 0.01
 
RESULTS OF THE OCCUPATION OPTIMIZATION
========================================
   1    1.9999969  -92.06632531
   2    1.9988414  -9.01770011
   3    1.9969904  -6.70415067
   4    1.9974557  -6.70314340
   5    1.9971507  -6.69959923
   6    1.9903901  -0.90341201
   7    1.9827481  -0.41715667
   8    1.0000000  -0.25252082
   9    1.0000000  -0.25248232
  10    0.0051969  -0.00950883
  11    0.0041509  -0.02459507
  12    0.0017825  -0.02107988
  13    0.0017719  -0.02090462
  14    0.0017283  -0.02057598
  15    0.0008575  -0.00908171
  16    0.0000023  -0.00034799
  17    0.0047480  -0.00871431
  18    0.0022164  -0.01031901
  19    0.0009435  -0.00944817
  20    0.0004401  -0.01043914
  21    0.0009413  -0.00929012
  22    0.0002340  -0.00400663
  23    0.0000004  -0.00001228
  24    0.0047435  -0.00867694
  25    0.0019442  -0.01049198
  26    0.0000608  -0.00245189
  27    0.0002565  -0.00422831
  28    0.0002488  -0.00408417
  29    0.0000287  -0.00032163
  30    0.0000001  -0.00000562
  31    0.0011655  -0.00268817
  32    0.0007143  -0.00356716
  33    0.0000294  -0.00027893
  34    0.0000337  -0.00029938
  35    0.0000417  -0.00050399
  36    0.0000226  -0.00039715
  37    0.0000001  -0.00000506
  38    0.0003887  -0.00093077
  39    0.0001808  -0.00072667
  40    0.0000118  -0.00045290
  41    0.0000190  -0.00017382
  42    0.0000271  -0.00025812
  43    0.0000046  -0.00008481
  44    0.0000000  -0.00000288
  45    0.0003521  -0.00084622
  46    0.0001570  -0.00062393
  47    0.0000083  -0.00007450
  48    0.0000102  -0.00009605
  49    0.0000083  -0.00031132
  50    0.0000044  -0.00007705
  51    0.0000000  -0.00000273
  52    0.0003421  -0.00083432
  53    0.0001530  -0.00061793
  54    0.0000078  -0.00007217
  55    0.0000066  -0.00006501
  56    0.0000074  -0.00007215
  57    0.0000035  -0.00003550
  58    0.0000000  -0.00000255
  59    0.0003151  -0.00076232
  60    0.0000931  -0.00055305
  61    0.0000053  -0.00005269
  62    0.0000062  -0.00006088
  63    0.0000067  -0.00006174
  64    0.0000032  -0.00012646
  65    0.0000000  -0.00000213
 
----------------
 Final Energies 
----------------
Final NOF Total Energy =    -397.8633196
 
Total Orbital Internal Iterations = 430
Total Occupation Internal Iterations = 237
 
Elapsed time:   83.48 Seconds

---------------------------------
   Lowdin Population Analysis    
---------------------------------
 Idx  Atom   Population   Charge 
---------------------------------
  1     S    16.000      -0.000

---------------------------------
   M Diagnostic: 0.01
---------------------------------

Recovering execution output...
Moving from /scratch/pobleyef/168612 to /home-nas/pobleyef/Poison-Set/ncwomax/P30-5/GNOFm01/arina.168612
mkdir -p /home-nas/pobleyef/Poison-Set/ncwomax/P30-5/GNOFm01/arina.168612
mv /scratch/pobleyef/168612/* /home-nas/pobleyef/Poison-Set/ncwomax/P30-5/GNOFm01/arina.168612
