si
/software/eb2024/easybuild/software/common/software/Julia/1.11.3-linux-x86_64/bin/julia
Job runing on nagpu01
Choosing scratch ...
Automatic scratch folder selection
/scratch/pobleyef/168611
/scratch/pobleyef/168611 directory
cp si.jl si.jld2 to  /scratch/pobleyef/168611/.
Computing Integrals
Elapsed time:    3.66 Seconds

Number of basis functions                   (NBF)    = 70
Number of auxiliary basis functions         (NBFAUX) = 128
Inactive Doubly occupied orbitals up to     (NO1)    = 0
No. considered Strongly Doubly occupied MOs (NDOC)   = 6
No. considered Strongly Singly occupied MOs (NSOC)   = 2
NO. of Weakly occ. per St. Doubly occ.  MOs (NCWO)   = 10
Dimension of the Nat. Orb. subspace         (NBF5)   = 68
No. of electrons                                     = 14
    No. of alpha electrons                           = 8
    No. of beta electrons                            = 6
Multiplicity                                         = 3

Geometry
========
Si       0.0000000       0.0000000       0.0000000

No violations of the orthonormality
No violations of the orthonormality
 
PNOF9/ADABelief Calculation
==================
 
  Nitext  Nit_orb  Time   Nit_occ  Time         Eelec          Etot           Ediff      maxdiff    MaxGrad_orb  Grad_occ
     1      10    1.6e+01   47    2.0e+01  -288.81896067  -288.81896067 -10287.81896067   0.003463   1.4e-02   1.9e-04 0.02
     2      20    1.1e-01   41    7.4e-02  -289.08664440  -289.08664440    -0.26768374   0.263990   1.1e+00   2.0e-04 0.01
     3      20    1.1e-01   17    3.6e-02  -289.11434253  -289.11434253    -0.02769813   0.006283   2.5e-02   2.1e-04 0.01
     4      20    1.5e-01   18    6.5e-02  -289.11809430  -289.11809430    -0.00375177   0.033365   1.3e-01   2.2e-04 0.02
     5      20    1.2e-01   12    2.6e-02  -289.12343644  -289.12343644    -0.00534214   0.026732   1.1e-01   2.0e-04 0.02
     6      20    1.3e-01    9    2.3e-02  -289.12523497  -289.12523497    -0.00179853   0.019037   7.6e-02   2.0e-04 0.02
     7      20    9.5e-02   19    4.2e-02  -289.12696690  -289.12696690    -0.00173193   0.021650   8.7e-02   1.4e-04 0.11
     8      20    6.7e-02    7    1.8e-02  -289.14613092  -289.14613092    -0.01916402   0.021942   8.8e-02   2.2e-04 0.15
     9      20    1.0e-01    7    1.7e-02  -289.14822698  -289.14822698    -0.00209606   0.024121   9.6e-02   1.8e-04 0.15
    10      20    7.7e-02    0    2.7e-03  -289.14831625  -289.14831625    -0.00008926   0.024121   9.6e-02   1.8e-04 0.15
    11      40    2.0e-01    1    7.1e-03  -289.14970243  -289.14970243    -0.00138618   0.003733   1.5e-02   1.6e-04 0.15
    12      40    1.2e-01    0    2.6e-03  -289.14976913  -289.14976913    -0.00006670   0.004239   1.7e-02   2.2e-04 0.15
    13      50    1.9e-01    5    1.5e-02  -289.14985153  -289.14985153    -0.00008239   0.003075   1.2e-02   1.5e-04 0.15
    14      50    2.5e-01    0    6.2e-03  -289.14996137  -289.14996137    -0.00010984   0.003499   1.4e-02   2.0e-04 0.15
    15      60    2.2e-01    5    1.4e-02  -289.15002139  -289.15002139    -0.00006003   0.001742   7.0e-03   1.7e-04 0.15
    16      60    2.9e-01    0    3.2e-03  -289.15007587  -289.15007587    -0.00005447   0.002403   9.6e-03   1.7e-04 0.15
    17      70    2.3e-01    0    2.8e-03  -289.15010261  -289.15010261    -0.00002674   0.001433   5.7e-03   1.7e-04 0.15
    18      80    2.8e-01    0    3.4e-03  -289.15011439  -289.15011439    -0.00001178   0.001209   4.8e-03   1.9e-04 0.15
    19      90    3.9e-01    0    2.8e-03  -289.15012198  -289.15012198    -0.00000759   0.000810   3.2e-03   1.7e-04 0.15
 
RESULTS OF THE OCCUPATION OPTIMIZATION
========================================
   1    1.9999959  -68.86997145
   2    1.9975242  -6.17471970
   3    1.9957832  -4.27827724
   4    1.9947292  -4.27575389
   5    1.9945977  -4.27517940
   6    1.8275466  -0.54272904
   7    1.0000000  -0.17077605
   8    1.0000000  -0.17075806
   9    0.1344317  -0.04190494
  10    0.0025758  -0.01975667
  11    0.0026501  -0.01995756
  12    0.0028631  -0.02822288
  13    0.0020873  -0.01816449
  14    0.0000035  -0.00046080
  15    0.0127950  -0.00651341
  16    0.0012671  -0.00885950
  17    0.0012848  -0.00887753
  18    0.0012476  -0.00891644
  19    0.0002093  -0.00585639
  20    0.0000002  -0.00000391
  21    0.0127813  -0.00650637
  22    0.0012616  -0.00884771
  23    0.0012383  -0.00864125
  24    0.0000390  -0.00080941
  25    0.0001175  -0.00110197
  26    0.0000001  -0.00000231
  27    0.0038399  -0.00203404
  28    0.0001263  -0.00109394
  29    0.0000301  -0.00026541
  30    0.0000205  -0.00014885
  31    0.0000217  -0.00046464
  32    0.0000001  -0.00000226
  33    0.0038087  -0.00202320
  34    0.0001127  -0.00094141
  35    0.0000253  -0.00016047
  36    0.0000192  -0.00013208
  37    0.0000125  -0.00013297
  38    0.0000001  -0.00000178
  39    0.0021361  -0.00118366
  40    0.0000366  -0.00024906
  41    0.0000172  -0.00012471
  42    0.0000103  -0.00009803
  43    0.0000121  -0.00046719
  44    0.0000000  -0.00000143
  45    0.0008734  -0.00066901
  46    0.0000061  -0.00004169
  47    0.0000081  -0.00008616
  48    0.0000064  -0.00004370
  49    0.0000046  -0.00002836
  50    0.0000000  -0.00000124
  51    0.0007110  -0.00060815
  52    0.0000057  -0.00003431
  53    0.0000063  -0.00004211
  54    0.0000040  -0.00002385
  55    0.0000038  -0.00002309
  56    0.0000000  -0.00000116
  57    0.0005703  -0.00048435
  58    0.0000053  -0.00003043
  59    0.0000055  -0.00003371
  60    0.0000033  -0.00001520
  61    0.0000038  -0.00002198
  62    0.0000000  -0.00000113
  63    0.0005058  -0.00046994
  64    0.0000051  -0.00002913
  65    0.0000050  -0.00002924
  66    0.0000032  -0.00001450
  67    0.0000033  -0.00001627
  68    0.0000000  -0.00000102
 
----------------
 Final Energies 
----------------
Final NOF Total Energy =    -289.1501220
 
Total Orbital Internal Iterations = 730
Total Occupation Internal Iterations = 188
 
Elapsed time:   50.95 Seconds

---------------------------------
   Lowdin Population Analysis    
---------------------------------
 Idx  Atom   Population   Charge 
---------------------------------
  1    Si    14.000      -0.000

---------------------------------
   M Diagnostic: 0.15
---------------------------------

Recovering execution output...
Moving from /scratch/pobleyef/168611 to /home-nas/pobleyef/Poison-Set/ncwomax/P30-5/GNOFm01/arina.168611
mkdir -p /home-nas/pobleyef/Poison-Set/ncwomax/P30-5/GNOFm01/arina.168611
mv /scratch/pobleyef/168611/* /home-nas/pobleyef/Poison-Set/ncwomax/P30-5/GNOFm01/arina.168611
