W4-11_130_c2
/software/eb2024/easybuild/software/common/software/Julia/1.11.3-linux-x86_64/bin/julia
Job runing on nh044
Choosing scratch ...
Automatic scratch folder selection
/scratch/pobleyef/168623
/scratch/pobleyef/168623 directory
cp W4-11_130_c2.jl W4-11_130_c2.jld2 to  /scratch/pobleyef/168623/.
Computing Integrals
Elapsed time:    6.21 Seconds

Number of basis functions                   (NBF)    = 114
Number of auxiliary basis functions         (NBFAUX) = 150
Inactive Doubly occupied orbitals up to     (NO1)    = 0
No. considered Strongly Doubly occupied MOs (NDOC)   = 6
No. considered Strongly Singly occupied MOs (NSOC)   = 0
NO. of Weakly occ. per St. Doubly occ.  MOs (NCWO)   = 18
Dimension of the Nat. Orb. subspace         (NBF5)   = 114
No. of electrons                                     = 12
    No. of alpha electrons                           = 6
    No. of beta electrons                            = 6
Multiplicity                                         = 1

Geometry
========
 C       0.0000000       0.0000000       0.6200000
 C       0.0000000       0.0000000      -0.6200000

No violations of the orthonormality
No violations of the orthonormality
 
PNOF9/ADABelief Calculation
==================
 
  Nitext  Nit_orb  Time   Nit_occ  Time         Eelec          Etot           Ediff      maxdiff    MaxGrad_orb  Grad_occ
     1      10    2.9e+01   52    3.5e+01   -90.76477013   -75.40159229 -10089.76477013   0.055454   2.2e-01   2.2e-04 0.02
     2      20    2.8e+00   19    4.3e-01   -91.00219336   -75.63901551    -0.23742323   0.027878   1.1e-01   1.7e-04 0.01
     3      20    2.7e+00   12    2.5e-01   -91.01040520   -75.64722736    -0.00821184   0.011336   4.5e-02   1.5e-04 0.01
     4      20    2.8e+00   16    3.6e-01   -91.01235093   -75.64917309    -0.00194573   0.013082   5.2e-02   1.7e-04 0.01
     5      20    2.7e+00    8    2.2e-01   -91.01431938   -75.65114154    -0.00196845   0.008155   3.3e-02   1.9e-04 0.01
     6      20    2.9e+00    6    1.7e-01   -91.01524174   -75.65206390    -0.00092236   0.013336   5.3e-02   1.9e-04 0.01
     7      20    2.8e+00    6    2.0e-01   -91.01788637   -75.65470852    -0.00264462   0.006211   2.5e-02   2.1e-04 0.01
     8      20    2.7e+00    6    1.4e-01   -91.01971856   -75.65654071    -0.00183219   0.010008   4.0e-02   2.2e-04 0.01
     9      20    2.7e+00   10    2.3e-01   -91.02219832   -75.65902048    -0.00247977   0.009373   3.7e-02   1.6e-04 0.01
    10      20    2.8e+00    5    1.8e-01   -91.02490849   -75.66173065    -0.00271017   0.013749   5.5e-02   2.1e-04 0.01
    11      20    2.6e+00    7    2.0e-01   -91.02721829   -75.66404045    -0.00230980   0.011458   4.6e-02   1.9e-04 0.01
    12      20    2.7e+00    9    2.5e-01   -91.02986136   -75.66668352    -0.00264307   0.012785   5.1e-02   1.4e-04 0.01
    13      20    2.8e+00    3    9.0e-02   -91.03088077   -75.66770293    -0.00101941   0.013229   5.3e-02   1.9e-04 0.01
    14      20    2.7e+00    3    6.3e-02   -91.03231877   -75.66914093    -0.00143800   0.009191   3.7e-02   2.0e-04 0.01
    15      20    2.8e+00    3    1.0e-01   -91.03258547   -75.66940763    -0.00026670   0.011486   4.6e-02   1.9e-04 0.01
    16      20    2.6e+00    1    3.5e-02   -91.03299331   -75.66981547    -0.00040784   0.009672   3.9e-02   2.3e-04 0.01
    17      20    2.7e+00    2    2.2e-01   -91.03302908   -75.66985124    -0.00003577   0.010695   4.3e-02   2.1e-04 0.01
    18      20    2.8e+00    3    1.1e-01   -91.03360327   -75.67042543    -0.00057418   0.010798   4.3e-02   1.9e-04 0.01
    19      20    2.8e+00    0    9.4e-02   -91.03362113   -75.67044329    -0.00001787   0.010798   4.3e-02   1.9e-04 0.01
    20      40    5.4e+00    1    3.5e-02   -91.03427574   -75.67109789    -0.00065460   0.001289   5.2e-03   2.2e-04 0.01
    21      40    5.5e+00    2    5.7e-02   -91.03440927   -75.67123142    -0.00013353   0.002023   8.1e-03   2.6e-04 0.01
    22      40    5.5e+00    1    7.2e-02   -91.03450054   -75.67132270    -0.00009127   0.002419   9.7e-03   2.6e-04 0.01
    23      40    5.4e+00    2    4.9e-02   -91.03458718   -75.67140933    -0.00008664   0.002245   9.0e-03   2.2e-04 0.01
    24      40    5.3e+00    1    4.1e-02   -91.03464727   -75.67146943    -0.00006010   0.002005   8.0e-03   2.4e-04 0.01
    25      40    5.5e+00    2    1.4e-01   -91.03470853   -75.67153068    -0.00006125   0.002368   9.5e-03   2.1e-04 0.01
    26      40    5.3e+00    5    1.8e-01   -91.03477008   -75.67159224    -0.00006156   0.002425   9.7e-03   1.4e-04 0.01
    27      40    5.3e+00    3    6.9e-02   -91.03489485   -75.67171701    -0.00012477   0.002415   9.7e-03   1.2e-04 0.01
    28      40    5.6e+00    3    6.6e-02   -91.03504840   -75.67187056    -0.00015355   0.002278   9.1e-03   1.8e-04 0.01
    29      40    5.5e+00    5    8.5e-02   -91.03534923   -75.67217139    -0.00030083   0.002441   9.8e-03   1.2e-04 0.01
    30      40    5.3e+00    3    6.5e-02   -91.03577323   -75.67259539    -0.00042400   0.002333   9.3e-03   1.5e-04 0.01
    31      40    5.5e+00    3    6.2e-02   -91.03625542   -75.67307758    -0.00048219   0.001491   6.0e-03   1.3e-04 0.01
    32      40    5.3e+00    3    6.2e-02   -91.03670020   -75.67352236    -0.00044478   0.002445   9.8e-03   1.4e-04 0.01
    33      40    5.4e+00    3    6.9e-02   -91.03710108   -75.67392324    -0.00040088   0.002015   8.1e-03   1.5e-04 0.01
    34      40    5.5e+00    1    6.1e-02   -91.03740510   -75.67422726    -0.00030402   0.002088   8.4e-03   2.5e-04 0.01
    35      40    5.4e+00    3    2.1e-01   -91.03761543   -75.67443758    -0.00021033   0.002083   8.3e-03   1.8e-04 0.01
    36      40    5.4e+00    1    3.6e-02   -91.03780051   -75.67462267    -0.00018508   0.001781   7.1e-03   2.3e-04 0.01
    37      40    5.4e+00    3    7.5e-02   -91.03791777   -75.67473993    -0.00011726   0.002085   8.3e-03   1.7e-04 0.01
    38      40    5.5e+00    1    3.7e-02   -91.03804433   -75.67486649    -0.00012656   0.001548   6.2e-03   2.0e-04 0.01
    39      40    5.4e+00    3    8.0e-02   -91.03812575   -75.67494791    -0.00008142   0.001811   7.2e-03   1.6e-04 0.01
    40      40    5.3e+00    1    7.1e-02   -91.03821001   -75.67503217    -0.00008426   0.001427   5.7e-03   1.7e-04 0.01
 
RESULTS OF THE OCCUPATION OPTIMIZATION
========================================
   1    1.9998096  -11.33539846
   2    1.9998281  -11.33318514
   3    1.9881001  -0.85877535
   4    1.9897520  -0.68631889
   5    1.9879912  -0.64105973
   6    1.9857581  -0.49631582
   7    0.0118647  -0.02127283
   8    0.0054123  -0.01048751
   9    0.0035382  -0.00952258
  10    0.0061286  -0.01746577
  11    0.0001600  -0.00313700
  12    0.0001840  -0.00359764
  13    0.0009646  -0.00212910
  14    0.0034429  -0.01050028
  15    0.0032341  -0.00950348
  16    0.0020660  -0.00590176
  17    0.0000019  -0.00012640
  18    0.0000012  -0.00009999
  19    0.0007995  -0.00180159
  20    0.0012918  -0.00367441
  21    0.0008160  -0.00357208
  22    0.0016452  -0.00476988
  23    0.0000009  -0.00001773
  24    0.0000006  -0.00000881
  25    0.0001245  -0.00037303
  26    0.0007499  -0.00239324
  27    0.0007746  -0.00248586
  28    0.0012764  -0.00362258
  29    0.0000009  -0.00001484
  30    0.0000004  -0.00000355
  31    0.0001050  -0.00031217
  32    0.0002963  -0.00095269
  33    0.0005433  -0.00174305
  34    0.0002761  -0.00103986
  35    0.0000007  -0.00001421
  36    0.0000004  -0.00000277
  37    0.0000709  -0.00020334
  38    0.0002507  -0.00079930
  39    0.0005127  -0.00183425
  40    0.0002606  -0.00092498
  41    0.0000007  -0.00001325
  42    0.0000004  -0.00000249
  43    0.0000570  -0.00016794
  44    0.0001348  -0.00043499
  45    0.0002516  -0.00087233
  46    0.0000576  -0.00028996
  47    0.0000007  -0.00001221
  48    0.0000003  -0.00000212
  49    0.0000521  -0.00017423
  50    0.0001265  -0.00040565
  51    0.0001642  -0.00052928
  52    0.0000411  -0.00019633
  53    0.0000007  -0.00001099
  54    0.0000003  -0.00000188
  55    0.0000455  -0.00015014
  56    0.0000896  -0.00032870
  57    0.0000908  -0.00034777
  58    0.0000374  -0.00015301
  59    0.0000007  -0.00000858
  60    0.0000003  -0.00000164
  61    0.0000404  -0.00012509
  62    0.0000881  -0.00029820
  63    0.0000715  -0.00027015
  64    0.0000305  -0.00012957
  65    0.0000006  -0.00000924
  66    0.0000003  -0.00000137
  67    0.0000326  -0.00010392
  68    0.0000457  -0.00015042
  69    0.0000637  -0.00022050
  70    0.0000184  -0.00008379
  71    0.0000006  -0.00000944
  72    0.0000003  -0.00000073
  73    0.0000160  -0.00006754
  74    0.0000153  -0.00006535
  75    0.0000464  -0.00015237
  76    0.0000169  -0.00008349
  77    0.0000006  -0.00000723
  78    0.0000003  -0.00000089
  79    0.0000136  -0.00005632
  80    0.0000140  -0.00006567
  81    0.0000417  -0.00016391
  82    0.0000094  -0.00005068
  83    0.0000006  -0.00000721
  84    0.0000003  -0.00000093
  85    0.0000135  -0.00005169
  86    0.0000126  -0.00005577
  87    0.0000344  -0.00016160
  88    0.0000080  -0.00003537
  89    0.0000005  -0.00001370
  90    0.0000003  -0.00000127
  91    0.0000122  -0.00005549
  92    0.0000123  -0.00005427
  93    0.0000225  -0.00011521
  94    0.0000077  -0.00003847
  95    0.0000005  -0.00000512
  96    0.0000003  -0.00000082
  97    0.0000112  -0.00003980
  98    0.0000096  -0.00003884
  99    0.0000152  -0.00007036
 100    0.0000070  -0.00003025
 101    0.0000005  -0.00000517
 102    0.0000002  -0.00000056
 103    0.0000099  -0.00004156
 104    0.0000090  -0.00003120
 105    0.0000141  -0.00013871
 106    0.0000068  -0.00003012
 107    0.0000005  -0.00000505
 108    0.0000002  -0.00000048
 109    0.0000087  -0.00003190
 110    0.0000074  -0.00003001
 111    0.0000127  -0.00015469
 112    0.0000063  -0.00002682
 113    0.0000004  -0.00000229
 114    0.0000002  -0.00000019
 
----------------
 Final Energies 
----------------
Final NOF Total Energy =     -75.6750322
 
Total Orbital Internal Iterations = 1210
Total Occupation Internal Iterations = 221
 
Elapsed time:  255.00 Seconds

---------------------------------
   Lowdin Population Analysis    
---------------------------------
 Idx  Atom   Population   Charge 
---------------------------------
  1     C     6.000       0.000
  2     C     6.000      -0.000

---------------------------------
   M Diagnostic: 0.01
---------------------------------

Recovering execution output...
Moving from /scratch/pobleyef/168623 to /home-nas/pobleyef/Poison-Set/ncwomax/P30-5/GNOFm01/arina.168623
mkdir -p /home-nas/pobleyef/Poison-Set/ncwomax/P30-5/GNOFm01/arina.168623
mv /scratch/pobleyef/168623/* /home-nas/pobleyef/Poison-Set/ncwomax/P30-5/GNOFm01/arina.168623
