W4-11_107_so3
/software/eb2024/easybuild/software/common/software/Julia/1.11.3-linux-x86_64/bin/julia
Job runing on nh028
Choosing scratch ...
Automatic scratch folder selection
/scratch/pobleyef/168615
/scratch/pobleyef/168615 directory
cp W4-11_107_so3.jl W4-11_107_so3.jld2 to  /scratch/pobleyef/168615/.
Computing Integrals
Elapsed time:    6.93 Seconds

Number of basis functions                   (NBF)    = 241
Number of auxiliary basis functions         (NBFAUX) = 359
Inactive Doubly occupied orbitals up to     (NO1)    = 0
No. considered Strongly Doubly occupied MOs (NDOC)   = 20
No. considered Strongly Singly occupied MOs (NSOC)   = 0
NO. of Weakly occ. per St. Doubly occ.  MOs (NCWO)   = 11
Dimension of the Nat. Orb. subspace         (NBF5)   = 240
No. of electrons                                     = 40
    No. of alpha electrons                           = 20
    No. of beta electrons                            = 20
Multiplicity                                         = 1

Geometry
========
 S       0.0000000       0.0000000       0.0000000
 O       0.0000000       1.4227900       0.0000000
 O       1.2321720      -0.7113950       0.0000000
 O      -1.2321720      -0.7113950       0.0000000

No violations of the orthonormality
No violations of the orthonormality
 
PNOF9/ADABelief Calculation
==================
 
  Nitext  Nit_orb  Time   Nit_occ  Time         Eelec          Etot           Ediff      maxdiff    MaxGrad_orb  Grad_occ
     1      10    3.0e+01   69    4.0e+01  -806.15987434  -622.11057798 -10805.15987434   0.007870   3.1e-02   3.2e-04 0.01
     2      20    4.8e+00   62    4.8e+00  -807.10790526  -623.05860890    -0.94803092   0.378281   1.5e+00   2.5e-04 0.01
     3      20    4.6e+00   35    2.9e+00  -807.17998352  -623.13068716    -0.07207826   0.034538   1.4e-01   2.1e-04 0.01
     4      20    4.5e+00    0    2.4e-01  -807.18419943  -623.13490307    -0.00421591   0.034538   1.4e-01   2.1e-04 0.01
     5      40    8.9e+00   15    1.3e+00  -807.23576713  -623.18647078    -0.05156771   0.009036   3.6e-02   3.3e-04 0.01
     6      40    8.7e+00   15    1.3e+00  -807.24083968  -623.19154332    -0.00507254   0.011214   4.5e-02   2.2e-04 0.01
     7      40    9.3e+00   12    1.2e+00  -807.24385570  -623.19455934    -0.00301602   0.012119   4.8e-02   2.4e-04 0.01
     8      40    9.2e+00   12    1.1e+00  -807.24584221  -623.19654585    -0.00198651   0.009854   3.9e-02   2.2e-04 0.01
     9      40    9.3e+00   12    1.1e+00  -807.24733138  -623.19803502    -0.00148918   0.010920   4.4e-02   1.9e-04 0.01
    10      40    9.1e+00   12    1.1e+00  -807.24859618  -623.19929982    -0.00126480   0.007809   3.1e-02   1.7e-04 0.01
    11      40    9.1e+00    9    9.4e-01  -807.24985906  -623.20056270    -0.00126288   0.006756   2.7e-02   3.4e-04 0.01
    12      40    9.3e+00   19    1.7e+00  -807.25094400  -623.20164765    -0.00108494   0.006130   2.5e-02   2.1e-04 0.01
    13      40    9.1e+00    9    9.0e-01  -807.25178624  -623.20248988    -0.00084224   0.007174   2.9e-02   1.9e-04 0.01
    14      40    8.9e+00   11    1.1e+00  -807.25201994  -623.20272358    -0.00023370   0.091584   3.7e-01   2.8e-04 0.01
    15      40    8.7e+00    7    7.7e-01  -807.25276280  -623.20346645    -0.00074286   0.006003   2.4e-02   2.8e-04 0.01
    16      40    8.8e+00   11    1.1e+00  -807.25308327  -623.20378691    -0.00032047   0.007631   3.1e-02   2.9e-04 0.01
    17      40    9.0e+00   12    1.2e+00  -807.25327253  -623.20397617    -0.00018926   0.010265   4.1e-02   2.0e-04 0.01
    18      40    9.1e+00    3    4.1e-01  -807.25354991  -623.20425355    -0.00027738   0.009583   3.8e-02   2.0e-04 0.01
    19      40    8.7e+00   12    1.2e+00  -807.25380998  -623.20451363    -0.00026007   0.008843   3.5e-02   2.6e-04 0.01
    20      40    9.0e+00    4    5.2e-01  -807.25402746  -623.20473110    -0.00021747   0.008644   3.5e-02   2.1e-04 0.01
    21      40    8.9e+00    3    4.2e-01  -807.25417682  -623.20488046    -0.00014936   0.009631   3.9e-02   2.4e-04 0.01
    22      40    9.0e+00    3    4.4e-01  -807.25449598  -623.20519962    -0.00031916   0.008249   3.3e-02   2.7e-04 0.01
    23      40    8.8e+00   11    1.1e+00  -807.25456275  -623.20526639    -0.00006677   0.007897   3.2e-02   2.6e-04 0.01
    24      40    9.0e+00    4    4.9e-01  -807.25474977  -623.20545341    -0.00018702   0.007529   3.0e-02   1.9e-04 0.01
    25      40    8.8e+00    1    2.9e-01  -807.25480401  -623.20550765    -0.00005424   0.006577   2.6e-02   2.8e-04 0.01
    26      40    9.0e+00    4    4.9e-01  -807.25487591  -623.20557955    -0.00007190   0.006642   2.7e-02   2.6e-04 0.01
    27      40    8.5e+00    0    2.2e-01  -807.25488973  -623.20559338    -0.00001383   0.006642   2.7e-02   2.6e-04 0.01
    28      60    1.3e+01    1    2.2e-01  -807.25573785  -623.20644149    -0.00084812   0.000756   3.0e-03   2.7e-04 0.01
 
RESULTS OF THE OCCUPATION OPTIMIZATION
========================================
   1    1.9999986  -92.32072744
   2    1.9999747  -20.66765036
   3    1.9999807  -20.66693389
   4    1.9999790  -20.66653679
   5    1.9989398  -9.24211262
   6    1.9981861  -6.94046528
   7    1.9984223  -6.93794259
   8    1.9980599  -6.93212607
   9    1.9929261  -1.28067834
  10    1.9916157  -1.27742682
  11    1.9929688  -1.22118658
  12    1.9922425  -1.05463548
  13    1.9892254  -0.90850191
  14    1.9890656  -0.85604073
  15    1.9886365  -0.84680518
  16    1.9877410  -0.70166244
  17    1.9877525  -0.65949064
  18    1.9886891  -0.65192053
  19    1.9881561  -0.64336330
  20    1.9891980  -0.64047466
  21    0.0056439  -0.01737972
  22    0.0062028  -0.01816934
  23    0.0065903  -0.01937215
  24    0.0082303  -0.02307745
  25    0.0086792  -0.02564788
  26    0.0092712  -0.03140561
  27    0.0100854  -0.03482636
  28    0.0098690  -0.03375634
  29    0.0027677  -0.01521398
  30    0.0021067  -0.01219454
  31    0.0033154  -0.01644555
  32    0.0028620  -0.01568436
  33    0.0017679  -0.02498416
  34    0.0010911  -0.01505393
  35    0.0015773  -0.01930508
  36    0.0008779  -0.01370735
  37    0.0000169  -0.00046428
  38    0.0000148  -0.00032040
  39    0.0000201  -0.00058202
  40    0.0000010  -0.00004032
  41    0.0018590  -0.00634357
  42    0.0017695  -0.00595337
  43    0.0018292  -0.00618568
  44    0.0017178  -0.00575073
  45    0.0015217  -0.00545398
  46    0.0013233  -0.00527892
  47    0.0002479  -0.00119187
  48    0.0002556  -0.00120528
  49    0.0019013  -0.00993420
  50    0.0018900  -0.01098860
  51    0.0014780  -0.00649034
  52    0.0019911  -0.01067969
  53    0.0001024  -0.00146417
  54    0.0002088  -0.00337518
  55    0.0001048  -0.00166861
  56    0.0001390  -0.00465245
  57    0.0000013  -0.00002941
  58    0.0000014  -0.00004148
  59    0.0000009  -0.00002282
  60    0.0000001  -0.00000193
  61    0.0018018  -0.00616133
  62    0.0017472  -0.00589540
  63    0.0017424  -0.00597951
  64    0.0016744  -0.00562537
  65    0.0015003  -0.00538421
  66    0.0002352  -0.00109880
  67    0.0001852  -0.00093903
  68    0.0001843  -0.00092867
  69    0.0015941  -0.00901257
  70    0.0016615  -0.00964766
  71    0.0014218  -0.00620751
  72    0.0007091  -0.00422058
  73    0.0000158  -0.00017888
  74    0.0002002  -0.00439277
  75    0.0000382  -0.00065411
  76    0.0000093  -0.00017221
  77    0.0000007  -0.00001852
  78    0.0000006  -0.00001579
  79    0.0000009  -0.00002237
  80    0.0000000  -0.00000076
  81    0.0007265  -0.00324809
  82    0.0016826  -0.00568343
  83    0.0005203  -0.00239441
  84    0.0002282  -0.00094914
  85    0.0001543  -0.00069193
  86    0.0002313  -0.00108305
  87    0.0001063  -0.00054727
  88    0.0001088  -0.00055936
  89    0.0005515  -0.00348980
  90    0.0005330  -0.00374424
  91    0.0014190  -0.00615634
  92    0.0004934  -0.00278227
  93    0.0000140  -0.00014798
  94    0.0000251  -0.00075156
  95    0.0000340  -0.00081112
  96    0.0000070  -0.00008758
  97    0.0000005  -0.00001202
  98    0.0000005  -0.00001176
  99    0.0000007  -0.00001759
 100    0.0000000  -0.00000072
 101    0.0003287  -0.00138203
 102    0.0001576  -0.00070130
 103    0.0002812  -0.00114611
 104    0.0001651  -0.00072411
 105    0.0001474  -0.00067166
 106    0.0000941  -0.00049830
 107    0.0001049  -0.00054248
 108    0.0001073  -0.00056103
 109    0.0002460  -0.00136192
 110    0.0003294  -0.00294521
 111    0.0002816  -0.00159452
 112    0.0003130  -0.00264859
 113    0.0000105  -0.00010755
 114    0.0000110  -0.00012346
 115    0.0000250  -0.00078651
 116    0.0000063  -0.00008039
 117    0.0000003  -0.00000637
 118    0.0000005  -0.00001035
 119    0.0000007  -0.00001664
 120    0.0000000  -0.00000059
 121    0.0002597  -0.00110887
 122    0.0001155  -0.00053504
 123    0.0001611  -0.00072392
 124    0.0001589  -0.00070357
 125    0.0001106  -0.00050245
 126    0.0000913  -0.00048192
 127    0.0000949  -0.00049970
 128    0.0001021  -0.00052787
 129    0.0002288  -0.00124722
 130    0.0002967  -0.00311197
 131    0.0002617  -0.00127556
 132    0.0002709  -0.00265762
 133    0.0000067  -0.00008128
 134    0.0000092  -0.00019533
 135    0.0000089  -0.00021396
 136    0.0000048  -0.00006393
 137    0.0000003  -0.00001799
 138    0.0000004  -0.00001230
 139    0.0000004  -0.00001071
 140    0.0000000  -0.00000020
 141    0.0001283  -0.00059757
 142    0.0000932  -0.00043649
 143    0.0001317  -0.00058021
 144    0.0000313  -0.00015388
 145    0.0001050  -0.00047754
 146    0.0000679  -0.00036232
 147    0.0000602  -0.00033224
 148    0.0000982  -0.00051660
 149    0.0002144  -0.00119886
 150    0.0000723  -0.00048067
 151    0.0001072  -0.00057724
 152    0.0001844  -0.00097813
 153    0.0000062  -0.00007822
 154    0.0000072  -0.00015979
 155    0.0000061  -0.00007855
 156    0.0000042  -0.00006946
 157    0.0000003  -0.00000832
 158    0.0000003  -0.00002329
 159    0.0000004  -0.00001144
 160    0.0000000  -0.00000038
 161    0.0000159  -0.00010411
 162    0.0000347  -0.00017325
 163    0.0000179  -0.00011805
 164    0.0000113  -0.00007724
 165    0.0000108  -0.00008170
 166    0.0000138  -0.00009778
 167    0.0000148  -0.00010905
 168    0.0000138  -0.00010121
 169    0.0001122  -0.00064694
 170    0.0000503  -0.00034117
 171    0.0000405  -0.00027717
 172    0.0001045  -0.00058115
 173    0.0000053  -0.00007048
 174    0.0000067  -0.00008311
 175    0.0000056  -0.00007412
 176    0.0000036  -0.00010987
 177    0.0000003  -0.00001019
 178    0.0000002  -0.00000918
 179    0.0000004  -0.00001157
 180    0.0000000  -0.00000030
 181    0.0000130  -0.00008355
 182    0.0000170  -0.00011339
 183    0.0000124  -0.00008220
 184    0.0000107  -0.00007263
 185    0.0000101  -0.00007014
 186    0.0000128  -0.00009252
 187    0.0000126  -0.00009656
 188    0.0000127  -0.00009210
 189    0.0000724  -0.00047087
 190    0.0000368  -0.00024933
 191    0.0000299  -0.00019340
 192    0.0000918  -0.00055246
 193    0.0000042  -0.00007785
 194    0.0000063  -0.00007964
 195    0.0000056  -0.00007368
 196    0.0000029  -0.00024363
 197    0.0000002  -0.00000682
 198    0.0000002  -0.00000679
 199    0.0000003  -0.00000953
 200    0.0000000  -0.00000030
 201    0.0000127  -0.00008451
 202    0.0000126  -0.00007736
 203    0.0000123  -0.00008097
 204    0.0000102  -0.00007158
 205    0.0000099  -0.00007396
 206    0.0000121  -0.00008548
 207    0.0000112  -0.00008601
 208    0.0000115  -0.00008322
 209    0.0000517  -0.00034245
 210    0.0000297  -0.00019216
 211    0.0000153  -0.00011908
 212    0.0000295  -0.00021202
 213    0.0000037  -0.00007011
 214    0.0000062  -0.00010058
 215    0.0000047  -0.00006168
 216    0.0000028  -0.00006019
 217    0.0000002  -0.00000646
 218    0.0000002  -0.00000207
 219    0.0000003  -0.00002127
 220    0.0000000  -0.00000017
 221    0.0000125  -0.00008312
 222    0.0000113  -0.00007717
 223    0.0000121  -0.00007956
 224    0.0000091  -0.00006566
 225    0.0000098  -0.00007273
 226    0.0000105  -0.00007912
 227    0.0000109  -0.00008148
 228    0.0000112  -0.00008388
 229    0.0000173  -0.00013451
 230    0.0000249  -0.00017807
 231    0.0000139  -0.00010232
 232    0.0000241  -0.00017278
 233    0.0000036  -0.00005856
 234    0.0000059  -0.00007558
 235    0.0000038  -0.00025609
 236    0.0000023  -0.00005791
 237    0.0000001  -0.00000133
 238    0.0000001  -0.00000212
 239    0.0000002  -0.00000297
 240    0.0000000  -0.00000012
 
----------------
 Final Energies 
----------------
Final NOF Total Energy =    -623.2064415
 
Total Orbital Internal Iterations = 1050
Total Occupation Internal Iterations = 368
 
Elapsed time:  365.89 Seconds

---------------------------------
   Lowdin Population Analysis    
---------------------------------
 Idx  Atom   Population   Charge 
---------------------------------
  1     S    16.079      -0.079
  2     O     7.975       0.025
  3     O     7.971       0.029
  4     O     7.974       0.026

---------------------------------
   M Diagnostic: 0.01
---------------------------------

Recovering execution output...
Moving from /scratch/pobleyef/168615 to /home-nas/pobleyef/Poison-Set/ncwomax/P30-5/GNOFm01/arina.168615
mkdir -p /home-nas/pobleyef/Poison-Set/ncwomax/P30-5/GNOFm01/arina.168615
mv /scratch/pobleyef/168615/* /home-nas/pobleyef/Poison-Set/ncwomax/P30-5/GNOFm01/arina.168615
