W4-11_134_fo2
/software/eb2024/easybuild/software/common/software/Julia/1.11.3-linux-x86_64/bin/julia
Job runing on nh018
Choosing scratch ...
Automatic scratch folder selection
/scratch/pobleyef/168624
/scratch/pobleyef/168624 directory
cp W4-11_134_fo2.jl W4-11_134_fo2.jld2 to  /scratch/pobleyef/168624/.
Computing Integrals
Elapsed time:    6.27 Seconds

Number of basis functions                   (NBF)    = 171
Number of auxiliary basis functions         (NBFAUX) = 231
Inactive Doubly occupied orbitals up to     (NO1)    = 0
No. considered Strongly Doubly occupied MOs (NDOC)   = 12
No. considered Strongly Singly occupied MOs (NSOC)   = 1
NO. of Weakly occ. per St. Doubly occ.  MOs (NCWO)   = 13
Dimension of the Nat. Orb. subspace         (NBF5)   = 169
No. of electrons                                     = 25
    No. of alpha electrons                           = 13
    No. of beta electrons                            = 12
Multiplicity                                         = 2

Geometry
========
 F      -1.0111950      -0.7062760       0.0000000
 O       0.0000000       0.5752150       0.0000000
 O       1.1375950       0.2193450       0.0000000

No violations of the orthonormality
No violations of the orthonormality
 
PNOF9/ADABelief Calculation
==================
 
  Nitext  Nit_orb  Time   Nit_occ  Time         Eelec          Etot           Ediff      maxdiff    MaxGrad_orb  Grad_occ
     1      10    2.9e+01   73    3.7e+01  -317.08495337  -249.04695324 -10316.08495337   0.027838   1.1e-01   2.4e-04 0.02
     2      20    3.2e+00   34    1.3e+00  -317.62646033  -249.58846020    -0.54150696   0.187167   7.5e-01   2.5e-04 0.01
     3      20    3.2e+00   40    1.5e+00  -317.65133172  -249.61333160    -0.02487140   0.497961   2.0e+00   1.9e-04 0.01
     4      20    3.2e+00   23    8.7e-01  -317.67542746  -249.63742733    -0.02409573   0.013374   5.3e-02   2.0e-04 0.01
     5      20    3.2e+00    0    1.0e-01  -317.67640736  -249.63840723    -0.00097990   0.013373   5.3e-02   2.0e-04 0.01
     6      40    6.3e+00   15    5.9e-01  -317.68323329  -249.64523316    -0.00682593   0.003812   1.5e-02   2.0e-04 0.01
     7      40    6.2e+00   18    7.3e-01  -317.68561019  -249.64761006    -0.00237690   0.005537   2.2e-02   1.7e-04 0.01
     8      40    6.4e+00    8    3.6e-01  -317.68745835  -249.64945822    -0.00184815   0.005372   2.1e-02   2.6e-04 0.01
     9      40    6.4e+00   21    7.9e-01  -317.68884243  -249.65084231    -0.00138409   0.004307   1.7e-02   1.3e-04 0.01
    10      40    6.4e+00   11    4.3e-01  -317.69010978  -249.65210965    -0.00126734   0.004108   1.6e-02   2.4e-04 0.01
    11      40    6.2e+00   15    5.9e-01  -317.69109683  -249.65309671    -0.00098706   0.003366   1.3e-02   2.3e-04 0.01
    12      40    6.5e+00    7    3.0e-01  -317.69188550  -249.65388537    -0.00078867   0.004774   1.9e-02   2.3e-04 0.01
    13      40    6.6e+00   13    6.2e-01  -317.69243789  -249.65443776    -0.00055239   0.004124   1.6e-02   2.2e-04 0.01
    14      40    6.3e+00    4    2.5e-01  -317.69286012  -249.65486000    -0.00042224   0.003196   1.3e-02   2.1e-04 0.01
    15      40    6.4e+00   13    6.0e-01  -317.69305902  -249.65505889    -0.00019889   0.003717   1.5e-02   1.7e-04 0.01
    16      40    6.3e+00    4    2.5e-01  -317.69321771  -249.65521758    -0.00015869   0.004896   2.0e-02   2.0e-04 0.01
    17      40    6.5e+00   13    5.8e-01  -317.69334943  -249.65534930    -0.00013172   0.003304   1.3e-02   1.4e-04 0.01
    18      40    6.4e+00    4    2.5e-01  -317.69350371  -249.65550358    -0.00015428   0.002908   1.2e-02   1.9e-04 0.01
    19      40    6.4e+00    4    1.8e-01  -317.69363041  -249.65563028    -0.00012670   0.003432   1.4e-02   1.9e-04 0.01
    20      40    6.3e+00    9    4.1e-01  -317.69379466  -249.65579453    -0.00016425   0.002773   1.1e-02   2.3e-04 0.01
    21      40    6.3e+00    4    2.5e-01  -317.69403967  -249.65603954    -0.00024501   0.003276   1.3e-02   1.6e-04 0.01
    22      40    6.2e+00    4    2.5e-01  -317.69424165  -249.65624153    -0.00020199   0.003319   1.3e-02   2.1e-04 0.01
    23      40    6.3e+00   10    4.8e-01  -317.69449155  -249.65649142    -0.00024990   0.003381   1.4e-02   2.1e-04 0.01
    24      40    6.2e+00    4    2.5e-01  -317.69478368  -249.65678355    -0.00029213   0.003464   1.4e-02   1.4e-04 0.01
    25      40    6.4e+00    4    2.5e-01  -317.69498472  -249.65698459    -0.00020104   0.003198   1.3e-02   1.7e-04 0.01
    26      40    6.1e+00    4    1.8e-01  -317.69512117  -249.65712104    -0.00013645   0.003920   1.6e-02   2.2e-04 0.01
    27      40    6.5e+00    1    1.8e-01  -317.69526390  -249.65726378    -0.00014273   0.002788   1.1e-02   2.3e-04 0.01
    28      40    6.2e+00    9    3.9e-01  -317.69530546  -249.65730533    -0.00004156   0.002832   1.1e-02   1.6e-04 0.01
    29      40    6.1e+00    4    1.8e-01  -317.69539716  -249.65739703    -0.00009170   0.003337   1.3e-02   1.1e-04 0.01
    30      40    6.3e+00    0    1.4e-01  -317.69544318  -249.65744305    -0.00004602   0.004041   1.6e-02   2.2e-04 0.01
    31      50    7.6e+00    4    2.1e-01  -317.69555335  -249.65755323    -0.00011018   0.002402   9.6e-03   1.6e-04 0.01
    32      50    7.8e+00    0    6.0e-02  -317.69558509  -249.65758497    -0.00003174   0.002921   1.2e-02   2.0e-04 0.01
    33      60    9.4e+00    6    3.2e-01  -317.69563611  -249.65763598    -0.00005101   0.002028   8.1e-03   1.7e-04 0.01
    34      60    9.3e+00    0    1.4e-01  -317.69565603  -249.65765590    -0.00001992   0.003019   1.2e-02   1.6e-04 0.01
    35      70    1.1e+01    0    1.0e-01  -317.69571898  -249.65771885    -0.00006295   0.001918   7.7e-03   1.9e-04 0.01
    36      80    1.3e+01    0    6.6e-02  -317.69573408  -249.65773395    -0.00001510   0.001623   6.5e-03   2.1e-04 0.01
    37      90    1.4e+01    6    3.0e-01  -317.69575149  -249.65775136    -0.00001741   0.001423   5.7e-03   1.8e-04 0.01
    38      90    1.4e+01    0    6.3e-02  -317.69578180  -249.65778167    -0.00003031   0.001345   5.4e-03   1.8e-04 0.01
    39     100    1.6e+01    0    7.1e-02  -317.69580320  -249.65780308    -0.00002141   0.001078   4.3e-03   1.9e-04 0.01
    40     110    1.8e+01    0    1.0e-01  -317.69581947  -249.65781934    -0.00001626   0.000964   3.9e-03   2.1e-04 0.01
 
RESULTS OF THE OCCUPATION OPTIMIZATION
========================================
   1    1.9999731  -25.01021842
   2    1.9999607  -21.85233374
   3    1.9999559  -21.12899748
   4    1.9935416  -1.53261988
   5    1.9933718  -1.52604522
   6    1.9911931  -1.26223393
   7    1.9873737  -0.99246427
   8    1.9881373  -0.80680165
   9    1.9894632  -0.72542648
  10    1.9907151  -0.68176340
  11    1.9897215  -0.68021815
  12    1.9849014  -0.67301895
  13    1.0000000  -0.32912182
  14    0.0140306  -0.04770455
  15    0.0050748  -0.01583211
  16    0.0053959  -0.01631753
  17    0.0036385  -0.01116256
  18    0.0037260  -0.01135517
  19    0.0111851  -0.03619523
  20    0.0039962  -0.01652290
  21    0.0032877  -0.01601592
  22    0.0039752  -0.02021619
  23    0.0000219  -0.00088007
  24    0.0000179  -0.00073251
  25    0.0000219  -0.00101018
  26    0.0008964  -0.00419365
  27    0.0022614  -0.00806666
  28    0.0019727  -0.00676981
  29    0.0022056  -0.00687152
  30    0.0022862  -0.00723935
  31    0.0006834  -0.00318194
  32    0.0019384  -0.00719855
  33    0.0012881  -0.00648860
  34    0.0013718  -0.00599684
  35    0.0000046  -0.00007588
  36    0.0000039  -0.00007737
  37    0.0000020  -0.00005198
  38    0.0000517  -0.00029742
  39    0.0022284  -0.00796851
  40    0.0004258  -0.00196167
  41    0.0019623  -0.00628424
  42    0.0020972  -0.00689735
  43    0.0004374  -0.00214516
  44    0.0011485  -0.00455860
  45    0.0007014  -0.00389444
  46    0.0003336  -0.00438846
  47    0.0000026  -0.00005340
  48    0.0000036  -0.00006827
  49    0.0000005  -0.00000884
  50    0.0000380  -0.00026956
  51    0.0001747  -0.00083729
  52    0.0004066  -0.00182783
  53    0.0018215  -0.00576655
  54    0.0019034  -0.00620273
  55    0.0000785  -0.00044526
  56    0.0007039  -0.00301551
  57    0.0003172  -0.00410857
  58    0.0002797  -0.00381257
  59    0.0000024  -0.00004692
  60    0.0000027  -0.00005298
  61    0.0000005  -0.00000843
  62    0.0000266  -0.00011949
  63    0.0001683  -0.00083313
  64    0.0002409  -0.00110575
  65    0.0002096  -0.00085360
  66    0.0013299  -0.00443741
  67    0.0000710  -0.00043153
  68    0.0002952  -0.00131269
  69    0.0002816  -0.00130271
  70    0.0001579  -0.00089856
  71    0.0000024  -0.00004678
  72    0.0000026  -0.00004971
  73    0.0000004  -0.00000907
  74    0.0000144  -0.00008737
  75    0.0001629  -0.00080134
  76    0.0002187  -0.00102402
  77    0.0002012  -0.00084968
  78    0.0001588  -0.00071520
  79    0.0000654  -0.00036304
  80    0.0002623  -0.00143861
  81    0.0002201  -0.00117411
  82    0.0001420  -0.00083594
  83    0.0000021  -0.00004463
  84    0.0000024  -0.00004864
  85    0.0000003  -0.00002884
  86    0.0000067  -0.00006804
  87    0.0001264  -0.00062985
  88    0.0002164  -0.00101880
  89    0.0001923  -0.00077666
  90    0.0001166  -0.00051585
  91    0.0000502  -0.00032012
  92    0.0001550  -0.00073093
  93    0.0001435  -0.00074822
  94    0.0001171  -0.00069533
  95    0.0000021  -0.00004370
  96    0.0000017  -0.00004004
  97    0.0000003  -0.00002580
  98    0.0000065  -0.00006739
  99    0.0000247  -0.00018603
 100    0.0001744  -0.00084706
 101    0.0001216  -0.00054197
 102    0.0001086  -0.00049386
 103    0.0000151  -0.00011338
 104    0.0001536  -0.00072691
 105    0.0001167  -0.00068731
 106    0.0000157  -0.00014666
 107    0.0000015  -0.00004447
 108    0.0000014  -0.00004381
 109    0.0000002  -0.00000321
 110    0.0000060  -0.00006209
 111    0.0000126  -0.00009641
 112    0.0001738  -0.00084425
 113    0.0001104  -0.00051431
 114    0.0000912  -0.00046765
 115    0.0000089  -0.00007599
 116    0.0000891  -0.00051196
 117    0.0001063  -0.00058651
 118    0.0000137  -0.00012337
 119    0.0000013  -0.00005021
 120    0.0000012  -0.00004479
 121    0.0000002  -0.00000327
 122    0.0000058  -0.00006230
 123    0.0000117  -0.00009459
 124    0.0000181  -0.00015002
 125    0.0000264  -0.00021552
 126    0.0000115  -0.00007441
 127    0.0000086  -0.00007193
 128    0.0000187  -0.00012326
 129    0.0000758  -0.00046838
 130    0.0000137  -0.00012178
 131    0.0000010  -0.00003042
 132    0.0000007  -0.00001841
 133    0.0000002  -0.00000243
 134    0.0000055  -0.00006024
 135    0.0000113  -0.00008903
 136    0.0000149  -0.00010975
 137    0.0000184  -0.00014545
 138    0.0000113  -0.00007358
 139    0.0000080  -0.00006778
 140    0.0000167  -0.00011440
 141    0.0000540  -0.00040406
 142    0.0000131  -0.00011963
 143    0.0000009  -0.00002634
 144    0.0000005  -0.00000695
 145    0.0000002  -0.00000167
 146    0.0000054  -0.00005119
 147    0.0000109  -0.00009336
 148    0.0000134  -0.00009518
 149    0.0000161  -0.00011433
 150    0.0000110  -0.00007263
 151    0.0000075  -0.00006172
 152    0.0000154  -0.00010474
 153    0.0000184  -0.00013056
 154    0.0000130  -0.00012236
 155    0.0000007  -0.00001786
 156    0.0000004  -0.00000537
 157    0.0000002  -0.00000174
 158    0.0000050  -0.00005033
 159    0.0000104  -0.00008657
 160    0.0000133  -0.00009500
 161    0.0000130  -0.00009011
 162    0.0000109  -0.00007184
 163    0.0000072  -0.00006058
 164    0.0000139  -0.00010338
 165    0.0000174  -0.00013508
 166    0.0000119  -0.00012051
 167    0.0000005  -0.00001001
 168    0.0000004  -0.00003900
 169    0.0000001  -0.00000091
 
----------------
 Final Energies 
----------------
Final NOF Total Energy =    -249.6578193
 
Total Orbital Internal Iterations = 1850
Total Occupation Internal Iterations = 389
 
Elapsed time:  400.73 Seconds

---------------------------------
   Lowdin Population Analysis    
---------------------------------
 Idx  Atom   Population   Charge 
---------------------------------
  1     F     9.180      -0.180
  2     O     7.911       0.089
  3     O     7.908       0.092

---------------------------------
   M Diagnostic: 0.01
---------------------------------

Recovering execution output...
Moving from /scratch/pobleyef/168624 to /home-nas/pobleyef/Poison-Set/ncwomax/P30-5/GNOFm01/arina.168624
mkdir -p /home-nas/pobleyef/Poison-Set/ncwomax/P30-5/GNOFm01/arina.168624
mv /scratch/pobleyef/168624/* /home-nas/pobleyef/Poison-Set/ncwomax/P30-5/GNOFm01/arina.168624
