W4-11_109_bn3pi
/software/eb2024/easybuild/software/common/software/Julia/1.11.3-linux-x86_64/bin/julia
Job runing on nh045
Choosing scratch ...
Automatic scratch folder selection
/scratch/pobleyef/168616
/scratch/pobleyef/168616 directory
cp W4-11_109_bn3pi.jl W4-11_109_bn3pi.jld2 to  /scratch/pobleyef/168616/.
Computing Integrals
Elapsed time:    6.28 Seconds

Number of basis functions                   (NBF)    = 114
Number of auxiliary basis functions         (NBFAUX) = 152
Inactive Doubly occupied orbitals up to     (NO1)    = 0
No. considered Strongly Doubly occupied MOs (NDOC)   = 5
No. considered Strongly Singly occupied MOs (NSOC)   = 2
NO. of Weakly occ. per St. Doubly occ.  MOs (NCWO)   = 21
Dimension of the Nat. Orb. subspace         (NBF5)   = 112
No. of electrons                                     = 12
    No. of alpha electrons                           = 7
    No. of beta electrons                            = 5
Multiplicity                                         = 3

Geometry
========
 B       0.0000000       0.0000000      -0.7759500
 N       0.0000000       0.0000000       0.5542500

No violations of the orthonormality
No violations of the orthonormality
 
PNOF9/ADABelief Calculation
==================
 
  Nitext  Nit_orb  Time   Nit_occ  Time         Eelec          Etot           Ediff      maxdiff    MaxGrad_orb  Grad_occ
     1      10    3.0e+01   57    3.6e+01   -92.97627018   -79.05267643 -10091.97627018   0.002286   9.0e-03   2.0e-04 0.01
     2      20    2.7e+00   25    5.9e-01   -93.13321495   -79.20962121    -0.15694478   0.245522   9.8e-01   1.8e-04 0.01
     3      20    2.8e+00   23    5.2e-01   -93.14706025   -79.22346651    -0.01384530   0.118378   4.7e-01   2.1e-04 0.01
     4      20    2.7e+00   18    4.0e-01   -93.15765383   -79.23406008    -0.01059357   0.021373   8.5e-02   1.8e-04 0.01
     5      20    2.7e+00   15    2.5e-01   -93.16085259   -79.23725885    -0.00319877   0.022687   9.1e-02   1.8e-04 0.01
     6      20    2.6e+00   17    3.5e-01   -93.16429179   -79.24069804    -0.00343919   0.014653   5.9e-02   1.8e-04 0.01
     7      20    2.7e+00    0    3.0e-02   -93.16449321   -79.24089946    -0.00020142   0.014653   5.9e-02   1.8e-04 0.01
     8      40    5.4e+00    6    1.2e-01   -93.16842867   -79.24483493    -0.00393547   0.002339   9.4e-03   2.2e-04 0.01
     9      40    5.3e+00    7    1.4e-01   -93.16900686   -79.24541312    -0.00057819   0.002135   8.5e-03   1.8e-04 0.01
    10      40    5.5e+00    8    2.4e-01   -93.16938052   -79.24578678    -0.00037366   0.002213   8.9e-03   1.5e-04 0.01
    11      40    5.3e+00    3    7.9e-02   -93.16967074   -79.24607700    -0.00029022   0.002431   9.7e-03   1.8e-04 0.01
    12      40    5.5e+00    1    3.9e-02   -93.16981836   -79.24622461    -0.00014762   0.002260   9.0e-03   2.3e-04 0.01
    13      40    5.3e+00   12    3.0e-01   -93.16992201   -79.24632827    -0.00010365   0.002043   8.2e-03   1.7e-04 0.01
    14      40    5.4e+00    4    9.0e-02   -93.17008529   -79.24649155    -0.00016328   0.002163   8.7e-03   1.7e-04 0.01
    15      40    5.2e+00    1    4.5e-02   -93.17015781   -79.24656407    -0.00007252   0.001914   7.7e-03   1.7e-04 0.01
    16      40    5.4e+00    1    4.6e-02   -93.17018555   -79.24659180    -0.00002773   0.001917   7.7e-03   1.8e-04 0.01
    17      40    5.3e+00    1    7.8e-02   -93.17020759   -79.24661385    -0.00002204   0.001926   7.7e-03   2.1e-04 0.01
    18      40    5.4e+00    4    8.9e-02   -93.17022008   -79.24662633    -0.00001249   0.001890   7.6e-03   1.7e-04 0.01
    19      40    5.4e+00    1    7.5e-02   -93.17024943   -79.24665569    -0.00002935   0.001736   6.9e-03   1.6e-04 0.01
    20      40    5.3e+00    1    7.5e-02   -93.17025269   -79.24665895    -0.00000326   0.001839   7.4e-03   1.7e-04 0.01
    21      40    5.4e+00    0    3.3e-02   -93.17025707   -79.24666333    -0.00000438   0.002327   9.3e-03   1.5e-04 0.01
    22      50    6.5e+00    0    3.4e-02   -93.17027725   -79.24668351    -0.00002018   0.001830   7.3e-03   1.4e-04 0.01
    23      60    8.1e+00    0    7.0e-02   -93.17028774   -79.24669399    -0.00001049   0.001617   6.5e-03   1.4e-04 0.01
    24      70    9.6e+00    0    1.1e-01   -93.17028774   -79.24669399     0.00000000   0.001617   6.5e-03   1.4e-04 0.01
    25      84    1.1e+01    0    7.3e-02   -93.17030705   -79.24671330    -0.00001931   0.000493   2.0e-03   1.4e-04 0.01
 
RESULTS OF THE OCCUPATION OPTIMIZATION
========================================
   1    1.9997950  -15.60254712
   2    1.9990827  -7.69894933
   3    1.9851891  -0.74435075
   4    1.9869686  -0.71882941
   5    1.9834899  -0.64877183
   6    1.0000000  -0.26924462
   7    1.0000000  -0.26472952
   8    0.0100717  -0.01919283
   9    0.0050653  -0.01106662
  10    0.0079580  -0.01792310
  11    0.0008461  -0.00976699
  12    0.0001962  -0.00511941
  13    0.0021602  -0.00481853
  14    0.0041663  -0.01252625
  15    0.0018756  -0.00466179
  16    0.0000246  -0.00051127
  17    0.0000034  -0.00010157
  18    0.0016486  -0.00390382
  19    0.0012014  -0.00352113
  20    0.0013737  -0.00368637
  21    0.0000107  -0.00030281
  22    0.0000014  -0.00006042
  23    0.0014726  -0.00344188
  24    0.0006980  -0.00227140
  25    0.0012429  -0.00327838
  26    0.0000088  -0.00009911
  27    0.0000010  -0.00001605
  28    0.0002875  -0.00075113
  29    0.0006675  -0.00213811
  30    0.0007605  -0.00258378
  31    0.0000062  -0.00006138
  32    0.0000003  -0.00000857
  33    0.0002199  -0.00059925
  34    0.0002688  -0.00089331
  35    0.0004886  -0.00134213
  36    0.0000054  -0.00004803
  37    0.0000003  -0.00000352
  38    0.0001609  -0.00050691
  39    0.0002548  -0.00089852
  40    0.0002336  -0.00071746
  41    0.0000021  -0.00002559
  42    0.0000003  -0.00000273
  43    0.0001374  -0.00040688
  44    0.0001710  -0.00068824
  45    0.0001946  -0.00058558
  46    0.0000019  -0.00002396
  47    0.0000003  -0.00000229
  48    0.0001322  -0.00039545
  49    0.0001378  -0.00048929
  50    0.0001249  -0.00044456
  51    0.0000012  -0.00001833
  52    0.0000002  -0.00000203
  53    0.0000525  -0.00018888
  54    0.0001072  -0.00038188
  55    0.0001223  -0.00039013
  56    0.0000011  -0.00001735
  57    0.0000002  -0.00000190
  58    0.0000411  -0.00012707
  59    0.0001048  -0.00038945
  60    0.0000838  -0.00030321
  61    0.0000010  -0.00001345
  62    0.0000002  -0.00000175
  63    0.0000238  -0.00007727
  64    0.0000471  -0.00019761
  65    0.0000792  -0.00026958
  66    0.0000010  -0.00001317
  67    0.0000002  -0.00000159
  68    0.0000167  -0.00006728
  69    0.0000286  -0.00015757
  70    0.0000544  -0.00022255
  71    0.0000010  -0.00001247
  72    0.0000002  -0.00000152
  73    0.0000155  -0.00006887
  74    0.0000216  -0.00011012
  75    0.0000412  -0.00016172
  76    0.0000009  -0.00001143
  77    0.0000001  -0.00000125
  78    0.0000130  -0.00005591
  79    0.0000179  -0.00009924
  80    0.0000378  -0.00014959
  81    0.0000009  -0.00000949
  82    0.0000001  -0.00000135
  83    0.0000108  -0.00004927
  84    0.0000143  -0.00006975
  85    0.0000344  -0.00011910
  86    0.0000008  -0.00000923
  87    0.0000001  -0.00000111
  88    0.0000102  -0.00004272
  89    0.0000135  -0.00006649
  90    0.0000279  -0.00010804
  91    0.0000008  -0.00000884
  92    0.0000001  -0.00000092
  93    0.0000096  -0.00004595
  94    0.0000131  -0.00006337
  95    0.0000229  -0.00009139
  96    0.0000008  -0.00000843
  97    0.0000001  -0.00000038
  98    0.0000092  -0.00004254
  99    0.0000114  -0.00005767
 100    0.0000218  -0.00008687
 101    0.0000007  -0.00000697
 102    0.0000001  -0.00000019
 103    0.0000087  -0.00003757
 104    0.0000107  -0.00005284
 105    0.0000173  -0.00007277
 106    0.0000007  -0.00000793
 107    0.0000001  -0.00000038
 108    0.0000080  -0.00004131
 109    0.0000103  -0.00005252
 110    0.0000154  -0.00006550
 111    0.0000006  -0.00003669
 112    0.0000001  -0.00000017
 
----------------
 Final Energies 
----------------
Final NOF Total Energy =     -79.2467133
 
Total Orbital Internal Iterations = 954
Total Occupation Internal Iterations = 205
 
Elapsed time:  218.09 Seconds

---------------------------------
   Lowdin Population Analysis    
---------------------------------
 Idx  Atom   Population   Charge 
---------------------------------
  1     B     5.163      -0.163
  2     N     6.837       0.163

---------------------------------
   M Diagnostic: 0.01
---------------------------------

Recovering execution output...
Moving from /scratch/pobleyef/168616 to /home-nas/pobleyef/Poison-Set/ncwomax/P30-5/GNOFm01/arina.168616
mkdir -p /home-nas/pobleyef/Poison-Set/ncwomax/P30-5/GNOFm01/arina.168616
mv /scratch/pobleyef/168616/* /home-nas/pobleyef/Poison-Set/ncwomax/P30-5/GNOFm01/arina.168616
