ALKBDE10_3_o
/software/eb2024/easybuild/software/common/software/Julia/1.11.3-linux-x86_64/bin/julia
Job runing on na14
Choosing scratch ...
Automatic scratch folder selection
/scratch/pobleyef/211339
/scratch/pobleyef/211339 directory
cp ALKBDE10_3_o.jl ALKBDE10_3_o.jld2 to  /scratch/pobleyef/211339/.
Computing Integrals
Basis Set                                            = def2-qzvp
Auxiliary Basis Set                                  = def2-universal-jkfit
Gaussian Type                                        = Spherical
Elapsed time:    2.22 Seconds

Number of basis functions                   (NBF)    = 57
Number of auxiliary basis functions         (NBFAUX) = 77
Inactive Doubly occupied orbitals up to     (NO1)    = 0
No. considered Strongly Doubly occupied MOs (NDOC)   = 3
No. considered Strongly Singly occupied MOs (NSOC)   = 2
NO. of Weakly occ. per St. Doubly occ.  MOs (NCWO)   = 4
Dimension of the Nat. Orb. subspace         (NBF5)   = 17
No. of electrons                                     = 8
    No. of alpha electrons                           = 5
    No. of beta electrons                            = 3
Multiplicity                                         = 3

Geometry
========
 O       0.0000000       0.0000000       0.0000000

No violations of the orthonormality
No violations of the orthonormality
 
PNOF7/ADABelief Calculation
==================
 
  Nitext  Nit_orb  Time   Nit_occ  Time         Eelec          Etot           Ediff      maxdiff    MaxGrad_orb  Grad_occ
     1      10    1.7e+01    3    2.1e+01   -74.93158382   -74.93158382 -10073.93158382   0.002550   1.0e-02   8.4e-05 0.02
     2      20    6.3e-02   14    9.5e-04   -74.93348864   -74.93348864    -0.00190481   0.006025   2.4e-02   6.2e-05 0.02
     3      20    2.3e-02    7    5.0e-04   -74.93407066   -74.93407066    -0.00058203   0.015921   6.4e-02   7.3e-05 0.02
     4      20    1.7e-02    5    5.8e-04   -74.93423181   -74.93423181    -0.00016115   0.006080   2.4e-02   1.3e-04 0.02
     5      20    1.7e-02    0    3.8e-04   -74.93427515   -74.93427515    -0.00004334   0.006075   2.4e-02   1.3e-04 0.02
     6      40    3.1e-02    7    6.0e-04   -74.93489197   -74.93489197    -0.00061682   0.001043   4.2e-03   1.2e-04 0.02
     7      40    3.3e-02    5    6.1e-04   -74.93505445   -74.93505445    -0.00016248   0.001457   5.8e-03   9.6e-05 0.02
     8      40    3.2e-02    0    3.8e-04   -74.93519261   -74.93519261    -0.00013816   0.001350   5.4e-03   1.2e-04 0.02
     9      50    4.8e-02    0    3.8e-04   -74.93528402   -74.93528402    -0.00009141   0.000903   3.6e-03   1.6e-04 0.02
 
RESULTS OF THE OCCUPATION OPTIMIZATION
========================================
   1    1.9996516  -20.67352826
   2    1.9713973  -1.02030478
   3    1.9696209  -0.87266814
   4    1.0000000  -0.38041092
   5    1.0000000  -0.38040741
   6    0.0184465  -0.01575951
   7    0.0168309  -0.01468215
   8    0.0002334  -0.00782359
   9    0.0042399  -0.00531263
  10    0.0044432  -0.00524416
  11    0.0000514  -0.00112134
  12    0.0041828  -0.00528795
  13    0.0044268  -0.00521039
  14    0.0000421  -0.00094697
  15    0.0035099  -0.00501565
  16    0.0029019  -0.00431170
  17    0.0000214  -0.00057441
 
----------------
 Final Energies 
----------------
Final NOF Total Energy =     -74.9352840
 
Total Orbital Internal Iterations = 260
Total Occupation Internal Iterations = 41
 
Elapsed time:   49.62 Seconds

---------------------------------
   Lowdin Population Analysis    
---------------------------------
 Idx  Atom   Population   Charge 
---------------------------------
  1     O     8.000       0.000

---------------------------------
   M Diagnostic: 0.02
---------------------------------

Recovering execution output...
Moving from /scratch/pobleyef/211339 to /home-nas/pobleyef/Poison-NOF/ncwomax/P30-5/PNOF7/arina.211339
mkdir -p /home-nas/pobleyef/Poison-NOF/ncwomax/P30-5/PNOF7/arina.211339
mv /scratch/pobleyef/211339/* /home-nas/pobleyef/Poison-NOF/ncwomax/P30-5/PNOF7/arina.211339
