ALKBDE10-cao
/software/eb2024/easybuild/software/common/software/Julia/1.11.3-linux-x86_64/bin/julia
Job runing on na14
Choosing scratch ...
Automatic scratch folder selection
/scratch/pobleyef/283867
/scratch/pobleyef/283867 directory
cp ALKBDE10-cao.jl ALKBDE10-cao.jld2 to  /scratch/pobleyef/283867/.
Computing Integrals
Basis Set                                            = def2-qzvp
Auxiliary Basis Set                                  = def2-universal-jkfit
Gaussian Type                                        = Spherical
Elapsed time:    4.47 Seconds

Number of basis functions                   (NBF)    = 113
Number of auxiliary basis functions         (NBFAUX) = 237
Inactive Doubly occupied orbitals up to     (NO1)    = 0
No. considered Strongly Doubly occupied MOs (NDOC)   = 14
No. considered Strongly Singly occupied MOs (NSOC)   = 0
NO. of Weakly occ. per St. Doubly occ.  MOs (NCWO)   = 7
Dimension of the Nat. Orb. subspace         (NBF5)   = 112
No. of electrons                                     = 28
    No. of alpha electrons                           = 14
    No. of beta electrons                            = 14
Multiplicity                                         = 1

Geometry
========
Ca       0.0000000       0.0000000      -0.8987290
 O       0.0000000       0.0000000       0.8987290

No violations of the orthonormality
No violations of the orthonormality
 
PNOF7/ADABelief Calculation
==================
 
  Nitext  Nit_orb  Time   Nit_occ  Time         Eelec          Etot           Ediff      maxdiff    MaxGrad_orb  Grad_occ
     1      10    1.9e+01   72    2.1e+01  -798.07049063  -750.96609092 -10797.07049063   0.003382   1.4e-02   2.2e-04 0.10
     2      20    5.2e+00    0    7.7e-02  -798.85178753  -751.74738781    -0.78129690   0.003382   1.4e-02   2.2e-04 0.10
     3      40    1.2e+01   35    3.8e-01  -798.86230405  -751.75790433    -0.01051652   0.098831   4.0e-01   2.1e-04 0.11
     4      40    1.2e+01   21    2.2e-01  -798.88101368  -751.77661396    -0.01870963   0.003835   1.5e-02   2.2e-04 0.13
     5      40    1.1e+01   23    1.8e-01  -798.89087531  -751.78647559    -0.00986163   0.005464   2.2e-02   1.3e-04 0.16
     6      40    1.3e+01   15    1.6e-01  -798.89888902  -751.79448931    -0.00801372   0.008210   3.3e-02   2.7e-04 0.20
     7      40    9.8e+00   25    1.9e-01  -798.90630186  -751.80190214    -0.00741283   0.011157   4.5e-02   1.9e-04 0.27
     8      40    1.2e+01   21    1.7e-01  -798.91381258  -751.80941286    -0.00751072   0.013212   5.3e-02   2.0e-04 0.35
     9      40    9.0e+00   29    2.0e-01  -798.92130099  -751.81690127    -0.00748841   0.013096   5.2e-02   2.1e-04 0.45
    10      40    8.9e+00   17    1.2e-01  -798.92817403  -751.82377431    -0.00687304   0.011234   4.5e-02   1.6e-04 0.55
    11      40    1.1e+01   26    1.7e-01  -798.93353937  -751.82913965    -0.00536534   0.008154   3.3e-02   1.8e-04 0.63
    12      40    9.3e+00   14    1.9e-01  -798.93709636  -751.83269664    -0.00355699   0.005209   2.1e-02   2.3e-04 0.69
    13      40    9.6e+00   28    2.4e-01  -798.93931099  -751.83491127    -0.00221463   0.003103   1.2e-02   1.9e-04 0.74
    14      40    9.3e+00   11    9.8e-02  -798.94068877  -751.83628905    -0.00137777   0.001845   7.4e-03   2.5e-04 0.76
    15      40    1.0e+01   19    1.6e-01  -798.94154592  -751.83714620    -0.00085715   0.001621   6.5e-03   2.2e-04 0.78
    16      40    1.0e+01    9    9.6e-02  -798.94225517  -751.83785545    -0.00070925   0.016932   6.8e-02   1.9e-04 0.78
    17      40    1.2e+01    9    1.3e-01  -798.94278622  -751.83838650    -0.00053105   0.001477   5.9e-03   2.0e-04 0.79
    18      40    9.5e+00    8    4.2e-02  -798.94314119  -751.83874147    -0.00035497   0.001183   4.7e-03   2.0e-04 0.79
    19      40    9.1e+00    3    3.1e-02  -798.94334134  -751.83894162    -0.00020015   0.001335   5.3e-03   1.7e-04 0.79
    20      40    8.8e+00    4    8.9e-02  -798.94342985  -751.83903013    -0.00008851   0.001435   5.7e-03   1.7e-04 0.79
    21      40    9.9e+00    2    4.1e-02  -798.94350018  -751.83910046    -0.00007032   0.001536   6.1e-03   2.2e-04 0.79
    22      40    9.9e+00    7    4.6e-02  -798.94354461  -751.83914489    -0.00004443   0.001510   6.0e-03   1.6e-04 0.79
    23      40    9.7e+00    3    7.7e-02  -798.94361179  -751.83921207    -0.00006718   0.001440   5.8e-03   1.8e-04 0.79
    24      40    1.0e+01    2    5.3e-02  -798.94363822  -751.83923850    -0.00002643   0.001435   5.7e-03   2.3e-04 0.79
    25      40    1.2e+01    3    1.2e-01  -798.94365188  -751.83925217    -0.00001367   0.001458   5.8e-03   1.8e-04 0.79
    26      40    1.1e+01    7    1.0e-01  -798.94367389  -751.83927417    -0.00002200   0.001549   6.2e-03   1.5e-04 0.79
    27      40    1.1e+01    2    7.0e-02  -798.94372396  -751.83932424    -0.00005008   0.001404   5.6e-03   2.3e-04 0.79
    28      40    9.9e+00    3    5.7e-02  -798.94374575  -751.83934603    -0.00002179   0.001387   5.5e-03   1.7e-04 0.79
    29      40    1.1e+01    3    3.0e-02  -798.94378268  -751.83938296    -0.00003693   0.001335   5.3e-03   1.9e-04 0.79
    30      40    9.8e+00    4    7.4e-02  -798.94381104  -751.83941132    -0.00002835   0.001352   5.4e-03   1.6e-04 0.79
    31      40    1.0e+01    1    9.1e-02  -798.94384876  -751.83944904    -0.00003773   0.001156   4.6e-03   1.9e-04 0.79
    32      40    9.3e+00    4    5.1e-02  -798.94386318  -751.83946346    -0.00001441   0.001169   4.7e-03   1.9e-04 0.79
    33      40    1.0e+01    2    6.8e-02  -798.94389625  -751.83949653    -0.00003308   0.000953   3.8e-03   1.9e-04 0.79
 
RESULTS OF THE OCCUPATION OPTIMIZATION
========================================
   1    1.9999635  -131.80063818
   2    1.9999986  -34.27510170
   3    1.9996761  -20.54658996
   4    1.9999845  -13.56518042
   5    1.9999877  -13.56369216
   6    1.9999948  -13.56347589
   7    1.9971954  -2.17947054
   8    1.9781754  -1.36746549
   9    1.9792815  -1.32550901
  10    1.9824670  -1.32231014
  11    1.9682435  -0.75890161
  12    1.9678310  -0.75346992
  13    1.9676392  -0.74613966
  14    1.2100417  -0.25452485
  15    0.7898113  -0.18351516
  16    0.0244976  -0.01896506
  17    0.0243720  -0.01900155
  18    0.0240983  -0.01892172
  19    0.0148408  -0.01548385
  20    0.0096350  -0.01041441
  21    0.0130634  -0.01475189
  22    0.0020312  -0.00292987
  23    0.0000029  -0.00003077
  24    0.0000072  -0.00007284
  25    0.0000120  -0.00013287
  26    0.0002436  -0.00794772
  27    0.0000009  -0.00002896
  28    0.0000355  -0.00830232
  29    0.0000606  -0.00007306
  30    0.0037737  -0.00449440
  31    0.0037608  -0.00447458
  32    0.0037449  -0.00446727
  33    0.0019120  -0.00260138
  34    0.0089397  -0.01008243
  35    0.0080547  -0.00918674
  36    0.0005406  -0.00077998
  37    0.0000005  -0.00000917
  38    0.0000010  -0.00001764
  39    0.0000008  -0.00001609
  40    0.0000500  -0.00109356
  41    0.0000001  -0.00000149
  42    0.0000008  -0.00022180
  43    0.0000336  -0.00004404
  44    0.0030065  -0.00390240
  45    0.0029111  -0.00385763
  46    0.0028277  -0.00382592
  47    0.0002548  -0.00041724
  48    0.0016562  -0.00237885
  49    0.0004269  -0.00071720
  50    0.0001031  -0.00018292
  51    0.0000005  -0.00000903
  52    0.0000010  -0.00001803
  53    0.0000007  -0.00001348
  54    0.0000167  -0.00036621
  55    0.0000001  -0.00000120
  56    0.0000001  -0.00000037
  57    0.0000287  -0.00004056
  58    0.0005472  -0.00103659
  59    0.0005438  -0.00103169
  60    0.0004978  -0.00100312
  61    0.0002417  -0.00040793
  62    0.0002767  -0.00053842
  63    0.0000987  -0.00019963
  64    0.0000554  -0.00012613
  65    0.0000004  -0.00000658
  66    0.0000009  -0.00001576
  67    0.0000006  -0.00001176
  68    0.0000070  -0.00020399
  69    0.0000001  -0.00000098
  70    0.0000000  -0.00000026
  71    0.0000161  -0.00001229
  72    0.0002109  -0.00051743
  73    0.0002187  -0.00051614
  74    0.0002271  -0.00053547
  75    0.0002317  -0.00037127
  76    0.0000987  -0.00017025
  77    0.0000788  -0.00019805
  78    0.0000552  -0.00011300
  79    0.0000004  -0.00000628
  80    0.0000008  -0.00001442
  81    0.0000005  -0.00001086
  82    0.0000045  -0.00027548
  83    0.0000001  -0.00000052
  84    0.0000000  -0.00000012
  85    0.0000049  -0.00001625
  86    0.0001675  -0.00041912
  87    0.0002005  -0.00048836
  88    0.0001960  -0.00048553
  89    0.0000458  -0.00009883
  90    0.0000596  -0.00010595
  91    0.0000605  -0.00011213
  92    0.0000148  -0.00005761
  93    0.0000003  -0.00000386
  94    0.0000007  -0.00001368
  95    0.0000004  -0.00000802
  96    0.0000019  -0.00003692
  97    0.0000001  -0.00000058
  98    0.0000000  -0.00000003
  99    0.0000032  -0.00001512
 100    0.0001575  -0.00040715
 101    0.0001621  -0.00042042
 102    0.0001646  -0.00042515
 103    0.0000063  -0.00003343
 104    0.0000526  -0.00010101
 105    0.0000416  -0.00009756
 106    0.0000043  -0.00003079
 107    0.0000003  -0.00000204
 108    0.0000007  -0.00001257
 109    0.0000004  -0.00000643
 110    0.0000003  -0.00002279
 111    0.0000001  -0.00000037
 112    0.0000000  -0.00000001
 
----------------
 Final Energies 
----------------
Final NOF Total Energy =    -751.8394965
 
Total Orbital Internal Iterations = 1270
Total Occupation Internal Iterations = 432
 
Elapsed time:  384.85 Seconds

---------------------------------
   Lowdin Population Analysis    
---------------------------------
 Idx  Atom   Population   Charge 
---------------------------------
  1    Ca    19.695       0.305
  2     O     8.305      -0.305

---------------------------------
   M Diagnostic: 0.79
---------------------------------

Recovering execution output...
Moving from /scratch/pobleyef/283867 to /home-nas/pobleyef/Poison-NOF/ncwomax/P30-5/PNOF7/arina.283867
mkdir -p /home-nas/pobleyef/Poison-NOF/ncwomax/P30-5/PNOF7/arina.283867
mv /scratch/pobleyef/283867/* /home-nas/pobleyef/Poison-NOF/ncwomax/P30-5/PNOF7/arina.283867
