be
/software/eb2024/easybuild/software/common/software/Julia/1.11.3-linux-x86_64/bin/julia
Job runing on na20
Choosing scratch ...
Automatic scratch folder selection
/scratch/pobleyef/204736
/scratch/pobleyef/204736 directory
cp be.jl be.jld2 to  /scratch/pobleyef/204736/.
Computing Integrals
Elapsed time:    4.03 Seconds

Number of basis functions                   (NBF)    = 30
Number of auxiliary basis functions         (NBFAUX) = 51
Inactive Doubly occupied orbitals up to     (NO1)    = 0
No. considered Strongly Doubly occupied MOs (NDOC)   = 2
No. considered Strongly Singly occupied MOs (NSOC)   = 0
NO. of Weakly occ. per St. Doubly occ.  MOs (NCWO)   = 14
Dimension of the Nat. Orb. subspace         (NBF5)   = 30
No. of electrons                                     = 4
    No. of alpha electrons                           = 2
    No. of beta electrons                            = 2
Multiplicity                                         = 1

Geometry
========
Be       0.0000000       0.0000000       0.0000000

No violations of the orthonormality
No violations of the orthonormality
 
PNOF7/ADABelief Calculation
==================
 
  Nitext  Nit_orb  Time   Nit_occ  Time         Eelec          Etot           Ediff      maxdiff    MaxGrad_orb  Grad_occ
     1      10    1.7e+01    0    2.0e+01   -14.62295596   -14.62295596 -10013.62295596   0.000493   2.0e-03   1.1e-04 0.13
 
RESULTS OF THE OCCUPATION OPTIMIZATION
========================================
   1    1.9989994  -4.71565782
   2    1.8009532  -0.31739095
   3    0.0669557  -0.01629915
   4    0.0006235  -0.00342094
   5    0.0657125  -0.01605399
   6    0.0001169  -0.00060412
   7    0.0652979  -0.01594148
   8    0.0001159  -0.00060193
   9    0.0002000  -0.00013996
  10    0.0000910  -0.00053260
  11    0.0001818  -0.00006746
  12    0.0000175  -0.00011003
  13    0.0001727  -0.00006455
  14    0.0000048  -0.00002860
  15    0.0001494  -0.00005832
  16    0.0000043  -0.00002834
  17    0.0000987  -0.00004972
  18    0.0000043  -0.00002550
  19    0.0000667  -0.00002069
  20    0.0000042  -0.00002556
  21    0.0000630  -0.00002307
  22    0.0000040  -0.00001455
  23    0.0000430  -0.00002461
  24    0.0000039  -0.00001885
  25    0.0000363  -0.00002442
  26    0.0000036  -0.00001201
  27    0.0000356  -0.00002305
  28    0.0000034  -0.00000786
  29    0.0000336  -0.00002262
  30    0.0000034  -0.00000735
 
----------------
 Final Energies 
----------------
Final NOF Total Energy =     -14.6229560
 
Total Orbital Internal Iterations = 10
Total Occupation Internal Iterations = 0
 
Elapsed time:   48.28 Seconds

---------------------------------
   Lowdin Population Analysis    
---------------------------------
 Idx  Atom   Population   Charge 
---------------------------------
  1    Be     4.000       0.000

---------------------------------
   M Diagnostic: 0.13
---------------------------------

Recovering execution output...
Moving from /scratch/pobleyef/204736 to /home-nas/pobleyef/Poison-NOF/ncwomax/P30-5/PNOF7/arina.204736
mkdir -p /home-nas/pobleyef/Poison-NOF/ncwomax/P30-5/PNOF7/arina.204736
mv /scratch/pobleyef/204736/* /home-nas/pobleyef/Poison-NOF/ncwomax/P30-5/PNOF7/arina.204736
