Computing Integrals
Basis Set                                            = def2-qzvp
Auxiliary Basis Set                                  = def2-universal-jkfit
Gaussian Type                                        = Spherical
Elapsed time:    2.66 Seconds

Number of basis functions                   (NBF)    = 144
Number of auxiliary basis functions         (NBFAUX) = 172
Inactive Doubly occupied orbitals up to     (NO1)    = 0
No. considered Strongly Doubly occupied MOs (NDOC)   = 9
No. considered Strongly Singly occupied MOs (NSOC)   = 1
NO. of Weakly occ. per St. Doubly occ.  MOs (NCWO)   = 14
Dimension of the Nat. Orb. subspace         (NBF5)   = 136
No. of electrons                                     = 19
    No. of alpha electrons                           = 10
    No. of beta electrons                            = 9
Multiplicity                                         = 2

Geometry
========
 H       0.0000000       0.0000000      -1.5701571
 F       0.0000000       0.0000000       0.0449024
 F       0.0000000       0.0000000       1.5252546

No violations of the orthonormality
No violations of the orthonormality
 
PNOF7/ADABelief Calculation
==================
 
  Nitext  Nit_orb  Time   Nit_occ  Time         Eelec          Etot           Ediff      maxdiff    MaxGrad_orb  Grad_occ
     1      10    2.2e+01    0    2.5e+01  -233.01660233  -199.57437080 -10232.01660233   0.000500   2.0e-03   1.9e-04 0.27
 
RESULTS OF THE OCCUPATION OPTIMIZATION
========================================
   1    1.9998056  -26.38317087
   2    1.9998091  -26.36465329
   3    1.9849473  -1.05161740
   4    1.9849583  -1.04848765
   5    1.9846802  -1.04475270
   6    1.9851561  -1.03638661
   7    1.9851782  -1.03150344
   8    1.9851309  -1.02990776
   9    1.7318870  -0.75070260
  10    1.0000000  -0.28327006
  11    0.2679392  -0.15496901
  12    0.0099160  -0.01244760
  13    0.0099980  -0.01252885
  14    0.0099182  -0.01247413
  15    0.0098821  -0.01252253
  16    0.0099504  -0.01258752
  17    0.0098565  -0.01251373
  18    0.0001650  -0.00713634
  19    0.0001636  -0.00710976
  20    0.0001039  -0.00015434
  21    0.0020782  -0.00381227
  22    0.0020681  -0.00379875
  23    0.0020025  -0.00370536
  24    0.0020568  -0.00368738
  25    0.0019942  -0.00364604
  26    0.0019903  -0.00365937
  27    0.0000181  -0.00052301
  28    0.0000242  -0.00069514
  29    0.0000305  -0.00005861
  30    0.0019442  -0.00365657
  31    0.0019223  -0.00364870
  32    0.0019286  -0.00362429
  33    0.0018795  -0.00348248
  34    0.0019107  -0.00348724
  35    0.0018477  -0.00346340
  36    0.0000028  -0.00019835
  37    0.0000024  -0.00019486
  38    0.0000186  -0.00004473
  39    0.0003594  -0.00096482
  40    0.0003447  -0.00096512
  41    0.0003356  -0.00095352
  42    0.0006849  -0.00144341
  43    0.0004921  -0.00119714
  44    0.0006967  -0.00144589
  45    0.0000008  -0.00002152
  46    0.0000008  -0.00002171
  47    0.0000068  -0.00001489
  48    0.0001421  -0.00048154
  49    0.0001407  -0.00048977
  50    0.0001740  -0.00047541
  51    0.0002335  -0.00057846
  52    0.0002004  -0.00051733
  53    0.0001591  -0.00050318
  54    0.0000008  -0.00002050
  55    0.0000006  -0.00001903
  56    0.0000025  -0.00001901
  57    0.0001096  -0.00039307
  58    0.0001195  -0.00037709
  59    0.0001463  -0.00049219
  60    0.0001480  -0.00049011
  61    0.0001581  -0.00051286
  62    0.0001316  -0.00042574
  63    0.0000007  -0.00001728
  64    0.0000006  -0.00001657
  65    0.0000021  -0.00001083
  66    0.0001029  -0.00032309
  67    0.0001029  -0.00034771
  68    0.0001224  -0.00039333
  69    0.0001351  -0.00041866
  70    0.0001350  -0.00041412
  71    0.0001225  -0.00039686
  72    0.0000005  -0.00001495
  73    0.0000004  -0.00001308
  74    0.0000018  -0.00001364
  75    0.0000853  -0.00030191
  76    0.0000625  -0.00024504
  77    0.0000929  -0.00031831
  78    0.0001267  -0.00039748
  79    0.0001167  -0.00040472
  80    0.0001017  -0.00035060
  81    0.0000004  -0.00001074
  82    0.0000003  -0.00001145
  83    0.0000015  -0.00001126
  84    0.0000606  -0.00021446
  85    0.0000190  -0.00010417
  86    0.0000634  -0.00024603
  87    0.0000945  -0.00034313
  88    0.0000245  -0.00011774
  89    0.0000695  -0.00027874
  90    0.0000004  -0.00000718
  91    0.0000003  -0.00000409
  92    0.0000014  -0.00001137
  93    0.0000325  -0.00010823
  94    0.0000127  -0.00008443
  95    0.0000228  -0.00009427
  96    0.0000358  -0.00014739
  97    0.0000183  -0.00010424
  98    0.0000287  -0.00012484
  99    0.0000004  -0.00000472
 100    0.0000003  -0.00000421
 101    0.0000013  -0.00000883
 102    0.0000139  -0.00007682
 103    0.0000095  -0.00005841
 104    0.0000126  -0.00008596
 105    0.0000150  -0.00009172
 106    0.0000130  -0.00007176
 107    0.0000164  -0.00006880
 108    0.0000003  -0.00000399
 109    0.0000003  -0.00000386
 110    0.0000012  -0.00000829
 111    0.0000097  -0.00005688
 112    0.0000087  -0.00005048
 113    0.0000106  -0.00005786
 114    0.0000115  -0.00007065
 115    0.0000125  -0.00007613
 116    0.0000135  -0.00007411
 117    0.0000003  -0.00000298
 118    0.0000002  -0.00000276
 119    0.0000011  -0.00000809
 120    0.0000077  -0.00004705
 121    0.0000070  -0.00004454
 122    0.0000076  -0.00004763
 123    0.0000088  -0.00005372
 124    0.0000082  -0.00005089
 125    0.0000107  -0.00006190
 126    0.0000003  -0.00000163
 127    0.0000002  -0.00000151
 128    0.0000010  -0.00000803
 129    0.0000071  -0.00004695
 130    0.0000063  -0.00004174
 131    0.0000066  -0.00004522
 132    0.0000077  -0.00004151
 133    0.0000075  -0.00004625
 134    0.0000078  -0.00004273
 135    0.0000002  -0.00001631
 136    0.0000002  -0.00001599
 
----------------
 Final Energies 
----------------
Final NOF Total Energy =    -199.5743708
 
Total Orbital Internal Iterations = 10
Total Occupation Internal Iterations = 0
 
Elapsed time:   60.89 Seconds

---------------------------------
   Lowdin Population Analysis    
---------------------------------
 Idx  Atom   Population   Charge 
---------------------------------
  1     H     0.970       0.030
  2     F     9.000       0.000
  3     F     9.030      -0.030

---------------------------------
   M Diagnostic: 0.27
---------------------------------

