BH76_9_hf2ts
/software/eb2024/easybuild/software/common/software/Julia/1.11.3-linux-x86_64/bin/julia
Job runing on na14
Choosing scratch ...
Automatic scratch folder selection
/scratch/pobleyef/204740
/scratch/pobleyef/204740 directory
cp BH76_9_hf2ts.jl BH76_9_hf2ts.jld2 to  /scratch/pobleyef/204740/.
Computing Integrals
Elapsed time:   12.87 Seconds

Number of basis functions                   (NBF)    = 74
Number of auxiliary basis functions         (NBFAUX) = 188
Inactive Doubly occupied orbitals up to     (NO1)    = 0
No. considered Strongly Doubly occupied MOs (NDOC)   = 9
No. considered Strongly Singly occupied MOs (NSOC)   = 1
NO. of Weakly occ. per St. Doubly occ.  MOs (NCWO)   = 7
Dimension of the Nat. Orb. subspace         (NBF5)   = 73
No. of electrons                                     = 19
    No. of alpha electrons                           = 10
    No. of beta electrons                            = 9
Multiplicity                                         = 2

Geometry
========
 H       0.0000000       0.0000000      -1.5701571
 F       0.0000000       0.0000000       0.0449024
 F       0.0000000       0.0000000       1.5252546

No violations of the orthonormality
No violations of the orthonormality
 
PNOF7/ADABelief Calculation
==================
 
  Nitext  Nit_orb  Time   Nit_occ  Time         Eelec          Etot           Ediff      maxdiff    MaxGrad_orb  Grad_occ
     1      10    1.8e+01    0    2.1e+01  -232.96390343  -199.52167190 -10231.96390343   0.000340   1.4e-03   1.2e-04 0.26
 
RESULTS OF THE OCCUPATION OPTIMIZATION
========================================
   1    1.9998973  -26.38006430
   2    1.9998984  -26.36324646
   3    1.9862361  -1.04970680
   4    1.9858227  -1.03887977
   5    1.9855972  -1.03571070
   6    1.9862757  -1.03190624
   7    1.9860592  -1.02189236
   8    1.9860047  -1.02125055
   9    1.7388675  -0.74891328
  10    1.0000000  -0.28105983
  11    0.2608294  -0.15082335
  12    0.0097501  -0.01221342
  13    0.0098039  -0.01226245
  14    0.0097569  -0.01223452
  15    0.0097580  -0.01234595
  16    0.0097244  -0.01231233
  17    0.0096862  -0.01228982
  18    0.0000936  -0.00268530
  19    0.0000940  -0.00267952
  20    0.0001549  -0.00025271
  21    0.0019170  -0.00366160
  22    0.0018403  -0.00363492
  23    0.0017742  -0.00347951
  24    0.0018735  -0.00357531
  25    0.0018850  -0.00364011
  26    0.0018110  -0.00348932
  27    0.0000033  -0.00006538
  28    0.0000029  -0.00008558
  29    0.0000660  -0.00018111
  30    0.0017318  -0.00339162
  31    0.0017698  -0.00339205
  32    0.0016288  -0.00336383
  33    0.0017404  -0.00340687
  34    0.0017308  -0.00337613
  35    0.0016728  -0.00332502
  36    0.0000010  -0.00003463
  37    0.0000013  -0.00004187
  38    0.0000256  -0.00007529
  39    0.0002723  -0.00083545
  40    0.0002473  -0.00081136
  41    0.0002473  -0.00077340
  42    0.0006599  -0.00133261
  43    0.0005203  -0.00122554
  44    0.0002888  -0.00087374
  45    0.0000010  -0.00002850
  46    0.0000013  -0.00003975
  47    0.0000208  -0.00008061
  48    0.0001365  -0.00052443
  49    0.0001024  -0.00040013
  50    0.0001302  -0.00048539
  51    0.0001824  -0.00061578
  52    0.0001250  -0.00045897
  53    0.0001174  -0.00044239
  54    0.0000009  -0.00002044
  55    0.0000011  -0.00002241
  56    0.0000185  -0.00006629
  57    0.0001123  -0.00041520
  58    0.0000977  -0.00038559
  59    0.0001030  -0.00039884
  60    0.0001076  -0.00041617
  61    0.0001030  -0.00040736
  62    0.0001039  -0.00040458
  63    0.0000009  -0.00002046
  64    0.0000011  -0.00002119
  65    0.0000173  -0.00005916
  66    0.0000752  -0.00031860
  67    0.0000793  -0.00032244
  68    0.0000839  -0.00033178
  69    0.0000809  -0.00031463
  70    0.0000887  -0.00034098
  71    0.0000838  -0.00033514
  72    0.0000009  -0.00001590
  73    0.0000010  -0.00001904
 
----------------
 Final Energies 
----------------
Final NOF Total Energy =    -199.5216719
 
Total Orbital Internal Iterations = 10
Total Occupation Internal Iterations = 0
 
Elapsed time:   52.05 Seconds

---------------------------------
   Lowdin Population Analysis    
---------------------------------
 Idx  Atom   Population   Charge 
---------------------------------
  1     H     0.953       0.047
  2     F     9.006      -0.006
  3     F     9.040      -0.040

---------------------------------
   M Diagnostic: 0.26
---------------------------------

Recovering execution output...
Moving from /scratch/pobleyef/204740 to /home-nas/pobleyef/Poison-NOF/ncwomax/P30-5/PNOF7/arina.204740
mkdir -p /home-nas/pobleyef/Poison-NOF/ncwomax/P30-5/PNOF7/arina.204740
mv /scratch/pobleyef/204740/* /home-nas/pobleyef/Poison-NOF/ncwomax/P30-5/PNOF7/arina.204740
