BH76_9_hf
/software/eb2024/easybuild/software/common/software/Julia/1.11.3-linux-x86_64/bin/julia
Job runing on nh030
Choosing scratch ...
Automatic scratch folder selection
/scratch/pobleyef/168292
/scratch/pobleyef/168292 directory
cp BH76_9_hf.jl BH76_9_hf.jld2 to  /scratch/pobleyef/168292/.
Computing Integrals
Elapsed time:    6.02 Seconds

Number of basis functions                   (NBF)    = 87
Number of auxiliary basis functions         (NBFAUX) = 95
Inactive Doubly occupied orbitals up to     (NO1)    = 0
No. considered Strongly Doubly occupied MOs (NDOC)   = 5
No. considered Strongly Singly occupied MOs (NSOC)   = 0
NO. of Weakly occ. per St. Doubly occ.  MOs (NCWO)   = 16
Dimension of the Nat. Orb. subspace         (NBF5)   = 85
No. of electrons                                     = 10
    No. of alpha electrons                           = 5
    No. of beta electrons                            = 5
Multiplicity                                         = 1

Geometry
========
 F       0.0000000       0.0000000       0.4576912
 H       0.0000000       0.0000000      -0.4576912

No violations of the orthonormality
No violations of the orthonormality
 
PNOF7/ADABelief Calculation
==================
 
  Nitext  Nit_orb  Time   Nit_occ  Time         Eelec          Etot           Ediff      maxdiff    MaxGrad_orb  Grad_occ
     1      10    2.8e+01   22    3.3e+01  -105.22585550  -100.02301904 -10104.22585550   0.269303   1.1e+00   2.0e-04 0.00
     2      10    1.1e-01    0    1.5e-02  -105.31211506  -100.10927861    -0.08625957   0.269300   1.1e+00   2.0e-04 0.00
     3      30    2.4e-01   27    3.0e-01  -105.34990422  -100.14706776    -0.03778916   0.014790   5.9e-02   1.7e-04 0.01
     4      30    2.4e-01   23    2.3e-01  -105.38613493  -100.18329848    -0.03623071   0.017950   7.2e-02   1.9e-04 0.02
     5      30    1.9e-01   13    9.6e-02  -105.39289545  -100.19005899    -0.00676052   0.018977   7.6e-02   1.9e-04 0.03
     6      30    2.1e-01    6    4.9e-02  -105.39427543  -100.19143898    -0.00137998   0.016833   6.7e-02   1.9e-04 0.03
     7      30    2.0e-01    3    3.0e-02  -105.39461020  -100.19177374    -0.00033476   0.017734   7.1e-02   2.5e-04 0.03
     8      30    1.9e-01    7    5.2e-02  -105.39475091  -100.19191446    -0.00014072   0.013011   5.2e-02   2.2e-04 0.03
     9      30    1.9e-01    0    8.8e-03  -105.39479314  -100.19195669    -0.00004223   0.013011   5.2e-02   2.2e-04 0.03
    10      50    3.2e-01    0    8.9e-03  -105.39509033  -100.19225388    -0.00029719   0.000841   3.4e-03   2.2e-04 0.03
 
RESULTS OF THE OCCUPATION OPTIMIZATION
========================================
   1    1.9998357  -26.29844799
   2    1.9713337  -1.00317576
   3    1.9878515  -0.94267908
   4    1.9874323  -0.93382194
   5    1.9874515  -0.93257802
   6    0.0099646  -0.01250654
   7    0.0099009  -0.01245950
   8    0.0098586  -0.01247862
   9    0.0246931  -0.02529586
  10    0.0001596  -0.00703951
  11    0.0011977  -0.00240868
  12    0.0009879  -0.00212948
  13    0.0008855  -0.00198831
  14    0.0022677  -0.00347640
  15    0.0000018  -0.00016697
  16    0.0006709  -0.00154168
  17    0.0007847  -0.00170754
  18    0.0005521  -0.00133589
  19    0.0009155  -0.00162110
  20    0.0000007  -0.00004547
  21    0.0004230  -0.00113434
  22    0.0005737  -0.00135729
  23    0.0004801  -0.00123924
  24    0.0004979  -0.00102162
  25    0.0000003  -0.00000223
  26    0.0000973  -0.00031644
  27    0.0000905  -0.00030656
  28    0.0001012  -0.00032349
  29    0.0000963  -0.00029904
  30    0.0000003  -0.00000264
  31    0.0000593  -0.00026192
  32    0.0000610  -0.00024540
  33    0.0000853  -0.00028840
  34    0.0000517  -0.00014684
  35    0.0000002  -0.00000112
  36    0.0000378  -0.00017218
  37    0.0000550  -0.00022555
  38    0.0000839  -0.00028104
  39    0.0000436  -0.00013696
  40    0.0000002  -0.00000119
  41    0.0000336  -0.00015834
  42    0.0000410  -0.00017646
  43    0.0000394  -0.00018400
  44    0.0000286  -0.00007476
  45    0.0000002  -0.00000114
  46    0.0000164  -0.00008605
  47    0.0000226  -0.00011867
  48    0.0000186  -0.00010194
  49    0.0000200  -0.00006276
  50    0.0000002  -0.00000081
  51    0.0000135  -0.00007776
  52    0.0000125  -0.00007000
  53    0.0000106  -0.00006864
  54    0.0000162  -0.00005372
  55    0.0000002  -0.00000078
  56    0.0000072  -0.00002224
  57    0.0000093  -0.00002361
  58    0.0000073  -0.00003187
  59    0.0000108  -0.00004631
  60    0.0000001  -0.00000095
  61    0.0000069  -0.00002834
  62    0.0000081  -0.00002997
  63    0.0000065  -0.00002903
  64    0.0000075  -0.00003361
  65    0.0000001  -0.00000047
  66    0.0000062  -0.00002947
  67    0.0000061  -0.00002732
  68    0.0000057  -0.00002656
  69    0.0000048  -0.00002180
  70    0.0000001  -0.00000053
  71    0.0000053  -0.00002483
  72    0.0000057  -0.00002614
  73    0.0000053  -0.00002604
  74    0.0000047  -0.00001963
  75    0.0000001  -0.00000057
  76    0.0000048  -0.00001617
  77    0.0000045  -0.00001914
  78    0.0000044  -0.00002105
  79    0.0000043  -0.00000905
  80    0.0000001  -0.00000065
  81    0.0000040  -0.00001546
  82    0.0000043  -0.00001531
  83    0.0000041  -0.00001975
  84    0.0000037  -0.00000509
  85    0.0000001  -0.00000952
 
----------------
 Final Energies 
----------------
Final NOF Total Energy =    -100.1922539
 
Total Orbital Internal Iterations = 280
Total Occupation Internal Iterations = 101
 
Elapsed time:   81.85 Seconds

---------------------------------
   Lowdin Population Analysis    
---------------------------------
 Idx  Atom   Population   Charge 
---------------------------------
  1     F     8.509       0.491
  2     H     1.491      -0.491

---------------------------------
   M Diagnostic: 0.03
---------------------------------

Recovering execution output...
Moving from /scratch/pobleyef/168292 to /home-nas/pobleyef/Poison-Set/ncwomax/P30-5/PNOF7/arina.168292
mkdir -p /home-nas/pobleyef/Poison-Set/ncwomax/P30-5/PNOF7/arina.168292
mv /scratch/pobleyef/168292/* /home-nas/pobleyef/Poison-Set/ncwomax/P30-5/PNOF7/arina.168292
