BH76_1_n2ohts
/software/eb2024/easybuild/software/common/software/Julia/1.11.3-linux-x86_64/bin/julia
Job runing on na07
Choosing scratch ...
Automatic scratch folder selection
/scratch/pobleyef/168289
/scratch/pobleyef/168289 directory
cp BH76_1_n2ohts.jl BH76_1_n2ohts.jld2 to  /scratch/pobleyef/168289/.
Computing Integrals
Elapsed time:    7.32 Seconds

Number of basis functions                   (NBF)    = 201
Number of auxiliary basis functions         (NBFAUX) = 249
Inactive Doubly occupied orbitals up to     (NO1)    = 0
No. considered Strongly Doubly occupied MOs (NDOC)   = 11
No. considered Strongly Singly occupied MOs (NSOC)   = 1
NO. of Weakly occ. per St. Doubly occ.  MOs (NCWO)   = 17
Dimension of the Nat. Orb. subspace         (NBF5)   = 199
No. of electrons                                     = 23
    No. of alpha electrons                           = 12
    No. of beta electrons                            = 11
Multiplicity                                         = 2

Geometry
========
 H      -0.2690454      -1.5391876       0.0000000
 O      -0.8267685      -0.2299978       0.0000000
 N       0.0342399       0.6485534       0.0000000
 N       1.0615740       1.1206319       0.0000000

No violations of the orthonormality
No violations of the orthonormality
 
PNOF7/ADABelief Calculation
==================
 
  Nitext  Nit_orb  Time   Nit_occ  Time         Eelec          Etot           Ediff      maxdiff    MaxGrad_orb  Grad_occ
     1      10    4.9e+01   99    2.7e+01  -249.71837463  -184.03213280 -10248.71837463   0.000864   3.5e-03   2.1e-04 0.19
 
RESULTS OF THE OCCUPATION OPTIMIZATION
========================================
   1    1.9997613  -20.65448904
   2    1.9996343  -15.78059536
   3    1.9996694  -15.68113293
   4    1.9850751  -1.43116207
   5    1.9644530  -1.07144403
   6    1.9873484  -0.94046316
   7    1.9873120  -0.93711464
   8    1.9850597  -0.88763871
   9    1.9795757  -0.78590653
  10    1.8511096  -0.61389813
  11    1.8123630  -0.57385151
  12    1.0000000  -0.19383481
  13    0.1870729  -0.08122735
  14    0.1483662  -0.06946624
  15    0.0197188  -0.01339350
  16    0.0139700  -0.00825553
  17    0.0120278  -0.01094443
  18    0.0120616  -0.01092817
  19    0.0350573  -0.03252897
  20    0.0143662  -0.01791097
  21    0.0003051  -0.00797620
  22    0.0003383  -0.00861371
  23    0.0002234  -0.00771491
  24    0.0002303  -0.00042219
  25    0.0001823  -0.00036565
  26    0.0001588  -0.00029301
  27    0.0002979  -0.00040227
  28    0.0002843  -0.00061412
  29    0.0002631  -0.00052092
  30    0.0002221  -0.00046141
  31    0.0002720  -0.00066476
  32    0.0000059  -0.00011401
  33    0.0000063  -0.00011882
  34    0.0000027  -0.00006743
  35    0.0001296  -0.00024821
  36    0.0001058  -0.00024183
  37    0.0001487  -0.00025010
  38    0.0002106  -0.00042954
  39    0.0001511  -0.00028777
  40    0.0000776  -0.00015713
  41    0.0000721  -0.00019654
  42    0.0000852  -0.00022962
  43    0.0000024  -0.00004537
  44    0.0000028  -0.00005192
  45    0.0000025  -0.00006931
  46    0.0000693  -0.00015190
  47    0.0000711  -0.00014738
  48    0.0001477  -0.00030493
  49    0.0001288  -0.00023492
  50    0.0000640  -0.00011944
  51    0.0000585  -0.00013338
  52    0.0000701  -0.00015058
  53    0.0000712  -0.00019399
  54    0.0000019  -0.00004531
  55    0.0000025  -0.00004306
  56    0.0000013  -0.00003304
  57    0.0000445  -0.00008407
  58    0.0000481  -0.00010040
  59    0.0000913  -0.00019113
  60    0.0001033  -0.00015922
  61    0.0000523  -0.00010989
  62    0.0000551  -0.00011950
  63    0.0000530  -0.00012641
  64    0.0000354  -0.00009130
  65    0.0000018  -0.00003088
  66    0.0000024  -0.00004392
  67    0.0000013  -0.00003073
  68    0.0000218  -0.00005119
  69    0.0000376  -0.00008040
  70    0.0000598  -0.00012730
  71    0.0000829  -0.00015983
  72    0.0000381  -0.00008886
  73    0.0000415  -0.00009220
  74    0.0000156  -0.00004579
  75    0.0000300  -0.00009059
  76    0.0000016  -0.00002614
  77    0.0000020  -0.00003441
  78    0.0000010  -0.00002398
  79    0.0000203  -0.00004792
  80    0.0000308  -0.00006717
  81    0.0000313  -0.00006600
  82    0.0000637  -0.00011574
  83    0.0000230  -0.00005528
  84    0.0000336  -0.00007782
  85    0.0000154  -0.00004112
  86    0.0000231  -0.00005989
  87    0.0000015  -0.00002243
  88    0.0000017  -0.00002651
  89    0.0000008  -0.00001534
  90    0.0000184  -0.00003438
  91    0.0000135  -0.00003654
  92    0.0000220  -0.00004932
  93    0.0000438  -0.00006336
  94    0.0000132  -0.00002844
  95    0.0000328  -0.00006075
  96    0.0000099  -0.00002012
  97    0.0000097  -0.00003283
  98    0.0000014  -0.00002203
  99    0.0000014  -0.00002014
 100    0.0000008  -0.00001442
 101    0.0000089  -0.00002373
 102    0.0000114  -0.00003192
 103    0.0000168  -0.00003798
 104    0.0000130  -0.00003562
 105    0.0000098  -0.00002792
 106    0.0000064  -0.00002277
 107    0.0000073  -0.00003158
 108    0.0000092  -0.00003414
 109    0.0000013  -0.00001668
 110    0.0000013  -0.00001636
 111    0.0000007  -0.00001436
 112    0.0000055  -0.00001764
 113    0.0000089  -0.00002712
 114    0.0000076  -0.00002185
 115    0.0000055  -0.00003179
 116    0.0000041  -0.00002119
 117    0.0000040  -0.00001802
 118    0.0000057  -0.00002602
 119    0.0000055  -0.00002604
 120    0.0000012  -0.00001503
 121    0.0000010  -0.00001261
 122    0.0000007  -0.00001232
 123    0.0000035  -0.00001603
 124    0.0000029  -0.00001188
 125    0.0000066  -0.00003512
 126    0.0000053  -0.00001773
 127    0.0000037  -0.00002021
 128    0.0000037  -0.00001785
 129    0.0000056  -0.00002340
 130    0.0000046  -0.00002162
 131    0.0000011  -0.00001264
 132    0.0000010  -0.00001052
 133    0.0000007  -0.00000971
 134    0.0000031  -0.00001218
 135    0.0000026  -0.00001245
 136    0.0000050  -0.00002466
 137    0.0000047  -0.00001736
 138    0.0000037  -0.00001733
 139    0.0000030  -0.00001675
 140    0.0000037  -0.00002159
 141    0.0000033  -0.00001980
 142    0.0000010  -0.00001079
 143    0.0000009  -0.00001016
 144    0.0000006  -0.00000873
 145    0.0000023  -0.00001113
 146    0.0000026  -0.00001277
 147    0.0000033  -0.00001346
 148    0.0000030  -0.00001412
 149    0.0000033  -0.00001332
 150    0.0000027  -0.00001426
 151    0.0000029  -0.00001773
 152    0.0000032  -0.00002069
 153    0.0000010  -0.00001185
 154    0.0000009  -0.00000923
 155    0.0000006  -0.00000772
 156    0.0000022  -0.00001036
 157    0.0000022  -0.00001058
 158    0.0000021  -0.00001159
 159    0.0000030  -0.00001191
 160    0.0000031  -0.00001732
 161    0.0000026  -0.00001533
 162    0.0000022  -0.00001412
 163    0.0000019  -0.00002813
 164    0.0000009  -0.00001037
 165    0.0000009  -0.00000779
 166    0.0000006  -0.00000713
 167    0.0000021  -0.00001112
 168    0.0000016  -0.00000578
 169    0.0000016  -0.00000949
 170    0.0000020  -0.00000886
 171    0.0000030  -0.00001782
 172    0.0000025  -0.00001415
 173    0.0000016  -0.00000844
 174    0.0000017  -0.00000844
 175    0.0000009  -0.00000634
 176    0.0000008  -0.00000550
 177    0.0000005  -0.00000382
 178    0.0000012  0.00000115
 179    0.0000015  -0.00000497
 180    0.0000015  -0.00000598
 181    0.0000015  -0.00000777
 182    0.0000020  -0.00001165
 183    0.0000016  -0.00000871
 184    0.0000013  -0.00001080
 185    0.0000015  -0.00000664
 186    0.0000008  -0.00000923
 187    0.0000008  -0.00000565
 188    0.0000005  -0.00000371
 189    0.0000009  -0.00000329
 190    0.0000014  -0.00000581
 191    0.0000014  -0.00000298
 192    0.0000013  -0.00000761
 193    0.0000016  -0.00000607
 194    0.0000013  -0.00000568
 195    0.0000013  -0.00000345
 196    0.0000013  -0.00000551
 197    0.0000008  -0.00000810
 198    0.0000007  -0.00001367
 199    0.0000001  0.00000175
 
----------------
 Final Energies 
----------------
Final NOF Total Energy =    -184.0321328
 
Total Orbital Internal Iterations = 10
Total Occupation Internal Iterations = 99
 
Elapsed time:   90.11 Seconds

---------------------------------
   Lowdin Population Analysis    
---------------------------------
 Idx  Atom   Population   Charge 
---------------------------------
  1     H     1.183      -0.183
  2     O     7.825       0.175
  3     N     7.096      -0.096
  4     N     6.897       0.103

---------------------------------
   M Diagnostic: 0.19
---------------------------------

Recovering execution output...
Moving from /scratch/pobleyef/168289 to /home-nas/pobleyef/Poison-Set/ncwomax/P30-5/PNOF7/arina.168289
mkdir -p /home-nas/pobleyef/Poison-Set/ncwomax/P30-5/PNOF7/arina.168289
mv /scratch/pobleyef/168289/* /home-nas/pobleyef/Poison-Set/ncwomax/P30-5/PNOF7/arina.168289
