BH76_1_oh
/software/eb2024/easybuild/software/common/software/Julia/1.11.3-linux-x86_64/bin/julia
Job runing on nh031
Choosing scratch ...
Automatic scratch folder selection
/scratch/pobleyef/168290
/scratch/pobleyef/168290 directory
cp BH76_1_oh.jl BH76_1_oh.jld2 to  /scratch/pobleyef/168290/.
Computing Integrals
Elapsed time:    5.99 Seconds

Number of basis functions                   (NBF)    = 87
Number of auxiliary basis functions         (NBFAUX) = 95
Inactive Doubly occupied orbitals up to     (NO1)    = 0
No. considered Strongly Doubly occupied MOs (NDOC)   = 4
No. considered Strongly Singly occupied MOs (NSOC)   = 1
NO. of Weakly occ. per St. Doubly occ.  MOs (NCWO)   = 20
Dimension of the Nat. Orb. subspace         (NBF5)   = 85
No. of electrons                                     = 9
    No. of alpha electrons                           = 5
    No. of beta electrons                            = 4
Multiplicity                                         = 2

Geometry
========
 O       0.0000000       0.0000000       0.4844483
 H       0.0000000       0.0000000      -0.4844483

No violations of the orthonormality
No violations of the orthonormality
 
PNOF7/ADABelief Calculation
==================
 
  Nitext  Nit_orb  Time   Nit_occ  Time         Eelec          Etot           Ediff      maxdiff    MaxGrad_orb  Grad_occ
     1      10    2.8e+01   40    3.3e+01   -79.78179711   -75.41248755 -10078.78179711   0.179946   7.2e-01   8.8e-05 0.00
     2      10    1.0e-01    0    8.8e-03   -79.85085074   -75.48154117    -0.06905363   0.179944   7.2e-01   8.8e-05 0.00
     3      30    2.1e-01   40    4.3e-01   -79.88953073   -75.52022117    -0.03867999   0.042044   1.7e-01   2.1e-04 0.02
     4      30    2.0e-01   23    1.7e-01   -79.92912940   -75.55981984    -0.03959867   0.010560   4.2e-02   1.8e-04 0.03
     5      30    2.1e-01   27    2.4e-01   -79.93574395   -75.56643439    -0.00661455   0.017679   7.1e-02   1.9e-04 0.03
     6      30    1.8e-01    7    5.3e-02   -79.93820825   -75.56889869    -0.00246430   0.010752   4.3e-02   2.3e-04 0.04
     7      30    2.1e-01    5    4.3e-02   -79.93853834   -75.56922877    -0.00033009   0.020382   8.2e-02   1.8e-04 0.04
     8      30    2.1e-01    8    6.2e-02   -79.93874189   -75.56943233    -0.00020355   0.018886   7.6e-02   1.7e-04 0.04
     9      30    2.3e-01    0    8.5e-03   -79.93880333   -75.56949377    -0.00006144   0.018886   7.6e-02   1.7e-04 0.04
    10      50    3.8e-01    3    2.8e-02   -79.93931585   -75.57000629    -0.00051252   0.001191   4.8e-03   1.7e-04 0.04
    11      50    3.7e-01    0    1.3e-02   -79.93933115   -75.57002158    -0.00001530   0.001191   4.8e-03   1.7e-04 0.04
    12      70    4.6e-01    5    4.3e-02   -79.93934737   -75.57003780    -0.00001622   0.000531   2.1e-03   1.9e-04 0.04
 
RESULTS OF THE OCCUPATION OPTIMIZATION
========================================
   1    1.9996956  -20.62175528
   2    1.9599093  -0.93963777
   3    1.9750455  -0.84141101
   4    1.9753868  -0.83656656
   5    1.0000000  -0.35860996
   6    0.0155940  -0.01411189
   7    0.0154869  -0.01402778
   8    0.0320814  -0.02795990
   9    0.0002339  -0.00774439
  10    0.0042431  -0.00517619
  11    0.0045883  -0.00533230
  12    0.0038079  -0.00505349
  13    0.0000384  -0.00086565
  14    0.0029003  -0.00395137
  15    0.0028101  -0.00387686
  16    0.0028276  -0.00403662
  17    0.0000233  -0.00058460
  18    0.0006719  -0.00127102
  19    0.0006792  -0.00127427
  20    0.0006390  -0.00115213
  21    0.0000043  -0.00026090
  22    0.0003197  -0.00071162
  23    0.0003716  -0.00077895
  24    0.0003082  -0.00055059
  25    0.0000006  -0.00000932
  26    0.0002716  -0.00063363
  27    0.0002854  -0.00064139
  28    0.0001206  -0.00034312
  29    0.0000005  -0.00000446
  30    0.0001838  -0.00039732
  31    0.0002283  -0.00049159
  32    0.0001187  -0.00031956
  33    0.0000005  -0.00000380
  34    0.0001532  -0.00040437
  35    0.0001582  -0.00038831
  36    0.0000348  -0.00010297
  37    0.0000004  -0.00000252
  38    0.0000943  -0.00023325
  39    0.0001324  -0.00035740
  40    0.0000344  -0.00010405
  41    0.0000003  -0.00000189
  42    0.0000647  -0.00020192
  43    0.0000783  -0.00019967
  44    0.0000266  -0.00007942
  45    0.0000003  -0.00000211
  46    0.0000251  -0.00009166
  47    0.0000530  -0.00017710
  48    0.0000207  -0.00006968
  49    0.0000002  -0.00000265
  50    0.0000155  -0.00006575
  51    0.0000132  -0.00006185
  52    0.0000176  -0.00006011
  53    0.0000002  -0.00000090
  54    0.0000150  -0.00006320
  55    0.0000116  -0.00005466
  56    0.0000152  -0.00005171
  57    0.0000002  -0.00000155
  58    0.0000118  -0.00004585
  59    0.0000114  -0.00005335
  60    0.0000086  -0.00003681
  61    0.0000002  -0.00000078
  62    0.0000105  -0.00004886
  63    0.0000091  -0.00004308
  64    0.0000072  -0.00003332
  65    0.0000002  -0.00000105
  66    0.0000092  -0.00004506
  67    0.0000089  -0.00004244
  68    0.0000061  -0.00002644
  69    0.0000002  -0.00000138
  70    0.0000084  -0.00004606
  71    0.0000088  -0.00003838
  72    0.0000046  -0.00002031
  73    0.0000002  -0.00000262
  74    0.0000081  -0.00004250
  75    0.0000078  -0.00003163
  76    0.0000041  -0.00001235
  77    0.0000002  -0.00000252
  78    0.0000071  -0.00003107
  79    0.0000060  -0.00002341
  80    0.0000041  -0.00001408
  81    0.0000002  -0.00000520
  82    0.0000059  -0.00002358
  83    0.0000059  -0.00002407
  84    0.0000032  -0.00000825
  85    0.0000002  -0.00000610
 
----------------
 Final Energies 
----------------
Final NOF Total Energy =     -75.5700378
 
Total Orbital Internal Iterations = 400
Total Occupation Internal Iterations = 158
 
Elapsed time:   83.13 Seconds

---------------------------------
   Lowdin Population Analysis    
---------------------------------
 Idx  Atom   Population   Charge 
---------------------------------
  1     O     7.590       0.410
  2     H     1.410      -0.410

---------------------------------
   M Diagnostic: 0.04
---------------------------------

Recovering execution output...
Moving from /scratch/pobleyef/168290 to /home-nas/pobleyef/Poison-Set/ncwomax/P30-5/PNOF7/arina.168290
mkdir -p /home-nas/pobleyef/Poison-Set/ncwomax/P30-5/PNOF7/arina.168290
mv /scratch/pobleyef/168290/* /home-nas/pobleyef/Poison-Set/ncwomax/P30-5/PNOF7/arina.168290
