cl
/software/eb2024/easybuild/software/common/software/Julia/1.11.3-linux-x86_64/bin/julia
Job runing on nh045
Choosing scratch ...
Automatic scratch folder selection
/scratch/pobleyef/168296
/scratch/pobleyef/168296 directory
cp cl.jl cl.jld2 to  /scratch/pobleyef/168296/.
Computing Integrals
Elapsed time:    6.36 Seconds

Number of basis functions                   (NBF)    = 70
Number of auxiliary basis functions         (NBFAUX) = 128
Inactive Doubly occupied orbitals up to     (NO1)    = 0
No. considered Strongly Doubly occupied MOs (NDOC)   = 8
No. considered Strongly Singly occupied MOs (NSOC)   = 1
NO. of Weakly occ. per St. Doubly occ.  MOs (NCWO)   = 7
Dimension of the Nat. Orb. subspace         (NBF5)   = 65
No. of electrons                                     = 17
    No. of alpha electrons                           = 9
    No. of beta electrons                            = 8
Multiplicity                                         = 2

Geometry
========
Cl       0.0000000       0.0000000       0.0000000

No violations of the orthonormality
No violations of the orthonormality
 
PNOF7/ADABelief Calculation
==================
 
  Nitext  Nit_orb  Time   Nit_occ  Time         Eelec          Etot           Ediff      maxdiff    MaxGrad_orb  Grad_occ
     1      10    2.8e+01   33    3.6e+01  -459.20902726  -459.20902726 -10458.20902726   0.000863   3.5e-03   1.6e-04 0.03
 
RESULTS OF THE OCCUPATION OPTIMIZATION
========================================
   1    1.9999723  -103.81428546
   2    1.9996247  -8.99007532
   3    1.9996490  -8.98973483
   4    1.9996474  -8.98001103
   5    1.9995900  -8.91329616
   6    1.9843100  -0.95606721
   7    1.9755138  -0.63451363
   8    1.9689808  -0.50374301
   9    1.0000000  -0.30586048
  10    0.0307295  -0.01484276
  11    0.0241212  -0.01380933
  12    0.0153890  -0.01017844
  13    0.0003799  -0.00438793
  14    0.0003197  -0.00393014
  15    0.0003220  -0.00394254
  16    0.0003444  -0.00413653
  17    0.0000273  -0.00580490
  18    0.0001490  -0.00025440
  19    0.0001944  -0.00029449
  20    0.0001769  -0.00032495
  21    0.0000102  -0.00012972
  22    0.0000096  -0.00011448
  23    0.0000077  -0.00010754
  24    0.0000089  -0.00010693
  25    0.0000001  -0.00000798
  26    0.0000598  -0.00013464
  27    0.0001120  -0.00024738
  28    0.0000716  -0.00015761
  29    0.0000062  -0.00006964
  30    0.0000065  -0.00007550
  31    0.0000069  -0.00007861
  32    0.0000069  -0.00007500
  33    0.0000001  -0.00000483
  34    0.0000314  -0.00011460
  35    0.0000184  -0.00004963
  36    0.0000242  -0.00007245
  37    0.0000038  -0.00003671
  38    0.0000059  -0.00006517
  39    0.0000048  -0.00005130
  40    0.0000045  -0.00005048
  41    0.0000001  -0.00000432
  42    0.0000214  -0.00003486
  43    0.0000165  -0.00002972
  44    0.0000153  -0.00003695
  45    0.0000035  -0.00002616
  46    0.0000041  -0.00002914
  47    0.0000038  -0.00003093
  48    0.0000038  -0.00002706
  49    0.0000001  -0.00000315
  50    0.0000178  -0.00004476
  51    0.0000123  -0.00005929
  52    0.0000066  -0.00001538
  53    0.0000033  -0.00002805
  54    0.0000037  -0.00003373
  55    0.0000029  -0.00001896
  56    0.0000034  -0.00003021
  57    0.0000001  -0.00000245
  58    0.0000103  -0.00001635
  59    0.0000114  -0.00002209
  60    0.0000065  -0.00003749
  61    0.0000031  -0.00002345
  62    0.0000032  -0.00002100
  63    0.0000029  -0.00002215
  64    0.0000033  -0.00002510
  65    0.0000001  -0.00000718
 
----------------
 Final Energies 
----------------
Final NOF Total Energy =    -459.2090273
 
Total Orbital Internal Iterations = 10
Total Occupation Internal Iterations = 33
 
Elapsed time:   84.40 Seconds

---------------------------------
   Lowdin Population Analysis    
---------------------------------
 Idx  Atom   Population   Charge 
---------------------------------
  1    Cl    17.000      -0.000

---------------------------------
   M Diagnostic: 0.03
---------------------------------

Recovering execution output...
Moving from /scratch/pobleyef/168296 to /home-nas/pobleyef/Poison-Set/ncwomax/P30-5/PNOF7/arina.168296
mkdir -p /home-nas/pobleyef/Poison-Set/ncwomax/P30-5/PNOF7/arina.168296
mv /scratch/pobleyef/168296/* /home-nas/pobleyef/Poison-Set/ncwomax/P30-5/PNOF7/arina.168296
