DC13-be4
/software/eb2024/easybuild/software/common/software/Julia/1.11.3-linux-x86_64/bin/julia
Job runing on na19
Choosing scratch ...
Automatic scratch folder selection
/scratch/pobleyef/283878
/scratch/pobleyef/283878 directory
cp DC13-be4.jl DC13-be4.jld2 to  /scratch/pobleyef/283878/.
Computing Integrals
Basis Set                                            = def2-qzvp
Auxiliary Basis Set                                  = def2-universal-jkfit
Gaussian Type                                        = Spherical
Elapsed time:    4.94 Seconds

Number of basis functions                   (NBF)    = 144
Number of auxiliary basis functions         (NBFAUX) = 204
Inactive Doubly occupied orbitals up to     (NO1)    = 0
No. considered Strongly Doubly occupied MOs (NDOC)   = 8
No. considered Strongly Singly occupied MOs (NSOC)   = 0
NO. of Weakly occ. per St. Doubly occ.  MOs (NCWO)   = 17
Dimension of the Nat. Orb. subspace         (NBF5)   = 144
No. of electrons                                     = 16
    No. of alpha electrons                           = 8
    No. of beta electrons                            = 8
Multiplicity                                         = 1

Geometry
========
Be       0.7279036      -0.7279036       0.7279036
Be      -0.7279036       0.7279036       0.7279036
Be      -0.7279036      -0.7279036      -0.7279036
Be       0.7279036       0.7279036      -0.7279036

No violations of the orthonormality
No violations of the orthonormality
 
PNOF7/ADABelief Calculation
==================
 
  Nitext  Nit_orb  Time   Nit_occ  Time         Eelec          Etot           Ediff      maxdiff    MaxGrad_orb  Grad_occ
     1      10    2.0e+01   85    2.2e+01   -82.97808107   -58.30333939 -10081.97808107   0.000973   3.9e-03   2.5e-04 0.27
 
RESULTS OF THE OCCUPATION OPTIMIZATION
========================================
   1    1.9984202  -4.69927776
   2    1.9984426  -4.69604350
   3    1.9984598  -4.69524846
   4    1.9984276  -4.68933504
   5    1.9439527  -0.55310271
   6    1.7355135  -0.27172743
   7    1.7343383  -0.27136369
   8    1.7324510  -0.27003856
   9    0.2658279  -0.05123267
  10    0.2636543  -0.05155491
  11    0.2626319  -0.05130419
  12    0.0535423  -0.01662629
  13    0.0014345  -0.01038921
  14    0.0014376  -0.01039222
  15    0.0014417  -0.01041582
  16    0.0014284  -0.01037910
  17    0.0004391  -0.00032432
  18    0.0006049  -0.00037708
  19    0.0004731  -0.00035569
  20    0.0010413  -0.00070034
  21    0.0000374  -0.00018901
  22    0.0000289  -0.00015943
  23    0.0000363  -0.00018901
  24    0.0000517  -0.00023721
  25    0.0002819  -0.00023285
  26    0.0003390  -0.00026150
  27    0.0004488  -0.00031023
  28    0.0003952  -0.00032915
  29    0.0000290  -0.00015541
  30    0.0000182  -0.00011090
  31    0.0000213  -0.00012126
  32    0.0000181  -0.00019173
  33    0.0002636  -0.00020540
  34    0.0003039  -0.00024361
  35    0.0002794  -0.00020881
  36    0.0003058  -0.00031023
  37    0.0000211  -0.00012071
  38    0.0000092  -0.00005920
  39    0.0000106  -0.00006786
  40    0.0000145  -0.00008578
  41    0.0002480  -0.00019898
  42    0.0002751  -0.00020516
  43    0.0002450  -0.00018218
  44    0.0002610  -0.00023619
  45    0.0000119  -0.00007462
  46    0.0000081  -0.00010633
  47    0.0000080  -0.00010911
  48    0.0000139  -0.00007988
  49    0.0002019  -0.00014890
  50    0.0002065  -0.00014169
  51    0.0001795  -0.00016351
  52    0.0001727  -0.00010833
  53    0.0000082  -0.00012154
  54    0.0000081  -0.00005520
  55    0.0000075  -0.00004886
  56    0.0000131  -0.00014314
  57    0.0001174  -0.00008134
  58    0.0000656  -0.00005652
  59    0.0000588  -0.00005339
  60    0.0000985  -0.00007702
  61    0.0000052  -0.00003251
  62    0.0000044  -0.00002787
  63    0.0000049  -0.00003017
  64    0.0000112  -0.00006751
  65    0.0000551  -0.00004848
  66    0.0000561  -0.00004627
  67    0.0000366  -0.00003908
  68    0.0000523  -0.00003559
  69    0.0000043  -0.00002667
  70    0.0000042  -0.00002498
  71    0.0000040  -0.00002390
  72    0.0000052  -0.00003017
  73    0.0000278  -0.00002591
  74    0.0000427  -0.00003931
  75    0.0000316  -0.00002994
  76    0.0000469  -0.00004493
  77    0.0000034  -0.00001844
  78    0.0000037  -0.00002097
  79    0.0000040  -0.00002336
  80    0.0000043  -0.00002397
  81    0.0000184  -0.00001510
  82    0.0000328  -0.00002906
  83    0.0000231  -0.00001009
  84    0.0000378  -0.00004313
  85    0.0000033  -0.00001836
  86    0.0000032  -0.00001649
  87    0.0000034  -0.00001751
  88    0.0000039  -0.00002021
  89    0.0000141  -0.00001006
  90    0.0000213  -0.00001731
  91    0.0000206  -0.00001729
  92    0.0000296  -0.00002920
  93    0.0000031  -0.00001554
  94    0.0000030  -0.00003271
  95    0.0000033  -0.00001691
  96    0.0000033  -0.00001610
  97    0.0000139  -0.00000903
  98    0.0000157  -0.00000540
  99    0.0000205  -0.00001750
 100    0.0000213  -0.00001920
 101    0.0000027  -0.00001147
 102    0.0000030  -0.00001443
 103    0.0000031  -0.00003429
 104    0.0000029  -0.00001214
 105    0.0000137  -0.00000420
 106    0.0000145  -0.00000852
 107    0.0000142  -0.00000836
 108    0.0000176  -0.00001736
 109    0.0000024  -0.00002532
 110    0.0000022  -0.00000625
 111    0.0000029  -0.00001387
 112    0.0000024  -0.00000728
 113    0.0000131  -0.00001715
 114    0.0000136  -0.00000814
 115    0.0000108  -0.00000147
 116    0.0000150  -0.00000735
 117    0.0000019  -0.00000467
 118    0.0000021  -0.00000656
 119    0.0000023  -0.00000733
 120    0.0000023  -0.00000701
 121    0.0000101  -0.00000157
 122    0.0000127  -0.00000292
 123    0.0000099  -0.00000318
 124    0.0000080  -0.00000543
 125    0.0000019  -0.00000382
 126    0.0000019  -0.00000476
 127    0.0000022  -0.00000671
 128    0.0000023  -0.00000643
 129    0.0000019  -0.00000919
 130    0.0000018  -0.00000852
 131    0.0000016  -0.00000766
 132    0.0000011  -0.00000745
 133    0.0000018  -0.00000352
 134    0.0000018  -0.00000345
 135    0.0000017  -0.00000161
 136    0.0000019  -0.00000255
 137    0.0000011  -0.00000548
 138    0.0000012  -0.00000636
 139    0.0000012  -0.00000668
 140    0.0000008  -0.00000718
 141    0.0000003  -0.00000616
 142    0.0000005  -0.00001780
 143    0.0000003  -0.00000810
 144    0.0000004  -0.00000877
 
----------------
 Final Energies 
----------------
Final NOF Total Energy =     -58.3033394
 
Total Orbital Internal Iterations = 10
Total Occupation Internal Iterations = 85
 
Elapsed time:   53.33 Seconds

---------------------------------
   Lowdin Population Analysis    
---------------------------------
 Idx  Atom   Population   Charge 
---------------------------------
  1    Be     3.998       0.002
  2    Be     4.016      -0.016
  3    Be     3.990       0.010
  4    Be     3.996       0.004

---------------------------------
   M Diagnostic: 0.27
---------------------------------

Recovering execution output...
Moving from /scratch/pobleyef/283878 to /home-nas/pobleyef/Poison-NOF/ncwomax/P30-5/PNOF7/arina.283878
mkdir -p /home-nas/pobleyef/Poison-NOF/ncwomax/P30-5/PNOF7/arina.283878
mv /scratch/pobleyef/283878/* /home-nas/pobleyef/Poison-NOF/ncwomax/P30-5/PNOF7/arina.283878
