f
/software/eb2024/easybuild/software/common/software/Julia/1.11.3-linux-x86_64/bin/julia
Job runing on na14
Choosing scratch ...
Automatic scratch folder selection
/scratch/pobleyef/204747
/scratch/pobleyef/204747 directory
cp f.jl f.jld2 to  /scratch/pobleyef/204747/.
Computing Integrals
Elapsed time:    4.74 Seconds

Number of basis functions                   (NBF)    = 30
Number of auxiliary basis functions         (NBFAUX) = 79
Inactive Doubly occupied orbitals up to     (NO1)    = 0
No. considered Strongly Doubly occupied MOs (NDOC)   = 4
No. considered Strongly Singly occupied MOs (NSOC)   = 1
NO. of Weakly occ. per St. Doubly occ.  MOs (NCWO)   = 6
Dimension of the Nat. Orb. subspace         (NBF5)   = 29
No. of electrons                                     = 9
    No. of alpha electrons                           = 5
    No. of beta electrons                            = 4
Multiplicity                                         = 2

Geometry
========
 F       0.0000000       0.0000000       0.0000000

No violations of the orthonormality
No violations of the orthonormality
 
PNOF7/ADABelief Calculation
==================
 
  Nitext  Nit_orb  Time   Nit_occ  Time         Eelec          Etot           Ediff      maxdiff    MaxGrad_orb  Grad_occ
     1      10    1.7e+01    0    2.1e+01   -99.51623592   -99.51623592 -10098.51623592   0.000200   8.0e-04   9.8e-05 0.01
 
RESULTS OF THE OCCUPATION OPTIMIZATION
========================================
   1    1.9998917  -26.37680516
   2    1.9833577  -1.02998903
   3    1.9832408  -1.02600374
   4    1.9832275  -1.02562187
   5    1.0000000  -0.44771363
   6    0.0114142  -0.01355060
   7    0.0114496  -0.01357604
   8    0.0114029  -0.01352224
   9    0.0000947  -0.00265190
  10    0.0028786  -0.00480081
  11    0.0027309  -0.00470282
  12    0.0027404  -0.00474105
  13    0.0000041  -0.00010106
  14    0.0020451  -0.00397795
  15    0.0021210  -0.00408491
  16    0.0019542  -0.00385635
  17    0.0000027  -0.00007307
  18    0.0002384  -0.00079491
  19    0.0002627  -0.00084015
  20    0.0002298  -0.00068898
  21    0.0000025  -0.00006350
  22    0.0001058  -0.00043746
  23    0.0001058  -0.00043978
  24    0.0002007  -0.00071030
  25    0.0000023  -0.00006210
  26    0.0000903  -0.00037253
  27    0.0000892  -0.00037898
  28    0.0001143  -0.00044375
  29    0.0000020  -0.00004319
 
----------------
 Final Energies 
----------------
Final NOF Total Energy =     -99.5162359
 
Total Orbital Internal Iterations = 10
Total Occupation Internal Iterations = 0
 
Elapsed time:   50.46 Seconds

---------------------------------
   Lowdin Population Analysis    
---------------------------------
 Idx  Atom   Population   Charge 
---------------------------------
  1     F     9.000       0.000

---------------------------------
   M Diagnostic: 0.01
---------------------------------

Recovering execution output...
Moving from /scratch/pobleyef/204747 to /home-nas/pobleyef/Poison-NOF/ncwomax/P30-5/PNOF7/arina.204747
mkdir -p /home-nas/pobleyef/Poison-NOF/ncwomax/P30-5/PNOF7/arina.204747
mv /scratch/pobleyef/204747/* /home-nas/pobleyef/Poison-NOF/ncwomax/P30-5/PNOF7/arina.204747
