G2RC-67
/software/eb2024/easybuild/software/common/software/Julia/1.11.3-linux-x86_64/bin/julia
Job runing on na14
Choosing scratch ...
Automatic scratch folder selection
/scratch/pobleyef/284104
/scratch/pobleyef/284104 directory
cp G2RC-67.jl G2RC-67.jld2 to  /scratch/pobleyef/284104/.
Computing Integrals
Basis Set                                            = def2-qzvp
Auxiliary Basis Set                                  = def2-universal-jkfit
Gaussian Type                                        = Spherical
Elapsed time:    7.18 Seconds

Number of basis functions                   (NBF)    = 350
Number of auxiliary basis functions         (NBFAUX) = 640
Inactive Doubly occupied orbitals up to     (NO1)    = 0
No. considered Strongly Doubly occupied MOs (NDOC)   = 41
No. considered Strongly Singly occupied MOs (NSOC)   = 0
NO. of Weakly occ. per St. Doubly occ.  MOs (NCWO)   = 7
Dimension of the Nat. Orb. subspace         (NBF5)   = 328
No. of electrons                                     = 82
    No. of alpha electrons                           = 41
    No. of beta electrons                            = 41
Multiplicity                                         = 1

Geometry
========
Si       0.0000000       0.0000000       0.0000000
Cl       1.1825283      -1.1825283       1.1825283
Cl      -1.1825283       1.1825283       1.1825283
Cl      -1.1825283      -1.1825283      -1.1825283
Cl       1.1825283       1.1825283      -1.1825283

No violations of the orthonormality
No violations of the orthonormality
 
PNOF7/ADABelief Calculation
==================
 
  Nitext  Nit_orb  Time   Nit_occ  Time         Eelec          Etot           Ediff      maxdiff    MaxGrad_orb  Grad_occ
     1      10    3.2e+01   54    2.8e+01 -2646.00956457 -2125.70694164 -12645.00956457   0.001956   7.8e-03   3.6e-04 0.03
     2      20    2.0e+01    0    4.2e-01 -2648.12589534 -2127.82327240    -2.11633077   0.001955   7.8e-03   3.6e-04 0.03
     3      40    2.4e+01    4    9.1e-01 -2648.12604319 -2127.82342026    -0.00014785   0.002184   8.7e-03   2.4e-04 0.03
     4      40    2.4e+01    4    8.9e-01 -2648.12627638 -2127.82365344    -0.00023319   0.001856   7.4e-03   2.5e-04 0.03
     5      40    2.3e+01    5    1.1e+00 -2648.12643082 -2127.82380788    -0.00015444   0.001930   7.7e-03   2.3e-04 0.03
     6      40    2.5e+01    2    6.1e-01 -2648.12658357 -2127.82396064    -0.00015275   0.001883   7.5e-03   3.0e-04 0.03
     7      40    2.3e+01    5    8.7e-01 -2648.12667444 -2127.82405151    -0.00009087   0.003770   1.5e-02   2.4e-04 0.03
     8      40    2.3e+01    4    7.8e-01 -2648.12684600 -2127.82422306    -0.00017155   0.001787   7.1e-03   3.4e-04 0.03
     9      40    4.6e+01    5    9.6e-01 -2648.12695449 -2127.82433156    -0.00010850   0.012134   4.9e-02   2.0e-04 0.03
    10      40    8.9e+01    4    8.6e-01 -2648.12712478 -2127.82450185    -0.00017029   0.001817   7.3e-03   2.5e-04 0.03
    11      40    5.4e+01    2    6.1e-01 -2648.12722397 -2127.82460103    -0.00009919   0.001705   6.8e-03   2.2e-04 0.03
    12      40    7.6e+01    5    1.0e+00 -2648.12725423 -2127.82463130    -0.00003026   0.002338   9.4e-03   2.7e-04 0.03
    13      40    3.9e+01    1    5.1e-01 -2648.12733266 -2127.82470973    -0.00007843   0.001555   6.2e-03   2.4e-04 0.03
    14      40    3.4e+01    0    3.9e-01 -2648.12733552 -2127.82471258    -0.00000286   0.001555   6.2e-03   2.4e-04 0.03
    15      45    3.2e+01    0    3.6e-01 -2648.12742190 -2127.82479896    -0.00008638   0.000441   1.8e-03   1.6e-04 0.03
 
RESULTS OF THE OCCUPATION OPTIMIZATION
========================================
   1    1.9999384  -95.44085927
   2    1.9999400  -94.65596448
   3    1.9999400  -94.64296815
   4    1.9999400  -94.61426091
   5    1.9999554  -68.75373523
   6    1.9999922  -20.85106713
   7    1.9999921  -20.82141100
   8    1.9999919  -20.80874459
   9    1.9999838  -20.00620848
  10    1.9995550  -8.07176809
  11    1.9994465  -8.06335380
  12    1.9993396  -8.06098023
  13    1.9993256  -8.06004006
  14    1.9994347  -8.05965611
  15    1.9994375  -8.05872814
  16    1.9994310  -8.05835302
  17    1.9994436  -8.05834514
  18    1.9994380  -8.05830174
  19    1.9994236  -8.05809382
  20    1.9995624  -8.05721711
  21    1.9995634  -8.05694888
  22    1.9990917  -5.04477761
  23    1.9989201  -4.98138679
  24    1.9986674  -4.80271332
  25    1.9986643  -4.79951119
  26    1.9840737  -0.88990470
  27    1.9840794  -0.88888298
  28    1.9839973  -0.88860925
  29    1.9840279  -0.88820982
  30    1.9722705  -0.69484754
  31    1.9721332  -0.69440165
  32    1.9720012  -0.69395770
  33    1.9719711  -0.69348634
  34    1.9633570  -0.65047276
  35    1.9634821  -0.65006549
  36    1.9633128  -0.65004300
  37    1.9634307  -0.64914629
  38    1.9590868  -0.60328013
  39    1.9592406  -0.60313022
  40    1.9590950  -0.60229866
  41    1.9592033  -0.60213911
  42    0.0175964  -0.01072864
  43    0.0175164  -0.01070818
  44    0.0176663  -0.01078110
  45    0.0176787  -0.01078633
  46    0.0153723  -0.00980182
  47    0.0153627  -0.00984295
  48    0.0152280  -0.00975742
  49    0.0153635  -0.00982634
  50    0.0159354  -0.01038627
  51    0.0157614  -0.01028900
  52    0.0156838  -0.01026377
  53    0.0156813  -0.01025145
  54    0.0120471  -0.00988462
  55    0.0120809  -0.00991120
  56    0.0120004  -0.00986302
  57    0.0119943  -0.00986759
  58    0.0008563  -0.00580924
  59    0.0008553  -0.00580818
  60    0.0008409  -0.00578992
  61    0.0008550  -0.00585214
  62    0.0002254  -0.00255100
  63    0.0002247  -0.00256491
  64    0.0002289  -0.00256816
  65    0.0002166  -0.00275552
  66    0.0001979  -0.00259931
  67    0.0002302  -0.00269646
  68    0.0002170  -0.00263222
  69    0.0002336  -0.00279696
  70    0.0002070  -0.00250057
  71    0.0001980  -0.00264475
  72    0.0002053  -0.00242443
  73    0.0002483  -0.00288499
  74    0.0000126  -0.00023329
  75    0.0000035  -0.00003511
  76    0.0000041  -0.00003839
  77    0.0000022  -0.00002439
  78    0.0000429  -0.00570319
  79    0.0000499  -0.00830480
  80    0.0000499  -0.00831105
  81    0.0000499  -0.00830612
  82    0.0000514  -0.00850237
  83    0.0160965  -0.00948331
  84    0.0161250  -0.00949606
  85    0.0159309  -0.00941865
  86    0.0161157  -0.00950219
  87    0.0126198  -0.00852684
  88    0.0126966  -0.00858977
  89    0.0126761  -0.00858354
  90    0.0125501  -0.00850863
  91    0.0101884  -0.00740538
  92    0.0102682  -0.00745198
  93    0.0102975  -0.00748467
  94    0.0100965  -0.00737017
  95    0.0011891  -0.00146884
  96    0.0011734  -0.00145867
  97    0.0011782  -0.00145916
  98    0.0011738  -0.00145792
  99    0.0002690  -0.00178525
 100    0.0002675  -0.00177522
 101    0.0002030  -0.00138004
 102    0.0000377  -0.00033330
 103    0.0001867  -0.00231339
 104    0.0001856  -0.00229350
 105    0.0001863  -0.00244931
 106    0.0001895  -0.00209082
 107    0.0001959  -0.00214434
 108    0.0001894  -0.00213838
 109    0.0001923  -0.00210133
 110    0.0001829  -0.00202185
 111    0.0001748  -0.00215404
 112    0.0001672  -0.00189371
 113    0.0001853  -0.00229381
 114    0.0001872  -0.00209166
 115    0.0000009  -0.00001091
 116    0.0000010  -0.00001279
 117    0.0000008  -0.00001034
 118    0.0000013  -0.00001427
 119    0.0000012  -0.00022672
 120    0.0000084  -0.00094455
 121    0.0000083  -0.00094370
 122    0.0000084  -0.00094986
 123    0.0000085  -0.00096706
 124    0.0063007  -0.00446849
 125    0.0064639  -0.00452559
 126    0.0063148  -0.00446729
 127    0.0063438  -0.00447589
 128    0.0077420  -0.00569723
 129    0.0078425  -0.00574777
 130    0.0078119  -0.00572898
 131    0.0079559  -0.00581040
 132    0.0008167  -0.00104635
 133    0.0008313  -0.00106107
 134    0.0008276  -0.00105574
 135    0.0008401  -0.00106846
 136    0.0009717  -0.00125465
 137    0.0009783  -0.00125656
 138    0.0009752  -0.00125705
 139    0.0009660  -0.00125101
 140    0.0001837  -0.00122453
 141    0.0001876  -0.00124891
 142    0.0000236  -0.00021401
 143    0.0000040  -0.00003337
 144    0.0000159  -0.00037621
 145    0.0000156  -0.00037495
 146    0.0001390  -0.00155727
 147    0.0001329  -0.00153403
 148    0.0001407  -0.00157575
 149    0.0001414  -0.00157224
 150    0.0001445  -0.00159782
 151    0.0001409  -0.00157108
 152    0.0001380  -0.00155495
 153    0.0001424  -0.00161388
 154    0.0001402  -0.00157989
 155    0.0000023  -0.00003089
 156    0.0000006  -0.00000901
 157    0.0000008  -0.00001041
 158    0.0000007  -0.00001003
 159    0.0000011  -0.00001159
 160    0.0000001  -0.00000281
 161    0.0000014  -0.00044138
 162    0.0000014  -0.00043994
 163    0.0000014  -0.00043981
 164    0.0000014  -0.00044724
 165    0.0004537  -0.00057244
 166    0.0004311  -0.00055276
 167    0.0004507  -0.00056951
 168    0.0004371  -0.00055487
 169    0.0005139  -0.00067594
 170    0.0005095  -0.00066970
 171    0.0005103  -0.00067073
 172    0.0005163  -0.00067449
 173    0.0006281  -0.00083847
 174    0.0006291  -0.00084000
 175    0.0006254  -0.00083782
 176    0.0006299  -0.00084396
 177    0.0008867  -0.00115010
 178    0.0008797  -0.00114542
 179    0.0008838  -0.00114403
 180    0.0009005  -0.00116163
 181    0.0000168  -0.00014968
 182    0.0000119  -0.00011310
 183    0.0000041  -0.00002911
 184    0.0000031  -0.00002236
 185    0.0000027  -0.00003476
 186    0.0000035  -0.00003951
 187    0.0000154  -0.00036570
 188    0.0000154  -0.00037037
 189    0.0000156  -0.00037008
 190    0.0000025  -0.00003410
 191    0.0000028  -0.00003565
 192    0.0000025  -0.00003285
 193    0.0001343  -0.00153103
 194    0.0001353  -0.00154466
 195    0.0000158  -0.00037261
 196    0.0000019  -0.00002177
 197    0.0000006  -0.00000736
 198    0.0000008  -0.00000995
 199    0.0000007  -0.00000859
 200    0.0000010  -0.00001072
 201    0.0000001  -0.00000280
 202    0.0000001  -0.00000222
 203    0.0000001  -0.00000221
 204    0.0000001  -0.00000210
 205    0.0000001  -0.00000235
 206    0.0002277  -0.00031489
 207    0.0002459  -0.00032728
 208    0.0002837  -0.00036228
 209    0.0002192  -0.00030741
 210    0.0001623  -0.00023287
 211    0.0001576  -0.00022794
 212    0.0001487  -0.00022181
 213    0.0001384  -0.00021350
 214    0.0001893  -0.00028395
 215    0.0002369  -0.00033701
 216    0.0001981  -0.00029303
 217    0.0002111  -0.00030752
 218    0.0003895  -0.00056101
 219    0.0004059  -0.00057984
 220    0.0004022  -0.00057401
 221    0.0004043  -0.00057922
 222    0.0000034  -0.00002414
 223    0.0000036  -0.00002459
 224    0.0000029  -0.00002147
 225    0.0000029  -0.00002060
 226    0.0000020  -0.00002178
 227    0.0000029  -0.00002601
 228    0.0000028  -0.00003656
 229    0.0000030  -0.00003666
 230    0.0000026  -0.00003339
 231    0.0000019  -0.00002177
 232    0.0000021  -0.00002296
 233    0.0000019  -0.00002151
 234    0.0000153  -0.00036337
 235    0.0000098  -0.00030108
 236    0.0000028  -0.00003667
 237    0.0000018  -0.00001834
 238    0.0000006  -0.00000684
 239    0.0000008  -0.00000989
 240    0.0000007  -0.00000803
 241    0.0000009  -0.00001013
 242    0.0000001  -0.00000284
 243    0.0000001  -0.00000216
 244    0.0000001  -0.00000199
 245    0.0000001  -0.00000224
 246    0.0000001  -0.00000184
 247    0.0000739  -0.00012838
 248    0.0000746  -0.00013445
 249    0.0000741  -0.00013164
 250    0.0000779  -0.00013574
 251    0.0000967  -0.00015986
 252    0.0000734  -0.00013145
 253    0.0000806  -0.00013635
 254    0.0000635  -0.00011261
 255    0.0001552  -0.00026959
 256    0.0001571  -0.00027143
 257    0.0001285  -0.00024227
 258    0.0001546  -0.00027185
 259    0.0002511  -0.00039523
 260    0.0002462  -0.00039650
 261    0.0002407  -0.00038626
 262    0.0002489  -0.00039384
 263    0.0000032  -0.00002194
 264    0.0000034  -0.00002199
 265    0.0000027  -0.00002000
 266    0.0000028  -0.00001968
 267    0.0000019  -0.00001842
 268    0.0000027  -0.00002457
 269    0.0000021  -0.00002094
 270    0.0000025  -0.00002546
 271    0.0000020  -0.00001906
 272    0.0000018  -0.00001775
 273    0.0000019  -0.00001806
 274    0.0000018  -0.00001866
 275    0.0000029  -0.00003693
 276    0.0000046  -0.00004927
 277    0.0000021  -0.00002016
 278    0.0000018  -0.00001653
 279    0.0000005  -0.00000619
 280    0.0000007  -0.00000828
 281    0.0000007  -0.00000801
 282    0.0000008  -0.00000784
 283    0.0000001  -0.00000223
 284    0.0000001  -0.00000172
 285    0.0000001  -0.00000177
 286    0.0000001  -0.00000182
 287    0.0000001  -0.00000193
 288    0.0000478  -0.00009104
 289    0.0000481  -0.00008669
 290    0.0000389  -0.00008112
 291    0.0000407  -0.00008236
 292    0.0000624  -0.00012396
 293    0.0000449  -0.00009467
 294    0.0000623  -0.00011217
 295    0.0000553  -0.00011230
 296    0.0001158  -0.00020277
 297    0.0001148  -0.00019679
 298    0.0001058  -0.00019081
 299    0.0001160  -0.00019778
 300    0.0002368  -0.00039199
 301    0.0002382  -0.00038968
 302    0.0002402  -0.00039386
 303    0.0002385  -0.00039591
 304    0.0000032  -0.00002132
 305    0.0000033  -0.00002189
 306    0.0000027  -0.00001857
 307    0.0000027  -0.00001835
 308    0.0000019  -0.00001930
 309    0.0000026  -0.00002122
 310    0.0000020  -0.00001861
 311    0.0000023  -0.00002216
 312    0.0000019  -0.00001777
 313    0.0000017  -0.00001705
 314    0.0000019  -0.00001802
 315    0.0000018  -0.00001670
 316    0.0000021  -0.00001931
 317    0.0000032  -0.00002489
 318    0.0000021  -0.00002015
 319    0.0000017  -0.00001601
 320    0.0000005  -0.00001326
 321    0.0000004  -0.00001177
 322    0.0000003  -0.00001034
 323    0.0000005  -0.00001320
 324    0.0000001  -0.00000189
 325    0.0000001  -0.00000172
 326    0.0000001  -0.00000152
 327    0.0000001  -0.00000185
 328    0.0000001  -0.00000204
 
----------------
 Final Energies 
----------------
Final NOF Total Energy =   -2127.8247990
 
Total Orbital Internal Iterations = 555
Total Occupation Internal Iterations = 95
 
Elapsed time:  637.04 Seconds

---------------------------------
   Lowdin Population Analysis    
---------------------------------
 Idx  Atom   Population   Charge 
---------------------------------
  1    Si    15.778      -1.778
  2    Cl    16.555       0.445
  3    Cl    16.556       0.444
  4    Cl    16.555       0.445
  5    Cl    16.555       0.445

---------------------------------
   M Diagnostic: 0.03
---------------------------------

Recovering execution output...
Moving from /scratch/pobleyef/284104 to /home-nas/pobleyef/Poison-NOF/ncwomax/P30-5/PNOF7/arina.284104
mkdir -p /home-nas/pobleyef/Poison-NOF/ncwomax/P30-5/PNOF7/arina.284104
mv /scratch/pobleyef/284104/* /home-nas/pobleyef/Poison-NOF/ncwomax/P30-5/PNOF7/arina.284104
