G2RC-61
/software/eb2024/easybuild/software/common/software/Julia/1.11.3-linux-x86_64/bin/julia
Job runing on na19
Choosing scratch ...
Automatic scratch folder selection
/scratch/pobleyef/283883
/scratch/pobleyef/283883 directory
cp G2RC-61.jl G2RC-61.jld2 to  /scratch/pobleyef/283883/.
Computing Integrals
Basis Set                                            = def2-qzvp
Auxiliary Basis Set                                  = def2-universal-jkfit
Gaussian Type                                        = Spherical
Elapsed time:    7.14 Seconds

Number of basis functions                   (NBF)    = 285
Number of auxiliary basis functions         (NBFAUX) = 383
Inactive Doubly occupied orbitals up to     (NO1)    = 0
No. considered Strongly Doubly occupied MOs (NDOC)   = 21
No. considered Strongly Singly occupied MOs (NSOC)   = 0
NO. of Weakly occ. per St. Doubly occ.  MOs (NCWO)   = 12
Dimension of the Nat. Orb. subspace         (NBF5)   = 273
No. of electrons                                     = 42
    No. of alpha electrons                           = 21
    No. of beta electrons                            = 21
Multiplicity                                         = 1

Geometry
========
 C       0.0000000       0.0000000       0.0000000
 F       0.7665641      -0.7665641       0.7665641
 F      -0.7665641       0.7665641       0.7665641
 F      -0.7665641      -0.7665641      -0.7665641
 F       0.7665641       0.7665641      -0.7665641

No violations of the orthonormality
No violations of the orthonormality
 
PNOF7/ADABelief Calculation
==================
 
  Nitext  Nit_orb  Time   Nit_occ  Time         Eelec          Etot           Ediff      maxdiff    MaxGrad_orb  Grad_occ
     1      10    5.8e+01   48    2.5e+01  -640.15628006  -435.45188272 -10639.15628006   0.000803   3.2e-03   2.1e-04 0.03
 
RESULTS OF THE OCCUPATION OPTIMIZATION
========================================
   1    1.9998394  -26.34850512
   2    1.9998395  -26.34850222
   3    1.9998392  -26.34845849
   4    1.9998394  -26.34805230
   5    1.9995481  -11.57880816
   6    1.9918420  -1.04138913
   7    1.9917964  -1.04072504
   8    1.9716135  -1.04070365
   9    1.9917980  -1.04006862
  10    1.9917899  -1.03980386
  11    1.9917923  -1.03966744
  12    1.9918015  -1.03945617
  13    1.9714064  -1.03935741
  14    1.9917859  -1.03923937
  15    1.9917823  -1.03923060
  16    1.9917717  -1.03921895
  17    1.9715337  -1.03912726
  18    1.9714455  -1.03899402
  19    1.9917341  -1.03878642
  20    1.9917682  -1.03871293
  21    1.9917754  -1.03835936
  22    0.0081152  -0.01137252
  23    0.0081143  -0.01136651
  24    0.0081449  -0.01139261
  25    0.0284491  -0.02889665
  26    0.0283666  -0.02885818
  27    0.0081179  -0.01137115
  28    0.0081036  -0.01136081
  29    0.0081088  -0.01136308
  30    0.0285123  -0.02895466
  31    0.0081114  -0.01136935
  32    0.0081195  -0.01136965
  33    0.0081085  -0.01136443
  34    0.0081121  -0.01136638
  35    0.0282623  -0.02880914
  36    0.0081055  -0.01136997
  37    0.0080637  -0.01133822
  38    0.0004474  -0.00849805
  39    0.0001589  -0.00711572
  40    0.0001590  -0.00711630
  41    0.0001591  -0.00711745
  42    0.0001591  -0.00711737
  43    0.0000334  -0.00009345
  44    0.0000497  -0.00014545
  45    0.0000520  -0.00012764
  46    0.0000710  -0.00022253
  47    0.0000348  -0.00009158
  48    0.0000385  -0.00009849
  49    0.0000607  -0.00014092
  50    0.0000390  -0.00009861
  51    0.0000364  -0.00009781
  52    0.0000576  -0.00014105
  53    0.0000572  -0.00017939
  54    0.0000617  -0.00016592
  55    0.0000331  -0.00009932
  56    0.0000532  -0.00012922
  57    0.0000371  -0.00010357
  58    0.0000320  -0.00009323
  59    0.0000007  -0.00002064
  60    0.0000002  -0.00001164
  61    0.0000002  -0.00001417
  62    0.0000002  -0.00000940
  63    0.0000002  -0.00001181
  64    0.0000272  -0.00007826
  65    0.0000385  -0.00011377
  66    0.0000311  -0.00008880
  67    0.0000107  -0.00004929
  68    0.0000275  -0.00008364
  69    0.0000237  -0.00007448
  70    0.0000158  -0.00006127
  71    0.0000209  -0.00007234
  72    0.0000198  -0.00007369
  73    0.0000065  -0.00003028
  74    0.0000098  -0.00004695
  75    0.0000140  -0.00005780
  76    0.0000165  -0.00005901
  77    0.0000249  -0.00007733
  78    0.0000210  -0.00006794
  79    0.0000225  -0.00007220
  80    0.0000005  -0.00000746
  81    0.0000002  -0.00000795
  82    0.0000002  -0.00001036
  83    0.0000002  -0.00000756
  84    0.0000002  -0.00000682
  85    0.0000128  -0.00004713
  86    0.0000071  -0.00003273
  87    0.0000099  -0.00003412
  88    0.0000062  -0.00003330
  89    0.0000115  -0.00004840
  90    0.0000116  -0.00003252
  91    0.0000097  -0.00003599
  92    0.0000111  -0.00003973
  93    0.0000052  -0.00002443
  94    0.0000062  -0.00003122
  95    0.0000058  -0.00002913
  96    0.0000069  -0.00003343
  97    0.0000113  -0.00004512
  98    0.0000185  -0.00005230
  99    0.0000125  -0.00003928
 100    0.0000106  -0.00003178
 101    0.0000005  -0.00001028
 102    0.0000002  -0.00000725
 103    0.0000002  -0.00000642
 104    0.0000001  -0.00000476
 105    0.0000002  -0.00000520
 106    0.0000091  -0.00003443
 107    0.0000052  -0.00002291
 108    0.0000084  -0.00003744
 109    0.0000045  -0.00002671
 110    0.0000074  -0.00003032
 111    0.0000100  -0.00003819
 112    0.0000085  -0.00003502
 113    0.0000101  -0.00003086
 114    0.0000052  -0.00002273
 115    0.0000040  -0.00001792
 116    0.0000051  -0.00002731
 117    0.0000062  -0.00002805
 118    0.0000091  -0.00002359
 119    0.0000096  -0.00003926
 120    0.0000096  -0.00004029
 121    0.0000084  -0.00003259
 122    0.0000005  -0.00000890
 123    0.0000002  -0.00000614
 124    0.0000002  -0.00000471
 125    0.0000001  -0.00000437
 126    0.0000002  -0.00000527
 127    0.0000083  -0.00002543
 128    0.0000052  -0.00001746
 129    0.0000067  -0.00002693
 130    0.0000036  -0.00002070
 131    0.0000058  -0.00002521
 132    0.0000076  -0.00003160
 133    0.0000061  -0.00002864
 134    0.0000089  -0.00003621
 135    0.0000049  -0.00001939
 136    0.0000036  -0.00001989
 137    0.0000032  -0.00001997
 138    0.0000046  -0.00002323
 139    0.0000073  -0.00003451
 140    0.0000060  -0.00002501
 141    0.0000056  -0.00002162
 142    0.0000084  -0.00003464
 143    0.0000005  -0.00000833
 144    0.0000002  -0.00000464
 145    0.0000002  -0.00000324
 146    0.0000001  -0.00000473
 147    0.0000001  -0.00000348
 148    0.0000079  -0.00002917
 149    0.0000042  -0.00001929
 150    0.0000052  -0.00002171
 151    0.0000035  -0.00001180
 152    0.0000048  -0.00001238
 153    0.0000076  -0.00003110
 154    0.0000053  -0.00001375
 155    0.0000062  -0.00002424
 156    0.0000037  -0.00001899
 157    0.0000028  -0.00001395
 158    0.0000021  -0.00001053
 159    0.0000026  -0.00001236
 160    0.0000050  -0.00002147
 161    0.0000050  -0.00001868
 162    0.0000052  -0.00002053
 163    0.0000050  -0.00002211
 164    0.0000004  -0.00000873
 165    0.0000002  -0.00000330
 166    0.0000002  -0.00000466
 167    0.0000001  -0.00000357
 168    0.0000001  -0.00000259
 169    0.0000045  -0.00001751
 170    0.0000035  -0.00001702
 171    0.0000031  -0.00001403
 172    0.0000031  -0.00001762
 173    0.0000039  -0.00001579
 174    0.0000069  -0.00002589
 175    0.0000037  -0.00001600
 176    0.0000046  -0.00001885
 177    0.0000022  -0.00000777
 178    0.0000026  -0.00001144
 179    0.0000016  -0.00000526
 180    0.0000020  -0.00000502
 181    0.0000031  -0.00001193
 182    0.0000026  -0.00000805
 183    0.0000026  -0.00001026
 184    0.0000024  -0.00000856
 185    0.0000004  -0.00000576
 186    0.0000001  -0.00000276
 187    0.0000001  -0.00000291
 188    0.0000001  -0.00000421
 189    0.0000001  -0.00000504
 190    0.0000023  -0.00002033
 191    0.0000011  -0.00000950
 192    0.0000012  -0.00000457
 193    0.0000007  -0.00000524
 194    0.0000011  -0.00000324
 195    0.0000013  -0.00000949
 196    0.0000012  -0.00001027
 197    0.0000013  -0.00001018
 198    0.0000011  -0.00000505
 199    0.0000011  -0.00001070
 200    0.0000010  -0.00001056
 201    0.0000010  -0.00000847
 202    0.0000012  -0.00000877
 203    0.0000012  -0.00000868
 204    0.0000013  -0.00001035
 205    0.0000014  -0.00001160
 206    0.0000003  -0.00000190
 207    0.0000001  -0.00000430
 208    0.0000001  -0.00000435
 209    0.0000001  -0.00000348
 210    0.0000001  -0.00000349
 211    0.0000014  -0.00000545
 212    0.0000011  -0.00000556
 213    0.0000012  -0.00000816
 214    0.0000007  -0.00000188
 215    0.0000010  -0.00000146
 216    0.0000012  -0.00000804
 217    0.0000012  -0.00000985
 218    0.0000011  -0.00000311
 219    0.0000010  -0.00000272
 220    0.0000010  -0.00000460
 221    0.0000008  -0.00000389
 222    0.0000010  -0.00000412
 223    0.0000012  -0.00000806
 224    0.0000011  -0.00000859
 225    0.0000011  -0.00000309
 226    0.0000012  -0.00001045
 227    0.0000003  -0.00000444
 228    0.0000001  -0.00000404
 229    0.0000001  -0.00000358
 230    0.0000001  -0.00000164
 231    0.0000001  -0.00000166
 232    0.0000012  -0.00000766
 233    0.0000009  -0.00000311
 234    0.0000011  -0.00000721
 235    0.0000007  -0.00000483
 236    0.0000010  -0.00000577
 237    0.0000011  -0.00000229
 238    0.0000010  -0.00000224
 239    0.0000010  -0.00000557
 240    0.0000009  -0.00000637
 241    0.0000009  -0.00000746
 242    0.0000008  -0.00000434
 243    0.0000009  -0.00000368
 244    0.0000011  -0.00000318
 245    0.0000011  -0.00000276
 246    0.0000010  -0.00000819
 247    0.0000011  -0.00000321
 248    0.0000003  -0.00000427
 249    0.0000001  -0.00000331
 250    0.0000001  -0.00000334
 251    0.0000001  -0.00000113
 252    0.0000001  -0.00000336
 253    0.0000012  -0.00000255
 254    0.0000009  -0.00000728
 255    0.0000011  -0.00000238
 256    0.0000006  -0.00000104
 257    0.0000010  -0.00000464
 258    0.0000010  -0.00000104
 259    0.0000009  -0.00000212
 260    0.0000010  -0.00000133
 261    0.0000009  -0.00000518
 262    0.0000009  -0.00000216
 263    0.0000007  -0.00000667
 264    0.0000008  -0.00000591
 265    0.0000011  -0.00000355
 266    0.0000009  -0.00000407
 267    0.0000010  -0.00000579
 268    0.0000011  -0.00000608
 269    0.0000002  -0.00000322
 270    0.0000001  -0.00000115
 271    0.0000001  -0.00000116
 272    0.0000001  -0.00000289
 273    0.0000001  -0.00000114
 
----------------
 Final Energies 
----------------
Final NOF Total Energy =    -435.4518827
 
Total Orbital Internal Iterations = 10
Total Occupation Internal Iterations = 48
 
Elapsed time:   97.19 Seconds

---------------------------------
   Lowdin Population Analysis    
---------------------------------
 Idx  Atom   Population   Charge 
---------------------------------
  1     C     7.511      -1.511
  2     F     8.622       0.378
  3     F     8.622       0.378
  4     F     8.622       0.378
  5     F     8.622       0.378

---------------------------------
   M Diagnostic: 0.03
---------------------------------

Recovering execution output...
Moving from /scratch/pobleyef/283883 to /home-nas/pobleyef/Poison-NOF/ncwomax/P30-5/PNOF7/arina.283883
mkdir -p /home-nas/pobleyef/Poison-NOF/ncwomax/P30-5/PNOF7/arina.283883
mv /scratch/pobleyef/283883/* /home-nas/pobleyef/Poison-NOF/ncwomax/P30-5/PNOF7/arina.283883
