G2RC-34
/software/eb2024/easybuild/software/common/software/Julia/1.11.3-linux-x86_64/bin/julia
Job runing on nagpu02
Choosing scratch ...
Automatic scratch folder selection
/scratch/pobleyef/283882
/scratch/pobleyef/283882 directory
cp G2RC-34.jl G2RC-34.jld2 to  /scratch/pobleyef/283882/.
Computing Integrals
Basis Set                                            = def2-qzvp
Auxiliary Basis Set                                  = def2-universal-jkfit
Gaussian Type                                        = Spherical
Elapsed time:    2.59 Seconds

Number of basis functions                   (NBF)    = 114
Number of auxiliary basis functions         (NBFAUX) = 154
Inactive Doubly occupied orbitals up to     (NO1)    = 0
No. considered Strongly Doubly occupied MOs (NDOC)   = 7
No. considered Strongly Singly occupied MOs (NSOC)   = 0
NO. of Weakly occ. per St. Doubly occ.  MOs (NCWO)   = 15
Dimension of the Nat. Orb. subspace         (NBF5)   = 112
No. of electrons                                     = 14
    No. of alpha electrons                           = 7
    No. of beta electrons                            = 7
Multiplicity                                         = 1

Geometry
========
 N       0.0000000       0.0000000      -0.5454291
 N       0.0000000       0.0000000       0.5454291

No violations of the orthonormality
No violations of the orthonormality
 
PNOF7/ADABelief Calculation
==================
 
  Nitext  Nit_orb  Time   Nit_occ  Time         Eelec          Etot           Ediff      maxdiff    MaxGrad_orb  Grad_occ
     1      10    2.0e+01   24    2.0e+01  -132.71866276  -108.94872755 -10131.71866276   0.172727   6.9e-01   1.8e-04 0.00
     2      10    4.1e+00    0    5.7e-02  -132.80452568  -109.03459047    -0.08586292   0.172728   6.9e-01   1.8e-04 0.00
     3      30    1.6e+01   36    4.6e-01  -132.85604437  -109.08610917    -0.05151870   0.030395   1.2e-01   1.8e-04 0.03
     4      30    7.5e+00   23    3.1e-01  -132.92461481  -109.15467961    -0.06857044   0.016813   6.7e-02   2.5e-04 0.07
     5      30    7.5e+00   24    2.7e-01  -132.95163677  -109.18170156    -0.02702195   0.015425   6.2e-02   2.0e-04 0.12
     6      30    6.2e+00   14    1.4e-01  -132.96325514  -109.19331993    -0.01161837   0.006433   2.6e-02   2.4e-04 0.13
     7      30    7.2e+00   19    2.6e-01  -132.96999845  -109.20006324    -0.00674331   0.006073   2.4e-02   1.9e-04 0.13
     8      30    6.8e+00   14    1.7e-01  -132.97341812  -109.20348291    -0.00341967   0.006768   2.7e-02   1.9e-04 0.13
     9      30    6.7e+00    9    6.4e-02  -132.97413109  -109.20419589    -0.00071297   0.005391   2.2e-02   2.2e-04 0.14
    10      30    5.5e+00    0    1.8e-02  -132.97425587  -109.20432066    -0.00012478   0.005296   2.1e-02   2.3e-04 0.14
    11      40    1.8e+01    4    7.3e-02  -132.97435199  -109.20441678    -0.00009612   0.001842   7.4e-03   2.0e-04 0.14
    12      40    1.7e+01    0    6.4e-02  -132.97437765  -109.20444244    -0.00002566   0.001797   7.2e-03   2.0e-04 0.14
    13      50    9.7e+00    0    1.5e-02  -132.97439323  -109.20445803    -0.00001559   0.001472   5.9e-03   2.0e-04 0.14
    14      60    1.4e+01    0    1.7e-02  -132.97440548  -109.20447028    -0.00001225   0.000479   1.9e-03   2.1e-04 0.14
 
RESULTS OF THE OCCUPATION OPTIMIZATION
========================================
   1    1.9995542  -15.64859655
   2    1.9995576  -15.64850265
   3    1.9835357  -1.37543617
   4    1.9770681  -0.78125600
   5    1.9771331  -0.78125227
   6    1.8663388  -0.63457660
   7    1.8625838  -0.63217534
   8    0.1333998  -0.06450896
   9    0.1244691  -0.06121805
  10    0.0151035  -0.01148435
  11    0.0150210  -0.01142429
  12    0.0120407  -0.01618280
  13    0.0002955  -0.00765479
  14    0.0002953  -0.00765098
  15    0.0037232  -0.00305417
  16    0.0036222  -0.00294772
  17    0.0020674  -0.00256936
  18    0.0020507  -0.00253335
  19    0.0029610  -0.00506763
  20    0.0000477  -0.00085568
  21    0.0000501  -0.00088404
  22    0.0001155  -0.00019860
  23    0.0029700  -0.00280317
  24    0.0020298  -0.00246638
  25    0.0020186  -0.00244793
  26    0.0004075  -0.00106261
  27    0.0000449  -0.00083079
  28    0.0000449  -0.00079431
  29    0.0001012  -0.00016881
  30    0.0024762  -0.00232213
  31    0.0012610  -0.00180577
  32    0.0012297  -0.00178340
  33    0.0004072  -0.00107465
  34    0.0000403  -0.00073016
  35    0.0000411  -0.00078404
  36    0.0000160  -0.00001948
  37    0.0000294  -0.00003143
  38    0.0008345  -0.00124585
  39    0.0008269  -0.00125217
  40    0.0001764  -0.00046144
  41    0.0000063  -0.00030188
  42    0.0000064  -0.00030304
  43    0.0000113  -0.00002883
  44    0.0000264  -0.00001837
  45    0.0006781  -0.00116073
  46    0.0007542  -0.00123408
  47    0.0001531  -0.00042269
  48    0.0000013  -0.00002217
  49    0.0000014  -0.00002353
  50    0.0000106  -0.00002253
  51    0.0000220  -0.00000776
  52    0.0003718  -0.00060886
  53    0.0004875  -0.00072919
  54    0.0000716  -0.00025446
  55    0.0000013  -0.00002125
  56    0.0000010  -0.00001896
  57    0.0000078  -0.00002135
  58    0.0000093  -0.00002719
  59    0.0001213  -0.00027492
  60    0.0001721  -0.00028417
  61    0.0000662  -0.00025619
  62    0.0000009  -0.00001757
  63    0.0000010  -0.00001833
  64    0.0000064  -0.00001974
  65    0.0000070  -0.00001822
  66    0.0001002  -0.00021506
  67    0.0001053  -0.00025798
  68    0.0000554  -0.00021285
  69    0.0000008  -0.00001354
  70    0.0000009  -0.00001527
  71    0.0000049  -0.00001758
  72    0.0000058  -0.00001602
  73    0.0000849  -0.00020931
  74    0.0000908  -0.00021273
  75    0.0000515  -0.00021524
  76    0.0000007  -0.00001087
  77    0.0000008  -0.00001191
  78    0.0000043  -0.00001884
  79    0.0000054  -0.00001617
  80    0.0000755  -0.00020515
  81    0.0000622  -0.00018628
  82    0.0000222  -0.00013543
  83    0.0000006  -0.00000559
  84    0.0000007  -0.00000759
  85    0.0000042  -0.00001798
  86    0.0000051  -0.00001602
  87    0.0000567  -0.00014499
  88    0.0000367  -0.00010998
  89    0.0000154  -0.00009519
  90    0.0000006  -0.00000480
  91    0.0000006  -0.00000645
  92    0.0000040  -0.00001478
  93    0.0000048  -0.00001412
  94    0.0000314  -0.00010558
  95    0.0000286  -0.00010336
  96    0.0000134  -0.00005549
  97    0.0000006  -0.00000475
  98    0.0000006  -0.00000553
  99    0.0000037  -0.00001413
 100    0.0000045  -0.00001334
 101    0.0000286  -0.00009318
 102    0.0000264  -0.00009267
 103    0.0000131  -0.00005301
 104    0.0000005  -0.00000435
 105    0.0000006  -0.00000458
 106    0.0000034  -0.00001315
 107    0.0000041  -0.00001265
 108    0.0000222  -0.00007635
 109    0.0000212  -0.00007914
 110    0.0000096  -0.00004410
 111    0.0000004  -0.00002537
 112    0.0000004  -0.00002547
 
----------------
 Final Energies 
----------------
Final NOF Total Energy =    -109.2044703
 
Total Orbital Internal Iterations = 450
Total Occupation Internal Iterations = 167
 
Elapsed time:  180.17 Seconds

---------------------------------
   Lowdin Population Analysis    
---------------------------------
 Idx  Atom   Population   Charge 
---------------------------------
  1     N     7.000      -0.000
  2     N     7.000       0.000

---------------------------------
   M Diagnostic: 0.14
---------------------------------

Recovering execution output...
Moving from /scratch/pobleyef/283882 to /home-nas/pobleyef/Poison-NOF/ncwomax/P30-5/PNOF7/arina.283882
mkdir -p /home-nas/pobleyef/Poison-NOF/ncwomax/P30-5/PNOF7/arina.283882
mv /scratch/pobleyef/283882/* /home-nas/pobleyef/Poison-NOF/ncwomax/P30-5/PNOF7/arina.283882
