G2RC_20_68
/software/eb2024/easybuild/software/common/software/Julia/1.11.3-linux-x86_64/bin/julia
Job runing on nagpu01
Choosing scratch ...
Automatic scratch folder selection
/scratch/pobleyef/204755
/scratch/pobleyef/204755 directory
cp G2RC_20_68.jl G2RC_20_68.jld2 to  /scratch/pobleyef/204755/.
Computing Integrals
Elapsed time:    9.31 Seconds

Number of basis functions                   (NBF)    = 90
Number of auxiliary basis functions         (NBFAUX) = 237
Inactive Doubly occupied orbitals up to     (NO1)    = 0
No. considered Strongly Doubly occupied MOs (NDOC)   = 11
No. considered Strongly Singly occupied MOs (NSOC)   = 0
NO. of Weakly occ. per St. Doubly occ.  MOs (NCWO)   = 7
Dimension of the Nat. Orb. subspace         (NBF5)   = 88
No. of electrons                                     = 22
    No. of alpha electrons                           = 11
    No. of beta electrons                            = 11
Multiplicity                                         = 1

Geometry
========
 N       0.0000000       0.0000000      -0.0211861
 N       0.0000000       0.0000000      -1.1424486
 O       0.0000000       0.0000000       1.1636347

No violations of the orthonormality
No violations of the orthonormality
 
PNOF7/ADABelief Calculation
==================
 
  Nitext  Nit_orb  Time   Nit_occ  Time         Eelec          Etot           Ediff      maxdiff    MaxGrad_orb  Grad_occ
     1      10    1.7e+01    0    2.0e+01  -244.99445297  -184.00750448 -10243.99445297   0.000250   1.0e-03   1.4e-04 0.15
 
RESULTS OF THE OCCUPATION OPTIMIZATION
========================================
   1    1.9998341  -20.61414346
   2    1.9996719  -15.79837527
   3    1.9997124  -15.67862328
   4    1.9827516  -1.42966626
   5    1.9738767  -1.21545410
   6    1.9860909  -0.83673428
   7    1.9858668  -0.83476217
   8    1.9860181  -0.83077493
   9    1.9768330  -0.80411764
  10    1.8518826  -0.60802885
  11    1.8459642  -0.59949714
  12    0.1512046  -0.06893373
  13    0.1428410  -0.06662331
  14    0.0148020  -0.01107283
  15    0.0112701  -0.00964294
  16    0.0110410  -0.00973781
  17    0.0112709  -0.00990273
  18    0.0229093  -0.02578613
  19    0.0130668  -0.01704010
  20    0.0002065  -0.00404543
  21    0.0002153  -0.00429344
  22    0.0001529  -0.00382917
  23    0.0025585  -0.00216720
  24    0.0026271  -0.00223575
  25    0.0020647  -0.00259571
  26    0.0013364  -0.00187332
  27    0.0013356  -0.00204800
  28    0.0011758  -0.00188241
  29    0.0015258  -0.00277471
  30    0.0022389  -0.00392634
  31    0.0000321  -0.00054455
  32    0.0000418  -0.00070092
  33    0.0000084  -0.00021377
  34    0.0000764  -0.00016121
  35    0.0024719  -0.00231751
  36    0.0019854  -0.00249958
  37    0.0008667  -0.00151210
  38    0.0010479  -0.00164951
  39    0.0007762  -0.00136007
  40    0.0007554  -0.00162267
  41    0.0010171  -0.00211637
  42    0.0000269  -0.00046945
  43    0.0000329  -0.00058916
  44    0.0000015  -0.00003402
  45    0.0000689  -0.00015913
  46    0.0000683  -0.00014335
  47    0.0016396  -0.00199089
  48    0.0002618  -0.00063928
  49    0.0004694  -0.00097038
  50    0.0004410  -0.00092521
  51    0.0006123  -0.00140637
  52    0.0005958  -0.00147207
  53    0.0000164  -0.00029753
  54    0.0000317  -0.00058753
  55    0.0000011  -0.00001690
  56    0.0000512  -0.00011402
  57    0.0000447  -0.00010894
  58    0.0013115  -0.00194381
  59    0.0000887  -0.00025755
  60    0.0000888  -0.00025688
  61    0.0000913  -0.00025623
  62    0.0001462  -0.00041349
  63    0.0001754  -0.00049196
  64    0.0000024  -0.00003804
  65    0.0000027  -0.00003318
  66    0.0000009  -0.00002239
  67    0.0000404  -0.00009545
  68    0.0000352  -0.00008662
  69    0.0010432  -0.00159751
  70    0.0000798  -0.00023162
  71    0.0000793  -0.00024079
  72    0.0000812  -0.00025525
  73    0.0001312  -0.00037672
  74    0.0001034  -0.00031776
  75    0.0000018  -0.00002325
  76    0.0000019  -0.00002285
  77    0.0000006  -0.00000752
  78    0.0000358  -0.00008820
  79    0.0000293  -0.00007859
  80    0.0003206  -0.00060802
  81    0.0000785  -0.00023003
  82    0.0000712  -0.00021729
  83    0.0000727  -0.00022174
  84    0.0000430  -0.00017276
  85    0.0000510  -0.00019095
  86    0.0000014  -0.00001644
  87    0.0000018  -0.00002551
  88    0.0000006  -0.00000828
 
----------------
 Final Energies 
----------------
Final NOF Total Energy =    -184.0075045
 
Total Orbital Internal Iterations = 10
Total Occupation Internal Iterations = 0
 
Elapsed time:   49.14 Seconds

---------------------------------
   Lowdin Population Analysis    
---------------------------------
 Idx  Atom   Population   Charge 
---------------------------------
  1     N     6.838       0.162
  2     N     6.974       0.026
  3     O     8.187      -0.187

---------------------------------
   M Diagnostic: 0.15
---------------------------------

Recovering execution output...
Moving from /scratch/pobleyef/204755 to /home-nas/pobleyef/Poison-NOF/ncwomax/P30-5/PNOF7/arina.204755
mkdir -p /home-nas/pobleyef/Poison-NOF/ncwomax/P30-5/PNOF7/arina.204755
mv /scratch/pobleyef/204755/* /home-nas/pobleyef/Poison-NOF/ncwomax/P30-5/PNOF7/arina.204755
