G2RC_10_67
/software/eb2024/easybuild/software/common/software/Julia/1.11.3-linux-x86_64/bin/julia
Job runing on na09
Choosing scratch ...
Automatic scratch folder selection
/scratch/pobleyef/168302
/scratch/pobleyef/168302 directory
cp G2RC_10_67.jl G2RC_10_67.jld2 to  /scratch/pobleyef/168302/.
Computing Integrals
Elapsed time:   55.02 Seconds

Number of basis functions                   (NBF)    = 350
Number of auxiliary basis functions         (NBFAUX) = 640
Inactive Doubly occupied orbitals up to     (NO1)    = 0
No. considered Strongly Doubly occupied MOs (NDOC)   = 41
No. considered Strongly Singly occupied MOs (NSOC)   = 0
NO. of Weakly occ. per St. Doubly occ.  MOs (NCWO)   = 7
Dimension of the Nat. Orb. subspace         (NBF5)   = 328
No. of electrons                                     = 82
    No. of alpha electrons                           = 41
    No. of beta electrons                            = 41
Multiplicity                                         = 1

Geometry
========
Si       0.0000000       0.0000000       0.0000000
Cl       1.1825283      -1.1825283       1.1825283
Cl      -1.1825283       1.1825283       1.1825283
Cl      -1.1825283      -1.1825283      -1.1825283
Cl       1.1825283       1.1825283      -1.1825283

No violations of the orthonormality
No violations of the orthonormality
 
PNOF7/ADABelief Calculation
==================
 
  Nitext  Nit_orb  Time   Nit_occ  Time         Eelec          Etot           Ediff      maxdiff    MaxGrad_orb  Grad_occ
     1      10    1.3e+02   39    2.5e+01 -2646.11089570 -2125.80827276 -12645.11089570   0.002627   1.1e-02   2.8e-04 0.03
     2      20    2.2e+02    0    4.4e-01 -2647.87911383 -2127.57649090    -1.76821814   0.002630   1.1e-02   2.8e-04 0.03
     3      40    4.5e+02   45    4.2e+00 -2647.89907003 -2127.59644710    -0.01995619   0.315935   1.3e+00   2.8e-04 0.03
     4      40    4.4e+02   18    1.9e+00 -2648.01887567 -2127.71625273    -0.11980564   0.006536   2.6e-02   3.3e-04 0.04
     5      40    4.4e+02   16    1.7e+00 -2648.05351674 -2127.75089380    -0.03464107   0.007988   3.2e-02   3.5e-04 0.04
     6      40    4.4e+02   20    2.1e+00 -2648.07441187 -2127.77178894    -0.02089514   0.006150   2.5e-02   2.8e-04 0.04
     7      40    4.3e+02   20    2.1e+00 -2648.08842478 -2127.78580185    -0.01401291   0.006074   2.4e-02   2.4e-04 0.04
     8      40    4.3e+02    9    1.0e+00 -2648.09743309 -2127.79481015    -0.00900830   0.006352   2.5e-02   3.2e-04 0.04
     9      40    4.2e+02   13    1.5e+00 -2648.10287037 -2127.80024743    -0.00543728   0.005590   2.2e-02   2.9e-04 0.04
    10      40    4.4e+02    9    1.2e+00 -2648.10660321 -2127.80398027    -0.00373284   0.005488   2.2e-02   3.6e-04 0.05
    11      40    4.4e+02   12    1.4e+00 -2648.10924697 -2127.80662403    -0.00264376   0.005668   2.3e-02   2.9e-04 0.05
    12      40    4.3e+02    8    1.0e+00 -2648.11121649 -2127.80859356    -0.00196952   0.003896   1.6e-02   3.0e-04 0.05
    13      40    4.3e+02    9    1.2e+00 -2648.11240329 -2127.80978036    -0.00118680   0.083754   3.4e-01   3.0e-04 0.05
    14      40    4.4e+02    8    9.6e-01 -2648.11326585 -2127.81064292    -0.00086256   0.002649   1.1e-02   3.4e-04 0.05
    15      40    3.7e+02    6    8.2e-01 -2648.11382554 -2127.81120261    -0.00055969   0.016339   6.5e-02   3.3e-04 0.05
    16      40    3.5e+02    4    6.8e-01 -2648.11423786 -2127.81161493    -0.00041232   0.002155   8.6e-03   2.7e-04 0.05
    17      40    3.5e+02    4    6.7e-01 -2648.11461901 -2127.81199608    -0.00038115   0.006179   2.5e-02   3.0e-04 0.05
    18      40    3.4e+02    4    6.5e-01 -2648.11499194 -2127.81236900    -0.00037293   0.003126   1.3e-02   3.2e-04 0.05
    19      40    3.4e+02    4    6.6e-01 -2648.11542128 -2127.81279834    -0.00042934   0.003291   1.3e-02   3.3e-04 0.05
    20      40    3.5e+02    4    7.0e-01 -2648.11582352 -2127.81320059    -0.00040224   0.002318   9.3e-03   3.4e-04 0.05
    21      40    3.6e+02    4    6.7e-01 -2648.11621375 -2127.81359082    -0.00039023   0.002532   1.0e-02   3.5e-04 0.05
    22      40    3.5e+02    5    7.7e-01 -2648.11652678 -2127.81390385    -0.00031303   0.002515   1.0e-02   3.2e-04 0.05
    23      40    3.5e+02    4    7.0e-01 -2648.11685194 -2127.81422901    -0.00032516   0.002432   9.7e-03   3.2e-04 0.05
    24      40    3.5e+02    6    8.3e-01 -2648.11699334 -2127.81437041    -0.00014140   0.037748   1.5e-01   2.0e-04 0.05
    25      40    3.4e+02    1    4.6e-01 -2648.11722948 -2127.81460655    -0.00023614   0.002431   9.7e-03   2.1e-04 0.05
    26      40    3.1e+02    0    3.5e-01 -2648.11729503 -2127.81467210    -0.00006555   0.002971   1.2e-02   3.0e-04 0.05
    27      50    3.9e+02    6    8.1e-01 -2648.11753170 -2127.81490876    -0.00023666   0.002085   8.3e-03   2.0e-04 0.05
Recovering execution output...
Moving from /scratch/pobleyef/168302 to /home-nas/pobleyef/Poison-Set/ncwomax/P30-5/PNOF7/arina.168302
mkdir -p /home-nas/pobleyef/Poison-Set/ncwomax/P30-5/PNOF7/arina.168302
mv /scratch/pobleyef/168302/* /home-nas/pobleyef/Poison-Set/ncwomax/P30-5/PNOF7/arina.168302
