G2RC-68
/software/eb2024/easybuild/software/common/software/Julia/1.11.3-linux-x86_64/bin/julia
Job runing on na16
Choosing scratch ...
Automatic scratch folder selection
/scratch/pobleyef/283887
/scratch/pobleyef/283887 directory
cp G2RC-68.jl G2RC-68.jld2 to  /scratch/pobleyef/283887/.
Computing Integrals
Basis Set                                            = def2-qzvp
Auxiliary Basis Set                                  = def2-universal-jkfit
Gaussian Type                                        = Spherical
Elapsed time:    4.76 Seconds

Number of basis functions                   (NBF)    = 171
Number of auxiliary basis functions         (NBFAUX) = 231
Inactive Doubly occupied orbitals up to     (NO1)    = 0
No. considered Strongly Doubly occupied MOs (NDOC)   = 11
No. considered Strongly Singly occupied MOs (NSOC)   = 0
NO. of Weakly occ. per St. Doubly occ.  MOs (NCWO)   = 14
Dimension of the Nat. Orb. subspace         (NBF5)   = 165
No. of electrons                                     = 22
    No. of alpha electrons                           = 11
    No. of beta electrons                            = 11
Multiplicity                                         = 1

Geometry
========
 N       0.0000000       0.0000000      -0.0211861
 N       0.0000000       0.0000000      -1.1424486
 O       0.0000000       0.0000000       1.1636347

No violations of the orthonormality
No violations of the orthonormality
 
PNOF7/ADABelief Calculation
==================
 
  Nitext  Nit_orb  Time   Nit_occ  Time         Eelec          Etot           Ediff      maxdiff    MaxGrad_orb  Grad_occ
     1      10    2.1e+01   23    2.1e+01  -244.63503812  -183.64808963 -10243.63503812   0.240480   9.6e-01   2.4e-04 0.00
     2      10    5.8e+00    0    1.0e-01  -244.77472969  -183.78778120    -0.13969157   0.240481   9.6e-01   2.4e-04 0.00
     3      30    1.5e+01   33    9.1e-01  -244.88010558  -183.89315708    -0.10537589   0.476624   1.9e+00   1.6e-04 0.02
     4      30    1.5e+01   39    9.1e-01  -244.98674552  -183.99979703    -0.10663995   0.007462   3.0e-02   2.1e-04 0.06
     5      30    1.5e+01   26    6.4e-01  -245.01590881  -184.02896032    -0.02916329   0.029368   1.2e-01   2.4e-04 0.09
     6      30    1.5e+01   38    8.6e-01  -245.03079220  -184.04384371    -0.01488339   0.011515   4.6e-02   1.9e-04 0.13
     7      30    1.6e+01   20    4.3e-01  -245.03915230  -184.05220381    -0.00836010   0.011640   4.7e-02   1.7e-04 0.15
     8      30    1.6e+01   16    3.8e-01  -245.04423640  -184.05728791    -0.00508410   0.008932   3.6e-02   2.5e-04 0.15
     9      30    1.7e+01   20    4.7e-01  -245.04678889  -184.05984040    -0.00255249   0.011466   4.6e-02   2.0e-04 0.16
    10      30    1.7e+01   10    2.7e-01  -245.04735908  -184.06041058    -0.00057018   0.008894   3.6e-02   2.5e-04 0.16
    11      30    1.6e+01    5    1.5e-01  -245.04765602  -184.06070753    -0.00029694   0.010792   4.3e-02   2.6e-04 0.16
    12      30    1.6e+01    0    3.7e-02  -245.04768913  -184.06074064    -0.00003311   0.010792   4.3e-02   2.6e-04 0.16
    13      50    2.8e+01    5    1.8e-01  -245.04824401  -184.06129552    -0.00055488   0.000706   2.8e-03   2.2e-04 0.16
 
RESULTS OF THE OCCUPATION OPTIMIZATION
========================================
   1    1.9997398  -20.61832889
   2    1.9995086  -15.80393960
   3    1.9995383  -15.68501127
   4    1.9821741  -1.43938941
   5    1.9729315  -1.22027834
   6    1.9846547  -0.84345851
   7    1.9843435  -0.83786052
   8    1.9843342  -0.83706094
   9    1.9752925  -0.80667681
  10    1.8492036  -0.61580247
  11    1.8408581  -0.60439096
  12    0.1558171  -0.07124021
  13    0.1427541  -0.06748260
  14    0.0156784  -0.01165399
  15    0.0117905  -0.01035682
  16    0.0115164  -0.01000285
  17    0.0115550  -0.01008105
  18    0.0238558  -0.02664347
  19    0.0134486  -0.01745803
  20    0.0003042  -0.00780402
  21    0.0003038  -0.00785960
  22    0.0002167  -0.00744533
  23    0.0029750  -0.00240015
  24    0.0028219  -0.00247442
  25    0.0023169  -0.00274436
  26    0.0020041  -0.00263959
  27    0.0018702  -0.00241352
  28    0.0019150  -0.00235831
  29    0.0015035  -0.00282353
  30    0.0025802  -0.00445217
  31    0.0000487  -0.00088545
  32    0.0000605  -0.00116121
  33    0.0000355  -0.00085223
  34    0.0001202  -0.00021873
  35    0.0028075  -0.00250660
  36    0.0023148  -0.00274409
  37    0.0009562  -0.00152313
  38    0.0013909  -0.00191276
  39    0.0009389  -0.00148067
  40    0.0006094  -0.00137381
  41    0.0006528  -0.00155675
  42    0.0000482  -0.00087053
  43    0.0000573  -0.00102026
  44    0.0000035  -0.00023066
  45    0.0001175  -0.00021597
  46    0.0022060  -0.00206999
  47    0.0014823  -0.00199724
  48    0.0005004  -0.00093006
  49    0.0003754  -0.00075943
  50    0.0004405  -0.00084243
  51    0.0006084  -0.00136133
  52    0.0005836  -0.00140582
  53    0.0000473  -0.00083671
  54    0.0000573  -0.00101971
  55    0.0000014  -0.00002946
  56    0.0000483  -0.00009550
  57    0.0000551  -0.00006697
  58    0.0012077  -0.00171443
  59    0.0001104  -0.00028461
  60    0.0001279  -0.00032359
  61    0.0001453  -0.00037284
  62    0.0001923  -0.00049556
  63    0.0001404  -0.00040344
  64    0.0000065  -0.00031385
  65    0.0000062  -0.00030759
  66    0.0000006  -0.00001651
  67    0.0000164  -0.00001464
  68    0.0000448  -0.00005404
  69    0.0011459  -0.00165402
  70    0.0001019  -0.00028040
  71    0.0001205  -0.00028452
  72    0.0001084  -0.00026747
  73    0.0001769  -0.00045831
  74    0.0001124  -0.00034625
  75    0.0000011  -0.00002167
  76    0.0000013  -0.00002507
  77    0.0000004  -0.00000847
  78    0.0000152  -0.00002178
  79    0.0000390  -0.00003300
  80    0.0001624  -0.00031888
  81    0.0000971  -0.00027475
  82    0.0000906  -0.00023859
  83    0.0000812  -0.00023611
  84    0.0000443  -0.00019536
  85    0.0000734  -0.00025769
  86    0.0000011  -0.00002161
  87    0.0000010  -0.00002115
  88    0.0000004  -0.00000728
  89    0.0000078  -0.00001770
  90    0.0000328  -0.00002188
  91    0.0000891  -0.00022245
  92    0.0000352  -0.00013764
  93    0.0000885  -0.00024345
  94    0.0000765  -0.00022749
  95    0.0000189  -0.00007757
  96    0.0000688  -0.00025408
  97    0.0000010  -0.00001919
  98    0.0000008  -0.00001857
  99    0.0000004  -0.00000547
 100    0.0000053  -0.00001853
 101    0.0000077  -0.00001771
 102    0.0000882  -0.00021564
 103    0.0000267  -0.00010111
 104    0.0000243  -0.00008349
 105    0.0000386  -0.00012792
 106    0.0000147  -0.00006929
 107    0.0000602  -0.00022470
 108    0.0000008  -0.00001604
 109    0.0000006  -0.00001090
 110    0.0000003  -0.00000398
 111    0.0000050  -0.00001640
 112    0.0000062  -0.00001669
 113    0.0000759  -0.00021222
 114    0.0000152  -0.00007587
 115    0.0000211  -0.00009143
 116    0.0000141  -0.00006055
 117    0.0000128  -0.00006382
 118    0.0000487  -0.00020630
 119    0.0000008  -0.00001584
 120    0.0000006  -0.00000997
 121    0.0000003  -0.00000326
 122    0.0000044  -0.00001304
 123    0.0000059  -0.00001744
 124    0.0000524  -0.00015954
 125    0.0000091  -0.00004272
 126    0.0000097  -0.00004527
 127    0.0000100  -0.00004367
 128    0.0000093  -0.00004492
 129    0.0000170  -0.00009818
 130    0.0000006  -0.00000775
 131    0.0000005  -0.00000710
 132    0.0000002  -0.00000343
 133    0.0000038  -0.00001428
 134    0.0000058  -0.00001739
 135    0.0000387  -0.00013331
 136    0.0000077  -0.00003903
 137    0.0000075  -0.00003926
 138    0.0000080  -0.00003321
 139    0.0000082  -0.00004413
 140    0.0000158  -0.00007559
 141    0.0000006  -0.00000828
 142    0.0000005  -0.00000974
 143    0.0000002  -0.00000335
 144    0.0000032  -0.00001170
 145    0.0000050  -0.00001549
 146    0.0000309  -0.00011322
 147    0.0000058  -0.00003313
 148    0.0000070  -0.00003509
 149    0.0000074  -0.00003929
 150    0.0000073  -0.00004357
 151    0.0000137  -0.00007620
 152    0.0000005  -0.00000576
 153    0.0000005  -0.00000630
 154    0.0000002  -0.00000229
 155    0.0000027  -0.00001133
 156    0.0000045  -0.00001332
 157    0.0000241  -0.00009802
 158    0.0000055  -0.00002918
 159    0.0000064  -0.00003256
 160    0.0000064  -0.00003065
 161    0.0000068  -0.00003529
 162    0.0000103  -0.00006074
 163    0.0000004  -0.00002481
 164    0.0000003  -0.00001991
 165    0.0000002  -0.00001396
 
----------------
 Final Energies 
----------------
Final NOF Total Energy =    -184.0612955
 
Total Orbital Internal Iterations = 370
Total Occupation Internal Iterations = 235
 
Elapsed time:  282.33 Seconds

---------------------------------
   Lowdin Population Analysis    
---------------------------------
 Idx  Atom   Population   Charge 
---------------------------------
  1     N     7.111      -0.111
  2     N     6.905       0.095
  3     O     7.984       0.016

---------------------------------
   M Diagnostic: 0.16
---------------------------------

Recovering execution output...
Moving from /scratch/pobleyef/283887 to /home-nas/pobleyef/Poison-NOF/ncwomax/P30-5/PNOF7/arina.283887
mkdir -p /home-nas/pobleyef/Poison-NOF/ncwomax/P30-5/PNOF7/arina.283887
mv /scratch/pobleyef/283887/* /home-nas/pobleyef/Poison-NOF/ncwomax/P30-5/PNOF7/arina.283887
