n
/software/eb2024/easybuild/software/common/software/Julia/1.11.3-linux-x86_64/bin/julia
Job runing on nh029
Choosing scratch ...
Automatic scratch folder selection
/scratch/pobleyef/168311
/scratch/pobleyef/168311 directory
cp n.jl n.jld2 to  /scratch/pobleyef/168311/.
Computing Integrals
Elapsed time:    6.28 Seconds

Number of basis functions                   (NBF)    = 57
Number of auxiliary basis functions         (NBFAUX) = 77
Inactive Doubly occupied orbitals up to     (NO1)    = 0
No. considered Strongly Doubly occupied MOs (NDOC)   = 2
No. considered Strongly Singly occupied MOs (NSOC)   = 3
NO. of Weakly occ. per St. Doubly occ.  MOs (NCWO)   = 26
Dimension of the Nat. Orb. subspace         (NBF5)   = 57
No. of electrons                                     = 7
    No. of alpha electrons                           = 5
    No. of beta electrons                            = 2
Multiplicity                                         = 4

Geometry
========
 N       0.0000000       0.0000000       0.0000000

No violations of the orthonormality
No violations of the orthonormality
 
PNOF7/ADABelief Calculation
==================
 
  Nitext  Nit_orb  Time   Nit_occ  Time         Eelec          Etot           Ediff      maxdiff    MaxGrad_orb  Grad_occ
     1      10    3.0e+01   34    3.6e+01   -54.40473697   -54.40473697 -10053.40473697   0.051369   2.0e-01   1.4e-04 0.01
     2      10    7.9e-02    0    5.1e-03   -54.47690802   -54.47690802    -0.07217105   0.050947   2.0e-01   1.4e-04 0.01
     3      30    9.3e-02   26    9.1e-02   -54.50279827   -54.50279827    -0.02589025   0.091574   3.7e-01   1.9e-04 0.03
     4      30    9.2e-02   15    5.4e-02   -54.52881974   -54.52881974    -0.02602147   0.001609   6.4e-03   1.9e-04 0.03
     5      30    9.4e-02   15    5.5e-02   -54.53537568   -54.53537568    -0.00655594   0.001166   4.7e-03   2.1e-04 0.04
     6      30    9.4e-02    9    3.9e-02   -54.53756104   -54.53756104    -0.00218536   0.000823   3.3e-03   1.3e-04 0.04
 
RESULTS OF THE OCCUPATION OPTIMIZATION
========================================
   1    1.9994426  -15.62612606
   2    1.9413056  -0.98933650
   3    1.0000000  -0.31328111
   4    1.0000000  -0.31319718
   5    1.0000000  -0.31316807
   6    0.0128082  -0.00822210
   7    0.0003427  -0.00835145
   8    0.0071790  -0.00481142
   9    0.0000585  -0.00097165
  10    0.0059409  -0.00459396
  11    0.0000581  -0.00099438
  12    0.0055049  -0.00454832
  13    0.0000575  -0.00097220
  14    0.0053400  -0.00459429
  15    0.0000087  -0.00038659
  16    0.0049896  -0.00465164
  17    0.0000026  -0.00004852
  18    0.0049256  -0.00459987
  19    0.0000023  -0.00004430
  20    0.0049148  -0.00467255
  21    0.0000021  -0.00004211
  22    0.0047247  -0.00466797
  23    0.0000020  -0.00004044
  24    0.0002035  -0.00041628
  25    0.0000018  -0.00003678
  26    0.0002031  -0.00041741
  27    0.0000017  -0.00002986
  28    0.0002021  -0.00041158
  29    0.0000016  -0.00002768
  30    0.0002007  -0.00040962
  31    0.0000015  -0.00002627
  32    0.0001996  -0.00040760
  33    0.0000015  -0.00002581
  34    0.0001969  -0.00040200
  35    0.0000015  -0.00002572
  36    0.0001943  -0.00041197
  37    0.0000014  -0.00002584
  38    0.0001841  -0.00037532
  39    0.0000014  -0.00002584
  40    0.0001714  -0.00034520
  41    0.0000013  -0.00002501
  42    0.0001697  -0.00034023
  43    0.0000013  -0.00002405
  44    0.0001681  -0.00033761
  45    0.0000013  -0.00002321
  46    0.0001532  -0.00032516
  47    0.0000013  -0.00002378
  48    0.0000477  -0.00008576
  49    0.0000013  -0.00002319
  50    0.0000248  -0.00003165
  51    0.0000013  -0.00001874
  52    0.0000176  -0.00004758
  53    0.0000011  -0.00000734
  54    0.0000157  -0.00004580
  55    0.0000011  -0.00000626
  56    0.0000143  -0.00004580
  57    0.0000004  -0.00003819
 
----------------
 Final Energies 
----------------
Final NOF Total Energy =     -54.5375610
 
Total Orbital Internal Iterations = 140
Total Occupation Internal Iterations = 99
 
Elapsed time:   85.93 Seconds

---------------------------------
   Lowdin Population Analysis    
---------------------------------
 Idx  Atom   Population   Charge 
---------------------------------
  1     N     7.000      -0.000

---------------------------------
   M Diagnostic: 0.04
---------------------------------

Recovering execution output...
Moving from /scratch/pobleyef/168311 to /home-nas/pobleyef/Poison-Set/ncwomax/P30-5/PNOF7/arina.168311
mkdir -p /home-nas/pobleyef/Poison-Set/ncwomax/P30-5/PNOF7/arina.168311
mv /scratch/pobleyef/168311/* /home-nas/pobleyef/Poison-Set/ncwomax/P30-5/PNOF7/arina.168311
