o
/software/eb2024/easybuild/software/common/software/Julia/1.11.3-linux-x86_64/bin/julia
Job runing on nh001
Choosing scratch ...
Automatic scratch folder selection
/scratch/pobleyef/168312
/scratch/pobleyef/168312 directory
cp o.jl o.jld2 to  /scratch/pobleyef/168312/.
Computing Integrals
Elapsed time:    5.95 Seconds

Number of basis functions                   (NBF)    = 57
Number of auxiliary basis functions         (NBFAUX) = 77
Inactive Doubly occupied orbitals up to     (NO1)    = 0
No. considered Strongly Doubly occupied MOs (NDOC)   = 3
No. considered Strongly Singly occupied MOs (NSOC)   = 2
NO. of Weakly occ. per St. Doubly occ.  MOs (NCWO)   = 17
Dimension of the Nat. Orb. subspace         (NBF5)   = 56
No. of electrons                                     = 8
    No. of alpha electrons                           = 5
    No. of beta electrons                            = 3
Multiplicity                                         = 3

Geometry
========
 O       0.0000000       0.0000000       0.0000000

No violations of the orthonormality
No violations of the orthonormality
 
PNOF7/ADABelief Calculation
==================
 
  Nitext  Nit_orb  Time   Nit_occ  Time         Eelec          Etot           Ediff      maxdiff    MaxGrad_orb  Grad_occ
     1      10    2.8e+01   21    3.4e+01   -74.78813887   -74.78813887 -10073.78813887   0.474470   1.9e+00   9.7e-05 0.01
     2      10    7.9e-02    0    3.7e-03   -74.86727359   -74.86727359    -0.07913472   0.474505   1.9e+00   9.7e-05 0.01
     3      30    1.0e-01   26    6.8e-02   -74.91638328   -74.91638328    -0.04910969   0.072321   2.9e-01   1.6e-04 0.02
     4      30    1.0e-01   18    4.5e-02   -74.94737237   -74.94737237    -0.03098910   0.010000   4.0e-02   1.3e-04 0.02
     5      30    1.0e-01   12    2.9e-02   -74.95375121   -74.95375121    -0.00637884   0.005865   2.3e-02   1.4e-04 0.02
     6      30    1.0e-01   12    2.9e-02   -74.95525896   -74.95525896    -0.00150774   0.004977   2.0e-02   1.2e-04 0.02
     7      30    9.5e-02    4    1.6e-02   -74.95566757   -74.95566757    -0.00040862   0.005072   2.0e-02   1.9e-04 0.03
     8      30    1.0e-01    7    2.1e-02   -74.95577574   -74.95577574    -0.00010817   0.004174   1.7e-02   5.8e-05 0.03
     9      30    9.5e-02    0    8.5e-03   -74.95585324   -74.95585324    -0.00007750   0.003843   1.5e-02   1.5e-04 0.03
    10      40    1.3e-01    0    8.9e-03   -74.95592474   -74.95592474    -0.00007150   0.001806   7.2e-03   1.6e-04 0.03
    11      50    1.6e-01    1    5.4e-03   -74.95594334   -74.95594334    -0.00001860   0.000583   2.3e-03   1.6e-04 0.03
 
RESULTS OF THE OCCUPATION OPTIMIZATION
========================================
   1    1.9997197  -20.67105090
   2    1.9675288  -0.99514734
   3    1.9674573  -0.90511056
   4    1.0000000  -0.38528254
   5    1.0000000  -0.38519210
   6    0.0177528  -0.01532812
   7    0.0165003  -0.01463211
   8    0.0002448  -0.00791588
   9    0.0045515  -0.00528771
  10    0.0041628  -0.00502269
  11    0.0000086  -0.00022544
  12    0.0045336  -0.00527107
  13    0.0039864  -0.00494993
  14    0.0000056  -0.00013746
  15    0.0034018  -0.00470253
  16    0.0030119  -0.00422167
  17    0.0000056  -0.00030074
  18    0.0004076  -0.00077820
  19    0.0030116  -0.00422392
  20    0.0000019  -0.00004447
  21    0.0003940  -0.00082183
  22    0.0007935  -0.00157856
  23    0.0000016  -0.00004091
  24    0.0003257  -0.00076976
  25    0.0001929  -0.00052259
  26    0.0000015  -0.00003396
  27    0.0003233  -0.00077255
  28    0.0001877  -0.00043496
  29    0.0000013  -0.00002974
  30    0.0002024  -0.00051056
  31    0.0001622  -0.00043149
  32    0.0000013  -0.00002949
  33    0.0001794  -0.00046013
  34    0.0001435  -0.00039812
  35    0.0000013  -0.00002988
  36    0.0001788  -0.00046005
  37    0.0001419  -0.00039642
  38    0.0000012  -0.00002415
  39    0.0001375  -0.00041663
  40    0.0001034  -0.00030416
  41    0.0000011  -0.00002244
  42    0.0000903  -0.00028007
  43    0.0000165  -0.00007496
  44    0.0000011  -0.00002263
  45    0.0000221  -0.00010836
  46    0.0000158  -0.00007103
  47    0.0000011  -0.00002139
  48    0.0000148  -0.00006791
  49    0.0000140  -0.00006567
  50    0.0000011  -0.00001763
  51    0.0000140  -0.00006532
  52    0.0000138  -0.00006588
  53    0.0000010  -0.00001750
  54    0.0000131  -0.00005536
  55    0.0000132  -0.00006475
  56    0.0000002  -0.00002127
 
----------------
 Final Energies 
----------------
Final NOF Total Energy =     -74.9559433
 
Total Orbital Internal Iterations = 320
Total Occupation Internal Iterations = 101
 
Elapsed time:   81.74 Seconds

---------------------------------
   Lowdin Population Analysis    
---------------------------------
 Idx  Atom   Population   Charge 
---------------------------------
  1     O     8.000       0.000

---------------------------------
   M Diagnostic: 0.03
---------------------------------

Recovering execution output...
Moving from /scratch/pobleyef/168312 to /home-nas/pobleyef/Poison-Set/ncwomax/P30-5/PNOF7/arina.168312
mkdir -p /home-nas/pobleyef/Poison-Set/ncwomax/P30-5/PNOF7/arina.168312
mv /scratch/pobleyef/168312/* /home-nas/pobleyef/Poison-Set/ncwomax/P30-5/PNOF7/arina.168312
