SIE4x4_6_he2+_1.5
/software/eb2024/easybuild/software/common/software/Julia/1.11.3-linux-x86_64/bin/julia
Job runing on na05
Choosing scratch ...
Automatic scratch folder selection
/scratch/pobleyef/204768
/scratch/pobleyef/204768 directory
cp SIE4x4_6_he2+_1.5.jl SIE4x4_6_he2+_1.5.jld2 to  /scratch/pobleyef/204768/.
Computing Integrals
Elapsed time:    3.52 Seconds

Number of basis functions                   (NBF)    = 28
Number of auxiliary basis functions         (NBFAUX) = 46
Inactive Doubly occupied orbitals up to     (NO1)    = 0
No. considered Strongly Doubly occupied MOs (NDOC)   = 1
No. considered Strongly Singly occupied MOs (NSOC)   = 1
NO. of Weakly occ. per St. Doubly occ.  MOs (NCWO)   = 26
Dimension of the Nat. Orb. subspace         (NBF5)   = 28
No. of electrons                                     = 3
    No. of alpha electrons                           = 2
    No. of beta electrons                            = 1
Multiplicity                                         = 2

Geometry
========
He       0.0000000       0.0000000      -0.8056528
He       0.0000000       0.0000000       0.8056528

No violations of the orthonormality
No violations of the orthonormality
 
PNOF7/ADABelief Calculation
==================
 
  Nitext  Nit_orb  Time   Nit_occ  Time         Eelec          Etot           Ediff      maxdiff    MaxGrad_orb  Grad_occ
     1      10    1.6e+01    0    2.0e+01    -6.26682130    -4.95316330 -10005.26682130   0.000217   8.7e-04   1.2e-04 0.02
 
RESULTS OF THE OCCUPATION OPTIMIZATION
========================================
   1    1.9669082  -1.47620002
   2    1.0000000  -0.81795716
   3    0.0149962  -0.01287086
   4    0.0036118  -0.00405426
   5    0.0033465  -0.00363665
   6    0.0026598  -0.00308302
   7    0.0026583  -0.00308210
   8    0.0019230  -0.00247615
   9    0.0019189  -0.00247461
  10    0.0010909  -0.00182092
  11    0.0001871  -0.00042700
  12    0.0001579  -0.00027036
  13    0.0000671  -0.00026067
  14    0.0000581  -0.00021604
  15    0.0000578  -0.00021602
  16    0.0000500  -0.00017608
  17    0.0000498  -0.00017614
  18    0.0000357  -0.00010843
  19    0.0000247  -0.00008239
  20    0.0000235  -0.00007844
  21    0.0000228  -0.00007910
  22    0.0000226  -0.00007726
  23    0.0000218  -0.00007583
  24    0.0000217  -0.00007539
  25    0.0000216  -0.00007575
  26    0.0000216  -0.00007552
  27    0.0000214  -0.00007529
  28    0.0000211  -0.00007045
 
----------------
 Final Energies 
----------------
Final NOF Total Energy =      -4.9531633
 
Total Orbital Internal Iterations = 10
Total Occupation Internal Iterations = 0
 
Elapsed time:   47.66 Seconds

---------------------------------
   Lowdin Population Analysis    
---------------------------------
 Idx  Atom   Population   Charge 
---------------------------------
  1    He     1.500       0.500
  2    He     1.500       0.500

---------------------------------
   M Diagnostic: 0.02
---------------------------------

Recovering execution output...
Moving from /scratch/pobleyef/204768 to /home-nas/pobleyef/Poison-NOF/ncwomax/P30-5/PNOF7/arina.204768
mkdir -p /home-nas/pobleyef/Poison-NOF/ncwomax/P30-5/PNOF7/arina.204768
mv /scratch/pobleyef/204768/* /home-nas/pobleyef/Poison-NOF/ncwomax/P30-5/PNOF7/arina.204768
