W4-11-alf3
/software/eb2024/easybuild/software/common/software/Julia/1.11.3-linux-x86_64/bin/julia
Job runing on na17
Choosing scratch ...
Automatic scratch folder selection
/scratch/pobleyef/283897
/scratch/pobleyef/283897 directory
cp W4-11-alf3.jl W4-11-alf3.jld2 to  /scratch/pobleyef/283897/.
Computing Integrals
Basis Set                                            = def2-qzvp
Auxiliary Basis Set                                  = def2-universal-jkfit
Gaussian Type                                        = Spherical
Elapsed time:    8.19 Seconds

Number of basis functions                   (NBF)    = 241
Number of auxiliary basis functions         (NBFAUX) = 359
Inactive Doubly occupied orbitals up to     (NO1)    = 0
No. considered Strongly Doubly occupied MOs (NDOC)   = 20
No. considered Strongly Singly occupied MOs (NSOC)   = 0
NO. of Weakly occ. per St. Doubly occ.  MOs (NCWO)   = 11
Dimension of the Nat. Orb. subspace         (NBF5)   = 240
No. of electrons                                     = 40
    No. of alpha electrons                           = 20
    No. of beta electrons                            = 20
Multiplicity                                         = 1

Geometry
========
Al       0.0000000       0.0000000       0.0000000
 F       0.0000000       1.6317660       0.0000000
 F       1.4131500      -0.8158830       0.0000000
 F      -1.4131500      -0.8158830       0.0000000

No violations of the orthonormality
No violations of the orthonormality
 
PNOF7/ADABelief Calculation
==================
 
  Nitext  Nit_orb  Time   Nit_occ  Time         Eelec          Etot           Ediff      maxdiff    MaxGrad_orb  Grad_occ
     1      10    5.1e+01   37    2.4e+01  -699.40911909  -540.08342574 -10698.40911909   0.000932   3.7e-03   2.7e-04 0.01
 
RESULTS OF THE OCCUPATION OPTIMIZATION
========================================
   1    1.9999490  -58.32977319
   2    1.9998373  -26.27904403
   3    1.9998373  -26.27889416
   4    1.9998373  -26.27883224
   5    1.9988102  -3.75802028
   6    1.9988144  -3.75600502
   7    1.9988047  -3.75320723
   8    1.9986173  -3.73009949
   9    1.9859997  -0.93957752
  10    1.9860342  -0.93951992
  11    1.9860718  -0.93939153
  12    1.9859280  -0.93927151
  13    1.9860179  -0.93872152
  14    1.9859616  -0.93793734
  15    1.9897599  -0.91756267
  16    1.9895797  -0.91585725
  17    1.9894768  -0.91228692
  18    1.9894919  -0.91214987
  19    1.9893686  -0.91101162
  20    1.9891639  -0.90783711
  21    0.0108050  -0.01319226
  22    0.0106009  -0.01303834
  23    0.0103540  -0.01286601
  24    0.0104217  -0.01290379
  25    0.0102830  -0.01281496
  26    0.0101236  -0.01268190
  27    0.0139169  -0.01602251
  28    0.0138668  -0.01600407
  29    0.0139438  -0.01605580
  30    0.0138822  -0.01600586
  31    0.0137750  -0.01595082
  32    0.0139406  -0.01603467
  33    0.0013643  -0.00694590
  34    0.0011783  -0.00625920
  35    0.0011707  -0.00623475
  36    0.0011779  -0.00624846
  37    0.0001612  -0.00720616
  38    0.0001615  -0.00720956
  39    0.0001612  -0.00720663
  40    0.0000505  -0.00591552
  41    0.0000060  -0.00002917
  42    0.0000061  -0.00002442
  43    0.0001127  -0.00021918
  44    0.0000302  -0.00008944
  45    0.0000840  -0.00023154
  46    0.0000295  -0.00007297
  47    0.0000521  -0.00011684
  48    0.0000692  -0.00015487
  49    0.0001039  -0.00020385
  50    0.0000276  -0.00011096
  51    0.0001507  -0.00027227
  52    0.0000239  -0.00009006
  53    0.0000039  -0.00003587
  54    0.0000036  -0.00003330
  55    0.0000036  -0.00003524
  56    0.0000028  -0.00002908
  57    0.0000002  -0.00000937
  58    0.0000002  -0.00000635
  59    0.0000002  -0.00000715
  60    0.0000001  -0.00000670
  61    0.0000044  -0.00002369
  62    0.0000043  -0.00001410
  63    0.0000091  -0.00002698
  64    0.0000274  -0.00008316
  65    0.0000136  -0.00005177
  66    0.0000287  -0.00008180
  67    0.0000206  -0.00006633
  68    0.0000191  -0.00007144
  69    0.0000059  -0.00002869
  70    0.0000054  -0.00003216
  71    0.0000098  -0.00004051
  72    0.0000123  -0.00004797
  73    0.0000039  -0.00003563
  74    0.0000032  -0.00003034
  75    0.0000031  -0.00002807
  76    0.0000015  -0.00001002
  77    0.0000002  -0.00000770
  78    0.0000001  -0.00000387
  79    0.0000002  -0.00000536
  80    0.0000001  -0.00000226
  81    0.0000041  -0.00002355
  82    0.0000042  -0.00002404
  83    0.0000080  -0.00002939
  84    0.0000093  -0.00003303
  85    0.0000088  -0.00001501
  86    0.0000189  -0.00005017
  87    0.0000155  -0.00005214
  88    0.0000065  -0.00002786
  89    0.0000040  -0.00001019
  90    0.0000039  -0.00002458
  91    0.0000069  -0.00003012
  92    0.0000063  -0.00003339
  93    0.0000021  -0.00001637
  94    0.0000019  -0.00001483
  95    0.0000021  -0.00001929
  96    0.0000015  -0.00001504
  97    0.0000002  -0.00000618
  98    0.0000001  -0.00000431
  99    0.0000002  -0.00000550
 100    0.0000001  -0.00000232
 101    0.0000041  -0.00002277
 102    0.0000038  -0.00002012
 103    0.0000058  -0.00002283
 104    0.0000083  -0.00002457
 105    0.0000077  -0.00003052
 106    0.0000105  -0.00003260
 107    0.0000085  -0.00003018
 108    0.0000062  -0.00002899
 109    0.0000039  -0.00002531
 110    0.0000027  -0.00000609
 111    0.0000067  -0.00002588
 112    0.0000050  -0.00001495
 113    0.0000019  -0.00001465
 114    0.0000018  -0.00001287
 115    0.0000017  -0.00001440
 116    0.0000014  -0.00000517
 117    0.0000002  -0.00000587
 118    0.0000001  -0.00000350
 119    0.0000002  -0.00000351
 120    0.0000001  -0.00000269
 121    0.0000039  -0.00001211
 122    0.0000036  -0.00000957
 123    0.0000056  -0.00001445
 124    0.0000079  -0.00003076
 125    0.0000074  -0.00002224
 126    0.0000100  -0.00001842
 127    0.0000078  -0.00001080
 128    0.0000056  -0.00002400
 129    0.0000037  -0.00001499
 130    0.0000022  -0.00000603
 131    0.0000067  -0.00002647
 132    0.0000047  -0.00002436
 133    0.0000019  -0.00000944
 134    0.0000018  -0.00001196
 135    0.0000013  -0.00000869
 136    0.0000014  -0.00000807
 137    0.0000002  -0.00000383
 138    0.0000001  -0.00000403
 139    0.0000002  -0.00000312
 140    0.0000001  -0.00000152
 141    0.0000031  -0.00001869
 142    0.0000030  -0.00001605
 143    0.0000049  -0.00002324
 144    0.0000075  -0.00001269
 145    0.0000066  -0.00003035
 146    0.0000093  -0.00003098
 147    0.0000072  -0.00002590
 148    0.0000040  -0.00000884
 149    0.0000031  -0.00001376
 150    0.0000017  -0.00000752
 151    0.0000052  -0.00001229
 152    0.0000033  -0.00000696
 153    0.0000019  -0.00000730
 154    0.0000017  -0.00000599
 155    0.0000010  -0.00000457
 156    0.0000014  -0.00001169
 157    0.0000002  -0.00000227
 158    0.0000001  -0.00000184
 159    0.0000002  -0.00000352
 160    0.0000001  -0.00000116
 161    0.0000029  -0.00000606
 162    0.0000028  -0.00001609
 163    0.0000037  -0.00001410
 164    0.0000055  -0.00002017
 165    0.0000051  -0.00001423
 166    0.0000044  -0.00000507
 167    0.0000050  -0.00000917
 168    0.0000013  -0.00000931
 169    0.0000011  -0.00001097
 170    0.0000007  -0.00000382
 171    0.0000014  -0.00001274
 172    0.0000012  -0.00000701
 173    0.0000007  -0.00000073
 174    0.0000007  -0.00000525
 175    0.0000007  -0.00000108
 176    0.0000006  -0.00000115
 177    0.0000001  -0.00000497
 178    0.0000001  -0.00000563
 179    0.0000001  -0.00000409
 180    0.0000000  -0.00000276
 181    0.0000009  -0.00001088
 182    0.0000010  -0.00001150
 183    0.0000015  -0.00001151
 184    0.0000020  -0.00001422
 185    0.0000017  -0.00000915
 186    0.0000019  -0.00000579
 187    0.0000019  -0.00000757
 188    0.0000012  -0.00000351
 189    0.0000009  -0.00000360
 190    0.0000007  -0.00000697
 191    0.0000013  -0.00000545
 192    0.0000011  -0.00000975
 193    0.0000007  -0.00000510
 194    0.0000007  -0.00000090
 195    0.0000007  -0.00000480
 196    0.0000005  -0.00000497
 197    0.0000001  -0.00000455
 198    0.0000001  -0.00000130
 199    0.0000001  -0.00000136
 200    0.0000000  -0.00000244
 201    0.0000009  -0.00000824
 202    0.0000009  -0.00000930
 203    0.0000014  -0.00001088
 204    0.0000018  -0.00000627
 205    0.0000016  -0.00001386
 206    0.0000019  -0.00001122
 207    0.0000015  -0.00000937
 208    0.0000011  -0.00000257
 209    0.0000009  -0.00000183
 210    0.0000006  -0.00000226
 211    0.0000011  -0.00000250
 212    0.0000011  -0.00000518
 213    0.0000007  -0.00000054
 214    0.0000007  -0.00000065
 215    0.0000005  -0.00000373
 216    0.0000005  -0.00000440
 217    0.0000001  -0.00000141
 218    0.0000001  -0.00000460
 219    0.0000001  -0.00000404
 220    0.0000000  -0.00000102
 221    0.0000008  -0.00000242
 222    0.0000009  -0.00000409
 223    0.0000013  -0.00000390
 224    0.0000016  -0.00001071
 225    0.0000009  -0.00000493
 226    0.0000015  -0.00000731
 227    0.0000015  -0.00000807
 228    0.0000010  -0.00000679
 229    0.0000008  -0.00000683
 230    0.0000006  -0.00000650
 231    0.0000010  -0.00000704
 232    0.0000009  -0.00000820
 233    0.0000007  -0.00000481
 234    0.0000006  -0.00001349
 235    0.0000003  -0.00000267
 236    0.0000002  -0.00000367
 237    0.0000000  -0.00000047
 238    0.0000001  -0.00000349
 239    0.0000000  -0.00000864
 240    0.0000000  -0.00000029
 
----------------
 Final Energies 
----------------
Final NOF Total Energy =    -540.0834257
 
Total Orbital Internal Iterations = 10
Total Occupation Internal Iterations = 37
 
Elapsed time:   89.80 Seconds

---------------------------------
   Lowdin Population Analysis    
---------------------------------
 Idx  Atom   Population   Charge 
---------------------------------
  1    Al    13.808      -0.808
  2     F     8.730       0.270
  3     F     8.730       0.270
  4     F     8.731       0.269

---------------------------------
   M Diagnostic: 0.01
---------------------------------

Recovering execution output...
Moving from /scratch/pobleyef/283897 to /home-nas/pobleyef/Poison-NOF/ncwomax/P30-5/PNOF7/arina.283897
mkdir -p /home-nas/pobleyef/Poison-NOF/ncwomax/P30-5/PNOF7/arina.283897
mv /scratch/pobleyef/283897/* /home-nas/pobleyef/Poison-NOF/ncwomax/P30-5/PNOF7/arina.283897
