W4-11_113_n2o
/software/eb2024/easybuild/software/common/software/Julia/1.11.3-linux-x86_64/bin/julia
Job runing on nh005
Choosing scratch ...
Automatic scratch folder selection
/scratch/pobleyef/168327
/scratch/pobleyef/168327 directory
cp W4-11_113_n2o.jl W4-11_113_n2o.jld2 to  /scratch/pobleyef/168327/.
Computing Integrals
Elapsed time:    6.35 Seconds

Number of basis functions                   (NBF)    = 171
Number of auxiliary basis functions         (NBFAUX) = 231
Inactive Doubly occupied orbitals up to     (NO1)    = 0
No. considered Strongly Doubly occupied MOs (NDOC)   = 11
No. considered Strongly Singly occupied MOs (NSOC)   = 0
NO. of Weakly occ. per St. Doubly occ.  MOs (NCWO)   = 14
Dimension of the Nat. Orb. subspace         (NBF5)   = 165
No. of electrons                                     = 22
    No. of alpha electrons                           = 11
    No. of beta electrons                            = 11
Multiplicity                                         = 1

Geometry
========
 N       0.0000000       0.0000000      -1.2014770
 N       0.0000000       0.0000000      -0.0723770
 O       0.0000000       0.0000000       1.1146230

No violations of the orthonormality
No violations of the orthonormality
 
PNOF7/ADABelief Calculation
==================
 
  Nitext  Nit_orb  Time   Nit_occ  Time         Eelec          Etot           Ediff      maxdiff    MaxGrad_orb  Grad_occ
     1      10    3.0e+01   24    3.5e+01  -244.37810273  -183.65316781 -10243.37810273   0.243598   9.7e-01   2.2e-04 0.00
     2      10    1.7e+00    0    5.9e-02  -244.51828395  -183.79334903    -0.14018121   0.243598   9.7e-01   2.2e-04 0.00
     3      30    4.8e+00   39    1.4e+00  -244.62974068  -183.90480576    -0.11145674   0.268684   1.1e+00   2.1e-04 0.03
     4      30    4.7e+00   32    1.1e+00  -244.72896759  -184.00403267    -0.09922691   0.012736   5.1e-02   2.3e-04 0.07
     5      30    4.6e+00   36    1.1e+00  -244.75957262  -184.03463770    -0.03060503   0.032188   1.3e-01   2.1e-04 0.12
     6      30    4.6e+00   21    7.1e-01  -244.77393490  -184.04899998    -0.01436228   0.014974   6.0e-02   2.1e-04 0.14
     7      30    4.7e+00   31    9.8e-01  -244.78187828  -184.05694336    -0.00794338   0.008678   3.5e-02   1.4e-04 0.16
     8      30    4.7e+00   23    7.9e-01  -244.78519702  -184.06026210    -0.00331874   0.008100   3.2e-02   2.3e-04 0.16
     9      30    4.7e+00    7    3.0e-01  -244.78607739  -184.06114247    -0.00088037   0.006819   2.7e-02   2.4e-04 0.16
    10      30    4.8e+00    6    2.8e-01  -244.78625876  -184.06132384    -0.00018137   0.009591   3.8e-02   2.2e-04 0.16
    11      30    4.7e+00    0    6.2e-02  -244.78629930  -184.06136438    -0.00004054   0.009591   3.8e-02   2.2e-04 0.16
    12      50    7.9e+00    8    3.2e-01  -244.78684691  -184.06191199    -0.00054761   0.000725   2.9e-03   2.1e-04 0.16
 
RESULTS OF THE OCCUPATION OPTIMIZATION
========================================
   1    1.9997344  -20.61910187
   2    1.9995058  -15.80399233
   3    1.9995375  -15.68700446
   4    1.9815241  -1.43064198
   5    1.9725874  -1.21626976
   6    1.9850307  -0.85038584
   7    1.9841973  -0.83811698
   8    1.9838757  -0.83241084
   9    1.9750474  -0.80887695
  10    1.8441805  -0.61134003
  11    1.8353807  -0.59998977
  12    0.1613236  -0.07304513
  13    0.1476935  -0.06916394
  14    0.0157685  -0.01167192
  15    0.0117180  -0.00998581
  16    0.0116920  -0.01011015
  17    0.0117554  -0.01043072
  18    0.0242662  -0.02690205
  19    0.0141130  -0.01801730
  20    0.0003029  -0.00780159
  21    0.0003060  -0.00788818
  22    0.0002175  -0.00744910
  23    0.0029528  -0.00237980
  24    0.0028634  -0.00237524
  25    0.0023476  -0.00277820
  26    0.0017837  -0.00224420
  27    0.0017815  -0.00235023
  28    0.0016037  -0.00226217
  29    0.0013602  -0.00261782
  30    0.0025709  -0.00443520
  31    0.0000493  -0.00090012
  32    0.0000613  -0.00117200
  33    0.0000363  -0.00086289
  34    0.0001201  -0.00022329
  35    0.0028193  -0.00260533
  36    0.0023474  -0.00278650
  37    0.0016641  -0.00221634
  38    0.0013904  -0.00193964
  39    0.0006658  -0.00115772
  40    0.0006795  -0.00148311
  41    0.0006524  -0.00155512
  42    0.0000492  -0.00088004
  43    0.0000578  -0.00102702
  44    0.0000048  -0.00012215
  45    0.0001106  -0.00020416
  46    0.0023235  -0.00216267
  47    0.0015017  -0.00202988
  48    0.0004766  -0.00088852
  49    0.0004749  -0.00089525
  50    0.0004788  -0.00092966
  51    0.0005940  -0.00131697
  52    0.0005613  -0.00135636
  53    0.0000478  -0.00084708
  54    0.0000565  -0.00100511
  55    0.0000035  -0.00023477
  56    0.0000431  -0.00008104
  57    0.0000364  -0.00005126
  58    0.0011975  -0.00170582
  59    0.0001420  -0.00036420
  60    0.0001252  -0.00033012
  61    0.0001256  -0.00032341
  62    0.0001955  -0.00049784
  63    0.0001357  -0.00040366
  64    0.0000065  -0.00031642
  65    0.0000063  -0.00031080
  66    0.0000007  -0.00001754
  67    0.0000265  -0.00003839
  68    0.0000256  -0.00002617
  69    0.0011715  -0.00167896
  70    0.0001134  -0.00027393
  71    0.0001129  -0.00028747
  72    0.0001071  -0.00028276
  73    0.0001837  -0.00047415
  74    0.0001153  -0.00034583
  75    0.0000012  -0.00002206
  76    0.0000014  -0.00002515
  77    0.0000005  -0.00000938
  78    0.0000115  -0.00001844
  79    0.0000170  -0.00001393
  80    0.0001405  -0.00029707
  81    0.0000921  -0.00023181
  82    0.0000839  -0.00022077
  83    0.0000925  -0.00025760
  84    0.0000434  -0.00018585
  85    0.0000717  -0.00025532
  86    0.0000011  -0.00002253
  87    0.0000011  -0.00002301
  88    0.0000004  -0.00000684
  89    0.0000063  -0.00001890
  90    0.0000139  -0.00001888
  91    0.0000940  -0.00023288
  92    0.0000806  -0.00023452
  93    0.0000826  -0.00023330
  94    0.0000729  -0.00018731
  95    0.0000206  -0.00008308
  96    0.0000709  -0.00025678
  97    0.0000009  -0.00001703
  98    0.0000008  -0.00001881
  99    0.0000003  -0.00000401
 100    0.0000051  -0.00001980
 101    0.0000056  -0.00001824
 102    0.0000878  -0.00021578
 103    0.0000153  -0.00007077
 104    0.0000171  -0.00008088
 105    0.0000189  -0.00008729
 106    0.0000179  -0.00007249
 107    0.0000681  -0.00023395
 108    0.0000008  -0.00001888
 109    0.0000006  -0.00001078
 110    0.0000003  -0.00000438
 111    0.0000046  -0.00001779
 112    0.0000051  -0.00001692
 113    0.0000813  -0.00020457
 114    0.0000113  -0.00005351
 115    0.0000134  -0.00005756
 116    0.0000158  -0.00007106
 117    0.0000147  -0.00006780
 118    0.0000404  -0.00018824
 119    0.0000008  -0.00001456
 120    0.0000005  -0.00000719
 121    0.0000003  -0.00000330
 122    0.0000043  -0.00001496
 123    0.0000048  -0.00001715
 124    0.0000813  -0.00020381
 125    0.0000079  -0.00004080
 126    0.0000080  -0.00003939
 127    0.0000108  -0.00005238
 128    0.0000132  -0.00005387
 129    0.0000228  -0.00009454
 130    0.0000006  -0.00000923
 131    0.0000005  -0.00000922
 132    0.0000003  -0.00000349
 133    0.0000041  -0.00001178
 134    0.0000042  -0.00001345
 135    0.0000591  -0.00018290
 136    0.0000071  -0.00003503
 137    0.0000073  -0.00003904
 138    0.0000083  -0.00004119
 139    0.0000084  -0.00004335
 140    0.0000210  -0.00008742
 141    0.0000005  -0.00000812
 142    0.0000005  -0.00000727
 143    0.0000003  -0.00000355
 144    0.0000035  -0.00001188
 145    0.0000038  -0.00001324
 146    0.0000399  -0.00013273
 147    0.0000064  -0.00003058
 148    0.0000069  -0.00003150
 149    0.0000071  -0.00003758
 150    0.0000081  -0.00004440
 151    0.0000186  -0.00008891
 152    0.0000005  -0.00000699
 153    0.0000005  -0.00000540
 154    0.0000002  -0.00000224
 155    0.0000032  -0.00001115
 156    0.0000036  -0.00001287
 157    0.0000346  -0.00012075
 158    0.0000057  -0.00002596
 159    0.0000066  -0.00003133
 160    0.0000066  -0.00003082
 161    0.0000072  -0.00004044
 162    0.0000139  -0.00007490
 163    0.0000003  -0.00002160
 164    0.0000003  -0.00002415
 165    0.0000002  -0.00001457
 
----------------
 Final Energies 
----------------
Final NOF Total Energy =    -184.0619120
 
Total Orbital Internal Iterations = 340
Total Occupation Internal Iterations = 227
 
Elapsed time:  145.73 Seconds

---------------------------------
   Lowdin Population Analysis    
---------------------------------
 Idx  Atom   Population   Charge 
---------------------------------
  1     N     6.907       0.093
  2     N     7.107      -0.107
  3     O     7.987       0.013

---------------------------------
   M Diagnostic: 0.16
---------------------------------

Recovering execution output...
Moving from /scratch/pobleyef/168327 to /home-nas/pobleyef/Poison-Set/ncwomax/P30-5/PNOF7/arina.168327
mkdir -p /home-nas/pobleyef/Poison-Set/ncwomax/P30-5/PNOF7/arina.168327
mv /scratch/pobleyef/168327/* /home-nas/pobleyef/Poison-Set/ncwomax/P30-5/PNOF7/arina.168327
