W4-11-hnnn
/software/eb2024/easybuild/software/common/software/Julia/1.11.3-linux-x86_64/bin/julia
Job runing on na22
Choosing scratch ...
Automatic scratch folder selection
/scratch/pobleyef/283911
/scratch/pobleyef/283911 directory
cp W4-11-hnnn.jl W4-11-hnnn.jld2 to  /scratch/pobleyef/283911/.
Computing Integrals
Basis Set                                            = def2-qzvp
Auxiliary Basis Set                                  = def2-universal-jkfit
Gaussian Type                                        = Spherical
Elapsed time:    4.41 Seconds

Number of basis functions                   (NBF)    = 201
Number of auxiliary basis functions         (NBFAUX) = 249
Inactive Doubly occupied orbitals up to     (NO1)    = 0
No. considered Strongly Doubly occupied MOs (NDOC)   = 11
No. considered Strongly Singly occupied MOs (NSOC)   = 0
NO. of Weakly occ. per St. Doubly occ.  MOs (NCWO)   = 17
Dimension of the Nat. Orb. subspace         (NBF5)   = 198
No. of electrons                                     = 22
    No. of alpha electrons                           = 11
    No. of beta electrons                            = 11
Multiplicity                                         = 1

Geometry
========
 H       1.0789720      -1.3818100       0.0000000
 N       0.0937700      -1.1298800       0.0000000
 N       0.0000000       0.1110980       0.0000000
 N      -0.2479090       1.2161830       0.0000000

No violations of the orthonormality
No violations of the orthonormality
 
PNOF7/ADABelief Calculation
==================
 
  Nitext  Nit_orb  Time   Nit_occ  Time         Eelec          Etot           Ediff      maxdiff    MaxGrad_orb  Grad_occ
     1      10    2.8e+01   27    2.3e+01  -225.37625544  -163.78580004 -10224.37625544   0.200988   8.0e-01   2.4e-04 0.00
     2      10    1.3e+01    0    1.8e-01  -225.51435676  -163.92390136    -0.13810132   0.200983   8.0e-01   2.4e-04 0.00
     3      30    3.5e+01   56    2.1e+00  -225.63937391  -164.04891850    -0.12501714   0.135195   5.4e-01   2.5e-04 0.02
     4      30    3.6e+01   49    2.1e+00  -225.73920490  -164.14874950    -0.09983100   0.025884   1.0e-01   2.2e-04 0.11
     5      30    3.6e+01   28    1.2e+00  -225.78871122  -164.19825582    -0.04950632   0.018261   7.3e-02   2.6e-04 0.19
     6      30    3.5e+01   28    1.2e+00  -225.80799820  -164.21754279    -0.01928697   0.015819   6.3e-02   1.9e-04 0.23
     7      30    3.4e+01   21    8.5e-01  -225.81556003  -164.22510463    -0.00756184   0.012221   4.9e-02   2.0e-04 0.24
     8      30    3.6e+01   19    8.0e-01  -225.81822765  -164.22777225    -0.00266762   0.015699   6.3e-02   1.7e-04 0.25
     9      30    3.5e+01    9    4.2e-01  -225.81895495  -164.22849954    -0.00072730   0.012940   5.2e-02   1.6e-04 0.25
    10      30    3.4e+01   15    7.2e-01  -225.81929168  -164.22883628    -0.00033673   0.012622   5.0e-02   2.2e-04 0.25
    11      30    3.6e+01    8    3.9e-01  -225.81985520  -164.22939980    -0.00056352   0.011900   4.8e-02   2.6e-04 0.25
    12      30    3.7e+01    0    1.0e-01  -225.82001930  -164.22956390    -0.00016410   0.011900   4.8e-02   2.6e-04 0.25
    13      50    5.9e+01   11    4.9e-01  -225.82275536  -164.23229996    -0.00273607   0.000988   4.0e-03   1.8e-04 0.26
 
RESULTS OF THE OCCUPATION OPTIMIZATION
========================================
   1    1.9995170  -15.72784226
   2    1.9995358  -15.63799478
   3    1.9995326  -15.61727826
   4    1.9814578  -1.36715162
   5    1.9745324  -1.21450702
   6    1.9664909  -0.88674494
   7    1.9719483  -0.77363424
   8    1.9765870  -0.70762114
   9    1.9703363  -0.70344482
  10    1.8307553  -0.60247265
  11    1.7447908  -0.41900291
  12    0.2550929  -0.08400336
  13    0.1651709  -0.07587067
  14    0.0161871  -0.00772091
  15    0.0158129  -0.01091489
  16    0.0155518  -0.01120862
  17    0.0255842  -0.02116414
  18    0.0208910  -0.02303204
  19    0.0140330  -0.01775558
  20    0.0003154  -0.00801425
  21    0.0003085  -0.00787832
  22    0.0003061  -0.00787350
  23    0.0000503  -0.00004947
  24    0.0030217  -0.00248311
  25    0.0066361  -0.00410818
  26    0.0026194  -0.00286560
  27    0.0029888  -0.00296481
  28    0.0035749  -0.00441324
  29    0.0022257  -0.00367938
  30    0.0023940  -0.00418594
  31    0.0000601  -0.00111264
  32    0.0000541  -0.00094959
  33    0.0000634  -0.00119624
  34    0.0000108  -0.00001413
  35    0.0008554  -0.00086101
  36    0.0061220  -0.00381076
  37    0.0019645  -0.00224385
  38    0.0024539  -0.00284319
  39    0.0023357  -0.00301648
  40    0.0009232  -0.00191669
  41    0.0008822  -0.00198863
  42    0.0000428  -0.00079805
  43    0.0000486  -0.00090529
  44    0.0000611  -0.00108884
  45    0.0000071  -0.00000967
  46    0.0001037  -0.00020362
  47    0.0002342  -0.00038954
  48    0.0009573  -0.00133334
  49    0.0017539  -0.00206560
  50    0.0012489  -0.00183261
  51    0.0009057  -0.00188136
  52    0.0005472  -0.00132169
  53    0.0000381  -0.00068269
  54    0.0000405  -0.00071778
  55    0.0000415  -0.00075649
  56    0.0000071  -0.00001599
  57    0.0000295  -0.00005550
  58    0.0001605  -0.00030713
  59    0.0005810  -0.00087261
  60    0.0017274  -0.00214765
  61    0.0001561  -0.00033785
  62    0.0001458  -0.00037326
  63    0.0001928  -0.00049736
  64    0.0000059  -0.00030652
  65    0.0000063  -0.00031318
  66    0.0000061  -0.00030505
  67    0.0000065  -0.00001616
  68    0.0000191  -0.00002827
  69    0.0001535  -0.00026849
  70    0.0005731  -0.00087028
  71    0.0014485  -0.00191735
  72    0.0001452  -0.00033051
  73    0.0001253  -0.00033359
  74    0.0001558  -0.00041212
  75    0.0000010  -0.00001641
  76    0.0000011  -0.00002108
  77    0.0000008  -0.00001889
  78    0.0000054  -0.00001561
  79    0.0000115  -0.00001754
  80    0.0000539  -0.00014029
  81    0.0003261  -0.00050260
  82    0.0013843  -0.00180523
  83    0.0001216  -0.00026969
  84    0.0000779  -0.00026382
  85    0.0000957  -0.00029929
  86    0.0000007  -0.00001305
  87    0.0000009  -0.00001878
  88    0.0000005  -0.00001020
  89    0.0000044  -0.00001321
  90    0.0000083  -0.00002067
  91    0.0000209  -0.00006138
  92    0.0002292  -0.00037579
  93    0.0001538  -0.00029797
  94    0.0000979  -0.00024730
  95    0.0000403  -0.00014233
  96    0.0000715  -0.00024656
  97    0.0000006  -0.00001159
  98    0.0000008  -0.00001499
  99    0.0000005  -0.00000909
 100    0.0000041  -0.00001443
 101    0.0000048  -0.00001701
 102    0.0000158  -0.00004159
 103    0.0001313  -0.00028437
 104    0.0001114  -0.00024116
 105    0.0000808  -0.00019948
 106    0.0000317  -0.00011998
 107    0.0000619  -0.00022727
 108    0.0000004  -0.00000707
 109    0.0000007  -0.00001246
 110    0.0000005  -0.00001041
 111    0.0000035  -0.00001224
 112    0.0000037  -0.00001617
 113    0.0000142  -0.00004250
 114    0.0000579  -0.00013427
 115    0.0001035  -0.00024260
 116    0.0000372  -0.00012535
 117    0.0000260  -0.00009599
 118    0.0000250  -0.00013310
 119    0.0000004  -0.00001093
 120    0.0000005  -0.00000742
 121    0.0000004  -0.00000461
 122    0.0000030  -0.00000979
 123    0.0000032  -0.00001385
 124    0.0000130  -0.00003960
 125    0.0000447  -0.00011090
 126    0.0000954  -0.00022104
 127    0.0000349  -0.00010499
 128    0.0000206  -0.00008746
 129    0.0000199  -0.00008667
 130    0.0000003  -0.00000369
 131    0.0000004  -0.00001463
 132    0.0000003  -0.00000296
 133    0.0000028  -0.00001055
 134    0.0000026  -0.00001150
 135    0.0000107  -0.00003235
 136    0.0000354  -0.00010424
 137    0.0000758  -0.00018561
 138    0.0000296  -0.00009558
 139    0.0000140  -0.00006095
 140    0.0000169  -0.00006993
 141    0.0000003  -0.00000479
 142    0.0000003  -0.00000329
 143    0.0000003  -0.00000171
 144    0.0000026  -0.00000747
 145    0.0000026  -0.00001136
 146    0.0000094  -0.00003227
 147    0.0000242  -0.00008639
 148    0.0000598  -0.00015304
 149    0.0000214  -0.00006556
 150    0.0000103  -0.00004947
 151    0.0000123  -0.00005875
 152    0.0000003  -0.00000645
 153    0.0000003  -0.00000216
 154    0.0000003  -0.00000150
 155    0.0000024  -0.00000766
 156    0.0000021  -0.00000947
 157    0.0000090  -0.00002478
 158    0.0000183  -0.00006719
 159    0.0000528  -0.00015538
 160    0.0000129  -0.00004451
 161    0.0000087  -0.00003932
 162    0.0000103  -0.00004692
 163    0.0000003  -0.00000343
 164    0.0000003  -0.00000219
 165    0.0000003  -0.00000363
 166    0.0000024  -0.00000759
 167    0.0000019  -0.00000997
 168    0.0000088  -0.00002579
 169    0.0000145  -0.00005603
 170    0.0000399  -0.00012347
 171    0.0000115  -0.00003791
 172    0.0000084  -0.00004142
 173    0.0000088  -0.00004122
 174    0.0000003  -0.00000246
 175    0.0000003  -0.00000719
 176    0.0000003  -0.00000544
 177    0.0000021  -0.00000593
 178    0.0000019  -0.00000817
 179    0.0000079  -0.00002362
 180    0.0000125  -0.00005009
 181    0.0000272  -0.00009963
 182    0.0000090  -0.00003490
 183    0.0000072  -0.00003426
 184    0.0000083  -0.00003913
 185    0.0000003  -0.00000306
 186    0.0000003  -0.00000355
 187    0.0000003  -0.00000718
 188    0.0000020  -0.00000701
 189    0.0000017  -0.00000758
 190    0.0000068  -0.00002074
 191    0.0000107  -0.00004109
 192    0.0000234  -0.00007649
 193    0.0000074  -0.00003031
 194    0.0000059  -0.00002974
 195    0.0000067  -0.00003460
 196    0.0000002  -0.00000103
 197    0.0000003  -0.00000143
 198    0.0000003  -0.00000176
 
----------------
 Final Energies 
----------------
Final NOF Total Energy =    -164.2323000
 
Total Orbital Internal Iterations = 370
Total Occupation Internal Iterations = 271
 
Elapsed time:  523.56 Seconds

---------------------------------
   Lowdin Population Analysis    
---------------------------------
 Idx  Atom   Population   Charge 
---------------------------------
  1     H     1.243      -0.243
  2     N     6.807       0.193
  3     N     7.008      -0.008
  4     N     6.942       0.058

---------------------------------
   M Diagnostic: 0.26
---------------------------------

Recovering execution output...
Moving from /scratch/pobleyef/283911 to /home-nas/pobleyef/Poison-NOF/ncwomax/P30-5/PNOF7/arina.283911
mkdir -p /home-nas/pobleyef/Poison-NOF/ncwomax/P30-5/PNOF7/arina.283911
mv /scratch/pobleyef/283911/* /home-nas/pobleyef/Poison-NOF/ncwomax/P30-5/PNOF7/arina.283911
