W4-11_114_c-hooo
/software/eb2024/easybuild/software/common/software/Julia/1.11.3-linux-x86_64/bin/julia
Job runing on na05
Choosing scratch ...
Automatic scratch folder selection
/scratch/pobleyef/204777
/scratch/pobleyef/204777 directory
cp W4-11_114_c-hooo.jl W4-11_114_c-hooo.jld2 to  /scratch/pobleyef/204777/.
Computing Integrals
Elapsed time:    8.29 Seconds

Number of basis functions                   (NBF)    = 104
Number of auxiliary basis functions         (NBFAUX) = 267
Inactive Doubly occupied orbitals up to     (NO1)    = 0
No. considered Strongly Doubly occupied MOs (NDOC)   = 12
No. considered Strongly Singly occupied MOs (NSOC)   = 1
NO. of Weakly occ. per St. Doubly occ.  MOs (NCWO)   = 7
Dimension of the Nat. Orb. subspace         (NBF5)   = 97
No. of electrons                                     = 25
    No. of alpha electrons                           = 13
    No. of beta electrons                            = 12
Multiplicity                                         = 2

Geometry
========
 O       1.1439430       0.0753540       0.0000000
 O       0.0000000       0.5769450       0.0000000
 O      -1.0821140      -0.4938720       0.0000000
 H      -0.4946340      -1.2674190       0.0000000

No violations of the orthonormality
No violations of the orthonormality
 
PNOF7/ADABelief Calculation
==================
 
  Nitext  Nit_orb  Time   Nit_occ  Time         Eelec          Etot           Ediff      maxdiff    MaxGrad_orb  Grad_occ
     1      10    2.4e+01    0    2.0e+01  -298.04802150  -225.37451343 -10297.04802150   0.000365   1.5e-03   2.3e-04 0.22
 
RESULTS OF THE OCCUPATION OPTIMIZATION
========================================
   1    1.9998173  -20.72513085
   2    1.9998198  -20.67417578
   3    1.9998383  -20.62844476
   4    1.9823351  -1.01354750
   5    1.9814420  -1.00995540
   6    1.9818185  -1.00046886
   7    1.9361268  -0.97313068
   8    1.9661720  -0.94142091
   9    1.9808562  -0.94034489
  10    1.9829491  -0.87194513
  11    1.9828801  -0.86179420
  12    1.7753714  -0.64443471
  13    1.0000000  -0.32053990
  14    0.2243322  -0.10908823
  15    0.0118699  -0.01183489
  16    0.0117335  -0.01176075
  17    0.0126471  -0.01181374
  18    0.0282675  -0.02549077
  19    0.0609303  -0.05045764
  20    0.0126702  -0.01071307
  21    0.0118121  -0.01167028
  22    0.0124988  -0.01067092
  23    0.0001435  -0.00336819
  24    0.0001437  -0.00334323
  25    0.0001548  -0.00357965
  26    0.0000939  -0.00021205
  27    0.0023944  -0.00348658
  28    0.0023041  -0.00335696
  29    0.0029976  -0.00407589
  30    0.0029580  -0.00423427
  31    0.0024174  -0.00345585
  32    0.0024542  -0.00332795
  33    0.0029566  -0.00372220
  34    0.0024558  -0.00332292
  35    0.0000077  -0.00020323
  36    0.0000292  -0.00064256
  37    0.0000185  -0.00048417
  38    0.0000617  -0.00015456
  39    0.0018923  -0.00309434
  40    0.0018971  -0.00304714
  41    0.0022727  -0.00352649
  42    0.0017795  -0.00283951
  43    0.0001924  -0.00051612
  44    0.0018316  -0.00273670
  45    0.0019713  -0.00322023
  46    0.0015159  -0.00241560
  47    0.0000055  -0.00014069
  48    0.0000026  -0.00004827
  49    0.0000032  -0.00006731
  50    0.0000540  -0.00015891
  51    0.0004778  -0.00106767
  52    0.0005026  -0.00109358
  53    0.0006915  -0.00144378
  54    0.0003886  -0.00082365
  55    0.0001864  -0.00049554
  56    0.0006960  -0.00135428
  57    0.0007965  -0.00164946
  58    0.0006448  -0.00129047
  59    0.0000016  -0.00003495
  60    0.0000019  -0.00003526
  61    0.0000018  -0.00003548
  62    0.0000379  -0.00011575
  63    0.0002122  -0.00055621
  64    0.0002839  -0.00070136
  65    0.0002174  -0.00061046
  66    0.0002987  -0.00060688
  67    0.0000602  -0.00020734
  68    0.0002105  -0.00057114
  69    0.0006340  -0.00134702
  70    0.0002160  -0.00057945
  71    0.0000014  -0.00002717
  72    0.0000011  -0.00002296
  73    0.0000016  -0.00002451
  74    0.0000261  -0.00009806
  75    0.0001669  -0.00048078
  76    0.0001669  -0.00047642
  77    0.0001982  -0.00057671
  78    0.0000792  -0.00025125
  79    0.0000457  -0.00016247
  80    0.0001808  -0.00050847
  81    0.0002079  -0.00059682
  82    0.0001924  -0.00053393
  83    0.0000012  -0.00001949
  84    0.0000009  -0.00001186
  85    0.0000014  -0.00002309
  86    0.0000229  -0.00009128
  87    0.0001065  -0.00032788
  88    0.0001628  -0.00045622
  89    0.0001193  -0.00035353
  90    0.0000566  -0.00019450
  91    0.0000408  -0.00015292
  92    0.0001382  -0.00041115
  93    0.0001796  -0.00052636
  94    0.0001412  -0.00041239
  95    0.0000009  -0.00001158
  96    0.0000008  -0.00001000
  97    0.0000012  -0.00001521
 
----------------
 Final Energies 
----------------
Final NOF Total Energy =    -225.3745134
 
Total Orbital Internal Iterations = 10
Total Occupation Internal Iterations = 0
 
Elapsed time:   54.73 Seconds

---------------------------------
   Lowdin Population Analysis    
---------------------------------
 Idx  Atom   Population   Charge 
---------------------------------
  1     O     8.055      -0.055
  2     O     7.926       0.074
  3     O     7.945       0.055
  4     H     1.073      -0.073

---------------------------------
   M Diagnostic: 0.22
---------------------------------

Recovering execution output...
Moving from /scratch/pobleyef/204777 to /home-nas/pobleyef/Poison-NOF/ncwomax/P30-5/PNOF7/arina.204777
mkdir -p /home-nas/pobleyef/Poison-NOF/ncwomax/P30-5/PNOF7/arina.204777
mv /scratch/pobleyef/204777/* /home-nas/pobleyef/Poison-NOF/ncwomax/P30-5/PNOF7/arina.204777
