W4-11_109_bn3pi
/software/eb2024/easybuild/software/common/software/Julia/1.11.3-linux-x86_64/bin/julia
Job runing on nh001
Choosing scratch ...
Automatic scratch folder selection
/scratch/pobleyef/168326
/scratch/pobleyef/168326 directory
cp W4-11_109_bn3pi.jl W4-11_109_bn3pi.jld2 to  /scratch/pobleyef/168326/.
Computing Integrals
Elapsed time:    6.13 Seconds

Number of basis functions                   (NBF)    = 114
Number of auxiliary basis functions         (NBFAUX) = 152
Inactive Doubly occupied orbitals up to     (NO1)    = 0
No. considered Strongly Doubly occupied MOs (NDOC)   = 5
No. considered Strongly Singly occupied MOs (NSOC)   = 2
NO. of Weakly occ. per St. Doubly occ.  MOs (NCWO)   = 21
Dimension of the Nat. Orb. subspace         (NBF5)   = 112
No. of electrons                                     = 12
    No. of alpha electrons                           = 7
    No. of beta electrons                            = 5
Multiplicity                                         = 3

Geometry
========
 B       0.0000000       0.0000000      -0.7759500
 N       0.0000000       0.0000000       0.5542500

No violations of the orthonormality
No violations of the orthonormality
 
PNOF7/ADABelief Calculation
==================
 
  Nitext  Nit_orb  Time   Nit_occ  Time         Eelec          Etot           Ediff      maxdiff    MaxGrad_orb  Grad_occ
     1      10    2.9e+01   21    3.4e+01   -92.93555917   -79.01196543 -10091.93555917   0.135799   5.4e-01   1.6e-04 0.01
     2      10    1.3e+00    0    1.8e-02   -92.99541565   -79.07182190    -0.05985648   0.135861   5.4e-01   1.6e-04 0.01
     3      30    3.9e+00   42    7.3e-01   -93.04676831   -79.12317456    -0.05135266   0.051662   2.1e-01   2.0e-04 0.05
     4      30    4.0e+00   46    6.6e-01   -93.11970241   -79.19610866    -0.07293410   0.003603   1.5e-02   1.5e-04 0.08
     5      30    4.0e+00   29    3.8e-01   -93.13939549   -79.21580175    -0.01969309   0.009005   3.6e-02   1.5e-04 0.11
     6      30    3.6e+00   13    2.5e-01   -93.14768970   -79.22409595    -0.00829421   0.009020   3.6e-02   2.2e-04 0.15
     7      30    4.1e+00   18    2.5e-01   -93.15261852   -79.22902478    -0.00492882   0.007802   3.1e-02   1.2e-04 0.17
     8      30    4.1e+00    9    9.8e-02   -93.15465160   -79.23105786    -0.00203308   0.011436   4.6e-02   1.6e-04 0.18
     9      30    3.9e+00   14    2.0e-01   -93.15534910   -79.23175536    -0.00069750   0.009979   4.0e-02   1.7e-04 0.19
    10      30    4.0e+00    7    8.4e-02   -93.15580789   -79.23221414    -0.00045879   0.010387   4.2e-02   1.6e-04 0.19
    11      30    4.1e+00    0    2.3e-02   -93.15586681   -79.23227307    -0.00005893   0.010387   4.2e-02   1.6e-04 0.19
    12      50    6.8e+00    4    1.5e-01   -93.15637771   -79.23278396    -0.00051089   0.001063   4.3e-03   2.0e-04 0.19
    13      50    6.8e+00   11    1.6e-01   -93.15642062   -79.23282688    -0.00004292   0.001904   7.6e-03   2.2e-04 0.19
    14      50    6.6e+00    4    1.4e-01   -93.15648366   -79.23288991    -0.00006304   0.002316   9.3e-03   1.4e-04 0.19
    15      50    6.8e+00    1    3.5e-02   -93.15651244   -79.23291870    -0.00002878   0.001906   7.6e-03   2.0e-04 0.19
    16      50    6.6e+00    4    6.2e-02   -93.15652427   -79.23293052    -0.00001183   0.002067   8.3e-03   1.6e-04 0.19
    17      50    6.7e+00    1    7.0e-02   -93.15654869   -79.23295495    -0.00002442   0.001597   6.4e-03   1.7e-04 0.19
    18      50    6.6e+00    1    4.5e-02   -93.15655897   -79.23296522    -0.00001028   0.001555   6.2e-03   1.8e-04 0.19
    19      50    6.6e+00    5    1.0e-01   -93.15656704   -79.23297330    -0.00000807   0.001398   5.6e-03   1.9e-04 0.19
    20      50    6.8e+00    1    4.7e-02   -93.15658535   -79.23299160    -0.00001830   0.001516   6.1e-03   1.8e-04 0.19
    21      50    6.7e+00    3    1.0e-01   -93.15659635   -79.23300260    -0.00001100   0.001342   5.4e-03   2.0e-04 0.18
    22      50    6.7e+00    1    2.8e-02   -93.15660202   -79.23300827    -0.00000567   0.001388   5.6e-03   1.3e-04 0.19
    23      50    6.6e+00    5    7.4e-02   -93.15660806   -79.23301432    -0.00000604   0.001442   5.8e-03   1.8e-04 0.19
    24      50    6.7e+00    1    3.1e-02   -93.15663878   -79.23304504    -0.00003072   0.001718   6.9e-03   1.8e-04 0.18
    25      50    6.6e+00    6    1.1e-01   -93.15664770   -79.23305396    -0.00000892   0.001500   6.0e-03   1.7e-04 0.19
    26      50    6.6e+00    6    2.2e-01   -93.15668984   -79.23309609    -0.00004213   0.001414   5.7e-03   1.7e-04 0.18
    27      50    6.8e+00    5    1.2e-01   -93.15673462   -79.23314087    -0.00004478   0.001467   5.9e-03   1.9e-04 0.19
    28      50    6.6e+00    5    6.9e-02   -93.15679876   -79.23320502    -0.00006414   0.001504   6.0e-03   2.2e-04 0.19
    29      50    6.7e+00    7    8.1e-02   -93.15688367   -79.23328992    -0.00008491   0.001419   5.7e-03   1.6e-04 0.19
    30      50    6.3e+00    7    1.6e-01   -93.15696915   -79.23337540    -0.00008548   0.001298   5.2e-03   1.1e-04 0.19
    31      50    6.5e+00    1    1.7e-01   -93.15701827   -79.23342452    -0.00004912   0.001544   6.2e-03   1.8e-04 0.18
    32      50    6.5e+00    4    8.4e-02   -93.15703343   -79.23343968    -0.00001516   0.001562   6.2e-03   1.9e-04 0.18
    33      50    6.6e+00    1    3.5e-02   -93.15704395   -79.23345020    -0.00001052   0.001636   6.5e-03   1.5e-04 0.18
    34      50    6.5e+00    1    3.1e-02   -93.15704706   -79.23345332    -0.00000312   0.001881   7.5e-03   1.4e-04 0.18
    35      50    6.7e+00    5    8.1e-02   -93.15704959   -79.23345585    -0.00000253   0.002105   8.4e-03   1.2e-04 0.18
    36      50    6.4e+00    1    3.5e-02   -93.15706893   -79.23347519    -0.00001934   0.001729   6.9e-03   1.0e-04 0.18
    37      50    6.7e+00    0    4.0e-02   -93.15706943   -79.23347568    -0.00000049   0.001729   6.9e-03   1.0e-04 0.18
    38      35    4.7e+00    0    2.3e-02   -93.15709128   -79.23349754    -0.00002185   0.000465   1.9e-03   1.6e-04 0.18
 
RESULTS OF THE OCCUPATION OPTIMIZATION
========================================
   1    1.9995087  -15.62841202
   2    1.9987737  -7.65742869
   3    1.9603508  -1.11274270
   4    1.8764345  -0.57789112
   5    1.8059945  -0.46380264
   6    1.0000000  -0.29920299
   7    1.0000000  -0.27708637
   8    0.1750063  -0.06491657
   9    0.0987075  -0.04122567
  10    0.0210518  -0.01696365
  11    0.0008384  -0.00978763
  12    0.0003411  -0.00837110
  13    0.0060562  -0.00422078
  14    0.0176562  -0.01086821
  15    0.0043962  -0.00481063
  16    0.0001259  -0.00119933
  17    0.0000455  -0.00078508
  18    0.0059635  -0.00371853
  19    0.0021454  -0.00197320
  20    0.0041860  -0.00458611
  21    0.0001198  -0.00102609
  22    0.0000433  -0.00076819
  23    0.0055845  -0.00392684
  24    0.0017939  -0.00167581
  25    0.0030068  -0.00339294
  26    0.0001000  -0.00086834
  27    0.0000431  -0.00074341
  28    0.0006255  -0.00054834
  29    0.0008604  -0.00087301
  30    0.0028127  -0.00292698
  31    0.0000198  -0.00049577
  32    0.0000082  -0.00036961
  33    0.0002324  -0.00031731
  34    0.0005570  -0.00073114
  35    0.0011837  -0.00161043
  36    0.0000026  -0.00002713
  37    0.0000017  -0.00003608
  38    0.0001095  -0.00016266
  39    0.0004635  -0.00065073
  40    0.0011184  -0.00154134
  41    0.0000019  -0.00002182
  42    0.0000013  -0.00003021
  43    0.0001059  -0.00012660
  44    0.0003732  -0.00057625
  45    0.0002948  -0.00054430
  46    0.0000017  -0.00006355
  47    0.0000010  -0.00001830
  48    0.0000751  -0.00009769
  49    0.0002714  -0.00037905
  50    0.0002842  -0.00053251
  51    0.0000017  -0.00002146
  52    0.0000008  -0.00001521
  53    0.0000621  -0.00010796
  54    0.0002392  -0.00037685
  55    0.0002552  -0.00046079
  56    0.0000016  -0.00001678
  57    0.0000006  -0.00001207
  58    0.0000494  -0.00009181
  59    0.0001301  -0.00022783
  60    0.0002432  -0.00044862
  61    0.0000015  -0.00001907
  62    0.0000006  -0.00002056
  63    0.0000324  -0.00004296
  64    0.0001074  -0.00020737
  65    0.0002205  -0.00039573
  66    0.0000014  -0.00001482
  67    0.0000005  -0.00000779
  68    0.0000252  -0.00002948
  69    0.0000578  -0.00013121
  70    0.0002157  -0.00039150
  71    0.0000013  -0.00001469
  72    0.0000005  -0.00000774
  73    0.0000181  -0.00003690
  74    0.0000512  -0.00012249
  75    0.0001007  -0.00019154
  76    0.0000013  -0.00001471
  77    0.0000005  -0.00000588
  78    0.0000117  -0.00003179
  79    0.0000358  -0.00009192
  80    0.0000955  -0.00017723
  81    0.0000012  -0.00001422
  82    0.0000005  -0.00000532
  83    0.0000103  -0.00003306
  84    0.0000252  -0.00007074
  85    0.0000785  -0.00018197
  86    0.0000011  -0.00001107
  87    0.0000004  -0.00000505
  88    0.0000092  -0.00002774
  89    0.0000225  -0.00006845
  90    0.0000294  -0.00008786
  91    0.0000011  -0.00001110
  92    0.0000004  -0.00000179
  93    0.0000079  -0.00002677
  94    0.0000187  -0.00005723
  95    0.0000251  -0.00007721
  96    0.0000011  -0.00001104
  97    0.0000004  -0.00000151
  98    0.0000076  -0.00002678
  99    0.0000174  -0.00005007
 100    0.0000188  -0.00006510
 101    0.0000011  -0.00001303
 102    0.0000004  -0.00000274
 103    0.0000064  -0.00002591
 104    0.0000160  -0.00004829
 105    0.0000166  -0.00006016
 106    0.0000010  -0.00000802
 107    0.0000004  -0.00000321
 108    0.0000062  -0.00002541
 109    0.0000155  -0.00005564
 110    0.0000155  -0.00006373
 111    0.0000009  -0.00000743
 112    0.0000003  -0.00000943
 
----------------
 Final Energies 
----------------
Final NOF Total Energy =     -79.2334975
 
Total Orbital Internal Iterations = 1625
Total Occupation Internal Iterations = 290
 
Elapsed time:  303.89 Seconds

---------------------------------
   Lowdin Population Analysis    
---------------------------------
 Idx  Atom   Population   Charge 
---------------------------------
  1     B     5.289      -0.289
  2     N     6.711       0.289

---------------------------------
   M Diagnostic: 0.18
---------------------------------

Recovering execution output...
Moving from /scratch/pobleyef/168326 to /home-nas/pobleyef/Poison-Set/ncwomax/P30-5/PNOF7/arina.168326
mkdir -p /home-nas/pobleyef/Poison-Set/ncwomax/P30-5/PNOF7/arina.168326
mv /scratch/pobleyef/168326/* /home-nas/pobleyef/Poison-Set/ncwomax/P30-5/PNOF7/arina.168326
