W4-11-n2o
/software/eb2024/easybuild/software/common/software/Julia/1.11.3-linux-x86_64/bin/julia
Job runing on nagpu01
Choosing scratch ...
Automatic scratch folder selection
/scratch/pobleyef/283912
/scratch/pobleyef/283912 directory
cp W4-11-n2o.jl W4-11-n2o.jld2 to  /scratch/pobleyef/283912/.
Computing Integrals
Basis Set                                            = def2-qzvp
Auxiliary Basis Set                                  = def2-universal-jkfit
Gaussian Type                                        = Spherical
Elapsed time:    4.52 Seconds

Number of basis functions                   (NBF)    = 171
Number of auxiliary basis functions         (NBFAUX) = 231
Inactive Doubly occupied orbitals up to     (NO1)    = 0
No. considered Strongly Doubly occupied MOs (NDOC)   = 11
No. considered Strongly Singly occupied MOs (NSOC)   = 0
NO. of Weakly occ. per St. Doubly occ.  MOs (NCWO)   = 14
Dimension of the Nat. Orb. subspace         (NBF5)   = 165
No. of electrons                                     = 22
    No. of alpha electrons                           = 11
    No. of beta electrons                            = 11
Multiplicity                                         = 1

Geometry
========
 N       0.0000000       0.0000000      -1.2014770
 N       0.0000000       0.0000000      -0.0723770
 O       0.0000000       0.0000000       1.1146230

No violations of the orthonormality
No violations of the orthonormality
 
PNOF7/ADABelief Calculation
==================
 
  Nitext  Nit_orb  Time   Nit_occ  Time         Eelec          Etot           Ediff      maxdiff    MaxGrad_orb  Grad_occ
     1      10    2.2e+01   25    2.1e+01  -244.37217409  -183.64723917 -10243.37217409   0.253455   1.0e+00   2.2e-04 0.00
     2      10    4.8e+00    0    3.9e-02  -244.51355722  -183.78862230    -0.14138313   0.253455   1.0e+00   2.2e-04 0.00
     3      30    1.6e+01   40    9.7e-01  -244.63284697  -183.90791205    -0.11928975   0.137985   5.5e-01   1.6e-04 0.03
     4      30    1.5e+01   37    8.8e-01  -244.73015477  -184.00521985    -0.09730780   0.010998   4.4e-02   2.6e-04 0.06
     5      30    1.5e+01   38    8.6e-01  -244.76094597  -184.03601105    -0.03079120   0.011831   4.7e-02   1.6e-04 0.10
     6      30    1.5e+01   28    6.9e-01  -244.77466397  -184.04972905    -0.01371800   0.013554   5.4e-02   2.0e-04 0.13
     7      30    1.5e+01   15    3.6e-01  -244.78237031  -184.05743539    -0.00770634   0.015611   6.2e-02   2.4e-04 0.15
     8      30    1.5e+01   19    4.9e-01  -244.78548482  -184.06054990    -0.00311451   0.010404   4.2e-02   2.1e-04 0.16
     9      30    1.4e+01    5    1.9e-01  -244.78599146  -184.06105654    -0.00050663   0.010707   4.3e-02   2.4e-04 0.16
    10      30    1.5e+01    0    9.0e-02  -244.78604673  -184.06111181    -0.00005527   0.010707   4.3e-02   2.4e-04 0.16
    11      50    2.6e+01    8    3.5e-01  -244.78670916  -184.06177424    -0.00066243   0.000682   2.7e-03   1.9e-04 0.16
 
RESULTS OF THE OCCUPATION OPTIMIZATION
========================================
   1    1.9997319  -20.61878559
   2    1.9995059  -15.80432003
   3    1.9995385  -15.68705880
   4    1.9816392  -1.43154983
   5    1.9725903  -1.21802217
   6    1.9847235  -0.84363428
   7    1.9844232  -0.83811988
   8    1.9844311  -0.83631241
   9    1.9752062  -0.80877013
  10    1.8444302  -0.61195462
  11    1.8362299  -0.60094412
  12    0.1604603  -0.07280068
  13    0.1474119  -0.06905002
  14    0.0155088  -0.01158353
  15    0.0116992  -0.01030763
  16    0.0118094  -0.01014855
  17    0.0117262  -0.01016412
  18    0.0240486  -0.02676749
  19    0.0140342  -0.01795175
  20    0.0003032  -0.00780338
  21    0.0003045  -0.00786834
  22    0.0002206  -0.00747887
  23    0.0029327  -0.00237149
  24    0.0028499  -0.00238576
  25    0.0023736  -0.00278194
  26    0.0017500  -0.00238673
  27    0.0017278  -0.00227698
  28    0.0014551  -0.00196938
  29    0.0015578  -0.00287583
  30    0.0024620  -0.00432174
  31    0.0000490  -0.00086359
  32    0.0000609  -0.00116700
  33    0.0000363  -0.00085880
  34    0.0001216  -0.00020753
  35    0.0028478  -0.00257597
  36    0.0023679  -0.00277252
  37    0.0010886  -0.00161486
  38    0.0011822  -0.00172759
  39    0.0010919  -0.00165920
  40    0.0006551  -0.00144100
  41    0.0006519  -0.00154624
  42    0.0000485  -0.00090286
  43    0.0000584  -0.00103797
  44    0.0000044  -0.00012169
  45    0.0001051  -0.00020475
  46    0.0023619  -0.00217747
  47    0.0015246  -0.00204384
  48    0.0006093  -0.00108459
  49    0.0004500  -0.00086080
  50    0.0004834  -0.00090592
  51    0.0006523  -0.00143495
  52    0.0006013  -0.00144987
  53    0.0000481  -0.00084726
  54    0.0000580  -0.00103060
  55    0.0000036  -0.00023278
  56    0.0000598  -0.00008144
  57    0.0000441  -0.00005780
  58    0.0012163  -0.00170693
  59    0.0001174  -0.00030345
  60    0.0001264  -0.00032376
  61    0.0001275  -0.00031789
  62    0.0001945  -0.00049358
  63    0.0001350  -0.00039678
  64    0.0000063  -0.00030984
  65    0.0000063  -0.00030951
  66    0.0000005  -0.00001367
  67    0.0000366  -0.00005319
  68    0.0000126  -0.00002198
  69    0.0011745  -0.00167605
  70    0.0001070  -0.00027337
  71    0.0000962  -0.00025545
  72    0.0001179  -0.00028983
  73    0.0001754  -0.00046136
  74    0.0001218  -0.00035445
  75    0.0000011  -0.00002225
  76    0.0000015  -0.00002623
  77    0.0000004  -0.00000730
  78    0.0000214  -0.00002037
  79    0.0000073  -0.00001673
  80    0.0001513  -0.00031604
  81    0.0000905  -0.00026202
  82    0.0000875  -0.00023964
  83    0.0000976  -0.00025539
  84    0.0000399  -0.00017979
  85    0.0000863  -0.00027943
  86    0.0000011  -0.00002129
  87    0.0000009  -0.00001912
  88    0.0000004  -0.00000686
  89    0.0000083  -0.00001837
  90    0.0000068  -0.00001901
  91    0.0000962  -0.00022214
  92    0.0000397  -0.00014386
  93    0.0000266  -0.00010390
  94    0.0000903  -0.00025280
  95    0.0000180  -0.00007486
  96    0.0000742  -0.00026195
  97    0.0000009  -0.00001869
  98    0.0000008  -0.00001876
  99    0.0000004  -0.00000397
 100    0.0000054  -0.00002017
 101    0.0000061  -0.00001773
 102    0.0000878  -0.00022165
 103    0.0000196  -0.00008696
 104    0.0000260  -0.00010711
 105    0.0000438  -0.00017193
 106    0.0000163  -0.00007116
 107    0.0000706  -0.00024629
 108    0.0000008  -0.00001548
 109    0.0000006  -0.00001081
 110    0.0000004  -0.00000493
 111    0.0000044  -0.00001717
 112    0.0000054  -0.00001765
 113    0.0000806  -0.00020605
 114    0.0000176  -0.00007288
 115    0.0000136  -0.00006050
 116    0.0000120  -0.00005224
 117    0.0000148  -0.00006943
 118    0.0000495  -0.00021192
 119    0.0000006  -0.00001333
 120    0.0000005  -0.00000972
 121    0.0000003  -0.00000435
 122    0.0000043  -0.00001702
 123    0.0000048  -0.00001732
 124    0.0000781  -0.00021213
 125    0.0000095  -0.00004632
 126    0.0000097  -0.00004140
 127    0.0000093  -0.00004052
 128    0.0000108  -0.00004952
 129    0.0000256  -0.00013225
 130    0.0000005  -0.00000691
 131    0.0000005  -0.00000993
 132    0.0000003  -0.00000290
 133    0.0000039  -0.00001369
 134    0.0000039  -0.00001222
 135    0.0000543  -0.00015193
 136    0.0000077  -0.00003830
 137    0.0000078  -0.00003762
 138    0.0000079  -0.00003905
 139    0.0000095  -0.00004614
 140    0.0000211  -0.00008781
 141    0.0000005  -0.00000639
 142    0.0000005  -0.00000889
 143    0.0000003  -0.00000278
 144    0.0000033  -0.00001238
 145    0.0000037  -0.00001185
 146    0.0000455  -0.00013499
 147    0.0000073  -0.00003608
 148    0.0000069  -0.00003240
 149    0.0000074  -0.00003435
 150    0.0000086  -0.00004345
 151    0.0000150  -0.00007701
 152    0.0000005  -0.00000442
 153    0.0000004  -0.00000471
 154    0.0000002  -0.00000311
 155    0.0000031  -0.00001136
 156    0.0000036  -0.00001101
 157    0.0000344  -0.00012523
 158    0.0000054  -0.00002814
 159    0.0000066  -0.00003025
 160    0.0000063  -0.00003162
 161    0.0000079  -0.00004060
 162    0.0000124  -0.00006581
 163    0.0000004  -0.00002616
 164    0.0000003  -0.00001881
 165    0.0000002  -0.00001331
 
----------------
 Final Energies 
----------------
Final NOF Total Energy =    -184.0617742
 
Total Orbital Internal Iterations = 310
Total Occupation Internal Iterations = 215
 
Elapsed time:  232.06 Seconds

---------------------------------
   Lowdin Population Analysis    
---------------------------------
 Idx  Atom   Population   Charge 
---------------------------------
  1     N     6.907       0.093
  2     N     7.107      -0.107
  3     O     7.987       0.013

---------------------------------
   M Diagnostic: 0.16
---------------------------------

Recovering execution output...
Moving from /scratch/pobleyef/283912 to /home-nas/pobleyef/Poison-NOF/ncwomax/P30-5/PNOF7/arina.283912
mkdir -p /home-nas/pobleyef/Poison-NOF/ncwomax/P30-5/PNOF7/arina.283912
mv /scratch/pobleyef/283912/* /home-nas/pobleyef/Poison-NOF/ncwomax/P30-5/PNOF7/arina.283912
