Computing Integrals
Basis Set                                            = def2-qzvp
Auxiliary Basis Set                                  = def2-universal-jkfit
Gaussian Type                                        = Spherical
Elapsed time:    4.22 Seconds

Number of basis functions                   (NBF)    = 280
Number of auxiliary basis functions         (NBFAUX) = 512
Inactive Doubly occupied orbitals up to     (NO1)    = 0
No. considered Strongly Doubly occupied MOs (NDOC)   = 32
No. considered Strongly Singly occupied MOs (NSOC)   = 0
NO. of Weakly occ. per St. Doubly occ.  MOs (NCWO)   = 7
Dimension of the Nat. Orb. subspace         (NBF5)   = 256
No. of electrons                                     = 64
    No. of alpha electrons                           = 32
    No. of beta electrons                            = 32
Multiplicity                                         = 1

Geometry
========
 S       0.0000000       1.5523430       0.9219610
 S       0.0000000       1.0685080      -0.9219610
 S       0.0000000      -1.0685080      -0.9219610
 S       0.0000000      -1.5523430       0.9219610

No violations of the orthonormality
No violations of the orthonormality
 
PNOF7/ADABelief Calculation
==================
 
  Nitext  Nit_orb  Time   Nit_occ  Time         Eelec          Etot           Ediff      maxdiff    MaxGrad_orb  Grad_occ
     1      10    2.4e+01    0    2.5e+01 -1924.19507237 -1590.49614985 -11923.19507237   0.000920   3.7e-03   1.8e-04 0.73
 
RESULTS OF THE OCCUPATION OPTIMIZATION
========================================
   1    1.9999693  -91.35990833
   2    1.9999687  -91.34650361
   3    1.9999472  -86.83083110
   4    1.9999433  -85.31029165
   5    1.9999522  -15.51243979
   6    1.9999364  -13.58790263
   7    1.9995417  -7.48421652
   8    1.9995397  -7.47726102
   9    1.9995617  -7.47555948
  10    1.9995562  -7.47110442
  11    1.9995213  -7.44805658
  12    1.9995254  -7.44710193
  13    1.9995318  -7.44653900
  14    1.9995332  -7.44307345
  15    1.9995579  -6.88608321
  16    1.9995640  -6.85300553
  17    1.9994957  -6.82363728
  18    1.9995744  -6.77171540
  19    1.9995831  -6.69457183
  20    1.9995014  -6.67687374
  21    1.9889551  -1.05871547
  22    1.9875781  -1.00410882
  23    1.9794092  -0.78863027
  24    1.9707948  -0.67221103
  25    1.9494622  -0.63666649
  26    1.9435774  -0.61896354
  27    1.9726355  -0.53013330
  28    1.9562354  -0.50360996
  29    1.9576178  -0.49383969
  30    1.9669831  -0.46620240
  31    1.8606535  -0.45813918
  32    1.2707166  -0.26169947
  33    0.7292251  -0.16198119
  34    0.1392755  -0.04485227
  35    0.0329171  -0.01272835
  36    0.0422866  -0.01328629
  37    0.0436734  -0.01324379
  38    0.0272421  -0.01172939
  39    0.0563240  -0.02465261
  40    0.0504294  -0.02255223
  41    0.0290999  -0.01433948
  42    0.0204939  -0.01094623
  43    0.0123006  -0.00854864
  44    0.0109351  -0.00726009
  45    0.0004752  -0.00476267
  46    0.0003996  -0.00431231
  47    0.0004117  -0.00441785
  48    0.0004857  -0.00486479
  49    0.0004190  -0.00447842
  50    0.0004232  -0.00450980
  51    0.0004553  -0.00480555
  52    0.0004515  -0.00476868
  53    0.0004622  -0.00484043
  54    0.0004645  -0.00486272
  55    0.0004312  -0.00463434
  56    0.0004247  -0.00456600
  57    0.0004473  -0.00471285
  58    0.0004453  -0.00469954
  59    0.0000581  -0.00083426
  60    0.0000402  -0.00060929
  61    0.0000564  -0.00863665
  62    0.0000525  -0.00825210
  63    0.0000304  -0.00568557
  64    0.0000304  -0.00568805
  65    0.0000140  -0.00002758
  66    0.0000148  -0.00002795
  67    0.0000230  -0.00005027
  68    0.0000272  -0.00005630
  69    0.0000226  -0.00004989
  70    0.0000350  -0.00007227
  71    0.0000244  -0.00005426
  72    0.0000321  -0.00006677
  73    0.0000430  -0.00009152
  74    0.0000390  -0.00008634
  75    0.0000401  -0.00009915
  76    0.0000378  -0.00010594
  77    0.0000089  -0.00007341
  78    0.0000073  -0.00006309
  79    0.0000029  -0.00002838
  80    0.0000059  -0.00005236
  81    0.0000045  -0.00004356
  82    0.0000068  -0.00006086
  83    0.0000025  -0.00002849
  84    0.0000052  -0.00005112
  85    0.0000027  -0.00002889
  86    0.0000043  -0.00004380
  87    0.0000034  -0.00003738
  88    0.0000045  -0.00004679
  89    0.0000037  -0.00003986
  90    0.0000053  -0.00005196
  91    0.0000016  -0.00002757
  92    0.0000034  -0.00005612
  93    0.0000001  -0.00000455
  94    0.0000001  -0.00000509
  95    0.0000006  -0.00006774
  96    0.0000000  -0.00000404
  97    0.0000112  -0.00002060
  98    0.0000131  -0.00003857
  99    0.0000188  -0.00003541
 100    0.0000229  -0.00006347
 101    0.0000174  -0.00003757
 102    0.0000262  -0.00005764
 103    0.0000184  -0.00003881
 104    0.0000217  -0.00005575
 105    0.0000148  -0.00003017
 106    0.0000159  -0.00003852
 107    0.0000303  -0.00008368
 108    0.0000348  -0.00009116
 109    0.0000065  -0.00005553
 110    0.0000026  -0.00002461
 111    0.0000027  -0.00002709
 112    0.0000042  -0.00003915
 113    0.0000042  -0.00004106
 114    0.0000049  -0.00004815
 115    0.0000024  -0.00002462
 116    0.0000044  -0.00004696
 117    0.0000026  -0.00002769
 118    0.0000032  -0.00003391
 119    0.0000022  -0.00002492
 120    0.0000027  -0.00003067
 121    0.0000024  -0.00002402
 122    0.0000018  -0.00001797
 123    0.0000010  -0.00001606
 124    0.0000014  -0.00002547
 125    0.0000000  -0.00000366
 126    0.0000001  -0.00000457
 127    0.0000001  -0.00000656
 128    0.0000000  -0.00000377
 129    0.0000098  -0.00002571
 130    0.0000124  -0.00002614
 131    0.0000159  -0.00002754
 132    0.0000162  -0.00003570
 133    0.0000168  -0.00003573
 134    0.0000171  -0.00002984
 135    0.0000167  -0.00003788
 136    0.0000154  -0.00003210
 137    0.0000141  -0.00003489
 138    0.0000140  -0.00003611
 139    0.0000178  -0.00004165
 140    0.0000158  -0.00004178
 141    0.0000022  -0.00001912
 142    0.0000022  -0.00002007
 143    0.0000026  -0.00002357
 144    0.0000024  -0.00002141
 145    0.0000022  -0.00001944
 146    0.0000021  -0.00001988
 147    0.0000021  -0.00002448
 148    0.0000024  -0.00002359
 149    0.0000021  -0.00002181
 150    0.0000020  -0.00001774
 151    0.0000022  -0.00001940
 152    0.0000022  -0.00002179
 153    0.0000022  -0.00002318
 154    0.0000016  -0.00001501
 155    0.0000009  -0.00001339
 156    0.0000008  -0.00001303
 157    0.0000000  -0.00000336
 158    0.0000000  -0.00000331
 159    0.0000001  -0.00000403
 160    0.0000000  -0.00000267
 161    0.0000092  -0.00001530
 162    0.0000117  -0.00002967
 163    0.0000157  -0.00003326
 164    0.0000125  -0.00002086
 165    0.0000144  -0.00004678
 166    0.0000154  -0.00003593
 167    0.0000166  -0.00003531
 168    0.0000151  -0.00003532
 169    0.0000135  -0.00004098
 170    0.0000119  -0.00004461
 171    0.0000129  -0.00003421
 172    0.0000083  -0.00002676
 173    0.0000021  -0.00001672
 174    0.0000019  -0.00001752
 175    0.0000023  -0.00002113
 176    0.0000023  -0.00002004
 177    0.0000022  -0.00001692
 178    0.0000020  -0.00001754
 179    0.0000020  -0.00002023
 180    0.0000018  -0.00001469
 181    0.0000018  -0.00001656
 182    0.0000018  -0.00001664
 183    0.0000019  -0.00001794
 184    0.0000015  -0.00001248
 185    0.0000019  -0.00001773
 186    0.0000015  -0.00001536
 187    0.0000007  -0.00000996
 188    0.0000008  -0.00001105
 189    0.0000000  -0.00000297
 190    0.0000000  -0.00000309
 191    0.0000001  -0.00000379
 192    0.0000000  -0.00000230
 193    0.0000085  -0.00001763
 194    0.0000096  -0.00002760
 195    0.0000152  -0.00003066
 196    0.0000116  -0.00002322
 197    0.0000124  -0.00002084
 198    0.0000144  -0.00003371
 199    0.0000141  -0.00003998
 200    0.0000128  -0.00003107
 201    0.0000106  -0.00002776
 202    0.0000087  -0.00002181
 203    0.0000126  -0.00002583
 204    0.0000070  -0.00001820
 205    0.0000019  -0.00001340
 206    0.0000017  -0.00001284
 207    0.0000020  -0.00001869
 208    0.0000022  -0.00001841
 209    0.0000020  -0.00001733
 210    0.0000017  -0.00001434
 211    0.0000014  -0.00001181
 212    0.0000015  -0.00001327
 213    0.0000016  -0.00001541
 214    0.0000016  -0.00001438
 215    0.0000016  -0.00001517
 216    0.0000014  -0.00001116
 217    0.0000018  -0.00001591
 218    0.0000015  -0.00001328
 219    0.0000007  -0.00000866
 220    0.0000007  -0.00000747
 221    0.0000000  -0.00000254
 222    0.0000000  -0.00000234
 223    0.0000001  -0.00000263
 224    0.0000000  -0.00000199
 225    0.0000055  -0.00002099
 226    0.0000094  -0.00001752
 227    0.0000111  -0.00003527
 228    0.0000052  -0.00002192
 229    0.0000076  -0.00001700
 230    0.0000142  -0.00003108
 231    0.0000085  -0.00001615
 232    0.0000113  -0.00001828
 233    0.0000093  -0.00001858
 234    0.0000074  -0.00001401
 235    0.0000077  -0.00002125
 236    0.0000060  -0.00001710
 237    0.0000018  -0.00001169
 238    0.0000016  -0.00001207
 239    0.0000014  -0.00001077
 240    0.0000016  -0.00001018
 241    0.0000019  -0.00001538
 242    0.0000013  -0.00000696
 243    0.0000012  -0.00000839
 244    0.0000014  -0.00000945
 245    0.0000016  -0.00001184
 246    0.0000014  -0.00001055
 247    0.0000013  -0.00001119
 248    0.0000014  -0.00001249
 249    0.0000010  -0.00000547
 250    0.0000014  -0.00001103
 251    0.0000007  -0.00000742
 252    0.0000006  -0.00000700
 253    0.0000000  -0.00000193
 254    0.0000000  -0.00000215
 255    0.0000001  -0.00000216
 256    0.0000000  -0.00000181
 
----------------
 Final Energies 
----------------
Final NOF Total Energy =   -1590.4961498
 
Total Orbital Internal Iterations = 10
Total Occupation Internal Iterations = 0
 
Elapsed time:   63.91 Seconds

---------------------------------
   Lowdin Population Analysis    
---------------------------------
 Idx  Atom   Population   Charge 
---------------------------------
  1     S    16.000      -0.000
  2     S    15.999       0.001
  3     S    15.989       0.011
  4     S    16.012      -0.012

---------------------------------
   M Diagnostic: 0.73
---------------------------------

