W4-11-c-hooo
/software/eb2024/easybuild/software/common/software/Julia/1.11.3-linux-x86_64/bin/julia
Job runing on nagpu01
Choosing scratch ...
Automatic scratch folder selection
/scratch/pobleyef/283903
/scratch/pobleyef/283903 directory
cp W4-11-c-hooo.jl W4-11-c-hooo.jld2 to  /scratch/pobleyef/283903/.
Computing Integrals
Basis Set                                            = def2-qzvp
Auxiliary Basis Set                                  = def2-universal-jkfit
Gaussian Type                                        = Spherical
Elapsed time:    4.63 Seconds

Number of basis functions                   (NBF)    = 201
Number of auxiliary basis functions         (NBFAUX) = 249
Inactive Doubly occupied orbitals up to     (NO1)    = 0
No. considered Strongly Doubly occupied MOs (NDOC)   = 12
No. considered Strongly Singly occupied MOs (NSOC)   = 1
NO. of Weakly occ. per St. Doubly occ.  MOs (NCWO)   = 15
Dimension of the Nat. Orb. subspace         (NBF5)   = 193
No. of electrons                                     = 25
    No. of alpha electrons                           = 13
    No. of beta electrons                            = 12
Multiplicity                                         = 2

Geometry
========
 O       1.1439430       0.0753540       0.0000000
 O       0.0000000       0.5769450       0.0000000
 O      -1.0821140      -0.4938720       0.0000000
 H      -0.4946340      -1.2674190       0.0000000

No violations of the orthonormality
No violations of the orthonormality
 
PNOF7/ADABelief Calculation
==================
 
  Nitext  Nit_orb  Time   Nit_occ  Time         Eelec          Etot           Ediff      maxdiff    MaxGrad_orb  Grad_occ
     1      10    2.7e+01   29    2.2e+01  -297.56179049  -224.88828241 -10296.56179049   0.319523   1.3e+00   2.3e-04 0.00
     2      10    1.2e+01    0    4.8e-02  -297.73458047  -225.06107239    -0.17278998   0.319523   1.3e+00   2.3e-04 0.00
     3      30    3.0e+01   50    1.8e+00  -297.90351835  -225.23001027    -0.16893788   0.237942   9.5e-01   2.2e-04 0.04
     4      30    3.1e+01   37    1.6e+00  -298.04411941  -225.37061134    -0.14060106   0.017144   6.9e-02   2.6e-04 0.12
     5      30    3.2e+01   22    7.4e-01  -298.08985411  -225.41634604    -0.04573470   0.021544   8.6e-02   3.4e-04 0.18
     6      30    3.1e+01   40    1.3e+00  -298.10222343  -225.42871536    -0.01236932   0.021921   8.8e-02   2.7e-04 0.21
     7      30    3.0e+01   20    7.7e-01  -298.10824216  -225.43473408    -0.00601873   0.028490   1.1e-01   2.0e-04 0.22
     8      30    3.1e+01   20    8.2e-01  -298.11050324  -225.43699516    -0.00226108   0.011824   4.7e-02   2.4e-04 0.23
     9      30    3.1e+01   14    5.1e-01  -298.11169547  -225.43818740    -0.00119223   0.010064   4.0e-02   2.1e-04 0.23
    10      30    3.0e+01    9    3.9e-01  -298.11221441  -225.43870634    -0.00051894   0.007907   3.2e-02   2.4e-04 0.23
    11      30    3.1e+01    4    2.1e-01  -298.11258059  -225.43907251    -0.00036618   0.005905   2.4e-02   1.9e-04 0.23
    12      30    2.9e+01    0    1.3e-01  -298.11259430  -225.43908622    -0.00001371   0.005905   2.4e-02   1.9e-04 0.23
    13      45    5.1e+01    0    1.3e-01  -298.11292810  -225.43942003    -0.00033381   0.000473   1.9e-03   2.1e-04 0.23
 
RESULTS OF THE OCCUPATION OPTIMIZATION
========================================
   1    1.9996989  -20.72740925
   2    1.9997138  -20.67820377
   3    1.9997042  -20.63394429
   4    1.9811150  -1.01391797
   5    1.9802840  -1.01193295
   6    1.9810571  -1.01094351
   7    1.9355879  -0.98876749
   8    1.9652957  -0.95396302
   9    1.9795365  -0.94406079
  10    1.9816888  -0.87342196
  11    1.9815883  -0.86593219
  12    1.7702324  -0.64795197
  13    1.0000000  -0.32457190
  14    0.2295493  -0.11193053
  15    0.0123320  -0.01215601
  16    0.0121938  -0.01208908
  17    0.0128951  -0.01204834
  18    0.0289345  -0.02623477
  19    0.0613683  -0.05153149
  20    0.0126540  -0.01079721
  21    0.0118391  -0.01175672
  22    0.0125653  -0.01078311
  23    0.0002251  -0.00758751
  24    0.0002302  -0.00768638
  25    0.0002328  -0.00774720
  26    0.0001039  -0.00016718
  27    0.0024746  -0.00352173
  28    0.0024628  -0.00345923
  29    0.0030838  -0.00411097
  30    0.0030561  -0.00439304
  31    0.0025080  -0.00373400
  32    0.0026468  -0.00345776
  33    0.0031377  -0.00384557
  34    0.0026360  -0.00346127
  35    0.0000342  -0.00080433
  36    0.0000395  -0.00091161
  37    0.0000388  -0.00089995
  38    0.0000649  -0.00011354
  39    0.0020049  -0.00318172
  40    0.0019466  -0.00311504
  41    0.0024995  -0.00368488
  42    0.0018232  -0.00290722
  43    0.0002570  -0.00061414
  44    0.0018828  -0.00270993
  45    0.0020510  -0.00321642
  46    0.0017961  -0.00263970
  47    0.0000267  -0.00066521
  48    0.0000065  -0.00019729
  49    0.0000199  -0.00051471
  50    0.0000160  -0.00000981
  51    0.0006290  -0.00121862
  52    0.0006050  -0.00120153
  53    0.0009268  -0.00166404
  54    0.0005543  -0.00102784
  55    0.0002166  -0.00053087
  56    0.0007521  -0.00138216
  57    0.0009785  -0.00178564
  58    0.0008738  -0.00149374
  59    0.0000035  -0.00023812
  60    0.0000043  -0.00025707
  61    0.0000043  -0.00025831
  62    0.0000150  -0.00001039
  63    0.0002349  -0.00057875
  64    0.0004106  -0.00077645
  65    0.0002981  -0.00071636
  66    0.0000881  -0.00026325
  67    0.0000120  -0.00005677
  68    0.0002920  -0.00066157
  69    0.0006901  -0.00141330
  70    0.0002739  -0.00065222
  71    0.0000020  -0.00003570
  72    0.0000011  -0.00002545
  73    0.0000010  -0.00002403
  74    0.0000033  -0.00001967
  75    0.0002290  -0.00048094
  76    0.0002282  -0.00056172
  77    0.0002883  -0.00069398
  78    0.0000687  -0.00022294
  79    0.0000088  -0.00004005
  80    0.0002496  -0.00060396
  81    0.0002919  -0.00072085
  82    0.0002607  -0.00061329
  83    0.0000008  -0.00001805
  84    0.0000009  -0.00002475
  85    0.0000007  -0.00001569
  86    0.0000027  -0.00001741
  87    0.0002198  -0.00051925
  88    0.0001807  -0.00044087
  89    0.0001412  -0.00038037
  90    0.0000443  -0.00014799
  91    0.0000084  -0.00003870
  92    0.0001816  -0.00043863
  93    0.0002870  -0.00065060
  94    0.0001910  -0.00044824
  95    0.0000007  -0.00001495
  96    0.0000008  -0.00001757
  97    0.0000006  -0.00001498
  98    0.0000023  -0.00001308
  99    0.0001147  -0.00032465
 100    0.0001252  -0.00036895
 101    0.0001028  -0.00034287
 102    0.0000321  -0.00008623
 103    0.0000071  -0.00003521
 104    0.0000965  -0.00027931
 105    0.0001207  -0.00033485
 106    0.0000999  -0.00026705
 107    0.0000005  -0.00001193
 108    0.0000006  -0.00001429
 109    0.0000005  -0.00001247
 110    0.0000021  -0.00001030
 111    0.0000682  -0.00022900
 112    0.0000691  -0.00021257
 113    0.0000789  -0.00022071
 114    0.0000283  -0.00009447
 115    0.0000055  -0.00003344
 116    0.0000830  -0.00026213
 117    0.0001092  -0.00033214
 118    0.0000653  -0.00025057
 119    0.0000004  -0.00000692
 120    0.0000005  -0.00001268
 121    0.0000005  -0.00000879
 122    0.0000017  -0.00001097
 123    0.0000401  -0.00014875
 124    0.0000276  -0.00012178
 125    0.0000735  -0.00023618
 126    0.0000206  -0.00007364
 127    0.0000052  -0.00003064
 128    0.0000336  -0.00011460
 129    0.0000876  -0.00026350
 130    0.0000489  -0.00013644
 131    0.0000004  -0.00000581
 132    0.0000004  -0.00000343
 133    0.0000004  -0.00000390
 134    0.0000015  -0.00000951
 135    0.0000221  -0.00009541
 136    0.0000205  -0.00009460
 137    0.0000259  -0.00010305
 138    0.0000192  -0.00006037
 139    0.0000035  -0.00002563
 140    0.0000176  -0.00008979
 141    0.0000509  -0.00015711
 142    0.0000229  -0.00009961
 143    0.0000004  -0.00000462
 144    0.0000003  -0.00000348
 145    0.0000004  -0.00000355
 146    0.0000013  -0.00000835
 147    0.0000131  -0.00006461
 148    0.0000123  -0.00005780
 149    0.0000145  -0.00006801
 150    0.0000143  -0.00006081
 151    0.0000033  -0.00002461
 152    0.0000155  -0.00007740
 153    0.0000326  -0.00011741
 154    0.0000155  -0.00007642
 155    0.0000003  -0.00000232
 156    0.0000003  -0.00000209
 157    0.0000004  -0.00000260
 158    0.0000012  -0.00000707
 159    0.0000118  -0.00005691
 160    0.0000102  -0.00005027
 161    0.0000127  -0.00006231
 162    0.0000074  -0.00003720
 163    0.0000032  -0.00002010
 164    0.0000145  -0.00006433
 165    0.0000154  -0.00007691
 166    0.0000132  -0.00006411
 167    0.0000003  -0.00000137
 168    0.0000003  -0.00000116
 169    0.0000003  -0.00000171
 170    0.0000012  -0.00000708
 171    0.0000099  -0.00004574
 172    0.0000099  -0.00004780
 173    0.0000117  -0.00005996
 174    0.0000071  -0.00003644
 175    0.0000028  -0.00001963
 176    0.0000127  -0.00005699
 177    0.0000130  -0.00006698
 178    0.0000116  -0.00005521
 179    0.0000003  -0.00000089
 180    0.0000002  -0.00000093
 181    0.0000003  -0.00000123
 182    0.0000011  -0.00000534
 183    0.0000079  -0.00004095
 184    0.0000088  -0.00003967
 185    0.0000108  -0.00005558
 186    0.0000059  -0.00003001
 187    0.0000025  -0.00001867
 188    0.0000106  -0.00005037
 189    0.0000112  -0.00005756
 190    0.0000109  -0.00005193
 191    0.0000002  -0.00001525
 192    0.0000002  -0.00001616
 193    0.0000002  -0.00001789
 
----------------
 Final Energies 
----------------
Final NOF Total Energy =    -225.4394200
 
Total Orbital Internal Iterations = 365
Total Occupation Internal Iterations = 245
 
Elapsed time:  460.63 Seconds

---------------------------------
   Lowdin Population Analysis    
---------------------------------
 Idx  Atom   Population   Charge 
---------------------------------
  1     O     8.000      -0.000
  2     O     7.967       0.033
  3     O     7.637       0.363
  4     H     1.395      -0.395

---------------------------------
   M Diagnostic: 0.23
---------------------------------

Recovering execution output...
Moving from /scratch/pobleyef/283903 to /home-nas/pobleyef/Poison-NOF/ncwomax/P30-5/PNOF7/arina.283903
mkdir -p /home-nas/pobleyef/Poison-NOF/ncwomax/P30-5/PNOF7/arina.283903
mv /scratch/pobleyef/283903/* /home-nas/pobleyef/Poison-NOF/ncwomax/P30-5/PNOF7/arina.283903
