W4-11_134_fo2
/software/eb2024/easybuild/software/common/software/Julia/1.11.3-linux-x86_64/bin/julia
Job runing on nh044
Choosing scratch ...
Automatic scratch folder selection
/scratch/pobleyef/168334
/scratch/pobleyef/168334 directory
cp W4-11_134_fo2.jl W4-11_134_fo2.jld2 to  /scratch/pobleyef/168334/.
Computing Integrals
Elapsed time:    6.46 Seconds

Number of basis functions                   (NBF)    = 171
Number of auxiliary basis functions         (NBFAUX) = 231
Inactive Doubly occupied orbitals up to     (NO1)    = 0
No. considered Strongly Doubly occupied MOs (NDOC)   = 12
No. considered Strongly Singly occupied MOs (NSOC)   = 1
NO. of Weakly occ. per St. Doubly occ.  MOs (NCWO)   = 13
Dimension of the Nat. Orb. subspace         (NBF5)   = 169
No. of electrons                                     = 25
    No. of alpha electrons                           = 13
    No. of beta electrons                            = 12
Multiplicity                                         = 2

Geometry
========
 F      -1.0111950      -0.7062760       0.0000000
 O       0.0000000       0.5752150       0.0000000
 O       1.1375950       0.2193450       0.0000000

No violations of the orthonormality
No violations of the orthonormality
 
PNOF7/ADABelief Calculation
==================
 
  Nitext  Nit_orb  Time   Nit_occ  Time         Eelec          Etot           Ediff      maxdiff    MaxGrad_orb  Grad_occ
     1      10    3.0e+01   91    3.9e+01  -316.78873015  -248.75073002 -10315.78873015   0.001854   7.4e-03   2.8e-04 0.36
     2      20    3.2e+00   94    3.0e+00  -317.37935185  -249.34135173    -0.59062170   0.744182   3.0e+00   1.9e-04 0.39
     3      20    3.1e+00   36    1.2e+00  -317.44546299  -249.40746286    -0.06611114   0.009437   3.8e-02   2.1e-04 0.40
     4      20    3.2e+00   18    6.1e-01  -317.45375365  -249.41575352    -0.00829066   0.030782   1.2e-01   2.5e-04 0.41
     5      20    3.2e+00   18    6.4e-01  -317.45770330  -249.41970317    -0.00394965   0.025972   1.0e-01   2.7e-04 0.41
     6      20    3.3e+00   27    9.9e-01  -317.45931446  -249.42131433    -0.00161115   0.024341   9.7e-02   1.8e-04 0.41
     7      20    3.2e+00   14    4.9e-01  -317.46184838  -249.42384825    -0.00253393   0.022662   9.1e-02   2.0e-04 0.41
     8      20    3.2e+00   18    6.4e-01  -317.46308961  -249.42508948    -0.00124122   0.021671   8.7e-02   2.4e-04 0.41
     9      20    3.2e+00    8    4.4e-01  -317.46391207  -249.42591194    -0.00082247   0.019671   7.9e-02   2.8e-04 0.41
    10      20    3.2e+00   10    3.9e-01  -317.46469022  -249.42669009    -0.00077815   0.019992   8.0e-02   2.4e-04 0.41
    11      20    3.1e+00    0    2.0e-01  -317.46484024  -249.42684011    -0.00015002   0.019992   8.0e-02   2.4e-04 0.41
    12      40    6.3e+00   20    7.3e-01  -317.46844994  -249.43044981    -0.00360970   0.003226   1.3e-02   1.6e-04 0.41
    13      40    6.3e+00   10    3.9e-01  -317.46874877  -249.43074865    -0.00029884   0.003405   1.4e-02   2.1e-04 0.41
    14      40    6.5e+00   10    4.8e-01  -317.46891763  -249.43091750    -0.00016886   0.003278   1.3e-02   2.2e-04 0.41
    15      40    6.3e+00    3    2.3e-01  -317.46900526  -249.43100513    -0.00008763   0.003806   1.5e-02   2.5e-04 0.41
    16      40    6.2e+00    0    6.0e-02  -317.46904055  -249.43104042    -0.00003529   0.003368   1.3e-02   2.8e-04 0.41
    17      50    7.9e+00    0    6.8e-02  -317.46910368  -249.43110355    -0.00006313   0.002752   1.1e-02   2.8e-04 0.41
    18      60    9.3e+00    0    6.8e-02  -317.46913015  -249.43113002    -0.00002647   0.002116   8.5e-03   2.9e-04 0.41
    19      70    1.1e+01    0    6.2e-02  -317.46914249  -249.43114236    -0.00001234   0.001714   6.9e-03   2.9e-04 0.41
    20      80    1.3e+01    0    5.7e-02  -317.46915262  -249.43115249    -0.00001013   0.001340   5.4e-03   3.0e-04 0.41
    21      90    1.4e+01    0    1.1e-01  -317.46915932  -249.43115919    -0.00000670   0.001118   4.5e-03   2.9e-04 0.41
    22     100    1.6e+01    0    6.8e-02  -317.46916191  -249.43116178    -0.00000259   0.000951   3.8e-03   3.1e-04 0.41
 
RESULTS OF THE OCCUPATION OPTIMIZATION
========================================
   1    1.9997986  -26.36545701
   2    1.9996833  -20.74953215
   3    1.9997027  -20.70310328
   4    1.9540112  -1.15700984
   5    1.9842973  -1.04039847
   6    1.9843800  -1.03174968
   7    1.9842568  -1.02410906
   8    1.9793781  -1.01961987
   9    1.9793744  -1.01522838
  10    1.9782165  -0.99022666
  11    1.9794094  -0.98249071
  12    1.5871333  -0.59484578
  13    1.0000000  -0.32460992
  14    0.4128195  -0.18811221
  15    0.0131113  -0.01154077
  16    0.0135404  -0.01158938
  17    0.0136575  -0.01113963
  18    0.0136417  -0.01108704
  19    0.0105762  -0.01298631
  20    0.0105581  -0.01304071
  21    0.0104506  -0.01296969
  22    0.0427569  -0.04359113
  23    0.0002352  -0.00776567
  24    0.0002376  -0.00781288
  25    0.0001648  -0.00714257
  26    0.0000158  -0.00000850
  27    0.0031683  -0.00390602
  28    0.0035414  -0.00385410
  29    0.0030011  -0.00372779
  30    0.0031191  -0.00375075
  31    0.0022420  -0.00404086
  32    0.0022481  -0.00408285
  33    0.0022366  -0.00399675
  34    0.0024331  -0.00410667
  35    0.0000387  -0.00089318
  36    0.0000382  -0.00088664
  37    0.0000298  -0.00086133
  38    0.0000097  -0.00001772
  39    0.0024611  -0.00354779
  40    0.0023405  -0.00333609
  41    0.0022848  -0.00304773
  42    0.0019773  -0.00279620
  43    0.0021043  -0.00389619
  44    0.0019808  -0.00377225
  45    0.0020513  -0.00379638
  46    0.0003423  -0.00085988
  47    0.0000121  -0.00034078
  48    0.0000280  -0.00065028
  49    0.0000028  -0.00020029
  50    0.0000052  -0.00002084
  51    0.0007754  -0.00142602
  52    0.0008661  -0.00151669
  53    0.0007971  -0.00137901
  54    0.0007102  -0.00130313
  55    0.0003821  -0.00100480
  56    0.0003381  -0.00095971
  57    0.0003833  -0.00099384
  58    0.0002891  -0.00077670
  59    0.0000051  -0.00027452
  60    0.0000054  -0.00028113
  61    0.0000008  -0.00002158
  62    0.0000048  -0.00001979
  63    0.0003722  -0.00077033
  64    0.0006360  -0.00126758
  65    0.0002954  -0.00066988
  66    0.0004166  -0.00076532
  67    0.0001459  -0.00048202
  68    0.0001442  -0.00049293
  69    0.0001425  -0.00048143
  70    0.0000758  -0.00023761
  71    0.0000014  -0.00003066
  72    0.0000027  -0.00008630
  73    0.0000006  -0.00001914
  74    0.0000032  -0.00001795
  75    0.0002722  -0.00064342
  76    0.0002685  -0.00061945
  77    0.0002408  -0.00056658
  78    0.0002611  -0.00058419
  79    0.0000966  -0.00034855
  80    0.0001301  -0.00041554
  81    0.0001347  -0.00042886
  82    0.0000419  -0.00017812
  83    0.0000010  -0.00002595
  84    0.0000010  -0.00002548
  85    0.0000005  -0.00001451
  86    0.0000025  -0.00001639
  87    0.0001371  -0.00036735
  88    0.0002506  -0.00056942
  89    0.0001225  -0.00036827
  90    0.0002197  -0.00053672
  91    0.0000827  -0.00029729
  92    0.0000883  -0.00030318
  93    0.0001217  -0.00037427
  94    0.0000122  -0.00005450
  95    0.0000008  -0.00002209
  96    0.0000008  -0.00002014
  97    0.0000004  -0.00001525
  98    0.0000023  -0.00001577
  99    0.0001106  -0.00035430
 100    0.0001191  -0.00031416
 101    0.0001004  -0.00028698
 102    0.0001127  -0.00029606
 103    0.0000623  -0.00022663
 104    0.0000627  -0.00026355
 105    0.0000925  -0.00030564
 106    0.0000093  -0.00004794
 107    0.0000008  -0.00001775
 108    0.0000007  -0.00001636
 109    0.0000004  -0.00001364
 110    0.0000009  -0.00000984
 111    0.0000870  -0.00020716
 112    0.0001095  -0.00029798
 113    0.0000496  -0.00021332
 114    0.0000944  -0.00028867
 115    0.0000152  -0.00009460
 116    0.0000247  -0.00011800
 117    0.0000470  -0.00023082
 118    0.0000087  -0.00004606
 119    0.0000006  -0.00001594
 120    0.0000006  -0.00001740
 121    0.0000003  -0.00000833
 122    0.0000008  -0.00000989
 123    0.0000436  -0.00016733
 124    0.0000506  -0.00019998
 125    0.0000341  -0.00012337
 126    0.0000257  -0.00011628
 127    0.0000119  -0.00008755
 128    0.0000189  -0.00010008
 129    0.0000170  -0.00009863
 130    0.0000073  -0.00004352
 131    0.0000005  -0.00001362
 132    0.0000006  -0.00001211
 133    0.0000003  -0.00000625
 134    0.0000007  -0.00000880
 135    0.0000224  -0.00009601
 136    0.0000297  -0.00010992
 137    0.0000180  -0.00007960
 138    0.0000180  -0.00007874
 139    0.0000085  -0.00005616
 140    0.0000110  -0.00006419
 141    0.0000116  -0.00008175
 142    0.0000053  -0.00003597
 143    0.0000005  -0.00000925
 144    0.0000005  -0.00000977
 145    0.0000003  -0.00000774
 146    0.0000007  -0.00000717
 147    0.0000161  -0.00007970
 148    0.0000187  -0.00008072
 149    0.0000130  -0.00005751
 150    0.0000139  -0.00006872
 151    0.0000080  -0.00005058
 152    0.0000078  -0.00004501
 153    0.0000077  -0.00004735
 154    0.0000040  -0.00003340
 155    0.0000004  -0.00000729
 156    0.0000004  -0.00000771
 157    0.0000002  -0.00001266
 158    0.0000004  -0.00000337
 159    0.0000132  -0.00005714
 160    0.0000125  -0.00006045
 161    0.0000116  -0.00005011
 162    0.0000113  -0.00005390
 163    0.0000072  -0.00004410
 164    0.0000072  -0.00004477
 165    0.0000061  -0.00004239
 166    0.0000029  -0.00002662
 167    0.0000002  -0.00002084
 168    0.0000003  -0.00002143
 169    0.0000000  -0.00000431
 
----------------
 Final Energies 
----------------
Final NOF Total Energy =    -249.4311618
 
Total Orbital Internal Iterations = 860
Total Occupation Internal Iterations = 377
 
Elapsed time:  239.22 Seconds

---------------------------------
   Lowdin Population Analysis    
---------------------------------
 Idx  Atom   Population   Charge 
---------------------------------
  1     F     9.012      -0.012
  2     O     8.005      -0.005
  3     O     7.982       0.018

---------------------------------
   M Diagnostic: 0.41
---------------------------------

Recovering execution output...
Moving from /scratch/pobleyef/168334 to /home-nas/pobleyef/Poison-Set/ncwomax/P30-5/PNOF7/arina.168334
mkdir -p /home-nas/pobleyef/Poison-Set/ncwomax/P30-5/PNOF7/arina.168334
mv /scratch/pobleyef/168334/* /home-nas/pobleyef/Poison-Set/ncwomax/P30-5/PNOF7/arina.168334
