W4-11_136_foof
/software/eb2024/easybuild/software/common/software/Julia/1.11.3-linux-x86_64/bin/julia
Job runing on nh031
Choosing scratch ...
Automatic scratch folder selection
/scratch/pobleyef/204785
/scratch/pobleyef/204785 directory
cp W4-11_136_foof.jl W4-11_136_foof.jld2 to  /scratch/pobleyef/204785/.
Computing Integrals
Elapsed time:    6.07 Seconds

Number of basis functions                   (NBF)    = 120
Number of auxiliary basis functions         (NBFAUX) = 316
Inactive Doubly occupied orbitals up to     (NO1)    = 0
No. considered Strongly Doubly occupied MOs (NDOC)   = 17
No. considered Strongly Singly occupied MOs (NSOC)   = 0
NO. of Weakly occ. per St. Doubly occ.  MOs (NCWO)   = 6
Dimension of the Nat. Orb. subspace         (NBF5)   = 119
No. of electrons                                     = 34
    No. of alpha electrons                           = 17
    No. of beta electrons                            = 17
Multiplicity                                         = 1

Geometry
========
 F       0.5557100       1.3844340      -0.4939860
 O       0.5557100       0.2681810       0.5557340
 O      -0.5557100      -0.2681810       0.5557340
 F      -0.5557100      -1.3844340      -0.4939860

No violations of the orthonormality
No violations of the orthonormality
 
PNOF7/ADABelief Calculation
==================
 
  Nitext  Nit_orb  Time   Nit_occ  Time         Eelec          Etot           Ediff      maxdiff    MaxGrad_orb  Grad_occ
     1      10    2.9e+01    0    3.3e+01  -474.22428100  -348.83648909 -10473.22428100   0.000463   1.9e-03   1.9e-04 0.29
 
RESULTS OF THE OCCUPATION OPTIMIZATION
========================================
   1    1.9998789  -26.36922548
   2    1.9999000  -26.36817132
   3    1.9998034  -20.74360477
   4    1.9998047  -20.74279171
   5    1.9852577  -1.06186952
   6    1.9872482  -1.05090353
   7    1.9857348  -1.04648196
   8    1.9864178  -1.03771778
   9    1.9864842  -1.03700600
  10    1.9431664  -1.03683363
  11    1.9867480  -1.02411783
  12    1.9862095  -1.02363902
  13    1.9864544  -1.01455290
  14    1.9843621  -1.00986706
  15    1.9843422  -1.00875849
  16    1.7133105  -0.66769405
  17    1.7152253  -0.66701862
  18    0.2846446  -0.14393126
  19    0.2865583  -0.14476404
  20    0.0104959  -0.01042044
  21    0.0107951  -0.01055570
  22    0.0098807  -0.01240878
  23    0.0097856  -0.01234226
  24    0.0097456  -0.01233323
  25    0.0545337  -0.04795467
  26    0.0095585  -0.01220114
  27    0.0095919  -0.01223638
  28    0.0099497  -0.01018100
  29    0.0098687  -0.01239664
  30    0.0093733  -0.00982119
  31    0.0001393  -0.00329515
  32    0.0001395  -0.00331250
  33    0.0000947  -0.00269548
  34    0.0000920  -0.00265778
  35    0.0000422  -0.00013483
  36    0.0000435  -0.00012800
  37    0.0021284  -0.00324017
  38    0.0022260  -0.00340870
  39    0.0018166  -0.00356959
  40    0.0018296  -0.00357926
  41    0.0018349  -0.00359990
  42    0.0018625  -0.00296317
  43    0.0018325  -0.00349574
  44    0.0018710  -0.00356310
  45    0.0018693  -0.00305652
  46    0.0018150  -0.00359818
  47    0.0020434  -0.00306449
  48    0.0000285  -0.00062188
  49    0.0000269  -0.00059646
  50    0.0000018  -0.00005553
  51    0.0000233  -0.00066587
  52    0.0000284  -0.00008973
  53    0.0000274  -0.00009357
  54    0.0019858  -0.00324040
  55    0.0015296  -0.00264127
  56    0.0014141  -0.00298436
  57    0.0017765  -0.00352550
  58    0.0012269  -0.00271510
  59    0.0001741  -0.00047768
  60    0.0017204  -0.00350438
  61    0.0017118  -0.00344956
  62    0.0015034  -0.00263225
  63    0.0005914  -0.00158457
  64    0.0017721  -0.00303371
  65    0.0000224  -0.00051407
  66    0.0000250  -0.00055226
  67    0.0000014  -0.00004782
  68    0.0000022  -0.00006188
  69    0.0000229  -0.00008222
  70    0.0000247  -0.00008505
  71    0.0006493  -0.00135736
  72    0.0007192  -0.00144730
  73    0.0002194  -0.00074872
  74    0.0002284  -0.00076427
  75    0.0002155  -0.00073911
  76    0.0001671  -0.00046015
  77    0.0002207  -0.00074953
  78    0.0002253  -0.00075181
  79    0.0005223  -0.00120041
  80    0.0002121  -0.00074376
  81    0.0008312  -0.00164950
  82    0.0000022  -0.00003910
  83    0.0000028  -0.00004848
  84    0.0000009  -0.00002585
  85    0.0000014  -0.00004184
  86    0.0000184  -0.00007829
  87    0.0000191  -0.00008139
  88    0.0001994  -0.00057125
  89    0.0002065  -0.00059135
  90    0.0001306  -0.00049414
  91    0.0000990  -0.00039339
  92    0.0001382  -0.00049773
  93    0.0000535  -0.00019042
  94    0.0001013  -0.00039448
  95    0.0000995  -0.00039035
  96    0.0002213  -0.00063089
  97    0.0001708  -0.00059148
  98    0.0005202  -0.00119963
  99    0.0000016  -0.00003120
 100    0.0000013  -0.00002608
 101    0.0000006  -0.00001953
 102    0.0000013  -0.00003110
 103    0.0000180  -0.00007235
 104    0.0000164  -0.00007519
 105    0.0001990  -0.00056891
 106    0.0001614  -0.00051342
 107    0.0000843  -0.00034110
 108    0.0000714  -0.00028459
 109    0.0000909  -0.00035802
 110    0.0000427  -0.00016526
 111    0.0000825  -0.00033061
 112    0.0000827  -0.00032991
 113    0.0001992  -0.00057932
 114    0.0000938  -0.00038227
 115    0.0002019  -0.00059792
 116    0.0000013  -0.00002696
 117    0.0000012  -0.00002420
 118    0.0000006  -0.00001361
 119    0.0000009  -0.00001933
 
----------------
 Final Energies 
----------------
Final NOF Total Energy =    -348.8364891
 
Total Orbital Internal Iterations = 10
Total Occupation Internal Iterations = 0
 
Elapsed time:   82.01 Seconds

---------------------------------
   Lowdin Population Analysis    
---------------------------------
 Idx  Atom   Population   Charge 
---------------------------------
  1     F     9.041      -0.041
  2     O     7.957       0.043
  3     O     7.954       0.046
  4     F     9.047      -0.047

---------------------------------
   M Diagnostic: 0.29
---------------------------------

Recovering execution output...
Moving from /scratch/pobleyef/204785 to /home-nas/pobleyef/Poison-NOF/ncwomax/P30-5/PNOF7/arina.204785
mkdir -p /home-nas/pobleyef/Poison-NOF/ncwomax/P30-5/PNOF7/arina.204785
mv /scratch/pobleyef/204785/* /home-nas/pobleyef/Poison-NOF/ncwomax/P30-5/PNOF7/arina.204785
