Computing Integrals
Basis Set                                            = def2-qzvp
Auxiliary Basis Set                                  = def2-universal-jkfit
Gaussian Type                                        = Spherical
Elapsed time:    2.48 Seconds

Number of basis functions                   (NBF)    = 114
Number of auxiliary basis functions         (NBFAUX) = 152
Inactive Doubly occupied orbitals up to     (NO1)    = 0
No. considered Strongly Doubly occupied MOs (NDOC)   = 5
No. considered Strongly Singly occupied MOs (NSOC)   = 2
NO. of Weakly occ. per St. Doubly occ.  MOs (NCWO)   = 21
Dimension of the Nat. Orb. subspace         (NBF5)   = 112
No. of electrons                                     = 12
    No. of alpha electrons                           = 7
    No. of beta electrons                            = 5
Multiplicity                                         = 3

Geometry
========
 B       0.0000000       0.0000000      -0.7759500
 N       0.0000000       0.0000000       0.5542500

No violations of the orthonormality
No violations of the orthonormality
 
PNOF7/ADABelief Calculation
==================
 
  Nitext  Nit_orb  Time   Nit_occ  Time         Eelec          Etot           Ediff      maxdiff    MaxGrad_orb  Grad_occ
     1      10    3.0e+01    0    2.3e+01   -93.15703493   -79.23344119 -10092.15703493   0.000482   1.9e-03   1.5e-04 0.18
 
RESULTS OF THE OCCUPATION OPTIMIZATION
========================================
   1    1.9995084  -15.62788440
   2    1.9987675  -7.65731062
   3    1.9603987  -1.11144790
   4    1.8782844  -0.57918086
   5    1.8058783  -0.46345355
   6    1.0000000  -0.29514453
   7    1.0000000  -0.28054701
   8    0.1751826  -0.06489988
   9    0.0971848  -0.04085113
  10    0.0210975  -0.01702471
  11    0.0008398  -0.00980632
  12    0.0003426  -0.00838494
  13    0.0060308  -0.00420559
  14    0.0174949  -0.01087699
  15    0.0043739  -0.00480316
  16    0.0001253  -0.00110383
  17    0.0000460  -0.00079436
  18    0.0059504  -0.00371690
  19    0.0020027  -0.00192632
  20    0.0042521  -0.00464126
  21    0.0001244  -0.00116302
  22    0.0000424  -0.00073656
  23    0.0055851  -0.00391458
  24    0.0018416  -0.00170758
  25    0.0029974  -0.00338237
  26    0.0000999  -0.00086835
  27    0.0000391  -0.00071506
  28    0.0005088  -0.00049532
  29    0.0008001  -0.00083854
  30    0.0027680  -0.00289048
  31    0.0000201  -0.00049735
  32    0.0000084  -0.00036995
  33    0.0002406  -0.00031288
  34    0.0005584  -0.00073707
  35    0.0011874  -0.00160511
  36    0.0000023  -0.00003264
  37    0.0000021  -0.00004005
  38    0.0001611  -0.00017744
  39    0.0005255  -0.00070598
  40    0.0011198  -0.00154881
  41    0.0000023  -0.00002632
  42    0.0000016  -0.00003275
  43    0.0001021  -0.00015525
  44    0.0003736  -0.00057175
  45    0.0002935  -0.00053753
  46    0.0000018  -0.00003950
  47    0.0000012  -0.00002141
  48    0.0000841  -0.00012979
  49    0.0002564  -0.00040838
  50    0.0002755  -0.00048309
  51    0.0000017  -0.00003735
  52    0.0000009  -0.00001566
  53    0.0000619  -0.00010643
  54    0.0001805  -0.00028849
  55    0.0002482  -0.00045155
  56    0.0000016  -0.00001788
  57    0.0000009  -0.00001527
  58    0.0000526  -0.00009982
  59    0.0001306  -0.00022618
  60    0.0002282  -0.00044678
  61    0.0000015  -0.00001558
  62    0.0000008  -0.00002034
  63    0.0000400  -0.00006203
  64    0.0000838  -0.00015517
  65    0.0002221  -0.00040783
  66    0.0000014  -0.00001485
  67    0.0000007  -0.00000787
  68    0.0000218  -0.00003455
  69    0.0000647  -0.00012970
  70    0.0002010  -0.00038642
  71    0.0000013  -0.00001451
  72    0.0000006  -0.00000775
  73    0.0000204  -0.00003362
  74    0.0000582  -0.00011775
  75    0.0000951  -0.00025526
  76    0.0000013  -0.00001492
  77    0.0000006  -0.00000609
  78    0.0000164  -0.00003321
  79    0.0000462  -0.00010785
  80    0.0000810  -0.00017990
  81    0.0000012  -0.00001439
  82    0.0000006  -0.00000739
  83    0.0000136  -0.00003138
  84    0.0000242  -0.00007298
  85    0.0000597  -0.00013455
  86    0.0000012  -0.00001085
  87    0.0000006  -0.00000615
  88    0.0000116  -0.00003365
  89    0.0000222  -0.00006208
  90    0.0000252  -0.00008217
  91    0.0000012  -0.00001230
  92    0.0000005  -0.00000192
  93    0.0000108  -0.00002600
  94    0.0000205  -0.00005194
  95    0.0000244  -0.00007534
  96    0.0000011  -0.00001046
  97    0.0000005  -0.00000178
  98    0.0000095  -0.00002603
  99    0.0000167  -0.00004923
 100    0.0000203  -0.00006320
 101    0.0000011  -0.00000860
 102    0.0000005  -0.00000086
 103    0.0000091  -0.00002619
 104    0.0000153  -0.00005633
 105    0.0000162  -0.00005770
 106    0.0000011  -0.00001250
 107    0.0000005  -0.00000133
 108    0.0000082  -0.00002702
 109    0.0000148  -0.00003898
 110    0.0000146  -0.00005580
 111    0.0000009  -0.00000825
 112    0.0000004  -0.00002057
 
----------------
 Final Energies 
----------------
Final NOF Total Energy =     -79.2334412
 
Total Orbital Internal Iterations = 10
Total Occupation Internal Iterations = 0
 
Elapsed time:   67.23 Seconds

---------------------------------
   Lowdin Population Analysis    
---------------------------------
 Idx  Atom   Population   Charge 
---------------------------------
  1     B     5.287      -0.287
  2     N     6.713       0.287

---------------------------------
   M Diagnostic: 0.18
---------------------------------

