Computing Integrals
Basis Set                                            = def2-qzvp
Auxiliary Basis Set                                  = def2-universal-jkfit
Gaussian Type                                        = Spherical
Elapsed time:    2.68 Seconds

Number of basis functions                   (NBF)    = 114
Number of auxiliary basis functions         (NBFAUX) = 152
Inactive Doubly occupied orbitals up to     (NO1)    = 0
No. considered Strongly Doubly occupied MOs (NDOC)   = 6
No. considered Strongly Singly occupied MOs (NSOC)   = 0
NO. of Weakly occ. per St. Doubly occ.  MOs (NCWO)   = 18
Dimension of the Nat. Orb. subspace         (NBF5)   = 114
No. of electrons                                     = 12
    No. of alpha electrons                           = 6
    No. of beta electrons                            = 6
Multiplicity                                         = 1

Geometry
========
 B       0.0000000       0.0000000      -0.7484170
 N       0.0000000       0.0000000       0.5345830

No violations of the orthonormality
No violations of the orthonormality
 
PNOF7/ADABelief Calculation
==================
 
  Nitext  Nit_orb  Time   Nit_occ  Time         Eelec          Etot           Ediff      maxdiff    MaxGrad_orb  Grad_occ
     1      10    2.2e+01    0    2.6e+01   -93.63936445   -79.20353873 -10092.63936445   0.000486   1.9e-03   1.8e-04 0.67
 
RESULTS OF THE OCCUPATION OPTIMIZATION
========================================
   1    1.9994961  -15.62353376
   2    1.9987517  -7.65599905
   3    1.9647643  -1.11866404
   4    1.8369095  -0.49088118
   5    1.8279500  -0.48222427
   6    1.3295801  -0.41041634
   7    0.6692067  -0.22104993
   8    0.1574186  -0.06143704
   9    0.1442562  -0.05779269
  10    0.0191239  -0.01554211
  11    0.0008557  -0.00988892
  12    0.0003376  -0.00831149
  13    0.0008249  -0.00066889
  14    0.0071955  -0.00475821
  15    0.0071028  -0.00480586
  16    0.0045955  -0.00493881
  17    0.0001463  -0.00141400
  18    0.0000514  -0.00090613
  19    0.0001228  -0.00016526
  20    0.0046652  -0.00337978
  21    0.0058029  -0.00403597
  22    0.0041532  -0.00451462
  23    0.0001046  -0.00090455
  24    0.0000503  -0.00086536
  25    0.0001189  -0.00016384
  26    0.0009541  -0.00094380
  27    0.0035788  -0.00268644
  28    0.0031344  -0.00359141
  29    0.0001029  -0.00089021
  30    0.0000465  -0.00081265
  31    0.0000418  -0.00007454
  32    0.0005587  -0.00065915
  33    0.0010452  -0.00092918
  34    0.0012090  -0.00164511
  35    0.0000209  -0.00049977
  36    0.0000079  -0.00035410
  37    0.0000209  -0.00002874
  38    0.0003804  -0.00046377
  39    0.0004917  -0.00055164
  40    0.0011961  -0.00159852
  41    0.0000031  -0.00005700
  42    0.0000018  -0.00003383
  43    0.0000132  -0.00002089
  44    0.0002531  -0.00036397
  45    0.0002255  -0.00034079
  46    0.0004381  -0.00075720
  47    0.0000022  -0.00002633
  48    0.0000016  -0.00003171
  49    0.0000118  -0.00002229
  50    0.0002187  -0.00032451
  51    0.0002139  -0.00033163
  52    0.0002726  -0.00051951
  53    0.0000017  -0.00004225
  54    0.0000011  -0.00002040
  55    0.0000097  -0.00002096
  56    0.0001584  -0.00027727
  57    0.0001029  -0.00015555
  58    0.0002515  -0.00046406
  59    0.0000015  -0.00001838
  60    0.0000009  -0.00001807
  61    0.0000081  -0.00002224
  62    0.0000641  -0.00010128
  63    0.0000704  -0.00011011
  64    0.0002279  -0.00044717
  65    0.0000014  -0.00001568
  66    0.0000007  -0.00001302
  67    0.0000081  -0.00001773
  68    0.0000498  -0.00009491
  69    0.0000533  -0.00011484
  70    0.0002265  -0.00044253
  71    0.0000014  -0.00001553
  72    0.0000007  -0.00001907
  73    0.0000063  -0.00002553
  74    0.0000393  -0.00008962
  75    0.0000436  -0.00009984
  76    0.0001304  -0.00031419
  77    0.0000012  -0.00001179
  78    0.0000006  -0.00000683
  79    0.0000057  -0.00001844
  80    0.0000209  -0.00005541
  81    0.0000293  -0.00005470
  82    0.0001193  -0.00027488
  83    0.0000011  -0.00001169
  84    0.0000006  -0.00000242
  85    0.0000055  -0.00002019
  86    0.0000178  -0.00004467
  87    0.0000199  -0.00004796
  88    0.0000650  -0.00015403
  89    0.0000010  -0.00001198
  90    0.0000005  -0.00000571
  91    0.0000048  -0.00001315
  92    0.0000167  -0.00004780
  93    0.0000182  -0.00004625
  94    0.0000277  -0.00008544
  95    0.0000010  -0.00000824
  96    0.0000005  -0.00000086
  97    0.0000046  -0.00001943
  98    0.0000148  -0.00004019
  99    0.0000141  -0.00004077
 100    0.0000242  -0.00008272
 101    0.0000009  -0.00001057
 102    0.0000005  -0.00000233
 103    0.0000033  -0.00000840
 104    0.0000128  -0.00004050
 105    0.0000112  -0.00002985
 106    0.0000213  -0.00007036
 107    0.0000008  -0.00000586
 108    0.0000004  -0.00000444
 109    0.0000026  -0.00000306
 110    0.0000111  -0.00003388
 111    0.0000105  -0.00003017
 112    0.0000191  -0.00006656
 113    0.0000007  -0.00000577
 114    0.0000003  -0.00001256
 
----------------
 Final Energies 
----------------
Final NOF Total Energy =     -79.2035387
 
Total Orbital Internal Iterations = 10
Total Occupation Internal Iterations = 0
 
Elapsed time:   62.38 Seconds

---------------------------------
   Lowdin Population Analysis    
---------------------------------
 Idx  Atom   Population   Charge 
---------------------------------
  1     B     5.357      -0.357
  2     N     6.643       0.357

---------------------------------
   M Diagnostic: 0.67
---------------------------------

