W4-11_46_alf3
/software/eb2024/easybuild/software/common/software/Julia/1.11.3-linux-x86_64/bin/julia
Job runing on nh005
Choosing scratch ...
Automatic scratch folder selection
/scratch/pobleyef/168340
/scratch/pobleyef/168340 directory
cp W4-11_46_alf3.jl W4-11_46_alf3.jld2 to  /scratch/pobleyef/168340/.
Computing Integrals
Elapsed time:    6.90 Seconds

Number of basis functions                   (NBF)    = 241
Number of auxiliary basis functions         (NBFAUX) = 359
Inactive Doubly occupied orbitals up to     (NO1)    = 0
No. considered Strongly Doubly occupied MOs (NDOC)   = 20
No. considered Strongly Singly occupied MOs (NSOC)   = 0
NO. of Weakly occ. per St. Doubly occ.  MOs (NCWO)   = 11
Dimension of the Nat. Orb. subspace         (NBF5)   = 240
No. of electrons                                     = 40
    No. of alpha electrons                           = 20
    No. of beta electrons                            = 20
Multiplicity                                         = 1

Geometry
========
Al       0.0000000       0.0000000       0.0000000
 F       0.0000000       1.6317660       0.0000000
 F       1.4131500      -0.8158830       0.0000000
 F      -1.4131500      -0.8158830       0.0000000

No violations of the orthonormality
No violations of the orthonormality
 
PNOF7/ADABelief Calculation
==================
 
  Nitext  Nit_orb  Time   Nit_occ  Time         Eelec          Etot           Ediff      maxdiff    MaxGrad_orb  Grad_occ
     1      10    3.1e+01   28    3.8e+01  -699.41740291  -540.09170956 -10698.41740291   0.000498   2.0e-03   2.7e-04 0.01
 
RESULTS OF THE OCCUPATION OPTIMIZATION
========================================
   1    1.9999490  -58.33208150
   2    1.9998386  -26.27920225
   3    1.9998386  -26.27896905
   4    1.9998390  -26.27890524
   5    1.9988037  -3.75512067
   6    1.9988063  -3.75494492
   7    1.9988006  -3.75453157
   8    1.9986140  -3.73073552
   9    1.9859352  -0.94040450
  10    1.9859660  -0.93996055
  11    1.9859250  -0.93967386
  12    1.9859954  -0.93955628
  13    1.9858360  -0.93883318
  14    1.9859104  -0.93834128
  15    1.9897033  -0.91656112
  16    1.9894684  -0.91262872
  17    1.9894900  -0.91241563
  18    1.9894925  -0.91232649
  19    1.9894637  -0.91217385
  20    1.9892486  -0.90890831
  21    0.0107049  -0.01313679
  22    0.0104852  -0.01295223
  23    0.0104045  -0.01289188
  24    0.0103994  -0.01290960
  25    0.0104253  -0.01290746
  26    0.0101732  -0.01271958
  27    0.0139488  -0.01602771
  28    0.0140303  -0.01607318
  29    0.0139607  -0.01606962
  30    0.0139191  -0.01604119
  31    0.0139950  -0.01608137
  32    0.0139948  -0.01607028
  33    0.0013589  -0.00693712
  34    0.0011782  -0.00625647
  35    0.0011728  -0.00624273
  36    0.0011791  -0.00625330
  37    0.0001601  -0.00719262
  38    0.0001603  -0.00719530
  39    0.0001603  -0.00719485
  40    0.0000506  -0.00591456
  41    0.0000083  -0.00003624
  42    0.0000116  -0.00003904
  43    0.0000460  -0.00014189
  44    0.0000362  -0.00011658
  45    0.0000386  -0.00015824
  46    0.0000284  -0.00008060
  47    0.0000751  -0.00019627
  48    0.0000570  -0.00021274
  49    0.0000138  -0.00007179
  50    0.0001106  -0.00027341
  51    0.0000159  -0.00007756
  52    0.0000296  -0.00010531
  53    0.0000068  -0.00006611
  54    0.0000055  -0.00005469
  55    0.0000053  -0.00005161
  56    0.0000032  -0.00002869
  57    0.0000001  -0.00000568
  58    0.0000002  -0.00000987
  59    0.0000001  -0.00000488
  60    0.0000001  -0.00000469
  61    0.0000066  -0.00002691
  62    0.0000064  -0.00001058
  63    0.0000129  -0.00003386
  64    0.0000187  -0.00005942
  65    0.0000172  -0.00005988
  66    0.0000274  -0.00009467
  67    0.0000176  -0.00007234
  68    0.0000484  -0.00016720
  69    0.0000073  -0.00003567
  70    0.0000088  -0.00003468
  71    0.0000052  -0.00002933
  72    0.0000124  -0.00004699
  73    0.0000064  -0.00006231
  74    0.0000036  -0.00003071
  75    0.0000034  -0.00002805
  76    0.0000022  -0.00001172
  77    0.0000001  -0.00000410
  78    0.0000001  -0.00000606
  79    0.0000001  -0.00000469
  80    0.0000000  -0.00000221
  81    0.0000063  -0.00002894
  82    0.0000063  -0.00002661
  83    0.0000123  -0.00003751
  84    0.0000178  -0.00005455
  85    0.0000120  -0.00004829
  86    0.0000172  -0.00005585
  87    0.0000124  -0.00004313
  88    0.0000065  -0.00003173
  89    0.0000057  -0.00003028
  90    0.0000088  -0.00003327
  91    0.0000051  -0.00002900
  92    0.0000068  -0.00003268
  93    0.0000026  -0.00001018
  94    0.0000025  -0.00001881
  95    0.0000024  -0.00001696
  96    0.0000022  -0.00001569
  97    0.0000001  -0.00000476
  98    0.0000001  -0.00000366
  99    0.0000001  -0.00000264
 100    0.0000000  -0.00000169
 101    0.0000055  -0.00001136
 102    0.0000060  -0.00002587
 103    0.0000075  -0.00002527
 104    0.0000091  -0.00003117
 105    0.0000110  -0.00004353
 106    0.0000172  -0.00005038
 107    0.0000087  -0.00000743
 108    0.0000060  -0.00002439
 109    0.0000051  -0.00002774
 110    0.0000077  -0.00003032
 111    0.0000033  -0.00000670
 112    0.0000060  -0.00002759
 113    0.0000025  -0.00001692
 114    0.0000022  -0.00001678
 115    0.0000022  -0.00001542
 116    0.0000021  -0.00000944
 117    0.0000001  -0.00000420
 118    0.0000001  -0.00000432
 119    0.0000001  -0.00000361
 120    0.0000000  -0.00000276
 121    0.0000055  -0.00002921
 122    0.0000056  -0.00002671
 123    0.0000069  -0.00000480
 124    0.0000081  -0.00002811
 125    0.0000089  -0.00000885
 126    0.0000107  -0.00003373
 127    0.0000087  -0.00003069
 128    0.0000059  -0.00002326
 129    0.0000048  -0.00001126
 130    0.0000071  -0.00002288
 131    0.0000032  -0.00000624
 132    0.0000052  -0.00001162
 133    0.0000025  -0.00000657
 134    0.0000022  -0.00000586
 135    0.0000022  -0.00001504
 136    0.0000021  -0.00000531
 137    0.0000001  -0.00000288
 138    0.0000001  -0.00000405
 139    0.0000001  -0.00000354
 140    0.0000000  -0.00000129
 141    0.0000050  -0.00001952
 142    0.0000055  -0.00002192
 143    0.0000068  -0.00002760
 144    0.0000079  -0.00000436
 145    0.0000080  -0.00003232
 146    0.0000094  -0.00000460
 147    0.0000070  -0.00002175
 148    0.0000048  -0.00000605
 149    0.0000031  -0.00001158
 150    0.0000066  -0.00001008
 151    0.0000021  -0.00000698
 152    0.0000045  -0.00000726
 153    0.0000024  -0.00001408
 154    0.0000020  -0.00001112
 155    0.0000016  -0.00000586
 156    0.0000020  -0.00001515
 157    0.0000001  -0.00000114
 158    0.0000001  -0.00000169
 159    0.0000001  -0.00000195
 160    0.0000000  -0.00000113
 161    0.0000050  -0.00000647
 162    0.0000052  -0.00000918
 163    0.0000050  -0.00001454
 164    0.0000064  -0.00002060
 165    0.0000061  -0.00001511
 166    0.0000069  -0.00000667
 167    0.0000061  -0.00000765
 168    0.0000014  -0.00000317
 169    0.0000011  -0.00001083
 170    0.0000018  -0.00001256
 171    0.0000012  -0.00001508
 172    0.0000016  -0.00000698
 173    0.0000010  -0.00000016
 174    0.0000009  -0.00000051
 175    0.0000011  -0.00000976
 176    0.0000011  -0.00001317
 177    0.0000001  -0.00000470
 178    0.0000001  -0.00000507
 179    0.0000001  -0.00000594
 180    0.0000000  -0.00000228
 181    0.0000017  -0.00000826
 182    0.0000016  -0.00001358
 183    0.0000019  -0.00000317
 184    0.0000023  -0.00000513
 185    0.0000016  -0.00001243
 186    0.0000025  -0.00001732
 187    0.0000021  -0.00000743
 188    0.0000014  -0.00000902
 189    0.0000011  -0.00000412
 190    0.0000017  -0.00000478
 191    0.0000011  -0.00000745
 192    0.0000014  -0.00000506
 193    0.0000010  0.00000023
 194    0.0000009  -0.00000021
 195    0.0000010  -0.00000014
 196    0.0000009  -0.00000912
 197    0.0000001  -0.00000318
 198    0.0000001  -0.00000433
 199    0.0000001  -0.00000383
 200    0.0000000  -0.00000255
 201    0.0000013  -0.00001044
 202    0.0000015  -0.00001336
 203    0.0000019  -0.00001119
 204    0.0000021  -0.00001064
 205    0.0000015  -0.00000093
 206    0.0000021  -0.00001123
 207    0.0000016  -0.00000827
 208    0.0000013  -0.00000209
 209    0.0000011  -0.00000364
 210    0.0000015  -0.00000158
 211    0.0000010  -0.00000403
 212    0.0000013  -0.00000942
 213    0.0000010  -0.00000572
 214    0.0000009  -0.00000512
 215    0.0000009  -0.00000449
 216    0.0000009  -0.00000071
 217    0.0000001  -0.00000123
 218    0.0000001  -0.00000122
 219    0.0000001  -0.00000126
 220    0.0000000  -0.00000099
 221    0.0000013  -0.00000857
 222    0.0000014  -0.00000365
 223    0.0000018  -0.00001020
 224    0.0000019  -0.00001010
 225    0.0000015  -0.00000698
 226    0.0000017  0.00000231
 227    0.0000015  -0.00000950
 228    0.0000011  -0.00000684
 229    0.0000009  -0.00000737
 230    0.0000013  -0.00000695
 231    0.0000008  -0.00000684
 232    0.0000012  -0.00000819
 233    0.0000009  -0.00000476
 234    0.0000004  -0.00000710
 235    0.0000006  -0.00001050
 236    0.0000006  -0.00001373
 237    0.0000001  -0.00000444
 238    0.0000000  -0.00000136
 239    0.0000000  -0.00000796
 240    0.0000000  -0.00000022
 
----------------
 Final Energies 
----------------
Final NOF Total Energy =    -540.0917096
 
Total Orbital Internal Iterations = 10
Total Occupation Internal Iterations = 28
 
Elapsed time:   88.77 Seconds

---------------------------------
   Lowdin Population Analysis    
---------------------------------
 Idx  Atom   Population   Charge 
---------------------------------
  1    Al    13.809      -0.809
  2     F     8.731       0.269
  3     F     8.730       0.270
  4     F     8.731       0.269

---------------------------------
   M Diagnostic: 0.01
---------------------------------

Recovering execution output...
Moving from /scratch/pobleyef/168340 to /home-nas/pobleyef/Poison-Set/ncwomax/P30-5/PNOF7/arina.168340
mkdir -p /home-nas/pobleyef/Poison-Set/ncwomax/P30-5/PNOF7/arina.168340
mv /scratch/pobleyef/168340/* /home-nas/pobleyef/Poison-Set/ncwomax/P30-5/PNOF7/arina.168340
