W4-11-o3
/software/eb2024/easybuild/software/common/software/Julia/1.11.3-linux-x86_64/bin/julia
Job runing on nagpu02
Choosing scratch ...
Automatic scratch folder selection
/scratch/pobleyef/283915
/scratch/pobleyef/283915 directory
cp W4-11-o3.jl W4-11-o3.jld2 to  /scratch/pobleyef/283915/.
Computing Integrals
Basis Set                                            = def2-qzvp
Auxiliary Basis Set                                  = def2-universal-jkfit
Gaussian Type                                        = Spherical
Elapsed time:    4.14 Seconds

Number of basis functions                   (NBF)    = 171
Number of auxiliary basis functions         (NBFAUX) = 231
Inactive Doubly occupied orbitals up to     (NO1)    = 0
No. considered Strongly Doubly occupied MOs (NDOC)   = 12
No. considered Strongly Singly occupied MOs (NSOC)   = 0
NO. of Weakly occ. per St. Doubly occ.  MOs (NCWO)   = 13
Dimension of the Nat. Orb. subspace         (NBF5)   = 168
No. of electrons                                     = 24
    No. of alpha electrons                           = 12
    No. of beta electrons                            = 12
Multiplicity                                         = 1

Geometry
========
 O       0.0000000       0.0000000       0.4412240
 O       0.0000000       1.0825250      -0.2206120
 O       0.0000000      -1.0825250      -0.2206120

No violations of the orthonormality
No violations of the orthonormality
 
PNOF7/ADABelief Calculation
==================
 
  Nitext  Nit_orb  Time   Nit_occ  Time         Eelec          Etot           Ediff      maxdiff    MaxGrad_orb  Grad_occ
     1      10    2.3e+01   28    2.3e+01  -293.20860133  -224.18171273 -10292.20860133   0.400841   1.6e+00   2.0e-04 0.00
     2      10    5.3e+00    0    9.4e-02  -293.38621677  -224.35932816    -0.17761544   0.400845   1.6e+00   2.0e-04 0.00
     3      30    1.6e+01   41    1.1e+00  -293.55130694  -224.52441834    -0.16509018   0.276951   1.1e+00   2.6e-04 0.08
     4      30    1.6e+01   47    1.2e+00  -293.70592254  -224.67903393    -0.15461559   0.032388   1.3e-01   2.3e-04 0.33
     5      30    1.4e+01   22    5.8e-01  -293.80082595  -224.77393735    -0.09490342   0.017608   7.0e-02   2.9e-04 0.52
     6      30    1.7e+01   36    8.8e-01  -293.82523757  -224.79834897    -0.02441162   0.019052   7.6e-02   1.7e-04 0.60
     7      30    1.5e+01   25    6.4e-01  -293.82847683  -224.80158823    -0.00323926   0.023624   9.4e-02   1.6e-04 0.62
     8      30    1.8e+01   11    3.9e-01  -293.83112507  -224.80423647    -0.00264824   0.026463   1.1e-01   2.7e-04 0.62
     9      30    1.8e+01   15    5.2e-01  -293.83216949  -224.80528088    -0.00104441   0.013631   5.5e-02   1.6e-04 0.63
    10      30    2.1e+01    7    2.4e-01  -293.83248231  -224.80559371    -0.00031283   0.012983   5.2e-02   2.7e-04 0.63
    11      30    1.7e+01   11    3.9e-01  -293.83268448  -224.80579587    -0.00020217   0.013607   5.4e-02   1.6e-04 0.63
    12      30    2.1e+01    4    2.7e-01  -293.83277654  -224.80588794    -0.00009207   0.014554   5.8e-02   2.1e-04 0.63
    13      30    2.3e+01    4    1.8e-01  -293.83308148  -224.80619288    -0.00030494   0.012083   4.8e-02   2.3e-04 0.63
    14      30    2.3e+01    0    1.5e-01  -293.83309118  -224.80620258    -0.00000970   0.012083   4.8e-02   2.3e-04 0.63
    15      50    4.3e+01    0    1.3e-01  -293.83409688  -224.80720828    -0.00100570   0.000611   2.4e-03   2.7e-04 0.63
 
RESULTS OF THE OCCUPATION OPTIMIZATION
========================================
   1    1.9996947  -20.77141073
   2    1.9996953  -20.68546134
   3    1.9996974  -20.68514665
   4    1.9838666  -1.04162752
   5    1.9833715  -1.02629566
   6    1.9808318  -1.00294787
   7    1.9801448  -0.97435236
   8    1.9306547  -0.96807143
   9    1.9304223  -0.96697647
  10    1.9806820  -0.96241550
  11    1.9801907  -0.93646584
  12    1.3711065  -0.45715214
  13    0.6288659  -0.24515567
  14    0.0124506  -0.01236033
  15    0.0122108  -0.01230480
  16    0.0669524  -0.05423057
  17    0.0667633  -0.05420956
  18    0.0117266  -0.01190261
  19    0.0113789  -0.01176507
  20    0.0118339  -0.01089726
  21    0.0117213  -0.01090802
  22    0.0002259  -0.00759342
  23    0.0002250  -0.00758285
  24    0.0002290  -0.00770455
  25    0.0000046  -0.00000695
  26    0.0029934  -0.00420613
  27    0.0028273  -0.00409411
  28    0.0020909  -0.00308379
  29    0.0020703  -0.00305338
  30    0.0032124  -0.00407159
  31    0.0030510  -0.00394593
  32    0.0017878  -0.00277301
  33    0.0017558  -0.00275933
  34    0.0000388  -0.00090196
  35    0.0000386  -0.00089889
  36    0.0000406  -0.00094788
  37    0.0000033  -0.00000935
  38    0.0023400  -0.00367726
  39    0.0024203  -0.00374952
  40    0.0002365  -0.00054624
  41    0.0002307  -0.00054551
  42    0.0019479  -0.00321704
  43    0.0020061  -0.00325502
  44    0.0014145  -0.00224467
  45    0.0010343  -0.00179231
  46    0.0000260  -0.00062107
  47    0.0000297  -0.00068307
  48    0.0000218  -0.00053995
  49    0.0000023  -0.00001185
  50    0.0009147  -0.00175639
  51    0.0008175  -0.00162305
  52    0.0002170  -0.00051664
  53    0.0002094  -0.00051913
  54    0.0013171  -0.00225393
  55    0.0011324  -0.00207048
  56    0.0009437  -0.00164236
  57    0.0009467  -0.00166273
  58    0.0000046  -0.00025894
  59    0.0000043  -0.00025819
  60    0.0000054  -0.00013764
  61    0.0000023  -0.00001189
  62    0.0003753  -0.00085030
  63    0.0003080  -0.00073998
  64    0.0000264  -0.00008465
  65    0.0000214  -0.00007694
  66    0.0007887  -0.00158314
  67    0.0007091  -0.00147337
  68    0.0002048  -0.00051968
  69    0.0002059  -0.00053204
  70    0.0000014  -0.00003368
  71    0.0000015  -0.00004161
  72    0.0000043  -0.00025116
  73    0.0000023  -0.00001153
  74    0.0003110  -0.00075541
  75    0.0002751  -0.00071131
  76    0.0000128  -0.00005208
  77    0.0000106  -0.00004591
  78    0.0003192  -0.00078218
  79    0.0002935  -0.00073805
  80    0.0001434  -0.00039790
  81    0.0001815  -0.00048367
  82    0.0000012  -0.00002641
  83    0.0000012  -0.00002588
  84    0.0000007  -0.00001773
  85    0.0000021  -0.00001072
  86    0.0001347  -0.00036510
  87    0.0001349  -0.00034573
  88    0.0000110  -0.00004048
  89    0.0000095  -0.00004371
  90    0.0002448  -0.00060808
  91    0.0002491  -0.00061333
  92    0.0001038  -0.00030120
  93    0.0000989  -0.00028235
  94    0.0000010  -0.00002275
  95    0.0000009  -0.00002242
  96    0.0000007  -0.00001578
  97    0.0000021  -0.00001083
  98    0.0001115  -0.00036439
  99    0.0000979  -0.00032104
 100    0.0000080  -0.00004042
 101    0.0000071  -0.00003383
 102    0.0001015  -0.00033354
 103    0.0001076  -0.00033695
 104    0.0000864  -0.00026873
 105    0.0000755  -0.00024815
 106    0.0000009  -0.00002407
 107    0.0000008  -0.00001878
 108    0.0000006  -0.00001406
 109    0.0000019  -0.00000817
 110    0.0000831  -0.00022000
 111    0.0000865  -0.00026661
 112    0.0000061  -0.00003286
 113    0.0000069  -0.00003238
 114    0.0000756  -0.00023497
 115    0.0000927  -0.00027582
 116    0.0000573  -0.00021141
 117    0.0000623  -0.00022739
 118    0.0000007  -0.00001721
 119    0.0000007  -0.00001684
 120    0.0000006  -0.00001412
 121    0.0000018  -0.00000938
 122    0.0000509  -0.00019690
 123    0.0000743  -0.00023347
 124    0.0000054  -0.00002821
 125    0.0000048  -0.00002630
 126    0.0000621  -0.00020909
 127    0.0000642  -0.00020287
 128    0.0000176  -0.00008145
 129    0.0000163  -0.00007875
 130    0.0000007  -0.00001473
 131    0.0000006  -0.00001456
 132    0.0000005  -0.00001293
 133    0.0000017  -0.00000766
 134    0.0000165  -0.00007748
 135    0.0000305  -0.00013687
 136    0.0000044  -0.00002447
 137    0.0000044  -0.00002592
 138    0.0000265  -0.00011369
 139    0.0000481  -0.00017635
 140    0.0000138  -0.00006742
 141    0.0000136  -0.00005736
 142    0.0000005  -0.00000821
 143    0.0000005  -0.00000467
 144    0.0000005  -0.00000547
 145    0.0000016  -0.00000771
 146    0.0000143  -0.00006728
 147    0.0000206  -0.00009570
 148    0.0000039  -0.00002345
 149    0.0000036  -0.00002337
 150    0.0000169  -0.00007764
 151    0.0000205  -0.00009102
 152    0.0000112  -0.00005474
 153    0.0000111  -0.00006427
 154    0.0000005  -0.00000554
 155    0.0000005  -0.00000459
 156    0.0000004  -0.00000482
 157    0.0000016  -0.00000659
 158    0.0000131  -0.00006424
 159    0.0000144  -0.00006411
 160    0.0000030  -0.00002167
 161    0.0000033  -0.00002069
 162    0.0000157  -0.00007157
 163    0.0000150  -0.00008045
 164    0.0000104  -0.00005376
 165    0.0000102  -0.00005076
 166    0.0000004  -0.00002052
 167    0.0000004  -0.00002045
 168    0.0000003  -0.00001878
 
----------------
 Final Energies 
----------------
Final NOF Total Energy =    -224.8072083
 
Total Orbital Internal Iterations = 430
Total Occupation Internal Iterations = 251
 
Elapsed time:  365.93 Seconds

---------------------------------
   Lowdin Population Analysis    
---------------------------------
 Idx  Atom   Population   Charge 
---------------------------------
  1     O     8.075      -0.075
  2     O     7.963       0.037
  3     O     7.963       0.037

---------------------------------
   M Diagnostic: 0.63
---------------------------------

Recovering execution output...
Moving from /scratch/pobleyef/283915 to /home-nas/pobleyef/Poison-NOF/ncwomax/P30-5/PNOF7/arina.283915
mkdir -p /home-nas/pobleyef/Poison-NOF/ncwomax/P30-5/PNOF7/arina.283915
mv /scratch/pobleyef/283915/* /home-nas/pobleyef/Poison-NOF/ncwomax/P30-5/PNOF7/arina.283915
