W4-11_138_bn
/software/eb2024/easybuild/software/common/software/Julia/1.11.3-linux-x86_64/bin/julia
Job runing on na05
Choosing scratch ...
Automatic scratch folder selection
/scratch/pobleyef/204787
/scratch/pobleyef/204787 directory
cp W4-11_138_bn.jl W4-11_138_bn.jld2 to  /scratch/pobleyef/204787/.
Computing Integrals
Elapsed time:    4.27 Seconds

Number of basis functions                   (NBF)    = 60
Number of auxiliary basis functions         (NBFAUX) = 158
Inactive Doubly occupied orbitals up to     (NO1)    = 0
No. considered Strongly Doubly occupied MOs (NDOC)   = 6
No. considered Strongly Singly occupied MOs (NSOC)   = 0
NO. of Weakly occ. per St. Doubly occ.  MOs (NCWO)   = 9
Dimension of the Nat. Orb. subspace         (NBF5)   = 60
No. of electrons                                     = 12
    No. of alpha electrons                           = 6
    No. of beta electrons                            = 6
Multiplicity                                         = 1

Geometry
========
 B       0.0000000       0.0000000      -0.7484170
 N       0.0000000       0.0000000       0.5345830

No violations of the orthonormality
No violations of the orthonormality
 
PNOF7/ADABelief Calculation
==================
 
  Nitext  Nit_orb  Time   Nit_occ  Time         Eelec          Etot           Ediff      maxdiff    MaxGrad_orb  Grad_occ
     1      10    1.7e+01    0    2.0e+01   -93.61289642   -79.17707070 -10092.61289642   0.000456   1.8e-03   1.5e-04 0.99
 
RESULTS OF THE OCCUPATION OPTIMIZATION
========================================
   1    1.9997043  -15.58808277
   2    1.9991257  -7.65715933
   3    1.9658483  -1.05067566
   4    1.9356206  -0.64266828
   5    1.8140371  -0.45760065
   6    1.0132350  -0.28252777
   7    0.9860656  -0.27546721
   8    0.1739882  -0.06329949
   9    0.0389171  -0.02183849
  10    0.0193577  -0.01713613
  11    0.0006391  -0.00599570
  12    0.0002258  -0.00404577
  13    0.0003537  -0.00022731
  14    0.0054276  -0.00375550
  15    0.0166851  -0.01173483
  16    0.0044232  -0.00511326
  17    0.0000825  -0.00069041
  18    0.0000335  -0.00055595
  19    0.0000854  -0.00011841
  20    0.0049557  -0.00346379
  21    0.0031440  -0.00280043
  22    0.0038936  -0.00458400
  23    0.0000640  -0.00057113
  24    0.0000206  -0.00033596
  25    0.0000707  -0.00010675
  26    0.0007675  -0.00070246
  27    0.0016616  -0.00201020
  28    0.0036237  -0.00407774
  29    0.0000613  -0.00056764
  30    0.0000088  -0.00017276
  31    0.0000572  -0.00008201
  32    0.0003728  -0.00046179
  33    0.0012172  -0.00161389
  34    0.0020524  -0.00235105
  35    0.0000080  -0.00007259
  36    0.0000018  -0.00002434
  37    0.0000412  -0.00009143
  38    0.0001468  -0.00022431
  39    0.0010517  -0.00135695
  40    0.0002293  -0.00049502
  41    0.0000055  -0.00005238
  42    0.0000016  -0.00001870
  43    0.0000399  -0.00007323
  44    0.0001166  -0.00020609
  45    0.0008894  -0.00127716
  46    0.0002262  -0.00048644
  47    0.0000053  -0.00004779
  48    0.0000013  -0.00001266
  49    0.0000303  -0.00005812
  50    0.0000993  -0.00019439
  51    0.0005012  -0.00087780
  52    0.0001849  -0.00042112
  53    0.0000047  -0.00004345
  54    0.0000012  -0.00000956
  55    0.0000210  -0.00004633
  56    0.0000882  -0.00019111
  57    0.0003121  -0.00055736
  58    0.0001607  -0.00038416
  59    0.0000040  -0.00003673
  60    0.0000012  -0.00000630
 
----------------
 Final Energies 
----------------
Final NOF Total Energy =     -79.1770707
 
Total Orbital Internal Iterations = 10
Total Occupation Internal Iterations = 0
 
Elapsed time:   48.18 Seconds

---------------------------------
   Lowdin Population Analysis    
---------------------------------
 Idx  Atom   Population   Charge 
---------------------------------
  1     B     5.083      -0.083
  2     N     6.917       0.083

---------------------------------
   M Diagnostic: 0.99
---------------------------------

Recovering execution output...
Moving from /scratch/pobleyef/204787 to /home-nas/pobleyef/Poison-NOF/ncwomax/P30-5/PNOF7/arina.204787
mkdir -p /home-nas/pobleyef/Poison-NOF/ncwomax/P30-5/PNOF7/arina.204787
mv /scratch/pobleyef/204787/* /home-nas/pobleyef/Poison-NOF/ncwomax/P30-5/PNOF7/arina.204787
