ALKBDE10-o
/software/eb2024/easybuild/software/common/software/Julia/1.11.3-linux-x86_64/bin/julia
Job runing on nh015
Choosing scratch ...
Automatic scratch folder selection
/scratch/pobleyef/284413
/scratch/pobleyef/284413 directory
cp ALKBDE10-o.jl ALKBDE10-o.jld2 to  /scratch/pobleyef/284413/.
Computing Integrals
Basis Set                                            = def2-qzvp
Auxiliary Basis Set                                  = def2-universal-jkfit
Gaussian Type                                        = Spherical
Elapsed time:    3.60 Seconds

Number of basis functions                   (NBF)    = 57
Number of auxiliary basis functions         (NBFAUX) = 77
Inactive Doubly occupied orbitals up to     (NO1)    = 0
No. considered Strongly Doubly occupied MOs (NDOC)   = 3
No. considered Strongly Singly occupied MOs (NSOC)   = 2
NO. of Weakly occ. per St. Doubly occ.  MOs (NCWO)   = 17
Dimension of the Nat. Orb. subspace         (NBF5)   = 56
No. of electrons                                     = 8
    No. of alpha electrons                           = 5
    No. of beta electrons                            = 3
Multiplicity                                         = 3

Geometry
========
 O       0.0000000       0.0000000       0.0000000

No violations of the orthonormality
No violations of the orthonormality
 
PNOF8/ADABelief Calculation
==================
 
  Nitext  Nit_orb  Time   Nit_occ  Time         Eelec          Etot           Ediff      maxdiff    MaxGrad_orb  Grad_occ
     1      10    2.9e+01   14    3.6e+01   -74.99387606   -74.99387606 -10073.99387606   0.028377   1.1e-01   2.1e-04 0.02
     2      20    9.4e-02   18    5.7e-02   -75.01209681   -75.01209681    -0.01822075   0.005946   2.4e-02   1.7e-04 0.02
     3      20    6.1e-02   12    3.6e-02   -75.01879599   -75.01879599    -0.00669918   0.008493   3.4e-02   1.7e-04 0.02
     4      20    6.2e-02    5    2.1e-02   -75.02055185   -75.02055185    -0.00175587   0.020907   8.4e-02   2.2e-04 0.02
     5      20    6.3e-02    3    1.5e-02   -75.02101455   -75.02101455    -0.00046270   0.016364   6.5e-02   2.1e-04 0.02
     6      20    6.6e-02    8    2.9e-02   -75.02238660   -75.02238660    -0.00137205   0.011589   4.6e-02   1.8e-04 0.02
     7      20    6.3e-02    3    1.4e-02   -75.02251594   -75.02251594    -0.00012934   0.009731   3.9e-02   1.7e-04 0.02
     8      20    6.3e-02    2    1.3e-02   -75.02259648   -75.02259648    -0.00008054   0.015001   6.0e-02   1.9e-04 0.02
     9      20    6.3e-02    6    2.6e-02   -75.02292248   -75.02292248    -0.00032600   0.009952   4.0e-02   1.4e-04 0.02
    10      20    6.5e-02   13    4.1e-02   -75.02322969   -75.02322969    -0.00030720   0.009327   3.7e-02   1.9e-04 0.02
    11      20    6.1e-02   13    3.8e-02   -75.02352519   -75.02352519    -0.00029551   0.010317   4.1e-02   1.7e-04 0.02
    12      20    7.3e-02   13    3.8e-02   -75.02436583   -75.02436583    -0.00084064   0.006401   2.6e-02   1.7e-04 0.02
    13      20    6.5e-02    4    1.7e-02   -75.02486753   -75.02486753    -0.00050169   0.004418   1.8e-02   1.1e-04 0.02
    14      20    6.1e-02    4    1.7e-02   -75.02508177   -75.02508177    -0.00021425   0.003740   1.5e-02   1.8e-04 0.02
    15      20    6.3e-02    0    4.0e-03   -75.02510397   -75.02510397    -0.00002220   0.003740   1.5e-02   1.8e-04 0.02
    16      40    1.2e-01    8    2.8e-02   -75.02522022   -75.02522022    -0.00011625   0.000687   2.7e-03   1.3e-04 0.02
 
RESULTS OF THE OCCUPATION OPTIMIZATION
========================================
   1    1.9999211  -20.70379033
   2    1.9750030  -1.28794696
   3    1.9685195  -0.61003529
   4    1.0000000  -0.37888908
   5    1.0000000  -0.37888376
   6    0.0129168  -0.01824939
   7    0.0106742  -0.02091328
   8    0.0000494  -0.00175783
   9    0.0049145  -0.00806623
  10    0.0043711  -0.00779142
  11    0.0000053  -0.00011980
  12    0.0047484  -0.00796940
  13    0.0042794  -0.00766682
  14    0.0000046  -0.00009677
  15    0.0044784  -0.00780801
  16    0.0024690  -0.00454877
  17    0.0000040  -0.00008506
  18    0.0023148  -0.00419838
  19    0.0009408  -0.00265578
  20    0.0000020  -0.00004985
  21    0.0007500  -0.00514504
  22    0.0004547  -0.00128508
  23    0.0000018  -0.00004658
  24    0.0002704  -0.00077996
  25    0.0004361  -0.00121936
  26    0.0000017  -0.00004591
  27    0.0002687  -0.00077349
  28    0.0002705  -0.00079156
  29    0.0000014  -0.00003809
  30    0.0002124  -0.00064050
  31    0.0002633  -0.00080706
  32    0.0000014  -0.00003773
  33    0.0001937  -0.00058888
  34    0.0002449  -0.00073515
  35    0.0000012  -0.00003535
  36    0.0001518  -0.00046599
  37    0.0002393  -0.00072837
  38    0.0000011  -0.00003362
  39    0.0001411  -0.00044660
  40    0.0001539  -0.00048812
  41    0.0000011  -0.00003158
  42    0.0000580  -0.00009367
  43    0.0001322  -0.00048337
  44    0.0000010  -0.00002887
  45    0.0000165  -0.00009362
  46    0.0000176  -0.00009330
  47    0.0000010  -0.00002863
  48    0.0000157  -0.00008515
  49    0.0000175  -0.00009372
  50    0.0000010  -0.00002823
  51    0.0000149  -0.00008057
  52    0.0000165  -0.00008538
  53    0.0000007  -0.00000556
  54    0.0000143  -0.00007733
  55    0.0000160  -0.00007975
  56    0.0000004  -0.00003831
 
----------------
 Final Energies 
----------------
Final NOF Total Energy =     -75.0252202
 
Total Orbital Internal Iterations = 330
Total Occupation Internal Iterations = 126
 
Elapsed time:   86.39 Seconds

---------------------------------
   Lowdin Population Analysis    
---------------------------------
 Idx  Atom   Population   Charge 
---------------------------------
  1     O     8.000       0.000

---------------------------------
   M Diagnostic: 0.02
---------------------------------

Recovering execution output...
Moving from /scratch/pobleyef/284413 to /home-nas/pobleyef/Poison-NOF/ncwomax/P30-5/GNOFa25/arina.284413
mkdir -p /home-nas/pobleyef/Poison-NOF/ncwomax/P30-5/GNOFa25/arina.284413
mv /scratch/pobleyef/284413/* /home-nas/pobleyef/Poison-NOF/ncwomax/P30-5/GNOFa25/arina.284413
