ALKBDE10-mg
/software/eb2024/easybuild/software/common/software/Julia/1.11.3-linux-x86_64/bin/julia
Job runing on na22
Choosing scratch ...
Automatic scratch folder selection
/scratch/pobleyef/284411
/scratch/pobleyef/284411 directory
cp ALKBDE10-mg.jl ALKBDE10-mg.jld2 to  /scratch/pobleyef/284411/.
Computing Integrals
Basis Set                                            = def2-qzvp
Auxiliary Basis Set                                  = def2-universal-jkfit
Gaussian Type                                        = Spherical
Elapsed time:    2.57 Seconds

Number of basis functions                   (NBF)    = 51
Number of auxiliary basis functions         (NBFAUX) = 112
Inactive Doubly occupied orbitals up to     (NO1)    = 0
No. considered Strongly Doubly occupied MOs (NDOC)   = 6
No. considered Strongly Singly occupied MOs (NSOC)   = 0
NO. of Weakly occ. per St. Doubly occ.  MOs (NCWO)   = 7
Dimension of the Nat. Orb. subspace         (NBF5)   = 48
No. of electrons                                     = 12
    No. of alpha electrons                           = 6
    No. of beta electrons                            = 6
Multiplicity                                         = 1

Geometry
========
Mg       0.0000000       0.0000000       0.0000000

No violations of the orthonormality
No violations of the orthonormality
 
PNOF8/ADABelief Calculation
==================
 
  Nitext  Nit_orb  Time   Nit_occ  Time         Eelec          Etot           Ediff      maxdiff    MaxGrad_orb  Grad_occ
     1      10    2.0e+01   47    2.3e+01  -199.71766430  -199.71766430 -10198.71766430   0.015107   6.1e-02   2.3e-04 0.03
     2      20    2.1e-01   31    3.7e-02  -199.80505031  -199.80505031    -0.08738601   0.109576   4.4e-01   1.8e-04 0.02
     3      20    5.3e-02   25    2.4e-02  -199.83541599  -199.83541599    -0.03036569   0.035454   1.4e-01   1.8e-04 0.02
     4      20    4.7e-02   22    2.2e-02  -199.84917389  -199.84917389    -0.01375789   0.012142   4.9e-02   2.0e-04 0.02
     5      20    5.1e-02   14    1.2e-02  -199.85780227  -199.85780227    -0.00862838   0.025913   1.0e-01   1.7e-04 0.02
     6      20    4.8e-02   12    1.8e-02  -199.86524430  -199.86524430    -0.00744203   0.013869   5.5e-02   1.6e-04 0.02
     7      20    5.2e-02   12    1.1e-02  -199.86826867  -199.86826867    -0.00302437   0.011202   4.5e-02   1.5e-04 0.02
     8      20    5.2e-02   11    1.1e-02  -199.86995925  -199.86995925    -0.00169058   0.014636   5.9e-02   1.8e-04 0.03
     9      20    6.5e-02    7    1.1e-02  -199.87083826  -199.87083826    -0.00087902   0.010465   4.2e-02   2.0e-04 0.03
    10      20    4.7e-02    0    1.4e-03  -199.87089385  -199.87089385    -0.00005558   0.010465   4.2e-02   2.0e-04 0.03
    11      40    9.4e-02    7    9.0e-03  -199.87223704  -199.87223704    -0.00134319   0.002354   9.4e-03   1.9e-04 0.03
    12      40    1.0e-01    6    8.3e-03  -199.87238806  -199.87238806    -0.00015102   0.003009   1.2e-02   2.2e-04 0.03
    13      40    9.7e-02    8    7.8e-03  -199.87249233  -199.87249233    -0.00010427   0.002603   1.0e-02   1.7e-04 0.03
    14      40    9.6e-02    3    2.7e-03  -199.87258777  -199.87258777    -0.00009544   0.002582   1.0e-02   1.9e-04 0.03
    15      40    1.2e-01    6    4.3e-03  -199.87264567  -199.87264567    -0.00005790   0.002440   9.8e-03   2.0e-04 0.03
    16      40    1.0e-01    1    1.7e-03  -199.87273214  -199.87273214    -0.00008646   0.002290   9.2e-03   1.9e-04 0.03
    17      40    1.0e-01    0    1.6e-03  -199.87276880  -199.87276880    -0.00003667   0.002396   9.6e-03   1.7e-04 0.03
    18      50    1.1e-01    0    1.6e-03  -199.87281025  -199.87281025    -0.00004144   0.001628   6.5e-03   1.8e-04 0.03
    19      60    1.4e-01    0    1.6e-03  -199.87283388  -199.87283388    -0.00002363   0.001289   5.2e-03   2.0e-04 0.03
    20      70    1.7e-01    0    1.8e-03  -199.87284998  -199.87284998    -0.00001609   0.001009   4.0e-03   2.1e-04 0.03
    21      80    1.8e-01    0    5.2e-03  -199.87285683  -199.87285683    -0.00000686   0.001356   5.4e-03   2.3e-04 0.03
    22      90    2.1e-01    0    8.3e-03  -199.87286380  -199.87286380    -0.00000696   0.000798   3.2e-03   2.3e-04 0.03
 
RESULTS OF THE OCCUPATION OPTIMIZATION
========================================
   1    1.9999975  -49.07821099
   2    1.9971429  -3.79906008
   3    1.9958547  -2.31394436
   4    1.9930023  -2.31098786
   5    1.9904280  -2.30843034
   6    1.9603793  -0.26701616
   7    0.0117901  -0.01229809
   8    0.0064171  -0.03077497
   9    0.0031146  -0.01438423
  10    0.0034383  -0.01477844
  11    0.0025714  -0.01388563
  12    0.0000022  -0.00001091
  13    0.0117771  -0.01231412
  14    0.0029106  -0.01403224
  15    0.0031130  -0.01438872
  16    0.0002651  -0.00101489
  17    0.0002113  -0.00096377
  18    0.0000001  -0.00000099
  19    0.0116564  -0.01214699
  20    0.0002008  -0.00081165
  21    0.0005236  -0.00677880
  22    0.0002454  -0.00098294
  23    0.0000379  -0.00012928
  24    0.0000001  -0.00000090
  25    0.0013650  -0.00165115
  26    0.0000138  -0.00003131
  27    0.0001704  -0.00078747
  28    0.0000914  -0.00206741
  29    0.0000212  -0.00064271
  30    0.0000000  -0.00000057
  31    0.0013569  -0.00163364
  32    0.0000126  -0.00002514
  33    0.0000523  -0.00014815
  34    0.0000708  -0.00017351
  35    0.0000059  -0.00027720
  36    0.0000000  -0.00000047
  37    0.0013545  -0.00162794
  38    0.0000104  -0.00002263
  39    0.0000123  -0.00002959
  40    0.0000203  -0.00010822
  41    0.0000055  -0.00001996
  42    0.0000000  -0.00000045
  43    0.0003208  -0.00026547
  44    0.0000066  -0.00001821
  45    0.0000115  -0.00002792
  46    0.0000139  -0.00030066
  47    0.0000039  -0.00001412
  48    0.0000000  -0.00000027
 
----------------
 Final Energies 
----------------
Final NOF Total Energy =    -199.8728638
 
Total Orbital Internal Iterations = 820
Total Occupation Internal Iterations = 212
 
Elapsed time:   58.14 Seconds

---------------------------------
   Lowdin Population Analysis    
---------------------------------
 Idx  Atom   Population   Charge 
---------------------------------
  1    Mg    12.000       0.000

---------------------------------
   M Diagnostic: 0.03
---------------------------------

Recovering execution output...
Moving from /scratch/pobleyef/284411 to /home-nas/pobleyef/Poison-NOF/ncwomax/P30-5/GNOFa25/arina.284411
mkdir -p /home-nas/pobleyef/Poison-NOF/ncwomax/P30-5/GNOFa25/arina.284411
mv /scratch/pobleyef/284411/* /home-nas/pobleyef/Poison-NOF/ncwomax/P30-5/GNOFa25/arina.284411
