Computing Integrals
Basis Set                                            = def2-qzvp
Auxiliary Basis Set                                  = def2-universal-jkfit
Gaussian Type                                        = Spherical
Elapsed time:    2.74 Seconds

Number of basis functions                   (NBF)    = 108
Number of auxiliary basis functions         (NBFAUX) = 189
Inactive Doubly occupied orbitals up to     (NO1)    = 0
No. considered Strongly Doubly occupied MOs (NDOC)   = 10
No. considered Strongly Singly occupied MOs (NSOC)   = 0
NO. of Weakly occ. per St. Doubly occ.  MOs (NCWO)   = 9
Dimension of the Nat. Orb. subspace         (NBF5)   = 100
No. of electrons                                     = 20
    No. of alpha electrons                           = 10
    No. of beta electrons                            = 10
Multiplicity                                         = 1

Geometry
========
Mg       0.0000000       0.0000000       0.8639034
 O       0.0000000       0.0000000      -0.8639034

No violations of the orthonormality
No violations of the orthonormality
 
PNOF8/ADABelief Calculation
==================
 
  Nitext  Nit_orb  Time   Nit_occ  Time         Eelec          Etot           Ediff      maxdiff    MaxGrad_orb  Grad_occ
     1      10    2.1e+01    6    2.5e+01  -304.34354219  -274.94158124 -10303.34354219   0.000992   4.0e-03   2.2e-04 1.00
 
RESULTS OF THE OCCUPATION OPTIMIZATION
========================================
   1    1.9999975  -49.09317043
   2    1.9999769  -20.55736144
   3    1.9972234  -3.82154113
   4    1.9933312  -2.33652034
   5    1.9908571  -2.33249877
   6    1.9898321  -2.31883520
   7    1.9777349  -1.18609592
   8    1.9689243  -0.58700057
   9    1.9668438  -0.50232551
  10    1.0028930  -0.22779129
  11    0.9970562  -0.22664002
  12    0.0230516  -0.02621393
  13    0.0197616  -0.02926465
  14    0.0090169  -0.01960616
  15    0.0029572  -0.01295330
  16    0.0029445  -0.01348408
  17    0.0060540  -0.02829010
  18    0.0024416  -0.01253384
  19    0.0000130  -0.00041721
  20    0.0000019  -0.00004152
  21    0.0000194  -0.00000942
  22    0.0041714  -0.00668300
  23    0.0048722  -0.00842701
  24    0.0065851  -0.01131907
  25    0.0027593  -0.01135140
  26    0.0028939  -0.01281798
  27    0.0003236  -0.00341535
  28    0.0001140  -0.00116477
  29    0.0000024  -0.00005173
  30    0.0000005  -0.00000929
  31    0.0000113  -0.00000700
  32    0.0037895  -0.00606434
  33    0.0033600  -0.00614396
  34    0.0043959  -0.00912606
  35    0.0027243  -0.01151412
  36    0.0026605  -0.01134929
  37    0.0001616  -0.00067647
  38    0.0000830  -0.00046632
  39    0.0000022  -0.00004563
  40    0.0000000  -0.00000109
  41    0.0000059  -0.00000282
  42    0.0006387  -0.00161457
  43    0.0011392  -0.00300956
  44    0.0009717  -0.00318091
  45    0.0015428  -0.00713837
  46    0.0004640  -0.00621058
  47    0.0000425  -0.00042404
  48    0.0000688  -0.00170114
  49    0.0000021  -0.00004513
  50    0.0000000  -0.00000083
  51    0.0000049  -0.00000201
  52    0.0003914  -0.00086951
  53    0.0007118  -0.00267074
  54    0.0003971  -0.00109497
  55    0.0001327  -0.00076996
  56    0.0001087  -0.00049539
  57    0.0000194  -0.00014139
  58    0.0000217  -0.00022140
  59    0.0000015  -0.00003771
  60    0.0000000  -0.00000059
  61    0.0000034  -0.00000189
  62    0.0003303  -0.00083244
  63    0.0003251  -0.00081861
  64    0.0002456  -0.00078159
  65    0.0000155  -0.00014115
  66    0.0000248  -0.00013803
  67    0.0000183  -0.00012323
  68    0.0000137  -0.00010936
  69    0.0000006  -0.00002362
  70    0.0000000  -0.00000058
  71    0.0000023  -0.00000111
  72    0.0003029  -0.00079990
  73    0.0003242  -0.00075570
  74    0.0002278  -0.00069556
  75    0.0000133  -0.00009464
  76    0.0000201  -0.00015876
  77    0.0000173  -0.00012543
  78    0.0000122  -0.00009440
  79    0.0000005  -0.00001209
  80    0.0000000  -0.00000051
  81    0.0000020  -0.00000102
  82    0.0002661  -0.00071438
  83    0.0002955  -0.00082696
  84    0.0002192  -0.00068763
  85    0.0000122  -0.00009050
  86    0.0000135  -0.00010268
  87    0.0000163  -0.00011647
  88    0.0000113  -0.00008529
  89    0.0000004  -0.00000624
  90    0.0000000  -0.00000049
  91    0.0000015  -0.00000092
  92    0.0002142  -0.00057063
  93    0.0002860  -0.00077252
  94    0.0002057  -0.00063140
  95    0.0000107  -0.00030268
  96    0.0000128  -0.00009607
  97    0.0000158  -0.00010989
  98    0.0000103  -0.00055304
  99    0.0000004  -0.00004481
 100    0.0000000  -0.00000032
 
----------------
 Final Energies 
----------------
Final NOF Total Energy =    -274.9415812
 
Total Orbital Internal Iterations = 10
Total Occupation Internal Iterations = 6
 
Elapsed time:   60.21 Seconds

---------------------------------
   Lowdin Population Analysis    
---------------------------------
 Idx  Atom   Population   Charge 
---------------------------------
  1    Mg    11.927       0.073
  2     O     8.073      -0.073

---------------------------------
   M Diagnostic: 1.00
---------------------------------

