b
/software/eb2024/easybuild/software/common/software/Julia/1.11.3-linux-x86_64/bin/julia
Job runing on nh042
Choosing scratch ...
Automatic scratch folder selection
/scratch/pobleyef/212360
/scratch/pobleyef/212360 directory
cp b.jl b.jld2 to  /scratch/pobleyef/212360/.
Computing Integrals
Basis Set                                            = def2-qzvp
Auxiliary Basis Set                                  = def2-universal-jkfit
Gaussian Type                                        = Spherical
Elapsed time:    3.68 Seconds

Number of basis functions                   (NBF)    = 57
Number of auxiliary basis functions         (NBFAUX) = 75
Inactive Doubly occupied orbitals up to     (NO1)    = 0
No. considered Strongly Doubly occupied MOs (NDOC)   = 2
No. considered Strongly Singly occupied MOs (NSOC)   = 1
NO. of Weakly occ. per St. Doubly occ.  MOs (NCWO)   = 27
Dimension of the Nat. Orb. subspace         (NBF5)   = 57
No. of electrons                                     = 5
    No. of alpha electrons                           = 3
    No. of beta electrons                            = 2
Multiplicity                                         = 2

Geometry
========
 B       0.0000000       0.0000000       0.0000000

No violations of the orthonormality
No violations of the orthonormality
 
PNOF8/ADABelief Calculation
==================
 
  Nitext  Nit_orb  Time   Nit_occ  Time         Eelec          Etot           Ediff      maxdiff    MaxGrad_orb  Grad_occ
     1      10    2.8e+01   11    3.4e+01   -24.61909461   -24.61909461 -10023.61909461   0.001240   4.9e-03   1.1e-04 0.09
     2      20    8.8e-02    3    1.6e-02   -24.61974176   -24.61974176    -0.00064715   0.006236   2.5e-02   1.7e-04 0.08
     3      20    5.7e-02    4    1.7e-02   -24.61999177   -24.61999177    -0.00025001   0.003773   1.5e-02   1.5e-04 0.08
     4      20    5.8e-02    3    1.6e-02   -24.62005463   -24.62005463    -0.00006286   0.006987   2.8e-02   2.0e-04 0.08
     5      20    5.9e-02    6    2.2e-02   -24.62020083   -24.62020083    -0.00014620   0.005494   2.2e-02   1.5e-04 0.07
     6      20    6.3e-02    4    1.8e-02   -24.62035794   -24.62035794    -0.00015711   0.007157   2.9e-02   1.3e-04 0.07
     7      20    5.9e-02    4    1.7e-02   -24.62055986   -24.62055986    -0.00020192   0.006650   2.7e-02   1.4e-04 0.07
     8      20    5.9e-02    4    1.7e-02   -24.62073942   -24.62073942    -0.00017956   0.007406   3.0e-02   1.3e-04 0.06
     9      20    5.7e-02    3    1.5e-02   -24.62087740   -24.62087740    -0.00013798   0.006550   2.6e-02   1.2e-04 0.06
    10      20    6.2e-02    2    9.0e-03   -24.62096977   -24.62096977    -0.00009236   0.006755   2.7e-02   1.4e-04 0.06
    11      20    5.8e-02    4    1.7e-02   -24.62102610   -24.62102610    -0.00005634   0.006338   2.5e-02   1.9e-04 0.05
    12      20    5.8e-02    2    1.2e-02   -24.62108246   -24.62108246    -0.00005636   0.005789   2.3e-02   1.7e-04 0.05
    13      20    6.7e-02    1    6.4e-03   -24.62111208   -24.62111208    -0.00002962   0.005305   2.1e-02   2.0e-04 0.05
    14      20    5.9e-02    9    3.5e-02   -24.62113565   -24.62113565    -0.00002358   0.004846   1.9e-02   8.9e-05 0.05
    15      20    5.9e-02    1    6.6e-03   -24.62126233   -24.62126233    -0.00012668   0.003503   1.4e-02   1.8e-04 0.05
    16      20    5.9e-02    2    1.2e-02   -24.62130983   -24.62130983    -0.00004750   0.002435   9.7e-03   1.2e-04 0.05
    17      20    6.4e-02    2    9.1e-03   -24.62135984   -24.62135984    -0.00005001   0.001491   6.0e-03   1.4e-04 0.05
    18      20    6.0e-02    1    6.2e-03   -24.62139731   -24.62139731    -0.00003747   0.002487   9.9e-03   1.4e-04 0.05
    19      20    5.7e-02    0    3.9e-03   -24.62139863   -24.62139863    -0.00000132   0.002487   9.9e-03   1.4e-04 0.05
    20      40    1.3e-01    0    4.0e-03   -24.62143893   -24.62143893    -0.00004030   0.000734   2.9e-03   1.7e-04 0.05
 
RESULTS OF THE OCCUPATION OPTIMIZATION
========================================
   1    1.9992926  -7.68988141
   2    1.9280392  -0.51601344
   3    1.0000000  -0.16746245
   4    0.0283855  -0.01560689
   5    0.0004697  -0.00624466
   6    0.0282474  -0.01555085
   7    0.0000965  -0.00081873
   8    0.0070821  -0.00694766
   9    0.0000961  -0.00081657
  10    0.0032363  -0.00300330
  11    0.0000178  -0.00013974
  12    0.0015225  -0.00147929
  13    0.0000131  -0.00032565
  14    0.0010907  -0.00105105
  15    0.0000025  -0.00002773
  16    0.0010888  -0.00105430
  17    0.0000014  -0.00006380
  18    0.0002820  -0.00041894
  19    0.0000011  -0.00001855
  20    0.0002363  -0.00024265
  21    0.0000009  -0.00001007
  22    0.0001578  -0.00020915
  23    0.0000008  -0.00000782
  24    0.0000992  -0.00013137
  25    0.0000006  -0.00000623
  26    0.0000882  -0.00012780
  27    0.0000005  -0.00000633
  28    0.0000674  -0.00011127
  29    0.0000005  -0.00000475
  30    0.0000658  -0.00009360
  31    0.0000005  -0.00000557
  32    0.0000559  -0.00009232
  33    0.0000005  -0.00000389
  34    0.0000482  -0.00007546
  35    0.0000005  -0.00000398
  36    0.0000379  -0.00006640
  37    0.0000005  -0.00000323
  38    0.0000322  -0.00003187
  39    0.0000004  -0.00000299
  40    0.0000280  -0.00003006
  41    0.0000004  -0.00000251
  42    0.0000209  -0.00003485
  43    0.0000004  -0.00000223
  44    0.0000173  -0.00003261
  45    0.0000004  -0.00000213
  46    0.0000135  -0.00002595
  47    0.0000004  -0.00000191
  48    0.0000124  -0.00002466
  49    0.0000004  -0.00000148
  50    0.0000122  -0.00002431
  51    0.0000004  -0.00000029
  52    0.0000119  -0.00002100
  53    0.0000003  -0.00000082
  54    0.0000111  -0.00002081
  55    0.0000003  -0.00000077
  56    0.0000092  -0.00001691
  57    0.0000003  -0.00000026
 
----------------
 Final Energies 
----------------
Final NOF Total Energy =     -24.6214389
 
Total Orbital Internal Iterations = 410
Total Occupation Internal Iterations = 66
 
Elapsed time:   83.48 Seconds

---------------------------------
   Lowdin Population Analysis    
---------------------------------
 Idx  Atom   Population   Charge 
---------------------------------
  1     B     5.000       0.000

---------------------------------
   M Diagnostic: 0.05
---------------------------------

Recovering execution output...
Moving from /scratch/pobleyef/212360 to /home-nas/pobleyef/Poison-NOF/ncwomax/P30-5/GNOFa25/arina.212360
mkdir -p /home-nas/pobleyef/Poison-NOF/ncwomax/P30-5/GNOFa25/arina.212360
mv /scratch/pobleyef/212360/* /home-nas/pobleyef/Poison-NOF/ncwomax/P30-5/GNOFa25/arina.212360
