BH76-oh
/software/eb2024/easybuild/software/common/software/Julia/1.11.3-linux-x86_64/bin/julia
Job runing on na19
Choosing scratch ...
Automatic scratch folder selection
/scratch/pobleyef/284419
/scratch/pobleyef/284419 directory
cp BH76-oh.jl BH76-oh.jld2 to  /scratch/pobleyef/284419/.
Computing Integrals
Basis Set                                            = def2-qzvp
Auxiliary Basis Set                                  = def2-universal-jkfit
Gaussian Type                                        = Spherical
Elapsed time:    2.58 Seconds

Number of basis functions                   (NBF)    = 87
Number of auxiliary basis functions         (NBFAUX) = 95
Inactive Doubly occupied orbitals up to     (NO1)    = 0
No. considered Strongly Doubly occupied MOs (NDOC)   = 4
No. considered Strongly Singly occupied MOs (NSOC)   = 1
NO. of Weakly occ. per St. Doubly occ.  MOs (NCWO)   = 20
Dimension of the Nat. Orb. subspace         (NBF5)   = 85
No. of electrons                                     = 9
    No. of alpha electrons                           = 5
    No. of beta electrons                            = 4
Multiplicity                                         = 2

Geometry
========
 O       0.0000000       0.0000000       0.4844483
 H       0.0000000       0.0000000      -0.4844483

No violations of the orthonormality
No violations of the orthonormality
 
PNOF8/ADABelief Calculation
==================
 
  Nitext  Nit_orb  Time   Nit_occ  Time         Eelec          Etot           Ediff      maxdiff    MaxGrad_orb  Grad_occ
     1      10    1.7e+01   18    2.1e+01   -80.02134453   -75.65203496 -10079.02134453   0.025259   1.0e-01   2.1e-04 0.03
     2      20    4.2e-01    7    3.3e-02   -80.04747071   -75.67816114    -0.02612618   0.011058   4.4e-02   2.1e-04 0.03
     3      20    3.1e-01   16    1.0e-01   -80.05386009   -75.68455052    -0.00638938   0.016016   6.4e-02   1.4e-04 0.03
     4      20    2.0e-01    7    5.5e-02   -80.05618431   -75.68687474    -0.00232422   0.014937   6.0e-02   1.9e-04 0.03
     5      20    1.4e-01   11    6.0e-02   -80.05787704   -75.68856748    -0.00169274   0.023370   9.3e-02   1.5e-04 0.03
     6      20    1.2e-01   17    1.2e-01   -80.05883605   -75.68952649    -0.00095901   0.021143   8.5e-02   1.5e-04 0.03
     7      20    1.0e-01    4    2.0e-02   -80.05970006   -75.69039050    -0.00086401   0.022198   8.9e-02   1.4e-04 0.03
     8      20    1.2e-01    4    2.2e-02   -80.06050675   -75.69119719    -0.00080669   0.020635   8.3e-02   1.7e-04 0.03
     9      20    8.5e-02    3    1.7e-02   -80.06103448   -75.69172492    -0.00052773   0.016225   6.5e-02   1.6e-04 0.03
    10      20    8.4e-02    3    1.6e-02   -80.06116272   -75.69185315    -0.00012824   0.015872   6.3e-02   1.9e-04 0.03
    11      20    7.3e-02    5    2.4e-02   -80.06119059   -75.69188103    -0.00002787   0.012733   5.1e-02   2.4e-04 0.03
    12      20    9.7e-02    5    2.4e-02   -80.06130506   -75.69199550    -0.00011447   0.013374   5.3e-02   1.8e-04 0.03
    13      20    9.6e-02    0    7.6e-03   -80.06132822   -75.69201866    -0.00002316   0.013374   5.3e-02   1.8e-04 0.03
    14      40    2.1e-01    0    4.4e-03   -80.06194012   -75.69263056    -0.00061190   0.000722   2.9e-03   2.2e-04 0.03
 
RESULTS OF THE OCCUPATION OPTIMIZATION
========================================
   1    1.9999621  -20.65193335
   2    1.9799301  -1.30194275
   3    1.9639536  -0.75052812
   4    1.9718204  -0.58157059
   5    1.0000000  -0.35373124
   6    0.0136272  -0.01941278
   7    0.0283398  -0.03579753
   8    0.0089686  -0.02016206
   9    0.0000336  -0.00119304
  10    0.0057920  -0.00950663
  11    0.0033672  -0.00617870
  12    0.0046208  -0.00922031
  13    0.0000020  -0.00007187
  14    0.0050522  -0.00885236
  15    0.0030718  -0.00573215
  16    0.0031746  -0.00668774
  17    0.0000007  -0.00001304
  18    0.0014495  -0.00434184
  19    0.0004185  -0.00113476
  20    0.0009151  -0.00286140
  21    0.0000002  -0.00002606
  22    0.0006824  -0.00355719
  23    0.0003842  -0.00108962
  24    0.0006434  -0.00291628
  25    0.0000002  -0.00000424
  26    0.0004625  -0.00119207
  27    0.0002049  -0.00068034
  28    0.0003868  -0.00133860
  29    0.0000001  -0.00000225
  30    0.0002820  -0.00078858
  31    0.0000554  -0.00014387
  32    0.0003237  -0.00126073
  33    0.0000001  -0.00000208
  34    0.0002528  -0.00072632
  35    0.0000400  -0.00014786
  36    0.0002864  -0.00091218
  37    0.0000001  -0.00000186
  38    0.0002509  -0.00073202
  39    0.0000368  -0.00012237
  40    0.0002101  -0.00064074
  41    0.0000001  -0.00000192
  42    0.0001103  -0.00036351
  43    0.0000274  -0.00010415
  44    0.0001950  -0.00060522
  45    0.0000001  -0.00000160
  46    0.0000820  -0.00029653
  47    0.0000208  -0.00010290
  48    0.0001286  -0.00072862
  49    0.0000001  -0.00000104
  50    0.0000225  -0.00009565
  51    0.0000159  -0.00009353
  52    0.0000702  -0.00025078
  53    0.0000001  -0.00000093
  54    0.0000178  -0.00009629
  55    0.0000148  -0.00009626
  56    0.0000315  -0.00013673
  57    0.0000001  -0.00000086
  58    0.0000164  -0.00008576
  59    0.0000126  -0.00007482
  60    0.0000286  -0.00013097
  61    0.0000001  -0.00000085
  62    0.0000154  -0.00007772
  63    0.0000093  -0.00004846
  64    0.0000172  -0.00009584
  65    0.0000001  -0.00000076
  66    0.0000145  -0.00007363
  67    0.0000071  -0.00003560
  68    0.0000160  -0.00008067
  69    0.0000001  -0.00000074
  70    0.0000141  -0.00007008
  71    0.0000063  -0.00003164
  72    0.0000157  -0.00007755
  73    0.0000001  -0.00000062
  74    0.0000138  -0.00006525
  75    0.0000058  -0.00002765
  76    0.0000141  -0.00007285
  77    0.0000001  -0.00000053
  78    0.0000119  -0.00006626
  79    0.0000041  -0.00001667
  80    0.0000127  -0.00006266
  81    0.0000001  -0.00000052
  82    0.0000098  -0.00004840
  83    0.0000034  -0.00001563
  84    0.0000107  -0.00005758
  85    0.0000001  -0.00000045
 
----------------
 Final Energies 
----------------
Final NOF Total Energy =     -75.6926306
 
Total Orbital Internal Iterations = 290
Total Occupation Internal Iterations = 100
 
Elapsed time:   51.46 Seconds

---------------------------------
   Lowdin Population Analysis    
---------------------------------
 Idx  Atom   Population   Charge 
---------------------------------
  1     O     7.587       0.413
  2     H     1.413      -0.413

---------------------------------
   M Diagnostic: 0.03
---------------------------------

Recovering execution output...
Moving from /scratch/pobleyef/284419 to /home-nas/pobleyef/Poison-NOF/ncwomax/P30-5/GNOFa25/arina.284419
mkdir -p /home-nas/pobleyef/Poison-NOF/ncwomax/P30-5/GNOFa25/arina.284419
mv /scratch/pobleyef/284419/* /home-nas/pobleyef/Poison-NOF/ncwomax/P30-5/GNOFa25/arina.284419
