BH76-n2
/software/eb2024/easybuild/software/common/software/Julia/1.11.3-linux-x86_64/bin/julia
Job runing on nh012
Choosing scratch ...
Automatic scratch folder selection
/scratch/pobleyef/284417
/scratch/pobleyef/284417 directory
cp BH76-n2.jl BH76-n2.jld2 to  /scratch/pobleyef/284417/.
Computing Integrals
Basis Set                                            = def2-qzvp
Auxiliary Basis Set                                  = def2-universal-jkfit
Gaussian Type                                        = Spherical
Elapsed time:    3.70 Seconds

Number of basis functions                   (NBF)    = 114
Number of auxiliary basis functions         (NBFAUX) = 154
Inactive Doubly occupied orbitals up to     (NO1)    = 0
No. considered Strongly Doubly occupied MOs (NDOC)   = 7
No. considered Strongly Singly occupied MOs (NSOC)   = 0
NO. of Weakly occ. per St. Doubly occ.  MOs (NCWO)   = 15
Dimension of the Nat. Orb. subspace         (NBF5)   = 112
No. of electrons                                     = 14
    No. of alpha electrons                           = 7
    No. of beta electrons                            = 7
Multiplicity                                         = 1

Geometry
========
 N       0.0000000       0.0000000       0.5485557
 N       0.0000000       0.0000000      -0.5485557

No violations of the orthonormality
No violations of the orthonormality
 
PNOF8/ADABelief Calculation
==================
 
  Nitext  Nit_orb  Time   Nit_occ  Time         Eelec          Etot           Ediff      maxdiff    MaxGrad_orb  Grad_occ
     1      10    2.9e+01   43    3.6e+01  -132.92914413  -109.29468986 -10131.92914413   0.024367   9.7e-02   2.2e-04 0.05
     2      20    2.8e+00   72    1.4e+00  -133.06230475  -109.42785048    -0.13316062   0.048143   1.9e-01   1.8e-04 0.05
     3      20    2.8e+00   21    4.8e-01  -133.08013471  -109.44568044    -0.01782996   0.010822   4.3e-02   2.8e-04 0.05
     4      20    2.8e+00   18    3.3e-01  -133.08531657  -109.45086230    -0.00518186   0.015188   6.1e-02   1.8e-04 0.04
     5      20    2.7e+00   15    3.3e-01  -133.08778386  -109.45332959    -0.00246729   0.023286   9.3e-02   2.0e-04 0.04
     6      20    2.8e+00   12    2.6e-01  -133.08904132  -109.45458705    -0.00125746   0.014707   5.9e-02   1.9e-04 0.04
     7      20    2.6e+00   12    2.5e-01  -133.09095253  -109.45649825    -0.00191120   0.017859   7.1e-02   2.2e-04 0.04
     8      20    2.7e+00    6    1.7e-01  -133.09234210  -109.45788783    -0.00138957   0.017205   6.9e-02   2.4e-04 0.04
     9      20    2.6e+00   13    4.5e-01  -133.09322966  -109.45877539    -0.00088756   0.018766   7.5e-02   1.5e-04 0.04
    10      20    2.6e+00    6    1.5e-01  -133.09386001  -109.45940573    -0.00063034   0.018067   7.2e-02   1.3e-04 0.04
    11      20    2.8e+00    5    1.7e-01  -133.09397392  -109.45951965    -0.00011392   0.020178   8.1e-02   1.4e-04 0.04
    12      20    2.7e+00    3    7.6e-02  -133.09399312  -109.45953885    -0.00001920   0.016993   6.8e-02   2.2e-04 0.04
    13      20    2.6e+00    6    9.7e-02  -133.09443472  -109.45998045    -0.00044160   0.019098   7.6e-02   2.1e-04 0.04
    14      20    2.7e+00    1    4.9e-02  -133.09445965  -109.46000538    -0.00002493   0.019241   7.7e-02   1.6e-04 0.04
    15      20    2.8e+00    1    4.4e-02  -133.09452214  -109.46006787    -0.00006248   0.019491   7.8e-02   1.8e-04 0.04
    16      20    2.7e+00    0    1.8e-02  -133.09452284  -109.46006857    -0.00000071   0.019491   7.8e-02   1.8e-04 0.04
    17      40    5.4e+00    0    5.8e-02  -133.09551139  -109.46105712    -0.00098855   0.001004   4.0e-03   2.1e-04 0.04
    18      50    6.8e+00    0    2.7e-02  -133.09551139  -109.46105712     0.00000000   0.001004   4.0e-03   2.1e-04 0.04
    19      54    7.2e+00    0    2.6e-02  -133.09551661  -109.46106234    -0.00000522   0.000499   2.0e-03   2.1e-04 0.04
 
RESULTS OF THE OCCUPATION OPTIMIZATION
========================================
   1    1.9999455  -15.68370921
   2    1.9999462  -15.68092540
   3    1.9828956  -1.37859866
   4    1.9781215  -0.80729943
   5    1.9690992  -0.77204499
   6    1.9550800  -0.64693583
   7    1.9543234  -0.64624586
   8    0.0419025  -0.05264380
   9    0.0439674  -0.05418790
  10    0.0184198  -0.03279030
  11    0.0092246  -0.01852140
  12    0.0048527  -0.01426597
  13    0.0000376  -0.00102922
  14    0.0000375  -0.00102928
  15    0.0032404  -0.00587232
  16    0.0002421  -0.00065465
  17    0.0046964  -0.00949490
  18    0.0042973  -0.00780543
  19    0.0036499  -0.00786193
  20    0.0000039  -0.00006678
  21    0.0000039  -0.00007759
  22    0.0002105  -0.00058454
  23    0.0002380  -0.00060921
  24    0.0034720  -0.00753353
  25    0.0018449  -0.00432801
  26    0.0029522  -0.00614901
  27    0.0000035  -0.00005742
  28    0.0000034  -0.00004735
  29    0.0001548  -0.00041357
  30    0.0002332  -0.00060478
  31    0.0033589  -0.00737110
  32    0.0017130  -0.00464185
  33    0.0015793  -0.00433341
  34    0.0000033  -0.00007394
  35    0.0000033  -0.00007419
  36    0.0000253  -0.00010792
  37    0.0000895  -0.00030034
  38    0.0002267  -0.00064395
  39    0.0011603  -0.00250523
  40    0.0013622  -0.00646868
  41    0.0000028  -0.00004331
  42    0.0000031  -0.00005280
  43    0.0000217  -0.00010386
  44    0.0000240  -0.00011339
  45    0.0001775  -0.00052267
  46    0.0011355  -0.00246286
  47    0.0005866  -0.00373609
  48    0.0000005  -0.00001681
  49    0.0000008  -0.00002675
  50    0.0000179  -0.00009849
  51    0.0000196  -0.00009146
  52    0.0001097  -0.00036507
  53    0.0006072  -0.00177611
  54    0.0005577  -0.00184113
  55    0.0000005  -0.00001584
  56    0.0000006  -0.00001922
  57    0.0000161  -0.00008434
  58    0.0000180  -0.00009526
  59    0.0001095  -0.00036017
  60    0.0005234  -0.00143999
  61    0.0004598  -0.00140495
  62    0.0000004  -0.00003649
  63    0.0000006  -0.00001997
  64    0.0000150  -0.00008676
  65    0.0000149  -0.00007227
  66    0.0001094  -0.00037291
  67    0.0005060  -0.00371596
  68    0.0003180  -0.00152486
  69    0.0000003  -0.00002120
  70    0.0000003  -0.00003102
  71    0.0000140  -0.00006141
  72    0.0000146  -0.00007048
  73    0.0000941  -0.00031732
  74    0.0002713  -0.00079902
  75    0.0002744  -0.00085097
  76    0.0000002  -0.00000868
  77    0.0000003  -0.00001058
  78    0.0000126  -0.00005792
  79    0.0000135  -0.00006391
  80    0.0000301  -0.00014945
  81    0.0002295  -0.00110147
  82    0.0001336  -0.00047388
  83    0.0000002  -0.00000530
  84    0.0000002  -0.00000640
  85    0.0000123  -0.00006168
  86    0.0000127  -0.00006696
  87    0.0000278  -0.00012433
  88    0.0001530  -0.00044211
  89    0.0001151  -0.00050961
  90    0.0000002  -0.00000247
  91    0.0000002  -0.00000232
  92    0.0000115  -0.00005875
  93    0.0000116  -0.00006008
  94    0.0000251  -0.00012939
  95    0.0001108  -0.00040375
  96    0.0001091  -0.00041045
  97    0.0000001  -0.00000194
  98    0.0000002  -0.00000209
  99    0.0000113  -0.00005761
 100    0.0000112  -0.00005914
 101    0.0000246  -0.00011731
 102    0.0000600  -0.00023368
 103    0.0001004  -0.00039616
 104    0.0000001  -0.00000151
 105    0.0000001  -0.00000110
 106    0.0000106  -0.00005138
 107    0.0000098  -0.00005323
 108    0.0000193  -0.00010848
 109    0.0000417  -0.00019482
 110    0.0000535  -0.00024613
 111    0.0000001  -0.00000080
 112    0.0000001  -0.00000062
 
----------------
 Final Energies 
----------------
Final NOF Total Energy =    -109.4610623
 
Total Orbital Internal Iterations = 454
Total Occupation Internal Iterations = 234
 
Elapsed time:  149.93 Seconds

---------------------------------
   Lowdin Population Analysis    
---------------------------------
 Idx  Atom   Population   Charge 
---------------------------------
  1     N     7.000      -0.000
  2     N     7.000       0.000

---------------------------------
   M Diagnostic: 0.04
---------------------------------

Recovering execution output...
Moving from /scratch/pobleyef/284417 to /home-nas/pobleyef/Poison-NOF/ncwomax/P30-5/GNOFa25/arina.284417
mkdir -p /home-nas/pobleyef/Poison-NOF/ncwomax/P30-5/GNOFa25/arina.284417
mv /scratch/pobleyef/284417/* /home-nas/pobleyef/Poison-NOF/ncwomax/P30-5/GNOFa25/arina.284417
