BH76-hf
/software/eb2024/easybuild/software/common/software/Julia/1.11.3-linux-x86_64/bin/julia
Job runing on nh032
Choosing scratch ...
Automatic scratch folder selection
/scratch/pobleyef/284416
/scratch/pobleyef/284416 directory
cp BH76-hf.jl BH76-hf.jld2 to  /scratch/pobleyef/284416/.
Computing Integrals
Basis Set                                            = def2-qzvp
Auxiliary Basis Set                                  = def2-universal-jkfit
Gaussian Type                                        = Spherical
Elapsed time:    3.70 Seconds

Number of basis functions                   (NBF)    = 87
Number of auxiliary basis functions         (NBFAUX) = 95
Inactive Doubly occupied orbitals up to     (NO1)    = 0
No. considered Strongly Doubly occupied MOs (NDOC)   = 5
No. considered Strongly Singly occupied MOs (NSOC)   = 0
NO. of Weakly occ. per St. Doubly occ.  MOs (NCWO)   = 16
Dimension of the Nat. Orb. subspace         (NBF5)   = 85
No. of electrons                                     = 10
    No. of alpha electrons                           = 5
    No. of beta electrons                            = 5
Multiplicity                                         = 1

Geometry
========
 F       0.0000000       0.0000000       0.4576912
 H       0.0000000       0.0000000      -0.4576912

No violations of the orthonormality
No violations of the orthonormality
 
PNOF8/ADABelief Calculation
==================
 
  Nitext  Nit_orb  Time   Nit_occ  Time         Eelec          Etot           Ediff      maxdiff    MaxGrad_orb  Grad_occ
     1      10    2.8e+01   32    3.4e+01  -105.52676647  -100.32393001 -10104.52676647   0.025017   1.0e-01   2.1e-04 0.03
     2      20    2.1e-01   16    2.1e-01  -105.57438074  -100.37154428    -0.04761427   0.155471   6.2e-01   2.3e-04 0.03
     3      20    1.5e-01   20    2.8e-01  -105.58701082  -100.38417436    -0.01263008   0.040658   1.6e-01   2.3e-04 0.03
     4      20    1.4e-01   16    1.5e-01  -105.59330351  -100.39046705    -0.00629269   0.017667   7.1e-02   1.9e-04 0.03
     5      20    1.6e-01    9    9.1e-02  -105.59626522  -100.39342876    -0.00296171   0.021021   8.4e-02   2.0e-04 0.03
     6      20    1.7e-01    6    7.2e-02  -105.59841101  -100.39557455    -0.00214579   0.019195   7.7e-02   2.1e-04 0.03
     7      20    1.3e-01   10    1.3e-01  -105.59978351  -100.39694705    -0.00137250   0.015540   6.2e-02   2.0e-04 0.03
     8      20    1.5e-01    5    5.3e-02  -105.60049609  -100.39765963    -0.00071258   0.017941   7.2e-02   2.0e-04 0.03
     9      20    1.3e-01    5    5.3e-02  -105.60136516  -100.39852870    -0.00086907   0.017186   6.9e-02   1.7e-04 0.03
    10      20    1.4e-01    5    5.3e-02  -105.60156759  -100.39873113    -0.00020243   0.017643   7.1e-02   1.3e-04 0.03
    11      20    1.2e-01    5    6.0e-02  -105.60185460  -100.39901815    -0.00028702   0.020983   8.4e-02   1.5e-04 0.03
    12      20    1.4e-01    0    1.5e-02  -105.60188390  -100.39904744    -0.00002930   0.020983   8.4e-02   1.5e-04 0.03
    13      40    2.7e-01    5    5.6e-02  -105.60284509  -100.40000863    -0.00096119   0.001030   4.1e-03   1.3e-04 0.03
    14      40    2.8e-01    5    5.8e-02  -105.60293720  -100.40010074    -0.00009211   0.003517   1.4e-02   1.3e-04 0.03
    15      40    2.6e-01    5    4.8e-02  -105.60306829  -100.40023183    -0.00013109   0.002605   1.0e-02   1.3e-04 0.03
    16      40    2.9e-01    5    5.2e-02  -105.60314765  -100.40031120    -0.00007937   0.002570   1.0e-02   1.4e-04 0.03
    17      40    2.6e-01    1    1.7e-02  -105.60320741  -100.40037095    -0.00005975   0.001746   7.0e-03   1.9e-04 0.03
    18      40    2.5e-01    5    5.3e-02  -105.60321911  -100.40038265    -0.00001170   0.003220   1.3e-02   1.4e-04 0.03
    19      40    2.7e-01    1    2.2e-02  -105.60326021  -100.40042375    -0.00004110   0.002352   9.4e-03   1.6e-04 0.03
    20      40    2.5e-01    5    5.2e-02  -105.60327230  -100.40043584    -0.00001209   0.002717   1.1e-02   1.4e-04 0.03
    21      40    2.4e-01    0    1.6e-02  -105.60330924  -100.40047278    -0.00003694   0.002610   1.0e-02   2.0e-04 0.03
    22      50    3.0e-01    5    4.9e-02  -105.60333409  -100.40049763    -0.00002485   0.002291   9.2e-03   1.5e-04 0.03
    23      50    3.0e-01    2    2.9e-02  -105.60337304  -100.40053659    -0.00003895   0.002501   1.0e-02   1.8e-04 0.03
    24      50    3.0e-01    0    1.4e-02  -105.60339513  -100.40055867    -0.00002208   0.002097   8.4e-03   2.1e-04 0.03
    25      60    3.5e-01    0    1.5e-02  -105.60341530  -100.40057884    -0.00002017   0.000846   3.4e-03   2.4e-04 0.03
 
RESULTS OF THE OCCUPATION OPTIMIZATION
========================================
   1    1.9999879  -26.34497174
   2    1.9855638  -1.61052371
   3    1.9688282  -0.85961141
   4    1.9783707  -0.70491809
   5    1.9756842  -0.70404319
   6    0.0127210  -0.02196599
   7    0.0135211  -0.02258647
   8    0.0260054  -0.03980548
   9    0.0079650  -0.02335340
  10    0.0000109  -0.00047752
  11    0.0046951  -0.01053104
  12    0.0050624  -0.01046426
  13    0.0041404  -0.00933282
  14    0.0037012  -0.01002113
  15    0.0000005  -0.00005041
  16    0.0046373  -0.01045512
  17    0.0009490  -0.00322908
  18    0.0002974  -0.00104680
  19    0.0008235  -0.00331346
  20    0.0000003  -0.00000693
  21    0.0014667  -0.00507084
  22    0.0007144  -0.00510546
  23    0.0002935  -0.00108951
  24    0.0005457  -0.00196131
  25    0.0000001  -0.00000166
  26    0.0002926  -0.00105990
  27    0.0004236  -0.00141748
  28    0.0002891  -0.00101817
  29    0.0004131  -0.00151680
  30    0.0000001  -0.00000124
  31    0.0002441  -0.00099777
  32    0.0003410  -0.00120331
  33    0.0000521  -0.00013140
  34    0.0002886  -0.00123888
  35    0.0000000  -0.00000121
  36    0.0000856  -0.00032082
  37    0.0003234  -0.00115496
  38    0.0000249  -0.00015063
  39    0.0002822  -0.00122756
  40    0.0000000  -0.00000113
  41    0.0000373  -0.00017159
  42    0.0000871  -0.00040215
  43    0.0000166  -0.00015327
  44    0.0001912  -0.00139029
  45    0.0000000  -0.00000086
  46    0.0000345  -0.00016826
  47    0.0000782  -0.00032581
  48    0.0000149  -0.00012402
  49    0.0000959  -0.00119691
  50    0.0000000  -0.00000076
  51    0.0000211  -0.00013598
  52    0.0000274  -0.00016901
  53    0.0000133  -0.00012183
  54    0.0000434  -0.00017200
  55    0.0000000  -0.00000076
  56    0.0000184  -0.00011052
  57    0.0000237  -0.00013398
  58    0.0000085  -0.00004493
  59    0.0000179  -0.00012688
  60    0.0000000  -0.00000072
  61    0.0000166  -0.00010716
  62    0.0000186  -0.00012598
  63    0.0000051  -0.00000895
  64    0.0000174  -0.00012650
  65    0.0000000  -0.00000063
  66    0.0000150  -0.00006578
  67    0.0000186  -0.00012548
  68    0.0000034  -0.00001581
  69    0.0000165  -0.00012671
  70    0.0000000  -0.00000047
  71    0.0000120  -0.00007081
  72    0.0000163  -0.00011033
  73    0.0000027  -0.00001202
  74    0.0000153  -0.00012138
  75    0.0000000  -0.00000054
  76    0.0000107  -0.00005008
  77    0.0000154  -0.00007776
  78    0.0000025  -0.00001315
  79    0.0000114  -0.00006853
  80    0.0000000  -0.00000050
  81    0.0000080  -0.00003894
  82    0.0000092  -0.00005367
  83    0.0000021  -0.00000542
  84    0.0000079  -0.00004900
  85    0.0000000  -0.00000045
 
----------------
 Final Energies 
----------------
Final NOF Total Energy =    -100.4005788
 
Total Orbital Internal Iterations = 800
Total Occupation Internal Iterations = 168
 
Elapsed time:   89.52 Seconds

---------------------------------
   Lowdin Population Analysis    
---------------------------------
 Idx  Atom   Population   Charge 
---------------------------------
  1     F     8.508       0.492
  2     H     1.492      -0.492

---------------------------------
   M Diagnostic: 0.03
---------------------------------

Recovering execution output...
Moving from /scratch/pobleyef/284416 to /home-nas/pobleyef/Poison-NOF/ncwomax/P30-5/GNOFa25/arina.284416
mkdir -p /home-nas/pobleyef/Poison-NOF/ncwomax/P30-5/GNOFa25/arina.284416
mv /scratch/pobleyef/284416/* /home-nas/pobleyef/Poison-NOF/ncwomax/P30-5/GNOFa25/arina.284416
