BH76-hf2ts
/software/eb2024/easybuild/software/common/software/Julia/1.11.3-linux-x86_64/bin/julia
Job runing on nh021
Choosing scratch ...
Automatic scratch folder selection
/scratch/pobleyef/284415
/scratch/pobleyef/284415 directory
cp BH76-hf2ts.jl BH76-hf2ts.jld2 to  /scratch/pobleyef/284415/.
Computing Integrals
Basis Set                                            = def2-qzvp
Auxiliary Basis Set                                  = def2-universal-jkfit
Gaussian Type                                        = Spherical
Elapsed time:    3.79 Seconds

Number of basis functions                   (NBF)    = 144
Number of auxiliary basis functions         (NBFAUX) = 172
Inactive Doubly occupied orbitals up to     (NO1)    = 0
No. considered Strongly Doubly occupied MOs (NDOC)   = 9
No. considered Strongly Singly occupied MOs (NSOC)   = 1
NO. of Weakly occ. per St. Doubly occ.  MOs (NCWO)   = 14
Dimension of the Nat. Orb. subspace         (NBF5)   = 136
No. of electrons                                     = 19
    No. of alpha electrons                           = 10
    No. of beta electrons                            = 9
Multiplicity                                         = 2

Geometry
========
 H       0.0000000       0.0000000      -1.5701571
 F       0.0000000       0.0000000       0.0449024
 F       0.0000000       0.0000000       1.5252546

No violations of the orthonormality
No violations of the orthonormality
 
PNOF8/ADABelief Calculation
==================
 
  Nitext  Nit_orb  Time   Nit_occ  Time         Eelec          Etot           Ediff      maxdiff    MaxGrad_orb  Grad_occ
     1      10    3.0e+01   97    3.9e+01  -233.18265792  -199.74042639 -10232.18265792   0.025189   1.0e-01   2.5e-04 0.06
     2      20    2.9e+00   34    1.1e+00  -233.31523806  -199.87300653    -0.13258014   0.189425   7.6e-01   1.6e-04 0.06
     3      20    2.9e+00   26    6.9e-01  -233.33170165  -199.88947013    -0.01646359   0.024462   9.8e-02   2.8e-04 0.06
     4      20    2.8e+00   21    5.8e-01  -233.33641872  -199.89418719    -0.00471707   0.027111   1.1e-01   2.3e-04 0.06
     5      20    2.7e+00    8    2.6e-01  -233.33983822  -199.89760670    -0.00341951   0.031451   1.3e-01   2.8e-04 0.06
     6      20    2.8e+00   15    4.1e-01  -233.34129870  -199.89906717    -0.00146047   0.023749   9.5e-02   1.9e-04 0.06
     7      20    2.9e+00    9    2.8e-01  -233.34461118  -199.90237965    -0.00331248   0.024281   9.7e-02   2.1e-04 0.06
     8      20    2.9e+00    6    1.8e-01  -233.34558220  -199.90335067    -0.00097102   0.037405   1.5e-01   2.2e-04 0.06
     9      20    2.9e+00    0    3.5e-02  -233.34563125  -199.90339973    -0.00004906   0.037405   1.5e-01   2.2e-04 0.06
    10      40    5.8e+00    8    3.0e-01  -233.34873800  -199.90650648    -0.00310675   0.003371   1.3e-02   1.9e-04 0.06
    11      40    5.6e+00    9    3.4e-01  -233.34886712  -199.90663559    -0.00012911   0.003739   1.5e-02   1.5e-04 0.06
    12      40    5.8e+00    3    1.9e-01  -233.34906190  -199.90683037    -0.00019478   0.003659   1.5e-02   2.0e-04 0.06
    13      40    5.8e+00    5    2.4e-01  -233.34913578  -199.90690425    -0.00007388   0.004151   1.7e-02   2.4e-04 0.06
    14      40    5.8e+00    6    2.6e-01  -233.34928274  -199.90705121    -0.00014696   0.004147   1.7e-02   2.2e-04 0.06
    15      40    6.0e+00    8    2.9e-01  -233.34938254  -199.90715101    -0.00009980   0.004515   1.8e-02   1.5e-04 0.06
    16      40    5.8e+00    3    1.9e-01  -233.34951561  -199.90728409    -0.00013308   0.003778   1.5e-02   1.9e-04 0.06
    17      40    5.7e+00    3    1.0e-01  -233.34959540  -199.90736387    -0.00007978   0.004950   2.0e-02   2.0e-04 0.06
    18      40    5.7e+00    9    3.2e-01  -233.34967704  -199.90744552    -0.00008165   0.003221   1.3e-02   1.7e-04 0.06
    19      40    5.8e+00    3    1.6e-01  -233.34979497  -199.90756344    -0.00011793   0.004098   1.6e-02   1.5e-04 0.06
    20      40    5.6e+00   11    3.3e-01  -233.34983650  -199.90760497    -0.00004153   0.003686   1.5e-02   1.7e-04 0.06
    21      40    5.7e+00    3    1.8e-01  -233.34991199  -199.90768046    -0.00007549   0.002888   1.2e-02   1.4e-04 0.06
    22      40    5.6e+00    3    2.5e-01  -233.34996809  -199.90773657    -0.00005610   0.002890   1.2e-02   1.3e-04 0.06
    23      40    5.6e+00    0    4.3e-02  -233.34997297  -199.90774145    -0.00000488   0.002890   1.2e-02   1.3e-04 0.06
    24      60    8.5e+00    0    7.1e-02  -233.35007771  -199.90784618    -0.00010474   0.000950   3.8e-03   2.2e-04 0.06
 
RESULTS OF THE OCCUPATION OPTIMIZATION
========================================
   1    1.9999819  -26.45711569
   2    1.9999835  -26.45401258
   3    1.9870567  -1.74066741
   4    1.9853569  -1.58132100
   5    1.9784158  -0.82085813
   6    1.9781035  -0.81941063
   7    1.9438165  -0.80957048
   8    1.9767345  -0.73210511
   9    1.9772332  -0.73141189
  10    1.0000000  -0.25682403
  11    0.0114249  -0.02017692
  12    0.0116636  -0.02067023
  13    0.0560403  -0.09634642
  14    0.0104791  -0.01952547
  15    0.0116912  -0.02048859
  16    0.0083064  -0.02394415
  17    0.0073016  -0.02252130
  18    0.0000107  -0.00042415
  19    0.0000096  -0.00034776
  20    0.0048925  -0.01095214
  21    0.0048530  -0.01094106
  22    0.0000233  -0.00006049
  23    0.0045856  -0.01065075
  24    0.0045516  -0.00987502
  25    0.0023560  -0.00694530
  26    0.0030322  -0.00819604
  27    0.0000018  -0.00005013
  28    0.0000027  -0.00007712
  29    0.0039921  -0.00852728
  30    0.0045800  -0.01022360
  31    0.0000139  -0.00005781
  32    0.0039641  -0.00879294
  33    0.0030556  -0.00724838
  34    0.0023267  -0.00674213
  35    0.0009042  -0.00382731
  36    0.0000016  -0.00004870
  37    0.0000023  -0.00006205
  38    0.0008049  -0.00278587
  39    0.0007655  -0.00275908
  40    0.0000126  -0.00005049
  41    0.0010137  -0.00399605
  42    0.0008645  -0.00282913
  43    0.0006197  -0.00424243
  44    0.0005234  -0.00407385
  45    0.0000005  -0.00001365
  46    0.0000009  -0.00003073
  47    0.0004361  -0.00166545
  48    0.0003389  -0.00113215
  49    0.0000106  -0.00007134
  50    0.0006403  -0.00315051
  51    0.0003307  -0.00102689
  52    0.0003029  -0.00125022
  53    0.0003067  -0.00130299
  54    0.0000005  -0.00001536
  55    0.0000007  -0.00002818
  56    0.0003405  -0.00116206
  57    0.0003054  -0.00098213
  58    0.0000105  -0.00004301
  59    0.0003281  -0.00102066
  60    0.0003085  -0.00129520
  61    0.0002981  -0.00120402
  62    0.0002964  -0.00123901
  63    0.0000004  -0.00001491
  64    0.0000007  -0.00001670
  65    0.0003144  -0.00098461
  66    0.0002499  -0.00091048
  67    0.0000104  -0.00005433
  68    0.0002747  -0.00106159
  69    0.0003038  -0.00106117
  70    0.0002547  -0.00112067
  71    0.0002927  -0.00123464
  72    0.0000004  -0.00003922
  73    0.0000005  -0.00003587
  74    0.0002194  -0.00086861
  75    0.0002210  -0.00082096
  76    0.0000100  -0.00006710
  77    0.0002229  -0.00094363
  78    0.0002014  -0.00071016
  79    0.0000688  -0.00116613
  80    0.0001822  -0.00098197
  81    0.0000003  -0.00002398
  82    0.0000002  -0.00000777
  83    0.0002130  -0.00080017
  84    0.0001792  -0.00079360
  85    0.0000093  -0.00006563
  86    0.0002101  -0.00078906
  87    0.0001046  -0.00114307
  88    0.0000232  -0.00020317
  89    0.0000218  -0.00018974
  90    0.0000001  -0.00000503
  91    0.0000001  -0.00000310
  92    0.0000544  -0.00033630
  93    0.0000392  -0.00014070
  94    0.0000090  -0.00005554
  95    0.0001037  -0.00054504
  96    0.0001009  -0.00055683
  97    0.0000217  -0.00017722
  98    0.0000187  -0.00014878
  99    0.0000001  -0.00000170
 100    0.0000001  -0.00000208
 101    0.0000196  -0.00016368
 102    0.0000191  -0.00013540
 103    0.0000089  -0.00006415
 104    0.0000220  -0.00017139
 105    0.0000194  -0.00014797
 106    0.0000179  -0.00014445
 107    0.0000183  -0.00014407
 108    0.0000001  -0.00000162
 109    0.0000001  -0.00000175
 110    0.0000193  -0.00013562
 111    0.0000186  -0.00013310
 112    0.0000084  -0.00006497
 113    0.0000186  -0.00013187
 114    0.0000182  -0.00013533
 115    0.0000170  -0.00013943
 116    0.0000169  -0.00014114
 117    0.0000001  -0.00000095
 118    0.0000001  -0.00000171
 119    0.0000183  -0.00012946
 120    0.0000166  -0.00012042
 121    0.0000083  -0.00006330
 122    0.0000175  -0.00013070
 123    0.0000178  -0.00013076
 124    0.0000155  -0.00011738
 125    0.0000148  -0.00012418
 126    0.0000001  -0.00000039
 127    0.0000001  -0.00000090
 128    0.0000175  -0.00012700
 129    0.0000156  -0.00010581
 130    0.0000082  -0.00005868
 131    0.0000162  -0.00012453
 132    0.0000161  -0.00012338
 133    0.0000143  -0.00011332
 134    0.0000132  -0.00010546
 135    0.0000000  -0.00000025
 136    0.0000001  -0.00000048
 
----------------
 Final Energies 
----------------
Final NOF Total Energy =    -199.9078462
 
Total Orbital Internal Iterations = 790
Total Occupation Internal Iterations = 290
 
Elapsed time:  210.66 Seconds

---------------------------------
   Lowdin Population Analysis    
---------------------------------
 Idx  Atom   Population   Charge 
---------------------------------
  1     H     1.004      -0.004
  2     F     8.975       0.025
  3     F     9.021      -0.021

---------------------------------
   M Diagnostic: 0.06
---------------------------------

Recovering execution output...
Moving from /scratch/pobleyef/284415 to /home-nas/pobleyef/Poison-NOF/ncwomax/P30-5/GNOFa25/arina.284415
mkdir -p /home-nas/pobleyef/Poison-NOF/ncwomax/P30-5/GNOFa25/arina.284415
mv /scratch/pobleyef/284415/* /home-nas/pobleyef/Poison-NOF/ncwomax/P30-5/GNOFa25/arina.284415
