BH76_1_n2
/software/eb2024/easybuild/software/common/software/Julia/1.11.3-linux-x86_64/bin/julia
Job runing on nh038
Choosing scratch ...
Automatic scratch folder selection
/scratch/pobleyef/212355
/scratch/pobleyef/212355 directory
cp BH76_1_n2.jl BH76_1_n2.jld2 to  /scratch/pobleyef/212355/.
Computing Integrals
Basis Set                                            = def2-qzvp
Auxiliary Basis Set                                  = def2-universal-jkfit
Gaussian Type                                        = Spherical
Elapsed time:    3.71 Seconds

Number of basis functions                   (NBF)    = 114
Number of auxiliary basis functions         (NBFAUX) = 154
Inactive Doubly occupied orbitals up to     (NO1)    = 0
No. considered Strongly Doubly occupied MOs (NDOC)   = 7
No. considered Strongly Singly occupied MOs (NSOC)   = 0
NO. of Weakly occ. per St. Doubly occ.  MOs (NCWO)   = 15
Dimension of the Nat. Orb. subspace         (NBF5)   = 112
No. of electrons                                     = 14
    No. of alpha electrons                           = 7
    No. of beta electrons                            = 7
Multiplicity                                         = 1

Geometry
========
 N       0.0000000       0.0000000       0.5485557
 N       0.0000000       0.0000000      -0.5485557

No violations of the orthonormality
No violations of the orthonormality
 
PNOF8/ADABelief Calculation
==================
 
  Nitext  Nit_orb  Time   Nit_occ  Time         Eelec          Etot           Ediff      maxdiff    MaxGrad_orb  Grad_occ
     1      10    2.9e+01    9    3.5e+01  -133.08390340  -109.44944913 -10132.08390340   0.000491   2.0e-03   2.5e-04 0.04
 
RESULTS OF THE OCCUPATION OPTIMIZATION
========================================
   1    1.9999566  -15.68532412
   2    1.9999591  -15.68276794
   3    1.9841356  -1.24938683
   4    1.9806929  -0.92522135
   5    1.9694070  -0.78249713
   6    1.9556690  -0.64594999
   7    1.9546572  -0.64496231
   8    0.0390063  -0.04996843
   9    0.0435037  -0.05319398
  10    0.0179818  -0.03200852
  11    0.0078352  -0.01649013
  12    0.0066134  -0.01600523
  13    0.0000318  -0.00092231
  14    0.0000319  -0.00090203
  15    0.0030631  -0.00561032
  16    0.0002334  -0.00058365
  17    0.0046281  -0.00927642
  18    0.0035165  -0.00688807
  19    0.0032587  -0.00695121
  20    0.0000030  -0.00007811
  21    0.0000036  -0.00007621
  22    0.0029471  -0.00540338
  23    0.0002322  -0.00058225
  24    0.0036160  -0.00765454
  25    0.0018499  -0.00439078
  26    0.0017014  -0.00439956
  27    0.0000018  -0.00003842
  28    0.0000023  -0.00005026
  29    0.0001778  -0.00049759
  30    0.0002029  -0.00053341
  31    0.0035772  -0.00761859
  32    0.0015704  -0.00462618
  33    0.0012881  -0.00612872
  34    0.0000016  -0.00003692
  35    0.0000019  -0.00004068
  36    0.0000424  -0.00018001
  37    0.0000259  -0.00010297
  38    0.0001985  -0.00057194
  39    0.0010837  -0.00240078
  40    0.0005508  -0.00171193
  41    0.0000015  -0.00003411
  42    0.0000017  -0.00003860
  43    0.0000212  -0.00009425
  44    0.0000209  -0.00009735
  45    0.0001394  -0.00045207
  46    0.0010765  -0.00238521
  47    0.0005280  -0.00349528
  48    0.0000003  -0.00002096
  49    0.0000003  -0.00001998
  50    0.0000136  -0.00007043
  51    0.0000201  -0.00008742
  52    0.0001015  -0.00039290
  53    0.0005408  -0.00164690
  54    0.0005123  -0.00150251
  55    0.0000002  -0.00001722
  56    0.0000003  -0.00002618
  57    0.0000126  -0.00007214
  58    0.0000169  -0.00008493
  59    0.0000914  -0.00029809
  60    0.0005253  -0.00411238
  61    0.0003220  -0.00151540
  62    0.0000001  -0.00000717
  63    0.0000003  -0.00001714
  64    0.0000103  -0.00006023
  65    0.0000142  -0.00007235
  66    0.0000869  -0.00033510
  67    0.0005178  -0.00141016
  68    0.0002728  -0.00082597
  69    0.0000001  -0.00000193
  70    0.0000002  -0.00001135
  71    0.0000101  -0.00005823
  72    0.0000130  -0.00007120
  73    0.0000416  -0.00020558
  74    0.0002318  -0.00114243
  75    0.0002641  -0.00082970
  76    0.0000001  -0.00000156
  77    0.0000002  -0.00000973
  78    0.0000090  -0.00005450
  79    0.0000112  -0.00006071
  80    0.0000367  -0.00017977
  81    0.0001550  -0.00043868
  82    0.0001955  -0.00060872
  83    0.0000001  -0.00000133
  84    0.0000002  -0.00000771
  85    0.0000087  -0.00005245
  86    0.0000101  -0.00005554
  87    0.0000260  -0.00011962
  88    0.0001083  -0.00038029
  89    0.0001143  -0.00042769
  90    0.0000001  -0.00000128
  91    0.0000001  -0.00000601
  92    0.0000078  -0.00005079
  93    0.0000100  -0.00005599
  94    0.0000245  -0.00011848
  95    0.0001032  -0.00038552
  96    0.0001074  -0.00038978
  97    0.0000001  -0.00000080
  98    0.0000001  -0.00000468
  99    0.0000069  -0.00004843
 100    0.0000086  -0.00005282
 101    0.0000229  -0.00013534
 102    0.0000968  -0.00037276
 103    0.0001065  -0.00038699
 104    0.0000001  -0.00000052
 105    0.0000001  -0.00000427
 106    0.0000059  -0.00004117
 107    0.0000080  -0.00005163
 108    0.0000204  -0.00010696
 109    0.0000959  -0.00037420
 110    0.0000292  -0.00016092
 111    0.0000001  -0.00000047
 112    0.0000001  -0.00000189
 
----------------
 Final Energies 
----------------
Final NOF Total Energy =    -109.4494491
 
Total Orbital Internal Iterations = 10
Total Occupation Internal Iterations = 9
 
Elapsed time:   83.68 Seconds

---------------------------------
   Lowdin Population Analysis    
---------------------------------
 Idx  Atom   Population   Charge 
---------------------------------
  1     N     7.000      -0.000
  2     N     7.000       0.000

---------------------------------
   M Diagnostic: 0.04
---------------------------------

Recovering execution output...
Moving from /scratch/pobleyef/212355 to /home-nas/pobleyef/Poison-NOF/ncwomax/P30-5/GNOFa25/arina.212355
mkdir -p /home-nas/pobleyef/Poison-NOF/ncwomax/P30-5/GNOFa25/arina.212355
mv /scratch/pobleyef/212355/* /home-nas/pobleyef/Poison-NOF/ncwomax/P30-5/GNOFa25/arina.212355
