c
/software/eb2024/easybuild/software/common/software/Julia/1.11.3-linux-x86_64/bin/julia
Job runing on nh039
Choosing scratch ...
Automatic scratch folder selection
/scratch/pobleyef/212362
/scratch/pobleyef/212362 directory
cp c.jl c.jld2 to  /scratch/pobleyef/212362/.
Computing Integrals
Basis Set                                            = def2-qzvp
Auxiliary Basis Set                                  = def2-universal-jkfit
Gaussian Type                                        = Spherical
Elapsed time:    3.45 Seconds

Number of basis functions                   (NBF)    = 57
Number of auxiliary basis functions         (NBFAUX) = 75
Inactive Doubly occupied orbitals up to     (NO1)    = 0
No. considered Strongly Doubly occupied MOs (NDOC)   = 2
No. considered Strongly Singly occupied MOs (NSOC)   = 2
NO. of Weakly occ. per St. Doubly occ.  MOs (NCWO)   = 26
Dimension of the Nat. Orb. subspace         (NBF5)   = 56
No. of electrons                                     = 6
    No. of alpha electrons                           = 4
    No. of beta electrons                            = 2
Multiplicity                                         = 3

Geometry
========
 C       0.0000000       0.0000000       0.0000000

No violations of the orthonormality
No violations of the orthonormality
 
PNOF8/ADABelief Calculation
==================
 
  Nitext  Nit_orb  Time   Nit_occ  Time         Eelec          Etot           Ediff      maxdiff    MaxGrad_orb  Grad_occ
     1      10    2.8e+01    6    3.4e+01   -37.80671698   -37.80671698 -10036.80671698   0.002487   9.9e-03   1.8e-04 0.06
     2      20    8.0e-02    0    3.3e-03   -37.80708648   -37.80708648    -0.00036950   0.002487   9.9e-03   1.8e-04 0.06
     3      40    1.2e-01    9    3.2e-02   -37.80724488   -37.80724488    -0.00015840   0.001717   6.9e-03   1.2e-04 0.06
     4      40    1.1e-01    3    1.3e-02   -37.80751688   -37.80751688    -0.00027200   0.001343   5.4e-03   1.4e-04 0.05
     5      40    1.1e-01    8    2.9e-02   -37.80766779   -37.80766779    -0.00015091   0.001154   4.6e-03   1.8e-04 0.05
     6      40    1.2e-01    2    1.2e-02   -37.80786185   -37.80786185    -0.00019405   0.001716   6.9e-03   1.4e-04 0.05
     7      40    1.2e-01    2    7.7e-03   -37.80799186   -37.80799186    -0.00013002   0.001790   7.2e-03   1.8e-04 0.05
     8      40    1.2e-01    4    1.7e-02   -37.80809191   -37.80809191    -0.00010004   0.002169   8.7e-03   1.4e-04 0.05
     9      40    1.2e-01    0    3.6e-03   -37.80819971   -37.80819971    -0.00010781   0.002077   8.3e-03   9.8e-05 0.05
    10      50    1.5e-01    0    3.4e-03   -37.80825083   -37.80825083    -0.00005111   0.001585   6.3e-03   1.1e-04 0.05
    11      60    1.7e-01    0    7.5e-03   -37.80828367   -37.80828367    -0.00003284   0.001072   4.3e-03   1.3e-04 0.05
    12      70    2.0e-01    0    3.7e-03   -37.80829820   -37.80829820    -0.00001454   0.001746   7.0e-03   1.4e-04 0.05
    13      80    2.3e-01    0    7.4e-03   -37.80830822   -37.80830822    -0.00001002   0.001144   4.6e-03   1.5e-04 0.05
    14      90    2.4e-01    0    3.6e-03   -37.80831069   -37.80831069    -0.00000247   0.000870   3.5e-03   1.5e-04 0.05
 
RESULTS OF THE OCCUPATION OPTIMIZATION
========================================
   1    1.9995701  -11.32650019
   2    1.9375852  -0.73323108
   3    1.0000000  -0.23025094
   4    1.0000000  -0.23024922
   5    0.0406658  -0.02691955
   6    0.0003066  -0.00589760
   7    0.0069595  -0.00972825
   8    0.0000849  -0.00101529
   9    0.0033074  -0.00406866
  10    0.0000107  -0.00031087
  11    0.0032754  -0.00404987
  12    0.0000099  -0.00011648
  13    0.0021026  -0.00278591
  14    0.0000085  -0.00009333
  15    0.0020919  -0.00277706
  16    0.0000008  -0.00005583
  17    0.0009317  -0.00121508
  18    0.0000007  -0.00001382
  19    0.0009240  -0.00121615
  20    0.0000006  -0.00001287
  21    0.0006965  -0.00089309
  22    0.0000006  -0.00001156
  23    0.0002759  -0.00056650
  24    0.0000005  -0.00001050
  25    0.0002750  -0.00056678
  26    0.0000005  -0.00001050
  27    0.0001836  -0.00031400
  28    0.0000005  -0.00000980
  29    0.0001272  -0.00029006
  30    0.0000004  -0.00000899
  31    0.0001194  -0.00019613
  32    0.0000004  -0.00000674
  33    0.0000982  -0.00018829
  34    0.0000004  -0.00000631
  35    0.0000747  -0.00013162
  36    0.0000004  -0.00000659
  37    0.0000742  -0.00013139
  38    0.0000004  -0.00000484
  39    0.0000641  -0.00014682
  40    0.0000004  -0.00000507
  41    0.0000360  -0.00011367
  42    0.0000004  -0.00000449
  43    0.0000331  -0.00010291
  44    0.0000003  -0.00000446
  45    0.0000293  -0.00005703
  46    0.0000003  -0.00000450
  47    0.0000164  -0.00006061
  48    0.0000003  -0.00000374
  49    0.0000163  -0.00004420
  50    0.0000003  -0.00000362
  51    0.0000128  -0.00004229
  52    0.0000003  -0.00000202
  53    0.0000124  -0.00003320
  54    0.0000003  -0.00000183
  55    0.0000112  -0.00003227
  56    0.0000003  -0.00000175
 
----------------
 Final Energies 
----------------
Final NOF Total Energy =     -37.8083107
 
Total Orbital Internal Iterations = 660
Total Occupation Internal Iterations = 34
 
Elapsed time:   82.75 Seconds

---------------------------------
   Lowdin Population Analysis    
---------------------------------
 Idx  Atom   Population   Charge 
---------------------------------
  1     C     6.000      -0.000

---------------------------------
   M Diagnostic: 0.05
---------------------------------

Recovering execution output...
Moving from /scratch/pobleyef/212362 to /home-nas/pobleyef/Poison-NOF/ncwomax/P30-5/GNOFa25/arina.212362
mkdir -p /home-nas/pobleyef/Poison-NOF/ncwomax/P30-5/GNOFa25/arina.212362
mv /scratch/pobleyef/212362/* /home-nas/pobleyef/Poison-NOF/ncwomax/P30-5/GNOFa25/arina.212362
