DC13_7_be4
/software/eb2024/easybuild/software/common/software/Julia/1.11.3-linux-x86_64/bin/julia
Job runing on na01
Choosing scratch ...
Automatic scratch folder selection
/scratch/pobleyef/212364
/scratch/pobleyef/212364 directory
cp DC13_7_be4.jl DC13_7_be4.jld2 to  /scratch/pobleyef/212364/.
Computing Integrals
Basis Set                                            = def2-qzvp
Auxiliary Basis Set                                  = def2-universal-jkfit
Gaussian Type                                        = Spherical
Elapsed time:    5.93 Seconds

Number of basis functions                   (NBF)    = 144
Number of auxiliary basis functions         (NBFAUX) = 204
Inactive Doubly occupied orbitals up to     (NO1)    = 0
No. considered Strongly Doubly occupied MOs (NDOC)   = 8
No. considered Strongly Singly occupied MOs (NSOC)   = 0
NO. of Weakly occ. per St. Doubly occ.  MOs (NCWO)   = 17
Dimension of the Nat. Orb. subspace         (NBF5)   = 144
No. of electrons                                     = 16
    No. of alpha electrons                           = 8
    No. of beta electrons                            = 8
Multiplicity                                         = 1

Geometry
========
Be       0.7279036      -0.7279036       0.7279036
Be      -0.7279036       0.7279036       0.7279036
Be      -0.7279036      -0.7279036      -0.7279036
Be       0.7279036       0.7279036      -0.7279036

No violations of the orthonormality
No violations of the orthonormality
 
PNOF8/ADABelief Calculation
==================
 
  Nitext  Nit_orb  Time   Nit_occ  Time         Eelec          Etot           Ediff      maxdiff    MaxGrad_orb  Grad_occ
     1      10    3.8e+01    5    2.0e+01   -83.35682992   -58.68208825 -10082.35682992   0.000921   3.7e-03   2.0e-04 0.03
 
RESULTS OF THE OCCUPATION OPTIMIZATION
========================================
   1    1.9991367  -4.70731347
   2    1.9992408  -4.70719080
   3    1.9991752  -4.70711035
   4    1.9992149  -4.70683280
   5    1.9779224  -0.56730108
   6    1.9583598  -0.28981709
   7    1.9582977  -0.28907280
   8    1.9606669  -0.28882845
   9    0.0170196  -0.01295240
  10    0.0191274  -0.01371398
  11    0.0199891  -0.01405055
  12    0.0078669  -0.01306222
  13    0.0004470  -0.00324835
  14    0.0004853  -0.00349444
  15    0.0003754  -0.00281871
  16    0.0004572  -0.00334505
  17    0.0121989  -0.01245764
  18    0.0079836  -0.00635227
  19    0.0138380  -0.01239454
  20    0.0048691  -0.00756529
  21    0.0001796  -0.00149974
  22    0.0001680  -0.00139983
  23    0.0001558  -0.00129896
  24    0.0001614  -0.00135367
  25    0.0040825  -0.00455304
  26    0.0051376  -0.00556504
  27    0.0021165  -0.00238631
  28    0.0028773  -0.00852414
  29    0.0001210  -0.00098220
  30    0.0001365  -0.00111839
  31    0.0001335  -0.00115396
  32    0.0001424  -0.00117138
  33    0.0019083  -0.00254328
  34    0.0036535  -0.00370790
  35    0.0020105  -0.00237200
  36    0.0014053  -0.00403994
  37    0.0000218  -0.00023211
  38    0.0000144  -0.00014682
  39    0.0000710  -0.00059030
  40    0.0000814  -0.00078364
  41    0.0011257  -0.00196824
  42    0.0036319  -0.00383141
  43    0.0011947  -0.00191704
  44    0.0013107  -0.00390627
  45    0.0000051  -0.00002571
  46    0.0000084  -0.00005460
  47    0.0000070  -0.00004913
  48    0.0000063  -0.00003912
  49    0.0010959  -0.00178771
  50    0.0008233  -0.00095606
  51    0.0010650  -0.00148975
  52    0.0012213  -0.00384385
  53    0.0000039  -0.00001872
  54    0.0000039  -0.00001917
  55    0.0000052  -0.00002737
  56    0.0000037  -0.00001914
  57    0.0007246  -0.00124167
  58    0.0006980  -0.00107113
  59    0.0004485  -0.00054228
  60    0.0009425  -0.00269355
  61    0.0000020  -0.00001172
  62    0.0000029  -0.00001484
  63    0.0000034  -0.00001631
  64    0.0000030  -0.00001469
  65    0.0004182  -0.00053190
  66    0.0002422  -0.00029991
  67    0.0002506  -0.00031227
  68    0.0006598  -0.00208134
  69    0.0000008  -0.00000290
  70    0.0000009  -0.00000459
  71    0.0000018  -0.00001014
  72    0.0000014  -0.00000983
  73    0.0002086  -0.00027946
  74    0.0000889  -0.00011101
  75    0.0002085  -0.00026731
  76    0.0002670  -0.00092913
  77    0.0000008  -0.00000340
  78    0.0000008  -0.00000330
  79    0.0000013  -0.00000773
  80    0.0000013  -0.00000732
  81    0.0002078  -0.00027289
  82    0.0000605  -0.00008579
  83    0.0001490  -0.00019833
  84    0.0001801  -0.00032910
  85    0.0000006  -0.00000130
  86    0.0000007  -0.00000267
  87    0.0000010  -0.00000460
  88    0.0000010  -0.00000530
  89    0.0000887  -0.00011373
  90    0.0000492  -0.00006762
  91    0.0001073  -0.00013513
  92    0.0001478  -0.00064054
  93    0.0000006  -0.00000132
  94    0.0000006  -0.00000322
  95    0.0000010  -0.00000422
  96    0.0000008  -0.00000335
  97    0.0000663  -0.00009800
  98    0.0000450  -0.00005818
  99    0.0000774  -0.00010046
 100    0.0001256  -0.00029487
 101    0.0000004  -0.00000081
 102    0.0000006  -0.00000274
 103    0.0000008  -0.00000359
 104    0.0000008  -0.00000311
 105    0.0000545  -0.00007790
 106    0.0000436  -0.00006151
 107    0.0000645  -0.00008852
 108    0.0000696  -0.00014067
 109    0.0000004  -0.00000162
 110    0.0000006  -0.00000128
 111    0.0000005  -0.00000123
 112    0.0000008  -0.00000289
 113    0.0000415  -0.00006110
 114    0.0000367  -0.00004922
 115    0.0000421  -0.00005872
 116    0.0000501  -0.00013873
 117    0.0000004  -0.00000458
 118    0.0000005  -0.00000113
 119    0.0000004  -0.00000160
 120    0.0000006  -0.00000150
 121    0.0000369  -0.00005177
 122    0.0000312  -0.00004110
 123    0.0000285  -0.00003911
 124    0.0000330  -0.00010601
 125    0.0000004  -0.00000477
 126    0.0000003  -0.00000502
 127    0.0000004  -0.00000368
 128    0.0000005  -0.00000090
 129    0.0000285  -0.00004285
 130    0.0000275  -0.00003657
 131    0.0000275  -0.00003560
 132    0.0000277  -0.00007849
 133    0.0000003  -0.00000334
 134    0.0000003  -0.00000461
 135    0.0000004  -0.00000313
 136    0.0000004  -0.00000370
 137    0.0000269  -0.00003663
 138    0.0000221  -0.00003494
 139    0.0000224  -0.00003218
 140    0.0000237  -0.00006435
 141    0.0000002  -0.00000007
 142    0.0000002  -0.00000010
 143    0.0000002  -0.00000140
 144    0.0000002  -0.00000141
 
----------------
 Final Energies 
----------------
Final NOF Total Energy =     -58.6820882
 
Total Orbital Internal Iterations = 10
Total Occupation Internal Iterations = 5
 
Elapsed time:   69.54 Seconds

---------------------------------
   Lowdin Population Analysis    
---------------------------------
 Idx  Atom   Population   Charge 
---------------------------------
  1    Be     3.999       0.001
  2    Be     4.002      -0.002
  3    Be     3.999       0.001
  4    Be     4.000       0.000

---------------------------------
   M Diagnostic: 0.03
---------------------------------

Recovering execution output...
Moving from /scratch/pobleyef/212364 to /home-nas/pobleyef/Poison-NOF/ncwomax/P30-5/GNOFa25/arina.212364
mkdir -p /home-nas/pobleyef/Poison-NOF/ncwomax/P30-5/GNOFa25/arina.212364
mv /scratch/pobleyef/212364/* /home-nas/pobleyef/Poison-NOF/ncwomax/P30-5/GNOFa25/arina.212364
