G2RC_20_34
/software/eb2024/easybuild/software/common/software/Julia/1.11.3-linux-x86_64/bin/julia
Job runing on na19
Choosing scratch ...
Automatic scratch folder selection
/scratch/pobleyef/212372
/scratch/pobleyef/212372 directory
cp G2RC_20_34.jl G2RC_20_34.jld2 to  /scratch/pobleyef/212372/.
Computing Integrals
Basis Set                                            = def2-qzvp
Auxiliary Basis Set                                  = def2-universal-jkfit
Gaussian Type                                        = Spherical
Elapsed time:    3.23 Seconds

Number of basis functions                   (NBF)    = 114
Number of auxiliary basis functions         (NBFAUX) = 154
Inactive Doubly occupied orbitals up to     (NO1)    = 0
No. considered Strongly Doubly occupied MOs (NDOC)   = 7
No. considered Strongly Singly occupied MOs (NSOC)   = 0
NO. of Weakly occ. per St. Doubly occ.  MOs (NCWO)   = 15
Dimension of the Nat. Orb. subspace         (NBF5)   = 112
No. of electrons                                     = 14
    No. of alpha electrons                           = 7
    No. of beta electrons                            = 7
Multiplicity                                         = 1

Geometry
========
 N       0.0000000       0.0000000      -0.5454291
 N       0.0000000       0.0000000       0.5454291

No violations of the orthonormality
No violations of the orthonormality
 
PNOF8/ADABelief Calculation
==================
 
  Nitext  Nit_orb  Time   Nit_occ  Time         Eelec          Etot           Ediff      maxdiff    MaxGrad_orb  Grad_occ
     1      10    3.5e+01   15    2.4e+01  -133.21803467  -109.44809946 -10132.21803467   0.000475   1.9e-03   2.2e-04 0.04
 
RESULTS OF THE OCCUPATION OPTIMIZATION
========================================
   1    1.9999623  -15.68437274
   2    1.9999610  -15.68208001
   3    1.9846510  -1.29033572
   4    1.9809811  -0.87898920
   5    1.9725981  -0.79485112
   6    1.9554949  -0.64876758
   7    1.9543317  -0.64770547
   8    0.0360408  -0.04772671
   9    0.0398345  -0.05058956
  10    0.0197932  -0.03351541
  11    0.0086107  -0.01717280
  12    0.0061981  -0.01548033
  13    0.0000282  -0.00082824
  14    0.0000279  -0.00083222
  15    0.0037007  -0.00703173
  16    0.0040349  -0.00733794
  17    0.0051841  -0.00981163
  18    0.0034970  -0.00706766
  19    0.0031126  -0.00709269
  20    0.0000031  -0.00005305
  21    0.0000031  -0.00005040
  22    0.0029598  -0.00555842
  23    0.0002391  -0.00059050
  24    0.0005269  -0.00161604
  25    0.0018114  -0.00429953
  26    0.0016086  -0.00428648
  27    0.0000022  -0.00004608
  28    0.0000022  -0.00004432
  29    0.0028360  -0.00533012
  30    0.0002388  -0.00058926
  31    0.0004952  -0.00142431
  32    0.0016591  -0.00465167
  33    0.0012934  -0.00622326
  34    0.0000020  -0.00005151
  35    0.0000018  -0.00003330
  36    0.0000225  -0.00009761
  37    0.0000246  -0.00009998
  38    0.0002863  -0.00081525
  39    0.0011024  -0.00239429
  40    0.0009803  -0.00238488
  41    0.0000018  -0.00004713
  42    0.0000017  -0.00006458
  43    0.0000176  -0.00008930
  44    0.0000218  -0.00009381
  45    0.0002529  -0.00071660
  46    0.0005887  -0.00163802
  47    0.0005451  -0.00173721
  48    0.0000004  -0.00002846
  49    0.0000002  -0.00001753
  50    0.0000144  -0.00007021
  51    0.0000184  -0.00008623
  52    0.0002403  -0.00068046
  53    0.0005304  -0.00419252
  54    0.0005348  -0.00350651
  55    0.0000002  -0.00001901
  56    0.0000002  -0.00000938
  57    0.0000133  -0.00007311
  58    0.0000173  -0.00008574
  59    0.0001630  -0.00048420
  60    0.0002924  -0.00080625
  61    0.0003128  -0.00156980
  62    0.0000002  -0.00001064
  63    0.0000001  -0.00000684
  64    0.0000116  -0.00006361
  65    0.0000139  -0.00006978
  66    0.0001356  -0.00037375
  67    0.0002417  -0.00095695
  68    0.0002330  -0.00094086
  69    0.0000002  -0.00001000
  70    0.0000001  -0.00000637
  71    0.0000110  -0.00005869
  72    0.0000125  -0.00006965
  73    0.0000955  -0.00031871
  74    0.0001821  -0.00050531
  75    0.0001182  -0.00042469
  76    0.0000002  -0.00000922
  77    0.0000001  -0.00000426
  78    0.0000097  -0.00005454
  79    0.0000110  -0.00005326
  80    0.0000936  -0.00036440
  81    0.0001257  -0.00039472
  82    0.0001147  -0.00050389
  83    0.0000001  -0.00000511
  84    0.0000001  -0.00000138
  85    0.0000088  -0.00005057
  86    0.0000104  -0.00005634
  87    0.0000521  -0.00022411
  88    0.0001174  -0.00036817
  89    0.0001122  -0.00041601
  90    0.0000001  -0.00000385
  91    0.0000001  -0.00000129
  92    0.0000084  -0.00005035
  93    0.0000103  -0.00005296
  94    0.0000290  -0.00013566
  95    0.0001170  -0.00038953
  96    0.0001009  -0.00039782
  97    0.0000001  -0.00000209
  98    0.0000001  -0.00000103
  99    0.0000074  -0.00004508
 100    0.0000090  -0.00005317
 101    0.0000284  -0.00013738
 102    0.0001027  -0.00037446
 103    0.0000501  -0.00025578
 104    0.0000001  -0.00000184
 105    0.0000001  -0.00000043
 106    0.0000063  -0.00004346
 107    0.0000086  -0.00005254
 108    0.0000259  -0.00012691
 109    0.0000401  -0.00020113
 110    0.0000341  -0.00017708
 111    0.0000001  -0.00000099
 112    0.0000000  -0.00000044
 
----------------
 Final Energies 
----------------
Final NOF Total Energy =    -109.4480995
 
Total Orbital Internal Iterations = 10
Total Occupation Internal Iterations = 15
 
Elapsed time:   73.01 Seconds

---------------------------------
   Lowdin Population Analysis    
---------------------------------
 Idx  Atom   Population   Charge 
---------------------------------
  1     N     6.999       0.001
  2     N     7.001      -0.001

---------------------------------
   M Diagnostic: 0.04
---------------------------------

Recovering execution output...
Moving from /scratch/pobleyef/212372 to /home-nas/pobleyef/Poison-NOF/ncwomax/P30-5/GNOFa25/arina.212372
mkdir -p /home-nas/pobleyef/Poison-NOF/ncwomax/P30-5/GNOFa25/arina.212372
mv /scratch/pobleyef/212372/* /home-nas/pobleyef/Poison-NOF/ncwomax/P30-5/GNOFa25/arina.212372
