Computing Integrals
Basis Set                                            = def2-qzvp
Auxiliary Basis Set                                  = def2-universal-jkfit
Gaussian Type                                        = Spherical
Elapsed time:    2.82 Seconds

Number of basis functions                   (NBF)    = 171
Number of auxiliary basis functions         (NBFAUX) = 231
Inactive Doubly occupied orbitals up to     (NO1)    = 0
No. considered Strongly Doubly occupied MOs (NDOC)   = 11
No. considered Strongly Singly occupied MOs (NSOC)   = 0
NO. of Weakly occ. per St. Doubly occ.  MOs (NCWO)   = 14
Dimension of the Nat. Orb. subspace         (NBF5)   = 165
No. of electrons                                     = 22
    No. of alpha electrons                           = 11
    No. of beta electrons                            = 11
Multiplicity                                         = 1

Geometry
========
 N       0.0000000       0.0000000      -0.0211861
 N       0.0000000       0.0000000      -1.1424486
 O       0.0000000       0.0000000       1.1636347

No violations of the orthonormality
No violations of the orthonormality
 
PNOF8/ADABelief Calculation
==================
 
  Nitext  Nit_orb  Time   Nit_occ  Time         Eelec          Etot           Ediff      maxdiff    MaxGrad_orb  Grad_occ
     1      10    2.2e+01    8    2.5e+01  -245.50042548  -184.51347699 -10244.50042548   0.003431   1.4e-02   1.8e-04 0.04
     2      20    3.1e+00    0    4.7e-02  -245.50074089  -184.51379240    -0.00031540   0.003431   1.4e-02   1.8e-04 0.04
     3      40    6.7e+00    5    1.9e-01  -245.50094664  -184.51399814    -0.00020575   0.004589   1.8e-02   1.7e-04 0.04
     4      40    6.4e+00    8    3.0e-01  -245.50110716  -184.51415867    -0.00016052   0.003496   1.4e-02   1.9e-04 0.04
     5      40    6.6e+00    3    1.5e-01  -245.50116716  -184.51421867    -0.00006000   0.003361   1.3e-02   1.6e-04 0.04
     6      40    6.2e+00    1    1.2e-01  -245.50122420  -184.51427571    -0.00005704   0.003194   1.3e-02   2.5e-04 0.04
     7      40    6.8e+00    0    9.6e-02  -245.50123255  -184.51428406    -0.00000835   0.003271   1.3e-02   2.5e-04 0.04
     8      50    8.2e+00    7    2.4e-01  -245.50130874  -184.51436025    -0.00007619   0.002327   9.3e-03   2.3e-04 0.04
     9      50    7.9e+00    0    5.0e-02  -245.50133120  -184.51438270    -0.00002246   0.002327   9.3e-03   2.3e-04 0.04
    10      70    1.2e+01    0    4.6e-02  -245.50141926  -184.51447077    -0.00008807   0.000552   2.2e-03   2.0e-04 0.04
 
RESULTS OF THE OCCUPATION OPTIMIZATION
========================================
   1    1.9999779  -19.09909230
   2    1.9999657  -16.98662126
   3    1.9999647  -16.12098825
   4    1.9874653  -1.57506806
   5    1.9808049  -1.41907116
   6    1.9667107  -0.87008426
   7    1.9787568  -0.81543008
   8    1.9790848  -0.75655170
   9    1.9782536  -0.75105811
  10    1.9543305  -0.57014164
  11    1.9543893  -0.56443477
  12    0.0427270  -0.06011771
  13    0.0387193  -0.05704118
  14    0.0073824  -0.01341308
  15    0.0086347  -0.01771810
  16    0.0078458  -0.01631581
  17    0.0303345  -0.05297271
  18    0.0142911  -0.03004679
  19    0.0037139  -0.00875807
  20    0.0000143  -0.00040445
  21    0.0000095  -0.00028671
  22    0.0000105  -0.00037750
  23    0.0024800  -0.00533633
  24    0.0024480  -0.00536046
  25    0.0061411  -0.01380471
  26    0.0070793  -0.01317864
  27    0.0042035  -0.00818592
  28    0.0022849  -0.00599402
  29    0.0029197  -0.00723372
  30    0.0035996  -0.00835843
  31    0.0000049  -0.00006831
  32    0.0000055  -0.00008888
  33    0.0000033  -0.00004599
  34    0.0001357  -0.00040290
  35    0.0023766  -0.00493378
  36    0.0050369  -0.00938745
  37    0.0014319  -0.00470466
  38    0.0037117  -0.00741215
  39    0.0001860  -0.00064125
  40    0.0005237  -0.00336788
  41    0.0020150  -0.00819765
  42    0.0000036  -0.00004795
  43    0.0000054  -0.00007047
  44    0.0000029  -0.00004342
  45    0.0001315  -0.00039159
  46    0.0020075  -0.00463009
  47    0.0007244  -0.00204056
  48    0.0011306  -0.00339797
  49    0.0016082  -0.00510409
  50    0.0001447  -0.00051897
  51    0.0004250  -0.00148576
  52    0.0010463  -0.00350692
  53    0.0000035  -0.00004504
  54    0.0000047  -0.00006819
  55    0.0000019  -0.00006031
  56    0.0000250  -0.00010742
  57    0.0000149  -0.00007807
  58    0.0005456  -0.00170500
  59    0.0007282  -0.00208840
  60    0.0012577  -0.00346216
  61    0.0000833  -0.00036207
  62    0.0002022  -0.00066206
  63    0.0006623  -0.00549905
  64    0.0000033  -0.00003995
  65    0.0000037  -0.00004722
  66    0.0000013  -0.00002917
  67    0.0000142  -0.00007608
  68    0.0000143  -0.00007625
  69    0.0004495  -0.00135350
  70    0.0005374  -0.00167927
  71    0.0012236  -0.00280527
  72    0.0000737  -0.00034414
  73    0.0001807  -0.00068646
  74    0.0004980  -0.00315400
  75    0.0000013  -0.00003115
  76    0.0000013  -0.00003163
  77    0.0000005  -0.00001685
  78    0.0000138  -0.00007479
  79    0.0000132  -0.00007431
  80    0.0004300  -0.00182633
  81    0.0004339  -0.00152723
  82    0.0002403  -0.00074596
  83    0.0000687  -0.00031459
  84    0.0001792  -0.00068473
  85    0.0003161  -0.00171733
  86    0.0000012  -0.00002859
  87    0.0000012  -0.00002686
  88    0.0000005  -0.00002985
  89    0.0000132  -0.00007507
  90    0.0000129  -0.00007229
  91    0.0003170  -0.00092220
  92    0.0004329  -0.00152496
  93    0.0002318  -0.00070180
  94    0.0000259  -0.00014426
  95    0.0001116  -0.00063254
  96    0.0002278  -0.00086885
  97    0.0000010  -0.00002121
  98    0.0000009  -0.00002059
  99    0.0000003  -0.00002372
 100    0.0000128  -0.00007004
 101    0.0000124  -0.00006834
 102    0.0003101  -0.00092122
 103    0.0001728  -0.00069425
 104    0.0002287  -0.00067149
 105    0.0000169  -0.00011006
 106    0.0001111  -0.00059099
 107    0.0002212  -0.00084509
 108    0.0000007  -0.00001654
 109    0.0000006  -0.00001465
 110    0.0000002  -0.00000461
 111    0.0000127  -0.00006552
 112    0.0000115  -0.00006275
 113    0.0002268  -0.00074921
 114    0.0001580  -0.00063147
 115    0.0002219  -0.00067587
 116    0.0000167  -0.00010923
 117    0.0000932  -0.00045845
 118    0.0000914  -0.00108526
 119    0.0000006  -0.00002623
 120    0.0000005  -0.00002788
 121    0.0000002  -0.00000402
 122    0.0000122  -0.00005983
 123    0.0000110  -0.00006362
 124    0.0000703  -0.00029619
 125    0.0000662  -0.00034200
 126    0.0001437  -0.00073357
 127    0.0000143  -0.00009544
 128    0.0000585  -0.00026605
 129    0.0000752  -0.00086967
 130    0.0000004  -0.00001174
 131    0.0000004  -0.00002884
 132    0.0000002  -0.00000431
 133    0.0000117  -0.00006402
 134    0.0000102  -0.00005145
 135    0.0000468  -0.00021960
 136    0.0000506  -0.00030608
 137    0.0001226  -0.00042385
 138    0.0000139  -0.00009486
 139    0.0000424  -0.00022041
 140    0.0000254  -0.00017450
 141    0.0000003  -0.00000615
 142    0.0000003  -0.00001061
 143    0.0000002  -0.00000211
 144    0.0000111  -0.00006347
 145    0.0000094  -0.00005264
 146    0.0000355  -0.00020800
 147    0.0000374  -0.00019186
 148    0.0001042  -0.00040163
 149    0.0000134  -0.00008693
 150    0.0000294  -0.00015748
 151    0.0000225  -0.00013696
 152    0.0000003  -0.00000496
 153    0.0000003  -0.00001024
 154    0.0000001  -0.00000186
 155    0.0000099  -0.00005901
 156    0.0000083  -0.00004674
 157    0.0000301  -0.00016106
 158    0.0000212  -0.00011201
 159    0.0000996  -0.00039245
 160    0.0000125  -0.00008543
 161    0.0000274  -0.00013743
 162    0.0000201  -0.00012950
 163    0.0000001  -0.00000125
 164    0.0000001  -0.00000123
 165    0.0000001  -0.00000137
 
----------------
 Final Energies 
----------------
Final NOF Total Energy =    -184.5144708
 
Total Orbital Internal Iterations = 400
Total Occupation Internal Iterations = 32
 
Elapsed time:  128.47 Seconds

---------------------------------
   Lowdin Population Analysis    
---------------------------------
 Idx  Atom   Population   Charge 
---------------------------------
  1     N     7.143      -0.143
  2     N     6.951       0.049
  3     O     7.906       0.094

---------------------------------
   M Diagnostic: 0.04
---------------------------------

