s
/software/eb2024/easybuild/software/common/software/Julia/1.11.3-linux-x86_64/bin/julia
Job runing on na19
Choosing scratch ...
Automatic scratch folder selection
/scratch/pobleyef/212389
/scratch/pobleyef/212389 directory
cp s.jl s.jld2 to  /scratch/pobleyef/212389/.
Computing Integrals
Basis Set                                            = def2-qzvp
Auxiliary Basis Set                                  = def2-universal-jkfit
Gaussian Type                                        = Spherical
Elapsed time:    3.49 Seconds

Number of basis functions                   (NBF)    = 70
Number of auxiliary basis functions         (NBFAUX) = 128
Inactive Doubly occupied orbitals up to     (NO1)    = 0
No. considered Strongly Doubly occupied MOs (NDOC)   = 7
No. considered Strongly Singly occupied MOs (NSOC)   = 2
NO. of Weakly occ. per St. Doubly occ.  MOs (NCWO)   = 8
Dimension of the Nat. Orb. subspace         (NBF5)   = 65
No. of electrons                                     = 16
    No. of alpha electrons                           = 9
    No. of beta electrons                            = 7
Multiplicity                                         = 3

Geometry
========
 S       0.0000000       0.0000000       0.0000000

No violations of the orthonormality
No violations of the orthonormality
 
PNOF8/ADABelief Calculation
==================
 
  Nitext  Nit_orb  Time   Nit_occ  Time         Eelec          Etot           Ediff      maxdiff    MaxGrad_orb  Grad_occ
     1      10    1.9e+01    5    2.7e+01  -397.92930222  -397.92930222 -10396.92930222   0.000960   3.8e-03   2.9e-04 0.03
 
RESULTS OF THE OCCUPATION OPTIMIZATION
========================================
   1    1.9999993  -92.06905419
   2    1.9995021  -9.03063541
   3    1.9983244  -6.71101882
   4    1.9981196  -6.71046560
   5    1.9975299  -6.70922797
   6    1.9761922  -0.90247909
   7    1.9588888  -0.41979058
   8    1.0000000  -0.25204001
   9    1.0000000  -0.25195014
  10    0.0091078  -0.01296962
  11    0.0079438  -0.02729353
  12    0.0018568  -0.02081205
  13    0.0009379  -0.00848649
  14    0.0008282  -0.00772341
  15    0.0004318  -0.00416383
  16    0.0000003  -0.00001164
  17    0.0086052  -0.01802088
  18    0.0057491  -0.01797733
  19    0.0004963  -0.00894865
  20    0.0005827  -0.01233805
  21    0.0006869  -0.01183357
  22    0.0000226  -0.00023714
  23    0.0000001  -0.00000705
  24    0.0081557  -0.01169092
  25    0.0048308  -0.01250677
  26    0.0000487  -0.00086381
  27    0.0002512  -0.00393034
  28    0.0000714  -0.00277130
  29    0.0000154  -0.00017368
  30    0.0000001  -0.00000363
  31    0.0080771  -0.01193791
  32    0.0021289  -0.00903903
  33    0.0000341  -0.00030722
  34    0.0000596  -0.00065306
  35    0.0000466  -0.00046570
  36    0.0000128  -0.00063451
  37    0.0000000  -0.00000357
  38    0.0058979  -0.00972879
  39    0.0020895  -0.00885015
  40    0.0000119  -0.00032925
  41    0.0000254  -0.00025177
  42    0.0000195  -0.00017745
  43    0.0000058  -0.00005019
  44    0.0000000  -0.00000263
  45    0.0004688  -0.00093403
  46    0.0004392  -0.00103272
  47    0.0000079  -0.00007149
  48    0.0000094  -0.00008114
  49    0.0000102  -0.00008650
  50    0.0000034  -0.00052093
  51    0.0000000  -0.00000214
  52    0.0004394  -0.00088389
  53    0.0003640  -0.00088280
  54    0.0000078  -0.00007098
  55    0.0000085  -0.00007766
  56    0.0000072  -0.00006330
  57    0.0000031  -0.00003820
  58    0.0000000  -0.00000211
  59    0.0003592  -0.00075445
  60    0.0002624  -0.00065069
  61    0.0000067  -0.00006142
  62    0.0000058  -0.00005104
  63    0.0000055  -0.00004935
  64    0.0000029  -0.00003391
  65    0.0000000  -0.00000141
 
----------------
 Final Energies 
----------------
Final NOF Total Energy =    -397.9293022
 
Total Orbital Internal Iterations = 10
Total Occupation Internal Iterations = 5
 
Elapsed time:   58.54 Seconds

---------------------------------
   Lowdin Population Analysis    
---------------------------------
 Idx  Atom   Population   Charge 
---------------------------------
  1     S    16.000      -0.000

---------------------------------
   M Diagnostic: 0.03
---------------------------------

Recovering execution output...
Moving from /scratch/pobleyef/212389 to /home-nas/pobleyef/Poison-NOF/ncwomax/P30-5/GNOFa25/arina.212389
mkdir -p /home-nas/pobleyef/Poison-NOF/ncwomax/P30-5/GNOFa25/arina.212389
mv /scratch/pobleyef/212389/* /home-nas/pobleyef/Poison-NOF/ncwomax/P30-5/GNOFa25/arina.212389
