si
/software/eb2024/easybuild/software/common/software/Julia/1.11.3-linux-x86_64/bin/julia
Job runing on na10
Choosing scratch ...
Automatic scratch folder selection
/scratch/pobleyef/212388
/scratch/pobleyef/212388 directory
cp si.jl si.jld2 to  /scratch/pobleyef/212388/.
Computing Integrals
Basis Set                                            = def2-qzvp
Auxiliary Basis Set                                  = def2-universal-jkfit
Gaussian Type                                        = Spherical
Elapsed time:    3.14 Seconds

Number of basis functions                   (NBF)    = 70
Number of auxiliary basis functions         (NBFAUX) = 128
Inactive Doubly occupied orbitals up to     (NO1)    = 0
No. considered Strongly Doubly occupied MOs (NDOC)   = 6
No. considered Strongly Singly occupied MOs (NSOC)   = 2
NO. of Weakly occ. per St. Doubly occ.  MOs (NCWO)   = 10
Dimension of the Nat. Orb. subspace         (NBF5)   = 68
No. of electrons                                     = 14
    No. of alpha electrons                           = 8
    No. of beta electrons                            = 6
Multiplicity                                         = 3

Geometry
========
Si       0.0000000       0.0000000       0.0000000

No violations of the orthonormality
No violations of the orthonormality
 
PNOF8/ADABelief Calculation
==================
 
  Nitext  Nit_orb  Time   Nit_occ  Time         Eelec          Etot           Ediff      maxdiff    MaxGrad_orb  Grad_occ
     1      10    2.1e+01    7    2.3e+01  -289.15481935  -289.15481935 -10288.15481935   0.000844   3.4e-03   2.3e-04 0.03
 
RESULTS OF THE OCCUPATION OPTIMIZATION
========================================
   1    1.9999989  -68.87825429
   2    1.9991097  -6.18757316
   3    1.9937189  -4.28269556
   4    1.9947349  -4.28206942
   5    1.9946284  -4.28113445
   6    1.9628621  -0.55833888
   7    1.0000000  -0.15595547
   8    1.0000000  -0.15583597
   9    0.0205645  -0.02574444
  10    0.0033090  -0.02184635
  11    0.0033544  -0.02192281
  12    0.0036801  -0.03079498
  13    0.0007395  -0.00470532
  14    0.0000008  -0.00000653
  15    0.0047823  -0.00777173
  16    0.0017228  -0.01032434
  17    0.0015326  -0.01199536
  18    0.0016715  -0.01020912
  19    0.0000557  -0.00041927
  20    0.0000001  -0.00000244
  21    0.0047103  -0.00790746
  22    0.0002416  -0.00180438
  23    0.0002911  -0.00635234
  24    0.0007894  -0.00495002
  25    0.0000504  -0.00181354
  26    0.0000000  -0.00000119
  27    0.0034882  -0.00800397
  28    0.0000247  -0.00015235
  29    0.0000249  -0.00015802
  30    0.0000835  -0.00061357
  31    0.0000145  -0.00010705
  32    0.0000000  -0.00000118
  33    0.0010059  -0.00214898
  34    0.0000209  -0.00012664
  35    0.0000242  -0.00015574
  36    0.0000183  -0.00012096
  37    0.0000131  -0.00045580
  38    0.0000000  -0.00000093
  39    0.0009167  -0.00125549
  40    0.0000189  -0.00011657
  41    0.0000228  -0.00014730
  42    0.0000167  -0.00011170
  43    0.0000084  -0.00027066
  44    0.0000000  -0.00000087
  45    0.0006975  -0.00099334
  46    0.0000161  -0.00010429
  47    0.0000042  -0.00002693
  48    0.0000064  -0.00004118
  49    0.0000024  -0.00001844
  50    0.0000000  -0.00000059
  51    0.0004969  -0.00147931
  52    0.0000074  -0.00004450
  53    0.0000038  -0.00011181
  54    0.0000061  -0.00003548
  55    0.0000022  -0.00001688
  56    0.0000000  -0.00000053
  57    0.0002381  -0.00040830
  58    0.0000054  -0.00003399
  59    0.0000035  -0.00002318
  60    0.0000049  -0.00002897
  61    0.0000021  -0.00001166
  62    0.0000000  -0.00000050
  63    0.0002377  -0.00040841
  64    0.0000047  -0.00029150
  65    0.0000035  -0.00002214
  66    0.0000042  -0.00002489
  67    0.0000020  -0.00001137
  68    0.0000000  -0.00000043
 
----------------
 Final Energies 
----------------
Final NOF Total Energy =    -289.1548194
 
Total Orbital Internal Iterations = 10
Total Occupation Internal Iterations = 7
 
Elapsed time:   56.39 Seconds

---------------------------------
   Lowdin Population Analysis    
---------------------------------
 Idx  Atom   Population   Charge 
---------------------------------
  1    Si    14.000      -0.000

---------------------------------
   M Diagnostic: 0.03
---------------------------------

Recovering execution output...
Moving from /scratch/pobleyef/212388 to /home-nas/pobleyef/Poison-NOF/ncwomax/P30-5/GNOFa25/arina.212388
mkdir -p /home-nas/pobleyef/Poison-NOF/ncwomax/P30-5/GNOFa25/arina.212388
mv /scratch/pobleyef/212388/* /home-nas/pobleyef/Poison-NOF/ncwomax/P30-5/GNOFa25/arina.212388
