W4-11-s
/software/eb2024/easybuild/software/common/software/Julia/1.11.3-linux-x86_64/bin/julia
Job runing on nh020
Choosing scratch ...
Automatic scratch folder selection
/scratch/pobleyef/284465
/scratch/pobleyef/284465 directory
cp W4-11-s.jl W4-11-s.jld2 to  /scratch/pobleyef/284465/.
Computing Integrals
Basis Set                                            = def2-qzvp
Auxiliary Basis Set                                  = def2-universal-jkfit
Gaussian Type                                        = Spherical
Elapsed time:    3.55 Seconds

Number of basis functions                   (NBF)    = 70
Number of auxiliary basis functions         (NBFAUX) = 128
Inactive Doubly occupied orbitals up to     (NO1)    = 0
No. considered Strongly Doubly occupied MOs (NDOC)   = 7
No. considered Strongly Singly occupied MOs (NSOC)   = 2
NO. of Weakly occ. per St. Doubly occ.  MOs (NCWO)   = 8
Dimension of the Nat. Orb. subspace         (NBF5)   = 65
No. of electrons                                     = 16
    No. of alpha electrons                           = 9
    No. of beta electrons                            = 7
Multiplicity                                         = 3

Geometry
========
 S       0.0000000       0.0000000       0.0000000

No violations of the orthonormality
No violations of the orthonormality
 
PNOF8/ADABelief Calculation
==================
 
  Nitext  Nit_orb  Time   Nit_occ  Time         Eelec          Etot           Ediff      maxdiff    MaxGrad_orb  Grad_occ
     1      10    2.8e+01   33    3.5e+01  -397.69963217  -397.69963217 -10396.69963217   0.019835   7.9e-02   1.7e-04 0.03
     2      20    1.5e-01   53    2.2e-01  -397.82744862  -397.82744862    -0.12781646   0.241585   9.7e-01   1.7e-04 0.02
     3      20    1.7e-01   23    1.0e-01  -397.87812009  -397.87812009    -0.05067146   0.107609   4.3e-01   2.0e-04 0.02
     4      20    1.4e-01   29    1.3e-01  -397.89539418  -397.89539418    -0.01727409   0.053106   2.1e-01   1.8e-04 0.02
     5      20    1.7e-01   12    7.4e-02  -397.90565650  -397.90565650    -0.01026232   0.047528   1.9e-01   1.6e-04 0.02
     6      20    1.4e-01   18    1.6e-01  -397.91491112  -397.91491112    -0.00925462   0.055948   2.2e-01   1.5e-04 0.02
     7      20    1.5e-01   19    8.0e-02  -397.92039477  -397.92039477    -0.00548365   0.043507   1.7e-01   1.7e-04 0.02
     8      20    1.2e-01   21    9.1e-02  -397.92847032  -397.92847032    -0.00807555   0.044374   1.8e-01   1.4e-04 0.02
     9      20    1.6e-01   26    1.1e-01  -397.93218006  -397.93218006    -0.00370974   0.039627   1.6e-01   1.7e-04 0.02
    10      20    1.5e-01   18    7.8e-02  -397.93676219  -397.93676219    -0.00458213   0.034095   1.4e-01   1.9e-04 0.02
    11      20    1.2e-01   16    7.0e-02  -397.93843047  -397.93843047    -0.00166828   0.041105   1.6e-01   1.3e-04 0.02
    12      20    1.3e-01   10    5.7e-02  -397.94063596  -397.94063596    -0.00220550   0.034497   1.4e-01   1.7e-04 0.02
    13      20    1.5e-01    4    2.5e-02  -397.94114697  -397.94114697    -0.00051101   0.038141   1.5e-01   2.2e-04 0.02
    14      20    1.3e-01    4    2.6e-02  -397.94160881  -397.94160881    -0.00046184   0.032806   1.3e-01   2.1e-04 0.02
    15      20    1.6e-01    0    6.1e-03  -397.94163716  -397.94163716    -0.00002834   0.032806   1.3e-01   2.1e-04 0.02
    16      40    2.7e-01    4    2.0e-02  -397.94429698  -397.94429698    -0.00265982   0.001809   7.2e-03   2.0e-04 0.02
    17      40    2.4e-01    4    2.6e-02  -397.94435996  -397.94435996    -0.00006298   0.003598   1.4e-02   2.0e-04 0.02
    18      40    2.3e-01    6    3.1e-02  -397.94441435  -397.94441435    -0.00005440   0.003884   1.6e-02   2.2e-04 0.02
    19      40    2.4e-01    1    9.9e-03  -397.94445616  -397.94445616    -0.00004181   0.004568   1.8e-02   1.8e-04 0.02
    20      40    2.6e-01    3    1.6e-02  -397.94448282  -397.94448282    -0.00002666   0.003842   1.5e-02   1.8e-04 0.02
    21      40    2.5e-01    3    2.1e-02  -397.94450763  -397.94450763    -0.00002481   0.003339   1.3e-02   1.6e-04 0.02
    22      40    2.2e-01    8    4.3e-02  -397.94452124  -397.94452124    -0.00001361   0.003359   1.3e-02   1.7e-04 0.02
    23      40    3.0e-01    1    8.8e-03  -397.94454648  -397.94454648    -0.00002524   0.003123   1.2e-02   1.5e-04 0.02
    24      40    2.3e-01    0    6.1e-03  -397.94455168  -397.94455168    -0.00000520   0.003211   1.3e-02   1.8e-04 0.02
    25      50    3.1e-01    2    1.2e-02  -397.94457309  -397.94457309    -0.00002141   0.002514   1.0e-02   1.4e-04 0.02
    26      50    3.3e-01    0    1.1e-02  -397.94457909  -397.94457909    -0.00000600   0.002590   1.0e-02   1.3e-04 0.02
    27      60    3.5e-01    0    6.2e-03  -397.94458860  -397.94458860    -0.00000951   0.002017   8.1e-03   1.2e-04 0.02
    28      70    4.0e-01    0    6.4e-03  -397.94460025  -397.94460025    -0.00001165   0.001850   7.4e-03   1.5e-04 0.02
    29      80    4.5e-01    0    1.1e-02  -397.94460403  -397.94460403    -0.00000378   0.001445   5.8e-03   1.4e-04 0.02
    30      90    5.0e-01    0    1.2e-02  -397.94460877  -397.94460877    -0.00000473   0.001226   4.9e-03   1.6e-04 0.02
    31     100    5.5e-01    0    1.2e-02  -397.94461316  -397.94461316    -0.00000439   0.000994   4.0e-03   1.5e-04 0.02
 
RESULTS OF THE OCCUPATION OPTIMIZATION
========================================
   1    1.9999983  -92.06758888
   2    1.9993792  -9.02663458
   3    1.9983874  -6.70913405
   4    1.9984839  -6.70764092
   5    1.9971818  -6.70673665
   6    1.9723517  -0.90273585
   7    1.9605065  -0.42058623
   8    1.0000000  -0.25517619
   9    1.0000000  -0.25482509
  10    0.0100103  -0.01484538
  11    0.0075664  -0.02580051
  12    0.0019639  -0.02104318
  13    0.0010442  -0.00941849
  14    0.0007604  -0.00918149
  15    0.0004918  -0.00919790
  16    0.0000011  -0.00002154
  17    0.0089804  -0.01858225
  18    0.0053932  -0.01763837
  19    0.0006423  -0.00886852
  20    0.0002858  -0.00446785
  21    0.0006716  -0.01288388
  22    0.0000492  -0.00047613
  23    0.0000003  -0.00001065
  24    0.0088687  -0.01286439
  25    0.0051524  -0.01227784
  26    0.0000686  -0.00123854
  27    0.0000852  -0.00276673
  28    0.0000726  -0.00074183
  29    0.0000339  -0.00037053
  30    0.0000001  -0.00000630
  31    0.0087299  -0.01270888
  32    0.0048359  -0.01225400
  33    0.0000562  -0.00043813
  34    0.0000405  -0.00034346
  35    0.0000646  -0.00053573
  36    0.0000286  -0.00021903
  37    0.0000001  -0.00000404
  38    0.0015038  -0.00486773
  39    0.0019218  -0.00831590
  40    0.0000538  -0.00040438
  41    0.0000305  -0.00024464
  42    0.0000137  -0.00010004
  43    0.0000052  -0.00005151
  44    0.0000001  -0.00000376
  45    0.0005225  -0.00098085
  46    0.0018894  -0.00823943
  47    0.0000147  -0.00061895
  48    0.0000137  -0.00040266
  49    0.0000111  -0.00008782
  50    0.0000047  -0.00004479
  51    0.0000000  -0.00000258
  52    0.0004419  -0.00085980
  53    0.0004535  -0.00112102
  54    0.0000109  -0.00009140
  55    0.0000099  -0.00007729
  56    0.0000105  -0.00008529
  57    0.0000038  -0.00003925
  58    0.0000000  -0.00000255
  59    0.0004361  -0.00084245
  60    0.0004357  -0.00107905
  61    0.0000076  -0.00005964
  62    0.0000063  -0.00005520
  63    0.0000082  -0.00007120
  64    0.0000035  -0.00059817
  65    0.0000000  -0.00000173
 
----------------
 Final Energies 
----------------
Final NOF Total Energy =    -397.9446132
 
Total Orbital Internal Iterations = 1150
Total Occupation Internal Iterations = 318
 
Elapsed time:   91.06 Seconds

---------------------------------
   Lowdin Population Analysis    
---------------------------------
 Idx  Atom   Population   Charge 
---------------------------------
  1     S    16.000      -0.000

---------------------------------
   M Diagnostic: 0.02
---------------------------------

Recovering execution output...
Moving from /scratch/pobleyef/284465 to /home-nas/pobleyef/Poison-NOF/ncwomax/P30-5/GNOFa25/arina.284465
mkdir -p /home-nas/pobleyef/Poison-NOF/ncwomax/P30-5/GNOFa25/arina.284465
mv /scratch/pobleyef/284465/* /home-nas/pobleyef/Poison-NOF/ncwomax/P30-5/GNOFa25/arina.284465
