W4-11_113_n2o
/software/eb2024/easybuild/software/common/software/Julia/1.11.3-linux-x86_64/bin/julia
Job runing on na01
Choosing scratch ...
Automatic scratch folder selection
/scratch/pobleyef/212393
/scratch/pobleyef/212393 directory
cp W4-11_113_n2o.jl W4-11_113_n2o.jld2 to  /scratch/pobleyef/212393/.
Computing Integrals
Basis Set                                            = def2-qzvp
Auxiliary Basis Set                                  = def2-universal-jkfit
Gaussian Type                                        = Spherical
Elapsed time:    9.54 Seconds

Number of basis functions                   (NBF)    = 171
Number of auxiliary basis functions         (NBFAUX) = 231
Inactive Doubly occupied orbitals up to     (NO1)    = 0
No. considered Strongly Doubly occupied MOs (NDOC)   = 11
No. considered Strongly Singly occupied MOs (NSOC)   = 0
NO. of Weakly occ. per St. Doubly occ.  MOs (NCWO)   = 14
Dimension of the Nat. Orb. subspace         (NBF5)   = 165
No. of electrons                                     = 22
    No. of alpha electrons                           = 11
    No. of beta electrons                            = 11
Multiplicity                                         = 1

Geometry
========
 N       0.0000000       0.0000000      -1.2014770
 N       0.0000000       0.0000000      -0.0723770
 O       0.0000000       0.0000000       1.1146230

No violations of the orthonormality
No violations of the orthonormality
 
PNOF8/ADABelief Calculation
==================
 
  Nitext  Nit_orb  Time   Nit_occ  Time         Eelec          Etot           Ediff      maxdiff    MaxGrad_orb  Grad_occ
     1      10    6.8e+01   20    2.2e+01  -245.24198677  -184.51705184 -10244.24198677   0.000574   2.3e-03   2.4e-04 0.05
 
RESULTS OF THE OCCUPATION OPTIMIZATION
========================================
   1    1.9999854  -19.93614058
   2    1.9999709  -16.46370455
   3    1.9999632  -15.81010077
   4    1.9868296  -1.52592921
   5    1.9833816  -1.27830923
   6    1.9738346  -0.93722336
   7    1.9673907  -0.92901617
   8    1.9772291  -0.75115905
   9    1.9756328  -0.73809251
  10    1.9538104  -0.57891802
  11    1.9540957  -0.56634490
  12    0.0451384  -0.06174412
  13    0.0430796  -0.06028291
  14    0.0072069  -0.01338572
  15    0.0072955  -0.01340809
  16    0.0298077  -0.05280724
  17    0.0174766  -0.03174546
  18    0.0066083  -0.01664564
  19    0.0067492  -0.01926840
  20    0.0000123  -0.00035651
  21    0.0000069  -0.00018112
  22    0.0000073  -0.00025712
  23    0.0002004  -0.00054922
  24    0.0026343  -0.00518553
  25    0.0048287  -0.00923652
  26    0.0050720  -0.00947329
  27    0.0018286  -0.00502464
  28    0.0037402  -0.00842820
  29    0.0031745  -0.00696149
  30    0.0019156  -0.00777699
  31    0.0000042  -0.00006808
  32    0.0000047  -0.00007223
  33    0.0000020  -0.00003826
  34    0.0001948  -0.00053673
  35    0.0001327  -0.00038554
  36    0.0046031  -0.00916537
  37    0.0046132  -0.00927671
  38    0.0004986  -0.00165600
  39    0.0026212  -0.00625373
  40    0.0031116  -0.00673216
  41    0.0012647  -0.00533140
  42    0.0000032  -0.00005424
  43    0.0000040  -0.00005549
  44    0.0000012  -0.00002865
  45    0.0001471  -0.00042719
  46    0.0000924  -0.00031567
  47    0.0044551  -0.00836379
  48    0.0030641  -0.00633710
  49    0.0001889  -0.00066324
  50    0.0011288  -0.00278716
  51    0.0014032  -0.00571027
  52    0.0009882  -0.00344208
  53    0.0000028  -0.00004084
  54    0.0000027  -0.00004022
  55    0.0000012  -0.00002265
  56    0.0000952  -0.00032221
  57    0.0000807  -0.00030221
  58    0.0011848  -0.00281629
  59    0.0011328  -0.00334881
  60    0.0000784  -0.00034964
  61    0.0005050  -0.00150722
  62    0.0005417  -0.00171956
  63    0.0006238  -0.00207799
  64    0.0000024  -0.00003574
  65    0.0000023  -0.00004000
  66    0.0000008  -0.00001656
  67    0.0000287  -0.00011890
  68    0.0000515  -0.00019805
  69    0.0004783  -0.00152525
  70    0.0004104  -0.00136952
  71    0.0000761  -0.00034755
  72    0.0001993  -0.00066628
  73    0.0005301  -0.00453946
  74    0.0004787  -0.00420333
  75    0.0000024  -0.00003497
  76    0.0000021  -0.00004711
  77    0.0000004  -0.00001428
  78    0.0000200  -0.00008701
  79    0.0000398  -0.00016805
  80    0.0004378  -0.00139357
  81    0.0003103  -0.00102928
  82    0.0000307  -0.00015290
  83    0.0001938  -0.00057841
  84    0.0004260  -0.00180150
  85    0.0003696  -0.00125736
  86    0.0000019  -0.00004102
  87    0.0000016  -0.00002942
  88    0.0000003  -0.00002446
  89    0.0000133  -0.00007069
  90    0.0000133  -0.00006675
  91    0.0003089  -0.00121198
  92    0.0003001  -0.00089511
  93    0.0000188  -0.00011544
  94    0.0001898  -0.00058138
  95    0.0002244  -0.00086033
  96    0.0003534  -0.00262813
  97    0.0000017  -0.00003143
  98    0.0000013  -0.00002436
  99    0.0000003  -0.00000469
 100    0.0000129  -0.00006403
 101    0.0000129  -0.00007260
 102    0.0002427  -0.00076162
 103    0.0002466  -0.00076705
 104    0.0000181  -0.00010608
 105    0.0000231  -0.00014744
 106    0.0002044  -0.00069923
 107    0.0002157  -0.00078772
 108    0.0000015  -0.00003103
 109    0.0000009  -0.00002076
 110    0.0000002  -0.00000289
 111    0.0000118  -0.00007785
 112    0.0000120  -0.00007054
 113    0.0002353  -0.00075078
 114    0.0001394  -0.00078626
 115    0.0000143  -0.00008919
 116    0.0000207  -0.00012738
 117    0.0001112  -0.00042731
 118    0.0000687  -0.00085151
 119    0.0000012  -0.00002165
 120    0.0000007  -0.00003852
 121    0.0000002  -0.00000237
 122    0.0000111  -0.00006648
 123    0.0000109  -0.00005509
 124    0.0001483  -0.00055695
 125    0.0000987  -0.00043490
 126    0.0000135  -0.00008810
 127    0.0000187  -0.00011480
 128    0.0001037  -0.00053203
 129    0.0000611  -0.00087986
 130    0.0000012  -0.00002235
 131    0.0000006  -0.00000945
 132    0.0000002  -0.00000345
 133    0.0000106  -0.00006386
 134    0.0000107  -0.00005428
 135    0.0001405  -0.00054428
 136    0.0000404  -0.00020406
 137    0.0000130  -0.00008871
 138    0.0000168  -0.00011405
 139    0.0000897  -0.00054880
 140    0.0000366  -0.00041549
 141    0.0000010  -0.00001888
 142    0.0000006  -0.00001098
 143    0.0000002  -0.00000165
 144    0.0000102  -0.00005457
 145    0.0000101  -0.00005385
 146    0.0000566  -0.00024687
 147    0.0000286  -0.00015085
 148    0.0000119  -0.00008472
 149    0.0000158  -0.00009776
 150    0.0000620  -0.00038742
 151    0.0000262  -0.00014569
 152    0.0000007  -0.00001501
 153    0.0000005  -0.00000678
 154    0.0000002  -0.00000153
 155    0.0000098  -0.00005394
 156    0.0000087  -0.00005527
 157    0.0000403  -0.00021609
 158    0.0000189  -0.00011500
 159    0.0000106  -0.00008257
 160    0.0000155  -0.00009944
 161    0.0000278  -0.00015764
 162    0.0000189  -0.00011749
 163    0.0000004  -0.00002251
 164    0.0000004  -0.00000556
 165    0.0000002  -0.00000170
 
----------------
 Final Energies 
----------------
Final NOF Total Energy =    -184.5170518
 
Total Orbital Internal Iterations = 10
Total Occupation Internal Iterations = 20
 
Elapsed time:  112.09 Seconds

---------------------------------
   Lowdin Population Analysis    
---------------------------------
 Idx  Atom   Population   Charge 
---------------------------------
  1     N     6.952       0.048
  2     N     7.137      -0.137
  3     O     7.910       0.090

---------------------------------
   M Diagnostic: 0.05
---------------------------------

Recovering execution output...
Moving from /scratch/pobleyef/212393 to /home-nas/pobleyef/Poison-NOF/ncwomax/P30-5/GNOFa25/arina.212393
mkdir -p /home-nas/pobleyef/Poison-NOF/ncwomax/P30-5/GNOFa25/arina.212393
mv /scratch/pobleyef/212393/* /home-nas/pobleyef/Poison-NOF/ncwomax/P30-5/GNOFa25/arina.212393
