W4-11-f
/software/eb2024/easybuild/software/common/software/Julia/1.11.3-linux-x86_64/bin/julia
Job runing on nh021
Choosing scratch ...
Automatic scratch folder selection
/scratch/pobleyef/284450
/scratch/pobleyef/284450 directory
cp W4-11-f.jl W4-11-f.jld2 to  /scratch/pobleyef/284450/.
Computing Integrals
Basis Set                                            = def2-qzvp
Auxiliary Basis Set                                  = def2-universal-jkfit
Gaussian Type                                        = Spherical
Elapsed time:    3.41 Seconds

Number of basis functions                   (NBF)    = 57
Number of auxiliary basis functions         (NBFAUX) = 77
Inactive Doubly occupied orbitals up to     (NO1)    = 0
No. considered Strongly Doubly occupied MOs (NDOC)   = 4
No. considered Strongly Singly occupied MOs (NSOC)   = 1
NO. of Weakly occ. per St. Doubly occ.  MOs (NCWO)   = 13
Dimension of the Nat. Orb. subspace         (NBF5)   = 57
No. of electrons                                     = 9
    No. of alpha electrons                           = 5
    No. of beta electrons                            = 4
Multiplicity                                         = 2

Geometry
========
 F       0.0000000       0.0000000       0.0000000

No violations of the orthonormality
No violations of the orthonormality
 
PNOF8/ADABelief Calculation
==================
 
  Nitext  Nit_orb  Time   Nit_occ  Time         Eelec          Etot           Ediff      maxdiff    MaxGrad_orb  Grad_occ
     1      10    2.8e+01   16    3.4e+01   -99.63951933   -99.63951933 -10098.63951933   0.155572   6.2e-01   1.9e-04 0.02
     2      10    6.2e-02   10    3.3e-02   -99.65251680   -99.65251680    -0.01299747   0.163418   6.5e-01   2.1e-04 0.02
     3      10    3.4e-02    0    3.6e-03   -99.65333275   -99.65333275    -0.00081595   0.163418   6.5e-01   2.1e-04 0.02
     4      30    8.7e-02   24    6.2e-02   -99.67739943   -99.67739943    -0.02406668   0.010539   4.2e-02   1.5e-04 0.02
     5      30    9.7e-02   18    4.9e-02   -99.68013328   -99.68013328    -0.00273385   0.006255   2.5e-02   1.6e-04 0.02
     6      30    9.4e-02    7    2.7e-02   -99.68136071   -99.68136071    -0.00122743   0.006795   2.7e-02   2.1e-04 0.02
     7      30    9.1e-02    8    2.3e-02   -99.68172487   -99.68172487    -0.00036416   0.004782   1.9e-02   2.0e-04 0.02
     8      30    9.3e-02    4    1.6e-02   -99.68184631   -99.68184631    -0.00012144   0.005986   2.4e-02   1.3e-04 0.02
     9      30    9.4e-02    0    3.6e-03   -99.68186399   -99.68186399    -0.00001768   0.005986   2.4e-02   1.3e-04 0.02
    10      50    1.5e-01    4    1.7e-02   -99.68206016   -99.68206016    -0.00019617   0.001703   6.8e-03   1.3e-04 0.02
    11      50    1.5e-01    0    3.8e-03   -99.68206918   -99.68206918    -0.00000902   0.001703   6.8e-03   1.3e-04 0.02
    12      68    1.9e-01    2    1.2e-02   -99.68208838   -99.68208838    -0.00001920   0.000498   2.0e-03   1.4e-04 0.02
 
RESULTS OF THE OCCUPATION OPTIMIZATION
========================================
   1    1.9999500  -26.43179026
   2    1.9824177  -1.62038304
   3    1.9758833  -0.75783958
   4    1.9763374  -0.75767118
   5    1.0000000  -0.45249993
   6    0.0120162  -0.02087797
   7    0.0130546  -0.02140155
   8    0.0093582  -0.02463122
   9    0.0000335  -0.00152599
  10    0.0051654  -0.01075388
  11    0.0054567  -0.01081080
  12    0.0030418  -0.00765414
  13    0.0000035  -0.00008835
  14    0.0048497  -0.01087407
  15    0.0037121  -0.00784192
  16    0.0026839  -0.00676106
  17    0.0000020  -0.00006053
  18    0.0006368  -0.00581791
  19    0.0008629  -0.00291713
  20    0.0008324  -0.00308189
  21    0.0000016  -0.00005343
  22    0.0002560  -0.00093382
  23    0.0003266  -0.00115675
  24    0.0004589  -0.00180176
  25    0.0000016  -0.00005406
  26    0.0002244  -0.00084646
  27    0.0002280  -0.00080228
  28    0.0003057  -0.00132057
  29    0.0000014  -0.00005603
  30    0.0002160  -0.00080814
  31    0.0002244  -0.00081165
  32    0.0003005  -0.00121438
  33    0.0000013  -0.00004811
  34    0.0002048  -0.00076511
  35    0.0001655  -0.00067191
  36    0.0002963  -0.00119811
  37    0.0000012  -0.00004707
  38    0.0000323  -0.00008578
  39    0.0000192  -0.00013605
  40    0.0002329  -0.00092402
  41    0.0000012  -0.00004352
  42    0.0000182  -0.00015685
  43    0.0000188  -0.00013397
  44    0.0000208  -0.00015434
  45    0.0000009  -0.00004614
  46    0.0000158  -0.00011690
  47    0.0000170  -0.00011799
  48    0.0000181  -0.00013445
  49    0.0000008  -0.00001386
  50    0.0000140  -0.00010762
  51    0.0000155  -0.00010465
  52    0.0000178  -0.00012802
  53    0.0000006  -0.00000693
  54    0.0000130  -0.00009265
  55    0.0000152  -0.00010381
  56    0.0000150  -0.00010789
  57    0.0000003  -0.00003613
 
----------------
 Final Energies 
----------------
Final NOF Total Energy =     -99.6820884
 
Total Orbital Internal Iterations = 378
Total Occupation Internal Iterations = 93
 
Elapsed time:   82.63 Seconds

---------------------------------
   Lowdin Population Analysis    
---------------------------------
 Idx  Atom   Population   Charge 
---------------------------------
  1     F     9.000      -0.000

---------------------------------
   M Diagnostic: 0.02
---------------------------------

Recovering execution output...
Moving from /scratch/pobleyef/284450 to /home-nas/pobleyef/Poison-NOF/ncwomax/P30-5/GNOFa25/arina.284450
mkdir -p /home-nas/pobleyef/Poison-NOF/ncwomax/P30-5/GNOFa25/arina.284450
mv /scratch/pobleyef/284450/* /home-nas/pobleyef/Poison-NOF/ncwomax/P30-5/GNOFa25/arina.284450
