W4-11_107_so3
/software/eb2024/easybuild/software/common/software/Julia/1.11.3-linux-x86_64/bin/julia
Job runing on na01
Choosing scratch ...
Automatic scratch folder selection
/scratch/pobleyef/212391
/scratch/pobleyef/212391 directory
cp W4-11_107_so3.jl W4-11_107_so3.jld2 to  /scratch/pobleyef/212391/.
Computing Integrals
Basis Set                                            = def2-qzvp
Auxiliary Basis Set                                  = def2-universal-jkfit
Gaussian Type                                        = Spherical
Elapsed time:   13.07 Seconds

Number of basis functions                   (NBF)    = 241
Number of auxiliary basis functions         (NBFAUX) = 359
Inactive Doubly occupied orbitals up to     (NO1)    = 0
No. considered Strongly Doubly occupied MOs (NDOC)   = 20
No. considered Strongly Singly occupied MOs (NSOC)   = 0
NO. of Weakly occ. per St. Doubly occ.  MOs (NCWO)   = 11
Dimension of the Nat. Orb. subspace         (NBF5)   = 240
No. of electrons                                     = 40
    No. of alpha electrons                           = 20
    No. of beta electrons                            = 20
Multiplicity                                         = 1

Geometry
========
 S       0.0000000       0.0000000       0.0000000
 O       0.0000000       1.4227900       0.0000000
 O       1.2321720      -0.7113950       0.0000000
 O      -1.2321720      -0.7113950       0.0000000

No violations of the orthonormality
No violations of the orthonormality
 
PNOF8/ADABelief Calculation
==================
 
  Nitext  Nit_orb  Time   Nit_occ  Time         Eelec          Etot           Ediff      maxdiff    MaxGrad_orb  Grad_occ
     1      10    8.9e+01   28    2.3e+01  -807.59006754  -623.54077119 -10806.59006754   0.000746   3.0e-03   2.3e-04 0.04
 
RESULTS OF THE OCCUPATION OPTIMIZATION
========================================
   1    1.9999996  -92.28981869
   2    1.9999825  -20.67635947
   3    1.9999873  -20.67590825
   4    1.9999842  -20.67406770
   5    1.9998489  -9.21857016
   6    1.9994799  -6.92201223
   7    1.9994606  -6.92039157
   8    1.9994863  -6.91953206
   9    1.9831028  -1.37105012
  10    1.9830449  -1.36585582
  11    1.9836801  -1.36486203
  12    1.9823404  -1.17081947
  13    1.9768587  -0.80293984
  14    1.9763594  -0.78022336
  15    1.9601579  -0.68250179
  16    1.9631815  -0.66967615
  17    1.9698053  -0.66949148
  18    1.9643729  -0.66531567
  19    1.9695901  -0.65727810
  20    1.9636026  -0.65013144
  21    0.0325378  -0.05297470
  22    0.0166382  -0.02591974
  23    0.0341645  -0.05505766
  24    0.0136180  -0.02361388
  25    0.0355569  -0.05718372
  26    0.0360738  -0.05787588
  27    0.0121538  -0.02433446
  28    0.0101826  -0.02325614
  29    0.0060147  -0.01861605
  30    0.0070339  -0.02006204
  31    0.0067373  -0.01991164
  32    0.0067035  -0.01987945
  33    0.0003995  -0.00654094
  34    0.0004289  -0.00745815
  35    0.0004054  -0.00913922
  36    0.0000868  -0.00223858
  37    0.0000056  -0.00012811
  38    0.0000056  -0.00014578
  39    0.0000053  -0.00012460
  40    0.0000003  -0.00000569
  41    0.0029243  -0.00663008
  42    0.0045099  -0.00861525
  43    0.0003135  -0.00102677
  44    0.0047137  -0.01055813
  45    0.0002550  -0.00083275
  46    0.0031209  -0.00696621
  47    0.0045443  -0.01208772
  48    0.0039283  -0.01367673
  49    0.0047780  -0.01755401
  50    0.0031545  -0.00912068
  51    0.0032360  -0.00900465
  52    0.0030203  -0.00922536
  53    0.0000358  -0.00121775
  54    0.0000366  -0.00124643
  55    0.0000349  -0.00087433
  56    0.0000204  -0.00047065
  57    0.0000031  -0.00004845
  58    0.0000022  -0.00003942
  59    0.0000023  -0.00003788
  60    0.0000000  -0.00000097
  61    0.0002062  -0.00071446
  62    0.0040794  -0.00822157
  63    0.0002598  -0.00087600
  64    0.0036653  -0.00820849
  65    0.0002492  -0.00082132
  66    0.0002052  -0.00066883
  67    0.0032855  -0.00846350
  68    0.0037500  -0.01196022
  69    0.0029000  -0.01122990
  70    0.0026519  -0.00922199
  71    0.0028877  -0.00867647
  72    0.0028278  -0.00839991
  73    0.0000107  -0.00012834
  74    0.0000092  -0.00026116
  75    0.0000099  -0.00010807
  76    0.0000063  -0.00007886
  77    0.0000018  -0.00003500
  78    0.0000014  -0.00002668
  79    0.0000021  -0.00003631
  80    0.0000000  -0.00000061
  81    0.0001917  -0.00067152
  82    0.0039379  -0.00792183
  83    0.0002192  -0.00071903
  84    0.0036326  -0.00792682
  85    0.0002028  -0.00066603
  86    0.0002016  -0.00066268
  87    0.0014595  -0.00500000
  88    0.0028117  -0.00988887
  89    0.0015114  -0.00690791
  90    0.0010247  -0.00520228
  91    0.0022450  -0.01087204
  92    0.0022318  -0.01081410
  93    0.0000102  -0.00011644
  94    0.0000090  -0.00010601
  95    0.0000094  -0.00010409
  96    0.0000058  -0.00007196
  97    0.0000016  -0.00003044
  98    0.0000010  -0.00001862
  99    0.0000019  -0.00003626
 100    0.0000000  -0.00000055
 101    0.0001665  -0.00057717
 102    0.0005107  -0.00154682
 103    0.0002054  -0.00069386
 104    0.0035575  -0.00777266
 105    0.0002000  -0.00067429
 106    0.0000938  -0.00037442
 107    0.0009772  -0.00343889
 108    0.0009447  -0.00330079
 109    0.0010375  -0.00504531
 110    0.0006173  -0.00260358
 111    0.0005517  -0.00219123
 112    0.0005819  -0.00219491
 113    0.0000092  -0.00047236
 114    0.0000087  -0.00011005
 115    0.0000093  -0.00010066
 116    0.0000057  -0.00007024
 117    0.0000011  -0.00002098
 118    0.0000005  -0.00000863
 119    0.0000015  -0.00002686
 120    0.0000000  -0.00000046
 121    0.0001642  -0.00062090
 122    0.0003061  -0.00088679
 123    0.0001978  -0.00068078
 124    0.0004675  -0.00152103
 125    0.0001957  -0.00066518
 126    0.0000507  -0.00019674
 127    0.0005510  -0.00189389
 128    0.0008447  -0.00325500
 129    0.0005263  -0.00530915
 130    0.0005297  -0.00472594
 131    0.0004811  -0.00412048
 132    0.0004809  -0.00406654
 133    0.0000088  -0.00009884
 134    0.0000083  -0.00009367
 135    0.0000091  -0.00010380
 136    0.0000055  -0.00006849
 137    0.0000008  -0.00001641
 138    0.0000004  -0.00001266
 139    0.0000013  -0.00002120
 140    0.0000000  -0.00000023
 141    0.0001207  -0.00043665
 142    0.0002350  -0.00074295
 143    0.0001963  -0.00066991
 144    0.0003840  -0.00126034
 145    0.0000903  -0.00037530
 146    0.0000307  -0.00013144
 147    0.0004936  -0.00156080
 148    0.0004394  -0.00155858
 149    0.0002975  -0.00133340
 150    0.0005232  -0.00183774
 151    0.0002760  -0.00115363
 152    0.0003532  -0.00143871
 153    0.0000084  -0.00009448
 154    0.0000082  -0.00009317
 155    0.0000090  -0.00009905
 156    0.0000048  -0.00006235
 157    0.0000005  -0.00000807
 158    0.0000004  -0.00002604
 159    0.0000010  -0.00001865
 160    0.0000000  -0.00000027
 161    0.0000392  -0.00015144
 162    0.0000753  -0.00030125
 163    0.0000212  -0.00011773
 164    0.0000557  -0.00021421
 165    0.0000203  -0.00011635
 166    0.0000238  -0.00011981
 167    0.0000606  -0.00027275
 168    0.0000946  -0.00042866
 169    0.0001915  -0.00129879
 170    0.0002599  -0.00090829
 171    0.0002562  -0.00111794
 172    0.0002285  -0.00086223
 173    0.0000082  -0.00009197
 174    0.0000080  -0.00009013
 175    0.0000087  -0.00009320
 176    0.0000045  -0.00007156
 177    0.0000005  -0.00002536
 178    0.0000004  -0.00000634
 179    0.0000008  -0.00001344
 180    0.0000000  -0.00000024
 181    0.0000163  -0.00009994
 182    0.0000627  -0.00024227
 183    0.0000168  -0.00009862
 184    0.0000383  -0.00017413
 185    0.0000169  -0.00010202
 186    0.0000141  -0.00008491
 187    0.0000500  -0.00021779
 188    0.0000691  -0.00027921
 189    0.0001682  -0.00078798
 190    0.0002556  -0.00090650
 191    0.0001676  -0.00070677
 192    0.0002243  -0.00086006
 193    0.0000081  -0.00009077
 194    0.0000078  -0.00009426
 195    0.0000085  -0.00009844
 196    0.0000041  -0.00006341
 197    0.0000004  -0.00001169
 198    0.0000003  -0.00000622
 199    0.0000006  -0.00001233
 200    0.0000000  -0.00000013
 201    0.0000154  -0.00009442
 202    0.0000289  -0.00014726
 203    0.0000163  -0.00009919
 204    0.0000352  -0.00015309
 205    0.0000160  -0.00009760
 206    0.0000139  -0.00008182
 207    0.0000364  -0.00017997
 208    0.0000493  -0.00022299
 209    0.0001185  -0.00078852
 210    0.0002045  -0.00096196
 211    0.0000777  -0.00043940
 212    0.0001356  -0.00067717
 213    0.0000076  -0.00008862
 214    0.0000074  -0.00009528
 215    0.0000083  -0.00009134
 216    0.0000039  -0.00005611
 217    0.0000003  -0.00000595
 218    0.0000003  -0.00000464
 219    0.0000005  -0.00002734
 220    0.0000000  -0.00000011
 221    0.0000150  -0.00009359
 222    0.0000257  -0.00012959
 223    0.0000163  -0.00009765
 224    0.0000269  -0.00013314
 225    0.0000153  -0.00009206
 226    0.0000138  -0.00008335
 227    0.0000287  -0.00014480
 228    0.0000266  -0.00014095
 229    0.0001158  -0.00067510
 230    0.0000648  -0.00050500
 231    0.0000388  -0.00020904
 232    0.0001092  -0.00059376
 233    0.0000073  -0.00008644
 234    0.0000073  -0.00009014
 235    0.0000074  -0.00008549
 236    0.0000033  -0.00039858
 237    0.0000002  -0.00000348
 238    0.0000001  -0.00000245
 239    0.0000004  -0.00000597
 240    0.0000000  -0.00000008
 
----------------
 Final Energies 
----------------
Final NOF Total Energy =    -623.5407712
 
Total Orbital Internal Iterations = 10
Total Occupation Internal Iterations = 28
 
Elapsed time:  127.35 Seconds

---------------------------------
   Lowdin Population Analysis    
---------------------------------
 Idx  Atom   Population   Charge 
---------------------------------
  1     S    16.125      -0.125
  2     O     7.961       0.039
  3     O     7.949       0.051
  4     O     7.964       0.036

---------------------------------
   M Diagnostic: 0.04
---------------------------------

Recovering execution output...
Moving from /scratch/pobleyef/212391 to /home-nas/pobleyef/Poison-NOF/ncwomax/P30-5/GNOFa25/arina.212391
mkdir -p /home-nas/pobleyef/Poison-NOF/ncwomax/P30-5/GNOFa25/arina.212391
mv /scratch/pobleyef/212391/* /home-nas/pobleyef/Poison-NOF/ncwomax/P30-5/GNOFa25/arina.212391
