W4-11-c-hooo
/software/eb2024/easybuild/software/common/software/Julia/1.11.3-linux-x86_64/bin/julia
Job runing on nh013
Choosing scratch ...
Automatic scratch folder selection
/scratch/pobleyef/284446
/scratch/pobleyef/284446 directory
cp W4-11-c-hooo.jl W4-11-c-hooo.jld2 to  /scratch/pobleyef/284446/.
Computing Integrals
Basis Set                                            = def2-qzvp
Auxiliary Basis Set                                  = def2-universal-jkfit
Gaussian Type                                        = Spherical
Elapsed time:    4.06 Seconds

Number of basis functions                   (NBF)    = 201
Number of auxiliary basis functions         (NBFAUX) = 249
Inactive Doubly occupied orbitals up to     (NO1)    = 0
No. considered Strongly Doubly occupied MOs (NDOC)   = 12
No. considered Strongly Singly occupied MOs (NSOC)   = 1
NO. of Weakly occ. per St. Doubly occ.  MOs (NCWO)   = 15
Dimension of the Nat. Orb. subspace         (NBF5)   = 193
No. of electrons                                     = 25
    No. of alpha electrons                           = 13
    No. of beta electrons                            = 12
Multiplicity                                         = 2

Geometry
========
 O       1.1439430       0.0753540       0.0000000
 O       0.0000000       0.5769450       0.0000000
 O      -1.0821140      -0.4938720       0.0000000
 H      -0.4946340      -1.2674190       0.0000000

No violations of the orthonormality
No violations of the orthonormality
 
PNOF8/ADABelief Calculation
==================
 
  Nitext  Nit_orb  Time   Nit_occ  Time         Eelec          Etot           Ediff      maxdiff    MaxGrad_orb  Grad_occ
     1      10    3.0e+01   95    4.3e+01  -298.35979902  -225.68629095 -10297.35979902   0.025550   1.0e-01   2.0e-04 0.05
     2      20    3.6e+00   38    2.4e+00  -298.53327542  -225.85976734    -0.17347639   0.055628   2.2e-01   2.8e-04 0.05
     3      20    3.5e+00   41    2.5e+00  -298.55257199  -225.87906392    -0.01929658   0.039200   1.6e-01   1.9e-04 0.05
     4      20    3.5e+00   23    1.5e+00  -298.55996406  -225.88645599    -0.00739207   0.053615   2.1e-01   2.3e-04 0.05
     5      20    3.7e+00   28    1.7e+00  -298.56549800  -225.89198992    -0.00553394   0.024877   1.0e-01   2.0e-04 0.05
     6      20    3.4e+00   11    7.8e-01  -298.57074575  -225.89723767    -0.00524775   0.020985   8.4e-02   2.9e-04 0.05
     7      20    3.5e+00   10    7.2e-01  -298.57345560  -225.89994753    -0.00270986   0.019400   7.8e-02   2.8e-04 0.05
     8      20    3.7e+00    7    5.8e-01  -298.57507887  -225.90157079    -0.00162326   0.021326   8.5e-02   2.6e-04 0.05
     9      20    3.6e+00   18    1.2e+00  -298.57550934  -225.90200126    -0.00043047   0.036582   1.5e-01   1.9e-04 0.05
    10      20    3.7e+00    0    9.8e-02  -298.57564848  -225.90214040    -0.00013914   0.036582   1.5e-01   1.9e-04 0.05
    11      40    6.9e+00    8    6.2e-01  -298.58162227  -225.90811419    -0.00597379   0.004002   1.6e-02   2.4e-04 0.05
    12      40    6.8e+00    9    7.1e-01  -298.58180736  -225.90829928    -0.00018509   0.004546   1.8e-02   2.2e-04 0.05
    13      40    6.9e+00   10    7.8e-01  -298.58206423  -225.90855616    -0.00025687   0.003667   1.5e-02   1.8e-04 0.05
    14      40    6.9e+00   11    9.1e-01  -298.58231058  -225.90880251    -0.00024635   0.003822   1.5e-02   2.4e-04 0.05
    15      40    7.0e+00    7    6.4e-01  -298.58257308  -225.90906500    -0.00026249   0.004513   1.8e-02   2.1e-04 0.05
    16      40    7.2e+00   13    9.9e-01  -298.58285400  -225.90934593    -0.00028093   0.004740   1.9e-02   2.3e-04 0.05
    17      40    7.0e+00    7    5.5e-01  -298.58310717  -225.90959909    -0.00025317   0.004499   1.8e-02   1.8e-04 0.05
    18      40    6.9e+00    7    6.2e-01  -298.58330978  -225.90980170    -0.00020261   0.004255   1.7e-02   2.4e-04 0.05
    19      40    6.9e+00   16    1.1e+00  -298.58350739  -225.90999931    -0.00019761   0.004122   1.6e-02   2.0e-04 0.05
    20      40    7.0e+00    7    5.9e-01  -298.58369488  -225.91018681    -0.00018750   0.004324   1.7e-02   1.6e-04 0.05
    21      40    6.9e+00   16    1.2e+00  -298.58388579  -225.91037772    -0.00019091   0.003525   1.4e-02   1.9e-04 0.05
    22      40    7.1e+00    8    6.3e-01  -298.58403799  -225.91052991    -0.00015219   0.006797   2.7e-02   2.0e-04 0.05
    23      40    7.0e+00   10    8.6e-01  -298.58417187  -225.91066379    -0.00013388   0.006337   2.5e-02   1.4e-04 0.05
    24      40    7.0e+00    4    3.6e-01  -298.58435966  -225.91085159    -0.00018780   0.004444   1.8e-02   1.9e-04 0.05
    25      40    6.9e+00    6    5.4e-01  -298.58446093  -225.91095286    -0.00010127   0.005772   2.3e-02   2.3e-04 0.05
    26      40    6.8e+00    5    4.8e-01  -298.58459360  -225.91108552    -0.00013266   0.005768   2.3e-02   2.7e-04 0.05
    27      40    7.0e+00   14    1.0e+00  -298.58466707  -225.91115899    -0.00007347   0.005849   2.3e-02   1.5e-04 0.05
    28      40    6.9e+00    5    4.8e-01  -298.58475546  -225.91124738    -0.00008839   0.005750   2.3e-02   1.5e-04 0.05
    29      40    6.7e+00    4    3.9e-01  -298.58481846  -225.91131038    -0.00006300   0.005172   2.1e-02   2.0e-04 0.05
    30      40    6.9e+00    7    5.9e-01  -298.58486258  -225.91135450    -0.00004412   0.004964   2.0e-02   1.7e-04 0.05
    31      40    6.9e+00    7    5.8e-01  -298.58490788  -225.91139980    -0.00004530   0.003615   1.4e-02   1.8e-04 0.05
    32      40    7.1e+00    1    2.2e-01  -298.58495313  -225.91144505    -0.00004525   0.003921   1.6e-02   2.3e-04 0.05
    33      40    7.1e+00    6    4.6e-01  -298.58501004  -225.91150196    -0.00005691   0.003997   1.6e-02   1.9e-04 0.05
    34      40    6.9e+00    0    1.1e-01  -298.58505579  -225.91154771    -0.00004575   0.003838   1.5e-02   2.5e-04 0.05
    35      50    8.7e+00    9    6.8e-01  -298.58516952  -225.91166144    -0.00011373   0.002647   1.1e-02   2.4e-04 0.05
    36      50    8.9e+00    0    1.7e-01  -298.58518733  -225.91167925    -0.00001781   0.002647   1.1e-02   2.4e-04 0.05
    37      56    9.6e+00    1    1.5e-01  -298.58532073  -225.91181266    -0.00013340   0.000492   2.0e-03   1.7e-04 0.05
 
RESULTS OF THE OCCUPATION OPTIMIZATION
========================================
   1    1.9999773  -20.75024438
   2    1.9999776  -20.71894962
   3    1.9999763  -20.71406102
   4    1.9851782  -1.48149913
   5    1.9845251  -1.47549387
   6    1.9798108  -1.18701355
   7    1.9585988  -0.80562869
   8    1.9681277  -0.76239484
   9    1.9718673  -0.75975757
  10    1.9754039  -0.72873646
  11    1.9487828  -0.64542589
  12    1.9717570  -0.59271851
  13    1.0000000  -0.31364222
  14    0.0133802  -0.01963909
  15    0.0510687  -0.07930409
  16    0.0100906  -0.01683724
  17    0.0090922  -0.01514922
  18    0.0257054  -0.03518361
  19    0.0408480  -0.06516118
  20    0.0094761  -0.02078066
  21    0.0054927  -0.01547055
  22    0.0075473  -0.01995816
  23    0.0000106  -0.00037040
  24    0.0000108  -0.00039025
  25    0.0000127  -0.00043127
  26    0.0053543  -0.00931130
  27    0.0000195  -0.00009627
  28    0.0053629  -0.00975606
  29    0.0060956  -0.01080790
  30    0.0034869  -0.00686272
  31    0.0001994  -0.00065658
  32    0.0032774  -0.00746102
  33    0.0044156  -0.00977104
  34    0.0032231  -0.00813714
  35    0.0000041  -0.00007647
  36    0.0000041  -0.00006304
  37    0.0000033  -0.00005651
  38    0.0049567  -0.00902101
  39    0.0000154  -0.00007867
  40    0.0046463  -0.00865022
  41    0.0048985  -0.00855944
  42    0.0018155  -0.00452774
  43    0.0001135  -0.00048522
  44    0.0030322  -0.00674057
  45    0.0024565  -0.00766108
  46    0.0012258  -0.00470469
  47    0.0000036  -0.00005531
  48    0.0000026  -0.00004557
  49    0.0000021  -0.00003653
  50    0.0023938  -0.00534924
  51    0.0000131  -0.00007736
  52    0.0024346  -0.00571527
  53    0.0047753  -0.00848669
  54    0.0003052  -0.00093243
  55    0.0001078  -0.00046904
  56    0.0012843  -0.00363545
  57    0.0008566  -0.00393141
  58    0.0007917  -0.00319690
  59    0.0000025  -0.00003898
  60    0.0000023  -0.00003943
  61    0.0000017  -0.00002979
  62    0.0005952  -0.00164605
  63    0.0000125  -0.00007371
  64    0.0004837  -0.00198761
  65    0.0013742  -0.00365246
  66    0.0002922  -0.00089148
  67    0.0000145  -0.00009634
  68    0.0007600  -0.00259640
  69    0.0006987  -0.00456556
  70    0.0005876  -0.00500347
  71    0.0000008  -0.00001966
  72    0.0000010  -0.00002383
  73    0.0000008  -0.00001946
  74    0.0005178  -0.00143046
  75    0.0000114  -0.00006965
  76    0.0003993  -0.00116582
  77    0.0004158  -0.00120160
  78    0.0000793  -0.00035368
  79    0.0000138  -0.00008653
  80    0.0006687  -0.00210897
  81    0.0005070  -0.00321939
  82    0.0004948  -0.00166828
  83    0.0000006  -0.00001707
  84    0.0000004  -0.00003210
  85    0.0000006  -0.00001847
  86    0.0002662  -0.00079169
  87    0.0000109  -0.00006905
  88    0.0002992  -0.00089686
  89    0.0004112  -0.00115339
  90    0.0000436  -0.00017468
  91    0.0000137  -0.00008343
  92    0.0004411  -0.00163557
  93    0.0002489  -0.00091999
  94    0.0002795  -0.00095110
  95    0.0000004  -0.00003317
  96    0.0000003  -0.00002191
  97    0.0000004  -0.00002065
  98    0.0002656  -0.00077505
  99    0.0000102  -0.00006263
 100    0.0002881  -0.00088920
 101    0.0003572  -0.00103481
 102    0.0000252  -0.00011960
 103    0.0000131  -0.00008282
 104    0.0003821  -0.00132040
 105    0.0002458  -0.00091416
 106    0.0002495  -0.00092338
 107    0.0000003  -0.00001008
 108    0.0000002  -0.00000540
 109    0.0000004  -0.00001210
 110    0.0002190  -0.00071487
 111    0.0000098  -0.00006456
 112    0.0002100  -0.00076045
 113    0.0002173  -0.00070214
 114    0.0000226  -0.00012657
 115    0.0000130  -0.00008036
 116    0.0003043  -0.00095976
 117    0.0001989  -0.00084371
 118    0.0001857  -0.00090718
 119    0.0000002  -0.00000638
 120    0.0000001  -0.00000379
 121    0.0000003  -0.00002684
 122    0.0001468  -0.00056222
 123    0.0000091  -0.00005574
 124    0.0001640  -0.00059238
 125    0.0001805  -0.00064638
 126    0.0000184  -0.00011472
 127    0.0000119  -0.00007865
 128    0.0002174  -0.00082386
 129    0.0001249  -0.00083752
 130    0.0001012  -0.00104537
 131    0.0000001  -0.00000288
 132    0.0000001  -0.00000269
 133    0.0000001  -0.00000352
 134    0.0000611  -0.00028250
 135    0.0000087  -0.00005762
 136    0.0000811  -0.00035411
 137    0.0001509  -0.00056602
 138    0.0000166  -0.00009986
 139    0.0000113  -0.00007387
 140    0.0001699  -0.00095322
 141    0.0000780  -0.00084769
 142    0.0000411  -0.00024302
 143    0.0000001  -0.00000237
 144    0.0000001  -0.00000248
 145    0.0000001  -0.00000229
 146    0.0000278  -0.00014827
 147    0.0000083  -0.00005442
 148    0.0000544  -0.00034981
 149    0.0000798  -0.00036232
 150    0.0000161  -0.00009653
 151    0.0000110  -0.00007414
 152    0.0000986  -0.00056676
 153    0.0000670  -0.00067701
 154    0.0000267  -0.00015685
 155    0.0000001  -0.00000190
 156    0.0000001  -0.00000134
 157    0.0000001  -0.00000215
 158    0.0000210  -0.00012480
 159    0.0000074  -0.00005311
 160    0.0000338  -0.00017971
 161    0.0000436  -0.00020257
 162    0.0000156  -0.00009491
 163    0.0000108  -0.00007160
 164    0.0000316  -0.00017795
 165    0.0000370  -0.00020182
 166    0.0000244  -0.00014864
 167    0.0000001  -0.00000148
 168    0.0000001  -0.00000103
 169    0.0000001  -0.00000126
 170    0.0000196  -0.00012169
 171    0.0000067  -0.00005102
 172    0.0000278  -0.00014609
 173    0.0000207  -0.00011821
 174    0.0000151  -0.00009356
 175    0.0000101  -0.00006992
 176    0.0000262  -0.00014824
 177    0.0000250  -0.00014361
 178    0.0000222  -0.00013795
 179    0.0000001  -0.00000097
 180    0.0000001  -0.00000083
 181    0.0000001  -0.00000106
 182    0.0000180  -0.00010948
 183    0.0000055  -0.00003881
 184    0.0000204  -0.00012272
 185    0.0000201  -0.00011856
 186    0.0000145  -0.00009136
 187    0.0000095  -0.00006920
 188    0.0000194  -0.00011881
 189    0.0000222  -0.00014248
 190    0.0000211  -0.00013835
 191    0.0000001  -0.00000081
 192    0.0000000  -0.00000060
 193    0.0000001  -0.00000068
 
----------------
 Final Energies 
----------------
Final NOF Total Energy =    -225.9118127
 
Total Orbital Internal Iterations = 1306
Total Occupation Internal Iterations = 469
 
Elapsed time:  359.54 Seconds

---------------------------------
   Lowdin Population Analysis    
---------------------------------
 Idx  Atom   Population   Charge 
---------------------------------
  1     O     8.006      -0.006
  2     O     7.957       0.043
  3     O     7.637       0.363
  4     H     1.399      -0.399

---------------------------------
   M Diagnostic: 0.05
---------------------------------

Recovering execution output...
Moving from /scratch/pobleyef/284446 to /home-nas/pobleyef/Poison-NOF/ncwomax/P30-5/GNOFa25/arina.284446
mkdir -p /home-nas/pobleyef/Poison-NOF/ncwomax/P30-5/GNOFa25/arina.284446
mv /scratch/pobleyef/284446/* /home-nas/pobleyef/Poison-NOF/ncwomax/P30-5/GNOFa25/arina.284446
