Computing Integrals
Basis Set                                            = def2-qzvp
Auxiliary Basis Set                                  = def2-universal-jkfit
Gaussian Type                                        = Spherical
Elapsed time:    3.42 Seconds

Number of basis functions                   (NBF)    = 70
Number of auxiliary basis functions         (NBFAUX) = 128
Inactive Doubly occupied orbitals up to     (NO1)    = 0
No. considered Strongly Doubly occupied MOs (NDOC)   = 6
No. considered Strongly Singly occupied MOs (NSOC)   = 3
NO. of Weakly occ. per St. Doubly occ.  MOs (NCWO)   = 10
Dimension of the Nat. Orb. subspace         (NBF5)   = 69
No. of electrons                                     = 15
    No. of alpha electrons                           = 9
    No. of beta electrons                            = 6
Multiplicity                                         = 4

Geometry
========
 P       0.0000000       0.0000000       0.0000000

No violations of the orthonormality
No violations of the orthonormality
 
PNOF8/ADABelief Calculation
==================
 
  Nitext  Nit_orb  Time   Nit_occ  Time         Eelec          Etot           Ediff      maxdiff    MaxGrad_orb  Grad_occ
     1      10    1.9e+01   10    2.4e+01  -341.04725367  -341.04725367 -10340.04725367   0.000879   3.5e-03   1.8e-04 0.02
 
RESULTS OF THE OCCUPATION OPTIMIZATION
========================================
   1    1.9999974  -80.02418499
   2    1.9997224  -7.54903495
   3    1.9954446  -5.42350909
   4    1.9953898  -5.42342309
   5    1.9953543  -5.42329801
   6    1.9622408  -0.71629221
   7    1.0000000  -0.20454855
   8    1.0000000  -0.20449818
   9    1.0000000  -0.20448765
  10    0.0092550  -0.02220844
  11    0.0025725  -0.02240783
  12    0.0025387  -0.02240525
  13    0.0025816  -0.02241603
  14    0.0001085  -0.00334197
  15    0.0000023  -0.00030219
  16    0.0054669  -0.00883716
  17    0.0008851  -0.00923515
  18    0.0008862  -0.00929077
  19    0.0008811  -0.00895986
  20    0.0000727  -0.00036025
  21    0.0000002  -0.00000535
  22    0.0054587  -0.00885095
  23    0.0008253  -0.00651229
  24    0.0008199  -0.00653110
  25    0.0008445  -0.00691426
  26    0.0000346  -0.00019703
  27    0.0000000  -0.00000144
  28    0.0054519  -0.00887867
  29    0.0002466  -0.00265587
  30    0.0002453  -0.00257726
  31    0.0001292  -0.00136923
  32    0.0000172  -0.00081194
  33    0.0000000  -0.00000090
  34    0.0054208  -0.00883331
  35    0.0000457  -0.00029235
  36    0.0000472  -0.00029481
  37    0.0000561  -0.00051767
  38    0.0000114  -0.00006261
  39    0.0000000  -0.00000078
  40    0.0054125  -0.00879850
  41    0.0000288  -0.00018303
  42    0.0000282  -0.00018047
  43    0.0000240  -0.00016592
  44    0.0000100  -0.00005705
  45    0.0000000  -0.00000077
  46    0.0004894  -0.00134652
  47    0.0000239  -0.00017168
  48    0.0000246  -0.00017255
  49    0.0000205  -0.00035881
  50    0.0000072  -0.00004312
  51    0.0000000  -0.00000058
  52    0.0002807  -0.00052585
  53    0.0000067  -0.00005892
  54    0.0000069  -0.00005155
  55    0.0000063  -0.00004847
  56    0.0000060  -0.00003802
  57    0.0000000  -0.00000073
  58    0.0002618  -0.00048562
  59    0.0000065  -0.00006115
  60    0.0000067  -0.00005354
  61    0.0000063  -0.00004549
  62    0.0000058  -0.00002619
  63    0.0000000  -0.00000075
  64    0.0002614  -0.00048465
  65    0.0000045  -0.00009726
  66    0.0000063  -0.00008693
  67    0.0000059  -0.00006594
  68    0.0000042  -0.00014394
  69    0.0000000  -0.00000041
 
----------------
 Final Energies 
----------------
Final NOF Total Energy =    -341.0472537
 
Total Orbital Internal Iterations = 10
Total Occupation Internal Iterations = 10
 
Elapsed time:   57.55 Seconds

---------------------------------
   Lowdin Population Analysis    
---------------------------------
 Idx  Atom   Population   Charge 
---------------------------------
  1     P    15.000       0.000

---------------------------------
   M Diagnostic: 0.02
---------------------------------

