Computing Integrals
Basis Set                                            = def2-qzvp
Auxiliary Basis Set                                  = def2-universal-jkfit
Gaussian Type                                        = Spherical
Elapsed time:    2.30 Seconds

Number of basis functions                   (NBF)    = 57
Number of auxiliary basis functions         (NBFAUX) = 75
Inactive Doubly occupied orbitals up to     (NO1)    = 0
No. considered Strongly Doubly occupied MOs (NDOC)   = 2
No. considered Strongly Singly occupied MOs (NSOC)   = 2
NO. of Weakly occ. per St. Doubly occ.  MOs (NCWO)   = 26
Dimension of the Nat. Orb. subspace         (NBF5)   = 56
No. of electrons                                     = 6
    No. of alpha electrons                           = 4
    No. of beta electrons                            = 2
Multiplicity                                         = 3

Geometry
========
 C       0.0000000       0.0000000       0.0000000

No violations of the orthonormality
No violations of the orthonormality
 
PNOF8/ADABelief Calculation
==================
 
  Nitext  Nit_orb  Time   Nit_occ  Time         Eelec          Etot           Ediff      maxdiff    MaxGrad_orb  Grad_occ
     1      10    1.9e+01    5    2.3e+01   -37.80806677   -37.80806677 -10036.80806677   0.000954   3.8e-03   1.8e-04 0.05
 
RESULTS OF THE OCCUPATION OPTIMIZATION
========================================
   1    1.9995368  -11.32278097
   2    1.9353323  -0.73223722
   3    1.0000000  -0.23027668
   4    1.0000000  -0.23027449
   5    0.0424255  -0.02755031
   6    0.0003292  -0.00625113
   7    0.0072765  -0.00947353
   8    0.0000915  -0.00105719
   9    0.0032967  -0.00397879
  10    0.0000107  -0.00020695
  11    0.0032595  -0.00397101
  12    0.0000094  -0.00014491
  13    0.0021774  -0.00280581
  14    0.0000090  -0.00018118
  15    0.0021744  -0.00280897
  16    0.0000011  -0.00002025
  17    0.0009296  -0.00120958
  18    0.0000009  -0.00003124
  19    0.0009288  -0.00120577
  20    0.0000008  -0.00002469
  21    0.0006749  -0.00086936
  22    0.0000008  -0.00001477
  23    0.0003030  -0.00059535
  24    0.0000008  -0.00002147
  25    0.0002493  -0.00051956
  26    0.0000007  -0.00001299
  27    0.0001841  -0.00034007
  28    0.0000007  -0.00001351
  29    0.0001532  -0.00029961
  30    0.0000007  -0.00001193
  31    0.0001075  -0.00019256
  32    0.0000007  -0.00001049
  33    0.0001038  -0.00018979
  34    0.0000006  -0.00000812
  35    0.0000775  -0.00014376
  36    0.0000006  -0.00000753
  37    0.0000743  -0.00014692
  38    0.0000006  -0.00000666
  39    0.0000657  -0.00012968
  40    0.0000006  -0.00000600
  41    0.0000481  -0.00011668
  42    0.0000006  -0.00000587
  43    0.0000409  -0.00010333
  44    0.0000005  -0.00000573
  45    0.0000333  -0.00005952
  46    0.0000005  -0.00000464
  47    0.0000257  -0.00006272
  48    0.0000005  -0.00000393
  49    0.0000171  -0.00004387
  50    0.0000004  -0.00000430
  51    0.0000165  -0.00004379
  52    0.0000004  -0.00000387
  53    0.0000123  -0.00003246
  54    0.0000004  -0.00000214
  55    0.0000119  -0.00003224
  56    0.0000004  -0.00000301
 
----------------
 Final Energies 
----------------
Final NOF Total Energy =     -37.8080668
 
Total Orbital Internal Iterations = 10
Total Occupation Internal Iterations = 5
 
Elapsed time:   54.88 Seconds

---------------------------------
   Lowdin Population Analysis    
---------------------------------
 Idx  Atom   Population   Charge 
---------------------------------
  1     C     6.000      -0.000

---------------------------------
   M Diagnostic: 0.05
---------------------------------

