W4-11-n2o
/software/eb2024/easybuild/software/common/software/Julia/1.11.3-linux-x86_64/bin/julia
Job runing on nh038
Choosing scratch ...
Automatic scratch folder selection
/scratch/pobleyef/284455
/scratch/pobleyef/284455 directory
cp W4-11-n2o.jl W4-11-n2o.jld2 to  /scratch/pobleyef/284455/.
Computing Integrals
Basis Set                                            = def2-qzvp
Auxiliary Basis Set                                  = def2-universal-jkfit
Gaussian Type                                        = Spherical
Elapsed time:    3.89 Seconds

Number of basis functions                   (NBF)    = 171
Number of auxiliary basis functions         (NBFAUX) = 231
Inactive Doubly occupied orbitals up to     (NO1)    = 0
No. considered Strongly Doubly occupied MOs (NDOC)   = 11
No. considered Strongly Singly occupied MOs (NSOC)   = 0
NO. of Weakly occ. per St. Doubly occ.  MOs (NCWO)   = 14
Dimension of the Nat. Orb. subspace         (NBF5)   = 165
No. of electrons                                     = 22
    No. of alpha electrons                           = 11
    No. of beta electrons                            = 11
Multiplicity                                         = 1

Geometry
========
 N       0.0000000       0.0000000      -1.2014770
 N       0.0000000       0.0000000      -0.0723770
 O       0.0000000       0.0000000       1.1146230

No violations of the orthonormality
No violations of the orthonormality
 
PNOF8/ADABelief Calculation
==================
 
  Nitext  Nit_orb  Time   Nit_occ  Time         Eelec          Etot           Ediff      maxdiff    MaxGrad_orb  Grad_occ
     1      10    2.9e+01   64    3.8e+01  -244.99196571  -184.26703079 -10243.99196571   0.029908   1.2e-01   2.3e-04 0.05
     2      20    3.2e+00   43    1.9e+00  -245.20209396  -184.47715904    -0.21012825   0.066881   2.7e-01   2.0e-04 0.05
     3      20    3.1e+00   23    1.0e+00  -245.22808184  -184.50314692    -0.02598788   0.201257   8.1e-01   3.0e-04 0.05
     4      20    3.1e+00   11    5.2e-01  -245.23571571  -184.51078079    -0.00763387   0.037944   1.5e-01   3.4e-04 0.05
     5      20    3.3e+00   30    1.3e+00  -245.23901212  -184.51407720    -0.00329641   0.030211   1.2e-01   2.0e-04 0.05
     6      20    3.2e+00   14    6.5e-01  -245.24067574  -184.51574082    -0.00166362   0.024388   9.8e-02   2.4e-04 0.05
     7      20    3.1e+00   21    9.3e-01  -245.24418691  -184.51925199    -0.00351117   0.022407   9.0e-02   2.3e-04 0.05
     8      20    3.2e+00   10    5.3e-01  -245.24533709  -184.52040217    -0.00115018   0.022725   9.1e-02   1.9e-04 0.05
     9      20    3.1e+00   15    7.1e-01  -245.24786990  -184.52293498    -0.00253281   0.015507   6.2e-02   2.7e-04 0.05
    10      20    3.1e+00    8    4.1e-01  -245.24872313  -184.52378821    -0.00085323   0.024075   9.6e-02   2.4e-04 0.05
    11      20    3.1e+00    0    7.5e-02  -245.24878013  -184.52384521    -0.00005700   0.024075   9.6e-02   2.4e-04 0.05
    12      40    6.2e+00    8    4.2e-01  -245.25370825  -184.52877333    -0.00492811   0.003237   1.3e-02   2.4e-04 0.05
    13      40    6.1e+00   10    5.9e-01  -245.25384439  -184.52890947    -0.00013614   0.003145   1.3e-02   2.3e-04 0.05
    14      40    6.3e+00   22    9.5e-01  -245.25410828  -184.52917336    -0.00026389   0.002846   1.1e-02   2.2e-04 0.05
    15      40    6.3e+00    3    2.1e-01  -245.25426254  -184.52932762    -0.00015427   0.003441   1.4e-02   2.7e-04 0.05
    16      40    6.2e+00    7    3.9e-01  -245.25434650  -184.52941158    -0.00008396   0.003493   1.4e-02   1.8e-04 0.05
    17      40    6.4e+00    9    4.4e-01  -245.25446663  -184.52953171    -0.00012013   0.004127   1.7e-02   1.3e-04 0.05
    18      40    6.2e+00    0    7.0e-02  -245.25452932  -184.52959440    -0.00006269   0.005046   2.0e-02   2.6e-04 0.05
    19      50    8.0e+00    9    4.6e-01  -245.25466510  -184.52973018    -0.00013578   0.003944   1.6e-02   1.6e-04 0.05
    20      50    8.0e+00    4    2.8e-01  -245.25472250  -184.52978758    -0.00005740   0.004843   1.9e-02   2.2e-04 0.05
    21      50    7.9e+00    9    5.1e-01  -245.25479562  -184.52986070    -0.00007312   0.004325   1.7e-02   1.8e-04 0.05
    22      50    7.8e+00    3    2.5e-01  -245.25488411  -184.52994919    -0.00008849   0.003854   1.5e-02   1.8e-04 0.05
    23      50    7.8e+00    9    4.3e-01  -245.25493101  -184.52999609    -0.00004690   0.003213   1.3e-02   1.7e-04 0.05
    24      50    7.9e+00    3    2.3e-01  -245.25501454  -184.53007962    -0.00008353   0.003045   1.2e-02   1.8e-04 0.05
    25      50    8.0e+00    1    1.0e-01  -245.25504232  -184.53010740    -0.00002778   0.002957   1.2e-02   1.8e-04 0.05
    26      50    7.9e+00    0    8.2e-02  -245.25504275  -184.53010783    -0.00000043   0.002957   1.2e-02   1.8e-04 0.05
    27      58    8.9e+00    0    6.1e-02  -245.25514073  -184.53020581    -0.00009798   0.000494   2.0e-03   2.0e-04 0.05
 
RESULTS OF THE OCCUPATION OPTIMIZATION
========================================
   1    1.9999780  -19.41382031
   2    1.9999590  -16.77563433
   3    1.9999507  -16.02092606
   4    1.9858927  -1.58195262
   5    1.9798400  -1.39447532
   6    1.9785486  -0.87786188
   7    1.9655519  -0.81470442
   8    1.9790869  -0.76622654
   9    1.9781989  -0.75870552
  10    1.9531589  -0.56177746
  11    1.9531932  -0.55983405
  12    0.0438223  -0.06156663
  13    0.0398777  -0.05864060
  14    0.0077715  -0.01387483
  15    0.0091672  -0.01868941
  16    0.0312939  -0.05406462
  17    0.0076349  -0.01692029
  18    0.0148883  -0.03045455
  19    0.0055510  -0.01302352
  20    0.0000242  -0.00063287
  21    0.0000153  -0.00045122
  22    0.0000133  -0.00044232
  23    0.0025646  -0.00545412
  24    0.0024413  -0.00529299
  25    0.0062877  -0.01336465
  26    0.0053966  -0.01014780
  27    0.0022107  -0.00584203
  28    0.0045276  -0.00909202
  29    0.0031068  -0.00748574
  30    0.0035908  -0.00843999
  31    0.0000052  -0.00007218
  32    0.0000061  -0.00009546
  33    0.0000026  -0.00004307
  34    0.0001413  -0.00042086
  35    0.0023580  -0.00500604
  36    0.0048508  -0.00879573
  37    0.0023828  -0.00792846
  38    0.0002532  -0.00081854
  39    0.0037657  -0.00760038
  40    0.0005192  -0.00261237
  41    0.0015584  -0.00583188
  42    0.0000048  -0.00007213
  43    0.0000055  -0.00007852
  44    0.0000024  -0.00004280
  45    0.0001382  -0.00041137
  46    0.0020429  -0.00467682
  47    0.0007663  -0.00217564
  48    0.0012189  -0.00357200
  49    0.0002474  -0.00081004
  50    0.0014613  -0.00518601
  51    0.0004136  -0.00151571
  52    0.0010787  -0.00362102
  53    0.0000044  -0.00007605
  54    0.0000045  -0.00005423
  55    0.0000019  -0.00006164
  56    0.0000277  -0.00011589
  57    0.0000154  -0.00007922
  58    0.0005283  -0.00181226
  59    0.0007649  -0.00225684
  60    0.0001797  -0.00064980
  61    0.0013213  -0.00313887
  62    0.0002155  -0.00069788
  63    0.0006691  -0.00532944
  64    0.0000037  -0.00004716
  65    0.0000044  -0.00006464
  66    0.0000005  -0.00001843
  67    0.0000180  -0.00008297
  68    0.0000144  -0.00007887
  69    0.0005078  -0.00148755
  70    0.0005734  -0.00211156
  71    0.0000926  -0.00037310
  72    0.0013078  -0.00302140
  73    0.0002018  -0.00073394
  74    0.0005275  -0.00297185
  75    0.0000015  -0.00004369
  76    0.0000014  -0.00003012
  77    0.0000003  -0.00001611
  78    0.0000143  -0.00007850
  79    0.0000133  -0.00007481
  80    0.0003571  -0.00143911
  81    0.0004733  -0.00145216
  82    0.0000640  -0.00025867
  83    0.0002550  -0.00079766
  84    0.0002011  -0.00073455
  85    0.0004440  -0.00354922
  86    0.0000015  -0.00003649
  87    0.0000010  -0.00002696
  88    0.0000002  -0.00000442
  89    0.0000130  -0.00007640
  90    0.0000132  -0.00007491
  91    0.0002587  -0.00079522
  92    0.0004531  -0.00132597
  93    0.0000177  -0.00011778
  94    0.0002418  -0.00078288
  95    0.0001933  -0.00071096
  96    0.0002475  -0.00105075
  97    0.0000012  -0.00002948
  98    0.0000009  -0.00002165
  99    0.0000002  -0.00000392
 100    0.0000127  -0.00006945
 101    0.0000129  -0.00007065
 102    0.0001625  -0.00068370
 103    0.0001542  -0.00056630
 104    0.0000174  -0.00011843
 105    0.0002396  -0.00074136
 106    0.0001226  -0.00056855
 107    0.0002366  -0.00084863
 108    0.0000008  -0.00002022
 109    0.0000005  -0.00001558
 110    0.0000002  -0.00000390
 111    0.0000124  -0.00007010
 112    0.0000126  -0.00007014
 113    0.0001078  -0.00067750
 114    0.0001312  -0.00049435
 115    0.0000155  -0.00009887
 116    0.0002227  -0.00069897
 117    0.0001217  -0.00045035
 118    0.0001001  -0.00072411
 119    0.0000006  -0.00001685
 120    0.0000005  -0.00003171
 121    0.0000001  -0.00000354
 122    0.0000121  -0.00006588
 123    0.0000115  -0.00006617
 124    0.0000891  -0.00040309
 125    0.0000765  -0.00046909
 126    0.0000152  -0.00009593
 127    0.0001476  -0.00093606
 128    0.0000673  -0.00059769
 129    0.0000331  -0.00017229
 130    0.0000005  -0.00001608
 131    0.0000004  -0.00003225
 132    0.0000001  -0.00000255
 133    0.0000115  -0.00006700
 134    0.0000099  -0.00005808
 135    0.0000451  -0.00024107
 136    0.0000537  -0.00027117
 137    0.0000142  -0.00008948
 138    0.0001247  -0.00051879
 139    0.0000487  -0.00028123
 140    0.0000248  -0.00017581
 141    0.0000004  -0.00003570
 142    0.0000003  -0.00001102
 143    0.0000001  -0.00000162
 144    0.0000102  -0.00006328
 145    0.0000094  -0.00005392
 146    0.0000381  -0.00016872
 147    0.0000340  -0.00016113
 148    0.0000137  -0.00008502
 149    0.0001061  -0.00050200
 150    0.0000426  -0.00022937
 151    0.0000230  -0.00014396
 152    0.0000003  -0.00001544
 153    0.0000002  -0.00000575
 154    0.0000001  -0.00000109
 155    0.0000084  -0.00004458
 156    0.0000086  -0.00005249
 157    0.0000302  -0.00015573
 158    0.0000333  -0.00015436
 159    0.0000129  -0.00008268
 160    0.0000952  -0.00039972
 161    0.0000176  -0.00011690
 162    0.0000228  -0.00014399
 163    0.0000002  -0.00000325
 164    0.0000001  -0.00000146
 165    0.0000001  -0.00000094
 
----------------
 Final Energies 
----------------
Final NOF Total Energy =    -184.5302058
 
Total Orbital Internal Iterations = 948
Total Occupation Internal Iterations = 336
 
Elapsed time:  255.98 Seconds

---------------------------------
   Lowdin Population Analysis    
---------------------------------
 Idx  Atom   Population   Charge 
---------------------------------
  1     N     6.954       0.046
  2     N     7.140      -0.140
  3     O     7.906       0.094

---------------------------------
   M Diagnostic: 0.05
---------------------------------

Recovering execution output...
Moving from /scratch/pobleyef/284455 to /home-nas/pobleyef/Poison-NOF/ncwomax/P30-5/GNOFa25/arina.284455
mkdir -p /home-nas/pobleyef/Poison-NOF/ncwomax/P30-5/GNOFa25/arina.284455
mv /scratch/pobleyef/284455/* /home-nas/pobleyef/Poison-NOF/ncwomax/P30-5/GNOFa25/arina.284455
