W4-11-hnnn
/software/eb2024/easybuild/software/common/software/Julia/1.11.3-linux-x86_64/bin/julia
Job runing on nh031
Choosing scratch ...
Automatic scratch folder selection
/scratch/pobleyef/284454
/scratch/pobleyef/284454 directory
cp W4-11-hnnn.jl W4-11-hnnn.jld2 to  /scratch/pobleyef/284454/.
Computing Integrals
Basis Set                                            = def2-qzvp
Auxiliary Basis Set                                  = def2-universal-jkfit
Gaussian Type                                        = Spherical
Elapsed time:    4.23 Seconds

Number of basis functions                   (NBF)    = 201
Number of auxiliary basis functions         (NBFAUX) = 249
Inactive Doubly occupied orbitals up to     (NO1)    = 0
No. considered Strongly Doubly occupied MOs (NDOC)   = 11
No. considered Strongly Singly occupied MOs (NSOC)   = 0
NO. of Weakly occ. per St. Doubly occ.  MOs (NCWO)   = 17
Dimension of the Nat. Orb. subspace         (NBF5)   = 198
No. of electrons                                     = 22
    No. of alpha electrons                           = 11
    No. of beta electrons                            = 11
Multiplicity                                         = 1

Geometry
========
 H       1.0789720      -1.3818100       0.0000000
 N       0.0937700      -1.1298800       0.0000000
 N       0.0000000       0.1110980       0.0000000
 N      -0.2479090       1.2161830       0.0000000

No violations of the orthonormality
No violations of the orthonormality
 
PNOF8/ADABelief Calculation
==================
 
  Nitext  Nit_orb  Time   Nit_occ  Time         Eelec          Etot           Ediff      maxdiff    MaxGrad_orb  Grad_occ
     1      10    3.0e+01   89    4.1e+01  -225.99635558  -164.40590018 -10224.99635558   0.030716   1.2e-01   2.0e-04 0.05
     2      20    3.4e+00   47    2.9e+00  -226.19435207  -164.60389667    -0.19799649   0.170904   6.8e-01   1.9e-04 0.05
     3      20    3.4e+00   31    2.0e+00  -226.22335883  -164.63290342    -0.02900676   0.023003   9.2e-02   2.3e-04 0.05
     4      20    3.4e+00   17    1.2e+00  -226.23124832  -164.64079292    -0.00788949   0.028185   1.1e-01   2.5e-04 0.05
     5      20    3.4e+00   17    1.2e+00  -226.23554670  -164.64509130    -0.00429838   0.021924   8.8e-02   2.3e-04 0.05
     6      20    3.4e+00   14    9.8e-01  -226.23846011  -164.64800471    -0.00291341   0.020694   8.3e-02   1.8e-04 0.05
     7      20    3.5e+00   14    9.8e-01  -226.24097099  -164.65051559    -0.00251088   0.020141   8.1e-02   2.2e-04 0.05
     8      20    3.5e+00   14    9.6e-01  -226.24309548  -164.65264008    -0.00212449   0.025650   1.0e-01   2.2e-04 0.05
     9      20    3.6e+00    7    5.8e-01  -226.24451548  -164.65406008    -0.00142000   0.085324   3.4e-01   2.1e-04 0.05
    10      20    3.4e+00    0    1.8e-01  -226.24465892  -164.65420352    -0.00014344   0.085323   3.4e-01   2.1e-04 0.05
    11      40    6.9e+00   13    9.7e-01  -226.24874237  -164.65828697    -0.00408345   0.002574   1.0e-02   2.2e-04 0.05
    12      40    6.9e+00    7    6.0e-01  -226.24905441  -164.65859901    -0.00031204   0.003086   1.2e-02   2.1e-04 0.05
    13      40    6.8e+00    7    5.7e-01  -226.24936522  -164.65890982    -0.00031081   0.004352   1.7e-02   2.0e-04 0.05
    14      40    6.8e+00   10    7.6e-01  -226.24961500  -164.65915960    -0.00024978   0.003992   1.6e-02   1.9e-04 0.05
    15      40    6.8e+00    7    6.2e-01  -226.24983857  -164.65938317    -0.00022357   0.003352   1.3e-02   1.9e-04 0.05
    16      40    6.8e+00    7    6.1e-01  -226.25001373  -164.65955833    -0.00017516   0.003458   1.4e-02   1.8e-04 0.05
    17      40    7.2e+00    4    4.4e-01  -226.25016612  -164.65971071    -0.00015238   0.002751   1.1e-02   2.5e-04 0.05
    18      40    6.8e+00    6    4.6e-01  -226.25028081  -164.65982540    -0.00011469   0.003306   1.3e-02   2.3e-04 0.05
    19      40    6.9e+00    3    3.1e-01  -226.25041180  -164.65995639    -0.00013099   0.002810   1.1e-02   2.1e-04 0.05
    20      40    7.1e+00    3    2.7e-01  -226.25052596  -164.66007055    -0.00011416   0.002509   1.0e-02   2.7e-04 0.05
    21      40    6.9e+00    6    5.0e-01  -226.25065386  -164.66019846    -0.00012790   0.002399   9.6e-03   2.2e-04 0.05
    22      40    6.8e+00    3    3.0e-01  -226.25074852  -164.66029312    -0.00009466   0.002191   8.8e-03   2.0e-04 0.05
    23      40    6.9e+00    3    3.1e-01  -226.25083624  -164.66038084    -0.00008772   0.001919   7.7e-03   1.6e-04 0.05
    24      40    6.9e+00    3    3.3e-01  -226.25090160  -164.66044620    -0.00006536   0.002518   1.0e-02   2.2e-04 0.05
    25      40    6.8e+00    1    2.1e-01  -226.25093696  -164.66048156    -0.00003536   0.002807   1.1e-02   2.5e-04 0.05
    26      40    6.8e+00    4    3.5e-01  -226.25096507  -164.66050967    -0.00002811   0.002808   1.1e-02   2.2e-04 0.05
    27      40    7.0e+00    4    3.7e-01  -226.25099211  -164.66053671    -0.00002704   0.003270   1.3e-02   1.6e-04 0.05
    28      40    6.8e+00    3    3.0e-01  -226.25102691  -164.66057151    -0.00003480   0.003260   1.3e-02   2.0e-04 0.05
    29      40    6.7e+00    3    3.1e-01  -226.25105641  -164.66060101    -0.00002950   0.002755   1.1e-02   2.2e-04 0.05
    30      40    6.9e+00    7    5.7e-01  -226.25107562  -164.66062022    -0.00001921   0.002895   1.2e-02   1.5e-04 0.05
    31      40    6.9e+00    1    1.4e-01  -226.25112353  -164.66066812    -0.00004791   0.002848   1.1e-02   1.9e-04 0.05
    32      40    6.8e+00    0    1.3e-01  -226.25115097  -164.66069557    -0.00002745   0.002463   9.9e-03   2.5e-04 0.05
    33      50    8.6e+00    0    1.1e-01  -226.25121144  -164.66075604    -0.00006047   0.001618   6.5e-03   2.5e-04 0.05
    34      60    1.0e+01    7    5.8e-01  -226.25124574  -164.66079034    -0.00003430   0.001389   5.6e-03   1.7e-04 0.05
    35      60    1.0e+01    3    3.4e-01  -226.25128256  -164.66082716    -0.00003682   0.001731   6.9e-03   2.1e-04 0.05
    36      60    1.0e+01    0    9.6e-02  -226.25130142  -164.66084602    -0.00001886   0.001626   6.5e-03   2.2e-04 0.05
    37      70    1.2e+01    7    5.9e-01  -226.25131785  -164.66086245    -0.00001643   0.001311   5.2e-03   1.2e-04 0.05
    38      70    1.2e+01    0    1.0e-01  -226.25134267  -164.66088727    -0.00002482   0.001755   7.0e-03   1.5e-04 0.05
    39      80    1.4e+01    1    2.2e-01  -226.25135433  -164.66089893    -0.00001166   0.001423   5.7e-03   1.8e-04 0.05
    40      80    1.3e+01    0    1.7e-01  -226.25135481  -164.66089940    -0.00000048   0.001423   5.7e-03   1.8e-04 0.05
 
RESULTS OF THE OCCUPATION OPTIMIZATION
========================================
   1    1.9999697  -15.72333486
   2    1.9999605  -15.70794864
   3    1.9999751  -15.65474276
   4    1.9836645  -1.42350181
   5    1.9799634  -1.31919117
   6    1.9768241  -0.82915755
   7    1.9697651  -0.72978800
   8    1.9671444  -0.71800462
   9    1.9757864  -0.70248174
  10    1.9534170  -0.60629542
  11    1.9523937  -0.47181112
  12    0.0474250  -0.06068985
  13    0.0431760  -0.05738304
  14    0.0081009  -0.01536922
  15    0.0289931  -0.04600516
  16    0.0187676  -0.02529256
  17    0.0056286  -0.01305358
  18    0.0144810  -0.02896109
  19    0.0050532  -0.01329530
  20    0.0000178  -0.00046747
  21    0.0000281  -0.00074706
  22    0.0000172  -0.00046281
  23    0.0000211  -0.00007925
  24    0.0029923  -0.00572409
  25    0.0062240  -0.01177683
  26    0.0022679  -0.00524191
  27    0.0052985  -0.00884812
  28    0.0038966  -0.00764949
  29    0.0025722  -0.00594267
  30    0.0035555  -0.00793407
  31    0.0000021  -0.00003367
  32    0.0000034  -0.00005881
  33    0.0000040  -0.00008561
  34    0.0000171  -0.00007826
  35    0.0001690  -0.00047125
  36    0.0059329  -0.01094875
  37    0.0004022  -0.00114377
  38    0.0040831  -0.00705286
  39    0.0035489  -0.00736854
  40    0.0009773  -0.00314147
  41    0.0020344  -0.00768435
  42    0.0000019  -0.00002390
  43    0.0000026  -0.00006433
  44    0.0000034  -0.00005925
  45    0.0000152  -0.00006946
  46    0.0001393  -0.00039833
  47    0.0013552  -0.00397627
  48    0.0003699  -0.00106470
  49    0.0007864  -0.00207945
  50    0.0028381  -0.00618868
  51    0.0005470  -0.00362920
  52    0.0013780  -0.00493038
  53    0.0000013  -0.00001885
  54    0.0000020  -0.00003013
  55    0.0000030  -0.00003954
  56    0.0000147  -0.00006291
  57    0.0000189  -0.00007783
  58    0.0006571  -0.00182763
  59    0.0003128  -0.00092085
  60    0.0002212  -0.00062906
  61    0.0023645  -0.00554752
  62    0.0004119  -0.00286718
  63    0.0011580  -0.00432102
  64    0.0000012  -0.00003243
  65    0.0000019  -0.00003058
  66    0.0000018  -0.00003504
  67    0.0000136  -0.00006063
  68    0.0000132  -0.00005641
  69    0.0005933  -0.00160414
  70    0.0001448  -0.00046948
  71    0.0002143  -0.00065199
  72    0.0013290  -0.00356136
  73    0.0002458  -0.00081938
  74    0.0009552  -0.00316394
  75    0.0000002  -0.00000449
  76    0.0000003  -0.00003721
  77    0.0000003  -0.00003493
  78    0.0000130  -0.00005754
  79    0.0000104  -0.00005381
  80    0.0004859  -0.00137974
  81    0.0001041  -0.00039195
  82    0.0002098  -0.00064111
  83    0.0012469  -0.00322260
  84    0.0002186  -0.00075217
  85    0.0005131  -0.00321412
  86    0.0000001  -0.00000320
  87    0.0000003  -0.00003520
  88    0.0000001  -0.00000313
  89    0.0000126  -0.00005827
  90    0.0000103  -0.00004982
  91    0.0002811  -0.00073542
  92    0.0000822  -0.00032606
  93    0.0001942  -0.00057122
  94    0.0007220  -0.00199517
  95    0.0001941  -0.00070215
  96    0.0004740  -0.00208692
  97    0.0000001  -0.00000296
  98    0.0000002  -0.00000515
  99    0.0000001  -0.00000270
 100    0.0000119  -0.00005720
 101    0.0000092  -0.00004623
 102    0.0001417  -0.00046722
 103    0.0000497  -0.00018910
 104    0.0001486  -0.00048456
 105    0.0004477  -0.00152729
 106    0.0001454  -0.00075841
 107    0.0003962  -0.00147253
 108    0.0000001  -0.00000153
 109    0.0000002  -0.00000411
 110    0.0000001  -0.00000220
 111    0.0000105  -0.00005344
 112    0.0000079  -0.00004335
 113    0.0001097  -0.00049426
 114    0.0000282  -0.00014283
 115    0.0000940  -0.00035368
 116    0.0002689  -0.00096030
 117    0.0000747  -0.00030948
 118    0.0002579  -0.00107605
 119    0.0000000  -0.00000084
 120    0.0000001  -0.00000216
 121    0.0000001  -0.00000154
 122    0.0000093  -0.00004871
 123    0.0000070  -0.00004172
 124    0.0000742  -0.00031496
 125    0.0000237  -0.00011145
 126    0.0000729  -0.00028252
 127    0.0002404  -0.00072533
 128    0.0000431  -0.00019920
 129    0.0001521  -0.00089446
 130    0.0000000  -0.00000069
 131    0.0000001  -0.00000161
 132    0.0000001  -0.00000124
 133    0.0000092  -0.00004525
 134    0.0000059  -0.00003658
 135    0.0000584  -0.00025712
 136    0.0000186  -0.00009218
 137    0.0000589  -0.00024073
 138    0.0002176  -0.00066684
 139    0.0000329  -0.00015804
 140    0.0001272  -0.00063288
 141    0.0000000  -0.00000035
 142    0.0000001  -0.00000130
 143    0.0000000  -0.00000088
 144    0.0000076  -0.00004320
 145    0.0000057  -0.00003382
 146    0.0000536  -0.00030293
 147    0.0000136  -0.00007883
 148    0.0000233  -0.00013131
 149    0.0001274  -0.00047388
 150    0.0000219  -0.00012547
 151    0.0001054  -0.00044648
 152    0.0000000  -0.00000035
 153    0.0000001  -0.00000116
 154    0.0000000  -0.00000060
 155    0.0000069  -0.00004191
 156    0.0000052  -0.00003261
 157    0.0000411  -0.00016373
 158    0.0000122  -0.00006995
 159    0.0000193  -0.00011574
 160    0.0001100  -0.00042186
 161    0.0000189  -0.00010136
 162    0.0000855  -0.00071592
 163    0.0000000  -0.00000025
 164    0.0000001  -0.00000107
 165    0.0000000  -0.00000061
 166    0.0000068  -0.00003764
 167    0.0000047  -0.00003032
 168    0.0000405  -0.00015783
 169    0.0000117  -0.00007134
 170    0.0000160  -0.00008017
 171    0.0000980  -0.00037546
 172    0.0000181  -0.00009767
 173    0.0000384  -0.00017465
 174    0.0000000  -0.00000026
 175    0.0000000  -0.00000053
 176    0.0000000  -0.00000049
 177    0.0000061  -0.00003402
 178    0.0000043  -0.00002997
 179    0.0000356  -0.00015563
 180    0.0000110  -0.00006743
 181    0.0000136  -0.00009145
 182    0.0000504  -0.00023880
 183    0.0000171  -0.00009385
 184    0.0000282  -0.00014775
 185    0.0000000  -0.00000022
 186    0.0000000  -0.00000058
 187    0.0000000  -0.00000041
 188    0.0000056  -0.00003255
 189    0.0000036  -0.00002556
 190    0.0000283  -0.00014459
 191    0.0000098  -0.00006585
 192    0.0000133  -0.00007369
 193    0.0000407  -0.00017949
 194    0.0000167  -0.00009130
 195    0.0000231  -0.00011912
 196    0.0000000  -0.00000016
 197    0.0000000  -0.00000043
 198    0.0000000  -0.00000037
 
----------------
 Final Energies 
----------------
Final NOF Total Energy =    -164.6608994
 
Total Orbital Internal Iterations = 1600
Total Occupation Internal Iterations = 373
 
Elapsed time:  400.20 Seconds

---------------------------------
   Lowdin Population Analysis    
---------------------------------
 Idx  Atom   Population   Charge 
---------------------------------
  1     H     1.251      -0.251
  2     N     6.831       0.169
  3     N     6.978       0.022
  4     N     6.940       0.060

---------------------------------
   M Diagnostic: 0.05
---------------------------------

Recovering execution output...
Moving from /scratch/pobleyef/284454 to /home-nas/pobleyef/Poison-NOF/ncwomax/P30-5/GNOFa25/arina.284454
mkdir -p /home-nas/pobleyef/Poison-NOF/ncwomax/P30-5/GNOFa25/arina.284454
mv /scratch/pobleyef/284454/* /home-nas/pobleyef/Poison-NOF/ncwomax/P30-5/GNOFa25/arina.284454
