Computing Integrals
Basis Set                                            = def2-qzvp
Auxiliary Basis Set                                  = def2-universal-jkfit
Gaussian Type                                        = Spherical
Elapsed time:    2.80 Seconds

Number of basis functions                   (NBF)    = 171
Number of auxiliary basis functions         (NBFAUX) = 231
Inactive Doubly occupied orbitals up to     (NO1)    = 0
No. considered Strongly Doubly occupied MOs (NDOC)   = 11
No. considered Strongly Singly occupied MOs (NSOC)   = 1
NO. of Weakly occ. per St. Doubly occ.  MOs (NCWO)   = 14
Dimension of the Nat. Orb. subspace         (NBF5)   = 166
No. of electrons                                     = 23
    No. of alpha electrons                           = 12
    No. of beta electrons                            = 11
Multiplicity                                         = 2

Geometry
========
 N       0.0000000       0.0000000       0.3239670
 O       0.0000000       1.1012340      -0.1417350
 O       0.0000000      -1.1012340      -0.1417350

No violations of the orthonormality
No violations of the orthonormality
 
PNOF8/ADABelief Calculation
==================
 
  Nitext  Nit_orb  Time   Nit_occ  Time         Eelec          Etot           Ediff      maxdiff    MaxGrad_orb  Grad_occ
     1      10    2.2e+01   10    2.6e+01  -269.83712074  -204.89096841 -10268.83712074   0.003538   1.4e-02   2.3e-04 0.05
     2      20    3.0e+00    0    4.5e-02  -269.83757699  -204.89142467    -0.00045626   0.003538   1.4e-02   2.3e-04 0.05
     3      40    6.4e+00    5    1.4e-01  -269.83784569  -204.89169336    -0.00026870   0.004124   1.6e-02   1.9e-04 0.05
     4      40    6.0e+00    5    1.9e-01  -269.83790239  -204.89175007    -0.00005670   0.003411   1.4e-02   1.9e-04 0.05
     5      40    6.4e+00    1    7.7e-02  -269.83791123  -204.89175890    -0.00000884   0.004750   1.9e-02   2.1e-04 0.05
     6      40    6.0e+00    5    1.9e-01  -269.83792235  -204.89177003    -0.00001113   0.003784   1.5e-02   2.0e-04 0.05
     7      40    6.1e+00    1    1.2e-01  -269.83794886  -204.89179654    -0.00002651   0.004528   1.8e-02   1.7e-04 0.05
     8      40    6.5e+00    0    9.5e-02  -269.83794928  -204.89179695    -0.00000042   0.004528   1.8e-02   1.7e-04 0.05
     9      40    5.7e+00    0    8.3e-02  -269.83811477  -204.89196244    -0.00016549   0.000490   2.0e-03   2.0e-04 0.05
 
RESULTS OF THE OCCUPATION OPTIMIZATION
========================================
   1    1.9999721  -20.47455822
   2    1.9999718  -19.04143587
   3    1.9999592  -17.74100479
   4    1.9849513  -1.55867828
   5    1.9837974  -1.46262324
   6    1.9790244  -0.99215706
   7    1.9685148  -0.92502368
   8    1.9781401  -0.78331413
   9    1.9645933  -0.71197053
  10    1.9753198  -0.69631220
  11    1.9529576  -0.57123333
  12    1.0000000  -0.27959617
  13    0.0466993  -0.06953726
  14    0.0099976  -0.01946977
  15    0.0312374  -0.04939439
  16    0.0064039  -0.01206823
  17    0.0298926  -0.04846560
  18    0.0059094  -0.01240835
  19    0.0072215  -0.01914402
  20    0.0056965  -0.01346443
  21    0.0000124  -0.00036008
  22    0.0000101  -0.00036286
  23    0.0000093  -0.00035274
  24    0.0002012  -0.00060997
  25    0.0050896  -0.00948927
  26    0.0029653  -0.00673402
  27    0.0061801  -0.01332850
  28    0.0005039  -0.00159703
  29    0.0046101  -0.00935577
  30    0.0038370  -0.00899388
  31    0.0030236  -0.00741643
  32    0.0000057  -0.00008232
  33    0.0000045  -0.00006735
  34    0.0000035  -0.00005206
  35    0.0000128  -0.00007848
  36    0.0043797  -0.00811084
  37    0.0005059  -0.00157961
  38    0.0041065  -0.00771051
  39    0.0002858  -0.00094720
  40    0.0037961  -0.00791287
  41    0.0028020  -0.00694852
  42    0.0026938  -0.00740876
  43    0.0000050  -0.00007949
  44    0.0000039  -0.00005473
  45    0.0000033  -0.00005225
  46    0.0000127  -0.00007767
  47    0.0017705  -0.00433502
  48    0.0002503  -0.00077898
  49    0.0017210  -0.00409742
  50    0.0002083  -0.00067381
  51    0.0029843  -0.00707163
  52    0.0005324  -0.00176563
  53    0.0018233  -0.00691005
  54    0.0000043  -0.00007993
  55    0.0000034  -0.00005118
  56    0.0000023  -0.00004138
  57    0.0000125  -0.00007726
  58    0.0010123  -0.00299105
  59    0.0001860  -0.00063679
  60    0.0010950  -0.00331222
  61    0.0001930  -0.00064825
  62    0.0019485  -0.00639728
  63    0.0004587  -0.00377707
  64    0.0006965  -0.00517362
  65    0.0000024  -0.00003962
  66    0.0000032  -0.00004669
  67    0.0000021  -0.00003968
  68    0.0000124  -0.00007622
  69    0.0007916  -0.00231313
  70    0.0000745  -0.00032850
  71    0.0009021  -0.00299400
  72    0.0001147  -0.00042073
  73    0.0006351  -0.00431633
  74    0.0003736  -0.00172749
  75    0.0002578  -0.00097287
  76    0.0000023  -0.00003843
  77    0.0000010  -0.00002954
  78    0.0000019  -0.00003651
  79    0.0000123  -0.00007623
  80    0.0005890  -0.00168322
  81    0.0000696  -0.00031121
  82    0.0003758  -0.00144178
  83    0.0001005  -0.00039271
  84    0.0003524  -0.00117686
  85    0.0002284  -0.00080994
  86    0.0002394  -0.00085726
  87    0.0000020  -0.00003645
  88    0.0000005  -0.00003280
  89    0.0000017  -0.00003407
  90    0.0000122  -0.00007591
  91    0.0004183  -0.00130916
  92    0.0000241  -0.00012062
  93    0.0003457  -0.00123838
  94    0.0000768  -0.00034758
  95    0.0002164  -0.00076468
  96    0.0002182  -0.00095263
  97    0.0002103  -0.00095161
  98    0.0000019  -0.00003337
  99    0.0000004  -0.00000619
 100    0.0000013  -0.00002769
 101    0.0000121  -0.00007507
 102    0.0002901  -0.00093082
 103    0.0000175  -0.00010200
 104    0.0002459  -0.00077870
 105    0.0000263  -0.00013884
 106    0.0001339  -0.00047195
 107    0.0002075  -0.00078710
 108    0.0001261  -0.00055405
 109    0.0000019  -0.00003270
 110    0.0000003  -0.00002058
 111    0.0000009  -0.00001955
 112    0.0000118  -0.00007584
 113    0.0002180  -0.00071012
 114    0.0000166  -0.00009639
 115    0.0002294  -0.00075533
 116    0.0000234  -0.00012482
 117    0.0001294  -0.00051673
 118    0.0001365  -0.00059936
 119    0.0000970  -0.00096889
 120    0.0000010  -0.00002055
 121    0.0000003  -0.00000487
 122    0.0000005  -0.00001687
 123    0.0000117  -0.00007428
 124    0.0000417  -0.00019971
 125    0.0000156  -0.00009384
 126    0.0001487  -0.00056076
 127    0.0000162  -0.00010362
 128    0.0001214  -0.00049198
 129    0.0000982  -0.00117053
 130    0.0000938  -0.00118298
 131    0.0000007  -0.00001472
 132    0.0000002  -0.00000374
 133    0.0000004  -0.00003170
 134    0.0000110  -0.00007194
 135    0.0000312  -0.00018311
 136    0.0000153  -0.00009555
 137    0.0000502  -0.00027581
 138    0.0000151  -0.00010191
 139    0.0000791  -0.00038540
 140    0.0000469  -0.00029441
 141    0.0000365  -0.00019586
 142    0.0000006  -0.00001384
 143    0.0000002  -0.00000569
 144    0.0000003  -0.00000447
 145    0.0000107  -0.00007279
 146    0.0000298  -0.00015641
 147    0.0000145  -0.00008617
 148    0.0000310  -0.00019145
 149    0.0000147  -0.00009790
 150    0.0000412  -0.00021745
 151    0.0000220  -0.00013405
 152    0.0000353  -0.00020214
 153    0.0000004  -0.00002538
 154    0.0000001  -0.00000198
 155    0.0000003  -0.00000503
 156    0.0000097  -0.00006587
 157    0.0000208  -0.00010964
 158    0.0000141  -0.00008382
 159    0.0000249  -0.00013747
 160    0.0000139  -0.00008868
 161    0.0000182  -0.00011124
 162    0.0000195  -0.00011943
 163    0.0000187  -0.00012188
 164    0.0000002  -0.00000445
 165    0.0000001  -0.00000111
 166    0.0000002  -0.00000408
 
----------------
 Final Energies 
----------------
Final NOF Total Energy =    -204.8919624
 
Total Orbital Internal Iterations = 310
Total Occupation Internal Iterations = 27
 
Elapsed time:  110.75 Seconds

---------------------------------
   Lowdin Population Analysis    
---------------------------------
 Idx  Atom   Population   Charge 
---------------------------------
  1     N     7.265      -0.265
  2     O     7.858       0.142
  3     O     7.877       0.123

---------------------------------
   M Diagnostic: 0.05
---------------------------------

