ALKBDE10_2_cao
/software/eb2024/easybuild/software/common/software/Julia/1.11.3-linux-x86_64/bin/julia
Job runing on na19
Choosing scratch ...
Automatic scratch folder selection
/scratch/pobleyef/168095
/scratch/pobleyef/168095 directory
cp ALKBDE10_2_cao.jl ALKBDE10_2_cao.jld2 to  /scratch/pobleyef/168095/.
Computing Integrals
Elapsed time:   12.48 Seconds

Number of basis functions                   (NBF)    = 113
Number of auxiliary basis functions         (NBFAUX) = 237
Inactive Doubly occupied orbitals up to     (NO1)    = 0
No. considered Strongly Doubly occupied MOs (NDOC)   = 14
No. considered Strongly Singly occupied MOs (NSOC)   = 0
NO. of Weakly occ. per St. Doubly occ.  MOs (NCWO)   = 1
Dimension of the Nat. Orb. subspace         (NBF5)   = 28
No. of electrons                                     = 28
    No. of alpha electrons                           = 14
    No. of beta electrons                            = 14
Multiplicity                                         = 1

Geometry
========
Ca       0.0000000       0.0000000      -0.8987290
 O       0.0000000       0.0000000       0.8987290

No violations of the orthonormality
No violations of the orthonormality
 
PNOF9/ADABelief Calculation
==================
 
  Nitext  Nit_orb  Time   Nit_occ  Time         Eelec          Etot           Ediff      maxdiff    MaxGrad_orb  Grad_occ
     1      10    5.0e+01    7    2.1e+01  -799.20296664  -752.09856692 -10798.20296664   0.003427   1.4e-02   1.1e-04 0.03
     2      20    7.2e+01    0    2.2e-02  -799.21674621  -752.11234649    -0.01377957   0.003427   1.4e-02   1.1e-04 0.03
     3      40    1.4e+02    3    2.6e-02  -799.21734373  -752.11294401    -0.00059752   0.003088   1.2e-02   2.3e-04 0.03
     4      40    1.4e+02    3    1.7e-02  -799.21741696  -752.11301724    -0.00007322   0.003467   1.4e-02   1.8e-04 0.03
     5      40    1.4e+02    0    2.8e-02  -799.21742607  -752.11302635    -0.00000911   0.003467   1.4e-02   1.8e-04 0.03
     6      60    1.8e+02    1    3.1e-02  -799.21751238  -752.11311266    -0.00008631   0.000493   2.0e-03   1.6e-04 0.03
 
RESULTS OF THE OCCUPATION OPTIMIZATION
========================================
   1    1.9999909  -149.22997547
   2    1.9997858  -18.09545739
   3    1.9998448  -17.35627626
   4    1.9996680  -14.93696697
   5    1.9997588  -13.58745252
   6    1.9995609  -13.46533829
   7    1.9926825  -2.11697101
   8    1.9822533  -1.09339069
   9    1.9825860  -1.07328956
  10    1.9893725  -1.06672277
  11    1.9823043  -1.05944653
  12    1.9780557  -0.68052796
  13    1.9747927  -0.38681127
  14    1.9731544  -0.31438863
  15    0.0268456  -0.03267920
  16    0.0252073  -0.04172869
  17    0.0219443  -0.03856440
  18    0.0176957  -0.03394263
  19    0.0106275  -0.02405042
  20    0.0174140  -0.03348485
  21    0.0177467  -0.03501241
  22    0.0073175  -0.03582760
  23    0.0004391  -0.01191313
  24    0.0002412  -0.00746127
  25    0.0003320  -0.00494755
  26    0.0001552  -0.00260498
  27    0.0002142  -0.00629680
  28    0.0000091  -0.00282943
 
----------------
 Final Energies 
----------------
Final NOF Total Energy =    -752.1131127
 
Total Orbital Internal Iterations = 210
Total Occupation Internal Iterations = 14
 
Elapsed time:  744.17 Seconds

---------------------------------
   Lowdin Population Analysis    
---------------------------------
 Idx  Atom   Population   Charge 
---------------------------------
  1    Ca    19.348       0.652
  2     O     8.652      -0.652

---------------------------------
   M Diagnostic: 0.03
---------------------------------

Recovering execution output...
Moving from /scratch/pobleyef/168095 to /home-nas/pobleyef/Poison-Set/ncwo1/P30-5/GNOFm02/arina.168095
mkdir -p /home-nas/pobleyef/Poison-Set/ncwo1/P30-5/GNOFm02/arina.168095
mv /scratch/pobleyef/168095/* /home-nas/pobleyef/Poison-Set/ncwo1/P30-5/GNOFm02/arina.168095
