BH76_9_hf2ts
/software/eb2024/easybuild/software/common/software/Julia/1.11.3-linux-x86_64/bin/julia
Job runing on na12
Choosing scratch ...
Automatic scratch folder selection
/scratch/pobleyef/168102
/scratch/pobleyef/168102 directory
cp BH76_9_hf2ts.jl BH76_9_hf2ts.jld2 to  /scratch/pobleyef/168102/.
Computing Integrals
Elapsed time:   11.27 Seconds

Number of basis functions                   (NBF)    = 144
Number of auxiliary basis functions         (NBFAUX) = 172
Inactive Doubly occupied orbitals up to     (NO1)    = 0
No. considered Strongly Doubly occupied MOs (NDOC)   = 9
No. considered Strongly Singly occupied MOs (NSOC)   = 1
NO. of Weakly occ. per St. Doubly occ.  MOs (NCWO)   = 1
Dimension of the Nat. Orb. subspace         (NBF5)   = 19
No. of electrons                                     = 19
    No. of alpha electrons                           = 10
    No. of beta electrons                            = 9
Multiplicity                                         = 2

Geometry
========
 H       0.0000000       0.0000000      -1.5701571
 F       0.0000000       0.0000000       0.0449024
 F       0.0000000       0.0000000       1.5252546

No violations of the orthonormality
No violations of the orthonormality
 
PNOF9/ADABelief Calculation
==================
 
  Nitext  Nit_orb  Time   Nit_occ  Time         Eelec          Etot           Ediff      maxdiff    MaxGrad_orb  Grad_occ
     1      10    5.3e+01    6    2.2e+01  -233.05255330  -199.61032177 -10232.05255330   0.004856   1.9e-02   1.5e-04 0.04
     2      20    6.9e+01    3    7.0e-03  -233.05870947  -199.61647794    -0.00615617   0.009630   3.9e-02   2.8e-04 0.04
     3      20    6.7e+01    0    1.7e-02  -233.05875856  -199.61652703    -0.00004909   0.009630   3.9e-02   2.8e-04 0.04
     4      40    1.3e+02    3    7.8e-03  -233.05959358  -199.61736206    -0.00083502   0.000550   2.2e-03   1.8e-04 0.04
 
RESULTS OF THE OCCUPATION OPTIMIZATION
========================================
   1    1.9998606  -26.45495281
   2    1.9998560  -26.44173124
   3    1.9928455  -1.60944266
   4    1.9923694  -1.51893649
   5    1.9893657  -0.88005277
   6    1.9896086  -0.82971923
   7    1.9608213  -0.78700639
   8    1.9863793  -0.72680032
   9    1.9865778  -0.71320396
  10    1.0000000  -0.25093229
  11    0.0134222  -0.02277335
  12    0.0136207  -0.02315335
  13    0.0391787  -0.07573849
  14    0.0103914  -0.02475410
  15    0.0106343  -0.02241135
  16    0.0076306  -0.01920225
  17    0.0071545  -0.02100062
  18    0.0001440  -0.00616534
  19    0.0001394  -0.00595801
 
----------------
 Final Energies 
----------------
Final NOF Total Energy =    -199.6173621
 
Total Orbital Internal Iterations = 90
Total Occupation Internal Iterations = 12
 
Elapsed time:  358.60 Seconds

---------------------------------
   Lowdin Population Analysis    
---------------------------------
 Idx  Atom   Population   Charge 
---------------------------------
  1     H     0.999       0.001
  2     F     8.977       0.023
  3     F     9.024      -0.024

---------------------------------
   M Diagnostic: 0.04
---------------------------------

Recovering execution output...
Moving from /scratch/pobleyef/168102 to /home-nas/pobleyef/Poison-Set/ncwo1/P30-5/GNOFm02/arina.168102
mkdir -p /home-nas/pobleyef/Poison-Set/ncwo1/P30-5/GNOFm02/arina.168102
mv /scratch/pobleyef/168102/* /home-nas/pobleyef/Poison-Set/ncwo1/P30-5/GNOFm02/arina.168102
