c
/software/eb2024/easybuild/software/common/software/Julia/1.11.3-linux-x86_64/bin/julia
Job runing on nagpu01
Choosing scratch ...
Automatic scratch folder selection
/scratch/pobleyef/168106
/scratch/pobleyef/168106 directory
cp c.jl c.jld2 to  /scratch/pobleyef/168106/.
Computing Integrals
Elapsed time:    3.61 Seconds

Number of basis functions                   (NBF)    = 57
Number of auxiliary basis functions         (NBFAUX) = 75
Inactive Doubly occupied orbitals up to     (NO1)    = 0
No. considered Strongly Doubly occupied MOs (NDOC)   = 2
No. considered Strongly Singly occupied MOs (NSOC)   = 2
NO. of Weakly occ. per St. Doubly occ.  MOs (NCWO)   = 1
Dimension of the Nat. Orb. subspace         (NBF5)   = 6
No. of electrons                                     = 6
    No. of alpha electrons                           = 4
    No. of beta electrons                            = 2
Multiplicity                                         = 3

Geometry
========
 C       0.0000000       0.0000000       0.0000000

No violations of the orthonormality
No violations of the orthonormality
 
PNOF9/ADABelief Calculation
==================
 
  Nitext  Nit_orb  Time   Nit_occ  Time         Eelec          Etot           Ediff      maxdiff    MaxGrad_orb  Grad_occ
     1      10    1.6e+01    1    2.0e+01   -37.78855161   -37.78855161 -10036.78855161   0.000447   1.8e-03   6.0e-05 0.18
 
RESULTS OF THE OCCUPATION OPTIMIZATION
========================================
   1    1.9993852  -11.30040551
   2    1.8174431  -0.70325427
   3    1.0000000  -0.23100477
   4    1.0000000  -0.23100145
   5    0.1825569  -0.07074176
   6    0.0006148  -0.01035971
 
----------------
 Final Energies 
----------------
Final NOF Total Energy =     -37.7885516
 
Total Orbital Internal Iterations = 10
Total Occupation Internal Iterations = 1
 
Elapsed time:   46.68 Seconds

---------------------------------
   Lowdin Population Analysis    
---------------------------------
 Idx  Atom   Population   Charge 
---------------------------------
  1     C     6.000       0.000

---------------------------------
   M Diagnostic: 0.18
---------------------------------

Recovering execution output...
Moving from /scratch/pobleyef/168106 to /home-nas/pobleyef/Poison-Set/ncwo1/P30-5/GNOFm02/arina.168106
mkdir -p /home-nas/pobleyef/Poison-Set/ncwo1/P30-5/GNOFm02/arina.168106
mv /scratch/pobleyef/168106/* /home-nas/pobleyef/Poison-Set/ncwo1/P30-5/GNOFm02/arina.168106
