ca
/software/eb2024/easybuild/software/common/software/Julia/1.11.3-linux-x86_64/bin/julia
Job runing on nagpu01
Choosing scratch ...
Automatic scratch folder selection
/scratch/pobleyef/168105
/scratch/pobleyef/168105 directory
cp ca.jl ca.jld2 to  /scratch/pobleyef/168105/.
Computing Integrals
Elapsed time:    3.39 Seconds

Number of basis functions                   (NBF)    = 56
Number of auxiliary basis functions         (NBFAUX) = 160
Inactive Doubly occupied orbitals up to     (NO1)    = 0
No. considered Strongly Doubly occupied MOs (NDOC)   = 10
No. considered Strongly Singly occupied MOs (NSOC)   = 0
NO. of Weakly occ. per St. Doubly occ.  MOs (NCWO)   = 1
Dimension of the Nat. Orb. subspace         (NBF5)   = 20
No. of electrons                                     = 20
    No. of alpha electrons                           = 10
    No. of beta electrons                            = 10
Multiplicity                                         = 1

Geometry
========
Ca       0.0000000       0.0000000       0.0000000

No violations of the orthonormality
No violations of the orthonormality
 
PNOF9/ADABelief Calculation
==================
 
  Nitext  Nit_orb  Time   Nit_occ  Time         Eelec          Etot           Ediff      maxdiff    MaxGrad_orb  Grad_occ
     1      10    1.6e+01    5    1.9e+01  -677.09318787  -677.09318787 -10676.09318787   0.001361   5.4e-03   1.6e-04 0.02
     2      20    4.0e-02    0    4.4e-04  -677.10197914  -677.10197914    -0.00879127   0.001361   5.4e-03   1.6e-04 0.02
     3      40    3.6e-02    1    4.5e-04  -677.10217815  -677.10217815    -0.00019901   0.003464   1.4e-02   1.6e-04 0.02
     4      40    3.5e-02    0    4.1e-04  -677.10219665  -677.10219665    -0.00001850   0.003141   1.3e-02   1.9e-04 0.02
     5      50    4.2e-02    0    3.0e-03  -677.10222145  -677.10222145    -0.00002480   0.002187   8.7e-03   1.8e-04 0.02
     6      60    5.2e-02    0    4.6e-04  -677.10222600  -677.10222600    -0.00000454   0.001777   7.1e-03   1.9e-04 0.02
     7      70    6.1e-02    0    4.3e-04  -677.10223064  -677.10223064    -0.00000465   0.001525   6.1e-03   1.9e-04 0.02
     8      80    7.0e-02    0    4.0e-04  -677.10223513  -677.10223513    -0.00000449   0.001189   4.8e-03   1.9e-04 0.02
     9      90    7.8e-02    0    3.9e-04  -677.10223685  -677.10223685    -0.00000172   0.000986   3.9e-03   1.9e-04 0.02
 
RESULTS OF THE OCCUPATION OPTIMIZATION
========================================
   1    1.9999934  -149.35837598
   2    1.9998944  -16.80836513
   3    1.9998655  -13.61211951
   4    1.9998629  -13.61062362
   5    1.9986038  -13.60250221
   6    1.9873235  -2.24586776
   7    1.9812347  -1.11947817
   8    1.9812144  -1.11817165
   9    1.9802622  -1.00729997
  10    1.9802494  -1.00691267
  11    0.0197506  -0.03647510
  12    0.0197378  -0.03646636
  13    0.0187856  -0.03677357
  14    0.0187653  -0.03677357
  15    0.0126765  -0.03349683
  16    0.0013962  -0.03256843
  17    0.0001371  -0.00315384
  18    0.0001345  -0.00326447
  19    0.0001056  -0.00352542
  20    0.0000066  -0.00200599
 
----------------
 Final Energies 
----------------
Final NOF Total Energy =    -677.1022368
 
Total Orbital Internal Iterations = 460
Total Occupation Internal Iterations = 6
 
Elapsed time:   47.16 Seconds

---------------------------------
   Lowdin Population Analysis    
---------------------------------
 Idx  Atom   Population   Charge 
---------------------------------
  1    Ca    20.000      -0.000

---------------------------------
   M Diagnostic: 0.02
---------------------------------

Recovering execution output...
Moving from /scratch/pobleyef/168105 to /home-nas/pobleyef/Poison-Set/ncwo1/P30-5/GNOFm02/arina.168105
mkdir -p /home-nas/pobleyef/Poison-Set/ncwo1/P30-5/GNOFm02/arina.168105
mv /scratch/pobleyef/168105/* /home-nas/pobleyef/Poison-Set/ncwo1/P30-5/GNOFm02/arina.168105
