G2RC_20_34
/software/eb2024/easybuild/software/common/software/Julia/1.11.3-linux-x86_64/bin/julia
Job runing on nh002
Choosing scratch ...
Automatic scratch folder selection
/scratch/pobleyef/168116
/scratch/pobleyef/168116 directory
cp G2RC_20_34.jl G2RC_20_34.jld2 to  /scratch/pobleyef/168116/.
Computing Integrals
Elapsed time:    5.85 Seconds

Number of basis functions                   (NBF)    = 114
Number of auxiliary basis functions         (NBFAUX) = 154
Inactive Doubly occupied orbitals up to     (NO1)    = 0
No. considered Strongly Doubly occupied MOs (NDOC)   = 7
No. considered Strongly Singly occupied MOs (NSOC)   = 0
NO. of Weakly occ. per St. Doubly occ.  MOs (NCWO)   = 1
Dimension of the Nat. Orb. subspace         (NBF5)   = 14
No. of electrons                                     = 14
    No. of alpha electrons                           = 7
    No. of beta electrons                            = 7
Multiplicity                                         = 1

Geometry
========
 N       0.0000000       0.0000000      -0.5454291
 N       0.0000000       0.0000000       0.5454291

No violations of the orthonormality
No violations of the orthonormality
 
PNOF9/ADABelief Calculation
==================
 
  Nitext  Nit_orb  Time   Nit_occ  Time         Eelec          Etot           Ediff      maxdiff    MaxGrad_orb  Grad_occ
     1      10    2.8e+01    4    3.3e+01  -133.03021815  -109.26028294 -10132.03021815   0.004673   1.9e-02   2.1e-04 0.03
     2      20    4.3e-01    4    8.6e-03  -133.03722742  -109.26729222    -0.00700927   0.007446   3.0e-02   5.1e-05 0.03
     3      20    2.8e-01    0    6.2e-03  -133.03726505  -109.26732984    -0.00003763   0.007446   3.0e-02   5.1e-05 0.03
     4      40    6.5e-01    3    1.4e-02  -133.03754139  -109.26760618    -0.00027634   0.000584   2.3e-03   1.4e-04 0.03
 
RESULTS OF THE OCCUPATION OPTIMIZATION
========================================
   1    1.9997800  -15.67278135
   2    1.9997697  -15.67041333
   3    1.9930823  -1.27701730
   4    1.9893889  -0.82359415
   5    1.9816235  -0.81134842
   6    1.9680505  -0.62850696
   7    1.9680701  -0.62848396
   8    0.0319299  -0.04390843
   9    0.0319495  -0.04391870
  10    0.0183765  -0.03289461
  11    0.0106111  -0.01991140
  12    0.0069177  -0.01660220
  13    0.0002303  -0.00601636
  14    0.0002200  -0.00570075
 
----------------
 Final Energies 
----------------
Final NOF Total Energy =    -109.2676062
 
Total Orbital Internal Iterations = 90
Total Occupation Internal Iterations = 11
 
Elapsed time:   80.46 Seconds

---------------------------------
   Lowdin Population Analysis    
---------------------------------
 Idx  Atom   Population   Charge 
---------------------------------
  1     N     7.001      -0.001
  2     N     6.999       0.001

---------------------------------
   M Diagnostic: 0.03
---------------------------------

Recovering execution output...
Moving from /scratch/pobleyef/168116 to /home-nas/pobleyef/Poison-Set/ncwo1/P30-5/GNOFm02/arina.168116
mkdir -p /home-nas/pobleyef/Poison-Set/ncwo1/P30-5/GNOFm02/arina.168116
mv /scratch/pobleyef/168116/* /home-nas/pobleyef/Poison-Set/ncwo1/P30-5/GNOFm02/arina.168116
