G2RC_10_61
/software/eb2024/easybuild/software/common/software/Julia/1.11.3-linux-x86_64/bin/julia
Job runing on na07
Choosing scratch ...
Automatic scratch folder selection
/scratch/pobleyef/168157
/scratch/pobleyef/168157 directory
cp G2RC_10_61.jl G2RC_10_61.jld2 to  /scratch/pobleyef/168157/.
Computing Integrals
Elapsed time:   15.55 Seconds

Number of basis functions                   (NBF)    = 285
Number of auxiliary basis functions         (NBFAUX) = 383
Inactive Doubly occupied orbitals up to     (NO1)    = 0
No. considered Strongly Doubly occupied MOs (NDOC)   = 21
No. considered Strongly Singly occupied MOs (NSOC)   = 0
NO. of Weakly occ. per St. Doubly occ.  MOs (NCWO)   = 1
Dimension of the Nat. Orb. subspace         (NBF5)   = 42
No. of electrons                                     = 42
    No. of alpha electrons                           = 21
    No. of beta electrons                            = 21
Multiplicity                                         = 1

Geometry
========
 C       0.0000000       0.0000000       0.0000000
 F       0.7665641      -0.7665641       0.7665641
 F      -0.7665641       0.7665641       0.7665641
 F      -0.7665641      -0.7665641      -0.7665641
 F       0.7665641       0.7665641      -0.7665641

No violations of the orthonormality
No violations of the orthonormality
 
PNOF9/ADABelief Calculation
==================
 
  Nitext  Nit_orb  Time   Nit_occ  Time         Eelec          Etot           Ediff      maxdiff    MaxGrad_orb  Grad_occ
     1      10    1.0e+02    0    2.5e+01  -641.36099708  -436.65659975 -10640.36099708   0.002378   9.5e-03   2.2e-04 0.02
     2      30    2.7e+02    0    4.4e-02  -641.36099708  -436.65659975     0.00000000   0.002378   9.5e-03   2.2e-04 0.02
     3      50    4.2e+02    2    7.9e-02  -641.36126593  -436.65686859    -0.00026884   0.001179   4.7e-03   2.0e-04 0.02
     4      50    4.2e+02    2    6.5e-02  -641.36143521  -436.65703787    -0.00016928   0.001794   7.2e-03   1.8e-04 0.02
     5      50    4.3e+02    2    2.8e-02  -641.36156885  -436.65717151    -0.00013364   0.001329   5.3e-03   1.6e-04 0.02
     6      50    4.3e+02    2    4.4e-02  -641.36165576  -436.65725843    -0.00008692   0.001817   7.3e-03   1.5e-04 0.02
     7      50    4.0e+02    1    3.9e-02  -641.36175053  -436.65735320    -0.00009477   0.001380   5.5e-03   2.6e-04 0.02
     8      50    4.1e+02    1    2.7e-02  -641.36179360  -436.65739626    -0.00004306   0.001734   6.9e-03   2.5e-04 0.02
     9      50    4.3e+02    2    2.9e-02  -641.36181852  -436.65742119    -0.00002493   0.001284   5.1e-03   1.2e-04 0.02
    10      50    3.7e+02    1    5.6e-02  -641.36183963  -436.65744230    -0.00002111   0.001434   5.7e-03   1.4e-04 0.02
    11      50    3.8e+02    1    1.9e-02  -641.36184691  -436.65744958    -0.00000728   0.001453   5.8e-03   1.2e-04 0.02
    12      50    3.9e+02    1    9.5e-02  -641.36185442  -436.65745708    -0.00000750   0.001815   7.3e-03   1.4e-04 0.02
    13      50    3.9e+02    1    2.6e-02  -641.36185967  -436.65746233    -0.00000525   0.001511   6.0e-03   1.3e-04 0.02
    14      50    4.1e+02    1    2.9e-02  -641.36186593  -436.65746859    -0.00000626   0.001488   6.0e-03   1.6e-04 0.02
    15      50    3.7e+02    0    3.5e-02  -641.36186713  -436.65746979    -0.00000120   0.001488   6.0e-03   1.6e-04 0.02
    16      46    3.6e+02    1    2.7e-02  -641.36189091  -436.65749357    -0.00002378   0.000478   1.9e-03   1.4e-04 0.02
 
RESULTS OF THE OCCUPATION OPTIMIZATION
========================================
   1    1.9998569  -26.40879984
   2    1.9998566  -26.40857703
   3    1.9998566  -26.40846309
   4    1.9998613  -26.40839175
   5    1.9994734  -11.57329127
   6    1.9926735  -1.62517519
   7    1.9927236  -1.61412716
   8    1.9926582  -1.60916255
   9    1.9926671  -1.60229247
  10    1.9752445  -0.90902010
  11    1.9752826  -0.90424939
  12    1.9752716  -0.90405964
  13    1.9752623  -0.90203795
  14    1.9887767  -0.85027264
  15    1.9887251  -0.84938810
  16    1.9882533  -0.84161346
  17    1.9884675  -0.83525399
  18    1.9878761  -0.78949147
  19    1.9871652  -0.78186695
  20    1.9870421  -0.77721267
  21    1.9866590  -0.75603446
  22    0.0133410  -0.02303752
  23    0.0129579  -0.02281073
  24    0.0128348  -0.02266473
  25    0.0121239  -0.02154941
  26    0.0115325  -0.02199053
  27    0.0117467  -0.02263328
  28    0.0112749  -0.02212554
  29    0.0112233  -0.02197799
  30    0.0247377  -0.04886604
  31    0.0247284  -0.04879511
  32    0.0247174  -0.04872515
  33    0.0247555  -0.04871075
  34    0.0073329  -0.02193454
  35    0.0073418  -0.02215041
  36    0.0072764  -0.02182464
  37    0.0073265  -0.02271178
  38    0.0005266  -0.00944603
  39    0.0001387  -0.00594200
  40    0.0001434  -0.00605487
  41    0.0001434  -0.00605422
  42    0.0001431  -0.00603952
 
----------------
 Final Energies 
----------------
Final NOF Total Energy =    -436.6574936
 
Total Orbital Internal Iterations = 736
Total Occupation Internal Iterations = 18
 
Elapsed time: 6120.99 Seconds

---------------------------------
   Lowdin Population Analysis    
---------------------------------
 Idx  Atom   Population   Charge 
---------------------------------
  1     C     7.541      -1.541
  2     F     8.615       0.385
  3     F     8.615       0.385
  4     F     8.615       0.385
  5     F     8.615       0.385

---------------------------------
   M Diagnostic: 0.02
---------------------------------

Recovering execution output...
Moving from /scratch/pobleyef/168157 to /home-nas/pobleyef/Poison-Set/ncwo1/P30-5/GNOFm02/arina.168157
mkdir -p /home-nas/pobleyef/Poison-Set/ncwo1/P30-5/GNOFm02/arina.168157
mv /scratch/pobleyef/168157/* /home-nas/pobleyef/Poison-Set/ncwo1/P30-5/GNOFm02/arina.168157
