G2RC_10_62
/software/eb2024/easybuild/software/common/software/Julia/1.11.3-linux-x86_64/bin/julia
Job runing on na07
Choosing scratch ...
Automatic scratch folder selection
/scratch/pobleyef/168158
/scratch/pobleyef/168158 directory
cp G2RC_10_62.jl G2RC_10_62.jld2 to  /scratch/pobleyef/168158/.
Computing Integrals
Elapsed time:   47.45 Seconds

Number of basis functions                   (NBF)    = 337
Number of auxiliary basis functions         (NBFAUX) = 587
Inactive Doubly occupied orbitals up to     (NO1)    = 0
No. considered Strongly Doubly occupied MOs (NDOC)   = 37
No. considered Strongly Singly occupied MOs (NSOC)   = 0
NO. of Weakly occ. per St. Doubly occ.  MOs (NCWO)   = 1
Dimension of the Nat. Orb. subspace         (NBF5)   = 74
No. of electrons                                     = 74
    No. of alpha electrons                           = 37
    No. of beta electrons                            = 37
Multiplicity                                         = 1

Geometry
========
 C       0.0000000       0.0000000       0.0000000
Cl       1.0334459      -1.0334459       1.0334459
Cl      -1.0334459       1.0334459       1.0334459
Cl      -1.0334459      -1.0334459      -1.0334459
Cl       1.0334459       1.0334459      -1.0334459

No violations of the orthonormality
No violations of the orthonormality
 
PNOF9/ADABelief Calculation
==================
 
  Nitext  Nit_orb  Time   Nit_occ  Time         Eelec          Etot           Ediff      maxdiff    MaxGrad_orb  Grad_occ
     1      10    9.2e+01    0    2.0e+01 -2311.79998452 -1877.26372515 -12310.79998452   0.009264   3.7e-02   1.7e-04 0.02
     2      30    2.2e+02    0    4.3e-02 -2311.79998452 -1877.26372515     0.00000000   0.009264   3.7e-02   1.7e-04 0.02
     3      50    3.5e+02    2    7.4e-02 -2311.80066986 -1877.26441049    -0.00068535   0.007292   2.9e-02   1.4e-04 0.02
     4      50    3.6e+02    0    7.5e-02 -2311.80068657 -1877.26442720    -0.00001670   0.007292   2.9e-02   1.4e-04 0.02
     5      70    5.0e+02    1    9.0e-02 -2311.80163126 -1877.26537189    -0.00094470   0.000929   3.7e-03   1.9e-04 0.02
 
RESULTS OF THE OCCUPATION OPTIMIZATION
========================================
   1    1.9999724  -104.92422917
   2    1.9999732  -104.92409102
   3    1.9999718  -104.92394103
   4    1.9999718  -104.92367423
   5    1.9993890  -10.84070187
   6    1.9993550  -10.76072738
   7    1.9993560  -10.75560742
   8    1.9992671  -10.75318613
   9    1.9993656  -10.74943134
  10    1.9990326  -8.08398903
  11    1.9990372  -8.08280987
  12    1.9990375  -8.08013473
  13    1.9989850  -8.07999127
  14    1.9983647  -8.07742117
  15    1.9985495  -8.07709172
  16    1.9990175  -8.07609740
  17    1.9981935  -8.07519236
  18    1.9990230  -8.07507773
  19    1.9982341  -8.07491326
  20    1.9990096  -8.07465617
  21    1.9981030  -8.07392738
  22    1.9915950  -1.15000172
  23    1.9913503  -1.14717182
  24    1.9910984  -1.14487079
  25    1.9907083  -1.14356562
  26    1.9753502  -0.66806898
  27    1.9752498  -0.66468251
  28    1.9752944  -0.66091636
  29    1.9752259  -0.65590334
  30    1.9870434  -0.56536768
  31    1.9853298  -0.54874048
  32    1.9843784  -0.51803765
  33    1.9843448  -0.51771705
  34    1.9841271  -0.51690380
  35    1.9841033  -0.51689836
  36    1.9851821  -0.51624209
  37    1.9855660  -0.51136492
  38    0.0144340  -0.02360315
  39    0.0148179  -0.02352472
  40    0.0158967  -0.02277600
  41    0.0158729  -0.02282629
  42    0.0156552  -0.02258587
  43    0.0156216  -0.02256330
  44    0.0146702  -0.02371252
  45    0.0129566  -0.02197378
  46    0.0247741  -0.04367601
  47    0.0247056  -0.04389743
  48    0.0247502  -0.04397826
  49    0.0246498  -0.04395138
  50    0.0092917  -0.02152817
  51    0.0089016  -0.02333297
  52    0.0086497  -0.02399563
  53    0.0084050  -0.02483402
  54    0.0018970  -0.03003037
  55    0.0009904  -0.01804182
  56    0.0017659  -0.02712502
  57    0.0009770  -0.01788050
  58    0.0018065  -0.02808500
  59    0.0009825  -0.01796814
  60    0.0014505  -0.01703482
  61    0.0016353  -0.02247850
  62    0.0010150  -0.01838231
  63    0.0009625  -0.01779507
  64    0.0009628  -0.01775699
  65    0.0009674  -0.01779138
  66    0.0006344  -0.01502927
  67    0.0007329  -0.01591948
  68    0.0006440  -0.01512189
  69    0.0006450  -0.01513582
  70    0.0006110  -0.01466316
  71    0.0000282  -0.00548478
  72    0.0000282  -0.00545635
  73    0.0000268  -0.00528205
  74    0.0000276  -0.00540666
 
----------------
 Final Energies 
----------------
Final NOF Total Energy =   -1877.2653719
 
Total Orbital Internal Iterations = 210
Total Occupation Internal Iterations = 3
 
Elapsed time: 1587.51 Seconds

---------------------------------
   Lowdin Population Analysis    
---------------------------------
 Idx  Atom   Population   Charge 
---------------------------------
  1     C     7.639      -1.639
  2    Cl    16.590       0.410
  3    Cl    16.589       0.411
  4    Cl    16.592       0.408
  5    Cl    16.590       0.410

---------------------------------
   M Diagnostic: 0.02
---------------------------------

Recovering execution output...
Moving from /scratch/pobleyef/168158 to /home-nas/pobleyef/Poison-Set/ncwo1/P30-5/GNOFm02/arina.168158
mkdir -p /home-nas/pobleyef/Poison-Set/ncwo1/P30-5/GNOFm02/arina.168158
mv /scratch/pobleyef/168158/* /home-nas/pobleyef/Poison-Set/ncwo1/P30-5/GNOFm02/arina.168158
