o
/software/eb2024/easybuild/software/common/software/Julia/1.11.3-linux-x86_64/bin/julia
Job runing on nh040
Choosing scratch ...
Automatic scratch folder selection
/scratch/pobleyef/168123
/scratch/pobleyef/168123 directory
cp o.jl o.jld2 to  /scratch/pobleyef/168123/.
Computing Integrals
Elapsed time:    5.78 Seconds

Number of basis functions                   (NBF)    = 57
Number of auxiliary basis functions         (NBFAUX) = 77
Inactive Doubly occupied orbitals up to     (NO1)    = 0
No. considered Strongly Doubly occupied MOs (NDOC)   = 3
No. considered Strongly Singly occupied MOs (NSOC)   = 2
NO. of Weakly occ. per St. Doubly occ.  MOs (NCWO)   = 1
Dimension of the Nat. Orb. subspace         (NBF5)   = 8
No. of electrons                                     = 8
    No. of alpha electrons                           = 5
    No. of beta electrons                            = 3
Multiplicity                                         = 3

Geometry
========
 O       0.0000000       0.0000000       0.0000000

No violations of the orthonormality
No violations of the orthonormality
 
PNOF9/ADABelief Calculation
==================
 
  Nitext  Nit_orb  Time   Nit_occ  Time         Eelec          Etot           Ediff      maxdiff    MaxGrad_orb  Grad_occ
     1      10    2.7e+01    2    3.2e+01   -74.92006013   -74.92006013 -10073.92006013   0.003331   1.3e-02   3.3e-05 0.02
     2      20    3.0e-02    0    4.1e-04   -74.92045022   -74.92045022    -0.00039008   0.003331   1.3e-02   3.3e-05 0.02
     3      40    3.5e-02    1    3.4e-04   -74.92057193   -74.92057193    -0.00012172   0.001157   4.6e-03   6.5e-05 0.02
     4      40    2.9e-02    1    3.6e-04   -74.92062025   -74.92062025    -0.00004832   0.001330   5.3e-03   6.7e-05 0.02
     5      40    2.6e-02    1    3.5e-04   -74.92064157   -74.92064157    -0.00002132   0.001393   5.6e-03   5.2e-05 0.02
     6      40    2.5e-02    1    3.5e-04   -74.92064806   -74.92064806    -0.00000649   0.001680   6.7e-03   4.1e-05 0.02
     7      40    2.9e-02    1    3.4e-04   -74.92065313   -74.92065313    -0.00000507   0.001574   6.3e-03   2.9e-05 0.02
     8      40    2.6e-02    1    3.4e-04   -74.92065516   -74.92065516    -0.00000203   0.001518   6.1e-03   2.2e-05 0.02
     9      40    2.9e-02    0    2.9e-04   -74.92065648   -74.92065648    -0.00000132   0.001518   6.1e-03   2.2e-05 0.02
    10      17    9.2e-03    0    2.6e-04   -74.92066551   -74.92066551    -0.00000903   0.000376   1.5e-03   8.2e-05 0.02
 
RESULTS OF THE OCCUPATION OPTIMIZATION
========================================
   1    1.9997919  -20.69373920
   2    1.9822114  -0.96308633
   3    1.9818452  -0.89964470
   4    1.0000000  -0.36838692
   5    1.0000000  -0.36835261
   6    0.0181548  -0.02372536
   7    0.0177886  -0.02371973
   8    0.0002081  -0.00697119
 
----------------
 Final Energies 
----------------
Final NOF Total Energy =     -74.9206655
 
Total Orbital Internal Iterations = 327
Total Occupation Internal Iterations = 8
 
Elapsed time:   78.77 Seconds

---------------------------------
   Lowdin Population Analysis    
---------------------------------
 Idx  Atom   Population   Charge 
---------------------------------
  1     O     8.000       0.000

---------------------------------
   M Diagnostic: 0.02
---------------------------------

Recovering execution output...
Moving from /scratch/pobleyef/168123 to /home-nas/pobleyef/Poison-Set/ncwo1/P30-5/GNOFm02/arina.168123
mkdir -p /home-nas/pobleyef/Poison-Set/ncwo1/P30-5/GNOFm02/arina.168123
mv /scratch/pobleyef/168123/* /home-nas/pobleyef/Poison-Set/ncwo1/P30-5/GNOFm02/arina.168123
