W4-11_41_sif4
/software/eb2024/easybuild/software/common/software/Julia/1.11.3-linux-x86_64/bin/julia
Job runing on nh025
Choosing scratch ...
Automatic scratch folder selection
/scratch/pobleyef/168150
/scratch/pobleyef/168150 directory
cp W4-11_41_sif4.jl W4-11_41_sif4.jld2 to  /scratch/pobleyef/168150/.
Computing Integrals
Elapsed time:    7.80 Seconds

Number of basis functions                   (NBF)    = 298
Number of auxiliary basis functions         (NBFAUX) = 436
Inactive Doubly occupied orbitals up to     (NO1)    = 0
No. considered Strongly Doubly occupied MOs (NDOC)   = 25
No. considered Strongly Singly occupied MOs (NSOC)   = 0
NO. of Weakly occ. per St. Doubly occ.  MOs (NCWO)   = 1
Dimension of the Nat. Orb. subspace         (NBF5)   = 50
No. of electrons                                     = 50
    No. of alpha electrons                           = 25
    No. of beta electrons                            = 25
Multiplicity                                         = 1

Geometry
========
 F       0.9009150       0.9009150       0.9009150
Si       0.0000000       0.0000000       0.0000000
 F      -0.9009150      -0.9009150       0.9009150
 F      -0.9009150       0.9009150      -0.9009150
 F       0.9009150      -0.9009150      -0.9009150

No violations of the orthonormality
No violations of the orthonormality
 
PNOF9/ADABelief Calculation
==================
 
  Nitext  Nit_orb  Time   Nit_occ  Time         Eelec          Etot           Ediff      maxdiff    MaxGrad_orb  Grad_occ
     1      10    3.0e+01    4    3.5e+01  -959.95048905  -688.10598900 -10958.95048905   0.003565   1.4e-02   3.0e-04 0.02
     2      20    3.5e+00    0    4.0e-02  -959.96226437  -688.11776432    -0.01177532   0.003565   1.4e-02   3.0e-04 0.02
     3      40    6.7e+00    4    4.4e-02  -959.96504428  -688.12054423    -0.00277991   0.004797   1.9e-02   1.9e-04 0.02
     4      40    6.5e+00    2    4.3e-02  -959.96538684  -688.12088679    -0.00034256   0.006297   2.5e-02   1.8e-04 0.02
     5      40    6.5e+00    2    4.0e-02  -959.96571298  -688.12121293    -0.00032614   0.005468   2.2e-02   1.6e-04 0.02
     6      40    6.5e+00    2    4.3e-02  -959.96583150  -688.12133145    -0.00011852   0.005767   2.3e-02   1.5e-04 0.02
     7      40    6.7e+00    2    4.0e-02  -959.96591184  -688.12141179    -0.00008034   0.009243   3.7e-02   1.5e-04 0.02
     8      40    6.6e+00    2    3.6e-02  -959.96595728  -688.12145723    -0.00004544   0.007508   3.0e-02   1.4e-04 0.02
     9      40    6.5e+00    2    4.0e-02  -959.96609520  -688.12159515    -0.00013792   0.005622   2.2e-02   1.3e-04 0.02
    10      40    6.5e+00    0    3.6e-02  -959.96610442  -688.12160437    -0.00000922   0.005622   2.2e-02   1.3e-04 0.02
    11      60    1.0e+01    1    3.4e-02  -959.96641056  -688.12191051    -0.00030614   0.000614   2.5e-03   1.8e-04 0.02
 
RESULTS OF THE OCCUPATION OPTIMIZATION
========================================
   1    1.9999631  -68.95273085
   2    1.9998578  -26.37679837
   3    1.9998584  -26.37657348
   4    1.9998583  -26.37654663
   5    1.9998545  -26.37616158
   6    1.9981944  -6.24468701
   7    1.9975086  -4.35967992
   8    1.9975771  -4.35926280
   9    1.9975779  -4.35893608
  10    1.9921999  -1.59569480
  11    1.9921852  -1.59260312
  12    1.9921760  -1.59146435
  13    1.9921392  -1.58995411
  14    1.9803495  -0.87315128
  15    1.9802794  -0.86813832
  16    1.9801985  -0.86618499
  17    1.9802071  -0.85729379
  18    1.9860351  -0.76591659
  19    1.9852272  -0.75198620
  20    1.9850989  -0.74965311
  21    1.9850485  -0.74849790
  22    1.9844068  -0.74253902
  23    1.9847714  -0.74136626
  24    1.9846631  -0.73685518
  25    1.9846648  -0.73317536
  26    0.0153352  -0.02522186
  27    0.0153369  -0.02526285
  28    0.0152286  -0.02515877
  29    0.0155932  -0.02574291
  30    0.0149515  -0.02484365
  31    0.0149011  -0.02478821
  32    0.0147728  -0.02462700
  33    0.0139649  -0.02393263
  34    0.0197929  -0.04111345
  35    0.0198015  -0.04133682
  36    0.0197206  -0.04127297
  37    0.0196505  -0.04119185
  38    0.0078608  -0.02404549
  39    0.0078240  -0.02435813
  40    0.0078148  -0.02437544
  41    0.0078001  -0.02436455
  42    0.0024221  -0.01803866
  43    0.0024229  -0.01803864
  44    0.0024914  -0.02576277
  45    0.0018056  -0.01632045
  46    0.0001455  -0.00609700
  47    0.0001417  -0.00600794
  48    0.0001416  -0.00600087
  49    0.0001422  -0.00601518
  50    0.0000369  -0.00493988
 
----------------
 Final Energies 
----------------
Final NOF Total Energy =    -688.1219105
 
Total Orbital Internal Iterations = 410
Total Occupation Internal Iterations = 21
 
Elapsed time:  153.00 Seconds

---------------------------------
   Lowdin Population Analysis    
---------------------------------
 Idx  Atom   Population   Charge 
---------------------------------
  1     F     8.672       0.328
  2    Si    15.313      -1.313
  3     F     8.671       0.329
  4     F     8.672       0.328
  5     F     8.672       0.328

---------------------------------
   M Diagnostic: 0.02
---------------------------------

Recovering execution output...
Moving from /scratch/pobleyef/168150 to /home-nas/pobleyef/Poison-Set/ncwo1/P30-5/GNOFm02/arina.168150
mkdir -p /home-nas/pobleyef/Poison-Set/ncwo1/P30-5/GNOFm02/arina.168150
mv /scratch/pobleyef/168150/* /home-nas/pobleyef/Poison-Set/ncwo1/P30-5/GNOFm02/arina.168150
