W4-11_107_so3
/software/eb2024/easybuild/software/common/software/Julia/1.11.3-linux-x86_64/bin/julia
Job runing on nh018
Choosing scratch ...
Automatic scratch folder selection
/scratch/pobleyef/168136
/scratch/pobleyef/168136 directory
cp W4-11_107_so3.jl W4-11_107_so3.jld2 to  /scratch/pobleyef/168136/.
Computing Integrals
Elapsed time:    7.26 Seconds

Number of basis functions                   (NBF)    = 241
Number of auxiliary basis functions         (NBFAUX) = 359
Inactive Doubly occupied orbitals up to     (NO1)    = 0
No. considered Strongly Doubly occupied MOs (NDOC)   = 20
No. considered Strongly Singly occupied MOs (NSOC)   = 0
NO. of Weakly occ. per St. Doubly occ.  MOs (NCWO)   = 1
Dimension of the Nat. Orb. subspace         (NBF5)   = 40
No. of electrons                                     = 40
    No. of alpha electrons                           = 20
    No. of beta electrons                            = 20
Multiplicity                                         = 1

Geometry
========
 S       0.0000000       0.0000000       0.0000000
 O       0.0000000       1.4227900       0.0000000
 O       1.2321720      -0.7113950       0.0000000
 O      -1.2321720      -0.7113950       0.0000000

No violations of the orthonormality
No violations of the orthonormality
 
PNOF9/ADABelief Calculation
==================
 
  Nitext  Nit_orb  Time   Nit_occ  Time         Eelec          Etot           Ediff      maxdiff    MaxGrad_orb  Grad_occ
     1      10    2.9e+01    5    3.3e+01  -807.02862809  -622.97933174 -10806.02862809   0.004867   1.9e-02   2.2e-04 0.03
     2      20    2.7e+00    0    3.9e-02  -807.04826763  -622.99897127    -0.01963953   0.004867   1.9e-02   2.2e-04 0.03
     3      40    5.1e+00    3    6.6e-02  -807.04952697  -623.00023061    -0.00125934   0.010207   4.1e-02   7.9e-05 0.03
     4      40    5.2e+00    3    4.2e-02  -807.05000001  -623.00070365    -0.00047304   0.011782   4.7e-02   6.5e-05 0.03
     5      40    4.9e+00    3    3.1e-02  -807.05033203  -623.00103567    -0.00033202   0.009284   3.7e-02   8.7e-05 0.03
     6      40    5.3e+00    2    2.4e-02  -807.05048701  -623.00119066    -0.00015498   0.009519   3.8e-02   2.5e-04 0.03
     7      40    4.9e+00    2    4.4e-02  -807.05055424  -623.00125788    -0.00006723   0.010167   4.1e-02   2.4e-04 0.03
     8      40    4.9e+00    2    1.6e-02  -807.05070181  -623.00140545    -0.00014757   0.008980   3.6e-02   1.8e-04 0.03
     9      40    5.1e+00    2    1.2e-02  -807.05073655  -623.00144020    -0.00003475   0.010202   4.1e-02   1.8e-04 0.03
    10      40    5.1e+00    2    1.1e-02  -807.05085605  -623.00155969    -0.00011950   0.008945   3.6e-02   1.3e-04 0.03
    11      40    4.8e+00    2    1.3e-02  -807.05088635  -623.00158999    -0.00003029   0.009820   3.9e-02   1.3e-04 0.03
    12      40    5.2e+00    2    1.1e-02  -807.05101947  -623.00172311    -0.00013312   0.009020   3.6e-02   1.0e-04 0.03
    13      40    5.1e+00    2    7.3e-02  -807.05104466  -623.00174831    -0.00002520   0.009473   3.8e-02   9.6e-05 0.02
    14      40    4.9e+00    1    1.7e-02  -807.05116477  -623.00186841    -0.00012010   0.008643   3.5e-02   2.4e-04 0.02
    15      40    4.9e+00    0    1.4e-02  -807.05117844  -623.00188209    -0.00001367   0.008643   3.5e-02   2.4e-04 0.02
    16      60    7.5e+00    1    1.1e-02  -807.05158867  -623.00229231    -0.00041023   0.000789   3.2e-03   2.1e-04 0.02
 
RESULTS OF THE OCCUPATION OPTIMIZATION
========================================
   1    1.9999723  -92.27734501
   2    1.9997635  -20.66505454
   3    1.9997596  -20.66477002
   4    1.9997621  -20.66422598
   5    1.9991079  -9.19897949
   6    1.9984680  -6.90106179
   7    1.9988985  -6.89977450
   8    1.9986490  -6.89557787
   9    1.9937491  -1.44435333
  10    1.9924679  -1.32552963
  11    1.9920594  -1.24904666
  12    1.9919407  -1.20761114
  13    1.9861708  -0.79701304
  14    1.9864055  -0.79174652
  15    1.9798619  -0.67798267
  16    1.9751985  -0.62820411
  17    1.9751415  -0.62804633
  18    1.9751070  -0.62785992
  19    1.9755626  -0.62536365
  20    1.9754279  -0.62505684
  21    0.0245721  -0.03826673
  22    0.0244374  -0.03790396
  23    0.0248930  -0.04608596
  24    0.0248585  -0.04607925
  25    0.0248015  -0.04596252
  26    0.0201381  -0.03144417
  27    0.0135945  -0.02674336
  28    0.0138292  -0.02709675
  29    0.0080593  -0.02203345
  30    0.0079406  -0.02197381
  31    0.0075321  -0.02185841
  32    0.0062509  -0.01839300
  33    0.0013510  -0.01940288
  34    0.0011015  -0.01648083
  35    0.0015320  -0.02290591
  36    0.0008921  -0.01548301
  37    0.0002379  -0.00698075
  38    0.0002404  -0.00697193
  39    0.0002365  -0.00693663
  40    0.0000277  -0.00493648
 
----------------
 Final Energies 
----------------
Final NOF Total Energy =    -623.0022923
 
Total Orbital Internal Iterations = 610
Total Occupation Internal Iterations = 32
 
Elapsed time:  160.26 Seconds

---------------------------------
   Lowdin Population Analysis    
---------------------------------
 Idx  Atom   Population   Charge 
---------------------------------
  1     S    16.148      -0.148
  2     O     7.949       0.051
  3     O     7.953       0.047
  4     O     7.950       0.050

---------------------------------
   M Diagnostic: 0.02
---------------------------------

Recovering execution output...
Moving from /scratch/pobleyef/168136 to /home-nas/pobleyef/Poison-Set/ncwo1/P30-5/GNOFm02/arina.168136
mkdir -p /home-nas/pobleyef/Poison-Set/ncwo1/P30-5/GNOFm02/arina.168136
mv /scratch/pobleyef/168136/* /home-nas/pobleyef/Poison-Set/ncwo1/P30-5/GNOFm02/arina.168136
