W4-11_120_t-hooo
/software/eb2024/easybuild/software/common/software/Julia/1.11.3-linux-x86_64/bin/julia
Job runing on nh021
Choosing scratch ...
Automatic scratch folder selection
/scratch/pobleyef/168141
/scratch/pobleyef/168141 directory
cp W4-11_120_t-hooo.jl W4-11_120_t-hooo.jld2 to  /scratch/pobleyef/168141/.
Computing Integrals
Elapsed time:    6.57 Seconds

Number of basis functions                   (NBF)    = 201
Number of auxiliary basis functions         (NBFAUX) = 249
Inactive Doubly occupied orbitals up to     (NO1)    = 0
No. considered Strongly Doubly occupied MOs (NDOC)   = 12
No. considered Strongly Singly occupied MOs (NSOC)   = 1
NO. of Weakly occ. per St. Doubly occ.  MOs (NCWO)   = 1
Dimension of the Nat. Orb. subspace         (NBF5)   = 25
No. of electrons                                     = 25
    No. of alpha electrons                           = 13
    No. of beta electrons                            = 12
Multiplicity                                         = 2

Geometry
========
 O       1.1743930       0.1943130       0.0000000
 O       0.0000000       0.5531800       0.0000000
 O      -0.9504710      -0.7177150       0.0000000
 H      -1.7913740      -0.2382290       0.0000000

No violations of the orthonormality
No violations of the orthonormality
 
PNOF9/ADABelief Calculation
==================
 
  Nitext  Nit_orb  Time   Nit_occ  Time         Eelec          Etot           Ediff      maxdiff    MaxGrad_orb  Grad_occ
     1      10    2.9e+01    5    3.2e+01  -297.03137511  -225.51781219 -10296.03137511   0.003812   1.5e-02   2.3e-04 0.04
     2      20    2.2e+00    0    8.7e-02  -297.04212385  -225.52856093    -0.01074874   0.003812   1.5e-02   2.3e-04 0.04
     3      40    4.0e+00    4    2.4e-02  -297.04320779  -225.52964488    -0.00108395   0.001826   7.3e-03   1.6e-04 0.04
     4      40    3.7e+00    2    5.2e-02  -297.04333921  -225.52977629    -0.00013141   0.001364   5.5e-03   1.8e-04 0.04
     5      40    4.2e+00    2    4.5e-02  -297.04337638  -225.52981346    -0.00003717   0.001271   5.1e-03   1.7e-04 0.04
     6      40    3.8e+00    2    4.8e-02  -297.04339885  -225.52983593    -0.00002247   0.001279   5.1e-03   2.0e-04 0.04
     7      40    3.9e+00    2    7.9e-02  -297.04340335  -225.52984043    -0.00000450   0.001147   4.6e-03   1.4e-04 0.04
     8      40    4.0e+00    1    5.8e-02  -297.04340901  -225.52984609    -0.00000566   0.001094   4.4e-03   1.6e-04 0.04
     9      40    4.0e+00    0    4.5e-03  -297.04340997  -225.52984705    -0.00000096   0.001094   4.4e-03   1.6e-04 0.04
    10      33    2.8e+00    0    4.6e-02  -297.04344128  -225.52987837    -0.00003132   0.000485   1.9e-03   1.8e-04 0.04
 
RESULTS OF THE OCCUPATION OPTIMIZATION
========================================
   1    1.9998181  -20.75786739
   2    1.9998074  -20.70541518
   3    1.9998194  -20.68556005
   4    1.9925265  -1.48553476
   5    1.9917559  -1.28372890
   6    1.9885938  -1.12254966
   7    1.9710650  -0.83867584
   8    1.9871045  -0.78084370
   9    1.9768048  -0.76101704
  10    1.9838828  -0.70950213
  11    1.9643295  -0.61744263
  12    1.9850152  -0.59728828
  13    1.0000000  -0.30044432
  14    0.0149848  -0.02090796
  15    0.0356705  -0.06411446
  16    0.0161172  -0.01905544
  17    0.0231952  -0.03274758
  18    0.0128955  -0.02092671
  19    0.0289350  -0.05368385
  20    0.0114062  -0.02119919
  21    0.0082441  -0.02094879
  22    0.0074735  -0.01974292
  23    0.0001806  -0.00600307
  24    0.0001926  -0.00640561
  25    0.0001819  -0.00602119
 
----------------
 Final Energies 
----------------
Final NOF Total Energy =    -225.5298784
 
Total Orbital Internal Iterations = 343
Total Occupation Internal Iterations = 18
 
Elapsed time:  114.63 Seconds

---------------------------------
   Lowdin Population Analysis    
---------------------------------
 Idx  Atom   Population   Charge 
---------------------------------
  1     O     7.983       0.017
  2     O     7.976       0.024
  3     O     7.643       0.357
  4     H     1.397      -0.397

---------------------------------
   M Diagnostic: 0.04
---------------------------------

Recovering execution output...
Moving from /scratch/pobleyef/168141 to /home-nas/pobleyef/Poison-Set/ncwo1/P30-5/GNOFm02/arina.168141
mkdir -p /home-nas/pobleyef/Poison-Set/ncwo1/P30-5/GNOFm02/arina.168141
mv /scratch/pobleyef/168141/* /home-nas/pobleyef/Poison-Set/ncwo1/P30-5/GNOFm02/arina.168141
