W4-11_124_no2
/software/eb2024/easybuild/software/common/software/Julia/1.11.3-linux-x86_64/bin/julia
Job runing on nh021
Choosing scratch ...
Automatic scratch folder selection
/scratch/pobleyef/168142
/scratch/pobleyef/168142 directory
cp W4-11_124_no2.jl W4-11_124_no2.jld2 to  /scratch/pobleyef/168142/.
Computing Integrals
Elapsed time:    6.48 Seconds

Number of basis functions                   (NBF)    = 171
Number of auxiliary basis functions         (NBFAUX) = 231
Inactive Doubly occupied orbitals up to     (NO1)    = 0
No. considered Strongly Doubly occupied MOs (NDOC)   = 11
No. considered Strongly Singly occupied MOs (NSOC)   = 1
NO. of Weakly occ. per St. Doubly occ.  MOs (NCWO)   = 1
Dimension of the Nat. Orb. subspace         (NBF5)   = 23
No. of electrons                                     = 23
    No. of alpha electrons                           = 12
    No. of beta electrons                            = 11
Multiplicity                                         = 2

Geometry
========
 N       0.0000000       0.0000000       0.3239670
 O       0.0000000       1.1012340      -0.1417350
 O       0.0000000      -1.1012340      -0.1417350

No violations of the orthonormality
No violations of the orthonormality
 
PNOF9/ADABelief Calculation
==================
 
  Nitext  Nit_orb  Time   Nit_occ  Time         Eelec          Etot           Ediff      maxdiff    MaxGrad_orb  Grad_occ
     1      10    2.9e+01    5    3.3e+01  -269.50538167  -204.55922935 -10268.50538167   0.003837   1.5e-02   2.0e-04 0.03
     2      20    1.6e+00    4    3.5e-02  -269.51856209  -204.57240976    -0.01318041   0.007479   3.0e-02   1.4e-04 0.03
     3      20    1.7e+00    0    9.5e-02  -269.51858392  -204.57243159    -0.00002183   0.007479   3.0e-02   1.4e-04 0.03
     4      40    3.2e+00    2    8.2e-03  -269.51911509  -204.57296277    -0.00053117   0.063206   2.5e-01   2.2e-04 0.03
     5      40    3.8e+00    2    3.4e-02  -269.51924885  -204.57309652    -0.00013376   0.001449   5.8e-03   1.8e-04 0.03
     6      40    3.4e+00    2    4.6e-03  -269.51929189  -204.57313957    -0.00004305   0.001147   4.6e-03   1.6e-04 0.03
     7      40    3.4e+00    2    1.5e-02  -269.51931098  -204.57315866    -0.00001909   0.001373   5.5e-03   1.2e-04 0.03
     8      40    3.7e+00    2    3.5e-02  -269.51932420  -204.57317188    -0.00001322   0.001008   4.0e-03   1.1e-04 0.03
     9      40    3.8e+00    0    3.6e-03  -269.51932619  -204.57317386    -0.00000199   0.001008   4.0e-03   1.1e-04 0.03
    10      39    3.1e+00    1    4.5e-03  -269.51933777  -204.57318545    -0.00001158   0.000497   2.0e-03   1.5e-04 0.03
 
RESULTS OF THE OCCUPATION OPTIMIZATION
========================================
   1    1.9997991  -20.57623354
   2    1.9998086  -20.44902887
   3    1.9996075  -16.20327858
   4    1.9929123  -1.61041783
   5    1.9918065  -1.36877529
   6    1.9886871  -0.92592459
   7    1.9764685  -0.85590364
   8    1.9895473  -0.76609030
   9    1.9875509  -0.74404031
  10    1.9752920  -0.72406026
  11    1.9687516  -0.55583289
  12    1.0000000  -0.27292394
  13    0.0312484  -0.05552571
  14    0.0247080  -0.04531342
  15    0.0124491  -0.02038618
  16    0.0104527  -0.01613560
  17    0.0235315  -0.04129807
  18    0.0113129  -0.02180489
  19    0.0081935  -0.01820562
  20    0.0070877  -0.01495898
  21    0.0003925  -0.00950571
  22    0.0001914  -0.00630509
  23    0.0002009  -0.00662246
 
----------------
 Final Energies 
----------------
Final NOF Total Energy =    -204.5731854
 
Total Orbital Internal Iterations = 329
Total Occupation Internal Iterations = 20
 
Elapsed time:  110.24 Seconds

---------------------------------
   Lowdin Population Analysis    
---------------------------------
 Idx  Atom   Population   Charge 
---------------------------------
  1     N     7.265      -0.265
  2     O     7.862       0.138
  3     O     7.873       0.127

---------------------------------
   M Diagnostic: 0.03
---------------------------------

Recovering execution output...
Moving from /scratch/pobleyef/168142 to /home-nas/pobleyef/Poison-Set/ncwo1/P30-5/GNOFm02/arina.168142
mkdir -p /home-nas/pobleyef/Poison-Set/ncwo1/P30-5/GNOFm02/arina.168142
mv /scratch/pobleyef/168142/* /home-nas/pobleyef/Poison-Set/ncwo1/P30-5/GNOFm02/arina.168142
