Computing Integrals
Basis Set                                            = def2-qzvp
Auxiliary Basis Set                                  = def2-universal-jkfit
Gaussian Type                                        = Spherical
Elapsed time:    2.82 Seconds

Number of basis functions                   (NBF)    = 113
Number of auxiliary basis functions         (NBFAUX) = 237
Inactive Doubly occupied orbitals up to     (NO1)    = 0
No. considered Strongly Doubly occupied MOs (NDOC)   = 14
No. considered Strongly Singly occupied MOs (NSOC)   = 0
NO. of Weakly occ. per St. Doubly occ.  MOs (NCWO)   = 7
Dimension of the Nat. Orb. subspace         (NBF5)   = 112
No. of electrons                                     = 28
    No. of alpha electrons                           = 14
    No. of beta electrons                            = 14
Multiplicity                                         = 1

Geometry
========
Ca       0.0000000       0.0000000      -0.8987290
 O       0.0000000       0.0000000       0.8987290

No violations of the orthonormality
No violations of the orthonormality
 
PNOF8/ADABelief Calculation
==================
 
  Nitext  Nit_orb  Time   Nit_occ  Time         Eelec          Etot           Ediff      maxdiff    MaxGrad_orb  Grad_occ
     1      10    2.2e+01    0    2.6e+01  -799.41475974  -752.31036002 -10798.41475974   0.000483   1.9e-03   1.6e-04 0.80
 
RESULTS OF THE OCCUPATION OPTIMIZATION
========================================
   1    1.9999997  -149.32924174
   2    1.9999688  -17.06873925
   3    1.9999677  -16.95874391
   4    1.9999556  -15.37920973
   5    1.9999527  -15.11189372
   6    1.9998997  -13.58043473
   7    1.9898132  -2.21813202
   8    1.9781827  -1.26208466
   9    1.9747462  -1.20777858
  10    1.9745682  -1.20508975
  11    1.9707705  -1.08284966
  12    1.9714465  -0.96195579
  13    1.9658393  -0.51974999
  14    1.2030372  -0.25007659
  15    0.7969020  -0.18275521
  16    0.0225489  -0.03341764
  17    0.0218404  -0.03966444
  18    0.0189653  -0.03809697
  19    0.0199275  -0.03831398
  20    0.0201565  -0.03854558
  21    0.0082415  -0.02104265
  22    0.0068535  -0.03405828
  23    0.0000790  -0.00472886
  24    0.0000138  -0.00113162
  25    0.0000104  -0.00066616
  26    0.0000313  -0.00095352
  27    0.0000077  -0.00011034
  28    0.0000002  -0.00003210
  29    0.0000224  -0.00000833
  30    0.0037499  -0.00762454
  31    0.0035365  -0.00807428
  32    0.0096225  -0.02186336
  33    0.0030989  -0.00713620
  34    0.0031474  -0.00722793
  35    0.0079692  -0.01653072
  36    0.0017445  -0.00598217
  37    0.0000061  -0.00008871
  38    0.0000065  -0.00009935
  39    0.0000062  -0.00009133
  40    0.0000009  -0.00001690
  41    0.0000054  -0.00012121
  42    0.0000000  -0.00000059
  43    0.0000156  -0.00000746
  44    0.0036961  -0.00739411
  45    0.0019917  -0.00526210
  46    0.0002109  -0.00073463
  47    0.0010489  -0.00277401
  48    0.0010605  -0.00280037
  49    0.0030283  -0.00718573
  50    0.0006991  -0.01107902
  51    0.0000048  -0.00007125
  52    0.0000063  -0.00009593
  53    0.0000061  -0.00009232
  54    0.0000000  -0.00000073
  55    0.0000050  -0.00016159
  56    0.0000000  -0.00000030
  57    0.0000120  -0.00000349
  58    0.0033159  -0.00665864
  59    0.0005258  -0.00174360
  60    0.0001342  -0.00044097
  61    0.0010349  -0.00314304
  62    0.0004907  -0.00170646
  63    0.0011554  -0.00367984
  64    0.0005088  -0.00565791
  65    0.0000040  -0.00006514
  66    0.0000058  -0.00008596
  67    0.0000058  -0.00008755
  68    0.0000000  -0.00000027
  69    0.0000046  -0.00019068
  70    0.0000000  -0.00000038
  71    0.0000070  -0.00000256
  72    0.0003165  -0.00086684
  73    0.0002632  -0.00086390
  74    0.0001116  -0.00034011
  75    0.0001306  -0.00044545
  76    0.0001803  -0.00061887
  77    0.0008492  -0.00292130
  78    0.0001684  -0.00083908
  79    0.0000038  -0.00007728
  80    0.0000051  -0.00007699
  81    0.0000055  -0.00008127
  82    0.0000000  -0.00000022
  83    0.0000043  -0.00006830
  84    0.0000000  -0.00000022
  85    0.0000021  -0.00000219
  86    0.0002800  -0.00077867
  87    0.0002271  -0.00079914
  88    0.0000947  -0.00024327
  89    0.0001102  -0.00038627
  90    0.0001513  -0.00051452
  91    0.0003153  -0.00102617
  92    0.0001102  -0.00048563
  93    0.0000025  -0.00004749
  94    0.0000051  -0.00007595
  95    0.0000053  -0.00007883
  96    0.0000000  -0.00000012
  97    0.0000025  -0.00007769
  98    0.0000000  -0.00000021
  99    0.0000017  -0.00000104
 100    0.0002535  -0.00069028
 101    0.0001689  -0.00052044
 102    0.0000903  -0.00023757
 103    0.0000808  -0.00030774
 104    0.0000671  -0.00026938
 105    0.0002584  -0.00089375
 106    0.0001024  -0.00058349
 107    0.0000001  -0.00000343
 108    0.0000048  -0.00007135
 109    0.0000052  -0.00007756
 110    0.0000000  -0.00000001
 111    0.0000017  -0.00002428
 112    0.0000000  -0.00000003
 
----------------
 Final Energies 
----------------
Final NOF Total Energy =    -752.3103600
 
Total Orbital Internal Iterations = 10
Total Occupation Internal Iterations = 0
 
Elapsed time:   61.76 Seconds

---------------------------------
   Lowdin Population Analysis    
---------------------------------
 Idx  Atom   Population   Charge 
---------------------------------
  1    Ca    19.703       0.297
  2     O     8.297      -0.297

---------------------------------
   M Diagnostic: 0.80
---------------------------------

