ALKBDE10_3_ca
/software/eb2024/easybuild/software/common/software/Julia/1.11.3-linux-x86_64/bin/julia
Job runing on na16
Choosing scratch ...
Automatic scratch folder selection
/scratch/pobleyef/211341
/scratch/pobleyef/211341 directory
cp ALKBDE10_3_ca.jl ALKBDE10_3_ca.jld2 to  /scratch/pobleyef/211341/.
Computing Integrals
Basis Set                                            = def2-qzvp
Auxiliary Basis Set                                  = def2-universal-jkfit
Gaussian Type                                        = Spherical
Elapsed time:    2.76 Seconds

Number of basis functions                   (NBF)    = 56
Number of auxiliary basis functions         (NBFAUX) = 160
Inactive Doubly occupied orbitals up to     (NO1)    = 0
No. considered Strongly Doubly occupied MOs (NDOC)   = 10
No. considered Strongly Singly occupied MOs (NSOC)   = 0
NO. of Weakly occ. per St. Doubly occ.  MOs (NCWO)   = 4
Dimension of the Nat. Orb. subspace         (NBF5)   = 50
No. of electrons                                     = 20
    No. of alpha electrons                           = 10
    No. of beta electrons                            = 10
Multiplicity                                         = 1

Geometry
========
Ca       0.0000000       0.0000000       0.0000000

No violations of the orthonormality
No violations of the orthonormality
 
PNOF8/ADABelief Calculation
==================
 
  Nitext  Nit_orb  Time   Nit_occ  Time         Eelec          Etot           Ediff      maxdiff    MaxGrad_orb  Grad_occ
     1      10    1.7e+01    0    2.1e+01  -677.19504777  -677.19504777 -10676.19504777   0.000895   3.6e-03   1.6e-04 0.03
 
RESULTS OF THE OCCUPATION OPTIMIZATION
========================================
   1    1.9999998  -149.37420110
   2    1.9999806  -16.83681608
   3    1.9999803  -13.62964393
   4    1.9999420  -13.62960789
   5    1.9996363  -13.62788303
   6    1.9833601  -2.25385477
   7    1.9784610  -1.35200500
   8    1.9742731  -1.12295007
   9    1.9717941  -0.99087226
  10    1.9697997  -0.80947755
  11    0.0202309  -0.03464878
  12    0.0228721  -0.03882197
  13    0.0240975  -0.04177352
  14    0.0147293  -0.03544842
  15    0.0147243  -0.03656147
  16    0.0003597  -0.01303885
  17    0.0000460  -0.00267513
  18    0.0000140  -0.00079435
  19    0.0000130  -0.00067586
  20    0.0000002  -0.00000193
  21    0.0045051  -0.00810292
  22    0.0048621  -0.00882159
  23    0.0012692  -0.00312092
  24    0.0059406  -0.03158205
  25    0.0009592  -0.00333549
  26    0.0000017  -0.00002727
  27    0.0000059  -0.00037213
  28    0.0000027  -0.00005071
  29    0.0000035  -0.00015262
  30    0.0000000  -0.00000037
  31    0.0044111  -0.00798231
  32    0.0002428  -0.00042718
  33    0.0002139  -0.00040542
  34    0.0007780  -0.00240162
  35    0.0008658  -0.00278026
  36    0.0000017  -0.00002681
  37    0.0000048  -0.00006803
  38    0.0000023  -0.00003187
  39    0.0000023  -0.00003256
  40    0.0000000  -0.00000036
  41    0.0010533  -0.00251958
  42    0.0002290  -0.00041356
  43    0.0001464  -0.00030536
  44    0.0000911  -0.00025657
  45    0.0000906  -0.00026015
  46    0.0000006  -0.00000331
  47    0.0000013  -0.00002322
  48    0.0000007  -0.00000950
  49    0.0000007  -0.00000353
  50    0.0000000  -0.00000035
 
----------------
 Final Energies 
----------------
Final NOF Total Energy =    -677.1950478
 
Total Orbital Internal Iterations = 10
Total Occupation Internal Iterations = 0
 
Elapsed time:   48.95 Seconds

---------------------------------
   Lowdin Population Analysis    
---------------------------------
 Idx  Atom   Population   Charge 
---------------------------------
  1    Ca    20.000      -0.000

---------------------------------
   M Diagnostic: 0.03
---------------------------------

Recovering execution output...
Moving from /scratch/pobleyef/211341 to /home-nas/pobleyef/Poison-NOF/ncwomax/P30-5/GNOFm20/arina.211341
mkdir -p /home-nas/pobleyef/Poison-NOF/ncwomax/P30-5/GNOFm20/arina.211341
mv /scratch/pobleyef/211341/* /home-nas/pobleyef/Poison-NOF/ncwomax/P30-5/GNOFm20/arina.211341
