ALKBDE10-ca
/software/eb2024/easybuild/software/common/software/Julia/1.11.3-linux-x86_64/bin/julia
Job runing on na03
Choosing scratch ...
Automatic scratch folder selection
/scratch/pobleyef/284232
/scratch/pobleyef/284232 directory
cp ALKBDE10-ca.jl ALKBDE10-ca.jld2 to  /scratch/pobleyef/284232/.
Computing Integrals
Basis Set                                            = def2-qzvp
Auxiliary Basis Set                                  = def2-universal-jkfit
Gaussian Type                                        = Spherical
Elapsed time:    2.57 Seconds

Number of basis functions                   (NBF)    = 56
Number of auxiliary basis functions         (NBFAUX) = 160
Inactive Doubly occupied orbitals up to     (NO1)    = 0
No. considered Strongly Doubly occupied MOs (NDOC)   = 10
No. considered Strongly Singly occupied MOs (NSOC)   = 0
NO. of Weakly occ. per St. Doubly occ.  MOs (NCWO)   = 4
Dimension of the Nat. Orb. subspace         (NBF5)   = 50
No. of electrons                                     = 20
    No. of alpha electrons                           = 10
    No. of beta electrons                            = 10
Multiplicity                                         = 1

Geometry
========
Ca       0.0000000       0.0000000       0.0000000

No violations of the orthonormality
No violations of the orthonormality
 
PNOF8/ADABelief Calculation
==================
 
  Nitext  Nit_orb  Time   Nit_occ  Time         Eelec          Etot           Ediff      maxdiff    MaxGrad_orb  Grad_occ
     1      10    1.7e+01   29    2.1e+01  -677.06152339  -677.06152339 -10676.06152339   0.009380   3.8e-02   2.0e-04 0.17
     2      20    7.8e-02   22    2.3e-02  -677.13952772  -677.13952772    -0.07800433   0.191641   7.7e-01   2.1e-04 0.17
     3      20    5.7e-02   58    4.2e-02  -677.15946725  -677.15946725    -0.01993953   0.017654   7.1e-02   2.4e-04 0.17
     4      20    5.6e-02   17    1.8e-02  -677.16270996  -677.16270996    -0.00324270   0.097301   3.9e-01   1.7e-04 0.17
     5      20    6.5e-02   22    2.4e-02  -677.16711793  -677.16711793    -0.00440797   0.038798   1.6e-01   2.0e-04 0.16
     6      20    5.6e-02    9    9.6e-03  -677.16813167  -677.16813167    -0.00101374   0.048360   1.9e-01   2.3e-04 0.16
     7      20    5.3e-02    7    8.8e-03  -677.16961063  -677.16961063    -0.00147896   0.055645   2.2e-01   2.6e-04 0.16
     8      20    5.2e-02    0    2.3e-03  -677.16975491  -677.16975491    -0.00014428   0.055645   2.2e-01   2.6e-04 0.16
     9      40    1.0e-01   16    1.9e-02  -677.17352699  -677.17352699    -0.00377208   0.006056   2.4e-02   1.8e-04 0.16
    10      40    1.0e-01    7    9.6e-03  -677.17425323  -677.17425323    -0.00072624   0.003681   1.5e-02   1.4e-04 0.16
    11      40    1.1e-01    5    8.1e-03  -677.17466784  -677.17466784    -0.00041461   0.003078   1.2e-02   2.1e-04 0.16
    12      40    9.8e-02    7    9.8e-03  -677.17497769  -677.17497769    -0.00030985   0.003790   1.5e-02   1.2e-04 0.16
    13      40    1.0e-01    5    8.5e-03  -677.17520670  -677.17520670    -0.00022901   0.003027   1.2e-02   1.6e-04 0.16
    14      40    1.0e-01    5    9.3e-03  -677.17530451  -677.17530451    -0.00009782   0.002607   1.0e-02   1.5e-04 0.16
    15      40    1.1e-01    5    4.3e-03  -677.17538441  -677.17538441    -0.00007989   0.004119   1.6e-02   1.1e-04 0.16
    16      40    1.0e-01    3    3.5e-03  -677.17539636  -677.17539636    -0.00001195   0.004465   1.8e-02   1.6e-04 0.16
    17      40    1.0e-01    3    3.3e-03  -677.17544813  -677.17544813    -0.00005176   0.004377   1.8e-02   1.3e-04 0.16
    18      40    9.9e-02    2    2.9e-03  -677.17545610  -677.17545610    -0.00000798   0.003689   1.5e-02   1.9e-04 0.16
    19      40    9.3e-02    3    3.3e-03  -677.17550382  -677.17550382    -0.00004772   0.003928   1.6e-02   1.7e-04 0.16
    20      40    1.0e-01    4    3.9e-03  -677.17555117  -677.17555117    -0.00004735   0.003209   1.3e-02   1.1e-04 0.16
    21      40    1.0e-01    3    3.3e-03  -677.17557838  -677.17557838    -0.00002720   0.003700   1.5e-02   1.1e-04 0.16
    22      40    9.9e-02    3    3.3e-03  -677.17562495  -677.17562495    -0.00004658   0.003288   1.3e-02   1.5e-04 0.16
    23      40    9.8e-02    3    3.9e-03  -677.17566056  -677.17566056    -0.00003560   0.003463   1.4e-02   1.7e-04 0.16
    24      40    9.8e-02    4    8.4e-03  -677.17568721  -677.17568721    -0.00002666   0.003151   1.3e-02   1.6e-04 0.16
    25      40    9.9e-02    3    7.1e-03  -677.17571768  -677.17571768    -0.00003047   0.002983   1.2e-02   1.5e-04 0.16
    26      40    9.9e-02    3    7.8e-03  -677.17573797  -677.17573797    -0.00002029   0.002540   1.0e-02   1.5e-04 0.16
    27      40    9.7e-02    3    3.3e-03  -677.17575129  -677.17575129    -0.00001332   0.002884   1.2e-02   1.9e-04 0.16
    28      40    9.1e-02    5    4.2e-03  -677.17575935  -677.17575935    -0.00000805   0.003195   1.3e-02   2.1e-04 0.16
    29      40    1.0e-01    0    1.9e-03  -677.17576519  -677.17576519    -0.00000585   0.003204   1.3e-02   2.1e-04 0.16
    30      60    1.6e-01    0    1.7e-03  -677.17580983  -677.17580983    -0.00004463   0.000527   2.1e-03   2.1e-04 0.16
 
RESULTS OF THE OCCUPATION OPTIMIZATION
========================================
   1    1.9999997  -149.37503068
   2    1.9999798  -16.84762203
   3    1.9999182  -13.63636904
   4    1.9999663  -13.63635955
   5    1.9999732  -13.63635277
   6    1.9843996  -2.26187937
   7    1.9775575  -1.36228393
   8    1.9745506  -1.36167341
   9    1.9690266  -1.35832654
  10    1.7585851  -0.20012336
  11    0.0822337  -0.01284446
  12    0.0146719  -0.03440448
  13    0.0207220  -0.04148417
  14    0.0147590  -0.03565073
  15    0.0140010  -0.03583430
  16    0.0000126  -0.00114142
  17    0.0000103  -0.00057675
  18    0.0000776  -0.00485285
  19    0.0000086  -0.00008296
  20    0.0000002  -0.00000306
  21    0.0799167  -0.01256460
  22    0.0142172  -0.03356427
  23    0.0019689  -0.00453840
  24    0.0060980  -0.03047114
  25    0.0007807  -0.00256462
  26    0.0000073  -0.00007622
  27    0.0000086  -0.00008300
  28    0.0000040  -0.00004809
  29    0.0000053  -0.00004825
  30    0.0000000  -0.00000051
  31    0.0787400  -0.01241406
  32    0.0013994  -0.00371290
  33    0.0018460  -0.00430554
  34    0.0008087  -0.00250910
  35    0.0007134  -0.01167396
  36    0.0000060  -0.00005097
  37    0.0000078  -0.00007916
  38    0.0000001  -0.00000164
  39    0.0000046  -0.00028599
  40    0.0000000  -0.00000036
  41    0.0005245  -0.00013024
  42    0.0006849  -0.00208917
  43    0.0009125  -0.00247974
  44    0.0007768  -0.00241206
  45    0.0001053  -0.00025767
  46    0.0000009  -0.00001969
  47    0.0000070  -0.00007488
  48    0.0000001  -0.00000137
  49    0.0000018  -0.00002785
  50    0.0000000  -0.00000036
 
----------------
 Final Energies 
----------------
Final NOF Total Energy =    -677.1758098
 
Total Orbital Internal Iterations = 1050
Total Occupation Internal Iterations = 256
 
Elapsed time:   52.90 Seconds

---------------------------------
   Lowdin Population Analysis    
---------------------------------
 Idx  Atom   Population   Charge 
---------------------------------
  1    Ca    20.000      -0.000

---------------------------------
   M Diagnostic: 0.16
---------------------------------

Recovering execution output...
Moving from /scratch/pobleyef/284232 to /home-nas/pobleyef/Poison-NOF/ncwomax/P30-5/GNOFm/arina.284232
mkdir -p /home-nas/pobleyef/Poison-NOF/ncwomax/P30-5/GNOFm/arina.284232
mv /scratch/pobleyef/284232/* /home-nas/pobleyef/Poison-NOF/ncwomax/P30-5/GNOFm/arina.284232
