ALKBDE10-mg
/software/eb2024/easybuild/software/common/software/Julia/1.11.3-linux-x86_64/bin/julia
Job runing on na07
Choosing scratch ...
Automatic scratch folder selection
/scratch/pobleyef/284234
/scratch/pobleyef/284234 directory
cp ALKBDE10-mg.jl ALKBDE10-mg.jld2 to  /scratch/pobleyef/284234/.
Computing Integrals
Basis Set                                            = def2-qzvp
Auxiliary Basis Set                                  = def2-universal-jkfit
Gaussian Type                                        = Spherical
Elapsed time:    3.09 Seconds

Number of basis functions                   (NBF)    = 51
Number of auxiliary basis functions         (NBFAUX) = 112
Inactive Doubly occupied orbitals up to     (NO1)    = 0
No. considered Strongly Doubly occupied MOs (NDOC)   = 6
No. considered Strongly Singly occupied MOs (NSOC)   = 0
NO. of Weakly occ. per St. Doubly occ.  MOs (NCWO)   = 7
Dimension of the Nat. Orb. subspace         (NBF5)   = 48
No. of electrons                                     = 12
    No. of alpha electrons                           = 6
    No. of beta electrons                            = 6
Multiplicity                                         = 1

Geometry
========
Mg       0.0000000       0.0000000       0.0000000

No violations of the orthonormality
No violations of the orthonormality
 
PNOF8/ADABelief Calculation
==================
 
  Nitext  Nit_orb  Time   Nit_occ  Time         Eelec          Etot           Ediff      maxdiff    MaxGrad_orb  Grad_occ
     1      10    2.3e+01   31    3.2e+01  -199.71498105  -199.71498105 -10198.71498105   0.015178   6.1e-02   2.4e-04 0.02
     2      20    2.4e-01   39    4.2e-02  -199.80669440  -199.80669440    -0.09171335   0.355872   1.4e+00   1.9e-04 0.02
     3      20    1.5e-01   16    2.7e-02  -199.83859880  -199.83859880    -0.03190440   0.222321   8.9e-01   1.6e-04 0.02
     4      20    7.2e-02   15    2.7e-02  -199.85230104  -199.85230104    -0.01370224   0.017939   7.2e-02   1.7e-04 0.02
     5      20    7.8e-02   17    2.6e-02  -199.85851287  -199.85851287    -0.00621183   0.017970   7.2e-02   1.6e-04 0.02
     6      20    7.6e-02   12    2.2e-02  -199.86263692  -199.86263692    -0.00412405   0.013059   5.2e-02   1.8e-04 0.02
     7      20    8.4e-02   12    2.1e-02  -199.86542224  -199.86542224    -0.00278532   0.015502   6.2e-02   1.8e-04 0.02
     8      20    7.9e-02    7    1.0e-02  -199.86688075  -199.86688075    -0.00145851   0.011862   4.7e-02   2.2e-04 0.02
     9      20    8.2e-02    7    1.3e-02  -199.86764076  -199.86764076    -0.00076001   0.012507   5.0e-02   2.4e-04 0.02
    10      20    7.6e-02   11    2.1e-02  -199.86783470  -199.86783470    -0.00019394   0.012655   5.1e-02   1.4e-04 0.02
    11      20    8.2e-02    4    4.7e-03  -199.86824041  -199.86824041    -0.00040571   0.013118   5.2e-02   1.7e-04 0.02
    12      20    7.7e-02    0    2.5e-03  -199.86824632  -199.86824632    -0.00000590   0.013118   5.2e-02   1.7e-04 0.02
    13      40    1.5e-01    7    9.9e-03  -199.86891507  -199.86891507    -0.00066876   0.000826   3.3e-03   2.2e-04 0.02
 
RESULTS OF THE OCCUPATION OPTIMIZATION
========================================
   1    1.9999960  -49.07778314
   2    1.9969132  -3.79869894
   3    1.9954235  -2.31384263
   4    1.9931466  -2.31185220
   5    1.9907691  -2.30918379
   6    1.9673381  -0.26684655
   7    0.0100529  -0.01181332
   8    0.0062324  -0.03067105
   9    0.0031492  -0.01449485
  10    0.0034021  -0.01480877
  11    0.0026052  -0.01405098
  12    0.0000036  -0.00024134
  13    0.0100288  -0.01171842
  14    0.0027906  -0.01393677
  15    0.0031350  -0.01447316
  16    0.0005667  -0.00496966
  17    0.0003980  -0.00340301
  18    0.0000001  -0.00000127
  19    0.0099192  -0.01161660
  20    0.0001653  -0.00075608
  21    0.0002436  -0.00103108
  22    0.0002634  -0.00103592
  23    0.0000377  -0.00026574
  24    0.0000001  -0.00000096
  25    0.0011547  -0.00149970
  26    0.0000123  -0.00002652
  27    0.0002138  -0.00090074
  28    0.0002624  -0.00104020
  29    0.0000298  -0.00015325
  30    0.0000001  -0.00000071
  31    0.0011202  -0.00145969
  32    0.0000119  -0.00002579
  33    0.0000911  -0.00171733
  34    0.0000419  -0.00013954
  35    0.0000065  -0.00008614
  36    0.0000001  -0.00000062
  37    0.0002232  -0.00022526
  38    0.0000106  -0.00002318
  39    0.0000114  -0.00012451
  40    0.0000217  -0.00068479
  41    0.0000053  -0.00001761
  42    0.0000000  -0.00000066
  43    0.0001629  -0.00018743
  44    0.0000079  -0.00002012
  45    0.0000093  -0.00004512
  46    0.0000183  -0.00009528
  47    0.0000042  -0.00001255
  48    0.0000000  -0.00000018
 
----------------
 Final Energies 
----------------
Final NOF Total Energy =    -199.8689151
 
Total Orbital Internal Iterations = 270
Total Occupation Internal Iterations = 178
 
Elapsed time:   71.87 Seconds

---------------------------------
   Lowdin Population Analysis    
---------------------------------
 Idx  Atom   Population   Charge 
---------------------------------
  1    Mg    12.000       0.000

---------------------------------
   M Diagnostic: 0.02
---------------------------------

Recovering execution output...
Moving from /scratch/pobleyef/284234 to /home-nas/pobleyef/Poison-NOF/ncwomax/P30-5/GNOFm/arina.284234
mkdir -p /home-nas/pobleyef/Poison-NOF/ncwomax/P30-5/GNOFm/arina.284234
mv /scratch/pobleyef/284234/* /home-nas/pobleyef/Poison-NOF/ncwomax/P30-5/GNOFm/arina.284234
