Computing Integrals
Basis Set                                            = def2-qzvp
Auxiliary Basis Set                                  = def2-universal-jkfit
Gaussian Type                                        = Spherical
Elapsed time:    3.76 Seconds

Number of basis functions                   (NBF)    = 144
Number of auxiliary basis functions         (NBFAUX) = 172
Inactive Doubly occupied orbitals up to     (NO1)    = 0
No. considered Strongly Doubly occupied MOs (NDOC)   = 9
No. considered Strongly Singly occupied MOs (NSOC)   = 1
NO. of Weakly occ. per St. Doubly occ.  MOs (NCWO)   = 14
Dimension of the Nat. Orb. subspace         (NBF5)   = 136
No. of electrons                                     = 19
    No. of alpha electrons                           = 10
    No. of beta electrons                            = 9
Multiplicity                                         = 2

Geometry
========
 H       0.0000000       0.0000000      -1.5701571
 F       0.0000000       0.0000000       0.0449024
 F       0.0000000       0.0000000       1.5252546

No violations of the orthonormality
No violations of the orthonormality
 
PNOF8/ADABelief Calculation
==================
 
  Nitext  Nit_orb  Time   Nit_occ  Time         Eelec          Etot           Ediff      maxdiff    MaxGrad_orb  Grad_occ
     1      10    3.5e+01    0    2.4e+01  -233.33434739  -199.89211587 -10232.33434739   0.000854   3.4e-03   1.6e-04 0.05
 
RESULTS OF THE OCCUPATION OPTIMIZATION
========================================
   1    1.9999800  -26.44882820
   2    1.9999802  -26.44852889
   3    1.9863052  -1.75441538
   4    1.9873891  -1.55283412
   5    1.9826503  -0.82480775
   6    1.9813878  -0.81042998
   7    1.9533768  -0.80433952
   8    1.9797709  -0.72938793
   9    1.9789542  -0.71603178
  10    1.0000000  -0.25739064
  11    0.0110488  -0.02203177
  12    0.0091508  -0.01855398
  13    0.0460121  -0.08744288
  14    0.0114424  -0.02134719
  15    0.0105441  -0.02592074
  16    0.0062653  -0.01574653
  17    0.0052570  -0.02003128
  18    0.0000096  -0.00035399
  19    0.0000104  -0.00044890
  20    0.0041988  -0.01032431
  21    0.0043707  -0.01059435
  22    0.0002560  -0.00076246
  23    0.0045807  -0.01081212
  24    0.0039512  -0.00886020
  25    0.0039605  -0.01060829
  26    0.0029160  -0.00837786
  27    0.0000025  -0.00006559
  28    0.0000024  -0.00006372
  29    0.0023197  -0.00617477
  30    0.0042735  -0.01034717
  31    0.0001146  -0.00039331
  32    0.0008294  -0.00292268
  33    0.0007581  -0.00280447
  34    0.0007687  -0.00654227
  35    0.0026789  -0.00783389
  36    0.0000022  -0.00006021
  37    0.0000019  -0.00004472
  38    0.0020995  -0.00618451
  39    0.0010248  -0.00445425
  40    0.0001082  -0.00038323
  41    0.0005442  -0.00291297
  42    0.0006213  -0.00218252
  43    0.0003565  -0.00147748
  44    0.0018300  -0.00631782
  45    0.0000013  -0.00003597
  46    0.0000017  -0.00004090
  47    0.0007019  -0.00256147
  48    0.0004834  -0.00209893
  49    0.0000550  -0.00017957
  50    0.0003266  -0.00109013
  51    0.0003540  -0.00137216
  52    0.0003199  -0.00128744
  53    0.0002867  -0.00216878
  54    0.0000011  -0.00002390
  55    0.0000010  -0.00001451
  56    0.0003016  -0.00107364
  57    0.0003073  -0.00119541
  58    0.0000230  -0.00005650
  59    0.0003172  -0.00098305
  60    0.0003190  -0.00124626
  61    0.0002957  -0.00129631
  62    0.0002400  -0.00112529
  63    0.0000010  -0.00002257
  64    0.0000007  -0.00001042
  65    0.0002617  -0.00102097
  66    0.0002228  -0.00081161
  67    0.0000112  -0.00005114
  68    0.0002780  -0.00103869
  69    0.0003174  -0.00122361
  70    0.0002301  -0.00111406
  71    0.0002318  -0.00110744
  72    0.0000007  -0.00001179
  73    0.0000006  -0.00002581
  74    0.0000196  -0.00012612
  75    0.0002079  -0.00080454
  76    0.0000083  -0.00006454
  77    0.0001800  -0.00076801
  78    0.0002135  -0.00086724
  79    0.0002131  -0.00095578
  80    0.0000959  -0.00054861
  81    0.0000003  -0.00003695
  82    0.0000004  -0.00005416
  83    0.0000190  -0.00013045
  84    0.0000989  -0.00051110
  85    0.0000076  -0.00006559
  86    0.0000237  -0.00017302
  87    0.0001787  -0.00079380
  88    0.0001057  -0.00157797
  89    0.0000655  -0.00103742
  90    0.0000003  -0.00000589
  91    0.0000003  -0.00000429
  92    0.0000187  -0.00013222
  93    0.0000231  -0.00017748
  94    0.0000073  -0.00006323
  95    0.0000223  -0.00016049
  96    0.0000225  -0.00020400
  97    0.0000239  -0.00019466
  98    0.0000204  -0.00017142
  99    0.0000003  -0.00000540
 100    0.0000002  -0.00000302
 101    0.0000174  -0.00013255
 102    0.0000209  -0.00016606
 103    0.0000068  -0.00005311
 104    0.0000190  -0.00014141
 105    0.0000202  -0.00014206
 106    0.0000204  -0.00015973
 107    0.0000196  -0.00014080
 108    0.0000002  -0.00000266
 109    0.0000002  -0.00000290
 110    0.0000169  -0.00011399
 111    0.0000176  -0.00013879
 112    0.0000062  -0.00003439
 113    0.0000180  -0.00013982
 114    0.0000197  -0.00014279
 115    0.0000190  -0.00014944
 116    0.0000188  -0.00015030
 117    0.0000001  -0.00000120
 118    0.0000002  -0.00000244
 119    0.0000143  -0.00010148
 120    0.0000163  -0.00010860
 121    0.0000059  -0.00003287
 122    0.0000170  -0.00013426
 123    0.0000153  -0.00012175
 124    0.0000176  -0.00013438
 125    0.0000188  -0.00013910
 126    0.0000001  -0.00000146
 127    0.0000001  -0.00000055
 128    0.0000078  -0.00008559
 129    0.0000112  -0.00009820
 130    0.0000010  -0.00001092
 131    0.0000137  -0.00010335
 132    0.0000147  -0.00010697
 133    0.0000147  -0.00010772
 134    0.0000154  -0.00011783
 135    0.0000001  -0.00000058
 136    0.0000001  -0.00000030
 
----------------
 Final Energies 
----------------
Final NOF Total Energy =    -199.8921159
 
Total Orbital Internal Iterations = 10
Total Occupation Internal Iterations = 0
 
Elapsed time:   72.43 Seconds

---------------------------------
   Lowdin Population Analysis    
---------------------------------
 Idx  Atom   Population   Charge 
---------------------------------
  1     H     0.991       0.009
  2     F     8.982       0.018
  3     F     9.027      -0.027

---------------------------------
   M Diagnostic: 0.05
---------------------------------

