BH76-hf
/software/eb2024/easybuild/software/common/software/Julia/1.11.3-linux-x86_64/bin/julia
Job runing on na22
Choosing scratch ...
Automatic scratch folder selection
/scratch/pobleyef/284239
/scratch/pobleyef/284239 directory
cp BH76-hf.jl BH76-hf.jld2 to  /scratch/pobleyef/284239/.
Computing Integrals
Basis Set                                            = def2-qzvp
Auxiliary Basis Set                                  = def2-universal-jkfit
Gaussian Type                                        = Spherical
Elapsed time:    2.52 Seconds

Number of basis functions                   (NBF)    = 87
Number of auxiliary basis functions         (NBFAUX) = 95
Inactive Doubly occupied orbitals up to     (NO1)    = 0
No. considered Strongly Doubly occupied MOs (NDOC)   = 5
No. considered Strongly Singly occupied MOs (NSOC)   = 0
NO. of Weakly occ. per St. Doubly occ.  MOs (NCWO)   = 16
Dimension of the Nat. Orb. subspace         (NBF5)   = 85
No. of electrons                                     = 10
    No. of alpha electrons                           = 5
    No. of beta electrons                            = 5
Multiplicity                                         = 1

Geometry
========
 F       0.0000000       0.0000000       0.4576912
 H       0.0000000       0.0000000      -0.4576912

No violations of the orthonormality
No violations of the orthonormality
 
PNOF8/ADABelief Calculation
==================
 
  Nitext  Nit_orb  Time   Nit_occ  Time         Eelec          Etot           Ediff      maxdiff    MaxGrad_orb  Grad_occ
     1      10    1.7e+01   30    2.2e+01  -105.52532024  -100.32248378 -10104.52532024   0.023965   9.6e-02   2.0e-04 0.03
     2      20    1.6e-01   16    1.0e-01  -105.57045645  -100.36761999    -0.04513621   0.016101   6.4e-02   2.3e-04 0.03
     3      20    1.3e-01   13    8.0e-02  -105.58194206  -100.37910560    -0.01148561   0.018312   7.3e-02   2.0e-04 0.02
     4      20    1.5e-01   15    1.2e-01  -105.58681044  -100.38397398    -0.00486838   0.027408   1.1e-01   2.1e-04 0.02
     5      20    1.3e-01   13    6.5e-02  -105.59094065  -100.38810419    -0.00413021   0.016332   6.5e-02   1.8e-04 0.02
     6      20    1.1e-01    9    5.0e-02  -105.59305697  -100.39022051    -0.00211632   0.019083   7.6e-02   2.0e-04 0.02
     7      20    9.7e-02    5    2.9e-02  -105.59437095  -100.39153450    -0.00131398   0.018816   7.5e-02   2.4e-04 0.02
     8      20    1.1e-01   10    3.9e-02  -105.59509565  -100.39225919    -0.00072470   0.018383   7.4e-02   1.5e-04 0.02
     9      20    1.3e-01    5    2.9e-02  -105.59558559  -100.39274913    -0.00048994   0.020908   8.4e-02   1.4e-04 0.02
    10      20    1.0e-01    0    9.9e-03  -105.59562154  -100.39278508    -0.00003595   0.020908   8.4e-02   1.4e-04 0.02
    11      40    2.0e-01    5    3.0e-02  -105.59671996  -100.39388350    -0.00109842   0.003288   1.3e-02   1.1e-04 0.02
    12      40    1.9e-01    3    1.9e-02  -105.59676740  -100.39393095    -0.00004745   0.004145   1.7e-02   1.9e-04 0.02
    13      40    1.7e-01    5    2.4e-02  -105.59682869  -100.39399223    -0.00006129   0.003604   1.4e-02   8.4e-05 0.02
    14      40    2.3e-01    3    2.6e-02  -105.59688227  -100.39404581    -0.00005358   0.003559   1.4e-02   1.6e-04 0.02
    15      40    2.4e-01    5    2.4e-02  -105.59696068  -100.39412422    -0.00007841   0.002784   1.1e-02   1.3e-04 0.02
    16      40    2.2e-01    0    9.9e-03  -105.59704962  -100.39421316    -0.00008894   0.002858   1.1e-02   2.2e-04 0.02
    17      50    2.7e-01    5    3.9e-02  -105.59710043  -100.39426397    -0.00005081   0.002017   8.1e-03   1.4e-04 0.02
    18      50    2.8e-01    1    1.3e-02  -105.59716268  -100.39432622    -0.00006225   0.002115   8.5e-03   2.3e-04 0.02
    19      50    2.6e-01    5    3.1e-02  -105.59717179  -100.39433533    -0.00000911   0.002223   8.9e-03   8.4e-05 0.02
    20      50    2.2e-01    1    1.4e-02  -105.59720842  -100.39437196    -0.00003663   0.002216   8.9e-03   1.5e-04 0.02
    21      50    2.5e-01    0    1.0e-02  -105.59721650  -100.39438004    -0.00000808   0.002072   8.3e-03   1.6e-04 0.02
    22      60    3.5e-01    0    9.7e-03  -105.59722611  -100.39438965    -0.00000961   0.001713   6.9e-03   1.6e-04 0.02
    23      70    3.4e-01    0    1.0e-02  -105.59723587  -100.39439941    -0.00000976   0.000956   3.8e-03   1.6e-04 0.02
 
RESULTS OF THE OCCUPATION OPTIMIZATION
========================================
   1    1.9999868  -26.34049901
   2    1.9864484  -1.60486283
   3    1.9729078  -0.85929335
   4    1.9807935  -0.70156699
   5    1.9783082  -0.70078541
   6    0.0111194  -0.02118140
   7    0.0120123  -0.02192281
   8    0.0222295  -0.03740436
   9    0.0074166  -0.02318344
  10    0.0000119  -0.00047106
  11    0.0042459  -0.01027033
  12    0.0045705  -0.01022789
  13    0.0038103  -0.00915419
  14    0.0034140  -0.00977761
  15    0.0000005  -0.00005027
  16    0.0042040  -0.01020719
  17    0.0008686  -0.00308196
  18    0.0003478  -0.00117583
  19    0.0007640  -0.00317940
  20    0.0000003  -0.00000980
  21    0.0013420  -0.00485853
  22    0.0006592  -0.00503226
  23    0.0002846  -0.00109571
  24    0.0005223  -0.00214144
  25    0.0000001  -0.00000179
  26    0.0002748  -0.00103374
  27    0.0003410  -0.00126441
  28    0.0002826  -0.00108780
  29    0.0003995  -0.00151217
  30    0.0000001  -0.00000130
  31    0.0002676  -0.00099591
  32    0.0002855  -0.00106203
  33    0.0000441  -0.00013362
  34    0.0002777  -0.00119878
  35    0.0000000  -0.00000119
  36    0.0000756  -0.00031760
  37    0.0001763  -0.00078208
  38    0.0000277  -0.00009855
  39    0.0002711  -0.00121459
  40    0.0000000  -0.00000109
  41    0.0000359  -0.00014876
  42    0.0000987  -0.00043388
  43    0.0000162  -0.00015237
  44    0.0002698  -0.00119534
  45    0.0000000  -0.00000092
  46    0.0000305  -0.00016813
  47    0.0000693  -0.00032418
  48    0.0000145  -0.00013906
  49    0.0000917  -0.00146587
  50    0.0000000  -0.00000083
  51    0.0000189  -0.00011530
  52    0.0000265  -0.00016875
  53    0.0000109  -0.00005840
  54    0.0000368  -0.00018202
  55    0.0000000  -0.00000076
  56    0.0000169  -0.00011472
  57    0.0000196  -0.00014224
  58    0.0000079  -0.00004429
  59    0.0000188  -0.00013355
  60    0.0000000  -0.00000079
  61    0.0000162  -0.00011312
  62    0.0000186  -0.00012520
  63    0.0000053  -0.00000805
  64    0.0000173  -0.00013078
  65    0.0000000  -0.00000067
  66    0.0000139  -0.00008701
  67    0.0000182  -0.00012418
  68    0.0000034  -0.00001546
  69    0.0000169  -0.00013051
  70    0.0000000  -0.00000051
  71    0.0000114  -0.00005390
  72    0.0000178  -0.00012736
  73    0.0000028  -0.00001160
  74    0.0000157  -0.00012477
  75    0.0000000  -0.00000058
  76    0.0000111  -0.00005630
  77    0.0000157  -0.00012595
  78    0.0000025  -0.00001331
  79    0.0000112  -0.00007113
  80    0.0000000  -0.00000056
  81    0.0000076  -0.00003564
  82    0.0000088  -0.00004925
  83    0.0000021  -0.00000579
  84    0.0000081  -0.00005401
  85    0.0000000  -0.00000048
 
----------------
 Final Energies 
----------------
Final NOF Total Energy =    -100.3943994
 
Total Orbital Internal Iterations = 810
Total Occupation Internal Iterations = 149
 
Elapsed time:   56.15 Seconds

---------------------------------
   Lowdin Population Analysis    
---------------------------------
 Idx  Atom   Population   Charge 
---------------------------------
  1     F     8.510       0.490
  2     H     1.490      -0.490

---------------------------------
   M Diagnostic: 0.02
---------------------------------

Recovering execution output...
Moving from /scratch/pobleyef/284239 to /home-nas/pobleyef/Poison-NOF/ncwomax/P30-5/GNOFm/arina.284239
mkdir -p /home-nas/pobleyef/Poison-NOF/ncwomax/P30-5/GNOFm/arina.284239
mv /scratch/pobleyef/284239/* /home-nas/pobleyef/Poison-NOF/ncwomax/P30-5/GNOFm/arina.284239
