BH76_1_oh
/software/eb2024/easybuild/software/common/software/Julia/1.11.3-linux-x86_64/bin/julia
Job runing on nh002
Choosing scratch ...
Automatic scratch folder selection
/scratch/pobleyef/168464
/scratch/pobleyef/168464 directory
cp BH76_1_oh.jl BH76_1_oh.jld2 to  /scratch/pobleyef/168464/.
Computing Integrals
Elapsed time:    6.13 Seconds

Number of basis functions                   (NBF)    = 87
Number of auxiliary basis functions         (NBFAUX) = 95
Inactive Doubly occupied orbitals up to     (NO1)    = 0
No. considered Strongly Doubly occupied MOs (NDOC)   = 4
No. considered Strongly Singly occupied MOs (NSOC)   = 1
NO. of Weakly occ. per St. Doubly occ.  MOs (NCWO)   = 20
Dimension of the Nat. Orb. subspace         (NBF5)   = 85
No. of electrons                                     = 9
    No. of alpha electrons                           = 5
    No. of beta electrons                            = 4
Multiplicity                                         = 2

Geometry
========
 O       0.0000000       0.0000000       0.4844483
 H       0.0000000       0.0000000      -0.4844483

No violations of the orthonormality
No violations of the orthonormality
 
PNOF9/ADABelief Calculation
==================
 
  Nitext  Nit_orb  Time   Nit_occ  Time         Eelec          Etot           Ediff      maxdiff    MaxGrad_orb  Grad_occ
     1      10    2.8e+01   63    3.4e+01   -79.81564165   -75.44633209 -10078.81564165   0.004632   1.9e-02   1.6e-04 0.03
     2      20    1.6e-01   30    3.0e-01   -80.03821238   -75.66890282    -0.22257073   0.151213   6.0e-01   2.0e-04 0.03
     3      20    1.5e-01   16    1.2e-01   -80.05146738   -75.68215782    -0.01325500   0.007697   3.1e-02   2.0e-04 0.03
     4      20    1.4e-01   19    1.8e-01   -80.05239285   -75.68308329    -0.00092547   0.037285   1.5e-01   1.4e-04 0.03
     5      20    1.7e-01   10    8.7e-02   -80.05447035   -75.68516079    -0.00207750   0.019982   8.0e-02   1.3e-04 0.03
     6      20    1.6e-01    9    7.9e-02   -80.05592216   -75.68661259    -0.00145181   0.020150   8.1e-02   2.2e-04 0.03
     7      20    1.6e-01   11    9.5e-02   -80.05808822   -75.68877866    -0.00216606   0.020158   8.1e-02   1.3e-04 0.03
     8      20    1.8e-01    5    4.8e-02   -80.05885274   -75.68954318    -0.00076452   0.018868   7.5e-02   1.5e-04 0.03
     9      20    1.4e-01   11    1.4e-01   -80.05943099   -75.69012142    -0.00057825   0.016629   6.7e-02   1.1e-04 0.03
    10      20    1.1e-01    3    2.6e-02   -80.05990502   -75.69059545    -0.00047403   0.015218   6.1e-02   2.2e-04 0.03
    11      20    1.3e-01    5    4.8e-02   -80.06002409   -75.69071452    -0.00011907   0.015673   6.3e-02   1.6e-04 0.03
    12      20    1.5e-01    3    3.0e-02   -80.06019104   -75.69088148    -0.00016695   0.014990   6.0e-02   2.0e-04 0.03
    13      20    1.4e-01    0    9.1e-03   -80.06020273   -75.69089316    -0.00001169   0.014990   6.0e-02   2.0e-04 0.03
    14      40    2.7e-01    6    5.0e-02   -80.06149167   -75.69218211    -0.00128894   0.002629   1.1e-02   1.8e-04 0.03
    15      40    2.5e-01    2    2.6e-02   -80.06152946   -75.69221990    -0.00003779   0.004388   1.8e-02   1.6e-04 0.03
    16      40    2.7e-01    3    3.1e-02   -80.06157846   -75.69226889    -0.00004899   0.003580   1.4e-02   1.8e-04 0.03
    17      40    2.5e-01    0    9.0e-03   -80.06160746   -75.69229790    -0.00002901   0.003638   1.5e-02   2.6e-04 0.03
    18      50    3.1e-01    2    2.5e-02   -80.06164717   -75.69233761    -0.00003971   0.002542   1.0e-02   1.7e-04 0.03
    19      50    3.1e-01    3    2.9e-02   -80.06167718   -75.69236762    -0.00003002   0.002379   9.5e-03   1.7e-04 0.03
    20      50    3.3e-01    0    1.5e-02   -80.06171369   -75.69240412    -0.00003650   0.002342   9.4e-03   2.4e-04 0.03
    21      60    4.1e-01    6    5.0e-02   -80.06173481   -75.69242525    -0.00002113   0.002754   1.1e-02   1.3e-04 0.03
    22      60    3.9e-01    2    2.7e-02   -80.06177893   -75.69246937    -0.00004412   0.002436   9.7e-03   1.1e-04 0.03
    23      60    4.0e-01    0    1.4e-02   -80.06178871   -75.69247914    -0.00000978   0.002510   1.0e-02   1.5e-04 0.03
    24      70    4.7e-01    0    1.5e-02   -80.06179748   -75.69248792    -0.00000877   0.001886   7.5e-03   1.3e-04 0.03
    25      80    5.4e-01    0    1.5e-02   -80.06180214   -75.69249258    -0.00000466   0.001695   6.8e-03   1.7e-04 0.03
    26      90    5.7e-01    0    9.4e-03   -80.06180384   -75.69249428    -0.00000169   0.001337   5.3e-03   1.5e-04 0.03
    27     100    6.4e-01    0    9.0e-03   -80.06180256   -75.69249300     0.00000128   0.001370   5.5e-03   1.7e-04 0.03
    28      78    5.2e-01    0    9.7e-03   -80.06180844   -75.69249888    -0.00000588   0.000493   2.0e-03   1.6e-04 0.03
 
RESULTS OF THE OCCUPATION OPTIMIZATION
========================================
   1    1.9999625  -20.64774214
   2    1.9813570  -1.29684369
   3    1.9678956  -0.75176933
   4    1.9748851  -0.57875401
   5    1.0000000  -0.35567016
   6    0.0117692  -0.01864769
   7    0.0240617  -0.03347051
   8    0.0083990  -0.02015613
   9    0.0000331  -0.00118053
  10    0.0054404  -0.00961764
  11    0.0033118  -0.00643786
  12    0.0042499  -0.00909737
  13    0.0000015  -0.00002109
  14    0.0042925  -0.00828232
  15    0.0032142  -0.00631837
  16    0.0030957  -0.00684533
  17    0.0000005  -0.00000722
  18    0.0013962  -0.00427614
  19    0.0004259  -0.00121015
  20    0.0008452  -0.00272865
  21    0.0000004  -0.00004612
  22    0.0006429  -0.00344889
  23    0.0002738  -0.00082506
  24    0.0006231  -0.00281681
  25    0.0000003  -0.00000408
  26    0.0004559  -0.00123419
  27    0.0002169  -0.00075083
  28    0.0005036  -0.00157320
  29    0.0000003  -0.00000354
  30    0.0002805  -0.00081473
  31    0.0001947  -0.00068286
  32    0.0002773  -0.00116741
  33    0.0000002  -0.00000307
  34    0.0002622  -0.00079585
  35    0.0001814  -0.00059978
  36    0.0002339  -0.00069602
  37    0.0000002  -0.00000292
  38    0.0002532  -0.00076088
  39    0.0000557  -0.00013784
  40    0.0001765  -0.00090831
  41    0.0000002  -0.00000246
  42    0.0000954  -0.00035997
  43    0.0000361  -0.00013018
  44    0.0000744  -0.00026652
  45    0.0000001  -0.00000179
  46    0.0000636  -0.00028650
  47    0.0000299  -0.00010873
  48    0.0000432  -0.00019162
  49    0.0000001  -0.00000159
  50    0.0000339  -0.00012837
  51    0.0000194  -0.00010515
  52    0.0000198  -0.00011409
  53    0.0000001  -0.00000113
  54    0.0000321  -0.00013047
  55    0.0000161  -0.00009786
  56    0.0000188  -0.00011127
  57    0.0000001  -0.00000103
  58    0.0000179  -0.00009279
  59    0.0000144  -0.00005607
  60    0.0000175  -0.00009681
  61    0.0000001  -0.00000092
  62    0.0000172  -0.00009029
  63    0.0000132  -0.00006961
  64    0.0000169  -0.00009763
  65    0.0000001  -0.00000086
  66    0.0000156  -0.00008198
  67    0.0000118  -0.00006142
  68    0.0000148  -0.00008028
  69    0.0000001  -0.00000077
  70    0.0000143  -0.00007828
  71    0.0000111  -0.00005148
  72    0.0000115  -0.00006778
  73    0.0000001  -0.00000057
  74    0.0000140  -0.00007540
  75    0.0000078  -0.00003670
  76    0.0000081  -0.00005191
  77    0.0000000  -0.00000057
  78    0.0000117  -0.00006701
  79    0.0000051  -0.00002628
  80    0.0000079  -0.00004415
  81    0.0000000  -0.00000067
  82    0.0000062  -0.00003667
  83    0.0000035  -0.00001444
  84    0.0000060  -0.00005784
  85    0.0000000  -0.00000032
 
----------------
 Final Energies 
----------------
Final NOF Total Energy =     -75.6924989
 
Total Orbital Internal Iterations = 1158
Total Occupation Internal Iterations = 209
 
Elapsed time:   90.59 Seconds

---------------------------------
   Lowdin Population Analysis    
---------------------------------
 Idx  Atom   Population   Charge 
---------------------------------
  1     O     7.589       0.411
  2     H     1.411      -0.411

---------------------------------
   M Diagnostic: 0.03
---------------------------------

Recovering execution output...
Moving from /scratch/pobleyef/168464 to /home-nas/pobleyef/Poison-Set/ncwomax/P30-5/GNOFm/arina.168464
mkdir -p /home-nas/pobleyef/Poison-Set/ncwomax/P30-5/GNOFm/arina.168464
mv /scratch/pobleyef/168464/* /home-nas/pobleyef/Poison-Set/ncwomax/P30-5/GNOFm/arina.168464
