BH76_9_hf
/software/eb2024/easybuild/software/common/software/Julia/1.11.3-linux-x86_64/bin/julia
Job runing on nh043
Choosing scratch ...
Automatic scratch folder selection
/scratch/pobleyef/168466
/scratch/pobleyef/168466 directory
cp BH76_9_hf.jl BH76_9_hf.jld2 to  /scratch/pobleyef/168466/.
Computing Integrals
Elapsed time:    6.01 Seconds

Number of basis functions                   (NBF)    = 87
Number of auxiliary basis functions         (NBFAUX) = 95
Inactive Doubly occupied orbitals up to     (NO1)    = 0
No. considered Strongly Doubly occupied MOs (NDOC)   = 5
No. considered Strongly Singly occupied MOs (NSOC)   = 0
NO. of Weakly occ. per St. Doubly occ.  MOs (NCWO)   = 16
Dimension of the Nat. Orb. subspace         (NBF5)   = 85
No. of electrons                                     = 10
    No. of alpha electrons                           = 5
    No. of beta electrons                            = 5
Multiplicity                                         = 1

Geometry
========
 F       0.0000000       0.0000000       0.4576912
 H       0.0000000       0.0000000      -0.4576912

No violations of the orthonormality
No violations of the orthonormality
 
PNOF9/ADABelief Calculation
==================
 
  Nitext  Nit_orb  Time   Nit_occ  Time         Eelec          Etot           Ediff      maxdiff    MaxGrad_orb  Grad_occ
     1      10    2.8e+01   62    3.4e+01  -105.29342430  -100.09058784 -10104.29342430   0.009231   3.7e-02   2.1e-04 0.02
     2      20    1.6e-01   44    3.8e-01  -105.56915992  -100.36632347    -0.27573563   0.383752   1.5e+00   2.1e-04 0.02
     3      20    1.4e-01   18    2.1e-01  -105.58686659  -100.38403013    -0.01770667   0.006717   2.7e-02   2.0e-04 0.02
     4      20    1.4e-01   26    1.9e-01  -105.58801587  -100.38517942    -0.00114928   0.040979   1.6e-01   1.7e-04 0.02
     5      20    1.4e-01    5    4.5e-02  -105.59096265  -100.38812620    -0.00294678   0.030319   1.2e-01   2.2e-04 0.02
     6      20    1.8e-01    5    4.9e-02  -105.59225382  -100.38941736    -0.00129117   0.027326   1.1e-01   2.5e-04 0.02
     7      20    1.8e-01    7    6.8e-02  -105.59379299  -100.39095654    -0.00153917   0.022183   8.9e-02   2.1e-04 0.02
     8      20    1.9e-01    0    1.4e-02  -105.59386054  -100.39102408    -0.00006754   0.022183   8.9e-02   2.1e-04 0.02
     9      40    3.0e-01    6    6.9e-02  -105.59535523  -100.39251877    -0.00149470   0.002218   8.9e-03   1.8e-04 0.02
    10      40    3.3e-01    5    4.4e-02  -105.59540101  -100.39256455    -0.00004578   0.004104   1.6e-02   1.5e-04 0.02
    11      40    2.8e-01    5    4.9e-02  -105.59550845  -100.39267199    -0.00010744   0.003436   1.4e-02   1.0e-04 0.02
    12      40    3.0e-01    5    5.2e-02  -105.59559145  -100.39275499    -0.00008300   0.003274   1.3e-02   8.3e-05 0.02
    13      40    3.1e-01    5    5.0e-02  -105.59568605  -100.39284959    -0.00009460   0.003386   1.4e-02   8.4e-05 0.02
    14      40    3.0e-01    4    4.1e-02  -105.59577257  -100.39293612    -0.00008653   0.003650   1.5e-02   1.7e-04 0.02
    15      40    3.4e-01    1    2.2e-02  -105.59581898  -100.39298253    -0.00004641   0.004868   1.9e-02   1.9e-04 0.02
    16      40    3.0e-01    4    4.0e-02  -105.59585748  -100.39302103    -0.00003850   0.003961   1.6e-02   1.6e-04 0.02
    17      40    3.1e-01    0    9.2e-03  -105.59590407  -100.39306761    -0.00004659   0.003907   1.6e-02   1.6e-04 0.02
    18      50    3.5e-01    1    2.0e-02  -105.59593284  -100.39309638    -0.00002877   0.002815   1.1e-02   1.5e-04 0.02
    19      50    3.3e-01    0    1.5e-02  -105.59595391  -100.39311745    -0.00002107   0.002374   9.5e-03   1.8e-04 0.02
    20      60    3.9e-01    5    4.9e-02  -105.59597461  -100.39313815    -0.00002070   0.001831   7.3e-03   1.2e-04 0.02
    21      60    4.0e-01    0    9.7e-03  -105.59600310  -100.39316664    -0.00002849   0.002279   9.1e-03   1.7e-04 0.02
    22      70    4.6e-01    1    2.1e-02  -105.59600443  -100.39316797    -0.00000133   0.002441   9.8e-03   1.6e-04 0.02
    23      70    5.0e-01    0    9.3e-03  -105.59602483  -100.39318837    -0.00002040   0.000775   3.1e-03   1.7e-04 0.02
 
RESULTS OF THE OCCUPATION OPTIMIZATION
========================================
   1    1.9999858  -26.34064628
   2    1.9852094  -1.60230282
   3    1.9730270  -0.86132283
   4    1.9802985  -0.70139915
   5    1.9803506  -0.70133636
   6    0.0116719  -0.02164203
   7    0.0122452  -0.02206082
   8    0.0222606  -0.03750729
   9    0.0069153  -0.02278165
  10    0.0000117  -0.00048161
  11    0.0044158  -0.01041888
  12    0.0047009  -0.01026739
  13    0.0037606  -0.00912674
  14    0.0032242  -0.00960054
  15    0.0000008  -0.00000588
  16    0.0013637  -0.00501780
  17    0.0008830  -0.00314285
  18    0.0002767  -0.00107442
  19    0.0031793  -0.00987622
  20    0.0000004  -0.00005242
  21    0.0006299  -0.00367126
  22    0.0005272  -0.00227764
  23    0.0002492  -0.00097140
  24    0.0007180  -0.00305226
  25    0.0000003  -0.00000546
  26    0.0005578  -0.00244075
  27    0.0003276  -0.00120487
  28    0.0002390  -0.00093988
  29    0.0002927  -0.00126935
  30    0.0000002  -0.00000238
  31    0.0004732  -0.00156229
  32    0.0003190  -0.00117115
  33    0.0000593  -0.00027335
  34    0.0002461  -0.00107652
  35    0.0000001  -0.00000157
  36    0.0003107  -0.00110371
  37    0.0002909  -0.00105786
  38    0.0000360  -0.00015930
  39    0.0000873  -0.00119492
  40    0.0000001  -0.00000135
  41    0.0000751  -0.00032124
  42    0.0001750  -0.00097050
  43    0.0000184  -0.00015287
  44    0.0000317  -0.00018168
  45    0.0000001  -0.00000115
  46    0.0000421  -0.00017336
  47    0.0000944  -0.00044653
  48    0.0000174  -0.00010174
  49    0.0000187  -0.00015128
  50    0.0000001  -0.00000117
  51    0.0000232  -0.00014782
  52    0.0000381  -0.00018779
  53    0.0000151  -0.00011940
  54    0.0000169  -0.00012865
  55    0.0000001  -0.00000110
  56    0.0000190  -0.00012675
  57    0.0000350  -0.00016844
  58    0.0000146  -0.00010864
  59    0.0000165  -0.00012629
  60    0.0000001  -0.00000100
  61    0.0000184  -0.00012551
  62    0.0000187  -0.00012467
  63    0.0000091  -0.00004164
  64    0.0000157  -0.00010922
  65    0.0000001  -0.00000091
  66    0.0000182  -0.00012171
  67    0.0000174  -0.00012010
  68    0.0000087  -0.00003940
  69    0.0000130  -0.00007230
  70    0.0000001  -0.00000088
  71    0.0000164  -0.00012114
  72    0.0000132  -0.00008910
  73    0.0000040  -0.00000947
  74    0.0000075  -0.00005813
  75    0.0000001  -0.00000059
  76    0.0000101  -0.00006355
  77    0.0000108  -0.00006267
  78    0.0000023  -0.00001240
  79    0.0000041  -0.00003959
  80    0.0000001  -0.00000077
  81    0.0000038  -0.00001771
  82    0.0000052  -0.00004140
  83    0.0000022  -0.00000558
  84    0.0000037  -0.00002056
  85    0.0000000  -0.00000051
 
----------------
 Final Energies 
----------------
Final NOF Total Energy =    -100.3931884
 
Total Orbital Internal Iterations = 870
Total Occupation Internal Iterations = 209
 
Elapsed time:   88.76 Seconds

---------------------------------
   Lowdin Population Analysis    
---------------------------------
 Idx  Atom   Population   Charge 
---------------------------------
  1     F     8.510       0.490
  2     H     1.490      -0.490

---------------------------------
   M Diagnostic: 0.02
---------------------------------

Recovering execution output...
Moving from /scratch/pobleyef/168466 to /home-nas/pobleyef/Poison-Set/ncwomax/P30-5/GNOFm/arina.168466
mkdir -p /home-nas/pobleyef/Poison-Set/ncwomax/P30-5/GNOFm/arina.168466
mv /scratch/pobleyef/168466/* /home-nas/pobleyef/Poison-Set/ncwomax/P30-5/GNOFm/arina.168466
