DC13_7_be4
/software/eb2024/easybuild/software/common/software/Julia/1.11.3-linux-x86_64/bin/julia
Job runing on nh029
Choosing scratch ...
Automatic scratch folder selection
/scratch/pobleyef/168471
/scratch/pobleyef/168471 directory
cp DC13_7_be4.jl DC13_7_be4.jld2 to  /scratch/pobleyef/168471/.
Computing Integrals
Elapsed time:    6.27 Seconds

Number of basis functions                   (NBF)    = 144
Number of auxiliary basis functions         (NBFAUX) = 204
Inactive Doubly occupied orbitals up to     (NO1)    = 0
No. considered Strongly Doubly occupied MOs (NDOC)   = 8
No. considered Strongly Singly occupied MOs (NSOC)   = 0
NO. of Weakly occ. per St. Doubly occ.  MOs (NCWO)   = 17
Dimension of the Nat. Orb. subspace         (NBF5)   = 144
No. of electrons                                     = 16
    No. of alpha electrons                           = 8
    No. of beta electrons                            = 8
Multiplicity                                         = 1

Geometry
========
Be       0.7279036      -0.7279036       0.7279036
Be      -0.7279036       0.7279036       0.7279036
Be      -0.7279036      -0.7279036      -0.7279036
Be       0.7279036       0.7279036      -0.7279036

No violations of the orthonormality
No violations of the orthonormality
 
PNOF9/ADABelief Calculation
==================
 
  Nitext  Nit_orb  Time   Nit_occ  Time         Eelec          Etot           Ediff      maxdiff    MaxGrad_orb  Grad_occ
     1      10    2.9e+01   75    3.8e+01   -83.09714890   -58.42240723 -10082.09714890   0.002407   1.1e-02   1.9e-04 0.03
     2      20    2.9e+00   52    1.3e+00   -83.30486261   -58.63012093    -0.20771371   0.112356   4.5e-01   1.7e-04 0.03
     3      20    3.0e+00   22    6.0e-01   -83.32697796   -58.65223629    -0.02211536   0.001667   6.7e-03   2.4e-04 0.03
     4      20    3.0e+00   16    4.5e-01   -83.33334046   -58.65859879    -0.00636250   0.002398   9.6e-03   2.6e-04 0.03
     5      20    3.0e+00    9    3.1e-01   -83.33915509   -58.66441342    -0.00581463   0.003381   1.4e-02   3.0e-04 0.03
     6      20    2.9e+00   19    5.8e-01   -83.34374767   -58.66900600    -0.00459258   0.004056   1.6e-02   2.4e-04 0.03
     7      20    2.9e+00   12    3.7e-01   -83.34593018   -58.67118851    -0.00218251   0.017362   6.9e-02   2.6e-04 0.03
     8      20    2.9e+00    6    2.2e-01   -83.34674830   -58.67200663    -0.00081812   0.002785   1.1e-02   2.2e-04 0.03
     9      20    2.9e+00    6    2.5e-01   -83.34707465   -58.67233297    -0.00032634   0.004098   1.6e-02   2.3e-04 0.03
    10      20    3.0e+00    6    2.1e-01   -83.34731093   -58.67256926    -0.00023629   0.005378   2.2e-02   2.3e-04 0.03
    11      20    3.1e+00    8    2.8e-01   -83.34767707   -58.67293540    -0.00036614   0.005830   2.3e-02   2.0e-04 0.03
    12      20    3.0e+00    6    2.4e-01   -83.34783024   -58.67308857    -0.00015317   0.006321   2.5e-02   2.3e-04 0.03
    13      20    3.0e+00    2    9.5e-02   -83.34787173   -58.67313006    -0.00004149   0.005431   2.2e-02   2.0e-04 0.03
    14      20    3.0e+00    8    2.9e-01   -83.34796364   -58.67322196    -0.00009190   0.006713   2.7e-02   1.9e-04 0.03
    15      20    3.0e+00    2    1.1e-01   -83.34809556   -58.67335389    -0.00013193   0.006382   2.6e-02   2.2e-04 0.03
    16      20    3.1e+00    0    4.8e-02   -83.34810272   -58.67336105    -0.00000715   0.006382   2.6e-02   2.2e-04 0.03
    17      40    5.9e+00    4    1.4e-01   -83.34895765   -58.67421598    -0.00085493   0.000983   3.9e-03   1.6e-04 0.03
 
RESULTS OF THE OCCUPATION OPTIMIZATION
========================================
   1    1.9986049  -4.70702748
   2    1.9987006  -4.70702698
   3    1.9986547  -4.70632561
   4    1.9980825  -4.70610946
   5    1.9795559  -0.56941147
   6    1.9646089  -0.28864275
   7    1.9665735  -0.28861551
   8    1.9611291  -0.28849975
   9    0.0161141  -0.01277440
  10    0.0147821  -0.01238568
  11    0.0176036  -0.01355579
  12    0.0077042  -0.01367351
  13    0.0014747  -0.00950235
  14    0.0007888  -0.00501730
  15    0.0007621  -0.00506559
  16    0.0004994  -0.00342553
  17    0.0116616  -0.01078271
  18    0.0110667  -0.01278274
  19    0.0074112  -0.00635461
  20    0.0053029  -0.00908450
  21    0.0002947  -0.00230423
  22    0.0001983  -0.00160235
  23    0.0002061  -0.00164633
  24    0.0004253  -0.00303278
  25    0.0064140  -0.00606534
  26    0.0032804  -0.00401838
  27    0.0038077  -0.00414552
  28    0.0025025  -0.00442493
  29    0.0000521  -0.00031692
  30    0.0001686  -0.00135588
  31    0.0002049  -0.00162942
  32    0.0002004  -0.00161925
  33    0.0016585  -0.00188285
  34    0.0016203  -0.00251284
  35    0.0019411  -0.00225219
  36    0.0012268  -0.00385378
  37    0.0000485  -0.00036148
  38    0.0001043  -0.00076434
  39    0.0000719  -0.00047818
  40    0.0001987  -0.00161987
  41    0.0015423  -0.00191493
  42    0.0011884  -0.00187093
  43    0.0016429  -0.00207109
  44    0.0009250  -0.00291581
  45    0.0000218  -0.00018673
  46    0.0000414  -0.00029509
  47    0.0000216  -0.00016036
  48    0.0000342  -0.00028529
  49    0.0004583  -0.00053449
  50    0.0006141  -0.00082695
  51    0.0011400  -0.00179420
  52    0.0007695  -0.00268097
  53    0.0000121  -0.00004936
  54    0.0000176  -0.00009153
  55    0.0000127  -0.00006319
  56    0.0000104  -0.00005343
  57    0.0003979  -0.00047457
  58    0.0002578  -0.00032791
  59    0.0006561  -0.00075439
  60    0.0007647  -0.00269855
  61    0.0000045  -0.00001982
  62    0.0000122  -0.00005570
  63    0.0000072  -0.00002858
  64    0.0000077  -0.00003105
  65    0.0002580  -0.00033107
  66    0.0001425  -0.00021464
  67    0.0006325  -0.00081721
  68    0.0002622  -0.00071266
  69    0.0000017  -0.00000529
  70    0.0000029  -0.00000718
  71    0.0000035  -0.00001536
  72    0.0000041  -0.00001730
  73    0.0000948  -0.00014044
  74    0.0001170  -0.00018129
  75    0.0001507  -0.00019762
  76    0.0002396  -0.00047574
  77    0.0000016  -0.00000405
  78    0.0000024  -0.00000763
  79    0.0000019  -0.00000623
  80    0.0000036  -0.00001692
  81    0.0000602  -0.00008750
  82    0.0000854  -0.00011699
  83    0.0001014  -0.00012804
  84    0.0002332  -0.00048485
  85    0.0000011  -0.00000196
  86    0.0000017  -0.00000561
  87    0.0000017  -0.00000538
  88    0.0000026  -0.00000758
  89    0.0000448  -0.00006615
  90    0.0000730  -0.00010287
  91    0.0000664  -0.00009546
  92    0.0002166  -0.00044473
  93    0.0000010  -0.00000178
  94    0.0000014  -0.00000354
  95    0.0000015  -0.00000358
  96    0.0000019  -0.00000717
  97    0.0000428  -0.00005359
  98    0.0000539  -0.00008012
  99    0.0000591  -0.00008515
 100    0.0001014  -0.00027439
 101    0.0000008  -0.00000100
 102    0.0000014  -0.00000384
 103    0.0000013  -0.00000216
 104    0.0000018  -0.00000546
 105    0.0000365  -0.00004618
 106    0.0000440  -0.00006538
 107    0.0000544  -0.00007654
 108    0.0000779  -0.00018942
 109    0.0000008  -0.00000084
 110    0.0000013  -0.00000230
 111    0.0000008  -0.00000087
 112    0.0000016  -0.00000380
 113    0.0000256  -0.00003430
 114    0.0000415  -0.00005838
 115    0.0000396  -0.00005917
 116    0.0000468  -0.00013460
 117    0.0000007  -0.00000059
 118    0.0000011  -0.00000188
 119    0.0000006  -0.00000227
 120    0.0000013  -0.00000509
 121    0.0000229  -0.00003257
 122    0.0000240  -0.00003942
 123    0.0000360  -0.00005110
 124    0.0000272  -0.00004689
 125    0.0000006  -0.00000085
 126    0.0000007  -0.00000056
 127    0.0000006  -0.00000128
 128    0.0000010  -0.00000194
 129    0.0000214  -0.00002947
 130    0.0000197  -0.00003079
 131    0.0000286  -0.00004018
 132    0.0000247  -0.00004943
 133    0.0000005  -0.00000085
 134    0.0000007  -0.00000144
 135    0.0000006  -0.00000554
 136    0.0000007  -0.00000218
 137    0.0000171  -0.00002491
 138    0.0000157  -0.00002662
 139    0.0000199  -0.00002783
 140    0.0000188  -0.00004231
 141    0.0000003  -0.00000352
 142    0.0000003  -0.00000798
 143    0.0000003  -0.00000969
 144    0.0000004  -0.00001043
 
----------------
 Final Energies 
----------------
Final NOF Total Energy =     -58.6742160
 
Total Orbital Internal Iterations = 350
Total Occupation Internal Iterations = 253
 
Elapsed time:  145.49 Seconds

---------------------------------
   Lowdin Population Analysis    
---------------------------------
 Idx  Atom   Population   Charge 
---------------------------------
  1    Be     4.000      -0.000
  2    Be     4.000       0.000
  3    Be     4.000      -0.000
  4    Be     4.000       0.000

---------------------------------
   M Diagnostic: 0.03
---------------------------------

Recovering execution output...
Moving from /scratch/pobleyef/168471 to /home-nas/pobleyef/Poison-Set/ncwomax/P30-5/GNOFm/arina.168471
mkdir -p /home-nas/pobleyef/Poison-Set/ncwomax/P30-5/GNOFm/arina.168471
mv /scratch/pobleyef/168471/* /home-nas/pobleyef/Poison-Set/ncwomax/P30-5/GNOFm/arina.168471
