Computing Integrals
Basis Set                                            = def2-qzvp
Auxiliary Basis Set                                  = def2-universal-jkfit
Gaussian Type                                        = Spherical
Elapsed time:    5.99 Seconds

Number of basis functions                   (NBF)    = 350
Number of auxiliary basis functions         (NBFAUX) = 640
Inactive Doubly occupied orbitals up to     (NO1)    = 0
No. considered Strongly Doubly occupied MOs (NDOC)   = 41
No. considered Strongly Singly occupied MOs (NSOC)   = 0
NO. of Weakly occ. per St. Doubly occ.  MOs (NCWO)   = 7
Dimension of the Nat. Orb. subspace         (NBF5)   = 328
No. of electrons                                     = 82
    No. of alpha electrons                           = 41
    No. of beta electrons                            = 41
Multiplicity                                         = 1

Geometry
========
Si       0.0000000       0.0000000       0.0000000
Cl       1.1825283      -1.1825283       1.1825283
Cl      -1.1825283       1.1825283       1.1825283
Cl      -1.1825283      -1.1825283      -1.1825283
Cl       1.1825283       1.1825283      -1.1825283

No violations of the orthonormality
No violations of the orthonormality
 
PNOF8/ADABelief Calculation
==================
 
  Nitext  Nit_orb  Time   Nit_occ  Time         Eelec          Etot           Ediff      maxdiff    MaxGrad_orb  Grad_occ
     1      10    3.0e+01    0    2.6e+01 -2650.08866988 -2129.78604695 -12649.08866988   0.014751   5.9e-02   3.1e-04 0.03
     2      30    2.7e+01    0    8.7e-01 -2650.08866988 -2129.78604695     0.00000000   0.014751   5.9e-02   3.1e-04 0.03
     3      50    4.4e+01   13    4.3e+00 -2650.08899148 -2129.78636855    -0.00032159   0.014127   5.7e-02   1.9e-04 0.03
     4      50    4.4e+01    2    1.4e+00 -2650.08906509 -2129.78644215    -0.00007361   0.013098   5.2e-02   3.3e-04 0.03
     5      50    4.4e+01    5    2.2e+00 -2650.08918305 -2129.78656012    -0.00011797   0.014313   5.7e-02   3.2e-04 0.03
     6      50    4.4e+01    6    2.4e+00 -2650.08929729 -2129.78667436    -0.00011424   0.014200   5.7e-02   2.9e-04 0.03
     7      50    4.3e+01   13    4.2e+00 -2650.08944065 -2129.78681772    -0.00014336   0.012329   4.9e-02   2.3e-04 0.03
     8      50    4.4e+01    6    2.5e+00 -2650.08965284 -2129.78702990    -0.00021219   0.011150   4.5e-02   2.5e-04 0.03
     9      50    4.3e+01   13    4.2e+00 -2650.08988494 -2129.78726201    -0.00023210   0.010057   4.0e-02   2.0e-04 0.03
    10      50    4.4e+01   11    3.8e+00 -2650.09025228 -2129.78762935    -0.00036734   0.009611   3.8e-02   2.6e-04 0.03
    11      50    4.4e+01   12    4.0e+00 -2650.09054521 -2129.78792228    -0.00029293   0.009001   3.6e-02   2.3e-04 0.03
    12      50    4.3e+01   11    3.7e+00 -2650.09086736 -2129.78824442    -0.00032214   0.009329   3.7e-02   2.0e-04 0.03
    13      50    4.4e+01   11    3.7e+00 -2650.09102833 -2129.78840540    -0.00016097   0.009816   3.9e-02   1.6e-04 0.03
    14      50    4.4e+01   10    3.5e+00 -2650.09126050 -2129.78863756    -0.00023216   0.010177   4.1e-02   2.4e-04 0.03
    15      50    4.4e+01   10    3.5e+00 -2650.09148189 -2129.78885895    -0.00022139   0.011036   4.4e-02   1.9e-04 0.03
    16      50    4.4e+01   10    3.5e+00 -2650.09165355 -2129.78903062    -0.00017167   0.010473   4.2e-02   1.7e-04 0.03
    17      50    4.3e+01    8    3.0e+00 -2650.09176192 -2129.78913899    -0.00010837   0.010241   4.1e-02   2.3e-04 0.03
    18      50    4.4e+01    8    3.0e+00 -2650.09190223 -2129.78927930    -0.00014031   0.009895   4.0e-02   2.4e-04 0.03
    19      50    4.4e+01   10    3.5e+00 -2650.09197560 -2129.78935266    -0.00007336   0.010527   4.2e-02   1.6e-04 0.03
    20      50    4.4e+01    1    1.1e+00 -2650.09209490 -2129.78947196    -0.00011930   0.010738   4.3e-02   2.6e-04 0.03
    21      50    4.4e+01    0    9.0e-01 -2650.09209560 -2129.78947267    -0.00000071   0.010738   4.3e-02   2.6e-04 0.03
    22      70    6.1e+01    2    1.4e+00 -2650.09394524 -2129.79132231    -0.00184964   0.001354   5.4e-03   2.7e-04 0.03
    23      70    6.1e+01    0    8.8e-01 -2650.09394838 -2129.79132545    -0.00000314   0.001354   5.4e-03   2.7e-04 0.03
    24      83    7.1e+01    0    8.8e-01 -2650.09397978 -2129.79135684    -0.00003140   0.000496   2.0e-03   2.3e-04 0.03
 
RESULTS OF THE OCCUPATION OPTIMIZATION
========================================
   1    1.9999986  -104.92333757
   2    1.9999988  -104.92048517
   3    1.9999987  -104.90791623
   4    1.9999978  -87.14667402
   5    1.9999979  -86.79808193
   6    1.9998348  -10.61082290
   7    1.9998410  -10.61009087
   8    1.9998623  -10.60861185
   9    1.9998075  -10.60795346
  10    1.9993235  -8.08329861
  11    1.9992497  -8.08310007
  12    1.9992938  -8.08275019
  13    1.9993037  -8.08252101
  14    1.9993589  -8.08236948
  15    1.9992784  -8.08184260
  16    1.9992282  -8.07873050
  17    1.9990550  -7.95796753
  18    1.9989674  -7.86970533
  19    1.9988844  -7.76406586
  20    1.9990375  -7.73466218
  21    1.9990219  -7.71587714
  22    1.9990284  -7.69018739
  23    1.9952292  -4.40042592
  24    1.9944233  -4.39766368
  25    1.9941748  -4.39600065
  26    1.9827214  -1.16707374
  27    1.9824253  -1.12803900
  28    1.9823638  -1.12650977
  29    1.9823804  -1.12647636
  30    1.9731096  -0.69039748
  31    1.9733261  -0.65311436
  32    1.9741905  -0.62935476
  33    1.9742168  -0.61438501
  34    1.9714278  -0.52724124
  35    1.9714008  -0.52691096
  36    1.9715302  -0.52673077
  37    1.9714760  -0.52658916
  38    1.9683506  -0.52561302
  39    1.9684802  -0.52556880
  40    1.9685592  -0.52545803
  41    1.9685062  -0.52541566
  42    0.0102831  -0.01780522
  43    0.0103869  -0.01800858
  44    0.0104141  -0.01802796
  45    0.0104800  -0.01804252
  46    0.0102691  -0.01916094
  47    0.0102301  -0.01915048
  48    0.0102621  -0.01920152
  49    0.0102913  -0.01929897
  50    0.0181114  -0.03910687
  51    0.0181492  -0.03937860
  52    0.0180262  -0.03899913
  53    0.0212963  -0.04333235
  54    0.0054998  -0.02800597
  55    0.0054860  -0.02791231
  56    0.0055040  -0.02813490
  57    0.0054745  -0.02801045
  58    0.0026382  -0.02016806
  59    0.0031441  -0.02780305
  60    0.0027297  -0.02044402
  61    0.0008012  -0.01240382
  62    0.0008202  -0.01266060
  63    0.0007880  -0.01268274
  64    0.0005058  -0.01042873
  65    0.0004894  -0.01060800
  66    0.0004757  -0.01034461
  67    0.0003931  -0.00916239
  68    0.0004898  -0.01032682
  69    0.0003440  -0.00742957
  70    0.0005090  -0.01061109
  71    0.0005030  -0.01058408
  72    0.0003968  -0.00916550
  73    0.0004557  -0.01002706
  74    0.0000765  -0.00199568
  75    0.0001248  -0.00149445
  76    0.0001455  -0.00252951
  77    0.0001000  -0.00116628
  78    0.0000005  -0.00001910
  79    0.0000017  -0.00014407
  80    0.0000003  -0.00001534
  81    0.0000007  -0.00002314
  82    0.0000003  -0.00001152
  83    0.0099551  -0.01755276
  84    0.0099374  -0.01757906
  85    0.0099857  -0.01754493
  86    0.0100423  -0.01756904
  87    0.0092826  -0.01777164
  88    0.0092023  -0.01775211
  89    0.0093369  -0.01779984
  90    0.0092952  -0.01772149
  91    0.0025356  -0.01019701
  92    0.0025205  -0.01004655
  93    0.0057644  -0.01846220
  94    0.0026271  -0.00995883
  95    0.0044160  -0.01906375
  96    0.0044092  -0.01911097
  97    0.0043428  -0.01904094
  98    0.0040806  -0.01867497
  99    0.0015412  -0.01022607
 100    0.0014633  -0.01006169
 101    0.0016297  -0.01053579
 102    0.0000585  -0.00062954
 103    0.0000679  -0.00139083
 104    0.0000733  -0.00116599
 105    0.0004889  -0.01056237
 106    0.0004751  -0.01031025
 107    0.0003943  -0.00919234
 108    0.0002227  -0.00411443
 109    0.0001028  -0.00131149
 110    0.0001347  -0.00218185
 111    0.0000775  -0.00281914
 112    0.0000768  -0.00226353
 113    0.0002259  -0.00418665
 114    0.0000789  -0.00283332
 115    0.0000215  -0.00021712
 116    0.0000073  -0.00033232
 117    0.0000061  -0.00038117
 118    0.0000327  -0.00021927
 119    0.0000004  -0.00001710
 120    0.0000003  -0.00001336
 121    0.0000002  -0.00000919
 122    0.0000004  -0.00001627
 123    0.0000002  -0.00001051
 124    0.0098527  -0.01711047
 125    0.0098461  -0.01710400
 126    0.0098787  -0.01711453
 127    0.0099352  -0.01712305
 128    0.0072872  -0.01871267
 129    0.0072812  -0.01870271
 130    0.0072931  -0.01867146
 131    0.0073368  -0.01869032
 132    0.0024858  -0.00998609
 133    0.0024988  -0.01014796
 134    0.0007129  -0.00206480
 135    0.0007360  -0.00198518
 136    0.0018767  -0.01041870
 137    0.0019095  -0.01067877
 138    0.0018958  -0.01045512
 139    0.0018953  -0.01067166
 140    0.0014941  -0.01016851
 141    0.0008580  -0.00959227
 142    0.0002670  -0.00606239
 143    0.0000435  -0.00032790
 144    0.0000308  -0.00022724
 145    0.0000219  -0.00018728
 146    0.0000706  -0.00076635
 147    0.0000182  -0.00015464
 148    0.0000182  -0.00015580
 149    0.0000999  -0.00125216
 150    0.0000670  -0.00078803
 151    0.0000959  -0.00122762
 152    0.0000543  -0.00052304
 153    0.0000624  -0.00074717
 154    0.0000716  -0.00149221
 155    0.0000651  -0.00076504
 156    0.0000212  -0.00016500
 157    0.0000045  -0.00048830
 158    0.0000060  -0.00029523
 159    0.0000212  -0.00025922
 160    0.0000003  -0.00001485
 161    0.0000002  -0.00000785
 162    0.0000002  -0.00000762
 163    0.0000000  -0.00000162
 164    0.0000002  -0.00000972
 165    0.0006681  -0.00158368
 166    0.0006778  -0.00160120
 167    0.0006706  -0.00158571
 168    0.0006868  -0.00160995
 169    0.0006518  -0.00157763
 170    0.0006488  -0.00157466
 171    0.0006486  -0.00157320
 172    0.0006516  -0.00157545
 173    0.0007058  -0.00194918
 174    0.0007149  -0.00204117
 175    0.0006896  -0.00190813
 176    0.0007030  -0.00187188
 177    0.0018652  -0.01046523
 178    0.0018646  -0.01041662
 179    0.0018585  -0.01035281
 180    0.0018721  -0.01045309
 181    0.0000613  -0.00082199
 182    0.0000391  -0.00027732
 183    0.0000406  -0.00028184
 184    0.0000205  -0.00018767
 185    0.0000222  -0.00021984
 186    0.0000210  -0.00017708
 187    0.0000172  -0.00021282
 188    0.0000166  -0.00021638
 189    0.0000181  -0.00015643
 190    0.0000180  -0.00034517
 191    0.0000191  -0.00017740
 192    0.0000216  -0.00016308
 193    0.0000190  -0.00015857
 194    0.0000214  -0.00016113
 195    0.0000198  -0.00016617
 196    0.0000205  -0.00016442
 197    0.0000201  -0.00018855
 198    0.0000003  -0.00001343
 199    0.0000004  -0.00001590
 200    0.0000032  -0.00048685
 201    0.0000003  -0.00001329
 202    0.0000000  -0.00000082
 203    0.0000002  -0.00000568
 204    0.0000000  -0.00000164
 205    0.0000002  -0.00000819
 206    0.0003802  -0.00113624
 207    0.0002336  -0.00088034
 208    0.0002310  -0.00087772
 209    0.0002293  -0.00087747
 210    0.0006505  -0.00157584
 211    0.0006424  -0.00157108
 212    0.0006484  -0.00157256
 213    0.0005833  -0.00152316
 214    0.0006817  -0.00191253
 215    0.0006757  -0.00187407
 216    0.0006802  -0.00189578
 217    0.0006926  -0.00186189
 218    0.0018292  -0.01028527
 219    0.0018372  -0.01027145
 220    0.0018205  -0.01025594
 221    0.0018327  -0.01032083
 222    0.0000371  -0.00063483
 223    0.0000245  -0.00016970
 224    0.0000372  -0.00026422
 225    0.0000178  -0.00018808
 226    0.0000151  -0.00027440
 227    0.0000204  -0.00021186
 228    0.0000123  -0.00010222
 229    0.0000124  -0.00010581
 230    0.0000149  -0.00016460
 231    0.0000148  -0.00051913
 232    0.0000159  -0.00023497
 233    0.0000171  -0.00055681
 234    0.0000131  -0.00010291
 235    0.0000195  -0.00016428
 236    0.0000163  -0.00028739
 237    0.0000204  -0.00015921
 238    0.0000189  -0.00039449
 239    0.0000003  -0.00001090
 240    0.0000004  -0.00001516
 241    0.0000028  -0.00053691
 242    0.0000003  -0.00001110
 243    0.0000000  -0.00000080
 244    0.0000001  -0.00000502
 245    0.0000000  -0.00000147
 246    0.0000002  -0.00000743
 247    0.0002186  -0.00087629
 248    0.0002093  -0.00082533
 249    0.0002004  -0.00077170
 250    0.0001566  -0.00052439
 251    0.0002278  -0.00090713
 252    0.0002513  -0.00090292
 253    0.0002468  -0.00088226
 254    0.0002288  -0.00088347
 255    0.0006493  -0.00174888
 256    0.0006380  -0.00173743
 257    0.0006015  -0.00162431
 258    0.0006385  -0.00167086
 259    0.0018089  -0.01021508
 260    0.0018013  -0.01018244
 261    0.0018182  -0.01024618
 262    0.0018064  -0.01020943
 263    0.0000287  -0.00019384
 264    0.0000240  -0.00016778
 265    0.0000352  -0.00022848
 266    0.0000155  -0.00035802
 267    0.0000113  -0.00010264
 268    0.0000195  -0.00021579
 269    0.0000107  -0.00008981
 270    0.0000110  -0.00011177
 271    0.0000121  -0.00011329
 272    0.0000126  -0.00016932
 273    0.0000138  -0.00016987
 274    0.0000150  -0.00028376
 275    0.0000122  -0.00010706
 276    0.0000132  -0.00015428
 277    0.0000113  -0.00009145
 278    0.0000193  -0.00018207
 279    0.0000184  -0.00021910
 280    0.0000003  -0.00001022
 281    0.0000004  -0.00001354
 282    0.0000027  -0.00047244
 283    0.0000002  -0.00000891
 284    0.0000000  -0.00000078
 285    0.0000001  -0.00000481
 286    0.0000000  -0.00000145
 287    0.0000002  -0.00000604
 288    0.0001361  -0.00049974
 289    0.0001495  -0.00051339
 290    0.0001392  -0.00046291
 291    0.0001192  -0.00039862
 292    0.0001552  -0.00057880
 293    0.0002136  -0.00086732
 294    0.0001633  -0.00063002
 295    0.0001852  -0.00076878
 296    0.0006135  -0.00164914
 297    0.0006124  -0.00165179
 298    0.0001990  -0.00090104
 299    0.0001968  -0.00086800
 300    0.0003238  -0.00166429
 301    0.0003283  -0.00164433
 302    0.0003350  -0.00161285
 303    0.0003171  -0.00164003
 304    0.0000246  -0.00016714
 305    0.0000237  -0.00016179
 306    0.0000314  -0.00020151
 307    0.0000145  -0.00016920
 308    0.0000106  -0.00011436
 309    0.0000184  -0.00019136
 310    0.0000101  -0.00009629
 311    0.0000099  -0.00011325
 312    0.0000118  -0.00011241
 313    0.0000107  -0.00009397
 314    0.0000133  -0.00012345
 315    0.0000130  -0.00021293
 316    0.0000112  -0.00011079
 317    0.0000098  -0.00010427
 318    0.0000086  -0.00023302
 319    0.0000165  -0.00018702
 320    0.0000159  -0.00042039
 321    0.0000002  -0.00000887
 322    0.0000003  -0.00001167
 323    0.0000027  -0.00045605
 324    0.0000002  -0.00000856
 325    0.0000000  -0.00000079
 326    0.0000001  -0.00000458
 327    0.0000000  -0.00000141
 328    0.0000001  -0.00000417
 
----------------
 Final Energies 
----------------
Final NOF Total Energy =   -2129.7913568
 
Total Orbital Internal Iterations = 1213
Total Occupation Internal Iterations = 162
 
Elapsed time: 1247.53 Seconds

---------------------------------
   Lowdin Population Analysis    
---------------------------------
 Idx  Atom   Population   Charge 
---------------------------------
  1    Si    15.791      -1.791
  2    Cl    16.552       0.448
  3    Cl    16.552       0.448
  4    Cl    16.553       0.447
  5    Cl    16.552       0.448

---------------------------------
   M Diagnostic: 0.03
---------------------------------

