G2RC-66
/software/eb2024/easybuild/software/common/software/Julia/1.11.3-linux-x86_64/bin/julia
Job runing on na17
Choosing scratch ...
Automatic scratch folder selection
/scratch/pobleyef/284251
/scratch/pobleyef/284251 directory
cp G2RC-66.jl G2RC-66.jld2 to  /scratch/pobleyef/284251/.
Computing Integrals
Basis Set                                            = def2-qzvp
Auxiliary Basis Set                                  = def2-universal-jkfit
Gaussian Type                                        = Spherical
Elapsed time:   18.98 Seconds

Number of basis functions                   (NBF)    = 298
Number of auxiliary basis functions         (NBFAUX) = 436
Inactive Doubly occupied orbitals up to     (NO1)    = 0
No. considered Strongly Doubly occupied MOs (NDOC)   = 25
No. considered Strongly Singly occupied MOs (NSOC)   = 0
NO. of Weakly occ. per St. Doubly occ.  MOs (NCWO)   = 10
Dimension of the Nat. Orb. subspace         (NBF5)   = 275
No. of electrons                                     = 50
    No. of alpha electrons                           = 25
    No. of beta electrons                            = 25
Multiplicity                                         = 1

Geometry
========
Si       0.0000000       0.0000000       0.0000000
 F       0.9102019      -0.9102019       0.9102019
 F      -0.9102019       0.9102019       0.9102019
 F      -0.9102019      -0.9102019      -0.9102019
 F       0.9102019       0.9102019      -0.9102019

No violations of the orthonormality
No violations of the orthonormality
 
PNOF8/ADABelief Calculation
==================
 
  Nitext  Nit_orb  Time   Nit_occ  Time         Eelec          Etot           Ediff      maxdiff    MaxGrad_orb  Grad_occ
     1      10    1.0e+02   78    2.8e+01  -957.08720747  -688.01635788 -10956.08720747   0.024851   9.9e-02   2.8e-04 0.02
     2      20    1.8e+02   54    4.9e+00  -957.53011180  -688.45926221    -0.44290433   0.955775   3.8e+00   2.9e-04 0.02
     3      20    1.7e+02   36    3.3e+00  -957.73003861  -688.65918903    -0.19992681   0.032892   1.3e-01   3.0e-04 0.02
     4      20    1.7e+02   26    2.5e+00  -957.76981159  -688.69896201    -0.03977298   0.052231   2.1e-01   3.1e-04 0.02
     5      20    1.6e+02   29    2.8e+00  -957.78287489  -688.71202531    -0.01306330   0.056310   2.3e-01   2.2e-04 0.02
     6      20    1.7e+02   10    1.3e+00  -957.80038809  -688.72953850    -0.01751320   0.049733   2.0e-01   4.1e-04 0.02
     7      20    1.7e+02   29    2.9e+00  -957.81818146  -688.74733188    -0.01779338   0.053036   2.1e-01   2.3e-04 0.02
     8      20    1.8e+02   14    1.6e+00  -957.82571089  -688.75486131    -0.00752943   0.050771   2.0e-01   2.7e-04 0.02
     9      20    1.8e+02   20    2.3e+00  -957.82765970  -688.75681012    -0.00194881   0.056401   2.3e-01   2.3e-04 0.02
    10      20    1.7e+02    0    2.7e-01  -957.82788601  -688.75703642    -0.00022630   0.056401   2.3e-01   2.3e-04 0.02
    11      40    3.3e+02   26    2.8e+00  -957.84940721  -688.77855763    -0.02152121   0.003884   1.6e-02   1.6e-04 0.02
    12      40    3.5e+02   13    1.5e+00  -957.84980189  -688.77895231    -0.00039468   0.004839   1.9e-02   2.4e-04 0.02
    13      40    3.3e+02   16    1.8e+00  -957.85049853  -688.77964895    -0.00069664   0.017980   7.2e-02   2.7e-04 0.02
    14      40    3.5e+02   16    1.8e+00  -957.85089108  -688.78004150    -0.00039255   0.005154   2.1e-02   2.5e-04 0.02
    15      40    3.4e+02    5    7.6e-01  -957.85128127  -688.78043169    -0.00039019   0.006195   2.5e-02   2.3e-04 0.02
    16      40    3.0e+02   11    1.3e+00  -957.85150527  -688.78065569    -0.00022400   0.006818   2.7e-02   2.9e-04 0.02
    17      40    3.1e+02    5    7.6e-01  -957.85171953  -688.78086994    -0.00021425   0.007774   3.1e-02   2.6e-04 0.02
    18      40    3.0e+02   11    1.3e+00  -957.85187525  -688.78102567    -0.00015573   0.007613   3.0e-02   2.3e-04 0.02
    19      40    3.3e+02    5    7.1e-01  -957.85210102  -688.78125143    -0.00022576   0.007301   2.9e-02   2.8e-04 0.02
    20      40    3.0e+02   11    1.2e+00  -957.85219077  -688.78134118    -0.00008975   0.007740   3.1e-02   2.1e-04 0.02
    21      40    3.0e+02    1    3.6e-01  -957.85226684  -688.78141726    -0.00007607   0.007378   3.0e-02   3.3e-04 0.02
    22      40    3.2e+02   11    1.4e+00  -957.85240542  -688.78155584    -0.00013858   0.007278   2.9e-02   2.1e-04 0.02
    23      40    3.2e+02    4    6.2e-01  -957.85248246  -688.78163288    -0.00007704   0.007391   3.0e-02   1.9e-04 0.02
    24      40    3.0e+02    7    9.8e-01  -957.85262734  -688.78177775    -0.00014488   0.007426   3.0e-02   2.6e-04 0.02
    25      40    3.0e+02    7    9.2e-01  -957.85270153  -688.78185195    -0.00007420   0.006817   2.7e-02   2.4e-04 0.02
    26      40    3.0e+02    3    5.3e-01  -957.85284550  -688.78199591    -0.00014396   0.007474   3.0e-02   2.2e-04 0.02
    27      40    3.1e+02    7    9.2e-01  -957.85285603  -688.78200644    -0.00001053   0.007105   2.8e-02   1.8e-04 0.02
    28      40    3.1e+02    1    3.7e-01  -957.85295346  -688.78210388    -0.00009743   0.008002   3.2e-02   2.4e-04 0.02
    29      40    3.0e+02    0    3.0e-01  -957.85295448  -688.78210490    -0.00000102   0.008002   3.2e-02   2.4e-04 0.02
    30      60    8.6e+02    1    3.3e-01  -957.85357227  -688.78272269    -0.00061779   0.000594   2.4e-03   3.3e-04 0.02
 
RESULTS OF THE OCCUPATION OPTIMIZATION
========================================
   1    1.9999966  -68.98285780
   2    1.9999718  -26.37946336
   3    1.9999720  -26.37946069
   4    1.9999748  -26.37945814
   5    1.9999744  -26.37944021
   6    1.9984742  -6.27868537
   7    1.9977498  -4.39207795
   8    1.9975270  -4.39137396
   9    1.9969054  -4.39019165
  10    1.9869030  -1.65061911
  11    1.9868856  -1.65009885
  12    1.9856486  -1.63682895
  13    1.9867629  -1.63670216
  14    1.9750072  -0.89018408
  15    1.9738864  -0.82749313
  16    1.9736318  -0.82164193
  17    1.9735625  -0.82047101
  18    1.9815517  -0.79289671
  19    1.9798566  -0.78290273
  20    1.9797112  -0.78247437
  21    1.9795067  -0.77419090
  22    1.9794068  -0.77035305
  23    1.9782395  -0.74898171
  24    1.9785303  -0.74633667
  25    1.9784455  -0.74605089
  26    0.0110712  -0.02146832
  27    0.0108663  -0.02116501
  28    0.0114002  -0.02190513
  29    0.0105455  -0.02079772
  30    0.0100106  -0.02021655
  31    0.0098958  -0.02021175
  32    0.0126235  -0.02291249
  33    0.0107313  -0.02065321
  34    0.0194179  -0.04182339
  35    0.0221886  -0.04538356
  36    0.0192153  -0.04155147
  37    0.0211688  -0.04420667
  38    0.0076732  -0.02317960
  39    0.0067846  -0.02251070
  40    0.0073990  -0.02299689
  41    0.0069307  -0.02284175
  42    0.0024397  -0.01878600
  43    0.0018411  -0.01145175
  44    0.0018679  -0.01161269
  45    0.0013317  -0.00986045
  46    0.0000064  -0.00023618
  47    0.0000066  -0.00023575
  48    0.0000059  -0.00019155
  49    0.0000065  -0.00022428
  50    0.0000023  -0.00018572
  51    0.0044543  -0.01137124
  52    0.0045871  -0.01183461
  53    0.0043080  -0.01025084
  54    0.0044560  -0.01225564
  55    0.0046585  -0.01313733
  56    0.0043995  -0.01224678
  57    0.0047507  -0.01110861
  58    0.0046731  -0.01300393
  59    0.0031191  -0.00890865
  60    0.0031140  -0.00884784
  61    0.0031356  -0.00919687
  62    0.0029349  -0.00914800
  63    0.0035067  -0.01050980
  64    0.0030826  -0.01131601
  65    0.0035577  -0.01201131
  66    0.0031099  -0.01056069
  67    0.0003871  -0.00560496
  68    0.0003989  -0.00600456
  69    0.0001458  -0.00279702
  70    0.0001074  -0.00141268
  71    0.0000044  -0.00011982
  72    0.0000043  -0.00009350
  73    0.0000043  -0.00010376
  74    0.0000041  -0.00011911
  75    0.0000002  -0.00004350
  76    0.0042640  -0.01008342
  77    0.0043153  -0.01033726
  78    0.0040904  -0.00985647
  79    0.0040389  -0.01037300
  80    0.0043221  -0.01065277
  81    0.0038293  -0.01002102
  82    0.0009494  -0.00358486
  83    0.0010804  -0.00459215
  84    0.0031072  -0.00914253
  85    0.0002600  -0.00105942
  86    0.0029864  -0.00910535
  87    0.0002478  -0.00103119
  88    0.0007615  -0.00373843
  89    0.0028180  -0.00991492
  90    0.0006656  -0.00432688
  91    0.0010530  -0.00611728
  92    0.0001188  -0.00104981
  93    0.0000659  -0.00147481
  94    0.0000991  -0.00174032
  95    0.0000130  -0.00038801
  96    0.0000036  -0.00009372
  97    0.0000039  -0.00009531
  98    0.0000041  -0.00010798
  99    0.0000040  -0.00009435
 100    0.0000002  -0.00003543
 101    0.0007636  -0.00291206
 102    0.0007216  -0.00279124
 103    0.0010921  -0.00467469
 104    0.0004916  -0.00175225
 105    0.0004437  -0.00153973
 106    0.0010510  -0.00446373
 107    0.0006755  -0.00338148
 108    0.0006554  -0.00374325
 109    0.0002365  -0.00099274
 110    0.0002534  -0.00102777
 111    0.0002398  -0.00102319
 112    0.0002433  -0.00100216
 113    0.0004793  -0.00318071
 114    0.0006384  -0.00407579
 115    0.0005193  -0.00358850
 116    0.0006487  -0.00367890
 117    0.0000584  -0.00097722
 118    0.0000656  -0.00113284
 119    0.0000474  -0.00097803
 120    0.0000111  -0.00017052
 121    0.0000026  -0.00005746
 122    0.0000033  -0.00008245
 123    0.0000040  -0.00010850
 124    0.0000030  -0.00006687
 125    0.0000002  -0.00000534
 126    0.0003173  -0.00122979
 127    0.0003321  -0.00125600
 128    0.0004276  -0.00155917
 129    0.0004135  -0.00159850
 130    0.0003905  -0.00145271
 131    0.0004944  -0.00190503
 132    0.0004206  -0.00154560
 133    0.0004700  -0.00172378
 134    0.0002260  -0.00098868
 135    0.0002354  -0.00099569
 136    0.0002309  -0.00098202
 137    0.0002203  -0.00097334
 138    0.0003338  -0.00137102
 139    0.0004242  -0.00197053
 140    0.0003532  -0.00148697
 141    0.0006055  -0.00404755
 142    0.0000291  -0.00031276
 143    0.0000390  -0.00113398
 144    0.0000252  -0.00025786
 145    0.0000110  -0.00017556
 146    0.0000020  -0.00004693
 147    0.0000022  -0.00004953
 148    0.0000031  -0.00007548
 149    0.0000027  -0.00006315
 150    0.0000001  -0.00000439
 151    0.0002853  -0.00110303
 152    0.0002908  -0.00108476
 153    0.0002811  -0.00106252
 154    0.0002878  -0.00109220
 155    0.0003138  -0.00116599
 156    0.0004330  -0.00163237
 157    0.0003268  -0.00116338
 158    0.0004121  -0.00144842
 159    0.0002196  -0.00096156
 160    0.0002062  -0.00095231
 161    0.0002171  -0.00094866
 162    0.0000886  -0.00036877
 163    0.0002936  -0.00120558
 164    0.0002664  -0.00116678
 165    0.0002683  -0.00116250
 166    0.0003481  -0.00142267
 167    0.0000141  -0.00015358
 168    0.0000137  -0.00014659
 169    0.0000152  -0.00017951
 170    0.0000105  -0.00018841
 171    0.0000018  -0.00003268
 172    0.0000018  -0.00003238
 173    0.0000028  -0.00006975
 174    0.0000025  -0.00005317
 175    0.0000001  -0.00000405
 176    0.0002723  -0.00105364
 177    0.0002694  -0.00104148
 178    0.0000955  -0.00041535
 179    0.0002725  -0.00104505
 180    0.0002963  -0.00113581
 181    0.0001165  -0.00054380
 182    0.0003046  -0.00113914
 183    0.0003317  -0.00120355
 184    0.0000661  -0.00031223
 185    0.0000643  -0.00030428
 186    0.0000424  -0.00016429
 187    0.0000419  -0.00021887
 188    0.0001176  -0.00061437
 189    0.0002648  -0.00115593
 190    0.0002465  -0.00114828
 191    0.0002768  -0.00121338
 192    0.0000124  -0.00013444
 193    0.0000125  -0.00013784
 194    0.0000127  -0.00014320
 195    0.0000103  -0.00016711
 196    0.0000015  -0.00003061
 197    0.0000009  -0.00001709
 198    0.0000013  -0.00002682
 199    0.0000021  -0.00004701
 200    0.0000001  -0.00000337
 201    0.0000798  -0.00039501
 202    0.0000389  -0.00017934
 203    0.0000300  -0.00018043
 204    0.0000417  -0.00020908
 205    0.0000213  -0.00016997
 206    0.0000314  -0.00018470
 207    0.0000496  -0.00026723
 208    0.0000543  -0.00028429
 209    0.0000152  -0.00011629
 210    0.0000158  -0.00012060
 211    0.0000159  -0.00012417
 212    0.0000161  -0.00012434
 213    0.0000287  -0.00020440
 214    0.0000310  -0.00019873
 215    0.0000527  -0.00029990
 216    0.0000799  -0.00045716
 217    0.0000118  -0.00013165
 218    0.0000125  -0.00013558
 219    0.0000125  -0.00013749
 220    0.0000103  -0.00014965
 221    0.0000015  -0.00002936
 222    0.0000009  -0.00002076
 223    0.0000011  -0.00002082
 224    0.0000015  -0.00003018
 225    0.0000001  -0.00000328
 226    0.0000240  -0.00016372
 227    0.0000277  -0.00017427
 228    0.0000182  -0.00013857
 229    0.0000249  -0.00017704
 230    0.0000184  -0.00014248
 231    0.0000193  -0.00014806
 232    0.0000216  -0.00015729
 233    0.0000200  -0.00015251
 234    0.0000151  -0.00011815
 235    0.0000154  -0.00011579
 236    0.0000153  -0.00011708
 237    0.0000156  -0.00011713
 238    0.0000216  -0.00017870
 239    0.0000220  -0.00018522
 240    0.0000277  -0.00019085
 241    0.0000237  -0.00018821
 242    0.0000115  -0.00012909
 243    0.0000120  -0.00013130
 244    0.0000123  -0.00018406
 245    0.0000103  -0.00014428
 246    0.0000012  -0.00002079
 247    0.0000009  -0.00001598
 248    0.0000010  -0.00002036
 249    0.0000013  -0.00002697
 250    0.0000001  -0.00000261
 251    0.0000228  -0.00016273
 252    0.0000204  -0.00015399
 253    0.0000176  -0.00012886
 254    0.0000208  -0.00016425
 255    0.0000179  -0.00013706
 256    0.0000186  -0.00013808
 257    0.0000211  -0.00015034
 258    0.0000200  -0.00015463
 259    0.0000149  -0.00011548
 260    0.0000152  -0.00011514
 261    0.0000149  -0.00011558
 262    0.0000155  -0.00011755
 263    0.0000210  -0.00017790
 264    0.0000196  -0.00017387
 265    0.0000243  -0.00019179
 266    0.0000208  -0.00016870
 267    0.0000115  -0.00012862
 268    0.0000120  -0.00012978
 269    0.0000122  -0.00014456
 270    0.0000102  -0.00031979
 271    0.0000007  -0.00001308
 272    0.0000005  -0.00005815
 273    0.0000004  -0.00005411
 274    0.0000006  -0.00002389
 275    0.0000001  -0.00000257
 
----------------
 Final Energies 
----------------
Final NOF Total Energy =    -688.7827227
 
Total Orbital Internal Iterations = 1010
Total Occupation Internal Iterations = 457
 
Elapsed time: 8799.63 Seconds

---------------------------------
   Lowdin Population Analysis    
---------------------------------
 Idx  Atom   Population   Charge 
---------------------------------
  1    Si    15.180      -1.180
  2     F     8.706       0.294
  3     F     8.706       0.294
  4     F     8.705       0.295
  5     F     8.704       0.296

---------------------------------
   M Diagnostic: 0.02
---------------------------------

Recovering execution output...
Moving from /scratch/pobleyef/284251 to /home-nas/pobleyef/Poison-NOF/ncwomax/P30-5/GNOFm/arina.284251
mkdir -p /home-nas/pobleyef/Poison-NOF/ncwomax/P30-5/GNOFm/arina.284251
mv /scratch/pobleyef/284251/* /home-nas/pobleyef/Poison-NOF/ncwomax/P30-5/GNOFm/arina.284251
