G2RC_20_34
/software/eb2024/easybuild/software/common/software/Julia/1.11.3-linux-x86_64/bin/julia
Job runing on nh032
Choosing scratch ...
Automatic scratch folder selection
/scratch/pobleyef/168479
/scratch/pobleyef/168479 directory
cp G2RC_20_34.jl G2RC_20_34.jld2 to  /scratch/pobleyef/168479/.
Computing Integrals
Elapsed time:    6.06 Seconds

Number of basis functions                   (NBF)    = 114
Number of auxiliary basis functions         (NBFAUX) = 154
Inactive Doubly occupied orbitals up to     (NO1)    = 0
No. considered Strongly Doubly occupied MOs (NDOC)   = 7
No. considered Strongly Singly occupied MOs (NSOC)   = 0
NO. of Weakly occ. per St. Doubly occ.  MOs (NCWO)   = 15
Dimension of the Nat. Orb. subspace         (NBF5)   = 112
No. of electrons                                     = 14
    No. of alpha electrons                           = 7
    No. of beta electrons                            = 7
Multiplicity                                         = 1

Geometry
========
 N       0.0000000       0.0000000      -0.5454291
 N       0.0000000       0.0000000       0.5454291

No violations of the orthonormality
No violations of the orthonormality
 
PNOF9/ADABelief Calculation
==================
 
  Nitext  Nit_orb  Time   Nit_occ  Time         Eelec          Etot           Ediff      maxdiff    MaxGrad_orb  Grad_occ
     1      10    2.9e+01   72    3.5e+01  -132.81832568  -109.04839047 -10131.81832568   0.003621   1.5e-02   1.7e-04 0.04
     2      20    2.7e+00   42    7.2e-01  -133.16987505  -109.39993985    -0.35154937   0.209259   8.4e-01   2.0e-04 0.03
     3      20    2.8e+00   41    7.0e-01  -133.18808423  -109.41814902    -0.01820917   0.255911   1.0e+00   1.6e-04 0.03
     4      20    2.7e+00   24    4.7e-01  -133.20186706  -109.43193186    -0.01378284   0.006113   2.4e-02   2.0e-04 0.03
     5      20    2.7e+00    0    2.3e-02  -133.20272396  -109.43278875    -0.00085689   0.006111   2.4e-02   2.0e-04 0.03
     6      40    5.3e+00   15    2.9e-01  -133.20603861  -109.43610341    -0.00331466   0.002852   1.1e-02   1.9e-04 0.03
     7      40    5.4e+00    6    2.1e-01  -133.20764557  -109.43771036    -0.00160696   0.003102   1.2e-02   2.0e-04 0.04
     8      40    5.4e+00   10    2.3e-01  -133.20870335  -109.43876815    -0.00105778   0.001992   8.0e-03   2.3e-04 0.04
     9      40    5.5e+00   13    3.9e-01  -133.20952298  -109.43958778    -0.00081963   0.002567   1.0e-02   1.7e-04 0.04
    10      40    5.2e+00   10    2.6e-01  -133.21022554  -109.44029033    -0.00070256   0.001751   7.0e-03   2.2e-04 0.04
    11      40    5.5e+00    4    1.1e-01  -133.21068984  -109.44075464    -0.00046430   0.002193   8.8e-03   2.2e-04 0.04
    12      40    5.5e+00    4    7.8e-02  -133.21105412  -109.44111891    -0.00036428   0.002092   8.4e-03   2.3e-04 0.04
    13      40    5.4e+00    9    1.9e-01  -133.21131492  -109.44137971    -0.00026080   0.002033   8.1e-03   2.4e-04 0.04
    14      40    5.2e+00    4    1.8e-01  -133.21152763  -109.44159243    -0.00021271   0.002373   9.5e-03   1.7e-04 0.04
    15      40    5.5e+00    3    6.2e-02  -133.21164841  -109.44171321    -0.00012078   0.001695   6.8e-03   1.8e-04 0.04
    16      40    5.0e+00    3    7.7e-02  -133.21169804  -109.44176284    -0.00004963   0.001991   8.0e-03   2.1e-04 0.04
    17      40    5.4e+00    3    6.3e-02  -133.21176334  -109.44182814    -0.00006530   0.002196   8.8e-03   2.3e-04 0.04
    18      40    5.4e+00    1    3.7e-02  -133.21178369  -109.44184849    -0.00002035   0.002048   8.2e-03   2.4e-04 0.04
    19      40    5.4e+00    6    1.9e-01  -133.21180765  -109.44187245    -0.00002396   0.001853   7.4e-03   2.2e-04 0.04
    20      40    5.5e+00    3    1.5e-01  -133.21183317  -109.44189796    -0.00002551   0.002039   8.2e-03   1.7e-04 0.04
    21      40    5.2e+00    1    3.8e-02  -133.21185908  -109.44192388    -0.00002592   0.001578   6.3e-03   1.8e-04 0.04
    22      40    5.4e+00    5    1.7e-01  -133.21186478  -109.44192957    -0.00000570   0.001637   6.5e-03   2.1e-04 0.04
    23      40    5.4e+00    0    2.8e-02  -133.21188221  -109.44194700    -0.00001743   0.002098   8.4e-03   2.4e-04 0.04
    24      50    6.6e+00    0    2.5e-02  -133.21190879  -109.44197359    -0.00002659   0.001547   6.2e-03   2.4e-04 0.04
    25      60    8.0e+00    6    1.2e-01  -133.21192845  -109.44199324    -0.00001965   0.001069   4.3e-03   1.8e-04 0.04
    26      60    8.2e+00    0    2.2e-02  -133.21196074  -109.44202554    -0.00003230   0.001155   4.6e-03   1.8e-04 0.04
    27      70    9.3e+00    1    3.8e-02  -133.21197509  -109.44203989    -0.00001435   0.001084   4.3e-03   2.0e-04 0.04
    28      70    9.4e+00    0    2.7e-02  -133.21197816  -109.44204296    -0.00000307   0.001107   4.4e-03   2.0e-04 0.04
    29      80    1.1e+01    0    2.6e-02  -133.21198136  -109.44204615    -0.00000320   0.000959   3.8e-03   1.9e-04 0.04
 
RESULTS OF THE OCCUPATION OPTIMIZATION
========================================
   1    1.9999440  -15.68370082
   2    1.9999427  -15.68050153
   3    1.9843446  -1.36291684
   4    1.9807463  -0.80339047
   5    1.9750804  -0.79292313
   6    1.9632525  -0.64795067
   7    1.9633982  -0.64729256
   8    0.0316839  -0.04636575
   9    0.0341916  -0.04788836
  10    0.0167445  -0.03243945
  11    0.0080217  -0.01805076
  12    0.0044924  -0.01413455
  13    0.0000352  -0.00093707
  14    0.0000409  -0.00116335
  15    0.0027818  -0.00565407
  16    0.0008458  -0.00202888
  17    0.0032521  -0.00759295
  18    0.0045661  -0.00941074
  19    0.0033370  -0.00776445
  20    0.0000052  -0.00006369
  21    0.0000048  -0.00008886
  22    0.0013223  -0.00346955
  23    0.0008415  -0.00202087
  24    0.0031281  -0.00737116
  25    0.0038325  -0.00770687
  26    0.0026650  -0.00601197
  27    0.0000049  -0.00010507
  28    0.0000014  -0.00003420
  29    0.0002266  -0.00068200
  30    0.0002169  -0.00059708
  31    0.0004216  -0.00128594
  32    0.0005880  -0.00182265
  33    0.0014567  -0.00428334
  34    0.0000023  -0.00006675
  35    0.0000014  -0.00003155
  36    0.0002042  -0.00061765
  37    0.0002168  -0.00059998
  38    0.0003681  -0.00121485
  39    0.0005807  -0.00179718
  40    0.0014019  -0.00479874
  41    0.0000020  -0.00003963
  42    0.0000013  -0.00002977
  43    0.0000967  -0.00032575
  44    0.0001773  -0.00050443
  45    0.0002416  -0.00077343
  46    0.0005474  -0.00370832
  47    0.0012884  -0.00622628
  48    0.0000017  -0.00003488
  49    0.0000011  -0.00002412
  50    0.0000851  -0.00030217
  51    0.0001329  -0.00039469
  52    0.0002094  -0.00064593
  53    0.0004841  -0.00142613
  54    0.0004355  -0.00360165
  55    0.0000011  -0.00002463
  56    0.0000009  -0.00002191
  57    0.0000816  -0.00033959
  58    0.0000253  -0.00010536
  59    0.0001228  -0.00040282
  60    0.0002223  -0.00109076
  61    0.0002496  -0.00084514
  62    0.0000010  -0.00002238
  63    0.0000009  -0.00001812
  64    0.0000464  -0.00021081
  65    0.0000214  -0.00010578
  66    0.0001074  -0.00037849
  67    0.0001574  -0.00048438
  68    0.0001050  -0.00041971
  69    0.0000008  -0.00001719
  70    0.0000007  -0.00001044
  71    0.0000161  -0.00006890
  72    0.0000192  -0.00009347
  73    0.0001059  -0.00038423
  74    0.0001230  -0.00042672
  75    0.0000986  -0.00040539
  76    0.0000007  -0.00001483
  77    0.0000005  -0.00003886
  78    0.0000139  -0.00006062
  79    0.0000167  -0.00007069
  80    0.0000960  -0.00040403
  81    0.0000331  -0.00016738
  82    0.0000316  -0.00019226
  83    0.0000006  -0.00000993
  84    0.0000005  -0.00000440
  85    0.0000124  -0.00005894
  86    0.0000131  -0.00007007
  87    0.0000522  -0.00023897
  88    0.0000299  -0.00013665
  89    0.0000281  -0.00015208
  90    0.0000006  -0.00005388
  91    0.0000004  -0.00000378
  92    0.0000118  -0.00005977
  93    0.0000112  -0.00006569
  94    0.0000312  -0.00012733
  95    0.0000260  -0.00011713
  96    0.0000255  -0.00013495
  97    0.0000005  -0.00000395
  98    0.0000004  -0.00000318
  99    0.0000116  -0.00005851
 100    0.0000109  -0.00005773
 101    0.0000254  -0.00011941
 102    0.0000237  -0.00011563
 103    0.0000229  -0.00012829
 104    0.0000004  -0.00000307
 105    0.0000004  -0.00000137
 106    0.0000073  -0.00004698
 107    0.0000068  -0.00004974
 108    0.0000131  -0.00007279
 109    0.0000179  -0.00010775
 110    0.0000172  -0.00008568
 111    0.0000004  -0.00000213
 112    0.0000003  -0.00000299
 
----------------
 Final Energies 
----------------
Final NOF Total Energy =    -109.4420462
 
Total Orbital Internal Iterations = 1200
Total Occupation Internal Iterations = 286
 
Elapsed time:  249.53 Seconds

---------------------------------
   Lowdin Population Analysis    
---------------------------------
 Idx  Atom   Population   Charge 
---------------------------------
  1     N     7.000       0.000
  2     N     7.000      -0.000

---------------------------------
   M Diagnostic: 0.04
---------------------------------

Recovering execution output...
Moving from /scratch/pobleyef/168479 to /home-nas/pobleyef/Poison-Set/ncwomax/P30-5/GNOFm/arina.168479
mkdir -p /home-nas/pobleyef/Poison-Set/ncwomax/P30-5/GNOFm/arina.168479
mv /scratch/pobleyef/168479/* /home-nas/pobleyef/Poison-Set/ncwomax/P30-5/GNOFm/arina.168479
