G2RC-34
/software/eb2024/easybuild/software/common/software/Julia/1.11.3-linux-x86_64/bin/julia
Job runing on na11
Choosing scratch ...
Automatic scratch folder selection
/scratch/pobleyef/284248
/scratch/pobleyef/284248 directory
cp G2RC-34.jl G2RC-34.jld2 to  /scratch/pobleyef/284248/.
Computing Integrals
Basis Set                                            = def2-qzvp
Auxiliary Basis Set                                  = def2-universal-jkfit
Gaussian Type                                        = Spherical
Elapsed time:    2.46 Seconds

Number of basis functions                   (NBF)    = 114
Number of auxiliary basis functions         (NBFAUX) = 154
Inactive Doubly occupied orbitals up to     (NO1)    = 0
No. considered Strongly Doubly occupied MOs (NDOC)   = 7
No. considered Strongly Singly occupied MOs (NSOC)   = 0
NO. of Weakly occ. per St. Doubly occ.  MOs (NCWO)   = 15
Dimension of the Nat. Orb. subspace         (NBF5)   = 112
No. of electrons                                     = 14
    No. of alpha electrons                           = 7
    No. of beta electrons                            = 7
Multiplicity                                         = 1

Geometry
========
 N       0.0000000       0.0000000      -0.5454291
 N       0.0000000       0.0000000       0.5454291

No violations of the orthonormality
No violations of the orthonormality
 
PNOF8/ADABelief Calculation
==================
 
  Nitext  Nit_orb  Time   Nit_occ  Time         Eelec          Etot           Ediff      maxdiff    MaxGrad_orb  Grad_occ
     1      10    2.8e+01   69    2.1e+01  -133.05293734  -109.28300213 -10132.05293734   0.023229   9.3e-02   2.0e-04 0.04
     2      20    2.3e+01   33    4.8e-01  -133.18409200  -109.41415679    -0.13115466   0.009877   4.0e-02   2.1e-04 0.04
     3      20    2.1e+01   18    2.5e-01  -133.19621209  -109.42627689    -0.01212010   0.110821   4.4e-01   2.1e-04 0.04
     4      20    2.1e+01   15    2.3e-01  -133.20117461  -109.43123941    -0.00496252   0.017996   7.2e-02   2.1e-04 0.04
     5      20    2.1e+01    6    1.8e-01  -133.20239096  -109.43245575    -0.00121634   0.016342   6.5e-02   2.7e-04 0.04
     6      20    2.2e+01   14    2.4e-01  -133.20354947  -109.43361426    -0.00115851   0.016272   6.5e-02   2.4e-04 0.04
     7      20    1.9e+01   16    2.4e-01  -133.20456161  -109.43462641    -0.00101215   0.018245   7.3e-02   2.2e-04 0.04
     8      20    2.1e+01    6    1.1e-01  -133.20522934  -109.43529414    -0.00066773   0.022903   9.2e-02   2.3e-04 0.04
     9      20    2.3e+01    8    1.4e-01  -133.20714770  -109.43721249    -0.00191835   0.018357   7.3e-02   2.2e-04 0.04
    10      20    2.1e+01    6    1.7e-01  -133.20754130  -109.43760610    -0.00039361   0.023121   9.2e-02   1.9e-04 0.04
    11      20    2.4e+01    6    1.3e-01  -133.20838818  -109.43845298    -0.00084688   0.019120   7.6e-02   2.3e-04 0.04
    12      20    2.3e+01    0    3.6e-02  -133.20843850  -109.43850330    -0.00005032   0.019120   7.6e-02   2.3e-04 0.04
    13      40    4.3e+01    6    1.1e-01  -133.20985088  -109.43991567    -0.00141238   0.002515   1.0e-02   1.8e-04 0.04
    14      40    4.4e+01    3    7.0e-02  -133.20994043  -109.44000523    -0.00008956   0.003136   1.3e-02   1.7e-04 0.04
    15      40    4.5e+01    0    1.9e-02  -133.21001069  -109.44007548    -0.00007026   0.002840   1.1e-02   2.3e-04 0.04
    16      50    5.4e+01    5    1.4e-01  -133.21008053  -109.44014533    -0.00006984   0.001980   7.9e-03   2.3e-04 0.04
    17      50    5.5e+01    1    4.0e-02  -133.21014289  -109.44020768    -0.00006235   0.001916   7.7e-03   1.9e-04 0.04
    18      50    5.0e+01    0    4.0e-02  -133.21017349  -109.44023829    -0.00003060   0.001673   6.7e-03   2.2e-04 0.04
    19      60    7.1e+01    5    1.3e-01  -133.21019832  -109.44026311    -0.00002482   0.001636   6.5e-03   1.4e-04 0.04
    20      60    6.7e+01    0    1.6e-02  -133.21024707  -109.44031186    -0.00004875   0.001384   5.5e-03   1.6e-04 0.04
    21      70    8.2e+01    6    9.9e-02  -133.21027706  -109.44034186    -0.00003000   0.000981   3.9e-03   1.0e-04 0.04
 
RESULTS OF THE OCCUPATION OPTIMIZATION
========================================
   1    1.9999448  -15.68658381
   2    1.9999429  -15.68337702
   3    1.9818968  -1.47155919
   4    1.9827390  -0.80595872
   5    1.9795038  -0.68591770
   6    1.9623428  -0.64908648
   7    1.9612704  -0.64783006
   8    0.0299237  -0.04438659
   9    0.0333950  -0.04736000
  10    0.0087697  -0.01858488
  11    0.0061992  -0.01450455
  12    0.0134549  -0.03140831
  13    0.0000415  -0.00114242
  14    0.0000359  -0.00099917
  15    0.0033907  -0.00703254
  16    0.0036485  -0.00734524
  17    0.0051931  -0.01017043
  18    0.0036200  -0.00743488
  19    0.0026214  -0.00721291
  20    0.0000038  -0.00009938
  21    0.0000058  -0.00006672
  22    0.0026795  -0.00547112
  23    0.0002217  -0.00061032
  24    0.0018194  -0.00441973
  25    0.0016627  -0.00463475
  26    0.0005000  -0.00427894
  27    0.0000032  -0.00006288
  28    0.0000040  -0.00010470
  29    0.0025866  -0.00529039
  30    0.0002209  -0.00060921
  31    0.0017905  -0.00438660
  32    0.0014055  -0.00609117
  33    0.0004559  -0.00158146
  34    0.0000030  -0.00004446
  35    0.0000037  -0.00005128
  36    0.0000227  -0.00011203
  37    0.0000243  -0.00012152
  38    0.0005929  -0.00181444
  39    0.0011565  -0.00255964
  40    0.0002090  -0.00073767
  41    0.0000028  -0.00004383
  42    0.0000025  -0.00004281
  43    0.0000215  -0.00010340
  44    0.0000214  -0.00010502
  45    0.0005898  -0.00187233
  46    0.0011546  -0.00256247
  47    0.0002045  -0.00072224
  48    0.0000006  -0.00001922
  49    0.0000007  -0.00002328
  50    0.0000191  -0.00009601
  51    0.0000195  -0.00009328
  52    0.0003845  -0.00158688
  53    0.0006161  -0.00339163
  54    0.0001433  -0.00050941
  55    0.0000005  -0.00001806
  56    0.0000006  -0.00002006
  57    0.0000134  -0.00007442
  58    0.0000172  -0.00008930
  59    0.0002935  -0.00086193
  60    0.0005088  -0.00159603
  61    0.0001021  -0.00039245
  62    0.0000004  -0.00001975
  63    0.0000005  -0.00004628
  64    0.0000123  -0.00006239
  65    0.0000153  -0.00007790
  66    0.0002912  -0.00086054
  67    0.0002905  -0.00082428
  68    0.0001007  -0.00039092
  69    0.0000003  -0.00003000
  70    0.0000003  -0.00001066
  71    0.0000123  -0.00006292
  72    0.0000143  -0.00007921
  73    0.0002300  -0.00107287
  74    0.0001666  -0.00046524
  75    0.0000939  -0.00038766
  76    0.0000003  -0.00000967
  77    0.0000003  -0.00000991
  78    0.0000106  -0.00005760
  79    0.0000131  -0.00006781
  80    0.0001756  -0.00052334
  81    0.0001532  -0.00046731
  82    0.0000875  -0.00040615
  83    0.0000002  -0.00000588
  84    0.0000002  -0.00000361
  85    0.0000100  -0.00005462
  86    0.0000129  -0.00006203
  87    0.0001244  -0.00049440
  88    0.0001167  -0.00041578
  89    0.0000483  -0.00024546
  90    0.0000002  -0.00000237
  91    0.0000002  -0.00000391
  92    0.0000097  -0.00005274
  93    0.0000116  -0.00005890
  94    0.0001114  -0.00038211
  95    0.0001084  -0.00040796
  96    0.0000293  -0.00017655
  97    0.0000002  -0.00000200
  98    0.0000002  -0.00000214
  99    0.0000093  -0.00005274
 100    0.0000111  -0.00005876
 101    0.0001012  -0.00036780
 102    0.0000622  -0.00024853
 103    0.0000270  -0.00013812
 104    0.0000001  -0.00000173
 105    0.0000001  -0.00000141
 106    0.0000083  -0.00004595
 107    0.0000105  -0.00005808
 108    0.0000290  -0.00012775
 109    0.0000401  -0.00019587
 110    0.0000253  -0.00013939
 111    0.0000001  -0.00000055
 112    0.0000001  -0.00000067
 
----------------
 Final Energies 
----------------
Final NOF Total Energy =    -109.4403419
 
Total Orbital Internal Iterations = 690
Total Occupation Internal Iterations = 223
 
Elapsed time:  816.30 Seconds

---------------------------------
   Lowdin Population Analysis    
---------------------------------
 Idx  Atom   Population   Charge 
---------------------------------
  1     N     7.000      -0.000
  2     N     7.000       0.000

---------------------------------
   M Diagnostic: 0.04
---------------------------------

Recovering execution output...
Moving from /scratch/pobleyef/284248 to /home-nas/pobleyef/Poison-NOF/ncwomax/P30-5/GNOFm/arina.284248
mkdir -p /home-nas/pobleyef/Poison-NOF/ncwomax/P30-5/GNOFm/arina.284248
mv /scratch/pobleyef/284248/* /home-nas/pobleyef/Poison-NOF/ncwomax/P30-5/GNOFm/arina.284248
