G2RC_10_61
/software/eb2024/easybuild/software/common/software/Julia/1.11.3-linux-x86_64/bin/julia
Job runing on nh028
Choosing scratch ...
Automatic scratch folder selection
/scratch/pobleyef/168473
/scratch/pobleyef/168473 directory
cp G2RC_10_61.jl G2RC_10_61.jld2 to  /scratch/pobleyef/168473/.
Computing Integrals
Elapsed time:    7.30 Seconds

Number of basis functions                   (NBF)    = 285
Number of auxiliary basis functions         (NBFAUX) = 383
Inactive Doubly occupied orbitals up to     (NO1)    = 0
No. considered Strongly Doubly occupied MOs (NDOC)   = 21
No. considered Strongly Singly occupied MOs (NSOC)   = 0
NO. of Weakly occ. per St. Doubly occ.  MOs (NCWO)   = 12
Dimension of the Nat. Orb. subspace         (NBF5)   = 273
No. of electrons                                     = 42
    No. of alpha electrons                           = 21
    No. of beta electrons                            = 21
Multiplicity                                         = 1

Geometry
========
 C       0.0000000       0.0000000       0.0000000
 F       0.7665641      -0.7665641       0.7665641
 F      -0.7665641       0.7665641       0.7665641
 F      -0.7665641      -0.7665641      -0.7665641
 F       0.7665641       0.7665641      -0.7665641

No violations of the orthonormality
No violations of the orthonormality
 
PNOF9/ADABelief Calculation
==================
 
  Nitext  Nit_orb  Time   Nit_occ  Time         Eelec          Etot           Ediff      maxdiff    MaxGrad_orb  Grad_occ
     1      10    3.1e+01   78    4.5e+01  -640.71526898  -436.01087164 -10639.71526898   0.004675   1.7e-02   3.3e-04 0.03
     2      20    6.7e+00   46    4.9e+00  -641.70114022  -436.99674288    -0.98587124   0.653422   2.6e+00   2.9e-04 0.03
     3      20    6.6e+00   33    3.8e+00  -641.85775195  -437.15335461    -0.15661173   0.279389   1.1e+00   2.7e-04 0.03
     4      20    6.6e+00   37    4.2e+00  -641.91368542  -437.20928808    -0.05593347   0.147703   5.9e-01   2.0e-04 0.03
     5      20    6.4e+00   22    2.7e+00  -641.91955037  -437.21515303    -0.00586494   0.161463   6.5e-01   2.3e-04 0.03
     6      20    6.5e+00   14    1.8e+00  -641.93310325  -437.22870592    -0.01355289   0.027903   1.1e-01   3.2e-04 0.03
     7      20    6.3e+00   13    1.7e+00  -641.94174943  -437.23735209    -0.00864617   0.024605   9.8e-02   3.1e-04 0.03
     8      20    6.5e+00   19    2.5e+00  -641.94822860  -437.24383127    -0.00647918   0.026239   1.0e-01   2.6e-04 0.03
     9      20    6.5e+00    0    3.5e-01  -641.94851835  -437.24412102    -0.00028975   0.026239   1.0e-01   2.6e-04 0.03
    10      40    1.2e+01   13    1.7e+00  -641.96544670  -437.26104936    -0.01692835   0.006853   2.7e-02   2.3e-04 0.03
    11      40    1.2e+01   13    1.9e+00  -641.96622290  -437.26182556    -0.00077620   0.006919   2.8e-02   2.8e-04 0.03
    12      40    1.3e+01   15    2.0e+00  -641.96733813  -437.26294079    -0.00111523   0.004719   1.9e-02   2.6e-04 0.03
    13      40    1.2e+01   15    2.1e+00  -641.96797564  -437.26357830    -0.00063751   0.005828   2.3e-02   2.6e-04 0.03
    14      40    1.3e+01    6    1.0e+00  -641.96850796  -437.26411062    -0.00053231   0.004894   2.0e-02   2.8e-04 0.03
    15      40    1.3e+01    6    9.4e-01  -641.96886942  -437.26447209    -0.00036147   0.006213   2.5e-02   3.1e-04 0.03
    16      40    1.3e+01    6    9.3e-01  -641.96920585  -437.26480852    -0.00033643   0.004608   1.8e-02   3.0e-04 0.03
    17      40    1.2e+01    9    1.3e+00  -641.96945457  -437.26505723    -0.00024872   0.005681   2.3e-02   2.1e-04 0.03
    18      40    1.3e+01    3    6.6e-01  -641.96965998  -437.26526264    -0.00020541   0.004242   1.7e-02   2.0e-04 0.03
    19      40    1.3e+01    3    5.9e-01  -641.96979790  -437.26540056    -0.00013792   0.004245   1.7e-02   2.6e-04 0.03
    20      40    1.2e+01    6    9.5e-01  -641.96995543  -437.26555809    -0.00015753   0.004256   1.7e-02   3.2e-04 0.03
    21      40    1.3e+01    7    1.1e+00  -641.97007700  -437.26567966    -0.00012157   0.003692   1.5e-02   2.8e-04 0.03
    22      40    1.2e+01    3    6.9e-01  -641.97018951  -437.26579218    -0.00011251   0.004876   2.0e-02   2.1e-04 0.03
    23      40    1.3e+01    7    1.1e+00  -641.97028669  -437.26588936    -0.00009718   0.004415   1.8e-02   2.2e-04 0.03
    24      40    1.3e+01    3    7.0e-01  -641.97039368  -437.26599634    -0.00010699   0.003747   1.5e-02   2.0e-04 0.03
    25      40    1.3e+01    0    3.4e-01  -641.97043559  -437.26603825    -0.00004191   0.004104   1.6e-02   2.9e-04 0.03
    26      50    1.6e+01    7    9.9e-01  -641.97069077  -437.26629343    -0.00025518   0.003733   1.5e-02   1.9e-04 0.03
    27      50    1.6e+01    0    3.5e-01  -641.97072362  -437.26632628    -0.00003285   0.003519   1.4e-02   2.2e-04 0.03
    28      60    1.9e+01    0    3.1e-01  -641.97085708  -437.26645974    -0.00013346   0.002920   1.2e-02   2.6e-04 0.03
    29      70    2.2e+01    1    4.3e-01  -641.97091581  -437.26651847    -0.00005873   0.002975   1.2e-02   2.9e-04 0.03
    30      70    2.2e+01    0    3.4e-01  -641.97091683  -437.26651949    -0.00000102   0.002975   1.2e-02   2.9e-04 0.03
    31      71    2.2e+01    0    3.5e-01  -641.97105786  -437.26666053    -0.00014104   0.000495   2.0e-03   2.5e-04 0.03
 
RESULTS OF THE OCCUPATION OPTIMIZATION
========================================
   1    1.9999790  -26.41262043
   2    1.9999799  -26.41258057
   3    1.9999778  -26.41257230
   4    1.9999788  -26.41251025
   5    1.9998825  -11.59205834
   6    1.9875271  -1.75824150
   7    1.9875304  -1.70560047
   8    1.9872142  -1.68772866
   9    1.9870977  -1.67237429
  10    1.9715699  -0.88084816
  11    1.9832112  -0.87326483
  12    1.9708587  -0.86702399
  13    1.9831487  -0.85390188
  14    1.9703786  -0.85347398
  15    1.9831129  -0.85205831
  16    1.9700234  -0.84955230
  17    1.9799447  -0.84465743
  18    1.9798555  -0.82395583
  19    1.9796739  -0.80825434
  20    1.9796111  -0.78345308
  21    1.9777518  -0.76769394
  22    0.0091158  -0.01931894
  23    0.0101765  -0.02023105
  24    0.0101697  -0.02031309
  25    0.0102883  -0.02044719
  26    0.0100729  -0.02029724
  27    0.0265274  -0.05190088
  28    0.0092639  -0.02294921
  29    0.0260114  -0.05108211
  30    0.0092973  -0.02294641
  31    0.0279946  -0.05349717
  32    0.0094230  -0.02284494
  33    0.0262240  -0.05109536
  34    0.0073004  -0.02251608
  35    0.0056384  -0.01573879
  36    0.0055201  -0.01557931
  37    0.0053431  -0.01546148
  38    0.0000462  -0.00124504
  39    0.0000095  -0.00038612
  40    0.0000092  -0.00038479
  41    0.0000083  -0.00024819
  42    0.0000095  -0.00038457
  43    0.0039960  -0.00988012
  44    0.0042523  -0.01006031
  45    0.0042117  -0.00984615
  46    0.0041901  -0.00998238
  47    0.0041741  -0.00988987
  48    0.0026869  -0.00789773
  49    0.0043324  -0.01017546
  50    0.0028452  -0.00825937
  51    0.0043545  -0.01018973
  52    0.0002298  -0.00097183
  53    0.0041746  -0.01007429
  54    0.0015797  -0.00555716
  55    0.0033414  -0.00986643
  56    0.0032509  -0.00968252
  57    0.0031324  -0.00944835
  58    0.0031554  -0.00953511
  59    0.0000135  -0.00040505
  60    0.0000032  -0.00006165
  61    0.0000034  -0.00006372
  62    0.0000030  -0.00005461
  63    0.0000028  -0.00005366
  64    0.0038698  -0.00977577
  65    0.0040720  -0.00991187
  66    0.0041290  -0.00994210
  67    0.0040308  -0.00990184
  68    0.0040468  -0.00979850
  69    0.0002217  -0.00093836
  70    0.0009374  -0.00338122
  71    0.0002213  -0.00094507
  72    0.0009409  -0.00348471
  73    0.0002272  -0.00095230
  74    0.0009228  -0.00325004
  75    0.0002142  -0.00092510
  76    0.0008555  -0.00624281
  77    0.0021856  -0.00804318
  78    0.0021166  -0.00804491
  79    0.0021246  -0.00825602
  80    0.0000077  -0.00011339
  81    0.0000019  -0.00005769
  82    0.0000021  -0.00004716
  83    0.0000020  -0.00004782
  84    0.0000018  -0.00006436
  85    0.0038676  -0.00979076
  86    0.0005200  -0.00200704
  87    0.0006637  -0.00234988
  88    0.0005206  -0.00197157
  89    0.0006599  -0.00237068
  90    0.0002083  -0.00088537
  91    0.0008859  -0.00318596
  92    0.0002101  -0.00090819
  93    0.0008797  -0.00325304
  94    0.0002094  -0.00089846
  95    0.0006942  -0.00244867
  96    0.0001995  -0.00089350
  97    0.0004631  -0.00228578
  98    0.0006686  -0.00579606
  99    0.0006472  -0.00612554
 100    0.0006490  -0.00598856
 101    0.0000073  -0.00011203
 102    0.0000014  -0.00003266
 103    0.0000017  -0.00003801
 104    0.0000018  -0.00004450
 105    0.0000016  -0.00003691
 106    0.0005060  -0.00180745
 107    0.0004885  -0.00180376
 108    0.0003488  -0.00137106
 109    0.0003919  -0.00155051
 110    0.0003419  -0.00136131
 111    0.0001310  -0.00059216
 112    0.0006709  -0.00227511
 113    0.0001587  -0.00077332
 114    0.0005980  -0.00262515
 115    0.0001998  -0.00088293
 116    0.0006451  -0.00258195
 117    0.0000732  -0.00034674
 118    0.0003882  -0.00211539
 119    0.0005596  -0.00354898
 120    0.0002857  -0.00139940
 121    0.0003037  -0.00134750
 122    0.0000073  -0.00011131
 123    0.0000011  -0.00002532
 124    0.0000012  -0.00003040
 125    0.0000011  -0.00002596
 126    0.0000012  -0.00002981
 127    0.0003391  -0.00138362
 128    0.0003642  -0.00144871
 129    0.0002996  -0.00115164
 130    0.0003055  -0.00114227
 131    0.0003186  -0.00126088
 132    0.0001147  -0.00055265
 133    0.0003284  -0.00128982
 134    0.0000756  -0.00034463
 135    0.0003204  -0.00121893
 136    0.0001919  -0.00086616
 137    0.0003407  -0.00134143
 138    0.0000535  -0.00024504
 139    0.0002573  -0.00113843
 140    0.0002732  -0.00125136
 141    0.0002710  -0.00123188
 142    0.0002827  -0.00137712
 143    0.0000070  -0.00010898
 144    0.0000010  -0.00002432
 145    0.0000010  -0.00002400
 146    0.0000008  -0.00002179
 147    0.0000010  -0.00002371
 148    0.0002418  -0.00099221
 149    0.0002883  -0.00110223
 150    0.0002731  -0.00112749
 151    0.0002803  -0.00108652
 152    0.0002798  -0.00111411
 153    0.0000201  -0.00012995
 154    0.0003175  -0.00123048
 155    0.0000292  -0.00016919
 156    0.0003099  -0.00118687
 157    0.0000207  -0.00012899
 158    0.0003242  -0.00126541
 159    0.0000181  -0.00012273
 160    0.0001543  -0.00088425
 161    0.0000829  -0.00137106
 162    0.0002608  -0.00119256
 163    0.0002553  -0.00128565
 164    0.0000064  -0.00010361
 165    0.0000008  -0.00001531
 166    0.0000009  -0.00002315
 167    0.0000007  -0.00001380
 168    0.0000009  -0.00001725
 169    0.0002371  -0.00098530
 170    0.0001216  -0.00059788
 171    0.0001404  -0.00066245
 172    0.0000523  -0.00028845
 173    0.0000806  -0.00039314
 174    0.0000146  -0.00011351
 175    0.0000569  -0.00034528
 176    0.0000164  -0.00011578
 177    0.0000537  -0.00029955
 178    0.0000141  -0.00011297
 179    0.0001268  -0.00063147
 180    0.0000143  -0.00011518
 181    0.0000492  -0.00032640
 182    0.0000491  -0.00030207
 183    0.0000914  -0.00119229
 184    0.0001931  -0.00107101
 185    0.0000055  -0.00008519
 186    0.0000007  -0.00001486
 187    0.0000007  -0.00001403
 188    0.0000005  -0.00000919
 189    0.0000007  -0.00001491
 190    0.0000225  -0.00014975
 191    0.0000358  -0.00020762
 192    0.0000364  -0.00020913
 193    0.0000326  -0.00020466
 194    0.0000245  -0.00015762
 195    0.0000134  -0.00011011
 196    0.0000360  -0.00021475
 197    0.0000139  -0.00011229
 198    0.0000342  -0.00020607
 199    0.0000140  -0.00011272
 200    0.0000525  -0.00031514
 201    0.0000138  -0.00011451
 202    0.0000373  -0.00022689
 203    0.0000212  -0.00018023
 204    0.0000826  -0.00136317
 205    0.0001038  -0.00168349
 206    0.0000054  -0.00008493
 207    0.0000005  -0.00000774
 208    0.0000006  -0.00001432
 209    0.0000005  -0.00001444
 210    0.0000005  -0.00001014
 211    0.0000186  -0.00013666
 212    0.0000342  -0.00020469
 213    0.0000190  -0.00014212
 214    0.0000177  -0.00013292
 215    0.0000203  -0.00014866
 216    0.0000131  -0.00011254
 217    0.0000208  -0.00016483
 218    0.0000137  -0.00011115
 219    0.0000223  -0.00017529
 220    0.0000135  -0.00011218
 221    0.0000386  -0.00022637
 222    0.0000135  -0.00011218
 223    0.0000205  -0.00017245
 224    0.0000200  -0.00016553
 225    0.0000231  -0.00018935
 226    0.0000231  -0.00019471
 227    0.0000045  -0.00007943
 228    0.0000004  -0.00000666
 229    0.0000006  -0.00001787
 230    0.0000005  -0.00000794
 231    0.0000005  -0.00000929
 232    0.0000170  -0.00012578
 233    0.0000178  -0.00013134
 234    0.0000176  -0.00013378
 235    0.0000174  -0.00013101
 236    0.0000186  -0.00014053
 237    0.0000128  -0.00010903
 238    0.0000191  -0.00015011
 239    0.0000132  -0.00011013
 240    0.0000214  -0.00016012
 241    0.0000133  -0.00011085
 242    0.0000245  -0.00018513
 243    0.0000133  -0.00011198
 244    0.0000179  -0.00014621
 245    0.0000186  -0.00014888
 246    0.0000194  -0.00015978
 247    0.0000198  -0.00017283
 248    0.0000037  -0.00006563
 249    0.0000004  -0.00004452
 250    0.0000005  -0.00003498
 251    0.0000004  -0.00002384
 252    0.0000004  -0.00001947
 253    0.0000169  -0.00012758
 254    0.0000177  -0.00013096
 255    0.0000171  -0.00013005
 256    0.0000170  -0.00013111
 257    0.0000171  -0.00013278
 258    0.0000127  -0.00010916
 259    0.0000178  -0.00013665
 260    0.0000129  -0.00010990
 261    0.0000191  -0.00014794
 262    0.0000131  -0.00011103
 263    0.0000219  -0.00016936
 264    0.0000130  -0.00011037
 265    0.0000173  -0.00014192
 266    0.0000178  -0.00014219
 267    0.0000191  -0.00015448
 268    0.0000194  -0.00016291
 269    0.0000030  -0.00005461
 270    0.0000003  -0.00001811
 271    0.0000004  -0.00001047
 272    0.0000004  -0.00004595
 273    0.0000003  -0.00002357
 
----------------
 Final Energies 
----------------
Final NOF Total Energy =    -437.2666605
 
Total Orbital Internal Iterations = 1181
Total Occupation Internal Iterations = 385
 
Elapsed time:  533.81 Seconds

---------------------------------
   Lowdin Population Analysis    
---------------------------------
 Idx  Atom   Population   Charge 
---------------------------------
  1     C     7.518      -1.518
  2     F     8.622       0.378
  3     F     8.621       0.379
  4     F     8.620       0.380
  5     F     8.619       0.381

---------------------------------
   M Diagnostic: 0.03
---------------------------------

Recovering execution output...
Moving from /scratch/pobleyef/168473 to /home-nas/pobleyef/Poison-Set/ncwomax/P30-5/GNOFm/arina.168473
mkdir -p /home-nas/pobleyef/Poison-Set/ncwomax/P30-5/GNOFm/arina.168473
mv /scratch/pobleyef/168473/* /home-nas/pobleyef/Poison-Set/ncwomax/P30-5/GNOFm/arina.168473
