G2RC_10_66
/software/eb2024/easybuild/software/common/software/Julia/1.11.3-linux-x86_64/bin/julia
Job runing on nh043
Choosing scratch ...
Automatic scratch folder selection
/scratch/pobleyef/168475
/scratch/pobleyef/168475 directory
cp G2RC_10_66.jl G2RC_10_66.jld2 to  /scratch/pobleyef/168475/.
Computing Integrals
Elapsed time:    7.41 Seconds

Number of basis functions                   (NBF)    = 298
Number of auxiliary basis functions         (NBFAUX) = 436
Inactive Doubly occupied orbitals up to     (NO1)    = 0
No. considered Strongly Doubly occupied MOs (NDOC)   = 25
No. considered Strongly Singly occupied MOs (NSOC)   = 0
NO. of Weakly occ. per St. Doubly occ.  MOs (NCWO)   = 10
Dimension of the Nat. Orb. subspace         (NBF5)   = 275
No. of electrons                                     = 50
    No. of alpha electrons                           = 25
    No. of beta electrons                            = 25
Multiplicity                                         = 1

Geometry
========
Si       0.0000000       0.0000000       0.0000000
 F       0.9102019      -0.9102019       0.9102019
 F      -0.9102019       0.9102019       0.9102019
 F      -0.9102019      -0.9102019      -0.9102019
 F       0.9102019       0.9102019      -0.9102019

No violations of the orthonormality
No violations of the orthonormality
 
PNOF9/ADABelief Calculation
==================
 
  Nitext  Nit_orb  Time   Nit_occ  Time         Eelec          Etot           Ediff      maxdiff    MaxGrad_orb  Grad_occ
     1      10    3.2e+01   73    4.4e+01  -956.38006201  -687.30921243 -10955.38006201   0.002885   1.4e-02   3.1e-04 0.02
     2      20    7.7e+00    0    4.2e-01  -957.48582706  -688.41497748    -1.10576505   0.003382   1.4e-02   3.1e-04 0.02
     3      40    1.6e+01   63    6.8e+00  -957.63013046  -688.55928087    -0.14430340   0.238805   9.6e-01   2.2e-04 0.02
     4      40    1.5e+01   32    3.5e+00  -957.77138445  -688.70053486    -0.14125399   0.064229   2.6e-01   3.3e-04 0.02
     5      40    1.5e+01   24    2.9e+00  -957.81157166  -688.74072208    -0.04018721   0.009932   4.0e-02   3.0e-04 0.02
     6      40    1.5e+01   20    2.5e+00  -957.82660458  -688.75575499    -0.01503292   0.007822   3.1e-02   2.9e-04 0.02
     7      40    1.5e+01   22    2.7e+00  -957.83461080  -688.76376122    -0.00800623   0.007236   2.9e-02   2.9e-04 0.02
     8      40    1.4e+01   20    2.5e+00  -957.83950227  -688.76865269    -0.00489146   0.007444   3.0e-02   2.8e-04 0.02
     9      40    1.5e+01   13    1.8e+00  -957.84288547  -688.77203589    -0.00338320   0.005938   2.4e-02   2.6e-04 0.02
    10      40    1.5e+01   17    2.1e+00  -957.84510033  -688.77425075    -0.00221486   0.005987   2.4e-02   3.4e-04 0.02
    11      40    1.5e+01   17    2.2e+00  -957.84682493  -688.77597535    -0.00172460   0.004583   1.8e-02   3.5e-04 0.02
    12      40    1.5e+01   21    2.5e+00  -957.84805578  -688.77720619    -0.00123085   0.005328   2.1e-02   2.8e-04 0.02
    13      40    1.5e+01    9    1.3e+00  -957.84899942  -688.77814984    -0.00094365   0.005420   2.2e-02   2.9e-04 0.02
    14      40    1.5e+01   22    2.6e+00  -957.84954733  -688.77869775    -0.00054791   0.005157   2.1e-02   2.6e-04 0.02
    15      40    1.5e+01    9    1.3e+00  -957.85010458  -688.77925499    -0.00055725   0.006000   2.4e-02   2.2e-04 0.02
    16      40    1.5e+01   14    1.8e+00  -957.85035032  -688.77950073    -0.00024574   0.005181   2.1e-02   2.7e-04 0.02
    17      40    1.5e+01    4    7.8e-01  -957.85064193  -688.77979234    -0.00029161   0.007152   2.9e-02   2.9e-04 0.02
    18      40    1.5e+01    7    1.1e+00  -957.85085669  -688.78000711    -0.00021477   0.004869   1.9e-02   2.7e-04 0.02
    19      40    1.5e+01    8    1.2e+00  -957.85094213  -688.78009254    -0.00008544   0.005232   2.1e-02   3.1e-04 0.02
    20      40    1.5e+01    8    1.2e+00  -957.85112338  -688.78027379    -0.00018125   0.005009   2.0e-02   2.9e-04 0.02
    21      40    1.5e+01    3    6.5e-01  -957.85122602  -688.78037643    -0.00010264   0.005240   2.1e-02   2.5e-04 0.02
    22      40    1.4e+01    3    7.1e-01  -957.85128596  -688.78043638    -0.00005995   0.004935   2.0e-02   2.9e-04 0.02
    23      40    1.4e+01   11    1.5e+00  -957.85135814  -688.78050855    -0.00007217   0.005017   2.0e-02   2.2e-04 0.02
    24      40    1.4e+01   11    1.5e+00  -957.85147147  -688.78062189    -0.00011333   0.005323   2.1e-02   1.9e-04 0.02
    25      40    1.5e+01    1    4.4e-01  -957.85156539  -688.78071581    -0.00009392   0.005348   2.1e-02   2.7e-04 0.02
    26      40    1.4e+01    0    3.3e-01  -957.85156632  -688.78071674    -0.00000093   0.005348   2.1e-02   2.7e-04 0.02
    27      58    2.1e+01    0    3.8e-01  -957.85216649  -688.78131690    -0.00060016   0.000485   1.9e-03   2.8e-04 0.02
 
RESULTS OF THE OCCUPATION OPTIMIZATION
========================================
   1    1.9999962  -68.98297845
   2    1.9999744  -26.37939658
   3    1.9999756  -26.37938115
   4    1.9999728  -26.37937474
   5    1.9999684  -26.37936737
   6    1.9984543  -6.27710723
   7    1.9976828  -4.39170891
   8    1.9975505  -4.39124675
   9    1.9966776  -4.39091737
  10    1.9869767  -1.65459214
  11    1.9870018  -1.64013182
  12    1.9855417  -1.63638729
  13    1.9854506  -1.63541716
  14    1.9745988  -0.85112985
  15    1.9743246  -0.84373127
  16    1.9740067  -0.82258743
  17    1.9735389  -0.81804070
  18    1.9805281  -0.79740275
  19    1.9802240  -0.79151526
  20    1.9802203  -0.78215315
  21    1.9810109  -0.77902360
  22    1.9793918  -0.76913198
  23    1.9792409  -0.75777188
  24    1.9782769  -0.75153819
  25    1.9782310  -0.74666370
  26    0.0111526  -0.02158597
  27    0.0113617  -0.02179463
  28    0.0099195  -0.02015946
  29    0.0101937  -0.02039834
  30    0.0109295  -0.02103450
  31    0.0124174  -0.02263826
  32    0.0094045  -0.01935243
  33    0.0119241  -0.02233551
  34    0.0222424  -0.04554109
  35    0.0194691  -0.04178315
  36    0.0189769  -0.04123687
  37    0.0214526  -0.04439834
  38    0.0068134  -0.02249641
  39    0.0069888  -0.02268340
  40    0.0073814  -0.02286669
  41    0.0074919  -0.02295224
  42    0.0027118  -0.02312274
  43    0.0018504  -0.01151541
  44    0.0018656  -0.01166249
  45    0.0013430  -0.00998761
  46    0.0000057  -0.00023496
  47    0.0000063  -0.00022363
  48    0.0000064  -0.00026562
  49    0.0000059  -0.00025329
  50    0.0000023  -0.00019594
  51    0.0043081  -0.01031015
  52    0.0044113  -0.01102683
  53    0.0043816  -0.01142844
  54    0.0042339  -0.01129126
  55    0.0047579  -0.01238069
  56    0.0046448  -0.01092108
  57    0.0044290  -0.01205107
  58    0.0048434  -0.01284957
  59    0.0031401  -0.00883667
  60    0.0031329  -0.00912886
  61    0.0031413  -0.00914000
  62    0.0028974  -0.00908305
  63    0.0032777  -0.01097957
  64    0.0032583  -0.01081747
  65    0.0034482  -0.01116054
  66    0.0034187  -0.01039311
  67    0.0003454  -0.00455417
  68    0.0003116  -0.00502396
  69    0.0001545  -0.00320896
  70    0.0000825  -0.00142262
  71    0.0000043  -0.00009467
  72    0.0000042  -0.00009829
  73    0.0000043  -0.00010170
  74    0.0000043  -0.00011802
  75    0.0000003  -0.00004672
  76    0.0040831  -0.00982971
  77    0.0041960  -0.01010992
  78    0.0041930  -0.01002262
  79    0.0042160  -0.01064930
  80    0.0011575  -0.00572357
  81    0.0010549  -0.00438686
  82    0.0040639  -0.01084516
  83    0.0011100  -0.00447265
  84    0.0002621  -0.00107545
  85    0.0027642  -0.00893671
  86    0.0027756  -0.00903813
  87    0.0002649  -0.00110855
  88    0.0030712  -0.01032702
  89    0.0031754  -0.01062188
  90    0.0006331  -0.00527070
  91    0.0007381  -0.00475795
  92    0.0001020  -0.00103479
  93    0.0001220  -0.00117213
  94    0.0001281  -0.00110496
  95    0.0000449  -0.00073211
  96    0.0000042  -0.00010907
  97    0.0000039  -0.00009558
  98    0.0000026  -0.00005516
  99    0.0000039  -0.00009111
 100    0.0000002  -0.00004520
 101    0.0010404  -0.00413675
 102    0.0006944  -0.00271380
 103    0.0009086  -0.00345939
 104    0.0007601  -0.00293488
 105    0.0008503  -0.00327248
 106    0.0006717  -0.00364369
 107    0.0007127  -0.00285754
 108    0.0004636  -0.00160101
 109    0.0002494  -0.00102193
 110    0.0002223  -0.00094764
 111    0.0002466  -0.00103851
 112    0.0002506  -0.00102075
 113    0.0004511  -0.00255736
 114    0.0003428  -0.00146773
 115    0.0005259  -0.00401014
 116    0.0006357  -0.00477783
 117    0.0000591  -0.00098937
 118    0.0000629  -0.00122155
 119    0.0000678  -0.00151122
 120    0.0000141  -0.00029181
 121    0.0000034  -0.00007990
 122    0.0000038  -0.00012634
 123    0.0000024  -0.00005060
 124    0.0000034  -0.00008610
 125    0.0000002  -0.00003034
 126    0.0004234  -0.00156434
 127    0.0004105  -0.00152858
 128    0.0005947  -0.00300605
 129    0.0005267  -0.00204167
 130    0.0005512  -0.00221476
 131    0.0004603  -0.00163188
 132    0.0005994  -0.00275013
 133    0.0004202  -0.00158601
 134    0.0002422  -0.00102885
 135    0.0002216  -0.00096234
 136    0.0002282  -0.00098087
 137    0.0002411  -0.00102620
 138    0.0003217  -0.00139706
 139    0.0002542  -0.00110590
 140    0.0003483  -0.00144148
 141    0.0003169  -0.00132527
 142    0.0000350  -0.00033987
 143    0.0000361  -0.00079181
 144    0.0000367  -0.00083890
 145    0.0000110  -0.00041393
 146    0.0000031  -0.00007585
 147    0.0000026  -0.00005501
 148    0.0000023  -0.00004951
 149    0.0000018  -0.00003365
 150    0.0000002  -0.00002627
 151    0.0004092  -0.00156644
 152    0.0002926  -0.00110548
 153    0.0004175  -0.00150114
 154    0.0003181  -0.00119486
 155    0.0003382  -0.00123221
 156    0.0003173  -0.00114498
 157    0.0003712  -0.00133035
 158    0.0003168  -0.00116892
 159    0.0002381  -0.00098510
 160    0.0000826  -0.00034716
 161    0.0002161  -0.00094989
 162    0.0002187  -0.00095620
 163    0.0002464  -0.00110099
 164    0.0002499  -0.00110679
 165    0.0002746  -0.00116065
 166    0.0002802  -0.00117724
 167    0.0000236  -0.00022675
 168    0.0000170  -0.00020422
 169    0.0000146  -0.00015431
 170    0.0000106  -0.00019727
 171    0.0000029  -0.00006535
 172    0.0000023  -0.00004671
 173    0.0000018  -0.00003380
 174    0.0000017  -0.00003347
 175    0.0000001  -0.00000434
 176    0.0002980  -0.00111068
 177    0.0002844  -0.00107578
 178    0.0002869  -0.00111774
 179    0.0002723  -0.00105140
 180    0.0003143  -0.00115637
 181    0.0001445  -0.00072909
 182    0.0001292  -0.00060638
 183    0.0003107  -0.00114766
 184    0.0000398  -0.00014961
 185    0.0000429  -0.00018232
 186    0.0000441  -0.00019860
 187    0.0000298  -0.00018012
 188    0.0002441  -0.00109881
 189    0.0000972  -0.00052033
 190    0.0002565  -0.00113606
 191    0.0000739  -0.00041115
 192    0.0000115  -0.00012975
 193    0.0000125  -0.00013446
 194    0.0000127  -0.00013699
 195    0.0000101  -0.00013441
 196    0.0000029  -0.00006398
 197    0.0000017  -0.00003122
 198    0.0000016  -0.00003061
 199    0.0000015  -0.00002884
 200    0.0000001  -0.00000426
 201    0.0000200  -0.00014922
 202    0.0000333  -0.00020520
 203    0.0000214  -0.00016190
 204    0.0000457  -0.00021411
 205    0.0000490  -0.00026815
 206    0.0000312  -0.00019035
 207    0.0000264  -0.00017456
 208    0.0000386  -0.00021361
 209    0.0000157  -0.00011982
 210    0.0000276  -0.00016455
 211    0.0000157  -0.00011985
 212    0.0000156  -0.00012032
 213    0.0000812  -0.00042290
 214    0.0000496  -0.00029131
 215    0.0000780  -0.00042410
 216    0.0000260  -0.00018708
 217    0.0000114  -0.00012930
 218    0.0000125  -0.00013472
 219    0.0000124  -0.00013349
 220    0.0000099  -0.00021568
 221    0.0000027  -0.00006385
 222    0.0000010  -0.00001799
 223    0.0000012  -0.00001882
 224    0.0000013  -0.00002150
 225    0.0000001  -0.00000408
 226    0.0000173  -0.00012768
 227    0.0000199  -0.00014726
 228    0.0000186  -0.00014426
 229    0.0000228  -0.00016844
 230    0.0000208  -0.00015354
 231    0.0000190  -0.00013481
 232    0.0000204  -0.00015663
 233    0.0000254  -0.00017682
 234    0.0000156  -0.00012117
 235    0.0000151  -0.00011563
 236    0.0000156  -0.00012056
 237    0.0000153  -0.00011832
 238    0.0000219  -0.00018010
 239    0.0000222  -0.00018408
 240    0.0000308  -0.00020364
 241    0.0000221  -0.00018293
 242    0.0000113  -0.00012827
 243    0.0000123  -0.00013508
 244    0.0000124  -0.00013399
 245    0.0000098  -0.00012661
 246    0.0000014  -0.00002921
 247    0.0000009  -0.00001292
 248    0.0000011  -0.00002471
 249    0.0000012  -0.00002061
 250    0.0000001  -0.00000339
 251    0.0000168  -0.00012499
 252    0.0000191  -0.00014266
 253    0.0000173  -0.00012965
 254    0.0000190  -0.00014338
 255    0.0000205  -0.00015024
 256    0.0000185  -0.00013302
 257    0.0000194  -0.00014401
 258    0.0000192  -0.00013966
 259    0.0000156  -0.00011947
 260    0.0000150  -0.00011513
 261    0.0000153  -0.00011697
 262    0.0000153  -0.00011731
 263    0.0000207  -0.00017418
 264    0.0000199  -0.00016977
 265    0.0000215  -0.00017762
 266    0.0000196  -0.00015611
 267    0.0000113  -0.00012782
 268    0.0000123  -0.00013724
 269    0.0000123  -0.00013409
 270    0.0000097  -0.00012606
 271    0.0000010  -0.00001777
 272    0.0000007  -0.00002702
 273    0.0000009  -0.00001381
 274    0.0000006  -0.00003537
 275    0.0000001  -0.00000334
 
----------------
 Final Energies 
----------------
Final NOF Total Energy =    -688.7813169
 
Total Orbital Internal Iterations = 1048
Total Occupation Internal Iterations = 432
 
Elapsed time:  553.89 Seconds

---------------------------------
   Lowdin Population Analysis    
---------------------------------
 Idx  Atom   Population   Charge 
---------------------------------
  1    Si    15.180      -1.180
  2     F     8.706       0.294
  3     F     8.703       0.297
  4     F     8.704       0.296
  5     F     8.706       0.294

---------------------------------
   M Diagnostic: 0.02
---------------------------------

Recovering execution output...
Moving from /scratch/pobleyef/168475 to /home-nas/pobleyef/Poison-Set/ncwomax/P30-5/GNOFm/arina.168475
mkdir -p /home-nas/pobleyef/Poison-Set/ncwomax/P30-5/GNOFm/arina.168475
mv /scratch/pobleyef/168475/* /home-nas/pobleyef/Poison-Set/ncwomax/P30-5/GNOFm/arina.168475
