G2RC-13
/software/eb2024/easybuild/software/common/software/Julia/1.11.3-linux-x86_64/bin/julia
Job runing on na11
Choosing scratch ...
Automatic scratch folder selection
/scratch/pobleyef/284246
/scratch/pobleyef/284246 directory
cp G2RC-13.jl G2RC-13.jld2 to  /scratch/pobleyef/284246/.
Computing Integrals
Basis Set                                            = def2-qzvp
Auxiliary Basis Set                                  = def2-universal-jkfit
Gaussian Type                                        = Spherical
Elapsed time:    3.03 Seconds

Number of basis functions                   (NBF)    = 117
Number of auxiliary basis functions         (NBFAUX) = 113
Inactive Doubly occupied orbitals up to     (NO1)    = 0
No. considered Strongly Doubly occupied MOs (NDOC)   = 5
No. considered Strongly Singly occupied MOs (NSOC)   = 0
NO. of Weakly occ. per St. Doubly occ.  MOs (NCWO)   = 22
Dimension of the Nat. Orb. subspace         (NBF5)   = 115
No. of electrons                                     = 10
    No. of alpha electrons                           = 5
    No. of beta electrons                            = 5
Multiplicity                                         = 1

Geometry
========
 O       0.0000000       0.0000000      -0.3906056
 H      -0.7620804       0.0000000       0.1953028
 H       0.7620804       0.0000000       0.1953028

No violations of the orthonormality
No violations of the orthonormality
 
PNOF8/ADABelief Calculation
==================
 
  Nitext  Nit_orb  Time   Nit_occ  Time         Eelec          Etot           Ediff      maxdiff    MaxGrad_orb  Grad_occ
     1      10    2.8e+01   28    2.4e+01   -85.47368382   -76.31861442 -10084.47368382   0.021883   8.8e-02   2.0e-04 0.03
     2      20    3.0e+01   15    3.9e-01   -85.50854694   -76.35347753    -0.03486311   0.013008   5.2e-02   2.3e-04 0.03
     3      20    2.4e+01   16    3.1e-01   -85.51757864   -76.36250923    -0.00903170   0.017399   7.0e-02   2.2e-04 0.02
     4      20    2.3e+01   11    2.5e-01   -85.52286555   -76.36779614    -0.00528691   0.023062   9.2e-02   2.1e-04 0.02
     5      20    2.3e+01   16    3.1e-01   -85.52720783   -76.37213842    -0.00434228   0.018534   7.4e-02   1.8e-04 0.02
     6      20    2.2e+01    8    1.4e-01   -85.52918273   -76.37411333    -0.00197491   0.024678   9.9e-02   1.3e-04 0.02
     7      20    2.2e+01    8    1.8e-01   -85.53084438   -76.37577498    -0.00166165   0.013134   5.3e-02   1.7e-04 0.02
     8      20    2.3e+01   10    1.9e-01   -85.53105724   -76.37598784    -0.00021286   0.023869   9.5e-02   1.5e-04 0.02
     9      20    2.3e+01    5    1.6e-01   -85.53150621   -76.37643680    -0.00044896   0.014502   5.8e-02   1.4e-04 0.02
    10      20    2.2e+01    5    1.9e-01   -85.53172042   -76.37665101    -0.00021421   0.016447   6.6e-02   1.7e-04 0.02
    11      20    2.4e+01    0    2.8e-02   -85.53175112   -76.37668172    -0.00003070   0.016447   6.6e-02   1.7e-04 0.02
    12      40    4.7e+01    5    1.6e-01   -85.53251893   -76.37744953    -0.00076782   0.002617   1.0e-02   1.4e-04 0.02
    13      40    4.5e+01    0    3.0e-02   -85.53261221   -76.37754281    -0.00009328   0.002906   1.2e-02   2.2e-04 0.02
    14      50    5.6e+01    5    1.4e-01   -85.53268038   -76.37761097    -0.00006816   0.001783   7.1e-03   1.4e-04 0.02
    15      50    5.6e+01    0    4.4e-02   -85.53274536   -76.37767596    -0.00006498   0.002019   8.1e-03   2.0e-04 0.02
    16      60    6.7e+01    5    1.6e-01   -85.53277970   -76.37771030    -0.00003434   0.001159   4.6e-03   1.2e-04 0.02
    17      60    6.8e+01    0    7.8e-02   -85.53282006   -76.37775066    -0.00004036   0.000943   3.8e-03   1.6e-04 0.02
 
RESULTS OF THE OCCUPATION OPTIMIZATION
========================================
   1    1.9999678  -20.59537017
   2    1.9866090  -1.33155786
   3    1.9713135  -0.71908690
   4    1.9714063  -0.71764013
   5    1.9778185  -0.55075144
   6    0.0124005  -0.01950195
   7    0.0199251  -0.03050211
   8    0.0199936  -0.03053211
   9    0.0082581  -0.02001070
  10    0.0000269  -0.00097007
  11    0.0055707  -0.01027266
  12    0.0039711  -0.00820550
  13    0.0039992  -0.00819481
  14    0.0012658  -0.00528324
  15    0.0000028  -0.00006146
  16    0.0013052  -0.00375470
  17    0.0039586  -0.00816499
  18    0.0039211  -0.00815269
  19    0.0008831  -0.00297061
  20    0.0000015  -0.00000775
  21    0.0006637  -0.00301962
  22    0.0003216  -0.00096673
  23    0.0004186  -0.00114936
  24    0.0007426  -0.00213748
  25    0.0000005  -0.00003664
  26    0.0006587  -0.00178597
  27    0.0001003  -0.00040059
  28    0.0000745  -0.00029521
  29    0.0005234  -0.00284200
  30    0.0000000  -0.00000430
  31    0.0004884  -0.00137669
  32    0.0000753  -0.00028444
  33    0.0000584  -0.00021059
  34    0.0004835  -0.00150746
  35    0.0000000  -0.00000087
  36    0.0003359  -0.00096594
  37    0.0000708  -0.00028153
  38    0.0000488  -0.00017519
  39    0.0003192  -0.00112733
  40    0.0000000  -0.00000083
  41    0.0003156  -0.00091749
  42    0.0000380  -0.00015650
  43    0.0000349  -0.00017531
  44    0.0002844  -0.00107831
  45    0.0000000  -0.00000077
  46    0.0001528  -0.00090957
  47    0.0000344  -0.00015564
  48    0.0000326  -0.00013836
  49    0.0002811  -0.00095057
  50    0.0000000  -0.00000072
  51    0.0001207  -0.00041580
  52    0.0000311  -0.00014393
  53    0.0000286  -0.00013977
  54    0.0001685  -0.00066179
  55    0.0000000  -0.00000071
  56    0.0000326  -0.00014533
  57    0.0000166  -0.00009315
  58    0.0000210  -0.00010563
  59    0.0000469  -0.00023007
  60    0.0000000  -0.00000064
  61    0.0000274  -0.00014299
  62    0.0000120  -0.00005397
  63    0.0000121  -0.00006155
  64    0.0000229  -0.00013012
  65    0.0000000  -0.00000054
  66    0.0000215  -0.00010707
  67    0.0000084  -0.00003863
  68    0.0000110  -0.00005362
  69    0.0000202  -0.00011024
  70    0.0000000  -0.00000056
  71    0.0000196  -0.00010255
  72    0.0000075  -0.00003251
  73    0.0000071  -0.00003319
  74    0.0000193  -0.00011303
  75    0.0000000  -0.00000048
  76    0.0000148  -0.00007171
  77    0.0000055  -0.00001866
  78    0.0000059  -0.00001276
  79    0.0000167  -0.00010564
  80    0.0000000  -0.00000043
  81    0.0000131  -0.00006383
  82    0.0000042  -0.00001142
  83    0.0000045  -0.00001578
  84    0.0000144  -0.00008013
  85    0.0000000  -0.00000042
  86    0.0000112  -0.00005119
  87    0.0000032  -0.00000590
  88    0.0000040  -0.00001067
  89    0.0000116  -0.00006687
  90    0.0000000  -0.00000052
  91    0.0000090  -0.00004501
  92    0.0000025  -0.00000568
  93    0.0000025  -0.00000461
  94    0.0000105  -0.00006023
  95    0.0000000  -0.00000036
  96    0.0000070  -0.00003431
  97    0.0000024  -0.00000420
  98    0.0000025  -0.00000537
  99    0.0000079  -0.00004688
 100    0.0000000  -0.00000037
 101    0.0000054  -0.00003509
 102    0.0000020  -0.00000344
 103    0.0000020  -0.00000386
 104    0.0000041  -0.00002211
 105    0.0000000  -0.00000038
 106    0.0000043  -0.00001779
 107    0.0000017  -0.00000295
 108    0.0000017  -0.00000290
 109    0.0000036  -0.00002153
 110    0.0000000  -0.00000033
 111    0.0000032  -0.00000980
 112    0.0000014  -0.00000213
 113    0.0000016  -0.00000182
 114    0.0000032  -0.00001458
 115    0.0000000  -0.00000031
 
----------------
 Final Energies 
----------------
Final NOF Total Energy =     -76.3777507
 
Total Orbital Internal Iterations = 510
Total Occupation Internal Iterations = 137
 
Elapsed time:  644.59 Seconds

---------------------------------
   Lowdin Population Analysis    
---------------------------------
 Idx  Atom   Population   Charge 
---------------------------------
  1     O     7.351       0.649
  2     H     1.324      -0.324
  3     H     1.324      -0.324

---------------------------------
   M Diagnostic: 0.02
---------------------------------

Recovering execution output...
Moving from /scratch/pobleyef/284246 to /home-nas/pobleyef/Poison-NOF/ncwomax/P30-5/GNOFm/arina.284246
mkdir -p /home-nas/pobleyef/Poison-NOF/ncwomax/P30-5/GNOFm/arina.284246
mv /scratch/pobleyef/284246/* /home-nas/pobleyef/Poison-NOF/ncwomax/P30-5/GNOFm/arina.284246
