SIE4x4_7_he2+_1.75
/software/eb2024/easybuild/software/common/software/Julia/1.11.3-linux-x86_64/bin/julia
Job runing on nh030
Choosing scratch ...
Automatic scratch folder selection
/scratch/pobleyef/168494
/scratch/pobleyef/168494 directory
cp SIE4x4_7_he2+_1.75.jl SIE4x4_7_he2+_1.75.jld2 to  /scratch/pobleyef/168494/.
Computing Integrals
Elapsed time:    5.78 Seconds

Number of basis functions                   (NBF)    = 60
Number of auxiliary basis functions         (NBFAUX) = 46
Inactive Doubly occupied orbitals up to     (NO1)    = 0
No. considered Strongly Doubly occupied MOs (NDOC)   = 1
No. considered Strongly Singly occupied MOs (NSOC)   = 1
NO. of Weakly occ. per St. Doubly occ.  MOs (NCWO)   = 58
Dimension of the Nat. Orb. subspace         (NBF5)   = 60
No. of electrons                                     = 3
    No. of alpha electrons                           = 2
    No. of beta electrons                            = 1
Multiplicity                                         = 2

Geometry
========
He       0.0000000       0.0000000      -0.9399283
He       0.0000000       0.0000000       0.9399283

No violations of the orthonormality
No violations of the orthonormality
 
PNOF9/ADABelief Calculation
==================
 
  Nitext  Nit_orb  Time   Nit_occ  Time         Eelec          Etot           Ediff      maxdiff    MaxGrad_orb  Grad_occ
     1      10    2.8e+01   20    3.3e+01    -5.99979200    -4.87379943 -10004.99979200   0.011082   4.4e-02   2.4e-04 0.03
     2      10    9.8e-02   15    5.6e-02    -6.06025337    -4.93426079    -0.06046136   0.018066   7.2e-02   2.1e-04 0.03
     3      10    2.5e-02    8    3.4e-02    -6.06382871    -4.93783614    -0.00357535   0.014379   5.8e-02   1.2e-04 0.03
     4      10    3.0e-02    7    2.4e-02    -6.06445260    -4.93846002    -0.00062388   0.020320   8.1e-02   1.0e-04 0.03
     5      10    2.5e-02    0    4.2e-03    -6.06455364    -4.93856107    -0.00010105   0.020320   8.1e-02   1.0e-04 0.03
     6      18    4.2e-02    1    1.0e-02    -6.06564643    -4.93965386    -0.00109279   0.000337   1.3e-03   1.1e-04 0.03
 
RESULTS OF THE OCCUPATION OPTIMIZATION
========================================
   1    1.9631106  -1.42299527
   2    1.0000000  -0.82202966
   3    0.0175282  -0.01331975
   4    0.0037015  -0.00397362
   5    0.0031266  -0.00333282
   6    0.0027791  -0.00295218
   7    0.0027644  -0.00294827
   8    0.0021580  -0.00253608
   9    0.0021358  -0.00252885
  10    0.0015055  -0.00214457
  11    0.0002061  -0.00045919
  12    0.0001480  -0.00026558
  13    0.0001023  -0.00029138
  14    0.0000876  -0.00024958
  15    0.0000868  -0.00024890
  16    0.0000719  -0.00020398
  17    0.0000714  -0.00020297
  18    0.0000420  -0.00013647
  19    0.0000325  -0.00010964
  20    0.0000307  -0.00009979
  21    0.0000306  -0.00010014
  22    0.0000300  -0.00009834
  23    0.0000291  -0.00009713
  24    0.0000288  -0.00009698
  25    0.0000274  -0.00009648
  26    0.0000271  -0.00009624
  27    0.0000270  -0.00009744
  28    0.0000249  -0.00009965
  29    0.0000228  -0.00006767
  30    0.0000208  -0.00006677
  31    0.0000043  -0.00003923
  32    0.0000043  -0.00003933
  33    0.0000043  -0.00004068
  34    0.0000040  -0.00003641
  35    0.0000040  -0.00003634
  36    0.0000030  -0.00002722
  37    0.0000015  -0.00001855
  38    0.0000015  -0.00001833
  39    0.0000015  -0.00001826
  40    0.0000014  -0.00001754
  41    0.0000014  -0.00001748
  42    0.0000014  -0.00001737
  43    0.0000014  -0.00001720
  44    0.0000014  -0.00001716
  45    0.0000014  -0.00001657
  46    0.0000014  -0.00001511
  47    0.0000003  0.00000341
  48    0.0000003  0.00000338
  49    0.0000003  0.00000336
  50    0.0000003  0.00000336
  51    0.0000003  0.00000337
  52    0.0000003  0.00000334
  53    0.0000003  0.00000337
  54    0.0000003  0.00000334
  55    0.0000003  0.00000334
  56    0.0000003  0.00000334
  57    0.0000003  0.00000331
  58    0.0000003  0.00000331
  59    0.0000003  0.00000331
  60    0.0000003  0.00000331
 
----------------
 Final Energies 
----------------
Final NOF Total Energy =      -4.9396539
 
Total Orbital Internal Iterations = 68
Total Occupation Internal Iterations = 51
 
Elapsed time:   79.39 Seconds

---------------------------------
   Lowdin Population Analysis    
---------------------------------
 Idx  Atom   Population   Charge 
---------------------------------
  1    He     1.492       0.508
  2    He     1.508       0.492

---------------------------------
   M Diagnostic: 0.03
---------------------------------

Recovering execution output...
Moving from /scratch/pobleyef/168494 to /home-nas/pobleyef/Poison-Set/ncwomax/P30-5/GNOFm/arina.168494
mkdir -p /home-nas/pobleyef/Poison-Set/ncwomax/P30-5/GNOFm/arina.168494
mv /scratch/pobleyef/168494/* /home-nas/pobleyef/Poison-Set/ncwomax/P30-5/GNOFm/arina.168494
