W4-11-bn
/software/eb2024/easybuild/software/common/software/Julia/1.11.3-linux-x86_64/bin/julia
Job runing on nagpu02
Choosing scratch ...
Automatic scratch folder selection
/scratch/pobleyef/284267
/scratch/pobleyef/284267 directory
cp W4-11-bn.jl W4-11-bn.jld2 to  /scratch/pobleyef/284267/.
Computing Integrals
Basis Set                                            = def2-qzvp
Auxiliary Basis Set                                  = def2-universal-jkfit
Gaussian Type                                        = Spherical
Elapsed time:    2.20 Seconds

Number of basis functions                   (NBF)    = 114
Number of auxiliary basis functions         (NBFAUX) = 152
Inactive Doubly occupied orbitals up to     (NO1)    = 0
No. considered Strongly Doubly occupied MOs (NDOC)   = 6
No. considered Strongly Singly occupied MOs (NSOC)   = 0
NO. of Weakly occ. per St. Doubly occ.  MOs (NCWO)   = 18
Dimension of the Nat. Orb. subspace         (NBF5)   = 114
No. of electrons                                     = 12
    No. of alpha electrons                           = 6
    No. of beta electrons                            = 6
Multiplicity                                         = 1

Geometry
========
 B       0.0000000       0.0000000      -0.7484170
 N       0.0000000       0.0000000       0.5345830

No violations of the orthonormality
No violations of the orthonormality
 
PNOF8/ADABelief Calculation
==================
 
  Nitext  Nit_orb  Time   Nit_occ  Time         Eelec          Etot           Ediff      maxdiff    MaxGrad_orb  Grad_occ
     1      10    2.4e+01   26    2.1e+01   -93.65722878   -79.22140306 -10092.65722878   0.024270   9.7e-02   2.2e-04 0.63
     2      20    1.6e+01   21    3.9e-01   -93.70878792   -79.27296220    -0.05155914   0.051313   2.1e-01   2.2e-04 0.66
     3      20    1.6e+01   24    3.5e-01   -93.72079540   -79.28496968    -0.01200748   0.012417   5.0e-02   1.6e-04 0.67
     4      20    1.6e+01   12    2.3e-01   -93.72535790   -79.28953218    -0.00456251   0.015818   6.3e-02   2.7e-04 0.69
     5      20    1.7e+01   22    3.7e-01   -93.72894916   -79.29312344    -0.00359126   0.012236   4.9e-02   2.1e-04 0.72
     6      20    1.6e+01   10    2.1e-01   -93.73029157   -79.29446585    -0.00134241   0.023093   9.2e-02   1.9e-04 0.74
     7      20    1.6e+01   15    2.4e-01   -93.73172838   -79.29590266    -0.00143681   0.021054   8.4e-02   2.0e-04 0.77
     8      20    1.7e+01    6    1.5e-01   -93.73279649   -79.29697077    -0.00106810   0.016523   6.6e-02   2.3e-04 0.79
     9      20    1.6e+01   14    2.3e-01   -93.73449171   -79.29866599    -0.00169522   0.017430   7.0e-02   2.3e-04 0.81
    10      20    1.7e+01    3    7.6e-02   -93.73591851   -79.30009279    -0.00142680   0.021293   8.5e-02   2.6e-04 0.84
    11      20    1.6e+01    0    2.8e-02   -93.73614576   -79.30032004    -0.00022725   0.021293   8.5e-02   2.6e-04 0.84
    12      40    3.3e+01    3    4.1e-02   -93.73933650   -79.30351078    -0.00319074   0.002023   8.1e-03   2.8e-04 0.87
    13      40    3.2e+01   10    1.9e-01   -93.74027762   -79.30445190    -0.00094112   0.004233   1.7e-02   2.3e-04 0.90
    14      40    3.2e+01   10    1.4e-01   -93.74107733   -79.30525161    -0.00079971   0.003613   1.4e-02   2.4e-04 0.92
    15      40    3.3e+01    3    6.1e-02   -93.74180662   -79.30598090    -0.00072929   0.003646   1.5e-02   2.6e-04 0.94
    16      40    3.2e+01   25    3.4e-01   -93.74237128   -79.30654556    -0.00056466   0.002756   1.1e-02   2.1e-04 0.95
    17      40    3.2e+01    5    1.4e-01   -93.74296280   -79.30713708    -0.00059152   0.002494   1.0e-02   1.3e-04 0.96
    18      40    3.3e+01    5    1.2e-01   -93.74327230   -79.30744658    -0.00030951   0.002662   1.1e-02   1.4e-04 0.96
    19      40    3.4e+01    4    8.3e-02   -93.74350968   -79.30768396    -0.00023738   0.002011   8.0e-03   1.8e-04 0.97
    20      40    3.3e+01    5    9.7e-02   -93.74365993   -79.30783421    -0.00015024   0.002391   9.6e-03   1.5e-04 0.97
    21      40    3.3e+01    5    1.6e-01   -93.74382100   -79.30799528    -0.00016107   0.001848   7.4e-03   1.6e-04 0.97
    22      40    3.3e+01    1    7.2e-02   -93.74392929   -79.30810357    -0.00010829   0.001966   7.9e-03   2.2e-04 0.98
    23      40    3.2e+01    5    1.2e-01   -93.74399410   -79.30816838    -0.00006481   0.002449   9.8e-03   1.9e-04 0.98
    24      40    3.4e+01    1    2.8e-02   -93.74408603   -79.30826031    -0.00009193   0.002169   8.7e-03   1.8e-04 0.98
    25      40    3.2e+01    5    1.6e-01   -93.74411753   -79.30829181    -0.00003150   0.002243   9.0e-03   2.2e-04 0.99
    26      40    3.4e+01    1    5.7e-02   -93.74419423   -79.30836851    -0.00007670   0.002458   9.8e-03   1.7e-04 0.99
    27      40    3.2e+01    1    5.8e-02   -93.74422230   -79.30839658    -0.00002807   0.002245   9.0e-03   2.2e-04 0.99
    28      40    3.2e+01    6    1.4e-01   -93.74424663   -79.30842091    -0.00002433   0.002257   9.0e-03   1.5e-04 0.99
    29      40    3.2e+01    1    1.2e-01   -93.74427451   -79.30844879    -0.00002788   0.003143   1.3e-02   1.8e-04 0.99
    30      40    3.2e+01    3    6.1e-02   -93.74430162   -79.30847590    -0.00002711   0.002699   1.1e-02   1.5e-04 0.99
    31      40    3.3e+01    1    1.1e-01   -93.74431000   -79.30848428    -0.00000838   0.002881   1.2e-02   1.6e-04 1.00
    32      40    3.3e+01    3    8.9e-02   -93.74432119   -79.30849547    -0.00001119   0.002543   1.0e-02   1.4e-04 0.99
    33      40    3.4e+01    1    7.4e-02   -93.74433297   -79.30850725    -0.00001177   0.002616   1.0e-02   1.4e-04 1.00
    34      40    3.4e+01    1    4.7e-02   -93.74433711   -79.30851139    -0.00000414   0.002501   1.0e-02   1.8e-04 0.99
    35      40    3.3e+01    0    2.3e-02   -93.74433756   -79.30851184    -0.00000045   0.002501   1.0e-02   1.8e-04 0.99
    36      32    2.6e+01    3    7.3e-02   -93.74438645   -79.30856073    -0.00004889   0.000481   1.9e-03   1.8e-04 1.00
 
RESULTS OF THE OCCUPATION OPTIMIZATION
========================================
   1    1.9999365  -15.59440938
   2    1.9997205  -7.69216920
   3    1.9752628  -1.02793960
   4    1.9704514  -0.65836699
   5    1.9567248  -0.46908549
   6    1.0047780  -0.27224074
   7    0.9951359  -0.26976334
   8    0.0343596  -0.03475197
   9    0.0139362  -0.02290552
  10    0.0086925  -0.01405978
  11    0.0002149  -0.00295487
  12    0.0000509  -0.00143569
  13    0.0000328  -0.00002883
  14    0.0033572  -0.00492411
  15    0.0047575  -0.00898133
  16    0.0062463  -0.01527859
  17    0.0000152  -0.00024253
  18    0.0000028  -0.00005126
  19    0.0000152  -0.00001697
  20    0.0031971  -0.00468531
  21    0.0029606  -0.00609429
  22    0.0028920  -0.00610166
  23    0.0000105  -0.00009945
  24    0.0000028  -0.00007082
  25    0.0000132  -0.00000661
  26    0.0008221  -0.00145945
  27    0.0028181  -0.00556369
  28    0.0023810  -0.00648300
  29    0.0000101  -0.00014494
  30    0.0000027  -0.00004374
  31    0.0000066  -0.00000952
  32    0.0003432  -0.00076972
  33    0.0018971  -0.00372413
  34    0.0010837  -0.00343946
  35    0.0000091  -0.00008052
  36    0.0000023  -0.00006190
  37    0.0000035  -0.00000650
  38    0.0002457  -0.00052824
  39    0.0012005  -0.00258663
  40    0.0010170  -0.00382101
  41    0.0000040  -0.00007981
  42    0.0000005  -0.00001980
  43    0.0000023  -0.00000418
  44    0.0002362  -0.00053945
  45    0.0005547  -0.00135144
  46    0.0005362  -0.00238177
  47    0.0000031  -0.00005565
  48    0.0000004  -0.00001871
  49    0.0000021  -0.00000406
  50    0.0002107  -0.00048715
  51    0.0005501  -0.00178707
  52    0.0003991  -0.00115660
  53    0.0000021  -0.00003614
  54    0.0000002  -0.00000609
  55    0.0000017  -0.00000327
  56    0.0001391  -0.00033580
  57    0.0003052  -0.00080667
  58    0.0003254  -0.00089061
  59    0.0000019  -0.00003269
  60    0.0000002  -0.00000405
  61    0.0000015  -0.00000292
  62    0.0000880  -0.00018836
  63    0.0001387  -0.00042221
  64    0.0002831  -0.00081800
  65    0.0000015  -0.00003397
  66    0.0000001  -0.00000350
  67    0.0000014  -0.00000156
  68    0.0000692  -0.00019300
  69    0.0001184  -0.00035129
  70    0.0001887  -0.00055506
  71    0.0000015  -0.00004898
  72    0.0000001  -0.00000311
  73    0.0000011  -0.00000128
  74    0.0000582  -0.00015077
  75    0.0000708  -0.00020770
  76    0.0001885  -0.00055775
  77    0.0000011  -0.00002420
  78    0.0000001  -0.00000263
  79    0.0000010  -0.00000094
  80    0.0000540  -0.00013038
  81    0.0000702  -0.00020011
  82    0.0001851  -0.00054191
  83    0.0000010  -0.00001703
  84    0.0000001  -0.00000214
  85    0.0000010  -0.00000042
  86    0.0000250  -0.00007844
  87    0.0000515  -0.00016187
  88    0.0001823  -0.00053726
  89    0.0000008  -0.00001571
  90    0.0000001  -0.00000156
  91    0.0000009  -0.00000031
  92    0.0000210  -0.00007614
  93    0.0000484  -0.00016056
  94    0.0000499  -0.00018290
  95    0.0000008  -0.00001417
  96    0.0000001  -0.00000139
  97    0.0000008  -0.00000026
  98    0.0000188  -0.00007095
  99    0.0000293  -0.00014488
 100    0.0000450  -0.00017822
 101    0.0000007  -0.00001206
 102    0.0000001  -0.00000129
 103    0.0000006  -0.00000024
 104    0.0000154  -0.00005972
 105    0.0000212  -0.00009688
 106    0.0000210  -0.00009958
 107    0.0000006  -0.00001036
 108    0.0000001  -0.00000081
 109    0.0000005  -0.00000007
 110    0.0000148  -0.00005966
 111    0.0000199  -0.00008561
 112    0.0000204  -0.00009150
 113    0.0000005  -0.00002209
 114    0.0000000  -0.00000047
 
----------------
 Final Energies 
----------------
Final NOF Total Energy =     -79.3085607
 
Total Orbital Internal Iterations = 1202
Total Occupation Internal Iterations = 261
 
Elapsed time: 1038.36 Seconds

---------------------------------
   Lowdin Population Analysis    
---------------------------------
 Idx  Atom   Population   Charge 
---------------------------------
  1     B     5.185      -0.185
  2     N     6.815       0.185

---------------------------------
   M Diagnostic: 1.00
---------------------------------

Recovering execution output...
Moving from /scratch/pobleyef/284267 to /home-nas/pobleyef/Poison-NOF/ncwomax/P30-5/GNOFm/arina.284267
mkdir -p /home-nas/pobleyef/Poison-NOF/ncwomax/P30-5/GNOFm/arina.284267
mv /scratch/pobleyef/284267/* /home-nas/pobleyef/Poison-NOF/ncwomax/P30-5/GNOFm/arina.284267
