Computing Integrals
Basis Set                                            = def2-qzvp
Auxiliary Basis Set                                  = def2-universal-jkfit
Gaussian Type                                        = Spherical
Elapsed time:    3.09 Seconds

Number of basis functions                   (NBF)    = 171
Number of auxiliary basis functions         (NBFAUX) = 231
Inactive Doubly occupied orbitals up to     (NO1)    = 0
No. considered Strongly Doubly occupied MOs (NDOC)   = 12
No. considered Strongly Singly occupied MOs (NSOC)   = 1
NO. of Weakly occ. per St. Doubly occ.  MOs (NCWO)   = 13
Dimension of the Nat. Orb. subspace         (NBF5)   = 169
No. of electrons                                     = 25
    No. of alpha electrons                           = 13
    No. of beta electrons                            = 12
Multiplicity                                         = 2

Geometry
========
 F      -1.0111950      -0.7062760       0.0000000
 O       0.0000000       0.5752150       0.0000000
 O       1.1375950       0.2193450       0.0000000

No violations of the orthonormality
No violations of the orthonormality
 
PNOF8/ADABelief Calculation
==================
 
  Nitext  Nit_orb  Time   Nit_occ  Time         Eelec          Etot           Ediff      maxdiff    MaxGrad_orb  Grad_occ
     1      10    2.6e+01    0    2.7e+01  -317.91372666  -249.87572653 -10316.91372666   0.001643   6.6e-03   1.4e-04 0.04
     2      30    1.2e+01    0    1.3e-01  -317.91372666  -249.87572653     0.00000000   0.001643   6.6e-03   1.4e-04 0.04
     3      50    1.4e+01    0    5.7e-02  -317.91372666  -249.87572653     0.00000000   0.001643   6.6e-03   1.4e-04 0.04
     4      70    2.5e+01    0    6.4e-02  -317.91375191  -249.87575178    -0.00002526   0.000715   2.9e-03   1.1e-04 0.04
 
RESULTS OF THE OCCUPATION OPTIMIZATION
========================================
   1    1.9999623  -23.50808870
   2    1.9999698  -23.18877181
   3    1.9999539  -21.30803729
   4    1.9872848  -1.65065394
   5    1.9866275  -1.63242569
   6    1.9830025  -1.16068527
   7    1.9672933  -0.89481066
   8    1.9742109  -0.79699243
   9    1.9791750  -0.79048696
  10    1.9789023  -0.74639228
  11    1.9786686  -0.72241472
  12    1.9557707  -0.61950535
  13    1.0000000  -0.33436976
  14    0.0439699  -0.08621194
  15    0.0110136  -0.02068419
  16    0.0114991  -0.02127599
  17    0.0082397  -0.01949955
  18    0.0091743  -0.01567898
  19    0.0304922  -0.05778672
  20    0.0066423  -0.01665721
  21    0.0049366  -0.01408790
  22    0.0081353  -0.02417182
  23    0.0000090  -0.00033775
  24    0.0000225  -0.00081279
  25    0.0000090  -0.00040452
  26    0.0000786  -0.00038495
  27    0.0041925  -0.01005165
  28    0.0038621  -0.00892275
  29    0.0042339  -0.00924760
  30    0.0054452  -0.00977567
  31    0.0015293  -0.00465679
  32    0.0043620  -0.00982317
  33    0.0039021  -0.01014406
  34    0.0024460  -0.00741741
  35    0.0000048  -0.00009402
  36    0.0000028  -0.00005523
  37    0.0000045  -0.00008831
  38    0.0000606  -0.00031817
  39    0.0039212  -0.00912643
  40    0.0034741  -0.00814481
  41    0.0035603  -0.00811381
  42    0.0052274  -0.00945409
  43    0.0001575  -0.00061490
  44    0.0019080  -0.00546381
  45    0.0023175  -0.00786184
  46    0.0006266  -0.00513115
  47    0.0000043  -0.00008047
  48    0.0000011  -0.00002537
  49    0.0000042  -0.00008394
  50    0.0000288  -0.00006405
  51    0.0007969  -0.00292578
  52    0.0007903  -0.00284419
  53    0.0023405  -0.00588355
  54    0.0045541  -0.00827235
  55    0.0001299  -0.00055540
  56    0.0012374  -0.00370084
  57    0.0006000  -0.00545557
  58    0.0004920  -0.00390387
  59    0.0000039  -0.00006988
  60    0.0000007  -0.00001487
  61    0.0000037  -0.00007795
  62    0.0000191  -0.00006028
  63    0.0003384  -0.00121828
  64    0.0003810  -0.00132082
  65    0.0009957  -0.00389501
  66    0.0004174  -0.00123111
  67    0.0001115  -0.00049642
  68    0.0011646  -0.00415971
  69    0.0003988  -0.00146777
  70    0.0002849  -0.00120234
  71    0.0000037  -0.00006533
  72    0.0000006  -0.00000781
  73    0.0000031  -0.00006351
  74    0.0000120  -0.00008122
  75    0.0003022  -0.00113000
  76    0.0003127  -0.00109983
  77    0.0006358  -0.00203718
  78    0.0003851  -0.00133521
  79    0.0000946  -0.00046254
  80    0.0005157  -0.00261344
  81    0.0003664  -0.00132967
  82    0.0002819  -0.00119394
  83    0.0000037  -0.00006440
  84    0.0000005  -0.00000598
  85    0.0000031  -0.00006039
  86    0.0000096  -0.00007672
  87    0.0002436  -0.00093267
  88    0.0002587  -0.00096296
  89    0.0002791  -0.00094723
  90    0.0002637  -0.00080646
  91    0.0000875  -0.00044077
  92    0.0004333  -0.00167866
  93    0.0002516  -0.00104205
  94    0.0002225  -0.00102998
  95    0.0000035  -0.00006017
  96    0.0000004  -0.00004624
  97    0.0000027  -0.00005318
  98    0.0000091  -0.00007580
  99    0.0002281  -0.00092432
 100    0.0002367  -0.00091248
 101    0.0001915  -0.00078030
 102    0.0001987  -0.00069607
 103    0.0000231  -0.00013584
 104    0.0003026  -0.00101540
 105    0.0002288  -0.00093026
 106    0.0000946  -0.00133241
 107    0.0000030  -0.00005746
 108    0.0000003  -0.00000623
 109    0.0000024  -0.00004978
 110    0.0000089  -0.00007552
 111    0.0001932  -0.00077003
 112    0.0002058  -0.00079120
 113    0.0001708  -0.00067983
 114    0.0000422  -0.00023148
 115    0.0000212  -0.00013058
 116    0.0002731  -0.00090722
 117    0.0001962  -0.00081358
 118    0.0000460  -0.00034956
 119    0.0000028  -0.00006361
 120    0.0000003  -0.00002664
 121    0.0000019  -0.00004016
 122    0.0000085  -0.00007285
 123    0.0000434  -0.00026173
 124    0.0000202  -0.00013624
 125    0.0001205  -0.00056143
 126    0.0000305  -0.00019053
 127    0.0000201  -0.00012544
 128    0.0000929  -0.00103780
 129    0.0001094  -0.00111506
 130    0.0000246  -0.00018969
 131    0.0000025  -0.00005232
 132    0.0000003  -0.00001158
 133    0.0000013  -0.00003253
 134    0.0000083  -0.00007191
 135    0.0000211  -0.00013735
 136    0.0000195  -0.00013167
 137    0.0000223  -0.00014417
 138    0.0000176  -0.00011941
 139    0.0000139  -0.00009507
 140    0.0000259  -0.00017462
 141    0.0000280  -0.00018361
 142    0.0000224  -0.00017623
 143    0.0000022  -0.00004823
 144    0.0000003  -0.00000267
 145    0.0000007  -0.00001405
 146    0.0000082  -0.00006996
 147    0.0000196  -0.00013146
 148    0.0000189  -0.00012739
 149    0.0000181  -0.00012982
 150    0.0000168  -0.00011263
 151    0.0000130  -0.00008743
 152    0.0000215  -0.00015051
 153    0.0000191  -0.00013600
 154    0.0000199  -0.00014925
 155    0.0000016  -0.00005221
 156    0.0000002  -0.00000342
 157    0.0000006  -0.00000824
 158    0.0000078  -0.00007153
 159    0.0000177  -0.00012077
 160    0.0000186  -0.00012338
 161    0.0000169  -0.00012367
 162    0.0000162  -0.00010554
 163    0.0000128  -0.00008820
 164    0.0000183  -0.00013020
 165    0.0000179  -0.00013083
 166    0.0000186  -0.00013654
 167    0.0000011  -0.00002598
 168    0.0000002  -0.00000206
 169    0.0000004  -0.00003701
 
----------------
 Final Energies 
----------------
Final NOF Total Energy =    -249.8757518
 
Total Orbital Internal Iterations = 160
Total Occupation Internal Iterations = 0
 
Elapsed time:  121.71 Seconds

---------------------------------
   Lowdin Population Analysis    
---------------------------------
 Idx  Atom   Population   Charge 
---------------------------------
  1     F     9.164      -0.164
  2     O     7.918       0.082
  3     O     7.917       0.083

---------------------------------
   M Diagnostic: 0.04
---------------------------------

