Computing Integrals
Basis Set                                            = def2-qzvp
Auxiliary Basis Set                                  = def2-universal-jkfit
Gaussian Type                                        = Spherical
Elapsed time:    2.63 Seconds

Number of basis functions                   (NBF)    = 70
Number of auxiliary basis functions         (NBFAUX) = 128
Inactive Doubly occupied orbitals up to     (NO1)    = 0
No. considered Strongly Doubly occupied MOs (NDOC)   = 8
No. considered Strongly Singly occupied MOs (NSOC)   = 1
NO. of Weakly occ. per St. Doubly occ.  MOs (NCWO)   = 7
Dimension of the Nat. Orb. subspace         (NBF5)   = 65
No. of electrons                                     = 17
    No. of alpha electrons                           = 9
    No. of beta electrons                            = 8
Multiplicity                                         = 2

Geometry
========
Cl       0.0000000       0.0000000       0.0000000

No violations of the orthonormality
No violations of the orthonormality
 
PNOF8/ADABelief Calculation
==================
 
  Nitext  Nit_orb  Time   Nit_occ  Time         Eelec          Etot           Ediff      maxdiff    MaxGrad_orb  Grad_occ
     1      10    2.1e+01    0    2.6e+01  -459.99516333  -459.99516333 -10458.99516333   0.000762   3.0e-03   1.9e-04 0.02
 
RESULTS OF THE OCCUPATION OPTIMIZATION
========================================
   1    1.9999975  -104.94688225
   2    1.9994958  -10.63017555
   3    1.9986670  -8.09916466
   4    1.9988613  -8.09803537
   5    1.9988161  -8.09344150
   6    1.9771921  -1.09495834
   7    1.9774348  -0.51981321
   8    1.9663325  -0.51528174
   9    1.0000000  -0.30657964
  10    0.0111569  -0.01814506
  11    0.0065861  -0.02019509
  12    0.0071575  -0.02816960
  13    0.0006277  -0.01198876
  14    0.0009672  -0.01004663
  15    0.0007689  -0.01004397
  16    0.0004092  -0.01027453
  17    0.0000011  -0.00015807
  18    0.0111559  -0.01814812
  19    0.0063838  -0.01827361
  20    0.0062369  -0.01581584
  21    0.0003913  -0.00977820
  22    0.0000766  -0.00345758
  23    0.0004499  -0.01061481
  24    0.0000325  -0.00037920
  25    0.0000009  -0.00002382
  26    0.0096013  -0.01586985
  27    0.0050309  -0.01698900
  28    0.0060102  -0.01702951
  29    0.0000661  -0.00078301
  30    0.0000491  -0.00046028
  31    0.0000732  -0.00088750
  32    0.0000307  -0.00036793
  33    0.0000001  -0.00000950
  34    0.0005189  -0.00117107
  35    0.0019739  -0.00956280
  36    0.0019800  -0.00970021
  37    0.0000605  -0.00068719
  38    0.0000129  -0.00012398
  39    0.0000142  -0.00058742
  40    0.0000144  -0.00042232
  41    0.0000001  -0.00000887
  42    0.0005052  -0.00117485
  43    0.0017173  -0.00805050
  44    0.0005408  -0.00159759
  45    0.0000163  -0.00014926
  46    0.0000119  -0.00013997
  47    0.0000116  -0.00011056
  48    0.0000075  -0.00007545
  49    0.0000001  -0.00000746
  50    0.0004982  -0.00116585
  51    0.0006326  -0.00169308
  52    0.0004431  -0.00131600
  53    0.0000115  -0.00010774
  54    0.0000109  -0.00010422
  55    0.0000082  -0.00007754
  56    0.0000058  -0.00006167
  57    0.0000001  -0.00000573
  58    0.0002310  -0.00095298
  59    0.0002405  -0.00111961
  60    0.0004394  -0.00130320
  61    0.0000105  -0.00010077
  62    0.0000102  -0.00010030
  63    0.0000069  -0.00006684
  64    0.0000041  -0.00060150
  65    0.0000001  -0.00000478
 
----------------
 Final Energies 
----------------
Final NOF Total Energy =    -459.9951633
 
Total Orbital Internal Iterations = 10
Total Occupation Internal Iterations = 0
 
Elapsed time:   60.90 Seconds

---------------------------------
   Lowdin Population Analysis    
---------------------------------
 Idx  Atom   Population   Charge 
---------------------------------
  1    Cl    17.000      -0.000

---------------------------------
   M Diagnostic: 0.02
---------------------------------

