W4-11-si
/software/eb2024/easybuild/software/common/software/Julia/1.11.3-linux-x86_64/bin/julia
Job runing on nh021
Choosing scratch ...
Automatic scratch folder selection
/scratch/pobleyef/284287
/scratch/pobleyef/284287 directory
cp W4-11-si.jl W4-11-si.jld2 to  /scratch/pobleyef/284287/.
Computing Integrals
Basis Set                                            = def2-qzvp
Auxiliary Basis Set                                  = def2-universal-jkfit
Gaussian Type                                        = Spherical
Elapsed time:    3.73 Seconds

Number of basis functions                   (NBF)    = 70
Number of auxiliary basis functions         (NBFAUX) = 128
Inactive Doubly occupied orbitals up to     (NO1)    = 0
No. considered Strongly Doubly occupied MOs (NDOC)   = 6
No. considered Strongly Singly occupied MOs (NSOC)   = 2
NO. of Weakly occ. per St. Doubly occ.  MOs (NCWO)   = 10
Dimension of the Nat. Orb. subspace         (NBF5)   = 68
No. of electrons                                     = 14
    No. of alpha electrons                           = 8
    No. of beta electrons                            = 6
Multiplicity                                         = 3

Geometry
========
Si       0.0000000       0.0000000       0.0000000

No violations of the orthonormality
No violations of the orthonormality
 
PNOF8/ADABelief Calculation
==================
 
  Nitext  Nit_orb  Time   Nit_occ  Time         Eelec          Etot           Ediff      maxdiff    MaxGrad_orb  Grad_occ
     1      10    2.8e+01   48    3.4e+01  -289.03337506  -289.03337506 -10288.03337506   0.021770   8.7e-02   2.1e-04 0.05
     2      20    1.5e-01   34    1.6e-01  -289.10572713  -289.10572713    -0.07235208   0.287632   1.2e+00   2.4e-04 0.04
     3      20    1.2e-01   32    1.5e-01  -289.14621848  -289.14621848    -0.04049135   0.009279   3.7e-02   1.4e-04 0.04
     4      20    1.1e-01   15    2.0e-01  -289.15359435  -289.15359435    -0.00737586   0.027905   1.1e-01   1.5e-04 0.04
     5      20    1.4e-01   13    6.1e-02  -289.15767786  -289.15767786    -0.00408351   0.037445   1.5e-01   1.7e-04 0.04
     6      20    1.2e-01   12    5.6e-02  -289.16171930  -289.16171930    -0.00404144   0.021231   8.5e-02   1.8e-04 0.04
     7      20    1.6e-01    7    4.7e-02  -289.16385632  -289.16385632    -0.00213702   0.029367   1.2e-01   1.8e-04 0.04
     8      20    1.5e-01    7    4.2e-02  -289.16449191  -289.16449191    -0.00063559   0.024480   9.8e-02   1.8e-04 0.04
     9      20    1.4e-01    5    4.1e-02  -289.16524954  -289.16524954    -0.00075763   0.024062   9.6e-02   2.1e-04 0.04
    10      20    1.3e-01    0    6.6e-03  -289.16528783  -289.16528783    -0.00003828   0.024062   9.6e-02   2.1e-04 0.04
    11      40    2.5e-01    3    1.8e-02  -289.16634945  -289.16634945    -0.00106162   0.003409   1.4e-02   2.8e-04 0.04
    12      40    2.4e-01    6    4.1e-02  -289.16643985  -289.16643985    -0.00009041   0.004374   1.7e-02   1.4e-04 0.04
    13      40    2.4e-01    6    4.3e-02  -289.16652524  -289.16652524    -0.00008538   0.004641   1.9e-02   1.4e-04 0.04
    14      40    2.3e-01    3    1.8e-02  -289.16658004  -289.16658004    -0.00005480   0.004374   1.7e-02   2.0e-04 0.04
    15      40    2.5e-01    0    1.1e-02  -289.16658589  -289.16658589    -0.00000585   0.004374   1.7e-02   2.0e-04 0.04
    16      60    3.3e-01    0    1.1e-02  -289.16666878  -289.16666878    -0.00008289   0.000902   3.6e-03   2.2e-04 0.04
 
RESULTS OF THE OCCUPATION OPTIMIZATION
========================================
   1    1.9999946  -68.87766553
   2    1.9976991  -6.18054640
   3    1.9945902  -4.28079985
   4    1.9940604  -4.27828572
   5    1.9922365  -4.27400179
   6    1.9461624  -0.55833654
   7    1.0000000  -0.16279776
   8    1.0000000  -0.16274662
   9    0.0330760  -0.02581670
  10    0.0031643  -0.02184398
  11    0.0039215  -0.03151520
  12    0.0034280  -0.02257755
  13    0.0018933  -0.01559798
  14    0.0000048  -0.00051593
  15    0.0067672  -0.00625208
  16    0.0016200  -0.01015165
  17    0.0015635  -0.00965397
  18    0.0016741  -0.01018771
  19    0.0003022  -0.00651439
  20    0.0000001  -0.00000270
  21    0.0066795  -0.00610908
  22    0.0015566  -0.00976088
  23    0.0002293  -0.00177483
  24    0.0001666  -0.00129350
  25    0.0000257  -0.00017393
  26    0.0000001  -0.00000225
  27    0.0024961  -0.00221543
  28    0.0013390  -0.00860592
  29    0.0001181  -0.00086440
  30    0.0000634  -0.00179865
  31    0.0000227  -0.00015385
  32    0.0000001  -0.00000231
  33    0.0019154  -0.00185642
  34    0.0000312  -0.00018762
  35    0.0000552  -0.00027155
  36    0.0000297  -0.00018832
  37    0.0000159  -0.00022672
  38    0.0000001  -0.00000200
  39    0.0011474  -0.00118246
  40    0.0000231  -0.00038460
  41    0.0000250  -0.00014606
  42    0.0000182  -0.00024816
  43    0.0000153  -0.00016043
  44    0.0000000  -0.00000110
  45    0.0006310  -0.00084586
  46    0.0000087  -0.00005328
  47    0.0000107  -0.00006114
  48    0.0000090  -0.00004593
  49    0.0000114  -0.00009096
  50    0.0000000  -0.00000114
  51    0.0003997  -0.00051969
  52    0.0000083  -0.00004123
  53    0.0000068  -0.00003327
  54    0.0000081  -0.00003899
  55    0.0000057  -0.00002805
  56    0.0000000  -0.00000109
  57    0.0003934  -0.00051701
  58    0.0000070  -0.00003639
  59    0.0000056  -0.00002619
  60    0.0000074  -0.00003751
  61    0.0000051  -0.00002216
  62    0.0000000  -0.00000082
  63    0.0003320  -0.00043726
  64    0.0000054  -0.00002609
  65    0.0000041  -0.00001819
  66    0.0000053  -0.00002384
  67    0.0000036  -0.00017514
  68    0.0000000  -0.00000081
 
----------------
 Final Energies 
----------------
Final NOF Total Energy =    -289.1666688
 
Total Orbital Internal Iterations = 450
Total Occupation Internal Iterations = 191
 
Elapsed time:   85.45 Seconds

---------------------------------
   Lowdin Population Analysis    
---------------------------------
 Idx  Atom   Population   Charge 
---------------------------------
  1    Si    14.000       0.000

---------------------------------
   M Diagnostic: 0.04
---------------------------------

Recovering execution output...
Moving from /scratch/pobleyef/284287 to /home-nas/pobleyef/Poison-NOF/ncwomax/P30-5/GNOFm/arina.284287
mkdir -p /home-nas/pobleyef/Poison-NOF/ncwomax/P30-5/GNOFm/arina.284287
mv /scratch/pobleyef/284287/* /home-nas/pobleyef/Poison-NOF/ncwomax/P30-5/GNOFm/arina.284287
