Computing Integrals
Basis Set                                            = def2-qzvp
Auxiliary Basis Set                                  = def2-universal-jkfit
Gaussian Type                                        = Spherical
Elapsed time:    3.80 Seconds

Number of basis functions                   (NBF)    = 228
Number of auxiliary basis functions         (NBFAUX) = 308
Inactive Doubly occupied orbitals up to     (NO1)    = 0
No. considered Strongly Doubly occupied MOs (NDOC)   = 17
No. considered Strongly Singly occupied MOs (NSOC)   = 0
NO. of Weakly occ. per St. Doubly occ.  MOs (NCWO)   = 12
Dimension of the Nat. Orb. subspace         (NBF5)   = 221
No. of electrons                                     = 34
    No. of alpha electrons                           = 17
    No. of beta electrons                            = 17
Multiplicity                                         = 1

Geometry
========
 F       0.5557100       1.3844340      -0.4939860
 O       0.5557100       0.2681810       0.5557340
 O      -0.5557100      -0.2681810       0.5557340
 F      -0.5557100      -1.3844340      -0.4939860

No violations of the orthonormality
No violations of the orthonormality
 
PNOF8/ADABelief Calculation
==================
 
  Nitext  Nit_orb  Time   Nit_occ  Time         Eelec          Etot           Ediff      maxdiff    MaxGrad_orb  Grad_occ
     1      10    2.2e+01    0    2.5e+01  -474.97656908  -349.58877717 -10473.97656908   0.002487   9.9e-03   2.9e-04 0.04
     2      30    5.0e+00    0    1.8e-01  -474.97656908  -349.58877717     0.00000000   0.002487   9.9e-03   2.9e-04 0.04
     3      50    8.1e+00    4    5.5e-01  -474.97673632  -349.58894440    -0.00016723   0.001425   5.7e-03   2.0e-04 0.04
     4      50    8.1e+00   10    1.1e+00  -474.97678802  -349.58899610    -0.00005170   0.001583   6.3e-03   1.7e-04 0.04
     5      50    8.2e+00   11    1.2e+00  -474.97692463  -349.58913272    -0.00013661   0.002135   8.5e-03   1.7e-04 0.04
     6      50    8.7e+00    4    5.0e-01  -474.97701502  -349.58922311    -0.00009040   0.002404   9.6e-03   2.0e-04 0.04
     7      50    8.3e+00   10    9.7e-01  -474.97709981  -349.58930790    -0.00008479   0.001708   6.8e-03   2.3e-04 0.04
     8      50    8.3e+00    2    3.6e-01  -474.97718350  -349.58939158    -0.00008369   0.001861   7.4e-03   2.8e-04 0.04
     9      50    8.3e+00    0    2.3e-01  -474.97724107  -349.58944916    -0.00005757   0.001789   7.2e-03   3.0e-04 0.04
    10      60    9.9e+00    9    8.7e-01  -474.97731915  -349.58952724    -0.00007808   0.001362   5.4e-03   3.1e-04 0.04
    11      60    9.9e+00    4    5.5e-01  -474.97739544  -349.58960353    -0.00007629   0.001510   6.0e-03   1.8e-04 0.04
    12      60    1.0e+01    0    1.7e-01  -474.97743109  -349.58963917    -0.00003564   0.001478   5.9e-03   2.5e-04 0.04
    13      70    1.1e+01    9    8.8e-01  -474.97747901  -349.58968710    -0.00004792   0.001132   4.5e-03   1.9e-04 0.04
    14      70    1.1e+01   10    1.1e+00  -474.97754615  -349.58975423    -0.00006714   0.001328   5.3e-03   1.8e-04 0.04
    15      70    1.2e+01    4    5.0e-01  -474.97762122  -349.58982931    -0.00007508   0.001168   4.7e-03   1.7e-04 0.04
    16      70    1.2e+01    0    1.6e-01  -474.97766433  -349.58987242    -0.00004311   0.001207   4.8e-03   2.4e-04 0.04
    17      80    1.3e+01   11    1.2e+00  -474.97771413  -349.58992222    -0.00004980   0.000820   3.3e-03   2.7e-04 0.04
 
RESULTS OF THE OCCUPATION OPTIMIZATION
========================================
   1    1.9999721  -24.17551515
   2    1.9999685  -24.01865047
   3    1.9999628  -23.23808557
   4    1.9999629  -23.08013361
   5    1.9880865  -1.70881881
   6    1.9864606  -1.63946743
   7    1.9873663  -1.58562798
   8    1.9856112  -1.26044309
   9    1.9672034  -0.88853997
  10    1.9807483  -0.82994176
  11    1.9803522  -0.81756190
  12    1.9791924  -0.75543803
  13    1.9789222  -0.74297373
  14    1.9787452  -0.71560384
  15    1.9788129  -0.71261071
  16    1.9570093  -0.71089396
  17    1.9572262  -0.70936623
  18    0.0426009  -0.08348066
  19    0.0428422  -0.08369291
  20    0.0112985  -0.02106643
  21    0.0109811  -0.02110370
  22    0.0110574  -0.02110923
  23    0.0103910  -0.02054449
  24    0.0086058  -0.02173818
  25    0.0064652  -0.01361396
  26    0.0322302  -0.06062495
  27    0.0059230  -0.01413319
  28    0.0048426  -0.01572074
  29    0.0075932  -0.02367928
  30    0.0061554  -0.02058002
  31    0.0000060  -0.00022551
  32    0.0000063  -0.00024255
  33    0.0000079  -0.00032663
  34    0.0000094  -0.00039436
  35    0.0000525  -0.00028111
  36    0.0000344  -0.00008601
  37    0.0039397  -0.00894728
  38    0.0045242  -0.01082681
  39    0.0042016  -0.01013714
  40    0.0042274  -0.01042062
  41    0.0041141  -0.00942528
  42    0.0045260  -0.00969003
  43    0.0001146  -0.00046967
  44    0.0040021  -0.00974195
  45    0.0028529  -0.00768247
  46    0.0024417  -0.00731383
  47    0.0026289  -0.00761762
  48    0.0000044  -0.00008989
  49    0.0000044  -0.00008834
  50    0.0000045  -0.00009081
  51    0.0000048  -0.00009209
  52    0.0000237  -0.00006375
  53    0.0000208  -0.00009931
  54    0.0038424  -0.00860260
  55    0.0041635  -0.01001181
  56    0.0039688  -0.00932216
  57    0.0034441  -0.00821989
  58    0.0036337  -0.00865348
  59    0.0035686  -0.00825195
  60    0.0001027  -0.00043664
  61    0.0016886  -0.00502417
  62    0.0024231  -0.00802234
  63    0.0021320  -0.00670452
  64    0.0009499  -0.00456105
  65    0.0000043  -0.00008539
  66    0.0000042  -0.00008568
  67    0.0000035  -0.00007220
  68    0.0000034  -0.00006472
  69    0.0000161  -0.00010262
  70    0.0000152  -0.00009979
  71    0.0004442  -0.00146037
  72    0.0007383  -0.00267483
  73    0.0007632  -0.00275272
  74    0.0009601  -0.00391557
  75    0.0019728  -0.00551143
  76    0.0019606  -0.00528816
  77    0.0000939  -0.00045831
  78    0.0007332  -0.00554490
  79    0.0010216  -0.00389643
  80    0.0002982  -0.00122979
  81    0.0006798  -0.00290961
  82    0.0000039  -0.00007948
  83    0.0000040  -0.00008288
  84    0.0000033  -0.00006439
  85    0.0000031  -0.00006291
  86    0.0000131  -0.00009396
  87    0.0000126  -0.00009383
  88    0.0003327  -0.00118699
  89    0.0002826  -0.00105179
  90    0.0003895  -0.00134107
  91    0.0007318  -0.00269380
  92    0.0003969  -0.00136403
  93    0.0011390  -0.00350619
  94    0.0000855  -0.00042822
  95    0.0005101  -0.00371590
  96    0.0005195  -0.00386061
  97    0.0002818  -0.00118225
  98    0.0005452  -0.00524551
  99    0.0000035  -0.00006702
 100    0.0000038  -0.00007512
 101    0.0000031  -0.00005948
 102    0.0000030  -0.00005752
 103    0.0000110  -0.00008480
 104    0.0000108  -0.00008620
 105    0.0003090  -0.00115176
 106    0.0002311  -0.00088681
 107    0.0002514  -0.00096464
 108    0.0003118  -0.00113528
 109    0.0003039  -0.00111770
 110    0.0004971  -0.00171672
 111    0.0000739  -0.00038917
 112    0.0004175  -0.00230546
 113    0.0004543  -0.00263449
 114    0.0002726  -0.00116428
 115    0.0003169  -0.00137712
 116    0.0000033  -0.00006466
 117    0.0000035  -0.00006740
 118    0.0000029  -0.00005703
 119    0.0000015  -0.00003164
 120    0.0000102  -0.00008291
 121    0.0000097  -0.00008189
 122    0.0003066  -0.00113215
 123    0.0002089  -0.00082228
 124    0.0002346  -0.00091311
 125    0.0002599  -0.00100550
 126    0.0002181  -0.00088801
 127    0.0003888  -0.00129255
 128    0.0000211  -0.00012737
 129    0.0003433  -0.00125291
 130    0.0002134  -0.00100593
 131    0.0002530  -0.00120558
 132    0.0002665  -0.00119598
 133    0.0000030  -0.00005972
 134    0.0000030  -0.00005762
 135    0.0000027  -0.00005351
 136    0.0000006  -0.00001213
 137    0.0000098  -0.00007852
 138    0.0000097  -0.00008249
 139    0.0002486  -0.00093698
 140    0.0000452  -0.00026788
 141    0.0001118  -0.00053940
 142    0.0002231  -0.00087317
 143    0.0001842  -0.00076671
 144    0.0002970  -0.00107334
 145    0.0000166  -0.00011203
 146    0.0002624  -0.00102463
 147    0.0001626  -0.00086723
 148    0.0001028  -0.00133960
 149    0.0001945  -0.00094392
 150    0.0000027  -0.00005306
 151    0.0000024  -0.00005046
 152    0.0000017  -0.00003451
 153    0.0000005  -0.00000979
 154    0.0000097  -0.00007932
 155    0.0000091  -0.00007938
 156    0.0002276  -0.00088728
 157    0.0000222  -0.00015093
 158    0.0000312  -0.00020424
 159    0.0002001  -0.00078869
 160    0.0001650  -0.00075236
 161    0.0002164  -0.00084918
 162    0.0000165  -0.00011272
 163    0.0002057  -0.00086728
 164    0.0000781  -0.00104439
 165    0.0000748  -0.00104578
 166    0.0000808  -0.00100575
 167    0.0000018  -0.00003678
 168    0.0000021  -0.00004530
 169    0.0000007  -0.00001211
 170    0.0000005  -0.00000743
 171    0.0000092  -0.00007474
 172    0.0000089  -0.00007495
 173    0.0001838  -0.00078275
 174    0.0000200  -0.00014324
 175    0.0000256  -0.00016656
 176    0.0000208  -0.00014971
 177    0.0000185  -0.00014147
 178    0.0001551  -0.00072846
 179    0.0000143  -0.00010354
 180    0.0001785  -0.00080760
 181    0.0000251  -0.00019776
 182    0.0000439  -0.00046102
 183    0.0000559  -0.00078069
 184    0.0000017  -0.00003553
 185    0.0000014  -0.00002889
 186    0.0000005  -0.00001028
 187    0.0000005  -0.00000699
 188    0.0000090  -0.00007431
 189    0.0000087  -0.00007364
 190    0.0000336  -0.00022818
 191    0.0000190  -0.00013880
 192    0.0000217  -0.00015146
 193    0.0000191  -0.00013744
 194    0.0000174  -0.00013603
 195    0.0000191  -0.00014052
 196    0.0000142  -0.00010197
 197    0.0000978  -0.00051169
 198    0.0000226  -0.00019066
 199    0.0000256  -0.00019990
 200    0.0000204  -0.00016563
 201    0.0000015  -0.00002947
 202    0.0000010  -0.00001705
 203    0.0000004  -0.00004831
 204    0.0000004  -0.00004410
 205    0.0000087  -0.00007233
 206    0.0000085  -0.00007259
 207    0.0000204  -0.00014828
 208    0.0000186  -0.00013759
 209    0.0000208  -0.00014402
 210    0.0000185  -0.00013718
 211    0.0000173  -0.00013754
 212    0.0000186  -0.00013704
 213    0.0000132  -0.00010107
 214    0.0000268  -0.00020318
 215    0.0000179  -0.00014724
 216    0.0000200  -0.00015634
 217    0.0000193  -0.00014659
 218    0.0000008  -0.00001534
 219    0.0000009  -0.00001413
 220    0.0000003  -0.00003536
 221    0.0000003  -0.00003625
 
----------------
 Final Energies 
----------------
Final NOF Total Energy =    -349.5899222
 
Total Orbital Internal Iterations = 930
Total Occupation Internal Iterations = 88
 
Elapsed time:  232.84 Seconds

---------------------------------
   Lowdin Population Analysis    
---------------------------------
 Idx  Atom   Population   Charge 
---------------------------------
  1     F     9.056      -0.056
  2     O     7.945       0.055
  3     O     7.946       0.054
  4     F     9.053      -0.053

---------------------------------
   M Diagnostic: 0.04
---------------------------------

