Computing Integrals
Basis Set                                            = def2-qzvp
Auxiliary Basis Set                                  = def2-universal-jkfit
Gaussian Type                                        = Spherical
Elapsed time:    2.83 Seconds

Number of basis functions                   (NBF)    = 114
Number of auxiliary basis functions         (NBFAUX) = 152
Inactive Doubly occupied orbitals up to     (NO1)    = 0
No. considered Strongly Doubly occupied MOs (NDOC)   = 5
No. considered Strongly Singly occupied MOs (NSOC)   = 2
NO. of Weakly occ. per St. Doubly occ.  MOs (NCWO)   = 21
Dimension of the Nat. Orb. subspace         (NBF5)   = 112
No. of electrons                                     = 12
    No. of alpha electrons                           = 7
    No. of beta electrons                            = 5
Multiplicity                                         = 3

Geometry
========
 B       0.0000000       0.0000000      -0.7759500
 N       0.0000000       0.0000000       0.5542500

No violations of the orthonormality
No violations of the orthonormality
 
PNOF8/ADABelief Calculation
==================
 
  Nitext  Nit_orb  Time   Nit_occ  Time         Eelec          Etot           Ediff      maxdiff    MaxGrad_orb  Grad_occ
     1      10    2.3e+01    0    2.7e+01   -93.24970017   -79.32610643 -10092.24970017   0.000494   2.0e-03   1.4e-04 0.04
 
RESULTS OF THE OCCUPATION OPTIMIZATION
========================================
   1    1.9999389  -15.61490369
   2    1.9997382  -7.69603128
   3    1.9791404  -1.07302325
   4    1.9627308  -0.60781922
   5    1.9555108  -0.46515783
   6    1.0000000  -0.27784292
   7    1.0000000  -0.26826807
   8    0.0320868  -0.03308787
   9    0.0152238  -0.01858419
  10    0.0084409  -0.01870273
  11    0.0002030  -0.00281333
  12    0.0000539  -0.00145033
  13    0.0043089  -0.00623063
  14    0.0119344  -0.01860983
  15    0.0024715  -0.00736188
  16    0.0000135  -0.00026158
  17    0.0000024  -0.00003884
  18    0.0032414  -0.00485128
  19    0.0042948  -0.00759242
  20    0.0023437  -0.00516000
  21    0.0000087  -0.00010757
  22    0.0000014  -0.00007366
  23    0.0030392  -0.00447845
  24    0.0027848  -0.00506046
  25    0.0018777  -0.00421033
  26    0.0000072  -0.00009208
  27    0.0000009  -0.00001859
  28    0.0005698  -0.00098784
  29    0.0011976  -0.00250085
  30    0.0011695  -0.00427237
  31    0.0000071  -0.00009221
  32    0.0000003  -0.00000855
  33    0.0003849  -0.00080883
  34    0.0004256  -0.00103840
  35    0.0010555  -0.00274779
  36    0.0000051  -0.00006273
  37    0.0000003  -0.00000355
  38    0.0001894  -0.00043885
  39    0.0003016  -0.00070188
  40    0.0007997  -0.00193288
  41    0.0000027  -0.00003393
  42    0.0000003  -0.00000279
  43    0.0001848  -0.00040605
  44    0.0002488  -0.00061739
  45    0.0006545  -0.00391776
  46    0.0000024  -0.00003075
  47    0.0000002  -0.00000249
  48    0.0001568  -0.00034076
  49    0.0002407  -0.00059214
  50    0.0005401  -0.00127541
  51    0.0000014  -0.00002102
  52    0.0000002  -0.00000242
  53    0.0000930  -0.00020308
  54    0.0001951  -0.00048138
  55    0.0003877  -0.00098886
  56    0.0000012  -0.00001841
  57    0.0000002  -0.00000212
  58    0.0000670  -0.00016759
  59    0.0001571  -0.00043984
  60    0.0002103  -0.00063050
  61    0.0000011  -0.00001700
  62    0.0000002  -0.00000179
  63    0.0000307  -0.00008305
  64    0.0000722  -0.00017513
  65    0.0001998  -0.00055150
  66    0.0000011  -0.00001620
  67    0.0000001  -0.00000170
  68    0.0000216  -0.00007866
  69    0.0000450  -0.00012704
  70    0.0001911  -0.00054352
  71    0.0000011  -0.00001499
  72    0.0000001  -0.00000159
  73    0.0000191  -0.00007757
  74    0.0000262  -0.00009349
  75    0.0001276  -0.00046490
  76    0.0000010  -0.00001467
  77    0.0000001  -0.00000121
  78    0.0000178  -0.00006039
  79    0.0000239  -0.00009485
  80    0.0000680  -0.00022913
  81    0.0000010  -0.00001164
  82    0.0000001  -0.00000141
  83    0.0000157  -0.00005943
  84    0.0000201  -0.00008083
  85    0.0000651  -0.00020742
  86    0.0000008  -0.00001046
  87    0.0000001  -0.00000110
  88    0.0000150  -0.00005670
  89    0.0000180  -0.00007410
  90    0.0000602  -0.00020247
  91    0.0000008  -0.00001108
  92    0.0000001  -0.00000096
  93    0.0000126  -0.00004921
  94    0.0000173  -0.00006492
  95    0.0000597  -0.00019130
  96    0.0000007  -0.00000977
  97    0.0000001  -0.00000020
  98    0.0000122  -0.00004844
  99    0.0000162  -0.00006143
 100    0.0000552  -0.00018290
 101    0.0000007  -0.00003890
 102    0.0000001  -0.00000043
 103    0.0000118  -0.00005475
 104    0.0000135  -0.00005529
 105    0.0000526  -0.00018823
 106    0.0000006  -0.00001320
 107    0.0000001  -0.00000030
 108    0.0000107  -0.00004716
 109    0.0000125  -0.00005237
 110    0.0000292  -0.00015927
 111    0.0000006  -0.00001020
 112    0.0000001  -0.00000017
 
----------------
 Final Energies 
----------------
Final NOF Total Energy =     -79.3261064
 
Total Orbital Internal Iterations = 10
Total Occupation Internal Iterations = 0
 
Elapsed time:   65.12 Seconds

---------------------------------
   Lowdin Population Analysis    
---------------------------------
 Idx  Atom   Population   Charge 
---------------------------------
  1     B     5.182      -0.182
  2     N     6.818       0.182

---------------------------------
   M Diagnostic: 0.04
---------------------------------

