W4-11-o
/software/eb2024/easybuild/software/common/software/Julia/1.11.3-linux-x86_64/bin/julia
Job runing on nh044
Choosing scratch ...
Automatic scratch folder selection
/scratch/pobleyef/284282
/scratch/pobleyef/284282 directory
cp W4-11-o.jl W4-11-o.jld2 to  /scratch/pobleyef/284282/.
Computing Integrals
Basis Set                                            = def2-qzvp
Auxiliary Basis Set                                  = def2-universal-jkfit
Gaussian Type                                        = Spherical
Elapsed time:    3.46 Seconds

Number of basis functions                   (NBF)    = 57
Number of auxiliary basis functions         (NBFAUX) = 77
Inactive Doubly occupied orbitals up to     (NO1)    = 0
No. considered Strongly Doubly occupied MOs (NDOC)   = 3
No. considered Strongly Singly occupied MOs (NSOC)   = 2
NO. of Weakly occ. per St. Doubly occ.  MOs (NCWO)   = 17
Dimension of the Nat. Orb. subspace         (NBF5)   = 56
No. of electrons                                     = 8
    No. of alpha electrons                           = 5
    No. of beta electrons                            = 3
Multiplicity                                         = 3

Geometry
========
 O       0.0000000       0.0000000       0.0000000

No violations of the orthonormality
No violations of the orthonormality
 
PNOF8/ADABelief Calculation
==================
 
  Nitext  Nit_orb  Time   Nit_occ  Time         Eelec          Etot           Ediff      maxdiff    MaxGrad_orb  Grad_occ
     1      10    2.8e+01   17    3.4e+01   -75.00502186   -75.00502186 -10074.00502186   0.026478   1.1e-01   1.5e-04 0.02
     2      20    1.1e-01   21    5.3e-02   -75.02210944   -75.02210944    -0.01708758   0.006941   2.8e-02   1.8e-04 0.02
     3      20    6.1e-02   14    4.0e-02   -75.02874536   -75.02874536    -0.00663592   0.015846   6.3e-02   1.9e-04 0.02
     4      20    6.3e-02   14    3.7e-02   -75.03064604   -75.03064604    -0.00190068   0.019477   7.8e-02   1.6e-04 0.02
     5      20    6.4e-02    3    9.9e-03   -75.03193558   -75.03193558    -0.00128954   0.011867   4.7e-02   1.6e-04 0.02
     6      20    6.0e-02    3    1.4e-02   -75.03226211   -75.03226211    -0.00032652   0.011706   4.7e-02   2.3e-04 0.02
     7      20    6.0e-02    3    1.5e-02   -75.03271389   -75.03271389    -0.00045179   0.012219   4.9e-02   1.9e-04 0.02
     8      20    6.2e-02    4    1.2e-02   -75.03280159   -75.03280159    -0.00008770   0.009741   3.9e-02   2.0e-04 0.02
     9      20    6.1e-02    0    3.4e-03   -75.03293351   -75.03293351    -0.00013192   0.008022   3.2e-02   1.8e-04 0.02
    10      30    8.7e-02    4    1.6e-02   -75.03311514   -75.03311514    -0.00018163   0.003729   1.5e-02   1.9e-04 0.02
    11      30    8.6e-02    0    3.3e-03   -75.03312897   -75.03312897    -0.00001383   0.003729   1.5e-02   1.9e-04 0.02
    12      50    1.4e-01    0    7.5e-03   -75.03325622   -75.03325622    -0.00012725   0.000736   2.9e-03   1.5e-04 0.02
 
RESULTS OF THE OCCUPATION OPTIMIZATION
========================================
   1    1.9997805  -20.69722894
   2    1.9763580  -1.28779337
   3    1.9695430  -0.60771159
   4    1.0000000  -0.38225481
   5    1.0000000  -0.38220098
   6    0.0123996  -0.01811870
   7    0.0092354  -0.02062636
   8    0.0001885  -0.00603833
   9    0.0051057  -0.00855902
  10    0.0048672  -0.00875236
  11    0.0000063  -0.00027365
  12    0.0043384  -0.00791046
  13    0.0041212  -0.00781113
  14    0.0000055  -0.00011902
  15    0.0043154  -0.00770106
  16    0.0026148  -0.00509913
  17    0.0000044  -0.00007353
  18    0.0024989  -0.00462277
  19    0.0008584  -0.00256191
  20    0.0000018  -0.00005012
  21    0.0004309  -0.00120556
  22    0.0004681  -0.00136781
  23    0.0000016  -0.00004658
  24    0.0002594  -0.00076605
  25    0.0002628  -0.00082154
  26    0.0000015  -0.00004411
  27    0.0002336  -0.00069723
  28    0.0002620  -0.00081985
  29    0.0000013  -0.00003868
  30    0.0002268  -0.00068117
  31    0.0002439  -0.00075960
  32    0.0000013  -0.00003851
  33    0.0002072  -0.00065253
  34    0.0002418  -0.00075645
  35    0.0000011  -0.00003527
  36    0.0001775  -0.00052515
  37    0.0002043  -0.00064378
  38    0.0000011  -0.00003479
  39    0.0001454  -0.00048510
  40    0.0001723  -0.00054655
  41    0.0000010  -0.00003344
  42    0.0000556  -0.00017006
  43    0.0000268  -0.00010519
  44    0.0000010  -0.00003106
  45    0.0000166  -0.00009913
  46    0.0000169  -0.00008860
  47    0.0000010  -0.00003031
  48    0.0000158  -0.00009715
  49    0.0000163  -0.00009152
  50    0.0000009  -0.00001567
  51    0.0000153  -0.00008463
  52    0.0000154  -0.00008869
  53    0.0000008  -0.00000623
  54    0.0000147  -0.00007407
  55    0.0000145  -0.00008470
  56    0.0000005  -0.00003503
 
----------------
 Final Energies 
----------------
Final NOF Total Energy =     -75.0332562
 
Total Orbital Internal Iterations = 280
Total Occupation Internal Iterations = 83
 
Elapsed time:   82.38 Seconds

---------------------------------
   Lowdin Population Analysis    
---------------------------------
 Idx  Atom   Population   Charge 
---------------------------------
  1     O     8.000      -0.000

---------------------------------
   M Diagnostic: 0.02
---------------------------------

Recovering execution output...
Moving from /scratch/pobleyef/284282 to /home-nas/pobleyef/Poison-NOF/ncwomax/P30-5/GNOFm/arina.284282
mkdir -p /home-nas/pobleyef/Poison-NOF/ncwomax/P30-5/GNOFm/arina.284282
mv /scratch/pobleyef/284282/* /home-nas/pobleyef/Poison-NOF/ncwomax/P30-5/GNOFm/arina.284282
