Computing Integrals
Basis Set                                            = def2-qzvp
Auxiliary Basis Set                                  = def2-universal-jkfit
Gaussian Type                                        = Spherical
Elapsed time:    3.80 Seconds

Number of basis functions                   (NBF)    = 201
Number of auxiliary basis functions         (NBFAUX) = 249
Inactive Doubly occupied orbitals up to     (NO1)    = 0
No. considered Strongly Doubly occupied MOs (NDOC)   = 12
No. considered Strongly Singly occupied MOs (NSOC)   = 1
NO. of Weakly occ. per St. Doubly occ.  MOs (NCWO)   = 15
Dimension of the Nat. Orb. subspace         (NBF5)   = 193
No. of electrons                                     = 25
    No. of alpha electrons                           = 13
    No. of beta electrons                            = 12
Multiplicity                                         = 2

Geometry
========
 O       1.1743930       0.1943130       0.0000000
 O       0.0000000       0.5531800       0.0000000
 O      -0.9504710      -0.7177150       0.0000000
 H      -1.7913740      -0.2382290       0.0000000

No violations of the orthonormality
No violations of the orthonormality
 
PNOF8/ADABelief Calculation
==================
 
  Nitext  Nit_orb  Time   Nit_occ  Time         Eelec          Etot           Ediff      maxdiff    MaxGrad_orb  Grad_occ
     1      10    2.8e+01    0    3.0e+01  -297.40179506  -225.88823215 -10296.40179506   0.002994   1.2e-02   2.4e-04 0.04
     2      30    1.0e+01    0    1.7e-01  -297.40179506  -225.88823215     0.00000000   0.002994   1.2e-02   2.4e-04 0.04
     3      50    1.6e+01    0    1.5e-01  -297.40179506  -225.88823215     0.00000000   0.002994   1.2e-02   2.4e-04 0.04
     4      63    2.8e+01    1    2.2e-01  -297.40204537  -225.88848245    -0.00025030   0.000498   2.0e-03   2.0e-04 0.04
 
RESULTS OF THE OCCUPATION OPTIMIZATION
========================================
   1    1.9999622  -20.74314971
   2    1.9999750  -20.71629281
   3    1.9999718  -20.70742161
   4    1.9866242  -1.55601443
   5    1.9851687  -1.37642499
   6    1.9813678  -1.17765781
   7    1.9658872  -0.82190816
   8    1.9726722  -0.75928816
   9    1.9732452  -0.72618519
  10    1.9781347  -0.71859448
  11    1.9755054  -0.62086886
  12    1.9567274  -0.60620178
  13    1.0000000  -0.31187433
  14    0.0430251  -0.07490607
  15    0.0112526  -0.01868057
  16    0.0091634  -0.01724600
  17    0.0088502  -0.01551260
  18    0.0221169  -0.03277502
  19    0.0333168  -0.05968872
  20    0.0068733  -0.01777114
  21    0.0078118  -0.02091164
  22    0.0052916  -0.01660854
  23    0.0000115  -0.00041440
  24    0.0000118  -0.00041153
  25    0.0000231  -0.00079262
  26    0.0000964  -0.00035864
  27    0.0046002  -0.00893281
  28    0.0050272  -0.00998391
  29    0.0050600  -0.00942532
  30    0.0036097  -0.00731520
  31    0.0002085  -0.00074394
  32    0.0039124  -0.00887146
  33    0.0024654  -0.00696584
  34    0.0034606  -0.00916736
  35    0.0000048  -0.00008697
  36    0.0000045  -0.00007566
  37    0.0000036  -0.00007424
  38    0.0000546  -0.00019660
  39    0.0045533  -0.00895904
  40    0.0042493  -0.00876179
  41    0.0048608  -0.00908601
  42    0.0003941  -0.00115763
  43    0.0001588  -0.00057984
  44    0.0024705  -0.00631592
  45    0.0011298  -0.00434697
  46    0.0018065  -0.00565076
  47    0.0000035  -0.00005730
  48    0.0000025  -0.00004688
  49    0.0000032  -0.00005594
  50    0.0000191  -0.00006059
  51    0.0028621  -0.00625359
  52    0.0012382  -0.00368591
  53    0.0041900  -0.00790116
  54    0.0003070  -0.00096619
  55    0.0001225  -0.00050253
  56    0.0022127  -0.00596757
  57    0.0008948  -0.00392376
  58    0.0006686  -0.00386826
  59    0.0000026  -0.00005223
  60    0.0000013  -0.00002656
  61    0.0000019  -0.00003489
  62    0.0000136  -0.00007570
  63    0.0005020  -0.00144278
  64    0.0006572  -0.00215660
  65    0.0024614  -0.00589202
  66    0.0002650  -0.00085879
  67    0.0000998  -0.00047590
  68    0.0011272  -0.00372573
  69    0.0006845  -0.00352092
  70    0.0005245  -0.00452303
  71    0.0000016  -0.00002955
  72    0.0000011  -0.00002377
  73    0.0000017  -0.00003294
  74    0.0000103  -0.00006855
  75    0.0002511  -0.00078939
  76    0.0004422  -0.00155951
  77    0.0003788  -0.00110831
  78    0.0002310  -0.00078225
  79    0.0000970  -0.00046463
  80    0.0006628  -0.00239943
  81    0.0005616  -0.00294661
  82    0.0004103  -0.00178919
  83    0.0000009  -0.00001695
  84    0.0000009  -0.00002154
  85    0.0000013  -0.00002708
  86    0.0000096  -0.00006480
  87    0.0001673  -0.00060317
  88    0.0002830  -0.00087893
  89    0.0002416  -0.00078373
  90    0.0001975  -0.00069306
  91    0.0000184  -0.00011162
  92    0.0004217  -0.00161651
  93    0.0004392  -0.00247943
  94    0.0003991  -0.00150837
  95    0.0000009  -0.00001636
  96    0.0000005  -0.00001096
  97    0.0000005  -0.00000937
  98    0.0000076  -0.00005950
  99    0.0001462  -0.00056294
 100    0.0002704  -0.00087245
 101    0.0002201  -0.00078964
 102    0.0000888  -0.00042755
 103    0.0000141  -0.00008949
 104    0.0003636  -0.00127999
 105    0.0002926  -0.00105689
 106    0.0003172  -0.00114393
 107    0.0000005  -0.00000738
 108    0.0000005  -0.00000775
 109    0.0000005  -0.00001047
 110    0.0000072  -0.00005781
 111    0.0000456  -0.00024703
 112    0.0002497  -0.00080894
 113    0.0001938  -0.00066848
 114    0.0000274  -0.00014383
 115    0.0000132  -0.00008507
 116    0.0002663  -0.00091800
 117    0.0002420  -0.00090340
 118    0.0001774  -0.00097441
 119    0.0000005  -0.00000890
 120    0.0000004  -0.00001265
 121    0.0000003  -0.00000955
 122    0.0000064  -0.00005367
 123    0.0000250  -0.00013763
 124    0.0001150  -0.00059550
 125    0.0001629  -0.00061610
 126    0.0000169  -0.00011024
 127    0.0000126  -0.00008213
 128    0.0001960  -0.00081940
 129    0.0001212  -0.00090448
 130    0.0001069  -0.00108904
 131    0.0000004  -0.00002679
 132    0.0000003  -0.00002500
 133    0.0000003  -0.00002069
 134    0.0000058  -0.00005232
 135    0.0000200  -0.00012829
 136    0.0000680  -0.00037362
 137    0.0000704  -0.00031729
 138    0.0000160  -0.00010355
 139    0.0000113  -0.00007996
 140    0.0000321  -0.00017708
 141    0.0000645  -0.00050719
 142    0.0000786  -0.00076489
 143    0.0000003  -0.00000261
 144    0.0000003  -0.00000984
 145    0.0000003  -0.00001021
 146    0.0000057  -0.00005178
 147    0.0000189  -0.00012233
 148    0.0000358  -0.00018001
 149    0.0000171  -0.00009995
 150    0.0000157  -0.00010280
 151    0.0000108  -0.00007432
 152    0.0000265  -0.00014195
 153    0.0000410  -0.00024080
 154    0.0000478  -0.00028216
 155    0.0000002  -0.00000585
 156    0.0000003  -0.00000428
 157    0.0000003  -0.00000592
 158    0.0000054  -0.00004826
 159    0.0000187  -0.00011723
 160    0.0000233  -0.00013394
 161    0.0000169  -0.00009825
 162    0.0000150  -0.00009234
 163    0.0000101  -0.00007220
 164    0.0000252  -0.00014961
 165    0.0000335  -0.00017480
 166    0.0000334  -0.00018850
 167    0.0000002  -0.00000210
 168    0.0000003  -0.00000375
 169    0.0000002  -0.00000276
 170    0.0000038  -0.00003460
 171    0.0000166  -0.00010677
 172    0.0000227  -0.00013087
 173    0.0000157  -0.00009184
 174    0.0000144  -0.00008844
 175    0.0000095  -0.00006906
 176    0.0000214  -0.00013045
 177    0.0000263  -0.00015808
 178    0.0000287  -0.00017093
 179    0.0000002  -0.00000130
 180    0.0000002  -0.00000298
 181    0.0000002  -0.00000227
 182    0.0000020  -0.00002490
 183    0.0000150  -0.00009246
 184    0.0000199  -0.00012305
 185    0.0000152  -0.00009130
 186    0.0000124  -0.00008597
 187    0.0000092  -0.00006660
 188    0.0000206  -0.00012661
 189    0.0000227  -0.00013842
 190    0.0000247  -0.00015003
 191    0.0000002  -0.00000119
 192    0.0000001  -0.00000109
 193    0.0000002  -0.00000128
 
----------------
 Final Energies 
----------------
Final NOF Total Energy =    -225.8884825
 
Total Orbital Internal Iterations = 153
Total Occupation Internal Iterations = 1
 
Elapsed time:  131.15 Seconds

---------------------------------
   Lowdin Population Analysis    
---------------------------------
 Idx  Atom   Population   Charge 
---------------------------------
  1     O     7.990       0.010
  2     O     7.968       0.032
  3     O     7.648       0.352
  4     H     1.394      -0.394

---------------------------------
   M Diagnostic: 0.04
---------------------------------

