BH76_9_hf
/software/eb2024/easybuild/software/common/software/Julia/1.11.3-linux-x86_64/bin/julia
Job runing on na01
Choosing scratch ...
Automatic scratch folder selection
/scratch/pobleyef/179026
/scratch/pobleyef/179026 directory
cp BH76_9_hf.jl BH76_9_hf.jld2 to  /scratch/pobleyef/179026/.
Computing Integrals
Elapsed time:    4.33 Seconds

Number of basis functions                   (NBF)    = 87
Number of auxiliary basis functions         (NBFAUX) = 95
Inactive Doubly occupied orbitals up to     (NO1)    = 0
No. considered Strongly Doubly occupied MOs (NDOC)   = 5
No. considered Strongly Singly occupied MOs (NSOC)   = 0
NO. of Weakly occ. per St. Doubly occ.  MOs (NCWO)   = 1
Dimension of the Nat. Orb. subspace         (NBF5)   = 10
No. of electrons                                     = 10
    No. of alpha electrons                           = 5
    No. of beta electrons                            = 5
Multiplicity                                         = 1

Geometry
========
 F       0.0000000       0.0000000       0.4576912
 H       0.0000000       0.0000000      -0.4576912

No violations of the orthonormality
No violations of the orthonormality
 
PNOF9/ADABelief Calculation
==================
 
  Nitext  Nit_orb  Time   Nit_occ  Time         Eelec          Etot           Ediff      maxdiff    MaxGrad_orb  Grad_occ
     1      10    1.7e+01    0    2.0e+01  -105.45477483  -100.25193837 -10104.45477483   0.000499   2.0e-03   1.4e-04 0.03
 
RESULTS OF THE OCCUPATION OPTIMIZATION
========================================
   1    1.9998742  -26.34285124
   2    1.9924090  -1.57551892
   3    1.9723706  -0.85516575
   4    1.9844949  -0.68480147
   5    1.9844853  -0.68394832
   6    0.0155147  -0.02347480
   7    0.0155051  -0.02348680
   8    0.0276294  -0.04041762
   9    0.0075910  -0.02339927
  10    0.0001258  -0.00570837
 
----------------
 Final Energies 
----------------
Final NOF Total Energy =    -100.2519384
 
Total Orbital Internal Iterations = 10
Total Occupation Internal Iterations = 0
 
Elapsed time:   48.30 Seconds

---------------------------------
   Lowdin Population Analysis    
---------------------------------
 Idx  Atom   Population   Charge 
---------------------------------
  1     F     8.502       0.498
  2     H     1.498      -0.498

---------------------------------
   M Diagnostic: 0.03
---------------------------------

Recovering execution output...
Moving from /scratch/pobleyef/179026 to /home-nas/pobleyef/Poison-Set/ncwo1/P30-5/GNOFmsta/arina.179026
mkdir -p /home-nas/pobleyef/Poison-Set/ncwo1/P30-5/GNOFmsta/arina.179026
mv /scratch/pobleyef/179026/* /home-nas/pobleyef/Poison-Set/ncwo1/P30-5/GNOFmsta/arina.179026
