BH76_1_n2ohts
/software/eb2024/easybuild/software/common/software/Julia/1.11.3-linux-x86_64/bin/julia
Job runing on na07
Choosing scratch ...
Automatic scratch folder selection
/scratch/pobleyef/173908
/scratch/pobleyef/173908 directory
cp BH76_1_n2ohts.jl BH76_1_n2ohts.jld2 to  /scratch/pobleyef/173908/.
Computing Integrals
Elapsed time:    6.56 Seconds

Number of basis functions                   (NBF)    = 201
Number of auxiliary basis functions         (NBFAUX) = 249
Inactive Doubly occupied orbitals up to     (NO1)    = 0
No. considered Strongly Doubly occupied MOs (NDOC)   = 11
No. considered Strongly Singly occupied MOs (NSOC)   = 1
NO. of Weakly occ. per St. Doubly occ.  MOs (NCWO)   = 1
Dimension of the Nat. Orb. subspace         (NBF5)   = 23
No. of electrons                                     = 23
    No. of alpha electrons                           = 12
    No. of beta electrons                            = 11
Multiplicity                                         = 2

Geometry
========
 H      -0.2690454      -1.5391876       0.0000000
 O      -0.8267685      -0.2299978       0.0000000
 N       0.0342399       0.6485534       0.0000000
 N       1.0615740       1.1206319       0.0000000

No violations of the orthonormality
No violations of the orthonormality
 
PNOF9/ADABelief Calculation
==================
 
  Nitext  Nit_orb  Time   Nit_occ  Time         Eelec          Etot           Ediff      maxdiff    MaxGrad_orb  Grad_occ
     1      10    3.1e+01    0    2.0e+01  -250.36484810  -184.67860627 -10249.36484810   0.008117   3.2e-02   2.4e-04 0.04
     2      30    3.3e+01    3    5.5e-02  -250.36532839  -184.67908657    -0.00048030   0.004520   1.8e-02   2.0e-04 0.04
     3      30    3.1e+01    0    1.5e-02  -250.36533720  -184.67909538    -0.00000881   0.004520   1.8e-02   2.0e-04 0.04
     4      44    4.7e+01    3    1.2e-02  -250.36564565  -184.67940382    -0.00030844   0.000498   2.0e-03   1.4e-04 0.04
 
RESULTS OF THE OCCUPATION OPTIMIZATION
========================================
   1    1.9998507  -20.69151051
   2    1.9996564  -15.81288713
   3    1.9997757  -15.71647678
   4    1.9935289  -1.47550936
   5    1.9909337  -1.22890555
   6    1.9791292  -0.97345659
   7    1.9689795  -0.91184724
   8    1.9875289  -0.75131684
   9    1.9875472  -0.75069690
  10    1.9574016  -0.60757325
  11    1.9566257  -0.59138875
  12    1.0000000  -0.17957963
  13    0.0433743  -0.05706427
  14    0.0425984  -0.05670120
  15    0.0124528  -0.01849651
  16    0.0124711  -0.01848759
  17    0.0310205  -0.05116105
  18    0.0208708  -0.03484643
  19    0.0090663  -0.01878981
  20    0.0064711  -0.01580491
  21    0.0002243  -0.00602833
  22    0.0003436  -0.00866141
  23    0.0001493  -0.00547548
 
----------------
 Final Energies 
----------------
Final NOF Total Energy =    -184.6794038
 
Total Orbital Internal Iterations = 114
Total Occupation Internal Iterations = 6
 
Elapsed time:  181.91 Seconds

---------------------------------
   Lowdin Population Analysis    
---------------------------------
 Idx  Atom   Population   Charge 
---------------------------------
  1     H     1.200      -0.200
  2     O     7.805       0.195
  3     N     7.093      -0.093
  4     N     6.902       0.098

---------------------------------
   M Diagnostic: 0.04
---------------------------------

Recovering execution output...
Moving from /scratch/pobleyef/173908 to /home-nas/pobleyef/Poison-Set/ncwo1/P30-5/GNOFmsta/arina.173908
mkdir -p /home-nas/pobleyef/Poison-Set/ncwo1/P30-5/GNOFmsta/arina.173908
mv /scratch/pobleyef/173908/* /home-nas/pobleyef/Poison-Set/ncwo1/P30-5/GNOFmsta/arina.173908
