BH76_1_oh
/software/eb2024/easybuild/software/common/software/Julia/1.11.3-linux-x86_64/bin/julia
Job runing on na07
Choosing scratch ...
Automatic scratch folder selection
/scratch/pobleyef/179024
/scratch/pobleyef/179024 directory
cp BH76_1_oh.jl BH76_1_oh.jld2 to  /scratch/pobleyef/179024/.
Computing Integrals
Elapsed time:    3.87 Seconds

Number of basis functions                   (NBF)    = 87
Number of auxiliary basis functions         (NBFAUX) = 95
Inactive Doubly occupied orbitals up to     (NO1)    = 0
No. considered Strongly Doubly occupied MOs (NDOC)   = 4
No. considered Strongly Singly occupied MOs (NSOC)   = 1
NO. of Weakly occ. per St. Doubly occ.  MOs (NCWO)   = 1
Dimension of the Nat. Orb. subspace         (NBF5)   = 9
No. of electrons                                     = 9
    No. of alpha electrons                           = 5
    No. of beta electrons                            = 4
Multiplicity                                         = 2

Geometry
========
 O       0.0000000       0.0000000       0.4844483
 H       0.0000000       0.0000000      -0.4844483

No violations of the orthonormality
No violations of the orthonormality
 
PNOF9/ADABelief Calculation
==================
 
  Nitext  Nit_orb  Time   Nit_occ  Time         Eelec          Etot           Ediff      maxdiff    MaxGrad_orb  Grad_occ
     1      10    1.7e+01    0    2.0e+01   -79.93478168   -75.56547212 -10078.93478168   0.000484   1.9e-03   2.2e-05 0.03
 
RESULTS OF THE OCCUPATION OPTIMIZATION
========================================
   1    1.9998299  -20.64809819
   2    1.9887518  -1.25067177
   3    1.9682423  -0.75965754
   4    1.9804360  -0.57035589
   5    1.0000000  -0.33953654
   6    0.0195640  -0.02206837
   7    0.0317577  -0.03732268
   8    0.0112482  -0.02159234
   9    0.0001701  -0.00604864
 
----------------
 Final Energies 
----------------
Final NOF Total Energy =     -75.5654721
 
Total Orbital Internal Iterations = 10
Total Occupation Internal Iterations = 0
 
Elapsed time:   47.88 Seconds

---------------------------------
   Lowdin Population Analysis    
---------------------------------
 Idx  Atom   Population   Charge 
---------------------------------
  1     O     7.582       0.418
  2     H     1.418      -0.418

---------------------------------
   M Diagnostic: 0.03
---------------------------------

Recovering execution output...
Moving from /scratch/pobleyef/179024 to /home-nas/pobleyef/Poison-Set/ncwo1/P30-5/GNOFmsta/arina.179024
mkdir -p /home-nas/pobleyef/Poison-Set/ncwo1/P30-5/GNOFmsta/arina.179024
mv /scratch/pobleyef/179024/* /home-nas/pobleyef/Poison-Set/ncwo1/P30-5/GNOFmsta/arina.179024
