f
/software/eb2024/easybuild/software/common/software/Julia/1.11.3-linux-x86_64/bin/julia
Job runing on na06
Choosing scratch ...
Automatic scratch folder selection
/scratch/pobleyef/173857
/scratch/pobleyef/173857 directory
cp f.jl f.jld2 to  /scratch/pobleyef/173857/.
Computing Integrals
Elapsed time:    3.88 Seconds

Number of basis functions                   (NBF)    = 57
Number of auxiliary basis functions         (NBFAUX) = 77
Inactive Doubly occupied orbitals up to     (NO1)    = 0
No. considered Strongly Doubly occupied MOs (NDOC)   = 4
No. considered Strongly Singly occupied MOs (NSOC)   = 1
NO. of Weakly occ. per St. Doubly occ.  MOs (NCWO)   = 1
Dimension of the Nat. Orb. subspace         (NBF5)   = 9
No. of electrons                                     = 9
    No. of alpha electrons                           = 5
    No. of beta electrons                            = 4
Multiplicity                                         = 2

Geometry
========
 F       0.0000000       0.0000000       0.0000000

No violations of the orthonormality
No violations of the orthonormality
 
PNOF9/ADABelief Calculation
==================
 
  Nitext  Nit_orb  Time   Nit_occ  Time         Eelec          Etot           Ediff      maxdiff    MaxGrad_orb  Grad_occ
     1      10    1.8e+01    3    2.4e+01   -99.54267216   -99.54267216 -10098.54267216   0.001545   6.2e-03   3.0e-05 0.02
     2      20    8.5e-03    0    2.4e-04   -99.54288547   -99.54288547    -0.00021331   0.001545   6.2e-03   3.0e-05 0.02
     3      40    3.1e-02    2    3.5e-04   -99.54310848   -99.54310848    -0.00022301   0.000910   3.6e-03   3.9e-05 0.01
 
RESULTS OF THE OCCUPATION OPTIMIZATION
========================================
   1    1.9998622  -26.42655038
   2    1.9888726  -1.41513412
   3    1.9852595  -0.82843405
   4    1.9852196  -0.82594156
   5    1.0000000  -0.43553639
   6    0.0147804  -0.02379139
   7    0.0147405  -0.02383916
   8    0.0111274  -0.02378995
   9    0.0001378  -0.00617934
 
----------------
 Final Energies 
----------------
Final NOF Total Energy =     -99.5431085
 
Total Orbital Internal Iterations = 70
Total Occupation Internal Iterations = 5
 
Elapsed time:   54.36 Seconds

---------------------------------
   Lowdin Population Analysis    
---------------------------------
 Idx  Atom   Population   Charge 
---------------------------------
  1     F     9.000       0.000

---------------------------------
   M Diagnostic: 0.01
---------------------------------

Recovering execution output...
Moving from /scratch/pobleyef/173857 to /home-nas/pobleyef/Poison-Set/ncwo1/P30-5/GNOFmsta/arina.173857
mkdir -p /home-nas/pobleyef/Poison-Set/ncwo1/P30-5/GNOFmsta/arina.173857
mv /scratch/pobleyef/173857/* /home-nas/pobleyef/Poison-Set/ncwo1/P30-5/GNOFmsta/arina.173857
