G2RC_10_67
/software/eb2024/easybuild/software/common/software/Julia/1.11.3-linux-x86_64/bin/julia
Job runing on na01
Choosing scratch ...
Automatic scratch folder selection
/scratch/pobleyef/179036
/scratch/pobleyef/179036 directory
cp G2RC_10_67.jl G2RC_10_67.jld2 to  /scratch/pobleyef/179036/.
Computing Integrals
Elapsed time:   68.33 Seconds

Number of basis functions                   (NBF)    = 350
Number of auxiliary basis functions         (NBFAUX) = 640
Inactive Doubly occupied orbitals up to     (NO1)    = 0
No. considered Strongly Doubly occupied MOs (NDOC)   = 41
No. considered Strongly Singly occupied MOs (NSOC)   = 0
NO. of Weakly occ. per St. Doubly occ.  MOs (NCWO)   = 1
Dimension of the Nat. Orb. subspace         (NBF5)   = 82
No. of electrons                                     = 82
    No. of alpha electrons                           = 41
    No. of beta electrons                            = 41
Multiplicity                                         = 1

Geometry
========
Si       0.0000000       0.0000000       0.0000000
Cl       1.1825283      -1.1825283       1.1825283
Cl      -1.1825283       1.1825283       1.1825283
Cl      -1.1825283      -1.1825283      -1.1825283
Cl       1.1825283       1.1825283      -1.1825283

No violations of the orthonormality
No violations of the orthonormality
 
PNOF9/ADABelief Calculation
==================
 
  Nitext  Nit_orb  Time   Nit_occ  Time         Eelec          Etot           Ediff      maxdiff    MaxGrad_orb  Grad_occ
     1      10    1.9e+02    0    2.1e+01 -2649.00684494 -2128.70422201 -12648.00684494   0.000739   3.0e-03   2.2e-04 0.03
 
RESULTS OF THE OCCUPATION OPTIMIZATION
========================================
   1    1.9999709  -104.91106186
   2    1.9999713  -104.91071749
   3    1.9999715  -104.90976998
   4    1.9999713  -104.90938816
   5    1.9999659  -68.97016579
   6    1.9993961  -10.59218872
   7    1.9993967  -10.59128386
   8    1.9993944  -10.59095621
   9    1.9993949  -10.58810837
  10    1.9991220  -8.06665192
  11    1.9991245  -8.06657101
  12    1.9986906  -8.06614066
  13    1.9986949  -8.06595740
  14    1.9991129  -8.06595105
  15    1.9986870  -8.06564746
  16    1.9991220  -8.06544232
  17    1.9986799  -8.06503235
  18    1.9991167  -8.06234437
  19    1.9991113  -8.06183455
  20    1.9991177  -8.06149483
  21    1.9991082  -8.06109830
  22    1.9980057  -5.93393503
  23    1.9973897  -4.48429786
  24    1.9973896  -4.47824732
  25    1.9973918  -4.47707987
  26    1.9920848  -1.13119393
  27    1.9920081  -1.13080187
  28    1.9920156  -1.13061876
  29    1.9920223  -1.12992864
  30    1.9732038  -0.60446866
  31    1.9730876  -0.60338581
  32    1.9731325  -0.60214270
  33    1.9732338  -0.60212686
  34    1.9779718  -0.52230889
  35    1.9778168  -0.52142573
  36    1.9777538  -0.51944452
  37    1.9776591  -0.51931734
  38    1.9778577  -0.51923920
  39    1.9776333  -0.51915614
  40    1.9781295  -0.51898599
  41    1.9779373  -0.51731262
  42    0.0220627  -0.02676130
  43    0.0218705  -0.02648746
  44    0.0223667  -0.02723585
  45    0.0221423  -0.02675949
  46    0.0223409  -0.02722402
  47    0.0222462  -0.02703526
  48    0.0221832  -0.02694079
  49    0.0220282  -0.02649888
  50    0.0267662  -0.04109705
  51    0.0268675  -0.04140047
  52    0.0269124  -0.04167650
  53    0.0267962  -0.04148000
  54    0.0079777  -0.02760115
  55    0.0079844  -0.02765518
  56    0.0079919  -0.02749028
  57    0.0079152  -0.02776240
  58    0.0026082  -0.02132198
  59    0.0026104  -0.02135647
  60    0.0026103  -0.02150439
  61    0.0019943  -0.02046375
  62    0.0008918  -0.01742978
  63    0.0008823  -0.01727307
  64    0.0008887  -0.01738403
  65    0.0008833  -0.01731894
  66    0.0013201  -0.02032198
  67    0.0008780  -0.01716169
  68    0.0013130  -0.02020431
  69    0.0008871  -0.01732182
  70    0.0013051  -0.01994984
  71    0.0013094  -0.02011740
  72    0.0008755  -0.01714440
  73    0.0008780  -0.01716914
  74    0.0006051  -0.01458576
  75    0.0006056  -0.01458848
  76    0.0006033  -0.01457512
  77    0.0006039  -0.01457109
  78    0.0000341  -0.00469569
  79    0.0000287  -0.00569585
  80    0.0000285  -0.00567700
  81    0.0000287  -0.00570264
  82    0.0000291  -0.00574680
 
----------------
 Final Energies 
----------------
Final NOF Total Energy =   -2128.7042220
 
Total Orbital Internal Iterations = 10
Total Occupation Internal Iterations = 0
 
Elapsed time:  232.55 Seconds

---------------------------------
   Lowdin Population Analysis    
---------------------------------
 Idx  Atom   Population   Charge 
---------------------------------
  1    Si    15.857      -1.857
  2    Cl    16.537       0.463
  3    Cl    16.535       0.465
  4    Cl    16.537       0.463
  5    Cl    16.535       0.465

---------------------------------
   M Diagnostic: 0.03
---------------------------------

Recovering execution output...
Moving from /scratch/pobleyef/179036 to /home-nas/pobleyef/Poison-Set/ncwo1/P30-5/GNOFmsta/arina.179036
mkdir -p /home-nas/pobleyef/Poison-Set/ncwo1/P30-5/GNOFmsta/arina.179036
mv /scratch/pobleyef/179036/* /home-nas/pobleyef/Poison-Set/ncwo1/P30-5/GNOFmsta/arina.179036
