G2RC_10_61
/software/eb2024/easybuild/software/common/software/Julia/1.11.3-linux-x86_64/bin/julia
Job runing on na09
Choosing scratch ...
Automatic scratch folder selection
/scratch/pobleyef/173909
/scratch/pobleyef/173909 directory
cp G2RC_10_61.jl G2RC_10_61.jld2 to  /scratch/pobleyef/173909/.
Computing Integrals
Elapsed time:    6.66 Seconds

Number of basis functions                   (NBF)    = 285
Number of auxiliary basis functions         (NBFAUX) = 383
Inactive Doubly occupied orbitals up to     (NO1)    = 0
No. considered Strongly Doubly occupied MOs (NDOC)   = 21
No. considered Strongly Singly occupied MOs (NSOC)   = 0
NO. of Weakly occ. per St. Doubly occ.  MOs (NCWO)   = 1
Dimension of the Nat. Orb. subspace         (NBF5)   = 42
No. of electrons                                     = 42
    No. of alpha electrons                           = 21
    No. of beta electrons                            = 21
Multiplicity                                         = 1

Geometry
========
 C       0.0000000       0.0000000       0.0000000
 F       0.7665641      -0.7665641       0.7665641
 F      -0.7665641       0.7665641       0.7665641
 F      -0.7665641      -0.7665641      -0.7665641
 F       0.7665641       0.7665641      -0.7665641

No violations of the orthonormality
No violations of the orthonormality
 
PNOF9/ADABelief Calculation
==================
 
  Nitext  Nit_orb  Time   Nit_occ  Time         Eelec          Etot           Ediff      maxdiff    MaxGrad_orb  Grad_occ
     1      10    3.7e+01    0    2.0e+01  -641.36031211  -436.65591477 -10640.36031211   0.017169   6.9e-02   2.5e-04 0.03
     2      30    5.7e+01    5    4.7e-02  -641.36555672  -436.66115938    -0.00524461   0.009430   3.8e-02   5.3e-05 0.03
     3      30    5.8e+01    2    4.7e-02  -641.36633198  -436.66193464    -0.00077526   0.009765   3.9e-02   3.5e-04 0.03
     4      30    6.0e+01    2    3.7e-02  -641.36689182  -436.66249448    -0.00055984   0.011067   4.4e-02   2.0e-04 0.03
     5      30    5.7e+01    0    2.7e-02  -641.36694783  -436.66255049    -0.00005601   0.011067   4.4e-02   2.0e-04 0.03
     6      50    9.6e+01    2    4.1e-02  -641.36902352  -436.66462618    -0.00207569   0.001044   4.2e-03   1.8e-04 0.03
     7      50    9.5e+01    2    2.8e-02  -641.36907980  -436.66468247    -0.00005628   0.001118   4.5e-03   1.3e-04 0.03
     8      50    9.5e+01    1    4.5e-02  -641.36909590  -436.66469857    -0.00001610   0.001173   4.7e-03   1.6e-04 0.03
     9      50    9.6e+01    1    2.4e-02  -641.36910288  -436.66470554    -0.00000698   0.001413   5.7e-03   1.5e-04 0.03
    10      50    9.8e+01    0    4.3e-02  -641.36910732  -436.66470999    -0.00000444   0.001103   4.4e-03   2.7e-04 0.03
    11      60    1.2e+02    0    2.4e-02  -641.36912340  -436.66472606    -0.00001608   0.000925   3.7e-03   2.4e-04 0.03
 
RESULTS OF THE OCCUPATION OPTIMIZATION
========================================
   1    1.9998688  -26.40998913
   2    1.9998685  -26.40960431
   3    1.9998686  -26.40941847
   4    1.9998713  -26.40912852
   5    1.9995104  -11.56254889
   6    1.9924756  -1.56754905
   7    1.9924437  -1.56002493
   8    1.9924324  -1.55866620
   9    1.9924116  -1.55270487
  10    1.9685300  -0.91312751
  11    1.9685170  -0.90841097
  12    1.9684878  -0.90793360
  13    1.9684786  -0.90417566
  14    1.9878061  -0.85338337
  15    1.9878110  -0.85146807
  16    1.9870915  -0.83897223
  17    1.9874877  -0.83824189
  18    1.9874344  -0.83783960
  19    1.9866070  -0.81903869
  20    1.9865575  -0.81537110
  21    1.9864102  -0.81474151
  22    0.0135898  -0.02358307
  23    0.0134425  -0.02341204
  24    0.0133930  -0.02337471
  25    0.0125656  -0.02284242
  26    0.0125123  -0.02277361
  27    0.0129085  -0.02346764
  28    0.0121890  -0.02281479
  29    0.0121939  -0.02282729
  30    0.0315214  -0.05428165
  31    0.0315122  -0.05417371
  32    0.0314830  -0.05416411
  33    0.0314700  -0.05408005
  34    0.0075884  -0.02141451
  35    0.0075676  -0.02144483
  36    0.0075563  -0.02139833
  37    0.0075244  -0.02148616
  38    0.0004896  -0.00899133
  39    0.0001287  -0.00592857
  40    0.0001314  -0.00596481
  41    0.0001315  -0.00596623
  42    0.0001312  -0.00596648
 
----------------
 Final Energies 
----------------
Final NOF Total Energy =    -436.6647261
 
Total Orbital Internal Iterations = 440
Total Occupation Internal Iterations = 15
 
Elapsed time:  913.12 Seconds

---------------------------------
   Lowdin Population Analysis    
---------------------------------
 Idx  Atom   Population   Charge 
---------------------------------
  1     C     7.551      -1.551
  2     F     8.613       0.387
  3     F     8.612       0.388
  4     F     8.612       0.388
  5     F     8.612       0.388

---------------------------------
   M Diagnostic: 0.03
---------------------------------

Recovering execution output...
Moving from /scratch/pobleyef/173909 to /home-nas/pobleyef/Poison-Set/ncwo1/P30-5/GNOFmsta/arina.173909
mkdir -p /home-nas/pobleyef/Poison-Set/ncwo1/P30-5/GNOFmsta/arina.173909
mv /scratch/pobleyef/173909/* /home-nas/pobleyef/Poison-Set/ncwo1/P30-5/GNOFmsta/arina.173909
