p
/software/eb2024/easybuild/software/common/software/Julia/1.11.3-linux-x86_64/bin/julia
Job runing on nagpu01
Choosing scratch ...
Automatic scratch folder selection
/scratch/pobleyef/173872
/scratch/pobleyef/173872 directory
cp p.jl p.jld2 to  /scratch/pobleyef/173872/.
Computing Integrals
Elapsed time:    5.62 Seconds

Number of basis functions                   (NBF)    = 70
Number of auxiliary basis functions         (NBFAUX) = 128
Inactive Doubly occupied orbitals up to     (NO1)    = 0
No. considered Strongly Doubly occupied MOs (NDOC)   = 6
No. considered Strongly Singly occupied MOs (NSOC)   = 3
NO. of Weakly occ. per St. Doubly occ.  MOs (NCWO)   = 1
Dimension of the Nat. Orb. subspace         (NBF5)   = 15
No. of electrons                                     = 15
    No. of alpha electrons                           = 9
    No. of beta electrons                            = 6
Multiplicity                                         = 4

Geometry
========
 P       0.0000000       0.0000000       0.0000000

No violations of the orthonormality
No violations of the orthonormality
 
PNOF9/ADABelief Calculation
==================
 
  Nitext  Nit_orb  Time   Nit_occ  Time         Eelec          Etot           Ediff      maxdiff    MaxGrad_orb  Grad_occ
     1      10    1.6e+01    0    2.0e+01  -340.91203499  -340.91203499 -10339.91203499   0.000492   2.0e-03   1.8e-04 0.02
 
RESULTS OF THE OCCUPATION OPTIMIZATION
========================================
   1    1.9999681  -80.03250219
   2    1.9990903  -7.52985772
   3    1.9977362  -5.42466696
   4    1.9977530  -5.42281586
   5    1.9977555  -5.42205561
   6    1.9840160  -0.70996592
   7    1.0000000  -0.20119803
   8    1.0000000  -0.20119379
   9    1.0000000  -0.20119113
  10    0.0159840  -0.02678804
  11    0.0022445  -0.02164252
  12    0.0022470  -0.02164810
  13    0.0022638  -0.02169604
  14    0.0009097  -0.01502332
  15    0.0000319  -0.00478693
 
----------------
 Final Energies 
----------------
Final NOF Total Energy =    -340.9120350
 
Total Orbital Internal Iterations = 10
Total Occupation Internal Iterations = 0
 
Elapsed time:   47.06 Seconds

---------------------------------
   Lowdin Population Analysis    
---------------------------------
 Idx  Atom   Population   Charge 
---------------------------------
  1     P    15.000      -0.000

---------------------------------
   M Diagnostic: 0.02
---------------------------------

Recovering execution output...
Moving from /scratch/pobleyef/173872 to /home-nas/pobleyef/Poison-Set/ncwo1/P30-5/GNOFmsta/arina.173872
mkdir -p /home-nas/pobleyef/Poison-Set/ncwo1/P30-5/GNOFmsta/arina.173872
mv /scratch/pobleyef/173872/* /home-nas/pobleyef/Poison-Set/ncwo1/P30-5/GNOFmsta/arina.173872
