s
/software/eb2024/easybuild/software/common/software/Julia/1.11.3-linux-x86_64/bin/julia
Job runing on nh035
Choosing scratch ...
Automatic scratch folder selection
/scratch/pobleyef/173881
/scratch/pobleyef/173881 directory
cp s.jl s.jld2 to  /scratch/pobleyef/173881/.
Computing Integrals
Elapsed time:    5.82 Seconds

Number of basis functions                   (NBF)    = 70
Number of auxiliary basis functions         (NBFAUX) = 128
Inactive Doubly occupied orbitals up to     (NO1)    = 0
No. considered Strongly Doubly occupied MOs (NDOC)   = 7
No. considered Strongly Singly occupied MOs (NSOC)   = 2
NO. of Weakly occ. per St. Doubly occ.  MOs (NCWO)   = 1
Dimension of the Nat. Orb. subspace         (NBF5)   = 16
No. of electrons                                     = 16
    No. of alpha electrons                           = 9
    No. of beta electrons                            = 7
Multiplicity                                         = 3

Geometry
========
 S       0.0000000       0.0000000       0.0000000

No violations of the orthonormality
No violations of the orthonormality
 
PNOF9/ADABelief Calculation
==================
 
  Nitext  Nit_orb  Time   Nit_occ  Time         Eelec          Etot           Ediff      maxdiff    MaxGrad_orb  Grad_occ
     1      10    2.8e+01    4    3.3e+01  -397.73179791  -397.73179791 -10396.73179791   0.005444   2.2e-02   1.1e-04 0.02
     2      20    5.0e-02    0    6.5e-04  -397.73216948  -397.73216948    -0.00037157   0.005444   2.2e-02   1.1e-04 0.02
     3      40    6.2e-02    2    8.3e-04  -397.73264561  -397.73264561    -0.00047613   0.006028   2.4e-02   1.5e-04 0.02
     4      40    6.5e-02    1    7.2e-04  -397.73280724  -397.73280724    -0.00016164   0.004896   2.0e-02   2.0e-04 0.02
     5      40    6.1e-02    1    7.1e-04  -397.73293949  -397.73293949    -0.00013224   0.004875   2.0e-02   1.9e-04 0.02
     6      40    6.1e-02    1    7.2e-04  -397.73304310  -397.73304310    -0.00010362   0.004396   1.8e-02   1.9e-04 0.02
     7      40    6.1e-02    2    8.0e-04  -397.73315868  -397.73315868    -0.00011558   0.004673   1.9e-02   2.4e-05 0.02
     8      40    6.1e-02    2    8.0e-04  -397.73328075  -397.73328075    -0.00012208   0.004787   1.9e-02   2.6e-05 0.02
     9      40    6.1e-02    2    4.7e-03  -397.73346187  -397.73346187    -0.00018111   0.005531   2.2e-02   4.7e-05 0.02
    10      40    6.1e-02    2    8.5e-04  -397.73367032  -397.73367032    -0.00020845   0.004973   2.0e-02   5.4e-05 0.02
    11      40    6.5e-02    2    8.6e-04  -397.73388323  -397.73388323    -0.00021291   0.005238   2.1e-02   8.7e-05 0.02
    12      40    6.1e-02    2    7.8e-04  -397.73405765  -397.73405765    -0.00017442   0.004534   1.8e-02   1.1e-04 0.02
    13      40    6.5e-02    2    8.2e-04  -397.73419476  -397.73419476    -0.00013711   0.005396   2.2e-02   1.4e-04 0.02
    14      40    6.1e-02    2    8.3e-04  -397.73429514  -397.73429514    -0.00010038   0.004527   1.8e-02   1.5e-04 0.02
    15      40    6.5e-02    2    8.5e-04  -397.73435510  -397.73435510    -0.00005996   0.005704   2.3e-02   1.7e-04 0.02
    16      40    6.1e-02    2    8.3e-04  -397.73441019  -397.73441019    -0.00005510   0.004897   2.0e-02   1.5e-04 0.02
    17      40    6.5e-02    2    8.3e-04  -397.73442695  -397.73442695    -0.00001676   0.005864   2.3e-02   1.5e-04 0.02
    18      40    6.1e-02    1    7.2e-04  -397.73444644  -397.73444644    -0.00001949   0.005776   2.3e-02   1.8e-04 0.02
    19      40    6.5e-02    2    1.1e-03  -397.73445529  -397.73445529    -0.00000885   0.006056   2.4e-02   1.5e-04 0.02
    20      40    6.1e-02    0    5.8e-04  -397.73445790  -397.73445790    -0.00000261   0.006056   2.4e-02   1.5e-04 0.02
    21      60    9.0e-02    1    7.8e-04  -397.73454722  -397.73454722    -0.00008932   0.000494   2.0e-03   1.4e-04 0.02
 
RESULTS OF THE OCCUPATION OPTIMIZATION
========================================
   1    1.9999675  -92.06031332
   2    1.9989996  -8.82396063
   3    1.9985410  -6.88632362
   4    1.9985586  -6.69560946
   5    1.9986054  -6.69385602
   6    1.9878161  -0.88871952
   7    1.9751408  -0.40795963
   8    1.0000000  -0.24616028
   9    1.0000000  -0.24599235
  10    0.0248592  -0.01967682
  11    0.0121839  -0.02784470
  12    0.0013946  -0.01989925
  13    0.0014414  -0.02041974
  14    0.0014590  -0.02051332
  15    0.0010004  -0.01661059
  16    0.0000325  -0.00560464
 
----------------
 Final Energies 
----------------
Final NOF Total Energy =    -397.7345472
 
Total Orbital Internal Iterations = 810
Total Occupation Internal Iterations = 35
 
Elapsed time:   81.12 Seconds

---------------------------------
   Lowdin Population Analysis    
---------------------------------
 Idx  Atom   Population   Charge 
---------------------------------
  1     S    16.000      -0.000

---------------------------------
   M Diagnostic: 0.02
---------------------------------

Recovering execution output...
Moving from /scratch/pobleyef/173881 to /home-nas/pobleyef/Poison-Set/ncwo1/P30-5/GNOFmsta/arina.173881
mkdir -p /home-nas/pobleyef/Poison-Set/ncwo1/P30-5/GNOFmsta/arina.173881
mv /scratch/pobleyef/173881/* /home-nas/pobleyef/Poison-Set/ncwo1/P30-5/GNOFmsta/arina.173881
