W4-11_107_so3
/software/eb2024/easybuild/software/common/software/Julia/1.11.3-linux-x86_64/bin/julia
Job runing on na07
Choosing scratch ...
Automatic scratch folder selection
/scratch/pobleyef/179058
/scratch/pobleyef/179058 directory
cp W4-11_107_so3.jl W4-11_107_so3.jld2 to  /scratch/pobleyef/179058/.
Computing Integrals
Elapsed time:   12.27 Seconds

Number of basis functions                   (NBF)    = 241
Number of auxiliary basis functions         (NBFAUX) = 359
Inactive Doubly occupied orbitals up to     (NO1)    = 0
No. considered Strongly Doubly occupied MOs (NDOC)   = 20
No. considered Strongly Singly occupied MOs (NSOC)   = 0
NO. of Weakly occ. per St. Doubly occ.  MOs (NCWO)   = 1
Dimension of the Nat. Orb. subspace         (NBF5)   = 40
No. of electrons                                     = 40
    No. of alpha electrons                           = 20
    No. of beta electrons                            = 20
Multiplicity                                         = 1

Geometry
========
 S       0.0000000       0.0000000       0.0000000
 O       0.0000000       1.4227900       0.0000000
 O       1.2321720      -0.7113950       0.0000000
 O      -1.2321720      -0.7113950       0.0000000

No violations of the orthonormality
No violations of the orthonormality
 
PNOF9/ADABelief Calculation
==================
 
  Nitext  Nit_orb  Time   Nit_occ  Time         Eelec          Etot           Ediff      maxdiff    MaxGrad_orb  Grad_occ
     1      10    5.6e+01    0    2.0e+01  -807.06429215  -623.01499579 -10806.06429215   0.000665   2.7e-03   2.3e-04 0.03
 
RESULTS OF THE OCCUPATION OPTIMIZATION
========================================
   1    1.9999768  -92.26784646
   2    1.9998209  -20.66736609
   3    1.9998210  -20.66699610
   4    1.9998130  -20.66468112
   5    1.9991605  -8.98533353
   6    1.9986710  -6.98661050
   7    1.9987279  -6.98588415
   8    1.9989734  -6.90247114
   9    1.9937907  -1.39716187
  10    1.9916892  -1.27601848
  11    1.9914336  -1.26804390
  12    1.9910833  -1.21340625
  13    1.9819370  -0.79918541
  14    1.9847980  -0.79142414
  15    1.9700392  -0.66272002
  16    1.9684650  -0.65929547
  17    1.9728961  -0.65844369
  18    1.9678364  -0.63636293
  19    1.9688525  -0.63283837
  20    1.9674500  -0.62402744
  21    0.0325500  -0.05074524
  22    0.0311475  -0.04182692
  23    0.0321636  -0.05015950
  24    0.0271039  -0.03679238
  25    0.0315350  -0.04844694
  26    0.0299608  -0.04193632
  27    0.0152020  -0.02572011
  28    0.0180630  -0.03125343
  29    0.0089167  -0.02186324
  30    0.0085664  -0.02171713
  31    0.0083108  -0.02178803
  32    0.0062093  -0.01796094
  33    0.0010266  -0.01609827
  34    0.0012721  -0.01964212
  35    0.0013290  -0.02053415
  36    0.0008395  -0.01531946
  37    0.0001870  -0.00622490
  38    0.0001790  -0.00612082
  39    0.0001791  -0.00609543
  40    0.0000232  -0.00437205
 
----------------
 Final Energies 
----------------
Final NOF Total Energy =    -623.0149958
 
Total Orbital Internal Iterations = 10
Total Occupation Internal Iterations = 0
 
Elapsed time:   91.31 Seconds

---------------------------------
   Lowdin Population Analysis    
---------------------------------
 Idx  Atom   Population   Charge 
---------------------------------
  1     S    16.163      -0.163
  2     O     7.945       0.055
  3     O     7.949       0.051
  4     O     7.943       0.057

---------------------------------
   M Diagnostic: 0.03
---------------------------------

Recovering execution output...
Moving from /scratch/pobleyef/179058 to /home-nas/pobleyef/Poison-Set/ncwo1/P30-5/GNOFmsta/arina.179058
mkdir -p /home-nas/pobleyef/Poison-Set/ncwo1/P30-5/GNOFmsta/arina.179058
mv /scratch/pobleyef/179058/* /home-nas/pobleyef/Poison-Set/ncwo1/P30-5/GNOFmsta/arina.179058
