W4-11_41_sif4
/software/eb2024/easybuild/software/common/software/Julia/1.11.3-linux-x86_64/bin/julia
Job runing on na07
Choosing scratch ...
Automatic scratch folder selection
/scratch/pobleyef/179072
/scratch/pobleyef/179072 directory
cp W4-11_41_sif4.jl W4-11_41_sif4.jld2 to  /scratch/pobleyef/179072/.
Computing Integrals
Elapsed time:   17.05 Seconds

Number of basis functions                   (NBF)    = 298
Number of auxiliary basis functions         (NBFAUX) = 436
Inactive Doubly occupied orbitals up to     (NO1)    = 0
No. considered Strongly Doubly occupied MOs (NDOC)   = 25
No. considered Strongly Singly occupied MOs (NSOC)   = 0
NO. of Weakly occ. per St. Doubly occ.  MOs (NCWO)   = 1
Dimension of the Nat. Orb. subspace         (NBF5)   = 50
No. of electrons                                     = 50
    No. of alpha electrons                           = 25
    No. of beta electrons                            = 25
Multiplicity                                         = 1

Geometry
========
 F       0.9009150       0.9009150       0.9009150
Si       0.0000000       0.0000000       0.0000000
 F      -0.9009150      -0.9009150       0.9009150
 F      -0.9009150       0.9009150      -0.9009150
 F       0.9009150      -0.9009150      -0.9009150

No violations of the orthonormality
No violations of the orthonormality
 
PNOF9/ADABelief Calculation
==================
 
  Nitext  Nit_orb  Time   Nit_occ  Time         Eelec          Etot           Ediff      maxdiff    MaxGrad_orb  Grad_occ
     1      10    7.4e+01    0    2.0e+01  -959.96230966  -688.11780961 -10958.96230966   0.000491   2.0e-03   2.1e-04 0.02
 
RESULTS OF THE OCCUPATION OPTIMIZATION
========================================
   1    1.9999689  -68.94578078
   2    1.9998738  -26.37905707
   3    1.9998735  -26.37902500
   4    1.9998739  -26.37896801
   5    1.9998718  -26.37892255
   6    1.9982239  -5.78299611
   7    1.9977664  -4.50734107
   8    1.9977662  -4.50657581
   9    1.9977663  -4.50649682
  10    1.9922950  -1.59479229
  11    1.9922872  -1.59470289
  12    1.9922772  -1.59451128
  13    1.9922629  -1.59385370
  14    1.9758458  -0.87709872
  15    1.9758072  -0.87694159
  16    1.9758062  -0.87678133
  17    1.9757008  -0.87640666
  18    1.9831242  -0.74060651
  19    1.9830194  -0.73990310
  20    1.9829092  -0.73987519
  21    1.9829461  -0.73985098
  22    1.9829748  -0.73984010
  23    1.9829658  -0.73982589
  24    1.9829716  -0.73974805
  25    1.9829902  -0.73971790
  26    0.0170098  -0.02595485
  27    0.0170284  -0.02597795
  28    0.0170342  -0.02598797
  29    0.0170252  -0.02597073
  30    0.0170539  -0.02600159
  31    0.0170908  -0.02602112
  32    0.0169806  -0.02592410
  33    0.0168758  -0.02587144
  34    0.0242992  -0.04466439
  35    0.0241938  -0.04460006
  36    0.0241928  -0.04455421
  37    0.0241542  -0.04453074
  38    0.0077371  -0.02369887
  39    0.0077228  -0.02369652
  40    0.0077128  -0.02369458
  41    0.0077050  -0.02366356
  42    0.0022337  -0.01886143
  43    0.0022338  -0.01886567
  44    0.0022336  -0.01888154
  45    0.0017761  -0.01828074
  46    0.0001282  -0.00579265
  47    0.0001261  -0.00575878
  48    0.0001265  -0.00576295
  49    0.0001262  -0.00575908
  50    0.0000311  -0.00440595
 
----------------
 Final Energies 
----------------
Final NOF Total Energy =    -688.1178096
 
Total Orbital Internal Iterations = 10
Total Occupation Internal Iterations = 0
 
Elapsed time:  109.84 Seconds

---------------------------------
   Lowdin Population Analysis    
---------------------------------
 Idx  Atom   Population   Charge 
---------------------------------
  1     F     8.668       0.332
  2    Si    15.329      -1.329
  3     F     8.668       0.332
  4     F     8.668       0.332
  5     F     8.668       0.332

---------------------------------
   M Diagnostic: 0.02
---------------------------------

Recovering execution output...
Moving from /scratch/pobleyef/179072 to /home-nas/pobleyef/Poison-Set/ncwo1/P30-5/GNOFmsta/arina.179072
mkdir -p /home-nas/pobleyef/Poison-Set/ncwo1/P30-5/GNOFmsta/arina.179072
mv /scratch/pobleyef/179072/* /home-nas/pobleyef/Poison-Set/ncwo1/P30-5/GNOFmsta/arina.179072
