W4-11_109_bn3pi
/software/eb2024/easybuild/software/common/software/Julia/1.11.3-linux-x86_64/bin/julia
Job runing on na11
Choosing scratch ...
Automatic scratch folder selection
/scratch/pobleyef/179059
/scratch/pobleyef/179059 directory
cp W4-11_109_bn3pi.jl W4-11_109_bn3pi.jld2 to  /scratch/pobleyef/179059/.
Computing Integrals
Elapsed time:    4.05 Seconds

Number of basis functions                   (NBF)    = 114
Number of auxiliary basis functions         (NBFAUX) = 152
Inactive Doubly occupied orbitals up to     (NO1)    = 0
No. considered Strongly Doubly occupied MOs (NDOC)   = 5
No. considered Strongly Singly occupied MOs (NSOC)   = 2
NO. of Weakly occ. per St. Doubly occ.  MOs (NCWO)   = 1
Dimension of the Nat. Orb. subspace         (NBF5)   = 12
No. of electrons                                     = 12
    No. of alpha electrons                           = 7
    No. of beta electrons                            = 5
Multiplicity                                         = 3

Geometry
========
 B       0.0000000       0.0000000      -0.7759500
 N       0.0000000       0.0000000       0.5542500

No violations of the orthonormality
No violations of the orthonormality
 
PNOF9/ADABelief Calculation
==================
 
  Nitext  Nit_orb  Time   Nit_occ  Time         Eelec          Etot           Ediff      maxdiff    MaxGrad_orb  Grad_occ
     1      10    2.5e+01    0    2.0e+01   -93.11005287   -79.18645912 -10092.11005287   0.001151   4.6e-03   2.4e-04 0.05
     2      30    2.7e+01    0    9.2e-03   -93.11101488   -79.18742113    -0.00096201   0.002891   1.2e-02   2.1e-04 0.05
     3      40    3.9e+01    0    1.9e-03   -93.11176678   -79.18817303    -0.00075190   0.000893   3.6e-03   2.2e-04 0.05
 
RESULTS OF THE OCCUPATION OPTIMIZATION
========================================
   1    1.9996065  -15.61132146
   2    1.9991988  -7.67374799
   3    1.9810081  -1.09518755
   4    1.9648710  -0.55921287
   5    1.9504401  -0.45234149
   6    1.0000000  -0.26848098
   7    1.0000000  -0.25263109
   8    0.0495599  -0.03859733
   9    0.0351290  -0.02620099
  10    0.0189919  -0.02615737
  11    0.0008012  -0.00970249
  12    0.0003935  -0.00955096
 
----------------
 Final Energies 
----------------
Final NOF Total Energy =     -79.1881730
 
Total Orbital Internal Iterations = 80
Total Occupation Internal Iterations = 0
 
Elapsed time:  123.65 Seconds

---------------------------------
   Lowdin Population Analysis    
---------------------------------
 Idx  Atom   Population   Charge 
---------------------------------
  1     B     5.209      -0.209
  2     N     6.791       0.209

---------------------------------
   M Diagnostic: 0.05
---------------------------------

Recovering execution output...
Moving from /scratch/pobleyef/179059 to /home-nas/pobleyef/Poison-Set/ncwo1/P30-5/GNOFmsta/arina.179059
mkdir -p /home-nas/pobleyef/Poison-Set/ncwo1/P30-5/GNOFmsta/arina.179059
mv /scratch/pobleyef/179059/* /home-nas/pobleyef/Poison-Set/ncwo1/P30-5/GNOFmsta/arina.179059
