W4-11_134_fo2
/software/eb2024/easybuild/software/common/software/Julia/1.11.3-linux-x86_64/bin/julia
Job runing on na07
Choosing scratch ...
Automatic scratch folder selection
/scratch/pobleyef/179067
/scratch/pobleyef/179067 directory
cp W4-11_134_fo2.jl W4-11_134_fo2.jld2 to  /scratch/pobleyef/179067/.
Computing Integrals
Elapsed time:    8.59 Seconds

Number of basis functions                   (NBF)    = 171
Number of auxiliary basis functions         (NBFAUX) = 231
Inactive Doubly occupied orbitals up to     (NO1)    = 0
No. considered Strongly Doubly occupied MOs (NDOC)   = 12
No. considered Strongly Singly occupied MOs (NSOC)   = 1
NO. of Weakly occ. per St. Doubly occ.  MOs (NCWO)   = 1
Dimension of the Nat. Orb. subspace         (NBF5)   = 25
No. of electrons                                     = 25
    No. of alpha electrons                           = 13
    No. of beta electrons                            = 12
Multiplicity                                         = 2

Geometry
========
 F      -1.0111950      -0.7062760       0.0000000
 O       0.0000000       0.5752150       0.0000000
 O       1.1375950       0.2193450       0.0000000

No violations of the orthonormality
No violations of the orthonormality
 
PNOF9/ADABelief Calculation
==================
 
  Nitext  Nit_orb  Time   Nit_occ  Time         Eelec          Etot           Ediff      maxdiff    MaxGrad_orb  Grad_occ
     1      10    5.4e+01    0    2.3e+01  -317.54745877  -249.50945864 -10316.54745877   0.000690   2.8e-03   1.5e-04 0.05
 
RESULTS OF THE OCCUPATION OPTIMIZATION
========================================
   1    1.9998769  -26.31642559
   2    1.9998422  -20.89305609
   3    1.9998281  -20.77178665
   4    1.9935131  -1.58325430
   5    1.9920189  -1.50300950
   6    1.9893424  -1.08990438
   7    1.9875970  -0.89148348
   8    1.9888140  -0.88120502
   9    1.9662272  -0.81915713
  10    1.9849215  -0.71957467
  11    1.9849526  -0.71444070
  12    1.9507620  -0.62632567
  13    1.0000000  -0.31486549
  14    0.0492380  -0.08495939
  15    0.0150474  -0.02373650
  16    0.0150785  -0.02401402
  17    0.0337728  -0.05532123
  18    0.0111860  -0.01699083
  19    0.0124030  -0.01991242
  20    0.0106576  -0.01933146
  21    0.0079811  -0.02327377
  22    0.0064869  -0.01778562
  23    0.0001719  -0.00611037
  24    0.0001578  -0.00558469
  25    0.0001231  -0.00567186
 
----------------
 Final Energies 
----------------
Final NOF Total Energy =    -249.5094586
 
Total Orbital Internal Iterations = 10
Total Occupation Internal Iterations = 0
 
Elapsed time:   96.50 Seconds

---------------------------------
   Lowdin Population Analysis    
---------------------------------
 Idx  Atom   Population   Charge 
---------------------------------
  1     F     9.152      -0.152
  2     O     7.928       0.072
  3     O     7.920       0.080

---------------------------------
   M Diagnostic: 0.05
---------------------------------

Recovering execution output...
Moving from /scratch/pobleyef/179067 to /home-nas/pobleyef/Poison-Set/ncwo1/P30-5/GNOFmsta/arina.179067
mkdir -p /home-nas/pobleyef/Poison-Set/ncwo1/P30-5/GNOFmsta/arina.179067
mv /scratch/pobleyef/179067/* /home-nas/pobleyef/Poison-Set/ncwo1/P30-5/GNOFmsta/arina.179067
