W4-11_135_cloo
/software/eb2024/easybuild/software/common/software/Julia/1.11.3-linux-x86_64/bin/julia
Job runing on nh041
Choosing scratch ...
Automatic scratch folder selection
/scratch/pobleyef/173893
/scratch/pobleyef/173893 directory
cp W4-11_135_cloo.jl W4-11_135_cloo.jld2 to  /scratch/pobleyef/173893/.
Computing Integrals
Elapsed time:    6.50 Seconds

Number of basis functions                   (NBF)    = 184
Number of auxiliary basis functions         (NBFAUX) = 282
Inactive Doubly occupied orbitals up to     (NO1)    = 0
No. considered Strongly Doubly occupied MOs (NDOC)   = 16
No. considered Strongly Singly occupied MOs (NSOC)   = 1
NO. of Weakly occ. per St. Doubly occ.  MOs (NCWO)   = 1
Dimension of the Nat. Orb. subspace         (NBF5)   = 33
No. of electrons                                     = 33
    No. of alpha electrons                           = 17
    No. of beta electrons                            = 16
Multiplicity                                         = 2

Geometry
========
Cl      -0.5609740      -0.9946370       0.0000000
 O       0.0000000       0.9587120       0.0000000
 O       1.1920690       1.1548920       0.0000000

No violations of the orthonormality
No violations of the orthonormality
 
PNOF9/ADABelief Calculation
==================
 
  Nitext  Nit_orb  Time   Nit_occ  Time         Eelec          Etot           Ediff      maxdiff    MaxGrad_orb  Grad_occ
     1      10    2.9e+01    6    3.3e+01  -699.11637416  -609.72480583 -10698.11637416   0.001832   7.3e-03   3.1e-04 0.05
     2      20    2.0e+00    0    9.3e-03  -699.11764404  -609.72607571    -0.00126988   0.001832   7.3e-03   3.1e-04 0.05
     3      40    4.0e+00    4    1.1e-02  -699.11822945  -609.72666113    -0.00058542   0.009684   3.9e-02   2.4e-04 0.05
     4      40    3.6e+00    2    8.7e-02  -699.11877744  -609.72720911    -0.00054798   0.008517   3.4e-02   1.6e-04 0.05
     5      40    3.6e+00    0    1.2e-02  -699.11879338  -609.72722505    -0.00001594   0.008517   3.4e-02   1.6e-04 0.05
     6      60    5.1e+00    2    5.8e-02  -699.11915428  -609.72758596    -0.00036090   0.001845   7.4e-03   1.1e-04 0.05
     7      60    5.6e+00    2    5.0e-02  -699.11921623  -609.72764790    -0.00006194   0.001402   5.6e-03   8.8e-05 0.05
     8      60    5.5e+00    2    2.4e-02  -699.11925191  -609.72768358    -0.00003568   0.001933   7.7e-03   7.4e-05 0.05
     9      60    5.5e+00    2    4.0e-02  -699.11929923  -609.72773090    -0.00004732   0.001401   5.6e-03   6.0e-05 0.05
    10      60    5.4e+00    1    2.5e-02  -699.11932986  -609.72776154    -0.00003063   0.001543   6.2e-03   1.5e-04 0.05
    11      60    5.5e+00    2    9.8e-03  -699.11936484  -609.72779651    -0.00003497   0.001347   5.4e-03   5.3e-05 0.05
    12      60    5.3e+00    1    3.2e-02  -699.11939465  -609.72782633    -0.00002982   0.001473   5.9e-03   7.6e-05 0.05
    13      60    6.1e+00    1    6.2e-02  -699.11942620  -609.72785787    -0.00003154   0.002355   9.4e-03   8.8e-05 0.05
    14      60    5.6e+00    1    3.6e-02  -699.11946402  -609.72789570    -0.00003782   0.001593   6.4e-03   1.4e-04 0.05
    15      60    5.3e+00    2    6.4e-03  -699.11949913  -609.72793081    -0.00003511   0.001671   6.7e-03   7.3e-05 0.05
    16      60    5.4e+00    1    4.4e-02  -699.11953879  -609.72797046    -0.00003965   0.001413   5.7e-03   1.4e-04 0.05
    17      60    5.2e+00    2    3.5e-02  -699.11957355  -609.72800522    -0.00003476   0.001553   6.2e-03   9.0e-05 0.05
    18      60    5.3e+00    1    8.7e-02  -699.11960332  -609.72803500    -0.00002978   0.001406   5.6e-03   1.4e-04 0.05
    19      60    5.7e+00    2    2.6e-02  -699.11962501  -609.72805669    -0.00002169   0.002093   8.4e-03   7.8e-05 0.05
    20      60    5.9e+00    2    7.4e-02  -699.11964273  -609.72807440    -0.00001772   0.001694   6.8e-03   7.7e-05 0.05
    21      60    5.3e+00    1    2.7e-02  -699.11965607  -609.72808775    -0.00001334   0.001466   5.9e-03   1.4e-04 0.05
    22      60    5.9e+00    2    7.6e-02  -699.11966549  -609.72809717    -0.00000942   0.001350   5.4e-03   6.1e-05 0.05
    23      60    5.6e+00    1    5.4e-02  -699.11967021  -609.72810188    -0.00000472   0.001827   7.3e-03   1.4e-04 0.05
    24      60    5.5e+00    2    4.2e-02  -699.11967699  -609.72810867    -0.00000679   0.001391   5.6e-03   5.1e-05 0.05
    25      60    5.1e+00    1    5.0e-02  -699.11967906  -609.72811074    -0.00000207   0.001537   6.1e-03   6.4e-05 0.05
    26      60    5.5e+00    0    4.3e-02  -699.11968344  -609.72811511    -0.00000438   0.001391   5.6e-03   1.7e-04 0.05
    27      70    6.2e+00    1    4.4e-02  -699.11968969  -609.72812137    -0.00000625   0.001247   5.0e-03   1.1e-04 0.05
    28      70    6.7e+00    0    3.8e-02  -699.11969114  -609.72812281    -0.00000145   0.001171   4.7e-03   1.7e-04 0.05
    29      80    6.6e+00    0    9.3e-02  -699.11969561  -609.72812729    -0.00000447   0.001039   4.2e-03   1.8e-04 0.05
    30      90    8.0e+00    0    5.5e-02  -699.11969709  -609.72812876    -0.00000148   0.001566   6.3e-03   2.0e-04 0.05
    31     100    9.0e+00    0    1.5e-02  -699.11970005  -609.72813172    -0.00000296   0.000962   3.8e-03   1.9e-04 0.05
 
RESULTS OF THE OCCUPATION OPTIMIZATION
========================================
   1    1.9999699  -104.91901110
   2    1.9997222  -20.77006179
   3    1.9997243  -20.76848676
   4    1.9993565  -10.58030332
   5    1.9988130  -8.08691265
   6    1.9987802  -8.08009192
   7    1.9991475  -8.07270433
   8    1.9938464  -1.53591560
   9    1.9904880  -1.19188471
  10    1.9925761  -1.11347739
  11    1.9629459  -0.85070411
  12    1.9870650  -0.76836373
  13    1.9827343  -0.71090855
  14    1.9804309  -0.51463946
  15    1.9804992  -0.51442321
  16    1.9542134  -0.50701504
  17    1.0000000  -0.30551855
  18    0.0457866  -0.07225921
  19    0.0195008  -0.02253146
  20    0.0195691  -0.02254273
  21    0.0172657  -0.02180965
  22    0.0129350  -0.02094740
  23    0.0370541  -0.05948927
  24    0.0074239  -0.02879823
  25    0.0095120  -0.02246702
  26    0.0061536  -0.01936129
  27    0.0008525  -0.01664359
  28    0.0012198  -0.01490078
  29    0.0011870  -0.01719942
  30    0.0006435  -0.01511082
  31    0.0002757  -0.00922656
  32    0.0002778  -0.00980701
  33    0.0000301  -0.00574526
 
----------------
 Final Energies 
----------------
Final NOF Total Energy =    -609.7281317
 
Total Orbital Internal Iterations = 1820
Total Occupation Internal Iterations = 44
 
Elapsed time:  251.63 Seconds

---------------------------------
   Lowdin Population Analysis    
---------------------------------
 Idx  Atom   Population   Charge 
---------------------------------
  1    Cl    17.010      -0.010
  2     O     8.047      -0.047
  3     O     7.944       0.056

---------------------------------
   M Diagnostic: 0.05
---------------------------------

Recovering execution output...
Moving from /scratch/pobleyef/173893 to /home-nas/pobleyef/Poison-Set/ncwo1/P30-5/GNOFmsta/arina.173893
mkdir -p /home-nas/pobleyef/Poison-Set/ncwo1/P30-5/GNOFmsta/arina.173893
mv /scratch/pobleyef/173893/* /home-nas/pobleyef/Poison-Set/ncwo1/P30-5/GNOFmsta/arina.173893
