W4-11_113_n2o
/software/eb2024/easybuild/software/common/software/Julia/1.11.3-linux-x86_64/bin/julia
Job runing on na11
Choosing scratch ...
Automatic scratch folder selection
/scratch/pobleyef/176473
/scratch/pobleyef/176473 directory
cp W4-11_113_n2o.jl W4-11_113_n2o.jld2 to  /scratch/pobleyef/176473/.
Computing Integrals
Elapsed time:    5.56 Seconds

Number of basis functions                   (NBF)    = 171
Number of auxiliary basis functions         (NBFAUX) = 231
Inactive Doubly occupied orbitals up to     (NO1)    = 0
No. considered Strongly Doubly occupied MOs (NDOC)   = 11
No. considered Strongly Singly occupied MOs (NSOC)   = 0
NO. of Weakly occ. per St. Doubly occ.  MOs (NCWO)   = 1
Dimension of the Nat. Orb. subspace         (NBF5)   = 22
No. of electrons                                     = 22
    No. of alpha electrons                           = 11
    No. of beta electrons                            = 11
Multiplicity                                         = 1

Geometry
========
 N       0.0000000       0.0000000      -1.2014770
 N       0.0000000       0.0000000      -0.0723770
 O       0.0000000       0.0000000       1.1146230

No violations of the orthonormality
No violations of the orthonormality
 
PNOF9/ADABelief Calculation
==================
 
  Nitext  Nit_orb  Time   Nit_occ  Time         Eelec          Etot           Ediff      maxdiff    MaxGrad_orb  Grad_occ
     1      10    2.2e+01    0    2.0e+01  -244.95186882  -184.22693390 -10243.95186882   0.000905   3.6e-03   2.6e-04 0.04
 
RESULTS OF THE OCCUPATION OPTIMIZATION
========================================
   1    1.9998480  -20.57776373
   2    1.9996586  -15.80078123
   3    1.9997648  -15.78755534
   4    1.9923026  -1.37683756
   5    1.9914148  -1.28046973
   6    1.9794801  -0.91496786
   7    1.9908658  -0.90635461
   8    1.9711461  -0.80335283
   9    1.9889073  -0.74849845
  10    1.9584835  -0.55856658
  11    1.9583772  -0.55853392
  12    0.0416228  -0.05665574
  13    0.0415165  -0.05651490
  14    0.0110927  -0.01667707
  15    0.0288539  -0.04935860
  16    0.0091342  -0.01470001
  17    0.0205199  -0.03389484
  18    0.0085852  -0.01856222
  19    0.0076974  -0.01982192
  20    0.0002352  -0.00615870
  21    0.0003414  -0.00856319
  22    0.0001520  -0.00549421
 
----------------
 Final Energies 
----------------
Final NOF Total Energy =    -184.2269339
 
Total Orbital Internal Iterations = 10
Total Occupation Internal Iterations = 0
 
Elapsed time:   54.96 Seconds

---------------------------------
   Lowdin Population Analysis    
---------------------------------
 Idx  Atom   Population   Charge 
---------------------------------
  1     N     6.948       0.052
  2     N     7.142      -0.142
  3     O     7.910       0.090

---------------------------------
   M Diagnostic: 0.04
---------------------------------

Recovering execution output...
Moving from /scratch/pobleyef/176473 to /home-nas/pobleyef/Poison-Set/ncwo1/P30-5/GNOFmsta/arina.176473
mkdir -p /home-nas/pobleyef/Poison-Set/ncwo1/P30-5/GNOFmsta/arina.176473
mv /scratch/pobleyef/176473/* /home-nas/pobleyef/Poison-Set/ncwo1/P30-5/GNOFmsta/arina.176473
