b
/software/eb2024/easybuild/software/common/software/Julia/1.11.3-linux-x86_64/bin/julia
Job runing on nh027
Choosing scratch ...
Automatic scratch folder selection
/scratch/pobleyef/208808
/scratch/pobleyef/208808 directory
cp b.jl b.jld2 to  /scratch/pobleyef/208808/.
Computing Integrals
Elapsed time:    5.86 Seconds

Number of basis functions                   (NBF)    = 57
Number of auxiliary basis functions         (NBFAUX) = 75
Inactive Doubly occupied orbitals up to     (NO1)    = 0
No. considered Strongly Doubly occupied MOs (NDOC)   = 2
No. considered Strongly Singly occupied MOs (NSOC)   = 1
NO. of Weakly occ. per St. Doubly occ.  MOs (NCWO)   = 27
Dimension of the Nat. Orb. subspace         (NBF5)   = 57
No. of electrons                                     = 5
    No. of alpha electrons                           = 3
    No. of beta electrons                            = 2
Multiplicity                                         = 2

Geometry
========
 B       0.0000000       0.0000000       0.0000000

No violations of the orthonormality
No violations of the orthonormality
 
PNOF9/ADABelief Calculation
==================
 
  Nitext  Nit_orb  Time   Nit_occ  Time         Eelec          Etot           Ediff      maxdiff    MaxGrad_orb  Grad_occ
     1      10    2.8e+01    4    3.5e+01   -24.62202479   -24.62202479 -10023.62202479   0.000894   3.6e-03   1.1e-04 0.15
 
RESULTS OF THE OCCUPATION OPTIMIZATION
========================================
   1    1.9989342  -7.67978019
   2    1.8011842  -0.50313318
   3    1.0000000  -0.17368107
   4    0.0941033  -0.03060603
   5    0.0007763  -0.00935278
   6    0.0940204  -0.03058998
   7    0.0000996  -0.00085149
   8    0.0038257  -0.00206323
   9    0.0000993  -0.00085019
  10    0.0024451  -0.00162112
  11    0.0000531  -0.00050355
  12    0.0013459  -0.00083781
  13    0.0000178  -0.00044470
  14    0.0012692  -0.00082268
  15    0.0000033  -0.00003507
  16    0.0012607  -0.00082093
  17    0.0000016  -0.00001828
  18    0.0000758  -0.00009251
  19    0.0000013  -0.00004460
  20    0.0000576  -0.00007286
  21    0.0000012  -0.00001011
  22    0.0000570  -0.00007269
  23    0.0000011  -0.00000867
  24    0.0000551  -0.00005094
  25    0.0000008  -0.00000524
  26    0.0000398  -0.00005448
  27    0.0000008  -0.00000483
  28    0.0000361  -0.00004217
  29    0.0000008  -0.00002292
  30    0.0000347  -0.00004098
  31    0.0000007  -0.00000369
  32    0.0000310  -0.00004071
  33    0.0000007  -0.00000326
  34    0.0000287  -0.00004005
  35    0.0000007  -0.00000310
  36    0.0000207  -0.00001728
  37    0.0000007  -0.00000286
  38    0.0000195  -0.00001682
  39    0.0000007  -0.00000282
  40    0.0000167  -0.00001739
  41    0.0000007  -0.00000252
  42    0.0000134  -0.00000688
  43    0.0000007  -0.00000236
  44    0.0000111  -0.00001415
  45    0.0000007  -0.00000246
  46    0.0000095  -0.00001021
  47    0.0000007  -0.00000237
  48    0.0000085  -0.00001120
  49    0.0000006  -0.00000239
  50    0.0000082  -0.00001412
  51    0.0000006  -0.00000079
  52    0.0000080  -0.00001468
  53    0.0000005  -0.00000054
  54    0.0000077  -0.00001115
  55    0.0000005  -0.00000050
  56    0.0000064  -0.00001010
  57    0.0000005  -0.00000021
 
----------------
 Final Energies 
----------------
Final NOF Total Energy =     -24.6220248
 
Total Orbital Internal Iterations = 10
Total Occupation Internal Iterations = 4
 
Elapsed time:   82.46 Seconds

---------------------------------
   Lowdin Population Analysis    
---------------------------------
 Idx  Atom   Population   Charge 
---------------------------------
  1     B     5.000      -0.000

---------------------------------
   M Diagnostic: 0.15
---------------------------------

Recovering execution output...
Moving from /scratch/pobleyef/208808 to /home-nas/pobleyef/Poison-NOF/ncwomax/P30-5/GNOFmsta20/arina.208808
mkdir -p /home-nas/pobleyef/Poison-NOF/ncwomax/P30-5/GNOFmsta20/arina.208808
mv /scratch/pobleyef/208808/* /home-nas/pobleyef/Poison-NOF/ncwomax/P30-5/GNOFmsta20/arina.208808
