BH76_9_hf
/software/eb2024/easybuild/software/common/software/Julia/1.11.3-linux-x86_64/bin/julia
Job runing on na10
Choosing scratch ...
Automatic scratch folder selection
/scratch/pobleyef/208807
/scratch/pobleyef/208807 directory
cp BH76_9_hf.jl BH76_9_hf.jld2 to  /scratch/pobleyef/208807/.
Computing Integrals
Elapsed time:    3.67 Seconds

Number of basis functions                   (NBF)    = 87
Number of auxiliary basis functions         (NBFAUX) = 95
Inactive Doubly occupied orbitals up to     (NO1)    = 0
No. considered Strongly Doubly occupied MOs (NDOC)   = 5
No. considered Strongly Singly occupied MOs (NSOC)   = 0
NO. of Weakly occ. per St. Doubly occ.  MOs (NCWO)   = 16
Dimension of the Nat. Orb. subspace         (NBF5)   = 85
No. of electrons                                     = 10
    No. of alpha electrons                           = 5
    No. of beta electrons                            = 5
Multiplicity                                         = 1

Geometry
========
 F       0.0000000       0.0000000       0.4576912
 H       0.0000000       0.0000000      -0.4576912

No violations of the orthonormality
No violations of the orthonormality
 
PNOF9/ADABelief Calculation
==================
 
  Nitext  Nit_orb  Time   Nit_occ  Time         Eelec          Etot           Ediff      maxdiff    MaxGrad_orb  Grad_occ
     1      10    1.6e+01    2    2.0e+01  -105.57821624  -100.37537979 -10104.57821624   0.000887   3.5e-03   1.7e-04 0.02
 
RESULTS OF THE OCCUPATION OPTIMIZATION
========================================
   1    1.9999916  -26.33984551
   2    1.9882897  -1.58468981
   3    1.9742322  -0.87235801
   4    1.9814712  -0.69872784
   5    1.9795860  -0.69837203
   6    0.0107785  -0.02021544
   7    0.0113866  -0.02070433
   8    0.0212548  -0.03568186
   9    0.0068092  -0.02173083
  10    0.0000075  -0.00031479
  11    0.0040996  -0.00949612
  12    0.0042212  -0.00946755
  13    0.0034911  -0.00842989
  14    0.0031014  -0.00903800
  15    0.0000004  -0.00004470
  16    0.0040187  -0.00952088
  17    0.0011949  -0.00439159
  18    0.0003376  -0.00115094
  19    0.0005065  -0.00501737
  20    0.0000001  -0.00000283
  21    0.0007355  -0.00264111
  22    0.0007368  -0.00266775
  23    0.0003039  -0.00107006
  24    0.0004494  -0.00177173
  25    0.0000000  -0.00000080
  26    0.0002600  -0.00092465
  27    0.0002845  -0.00103485
  28    0.0002261  -0.00086777
  29    0.0002412  -0.00104570
  30    0.0000000  -0.00000086
  31    0.0002250  -0.00082080
  32    0.0002793  -0.00101783
  33    0.0000472  -0.00022425
  34    0.0002322  -0.00101242
  35    0.0000000  -0.00000077
  36    0.0001216  -0.00054109
  37    0.0002417  -0.00087534
  38    0.0000293  -0.00010426
  39    0.0002097  -0.00090618
  40    0.0000000  -0.00000053
  41    0.0000669  -0.00029999
  42    0.0000752  -0.00044485
  43    0.0000206  -0.00011205
  44    0.0000610  -0.00089878
  45    0.0000000  -0.00000042
  46    0.0000307  -0.00011443
  47    0.0000206  -0.00012609
  48    0.0000177  -0.00008117
  49    0.0000248  -0.00014220
  50    0.0000000  -0.00000045
  51    0.0000147  -0.00009741
  52    0.0000169  -0.00010781
  53    0.0000147  -0.00007755
  54    0.0000147  -0.00012527
  55    0.0000000  -0.00000036
  56    0.0000140  -0.00009744
  57    0.0000150  -0.00010120
  58    0.0000083  -0.00002658
  59    0.0000133  -0.00010742
  60    0.0000000  -0.00000038
  61    0.0000140  -0.00009454
  62    0.0000141  -0.00010182
  63    0.0000054  -0.00000757
  64    0.0000123  -0.00010268
  65    0.0000000  -0.00000035
  66    0.0000112  -0.00005930
  67    0.0000135  -0.00009925
  68    0.0000033  -0.00001162
  69    0.0000107  -0.00009448
  70    0.0000000  -0.00000025
  71    0.0000096  -0.00005165
  72    0.0000132  -0.00009434
  73    0.0000031  -0.00001020
  74    0.0000105  -0.00009177
  75    0.0000000  -0.00000031
  76    0.0000069  -0.00002795
  77    0.0000085  -0.00005225
  78    0.0000025  -0.00000891
  79    0.0000071  -0.00004556
  80    0.0000000  -0.00000024
  81    0.0000068  -0.00003133
  82    0.0000067  -0.00003148
  83    0.0000021  -0.00000359
  84    0.0000063  -0.00003633
  85    0.0000000  -0.00000025
 
----------------
 Final Energies 
----------------
Final NOF Total Energy =    -100.3753798
 
Total Orbital Internal Iterations = 10
Total Occupation Internal Iterations = 2
 
Elapsed time:   47.49 Seconds

---------------------------------
   Lowdin Population Analysis    
---------------------------------
 Idx  Atom   Population   Charge 
---------------------------------
  1     F     8.511       0.489
  2     H     1.489      -0.489

---------------------------------
   M Diagnostic: 0.02
---------------------------------

Recovering execution output...
Moving from /scratch/pobleyef/208807 to /home-nas/pobleyef/Poison-NOF/ncwomax/P30-5/GNOFmsta20/arina.208807
mkdir -p /home-nas/pobleyef/Poison-NOF/ncwomax/P30-5/GNOFmsta20/arina.208807
mv /scratch/pobleyef/208807/* /home-nas/pobleyef/Poison-NOF/ncwomax/P30-5/GNOFmsta20/arina.208807
