G2RC_10_66
/software/eb2024/easybuild/software/common/software/Julia/1.11.3-linux-x86_64/bin/julia
Job runing on na17
Choosing scratch ...
Automatic scratch folder selection
/scratch/pobleyef/185793
/scratch/pobleyef/185793 directory
cp G2RC_10_66.jl G2RC_10_66.jld2 to  /scratch/pobleyef/185793/.
Computing Integrals
Elapsed time:   63.81 Seconds

Number of basis functions                   (NBF)    = 298
Number of auxiliary basis functions         (NBFAUX) = 436
Inactive Doubly occupied orbitals up to     (NO1)    = 0
No. considered Strongly Doubly occupied MOs (NDOC)   = 25
No. considered Strongly Singly occupied MOs (NSOC)   = 0
NO. of Weakly occ. per St. Doubly occ.  MOs (NCWO)   = 10
Dimension of the Nat. Orb. subspace         (NBF5)   = 275
No. of electrons                                     = 50
    No. of alpha electrons                           = 25
    No. of beta electrons                            = 25
Multiplicity                                         = 1

Geometry
========
Si       0.0000000       0.0000000       0.0000000
 F       0.9102019      -0.9102019       0.9102019
 F      -0.9102019       0.9102019       0.9102019
 F      -0.9102019      -0.9102019      -0.9102019
 F       0.9102019       0.9102019      -0.9102019

No violations of the orthonormality
No violations of the orthonormality
 
PNOF9/ADABelief Calculation
==================
 
  Nitext  Nit_orb  Time   Nit_occ  Time         Eelec          Etot           Ediff      maxdiff    MaxGrad_orb  Grad_occ
     1      10    1.9e+02   67    2.6e+01  -957.07194591  -688.00109632 -10956.07194591   0.024250   9.7e-02   2.4e-04 0.02
     2      20    3.6e+02   49    4.1e+00  -957.45694521  -688.38609563    -0.38499931   0.731720   2.9e+00   3.1e-04 0.02
     3      20    3.5e+02   40    3.4e+00  -957.62016401  -688.54931443    -0.16321880   0.031364   1.3e-01   1.6e-04 0.02
     4      20    3.5e+02   20    1.8e+00  -957.64608091  -688.57523133    -0.02591690   0.049237   2.0e-01   2.7e-04 0.02
     5      20    3.4e+02   22    2.0e+00  -957.66827842  -688.59742884    -0.02219751   0.044714   1.8e-01   3.5e-04 0.02
     6      20    3.3e+02   22    1.9e+00  -957.68083298  -688.60998340    -0.01255456   0.054872   2.2e-01   2.4e-04 0.02
     7      20    3.2e+02   20    2.2e+00  -957.69615471  -688.62530512    -0.01532173   0.032628   1.3e-01   2.0e-04 0.02
     8      20    3.3e+02   16    1.3e+00  -957.70012540  -688.62927582    -0.00397069   0.044125   1.8e-01   2.7e-04 0.02
     9      20    3.3e+02    0    3.2e-01  -957.70048258  -688.62963299    -0.00035717   0.044125   1.8e-01   2.7e-04 0.02
    10      40    6.6e+02   16    1.4e+00  -957.73596513  -688.66511555    -0.03548256   0.007219   2.9e-02   2.3e-04 0.02
    11      40    6.5e+02   13    1.6e+00  -957.73653728  -688.66568770    -0.00057215   0.006926   2.8e-02   2.3e-04 0.02
    12      40    6.6e+02   13    1.2e+00  -957.73742940  -688.66657982    -0.00089212   0.005965   2.4e-02   2.8e-04 0.02
    13      40    6.5e+02   13    1.2e+00  -957.73800371  -688.66715412    -0.00057430   0.005936   2.4e-02   2.6e-04 0.02
    14      40    6.4e+02   17    1.8e+00  -957.73869204  -688.66784246    -0.00068834   0.005415   2.2e-02   3.0e-04 0.02
    15      40    6.4e+02   15    1.4e+00  -957.73915248  -688.66830290    -0.00046044   0.017073   6.8e-02   2.6e-04 0.02
    16      40    6.6e+02   20    1.7e+00  -957.73961074  -688.66876116    -0.00045826   0.006910   2.8e-02   2.6e-04 0.02
    17      40    6.6e+02    5    8.2e-01  -957.73993709  -688.66908751    -0.00032635   0.005787   2.3e-02   2.8e-04 0.02
    18      40    6.5e+02   15    1.3e+00  -957.74020933  -688.66935974    -0.00027223   0.005618   2.2e-02   1.6e-04 0.02
    19      40    6.5e+02    5    7.4e-01  -957.74040421  -688.66955463    -0.00019489   0.004852   1.9e-02   2.1e-04 0.02
    20      40    6.4e+02    5    9.2e-01  -957.74052633  -688.66967675    -0.00012212   0.005567   2.2e-02   2.8e-04 0.02
    21      40    6.5e+02    9    1.1e+00  -957.74056851  -688.66971893    -0.00004218   0.004738   1.9e-02   2.0e-04 0.02
    22      40    6.4e+02    3    4.8e-01  -957.74070101  -688.66985143    -0.00013250   0.005360   2.1e-02   2.0e-04 0.02
    23      40    6.5e+02    3    5.8e-01  -957.74077794  -688.66992836    -0.00007693   0.005761   2.3e-02   2.1e-04 0.02
    24      40    6.4e+02    3    5.6e-01  -957.74080573  -688.66995615    -0.00002779   0.006189   2.5e-02   2.2e-04 0.02
    25      40    6.5e+02    1    4.1e-01  -957.74095928  -688.67010969    -0.00015355   0.005672   2.3e-02   2.7e-04 0.02
    26      40    6.5e+02    3    5.9e-01  -957.74096361  -688.67011403    -0.00000433   0.005216   2.1e-02   2.2e-04 0.02
    27      40    6.4e+02    1    3.6e-01  -957.74104797  -688.67019839    -0.00008436   0.004703   1.9e-02   2.5e-04 0.02
    28      40    6.3e+02    0    3.2e-01  -957.74104940  -688.67019981    -0.00000142   0.004703   1.9e-02   2.5e-04 0.02
    29      60    9.7e+02    0    3.2e-01  -957.74165077  -688.67080119    -0.00060138   0.000767   3.1e-03   2.5e-04 0.02
 
RESULTS OF THE OCCUPATION OPTIMIZATION
========================================
   1    1.9999990  -68.98352499
   2    1.9999870  -26.38005188
   3    1.9999893  -26.38000974
   4    1.9999891  -26.37999488
   5    1.9999858  -26.37997533
   6    1.9987447  -6.24036906
   7    1.9973679  -4.41524577
   8    1.9975555  -4.40849635
   9    1.9979609  -4.39285248
  10    1.9886694  -1.62044837
  11    1.9885875  -1.61752336
  12    1.9873666  -1.61705482
  13    1.9880866  -1.61459730
  14    1.9768416  -0.88094672
  15    1.9756395  -0.88041509
  16    1.9767803  -0.88016031
  17    1.9756519  -0.87685225
  18    1.9812281  -0.75604069
  19    1.9815640  -0.75566461
  20    1.9819079  -0.75559364
  21    1.9788746  -0.75376312
  22    1.9795764  -0.75341851
  23    1.9793403  -0.75324437
  24    1.9791379  -0.75321695
  25    1.9778944  -0.75220755
  26    0.0099657  -0.02022496
  27    0.0114332  -0.02171652
  28    0.0112000  -0.02145240
  29    0.0107896  -0.02108304
  30    0.0117724  -0.02199373
  31    0.0111429  -0.02157765
  32    0.0114447  -0.02181846
  33    0.0122452  -0.02257137
  34    0.0200441  -0.04173237
  35    0.0175104  -0.03901008
  36    0.0200044  -0.04174666
  37    0.0173965  -0.03897470
  38    0.0067251  -0.02172361
  39    0.0064951  -0.02167622
  40    0.0065738  -0.02177380
  41    0.0067284  -0.02179534
  42    0.0016555  -0.01020930
  43    0.0022502  -0.01597486
  44    0.0023846  -0.02007152
  45    0.0010989  -0.00849291
  46    0.0000038  -0.00016297
  47    0.0000042  -0.00014381
  48    0.0000040  -0.00014806
  49    0.0000042  -0.00016083
  50    0.0000007  -0.00002164
  51    0.0038471  -0.00965357
  52    0.0041119  -0.00990359
  53    0.0042429  -0.01077171
  54    0.0041464  -0.01046328
  55    0.0040956  -0.00953818
  56    0.0041489  -0.01023460
  57    0.0042898  -0.01120237
  58    0.0042936  -0.00977544
  59    0.0031893  -0.00866300
  60    0.0029330  -0.00872408
  61    0.0031969  -0.00868633
  62    0.0029649  -0.00862008
  63    0.0030497  -0.00913910
  64    0.0029414  -0.00902171
  65    0.0028565  -0.01271107
  66    0.0029940  -0.01327633
  67    0.0001668  -0.00473670
  68    0.0000985  -0.00098894
  69    0.0000980  -0.00090872
  70    0.0000473  -0.00125901
  71    0.0000021  -0.00005746
  72    0.0000019  -0.00005769
  73    0.0000016  -0.00004855
  74    0.0000023  -0.00012769
  75    0.0000000  -0.00000241
  76    0.0036773  -0.00918666
  77    0.0039360  -0.00941200
  78    0.0040610  -0.00971231
  79    0.0038327  -0.00949485
  80    0.0039272  -0.00934459
  81    0.0008372  -0.00474439
  82    0.0007711  -0.00314478
  83    0.0008255  -0.00320897
  84    0.0003397  -0.00135612
  85    0.0021507  -0.00809014
  86    0.0005707  -0.00239109
  87    0.0021323  -0.00808382
  88    0.0007620  -0.00493693
  89    0.0022300  -0.01013873
  90    0.0006141  -0.00289094
  91    0.0005849  -0.00553896
  92    0.0000885  -0.00086642
  93    0.0000254  -0.00062195
  94    0.0000673  -0.00145386
  95    0.0000421  -0.00114028
  96    0.0000018  -0.00005901
  97    0.0000012  -0.00003821
  98    0.0000012  -0.00003667
  99    0.0000017  -0.00004772
 100    0.0000000  -0.00000201
 101    0.0036351  -0.00929184
 102    0.0007324  -0.00275328
 103    0.0003479  -0.00121370
 104    0.0006994  -0.00264407
 105    0.0003570  -0.00126410
 106    0.0007589  -0.00289362
 107    0.0007012  -0.00266387
 108    0.0005545  -0.00308770
 109    0.0003070  -0.00113681
 110    0.0002847  -0.00107732
 111    0.0002638  -0.00102499
 112    0.0002048  -0.00085264
 113    0.0005277  -0.00444127
 114    0.0002479  -0.00113699
 115    0.0004822  -0.00513312
 116    0.0002832  -0.00123827
 117    0.0000545  -0.00129679
 118    0.0000169  -0.00016822
 119    0.0000320  -0.00025271
 120    0.0000241  -0.00074942
 121    0.0000018  -0.00005270
 122    0.0000011  -0.00003206
 123    0.0000009  -0.00002678
 124    0.0000011  -0.00003398
 125    0.0000000  -0.00000197
 126    0.0003677  -0.00142344
 127    0.0002701  -0.00097136
 128    0.0002709  -0.00098986
 129    0.0003650  -0.00128564
 130    0.0003527  -0.00125786
 131    0.0005273  -0.00398981
 132    0.0005795  -0.00308803
 133    0.0002799  -0.00102381
 134    0.0002104  -0.00084723
 135    0.0002012  -0.00085096
 136    0.0002145  -0.00087794
 137    0.0002047  -0.00086218
 138    0.0003177  -0.00139464
 139    0.0002442  -0.00108155
 140    0.0003693  -0.00180942
 141    0.0002590  -0.00113967
 142    0.0000225  -0.00019665
 143    0.0000100  -0.00015073
 144    0.0000093  -0.00010435
 145    0.0000081  -0.00010296
 146    0.0000017  -0.00005344
 147    0.0000009  -0.00002833
 148    0.0000008  -0.00002058
 149    0.0000010  -0.00002769
 150    0.0000000  -0.00000173
 151    0.0003385  -0.00121698
 152    0.0002443  -0.00093357
 153    0.0002640  -0.00097933
 154    0.0003131  -0.00116914
 155    0.0002479  -0.00091323
 156    0.0003819  -0.00135920
 157    0.0002918  -0.00102114
 158    0.0002777  -0.00100786
 159    0.0001948  -0.00081743
 160    0.0000580  -0.00029065
 161    0.0000540  -0.00025782
 162    0.0001731  -0.00075156
 163    0.0002708  -0.00116228
 164    0.0002181  -0.00094789
 165    0.0002724  -0.00117088
 166    0.0002131  -0.00093830
 167    0.0000168  -0.00014343
 168    0.0000100  -0.00028584
 169    0.0000087  -0.00010030
 170    0.0000076  -0.00009429
 171    0.0000010  -0.00003041
 172    0.0000004  -0.00001380
 173    0.0000007  -0.00001519
 174    0.0000008  -0.00002282
 175    0.0000000  -0.00000137
 176    0.0002165  -0.00082009
 177    0.0000796  -0.00034960
 178    0.0002285  -0.00088295
 179    0.0002339  -0.00090691
 180    0.0002228  -0.00083719
 181    0.0002499  -0.00096103
 182    0.0002770  -0.00101468
 183    0.0002426  -0.00089707
 184    0.0000228  -0.00014929
 185    0.0000380  -0.00019383
 186    0.0000163  -0.00011846
 187    0.0000383  -0.00021468
 188    0.0002060  -0.00091684
 189    0.0002085  -0.00089725
 190    0.0001903  -0.00089193
 191    0.0002125  -0.00093620
 192    0.0000089  -0.00010487
 193    0.0000086  -0.00013793
 194    0.0000085  -0.00010925
 195    0.0000072  -0.00009326
 196    0.0000007  -0.00001539
 197    0.0000004  -0.00000894
 198    0.0000006  -0.00001354
 199    0.0000007  -0.00002037
 200    0.0000000  -0.00000121
 201    0.0000271  -0.00018004
 202    0.0000234  -0.00015233
 203    0.0000174  -0.00011622
 204    0.0000161  -0.00011311
 205    0.0000804  -0.00034266
 206    0.0000151  -0.00010131
 207    0.0000523  -0.00027247
 208    0.0000241  -0.00015154
 209    0.0000146  -0.00009823
 210    0.0000174  -0.00012446
 211    0.0000140  -0.00009885
 212    0.0000159  -0.00012168
 213    0.0000214  -0.00015702
 214    0.0000174  -0.00013113
 215    0.0000209  -0.00016235
 216    0.0000211  -0.00014201
 217    0.0000087  -0.00010917
 218    0.0000083  -0.00010900
 219    0.0000079  -0.00009263
 220    0.0000071  -0.00008937
 221    0.0000005  -0.00001260
 222    0.0000003  -0.00001347
 223    0.0000005  -0.00001185
 224    0.0000006  -0.00001442
 225    0.0000000  -0.00000121
 226    0.0000164  -0.00011690
 227    0.0000171  -0.00011942
 228    0.0000138  -0.00009521
 229    0.0000137  -0.00009320
 230    0.0000532  -0.00022832
 231    0.0000151  -0.00009711
 232    0.0000143  -0.00010157
 233    0.0000145  -0.00009568
 234    0.0000131  -0.00009015
 235    0.0000134  -0.00009868
 236    0.0000133  -0.00009635
 237    0.0000144  -0.00011265
 238    0.0000166  -0.00012559
 239    0.0000159  -0.00012656
 240    0.0000168  -0.00012249
 241    0.0000179  -0.00013478
 242    0.0000085  -0.00009594
 243    0.0000083  -0.00012191
 244    0.0000078  -0.00009213
 245    0.0000066  -0.00009095
 246    0.0000005  -0.00001239
 247    0.0000003  -0.00003567
 248    0.0000003  -0.00003570
 249    0.0000003  -0.00000816
 250    0.0000000  -0.00000106
 251    0.0000141  -0.00009275
 252    0.0000141  -0.00010283
 253    0.0000133  -0.00009322
 254    0.0000136  -0.00009237
 255    0.0000162  -0.00010893
 256    0.0000149  -0.00009526
 257    0.0000143  -0.00009691
 258    0.0000143  -0.00009788
 259    0.0000124  -0.00008896
 260    0.0000130  -0.00009513
 261    0.0000125  -0.00008995
 262    0.0000134  -0.00009189
 263    0.0000165  -0.00012847
 264    0.0000150  -0.00012443
 265    0.0000162  -0.00012151
 266    0.0000165  -0.00012467
 267    0.0000084  -0.00010348
 268    0.0000083  -0.00010194
 269    0.0000078  -0.00009146
 270    0.0000063  -0.00033665
 271    0.0000004  -0.00000989
 272    0.0000002  -0.00000783
 273    0.0000003  -0.00003777
 274    0.0000003  -0.00003971
 275    0.0000000  -0.00000104
 
----------------
 Final Energies 
----------------
Final NOF Total Energy =    -688.6708012
 
Total Orbital Internal Iterations = 990
Total Occupation Internal Iterations = 416
 
Elapsed time: 16592.77 Seconds

---------------------------------
   Lowdin Population Analysis    
---------------------------------
 Idx  Atom   Population   Charge 
---------------------------------
  1    Si    15.174      -1.174
  2     F     8.707       0.293
  3     F     8.706       0.294
  4     F     8.706       0.294
  5     F     8.706       0.294

---------------------------------
   M Diagnostic: 0.02
---------------------------------

Recovering execution output...
Moving from /scratch/pobleyef/185793 to /home-nas/pobleyef/Poison-NOF/ncwomax/P30-5/GNOFmsta/arina.185793
mkdir -p /home-nas/pobleyef/Poison-NOF/ncwomax/P30-5/GNOFmsta/arina.185793
mv /scratch/pobleyef/185793/* /home-nas/pobleyef/Poison-NOF/ncwomax/P30-5/GNOFmsta/arina.185793
