G2RC_20_68
/software/eb2024/easybuild/software/common/software/Julia/1.11.3-linux-x86_64/bin/julia
Job runing on na18
Choosing scratch ...
Automatic scratch folder selection
/scratch/pobleyef/208821
/scratch/pobleyef/208821 directory
cp G2RC_20_68.jl G2RC_20_68.jld2 to  /scratch/pobleyef/208821/.
Computing Integrals
Elapsed time:   15.52 Seconds

Number of basis functions                   (NBF)    = 171
Number of auxiliary basis functions         (NBFAUX) = 231
Inactive Doubly occupied orbitals up to     (NO1)    = 0
No. considered Strongly Doubly occupied MOs (NDOC)   = 11
No. considered Strongly Singly occupied MOs (NSOC)   = 0
NO. of Weakly occ. per St. Doubly occ.  MOs (NCWO)   = 14
Dimension of the Nat. Orb. subspace         (NBF5)   = 165
No. of electrons                                     = 22
    No. of alpha electrons                           = 11
    No. of beta electrons                            = 11
Multiplicity                                         = 1

Geometry
========
 N       0.0000000       0.0000000      -0.0211861
 N       0.0000000       0.0000000      -1.1424486
 O       0.0000000       0.0000000       1.1636347

No violations of the orthonormality
No violations of the orthonormality
 
PNOF9/ADABelief Calculation
==================
 
  Nitext  Nit_orb  Time   Nit_occ  Time         Eelec          Etot           Ediff      maxdiff    MaxGrad_orb  Grad_occ
     1      10    1.3e+02    5    2.2e+01  -245.44338998  -184.45644149 -10244.44338998   0.000500   2.0e-03   2.5e-04 0.04
 
RESULTS OF THE OCCUPATION OPTIMIZATION
========================================
   1    1.9999896  -20.14441854
   2    1.9999766  -16.10319249
   3    1.9999781  -15.96221327
   4    1.9880436  -1.49273744
   5    1.9870798  -1.26606505
   6    1.9784198  -0.96125082
   7    1.9733319  -0.94704804
   8    1.9811094  -0.74097000
   9    1.9794193  -0.71457064
  10    1.9630838  -0.59745071
  11    1.9631801  -0.57524534
  12    0.0342114  -0.05287642
  13    0.0341286  -0.05289384
  14    0.0062586  -0.01262105
  15    0.0061716  -0.01243544
  16    0.0241804  -0.04713960
  17    0.0149578  -0.02963015
  18    0.0062574  -0.01634491
  19    0.0060024  -0.01847784
  20    0.0000101  -0.00034542
  21    0.0000066  -0.00019311
  22    0.0000057  -0.00023720
  23    0.0021003  -0.00443326
  24    0.0022594  -0.00478714
  25    0.0041632  -0.00869712
  26    0.0043543  -0.00950197
  27    0.0014761  -0.00439768
  28    0.0027693  -0.00633797
  29    0.0029033  -0.00641782
  30    0.0020052  -0.00598940
  31    0.0000026  -0.00003851
  32    0.0000031  -0.00005186
  33    0.0000013  -0.00002640
  34    0.0001453  -0.00043707
  35    0.0001696  -0.00046563
  36    0.0040674  -0.00856927
  37    0.0042807  -0.00875017
  38    0.0004067  -0.00137579
  39    0.0024076  -0.00594938
  40    0.0012322  -0.00530537
  41    0.0017132  -0.00729657
  42    0.0000024  -0.00004160
  43    0.0000029  -0.00004959
  44    0.0000011  -0.00002272
  45    0.0001260  -0.00037399
  46    0.0001149  -0.00036325
  47    0.0037392  -0.00770076
  48    0.0012641  -0.00441698
  49    0.0001532  -0.00056968
  50    0.0008512  -0.00224860
  51    0.0005032  -0.00156647
  52    0.0005128  -0.00176699
  53    0.0000013  -0.00002386
  54    0.0000016  -0.00002771
  55    0.0000005  -0.00001107
  56    0.0000721  -0.00025813
  57    0.0000990  -0.00031908
  58    0.0008892  -0.00283101
  59    0.0010114  -0.00246983
  60    0.0001426  -0.00054289
  61    0.0001645  -0.00052833
  62    0.0004938  -0.00154726
  63    0.0004849  -0.00453510
  64    0.0000012  -0.00002150
  65    0.0000016  -0.00002696
  66    0.0000004  -0.00001022
  67    0.0000650  -0.00024249
  68    0.0000646  -0.00024788
  69    0.0003526  -0.00131904
  70    0.0009065  -0.00284950
  71    0.0000757  -0.00030642
  72    0.0001587  -0.00055362
  73    0.0004681  -0.00339733
  74    0.0003508  -0.00190702
  75    0.0000011  -0.00002370
  76    0.0000014  -0.00003746
  77    0.0000003  -0.00002972
  78    0.0000359  -0.00015096
  79    0.0000256  -0.00009536
  80    0.0003244  -0.00099395
  81    0.0003755  -0.00131963
  82    0.0000594  -0.00028023
  83    0.0001506  -0.00049367
  84    0.0003779  -0.00127546
  85    0.0002386  -0.00087584
  86    0.0000007  -0.00001475
  87    0.0000010  -0.00002990
  88    0.0000002  -0.00000320
  89    0.0000109  -0.00005558
  90    0.0000099  -0.00005520
  91    0.0002042  -0.00065744
  92    0.0003578  -0.00147993
  93    0.0000558  -0.00026433
  94    0.0000324  -0.00016400
  95    0.0002794  -0.00178715
  96    0.0002328  -0.00083961
  97    0.0000005  -0.00002100
  98    0.0000010  -0.00002182
  99    0.0000002  -0.00000307
 100    0.0000103  -0.00005238
 101    0.0000093  -0.00004927
 102    0.0001915  -0.00062454
 103    0.0000475  -0.00020675
 104    0.0000535  -0.00026205
 105    0.0000185  -0.00009962
 106    0.0001328  -0.00099037
 107    0.0001814  -0.00068884
 108    0.0000004  -0.00003523
 109    0.0000009  -0.00001977
 110    0.0000001  -0.00000257
 111    0.0000092  -0.00005523
 112    0.0000080  -0.00004564
 113    0.0001597  -0.00055723
 114    0.0000395  -0.00020081
 115    0.0000220  -0.00011031
 116    0.0000170  -0.00010512
 117    0.0000985  -0.00053348
 118    0.0001080  -0.00048647
 119    0.0000004  -0.00000637
 120    0.0000008  -0.00001922
 121    0.0000001  -0.00000151
 122    0.0000089  -0.00005378
 123    0.0000078  -0.00004663
 124    0.0001091  -0.00043581
 125    0.0000318  -0.00016311
 126    0.0000126  -0.00008677
 127    0.0000142  -0.00009330
 128    0.0000701  -0.00075253
 129    0.0000585  -0.00082768
 130    0.0000004  -0.00000632
 131    0.0000007  -0.00001510
 132    0.0000001  -0.00000145
 133    0.0000086  -0.00004859
 134    0.0000073  -0.00004185
 135    0.0000878  -0.00039677
 136    0.0000184  -0.00008644
 137    0.0000110  -0.00007167
 138    0.0000140  -0.00008797
 139    0.0000540  -0.00030578
 140    0.0000299  -0.00038820
 141    0.0000003  -0.00001888
 142    0.0000007  -0.00001441
 143    0.0000001  -0.00000103
 144    0.0000082  -0.00004176
 145    0.0000067  -0.00003916
 146    0.0000195  -0.00010838
 147    0.0000158  -0.00007989
 148    0.0000103  -0.00007081
 149    0.0000125  -0.00007100
 150    0.0000263  -0.00012968
 151    0.0000227  -0.00011798
 152    0.0000003  -0.00000410
 153    0.0000006  -0.00001245
 154    0.0000001  -0.00000099
 155    0.0000078  -0.00004122
 156    0.0000056  -0.00003905
 157    0.0000143  -0.00007797
 158    0.0000157  -0.00008203
 159    0.0000087  -0.00006874
 160    0.0000119  -0.00007557
 161    0.0000230  -0.00012595
 162    0.0000153  -0.00009148
 163    0.0000002  -0.00000379
 164    0.0000004  -0.00001131
 165    0.0000001  -0.00000111
 
----------------
 Final Energies 
----------------
Final NOF Total Energy =    -184.4564415
 
Total Orbital Internal Iterations = 10
Total Occupation Internal Iterations = 5
 
Elapsed time:  174.72 Seconds

---------------------------------
   Lowdin Population Analysis    
---------------------------------
 Idx  Atom   Population   Charge 
---------------------------------
  1     N     7.137      -0.137
  2     N     6.949       0.051
  3     O     7.914       0.086

---------------------------------
   M Diagnostic: 0.04
---------------------------------

Recovering execution output...
Moving from /scratch/pobleyef/208821 to /home-nas/pobleyef/Poison-NOF/ncwomax/P30-5/GNOFmsta20/arina.208821
mkdir -p /home-nas/pobleyef/Poison-NOF/ncwomax/P30-5/GNOFmsta20/arina.208821
mv /scratch/pobleyef/208821/* /home-nas/pobleyef/Poison-NOF/ncwomax/P30-5/GNOFmsta20/arina.208821
