mg
/software/eb2024/easybuild/software/common/software/Julia/1.11.3-linux-x86_64/bin/julia
Job runing on nagpu01
Choosing scratch ...
Automatic scratch folder selection
/scratch/pobleyef/208825
/scratch/pobleyef/208825 directory
cp mg.jl mg.jld2 to  /scratch/pobleyef/208825/.
Computing Integrals
Elapsed time:    4.53 Seconds

Number of basis functions                   (NBF)    = 51
Number of auxiliary basis functions         (NBFAUX) = 112
Inactive Doubly occupied orbitals up to     (NO1)    = 0
No. considered Strongly Doubly occupied MOs (NDOC)   = 6
No. considered Strongly Singly occupied MOs (NSOC)   = 0
NO. of Weakly occ. per St. Doubly occ.  MOs (NCWO)   = 7
Dimension of the Nat. Orb. subspace         (NBF5)   = 48
No. of electrons                                     = 12
    No. of alpha electrons                           = 6
    No. of beta electrons                            = 6
Multiplicity                                         = 1

Geometry
========
Mg       0.0000000       0.0000000       0.0000000

No violations of the orthonormality
No violations of the orthonormality
 
PNOF9/ADABelief Calculation
==================
 
  Nitext  Nit_orb  Time   Nit_occ  Time         Eelec          Etot           Ediff      maxdiff    MaxGrad_orb  Grad_occ
     1      10    1.7e+01    2    2.0e+01  -199.85987615  -199.85987615 -10198.85987615   0.000971   3.9e-03   1.9e-04 0.02
 
RESULTS OF THE OCCUPATION OPTIMIZATION
========================================
   1    1.9999988  -49.07620968
   2    1.9975076  -3.79844227
   3    1.9936261  -2.30998033
   4    1.9938222  -2.30975806
   5    1.9935208  -2.30941894
   6    1.9678065  -0.26455937
   7    0.0095658  -0.01105136
   8    0.0028588  -0.01378966
   9    0.0028873  -0.01382350
  10    0.0062892  -0.03021795
  11    0.0023037  -0.01317212
  12    0.0000012  -0.00000656
  13    0.0095527  -0.01103822
  14    0.0028284  -0.01372079
  15    0.0028776  -0.01382070
  16    0.0000278  -0.00009225
  17    0.0000908  -0.00047827
  18    0.0000000  -0.00000019
  19    0.0094107  -0.01097982
  20    0.0004561  -0.00652708
  21    0.0001655  -0.00070048
  22    0.0000278  -0.00009211
  23    0.0000681  -0.00182607
  24    0.0000000  -0.00000017
  25    0.0011400  -0.00144358
  26    0.0001676  -0.00070189
  27    0.0001645  -0.00070185
  28    0.0000098  -0.00002325
  29    0.0000141  -0.00041947
  30    0.0000000  -0.00000017
  31    0.0011379  -0.00143974
  32    0.0001564  -0.00062781
  33    0.0000591  -0.00014004
  34    0.0000092  -0.00002259
  35    0.0000068  -0.00027533
  36    0.0000000  -0.00000017
  37    0.0010230  -0.00135967
  38    0.0000062  -0.00001464
  39    0.0000147  -0.00031502
  40    0.0000058  -0.00001418
  41    0.0000046  -0.00001307
  42    0.0000000  -0.00000017
  43    0.0003634  -0.00035115
  44    0.0000058  -0.00001415
  45    0.0000091  -0.00002561
  46    0.0000043  -0.00001218
  47    0.0000043  -0.00001236
  48    0.0000000  -0.00000012
 
----------------
 Final Energies 
----------------
Final NOF Total Energy =    -199.8598761
 
Total Orbital Internal Iterations = 10
Total Occupation Internal Iterations = 2
 
Elapsed time:   47.51 Seconds

---------------------------------
   Lowdin Population Analysis    
---------------------------------
 Idx  Atom   Population   Charge 
---------------------------------
  1    Mg    12.000      -0.000

---------------------------------
   M Diagnostic: 0.02
---------------------------------

Recovering execution output...
Moving from /scratch/pobleyef/208825 to /home-nas/pobleyef/Poison-NOF/ncwomax/P30-5/GNOFmsta20/arina.208825
mkdir -p /home-nas/pobleyef/Poison-NOF/ncwomax/P30-5/GNOFmsta20/arina.208825
mv /scratch/pobleyef/208825/* /home-nas/pobleyef/Poison-NOF/ncwomax/P30-5/GNOFmsta20/arina.208825
