SIE4x4_4_he2+_1.0
/software/eb2024/easybuild/software/common/software/Julia/1.11.3-linux-x86_64/bin/julia
Job runing on nagpu01
Choosing scratch ...
Automatic scratch folder selection
/scratch/pobleyef/208832
/scratch/pobleyef/208832 directory
cp SIE4x4_4_he2+_1.0.jl SIE4x4_4_he2+_1.0.jld2 to  /scratch/pobleyef/208832/.
Computing Integrals
Elapsed time:    3.57 Seconds

Number of basis functions                   (NBF)    = 60
Number of auxiliary basis functions         (NBFAUX) = 46
Inactive Doubly occupied orbitals up to     (NO1)    = 0
No. considered Strongly Doubly occupied MOs (NDOC)   = 1
No. considered Strongly Singly occupied MOs (NSOC)   = 1
NO. of Weakly occ. per St. Doubly occ.  MOs (NCWO)   = 58
Dimension of the Nat. Orb. subspace         (NBF5)   = 60
No. of electrons                                     = 3
    No. of alpha electrons                           = 2
    No. of beta electrons                            = 1
Multiplicity                                         = 2

Geometry
========
He       0.0000000       0.0000000      -0.5371019
He       0.0000000       0.0000000       0.5371019

No violations of the orthonormality
No violations of the orthonormality
 
PNOF9/ADABelief Calculation
==================
 
  Nitext  Nit_orb  Time   Nit_occ  Time         Eelec          Etot           Ediff      maxdiff    MaxGrad_orb  Grad_occ
     1      10    1.7e+01    5    2.0e+01    -6.95341378    -4.98292678 -10005.95341378   0.000635   2.5e-03   1.3e-04 0.01
 
RESULTS OF THE OCCUPATION OPTIMIZATION
========================================
   1    1.9764676  -1.69352963
   2    1.0000000  -0.75956889
   3    0.0058517  -0.00752178
   4    0.0039658  -0.00454857
   5    0.0038421  -0.00457836
   6    0.0038054  -0.00458907
   7    0.0029340  -0.00400699
   8    0.0010744  -0.00177016
   9    0.0010641  -0.00176081
  10    0.0002846  -0.00075108
  11    0.0000939  -0.00026231
  12    0.0000714  -0.00023424
  13    0.0000697  -0.00020484
  14    0.0000569  -0.00018460
  15    0.0000504  -0.00014703
  16    0.0000429  -0.00011878
  17    0.0000402  -0.00011195
  18    0.0000370  -0.00010195
  19    0.0000288  -0.00009095
  20    0.0000273  -0.00009453
  21    0.0000223  -0.00009038
  22    0.0000215  -0.00009395
  23    0.0000183  -0.00007574
  24    0.0000179  -0.00007149
  25    0.0000162  -0.00006891
  26    0.0000123  -0.00005431
  27    0.0000111  -0.00005462
  28    0.0000090  -0.00004039
  29    0.0000085  -0.00003149
  30    0.0000055  -0.00003253
  31    0.0000050  -0.00003011
  32    0.0000048  -0.00002920
  33    0.0000047  -0.00002671
  34    0.0000044  -0.00002709
  35    0.0000041  -0.00002517
  36    0.0000025  -0.00001829
  37    0.0000025  -0.00001960
  38    0.0000025  -0.00001712
  39    0.0000025  -0.00001737
  40    0.0000021  -0.00001337
  41    0.0000021  -0.00001225
  42    0.0000017  -0.00001216
  43    0.0000017  -0.00001026
  44    0.0000011  -0.00000658
  45    0.0000011  -0.00000689
  46    0.0000009  0.00000060
  47    0.0000008  0.00000548
  48    0.0000008  0.00000446
  49    0.0000004  0.00000340
  50    0.0000004  0.00000351
  51    0.0000003  0.00000338
  52    0.0000003  0.00000338
  53    0.0000003  0.00000312
  54    0.0000003  0.00000312
  55    0.0000003  0.00000310
  56    0.0000003  0.00000309
  57    0.0000003  0.00000303
  58    0.0000003  0.00000303
  59    0.0000003  0.00000294
  60    0.0000003  0.00000294
 
----------------
 Final Energies 
----------------
Final NOF Total Energy =      -4.9829268
 
Total Orbital Internal Iterations = 10
Total Occupation Internal Iterations = 5
 
Elapsed time:   47.42 Seconds

---------------------------------
   Lowdin Population Analysis    
---------------------------------
 Idx  Atom   Population   Charge 
---------------------------------
  1    He     1.500       0.500
  2    He     1.500       0.500

---------------------------------
   M Diagnostic: 0.01
---------------------------------

Recovering execution output...
Moving from /scratch/pobleyef/208832 to /home-nas/pobleyef/Poison-NOF/ncwomax/P30-5/GNOFmsta20/arina.208832
mkdir -p /home-nas/pobleyef/Poison-NOF/ncwomax/P30-5/GNOFmsta20/arina.208832
mv /scratch/pobleyef/208832/* /home-nas/pobleyef/Poison-NOF/ncwomax/P30-5/GNOFmsta20/arina.208832
