W4-11_116_p4
/software/eb2024/easybuild/software/common/software/Julia/1.11.3-linux-x86_64/bin/julia
Job runing on nagpu01
Choosing scratch ...
Automatic scratch folder selection
/scratch/pobleyef/208843
/scratch/pobleyef/208843 directory
cp W4-11_116_p4.jl W4-11_116_p4.jld2 to  /scratch/pobleyef/208843/.
Computing Integrals
Elapsed time:   63.92 Seconds

Number of basis functions                   (NBF)    = 280
Number of auxiliary basis functions         (NBFAUX) = 512
Inactive Doubly occupied orbitals up to     (NO1)    = 0
No. considered Strongly Doubly occupied MOs (NDOC)   = 30
No. considered Strongly Singly occupied MOs (NSOC)   = 0
NO. of Weakly occ. per St. Doubly occ.  MOs (NCWO)   = 8
Dimension of the Nat. Orb. subspace         (NBF5)   = 270
No. of electrons                                     = 60
    No. of alpha electrons                           = 30
    No. of beta electrons                            = 30
Multiplicity                                         = 1

Geometry
========
 P       0.7773750       0.7773750       0.7773750
 P      -0.7773750      -0.7773750       0.7773750
 P      -0.7773750       0.7773750      -0.7773750
 P       0.7773750      -0.7773750      -0.7773750

No violations of the orthonormality
No violations of the orthonormality
 
PNOF9/ADABelief Calculation
==================
 
  Nitext  Nit_orb  Time   Nit_occ  Time         Eelec          Etot           Ediff      maxdiff    MaxGrad_orb  Grad_occ
     1      10    1.9e+02    6    2.4e+01 -1689.60009271 -1364.69355704 -11688.60009271   0.000750   3.0e-03   3.1e-04 0.03
 
RESULTS OF THE OCCUPATION OPTIMIZATION
========================================
   1    1.9999996  -80.02508686
   2    1.9999995  -80.02506550
   3    1.9999995  -80.02486104
   4    1.9999995  -80.02485434
   5    1.9998255  -7.51735910
   6    1.9998456  -7.51727339
   7    1.9995377  -7.50176966
   8    1.9995207  -7.49151894
   9    1.9985820  -5.44927730
  10    1.9980717  -5.44785938
  11    1.9969658  -5.44156500
  12    1.9984427  -5.43619850
  13    1.9983594  -5.43342707
  14    1.9979884  -5.43293103
  15    1.9990089  -5.43156512
  16    1.9980055  -5.43145968
  17    1.9989586  -5.42949289
  18    1.9984435  -5.42923238
  19    1.9988159  -5.42878470
  20    1.9986003  -5.42789346
  21    1.9811624  -0.79025179
  22    1.9813304  -0.78345775
  23    1.9811621  -0.77143492
  24    1.9810109  -0.76506929
  25    1.9686683  -0.43411050
  26    1.9663456  -0.43312864
  27    1.9711437  -0.43069771
  28    1.9672233  -0.43007160
  29    1.9668295  -0.42830038
  30    1.9677929  -0.42721094
  31    0.0226470  -0.03587479
  32    0.0202365  -0.03402824
  33    0.0194958  -0.03374292
  34    0.0173152  -0.03325374
  35    0.0207506  -0.03409381
  36    0.0227707  -0.03623465
  37    0.0054300  -0.02460539
  38    0.0054428  -0.02458202
  39    0.0050724  -0.02441507
  40    0.0039020  -0.01788480
  41    0.0012081  -0.01057232
  42    0.0005351  -0.00864124
  43    0.0013544  -0.01369994
  44    0.0004143  -0.00457930
  45    0.0018082  -0.01744237
  46    0.0004201  -0.00459579
  47    0.0018361  -0.01761450
  48    0.0012514  -0.01314501
  49    0.0013929  -0.01393962
  50    0.0029220  -0.02899676
  51    0.0018017  -0.01729608
  52    0.0011788  -0.01291385
  53    0.0004485  -0.00883470
  54    0.0004263  -0.00889299
  55    0.0000860  -0.00078946
  56    0.0001100  -0.00115510
  57    0.0000002  -0.00000462
  58    0.0000001  -0.00000443
  59    0.0000002  -0.00000546
  60    0.0000002  -0.00000617
  61    0.0076738  -0.01187308
  62    0.0067522  -0.01095944
  63    0.0065078  -0.01078720
  64    0.0042481  -0.00908237
  65    0.0066426  -0.01075814
  66    0.0054787  -0.00930388
  67    0.0026997  -0.01069035
  68    0.0027664  -0.01085910
  69    0.0038654  -0.01812600
  70    0.0037064  -0.01757721
  71    0.0000547  -0.00034688
  72    0.0004426  -0.00508963
  73    0.0000480  -0.00034766
  74    0.0003702  -0.00378238
  75    0.0000851  -0.00213034
  76    0.0003789  -0.00427792
  77    0.0000980  -0.00207146
  78    0.0002540  -0.00544695
  79    0.0000532  -0.00143082
  80    0.0000763  -0.00121086
  81    0.0000586  -0.00213551
  82    0.0001572  -0.00169669
  83    0.0000097  -0.00007772
  84    0.0000130  -0.00055318
  85    0.0000368  -0.00040962
  86    0.0000398  -0.00085964
  87    0.0000001  -0.00000344
  88    0.0000001  -0.00000371
  89    0.0000001  -0.00000433
  90    0.0000001  -0.00000182
  91    0.0004871  -0.00096318
  92    0.0048638  -0.00851853
  93    0.0046951  -0.00837053
  94    0.0032297  -0.00848231
  95    0.0047088  -0.00830686
  96    0.0009755  -0.00222769
  97    0.0026394  -0.01043214
  98    0.0025149  -0.01023762
  99    0.0037645  -0.01761021
 100    0.0024584  -0.01024991
 101    0.0000421  -0.00029035
 102    0.0001615  -0.00172318
 103    0.0000434  -0.00030911
 104    0.0001761  -0.00210793
 105    0.0000546  -0.00112061
 106    0.0001212  -0.00128644
 107    0.0000224  -0.00016746
 108    0.0000389  -0.00029349
 109    0.0000397  -0.00028561
 110    0.0000133  -0.00009183
 111    0.0000236  -0.00017161
 112    0.0000318  -0.00023894
 113    0.0000069  -0.00005592
 114    0.0000088  -0.00006344
 115    0.0000132  -0.00011079
 116    0.0000104  -0.00012509
 117    0.0000001  -0.00000339
 118    0.0000001  -0.00000360
 119    0.0000001  -0.00000238
 120    0.0000000  -0.00000159
 121    0.0004174  -0.00085807
 122    0.0003858  -0.00083864
 123    0.0008319  -0.00212008
 124    0.0030554  -0.00861295
 125    0.0008784  -0.00208830
 126    0.0008472  -0.00201621
 127    0.0026183  -0.01018519
 128    0.0025119  -0.01024249
 129    0.0019514  -0.00898145
 130    0.0024473  -0.01029274
 131    0.0000365  -0.00025589
 132    0.0000108  -0.00008097
 133    0.0000352  -0.00024665
 134    0.0000268  -0.00018445
 135    0.0000187  -0.00014668
 136    0.0000193  -0.00014132
 137    0.0000188  -0.00014599
 138    0.0000291  -0.00020926
 139    0.0000357  -0.00025715
 140    0.0000064  -0.00004684
 141    0.0000229  -0.00016566
 142    0.0000179  -0.00012917
 143    0.0000048  -0.00009783
 144    0.0000041  -0.00003857
 145    0.0000075  -0.00018388
 146    0.0000032  -0.00033413
 147    0.0000000  -0.00000120
 148    0.0000000  -0.00000115
 149    0.0000000  -0.00000119
 150    0.0000000  -0.00000080
 151    0.0003585  -0.00076435
 152    0.0003525  -0.00077335
 153    0.0004113  -0.00088229
 154    0.0004108  -0.00094007
 155    0.0001996  -0.00046744
 156    0.0006511  -0.00123984
 157    0.0025820  -0.01023781
 158    0.0018902  -0.00865840
 159    0.0016733  -0.00792305
 160    0.0023436  -0.00993807
 161    0.0000298  -0.00020643
 162    0.0000094  -0.00007365
 163    0.0000258  -0.00017742
 164    0.0000204  -0.00014548
 165    0.0000083  -0.00005582
 166    0.0000180  -0.00014729
 167    0.0000146  -0.00065511
 168    0.0000229  -0.00016498
 169    0.0000128  -0.00008811
 170    0.0000049  -0.00003758
 171    0.0000073  -0.00005050
 172    0.0000124  -0.00009433
 173    0.0000028  -0.00006361
 174    0.0000029  -0.00004351
 175    0.0000038  -0.00032779
 176    0.0000029  -0.00009348
 177    0.0000000  -0.00000054
 178    0.0000000  -0.00000081
 179    0.0000000  -0.00000106
 180    0.0000000  -0.00000075
 181    0.0002865  -0.00074768
 182    0.0002124  -0.00047805
 183    0.0003356  -0.00080017
 184    0.0003046  -0.00076797
 185    0.0001809  -0.00043593
 186    0.0002155  -0.00049261
 187    0.0018755  -0.00856500
 188    0.0018460  -0.00855016
 189    0.0010079  -0.00432583
 190    0.0018171  -0.00848079
 191    0.0000143  -0.00010126
 192    0.0000088  -0.00005747
 193    0.0000223  -0.00015135
 194    0.0000186  -0.00022101
 195    0.0000072  -0.00005433
 196    0.0000160  -0.00048330
 197    0.0000077  -0.00005248
 198    0.0000221  -0.00015873
 199    0.0000089  -0.00005998
 200    0.0000048  -0.00003704
 201    0.0000059  -0.00004448
 202    0.0000091  -0.00006823
 203    0.0000026  -0.00003309
 204    0.0000027  -0.00002178
 205    0.0000027  -0.00004620
 206    0.0000028  -0.00003437
 207    0.0000000  -0.00000041
 208    0.0000000  -0.00000068
 209    0.0000000  -0.00000082
 210    0.0000000  -0.00000061
 211    0.0001921  -0.00043258
 212    0.0001851  -0.00044342
 213    0.0003122  -0.00074421
 214    0.0001591  -0.00044369
 215    0.0001632  -0.00038456
 216    0.0002138  -0.00047440
 217    0.0006264  -0.00231898
 218    0.0013136  -0.00631158
 219    0.0009028  -0.00377565
 220    0.0016728  -0.00796950
 221    0.0000082  -0.00006074
 222    0.0000086  -0.00005733
 223    0.0000154  -0.00067289
 224    0.0000095  -0.00007709
 225    0.0000065  -0.00004776
 226    0.0000099  -0.00007243
 227    0.0000073  -0.00004991
 228    0.0000141  -0.00010931
 229    0.0000073  -0.00005271
 230    0.0000041  -0.00003205
 231    0.0000054  -0.00004074
 232    0.0000069  -0.00004852
 233    0.0000024  -0.00002577
 234    0.0000025  -0.00002129
 235    0.0000024  -0.00001861
 236    0.0000026  -0.00002236
 237    0.0000000  -0.00000041
 238    0.0000000  -0.00000037
 239    0.0000000  -0.00000055
 240    0.0000000  -0.00000037
 241    0.0001448  -0.00036514
 242    0.0001822  -0.00043410
 243    0.0001868  -0.00044487
 244    0.0001334  -0.00037284
 245    0.0001302  -0.00034643
 246    0.0001793  -0.00042241
 247    0.0005178  -0.00195773
 248    0.0005521  -0.00208525
 249    0.0004318  -0.00179256
 250    0.0004901  -0.00189841
 251    0.0000060  -0.00017273
 252    0.0000073  -0.00004920
 253    0.0000121  -0.00008708
 254    0.0000056  -0.00035139
 255    0.0000059  -0.00009071
 256    0.0000077  -0.00022341
 257    0.0000067  -0.00004776
 258    0.0000081  -0.00005595
 259    0.0000068  -0.00020713
 260    0.0000024  -0.00002051
 261    0.0000030  -0.00024612
 262    0.0000037  -0.00032372
 263    0.0000016  -0.00002073
 264    0.0000019  -0.00001698
 265    0.0000020  -0.00002057
 266    0.0000026  -0.00002383
 267    0.0000000  -0.00000035
 268    0.0000000  -0.00000025
 269    0.0000000  -0.00000044
 270    0.0000000  -0.00000026
 
----------------
 Final Energies 
----------------
Final NOF Total Energy =   -1364.6935570
 
Total Orbital Internal Iterations = 10
Total Occupation Internal Iterations = 6
 
Elapsed time:  239.30 Seconds

---------------------------------
   Lowdin Population Analysis    
---------------------------------
 Idx  Atom   Population   Charge 
---------------------------------
  1     P    15.000      -0.000
  2     P    14.999       0.001
  3     P    14.999       0.001
  4     P    15.003      -0.003

---------------------------------
   M Diagnostic: 0.03
---------------------------------

Recovering execution output...
Moving from /scratch/pobleyef/208843 to /home-nas/pobleyef/Poison-NOF/ncwomax/P30-5/GNOFmsta20/arina.208843
mkdir -p /home-nas/pobleyef/Poison-NOF/ncwomax/P30-5/GNOFmsta20/arina.208843
mv /scratch/pobleyef/208843/* /home-nas/pobleyef/Poison-NOF/ncwomax/P30-5/GNOFmsta20/arina.208843
