W4-11_130_c2
/software/eb2024/easybuild/software/common/software/Julia/1.11.3-linux-x86_64/bin/julia
Job runing on na13
Choosing scratch ...
Automatic scratch folder selection
/scratch/pobleyef/208847
/scratch/pobleyef/208847 directory
cp W4-11_130_c2.jl W4-11_130_c2.jld2 to  /scratch/pobleyef/208847/.
Computing Integrals
Elapsed time:    4.85 Seconds

Number of basis functions                   (NBF)    = 114
Number of auxiliary basis functions         (NBFAUX) = 150
Inactive Doubly occupied orbitals up to     (NO1)    = 0
No. considered Strongly Doubly occupied MOs (NDOC)   = 6
No. considered Strongly Singly occupied MOs (NSOC)   = 0
NO. of Weakly occ. per St. Doubly occ.  MOs (NCWO)   = 18
Dimension of the Nat. Orb. subspace         (NBF5)   = 114
No. of electrons                                     = 12
    No. of alpha electrons                           = 6
    No. of beta electrons                            = 6
Multiplicity                                         = 1

Geometry
========
 C       0.0000000       0.0000000       0.6200000
 C       0.0000000       0.0000000      -0.6200000

No violations of the orthonormality
No violations of the orthonormality
 
PNOF9/ADABelief Calculation
==================
 
  Nitext  Nit_orb  Time   Nit_occ  Time         Eelec          Etot           Ediff      maxdiff    MaxGrad_orb  Grad_occ
     1      10    6.5e+01    2    2.3e+01   -91.13095010   -75.76777225 -10090.13095010   0.001096   4.4e-03   1.8e-04 0.57
     2      20    9.5e+01    0    1.5e-01   -91.13101893   -75.76784109    -0.00006884   0.001096   4.4e-03   1.8e-04 0.57
     3      40    1.8e+02   18    3.4e-01   -91.13104506   -75.76786722    -0.00002612   0.001632   6.5e-03   1.9e-04 0.57
     4      40    1.7e+02    1    1.7e-01   -91.13115356   -75.76797571    -0.00010850   0.001355   5.4e-03   2.2e-04 0.57
     5      40    1.6e+02    3    1.9e-01   -91.13115421   -75.76797637    -0.00000066   0.001948   7.8e-03   1.4e-04 0.57
     6      40    1.6e+02    0    5.9e-02   -91.13116831   -75.76799046    -0.00001409   0.001675   6.7e-03   1.2e-04 0.57
     7      50    1.9e+02    0    7.0e-02   -91.13118206   -75.76800421    -0.00001375   0.001212   4.8e-03   1.0e-04 0.57
     8      60    2.4e+02    0    7.0e-02   -91.13118893   -75.76801108    -0.00000687   0.000991   4.0e-03   1.2e-04 0.57
 
RESULTS OF THE OCCUPATION OPTIMIZATION
========================================
   1    1.9998718  -11.32357787
   2    1.9998697  -11.32199671
   3    1.9780352  -1.04742258
   4    1.9524410  -0.46069059
   5    1.9536195  -0.46058629
   6    1.4305620  -0.45522026
   7    0.5693914  -0.19861024
   8    0.0401625  -0.03369387
   9    0.0356830  -0.03143163
  10    0.0081430  -0.01787411
  11    0.0001129  -0.00235719
  12    0.0001133  -0.00236336
  13    0.0000178  -0.00000308
  14    0.0042873  -0.00517723
  15    0.0039798  -0.00498700
  16    0.0035375  -0.00937772
  17    0.0000056  -0.00019806
  18    0.0000054  -0.00019763
  19    0.0000140  -0.00000320
  20    0.0007182  -0.00118271
  21    0.0035340  -0.00442025
  22    0.0017823  -0.00645891
  23    0.0000031  -0.00002880
  24    0.0000033  -0.00003068
  25    0.0000051  -0.00000196
  26    0.0002580  -0.00041761
  27    0.0030602  -0.00385101
  28    0.0017194  -0.00547076
  29    0.0000029  -0.00002792
  30    0.0000021  -0.00002269
  31    0.0000020  -0.00000279
  32    0.0002112  -0.00037978
  33    0.0006553  -0.00109675
  34    0.0015051  -0.00356084
  35    0.0000026  -0.00002518
  36    0.0000019  -0.00001930
  37    0.0000018  -0.00000265
  38    0.0002017  -0.00036915
  39    0.0002438  -0.00040284
  40    0.0014947  -0.00355657
  41    0.0000006  -0.00003800
  42    0.0000005  -0.00001029
  43    0.0000012  -0.00000245
  44    0.0001535  -0.00029476
  45    0.0001012  -0.00019090
  46    0.0008221  -0.00217361
  47    0.0000006  -0.00003542
  48    0.0000004  -0.00000830
  49    0.0000009  -0.00000177
  50    0.0001017  -0.00017780
  51    0.0000649  -0.00013317
  52    0.0008071  -0.00215903
  53    0.0000004  -0.00000787
  54    0.0000003  -0.00000610
  55    0.0000006  -0.00000205
  56    0.0000831  -0.00016027
  57    0.0000459  -0.00008789
  58    0.0007396  -0.00286342
  59    0.0000003  -0.00000749
  60    0.0000002  -0.00000495
  61    0.0000006  -0.00000210
  62    0.0000695  -0.00013978
  63    0.0000438  -0.00011688
  64    0.0004079  -0.00095616
  65    0.0000002  -0.00000571
  66    0.0000002  -0.00000436
  67    0.0000004  -0.00000066
  68    0.0000401  -0.00009988
  69    0.0000407  -0.00009373
  70    0.0002155  -0.00059532
  71    0.0000002  -0.00000518
  72    0.0000001  -0.00000357
  73    0.0000004  -0.00000060
  74    0.0000279  -0.00008014
  75    0.0000381  -0.00009437
  76    0.0002125  -0.00059521
  77    0.0000002  -0.00000455
  78    0.0000001  -0.00000199
  79    0.0000004  -0.00000062
  80    0.0000178  -0.00005659
  81    0.0000217  -0.00007479
  82    0.0001161  -0.00033456
  83    0.0000002  -0.00000439
  84    0.0000001  -0.00000200
  85    0.0000003  -0.00000082
  86    0.0000133  -0.00004938
  87    0.0000172  -0.00005486
  88    0.0001153  -0.00033258
  89    0.0000001  -0.00000338
  90    0.0000001  -0.00000189
  91    0.0000003  -0.00000050
  92    0.0000122  -0.00004304
  93    0.0000103  -0.00003926
  94    0.0001143  -0.00031283
  95    0.0000001  -0.00000310
  96    0.0000001  -0.00000156
  97    0.0000003  -0.00000028
  98    0.0000102  -0.00003218
  99    0.0000085  -0.00002801
 100    0.0001092  -0.00032762
 101    0.0000001  -0.00000307
 102    0.0000001  -0.00000119
 103    0.0000002  -0.00000016
 104    0.0000063  -0.00002532
 105    0.0000060  -0.00002150
 106    0.0000825  -0.00027264
 107    0.0000001  -0.00000140
 108    0.0000001  -0.00000114
 109    0.0000002  -0.00000016
 110    0.0000062  -0.00002442
 111    0.0000047  -0.00001992
 112    0.0000406  -0.00013661
 113    0.0000001  -0.00000031
 114    0.0000001  -0.00000031
 
----------------
 Final Energies 
----------------
Final NOF Total Energy =     -75.7680111
 
Total Orbital Internal Iterations = 300
Total Occupation Internal Iterations = 24
 
Elapsed time: 1303.39 Seconds

---------------------------------
   Lowdin Population Analysis    
---------------------------------
 Idx  Atom   Population   Charge 
---------------------------------
  1     C     6.000      -0.000
  2     C     6.000       0.000

---------------------------------
   M Diagnostic: 0.57
---------------------------------

Recovering execution output...
Moving from /scratch/pobleyef/208847 to /home-nas/pobleyef/Poison-NOF/ncwomax/P30-5/GNOFmsta20/arina.208847
mkdir -p /home-nas/pobleyef/Poison-NOF/ncwomax/P30-5/GNOFmsta20/arina.208847
mv /scratch/pobleyef/208847/* /home-nas/pobleyef/Poison-NOF/ncwomax/P30-5/GNOFmsta20/arina.208847
