W4-11_41_sif4
/software/eb2024/easybuild/software/common/software/Julia/1.11.3-linux-x86_64/bin/julia
Job runing on nh025
Choosing scratch ...
Automatic scratch folder selection
/scratch/pobleyef/181930
/scratch/pobleyef/181930 directory
cp W4-11_41_sif4.jl W4-11_41_sif4.jld2 to  /scratch/pobleyef/181930/.
Computing Integrals
Elapsed time:    8.16 Seconds

Number of basis functions                   (NBF)    = 298
Number of auxiliary basis functions         (NBFAUX) = 436
Inactive Doubly occupied orbitals up to     (NO1)    = 0
No. considered Strongly Doubly occupied MOs (NDOC)   = 25
No. considered Strongly Singly occupied MOs (NSOC)   = 0
NO. of Weakly occ. per St. Doubly occ.  MOs (NCWO)   = 10
Dimension of the Nat. Orb. subspace         (NBF5)   = 275
No. of electrons                                     = 50
    No. of alpha electrons                           = 25
    No. of beta electrons                            = 25
Multiplicity                                         = 1

Geometry
========
 F       0.9009150       0.9009150       0.9009150
Si       0.0000000       0.0000000       0.0000000
 F      -0.9009150      -0.9009150       0.9009150
 F      -0.9009150       0.9009150      -0.9009150
 F       0.9009150      -0.9009150      -0.9009150

No violations of the orthonormality
No violations of the orthonormality
 
PNOF9/ADABelief Calculation
==================
 
  Nitext  Nit_orb  Time   Nit_occ  Time         Eelec          Etot           Ediff      maxdiff    MaxGrad_orb  Grad_occ
     1      10    3.4e+01    0    3.4e+01  -960.51478283  -688.67028278 -10959.51478283   0.005493   2.2e-02   3.1e-04 0.02
     2      30    1.6e+01    0    4.4e-01  -960.51478283  -688.67028278     0.00000000   0.005493   2.2e-02   3.1e-04 0.02
     3      50    2.5e+01   12    1.8e+00  -960.51536972  -688.67086967    -0.00058689   0.004609   1.8e-02   2.3e-04 0.02
     4      50    2.5e+01    8    1.3e+00  -960.51561677  -688.67111672    -0.00024705   0.004762   1.9e-02   2.6e-04 0.02
     5      50    2.5e+01    3    7.6e-01  -960.51580627  -688.67130622    -0.00018950   0.004606   1.8e-02   2.6e-04 0.02
     6      50    2.6e+01   16    2.1e+00  -960.51597975  -688.67147970    -0.00017348   0.003931   1.6e-02   2.2e-04 0.02
     7      50    2.5e+01    3    7.6e-01  -960.51612029  -688.67162024    -0.00014054   0.004378   1.8e-02   2.3e-04 0.02
     8      50    2.6e+01    7    1.2e+00  -960.51622431  -688.67172426    -0.00010401   0.004447   1.8e-02   2.4e-04 0.02
     9      50    2.6e+01    3    7.6e-01  -960.51637514  -688.67187509    -0.00015083   0.004336   1.7e-02   2.8e-04 0.02
    10      50    2.5e+01    9    1.3e+00  -960.51647018  -688.67197013    -0.00009504   0.004051   1.6e-02   1.8e-04 0.02
    11      50    2.5e+01    3    7.7e-01  -960.51660005  -688.67210000    -0.00012987   0.005062   2.0e-02   2.7e-04 0.02
    12      50    2.6e+01    3    7.5e-01  -960.51667452  -688.67217447    -0.00007447   0.004274   1.7e-02   2.9e-04 0.02
    13      50    2.6e+01    3    7.6e-01  -960.51670960  -688.67220955    -0.00003508   0.005398   2.2e-02   3.7e-04 0.02
    14      50    2.5e+01    7    1.1e+00  -960.51673494  -688.67223489    -0.00002534   0.005089   2.0e-02   2.3e-04 0.02
    15      50    2.6e+01    1    5.2e-01  -960.51680749  -688.67230744    -0.00007255   0.005120   2.0e-02   2.1e-04 0.02
    16      50    2.5e+01    7    1.2e+00  -960.51685049  -688.67235044    -0.00004300   0.004202   1.7e-02   3.0e-04 0.02
    17      50    2.6e+01    0    4.4e-01  -960.51687177  -688.67237172    -0.00002128   0.004202   1.7e-02   3.0e-04 0.02
    18      70    3.6e+01    0    4.0e-01  -960.51724073  -688.67274068    -0.00036895   0.000615   2.5e-03   2.6e-04 0.02
 
RESULTS OF THE OCCUPATION OPTIMIZATION
========================================
   1    1.9999991  -68.97276926
   2    1.9999875  -26.37931809
   3    1.9999852  -26.37930292
   4    1.9999879  -26.37927989
   5    1.9999857  -26.37927628
   6    1.9987976  -6.24539422
   7    1.9974346  -4.40716778
   8    1.9978573  -4.38573866
   9    1.9979090  -4.38572394
  10    1.9883337  -1.62262632
  11    1.9872040  -1.61814807
  12    1.9871664  -1.61760296
  13    1.9883753  -1.61061018
  14    1.9789724  -0.91697064
  15    1.9762862  -0.87822649
  16    1.9761980  -0.87767155
  17    1.9748598  -0.87292945
  18    1.9807132  -0.75763862
  19    1.9811119  -0.75688894
  20    1.9810696  -0.75660718
  21    1.9813630  -0.75653933
  22    1.9794245  -0.75596108
  23    1.9791830  -0.75583968
  24    1.9798173  -0.75457531
  25    1.9779365  -0.75372761
  26    0.0097345  -0.01994236
  27    0.0101629  -0.02053122
  28    0.0109806  -0.02126626
  29    0.0107597  -0.02110468
  30    0.0119008  -0.02235771
  31    0.0123177  -0.02271112
  32    0.0123051  -0.02251529
  33    0.0130240  -0.02332016
  34    0.0182782  -0.03929350
  35    0.0196039  -0.04144113
  36    0.0195225  -0.04137159
  37    0.0160848  -0.03736719
  38    0.0066054  -0.02171238
  39    0.0062197  -0.02125511
  40    0.0062641  -0.02130103
  41    0.0068221  -0.02187680
  42    0.0017031  -0.01070174
  43    0.0016812  -0.01060958
  44    0.0024119  -0.01980255
  45    0.0010996  -0.00849271
  46    0.0000026  -0.00007177
  47    0.0000030  -0.00012442
  48    0.0000027  -0.00009239
  49    0.0000028  -0.00011381
  50    0.0000004  -0.00000825
  51    0.0040015  -0.01016529
  52    0.0041775  -0.01114376
  53    0.0041836  -0.01051017
  54    0.0041384  -0.01042135
  55    0.0043704  -0.01140738
  56    0.0044322  -0.01142543
  57    0.0042167  -0.00975095
  58    0.0043745  -0.00982060
  59    0.0031365  -0.00860384
  60    0.0031934  -0.00868611
  61    0.0032106  -0.00872729
  62    0.0021441  -0.00830149
  63    0.0027625  -0.01302378
  64    0.0027887  -0.00889068
  65    0.0028152  -0.00889462
  66    0.0030675  -0.00918419
  67    0.0001233  -0.00249393
  68    0.0002913  -0.00509477
  69    0.0000539  -0.00129154
  70    0.0000443  -0.00119969
  71    0.0000022  -0.00007621
  72    0.0000022  -0.00006016
  73    0.0000021  -0.00006088
  74    0.0000023  -0.00006039
  75    0.0000001  -0.00000405
  76    0.0038532  -0.00956208
  77    0.0040055  -0.00983614
  78    0.0040268  -0.00957289
  79    0.0039864  -0.00954103
  80    0.0007561  -0.00283119
  81    0.0007415  -0.00274663
  82    0.0008754  -0.00373062
  83    0.0008069  -0.00296998
  84    0.0031014  -0.00854549
  85    0.0003227  -0.00122471
  86    0.0003132  -0.00118828
  87    0.0021211  -0.00822993
  88    0.0006245  -0.00313920
  89    0.0025400  -0.01197287
  90    0.0025570  -0.01197885
  91    0.0005138  -0.00535809
  92    0.0000952  -0.00094063
  93    0.0000513  -0.00129397
  94    0.0000377  -0.00033074
  95    0.0000114  -0.00015234
  96    0.0000021  -0.00007726
  97    0.0000021  -0.00007473
  98    0.0000020  -0.00005780
  99    0.0000019  -0.00004923
 100    0.0000001  -0.00000343
 101    0.0036330  -0.00908521
 102    0.0006578  -0.00252558
 103    0.0007293  -0.00274864
 104    0.0007518  -0.00286518
 105    0.0005486  -0.00303022
 106    0.0004118  -0.00177701
 107    0.0008072  -0.00298591
 108    0.0003906  -0.00140249
 109    0.0002024  -0.00083774
 110    0.0002147  -0.00087350
 111    0.0002159  -0.00087569
 112    0.0002189  -0.00092008
 113    0.0005840  -0.00528362
 114    0.0005616  -0.00561005
 115    0.0005910  -0.00553577
 116    0.0003444  -0.00139318
 117    0.0000940  -0.00091662
 118    0.0000511  -0.00122100
 119    0.0000140  -0.00014580
 120    0.0000072  -0.00022211
 121    0.0000019  -0.00005054
 122    0.0000012  -0.00002979
 123    0.0000017  -0.00004392
 124    0.0000012  -0.00002910
 125    0.0000001  -0.00000252
 126    0.0003565  -0.00127054
 127    0.0005272  -0.00250419
 128    0.0003432  -0.00121124
 129    0.0005638  -0.00265480
 130    0.0004000  -0.00161904
 131    0.0003856  -0.00134809
 132    0.0003147  -0.00108495
 133    0.0002843  -0.00103407
 134    0.0001887  -0.00077130
 135    0.0002039  -0.00084419
 136    0.0002038  -0.00084037
 137    0.0002021  -0.00085324
 138    0.0003076  -0.00128162
 139    0.0002635  -0.00115283
 140    0.0002661  -0.00117570
 141    0.0003350  -0.00148199
 142    0.0000288  -0.00109233
 143    0.0000189  -0.00018270
 144    0.0000089  -0.00010721
 145    0.0000069  -0.00010376
 146    0.0000016  -0.00004273
 147    0.0000009  -0.00002516
 148    0.0000016  -0.00004035
 149    0.0000010  -0.00002572
 150    0.0000001  -0.00000236
 151    0.0002184  -0.00086219
 152    0.0002755  -0.00102829
 153    0.0002617  -0.00098323
 154    0.0002632  -0.00098495
 155    0.0003101  -0.00110195
 156    0.0002991  -0.00105224
 157    0.0002375  -0.00086709
 158    0.0002806  -0.00102318
 159    0.0001789  -0.00074785
 160    0.0001935  -0.00079126
 161    0.0001879  -0.00077141
 162    0.0001998  -0.00084825
 163    0.0002743  -0.00117207
 164    0.0001994  -0.00092659
 165    0.0002008  -0.00092174
 166    0.0002804  -0.00117305
 167    0.0000101  -0.00011970
 168    0.0000147  -0.00013796
 169    0.0000081  -0.00010061
 170    0.0000067  -0.00011373
 171    0.0000012  -0.00003104
 172    0.0000008  -0.00001529
 173    0.0000014  -0.00003634
 174    0.0000008  -0.00001764
 175    0.0000000  -0.00000180
 176    0.0002141  -0.00083561
 177    0.0002561  -0.00098217
 178    0.0002364  -0.00087477
 179    0.0000627  -0.00025412
 180    0.0002611  -0.00097523
 181    0.0002701  -0.00099292
 182    0.0000793  -0.00034760
 183    0.0000651  -0.00027757
 184    0.0000151  -0.00011351
 185    0.0000256  -0.00012901
 186    0.0000175  -0.00012715
 187    0.0000152  -0.00011984
 188    0.0002714  -0.00117081
 189    0.0001878  -0.00086480
 190    0.0000546  -0.00029230
 191    0.0002131  -0.00094268
 192    0.0000093  -0.00011588
 193    0.0000087  -0.00011795
 194    0.0000078  -0.00010925
 195    0.0000067  -0.00011653
 196    0.0000009  -0.00001854
 197    0.0000006  -0.00001328
 198    0.0000014  -0.00003647
 199    0.0000008  -0.00001762
 200    0.0000000  -0.00000163
 201    0.0000232  -0.00012580
 202    0.0000635  -0.00027339
 203    0.0000257  -0.00015075
 204    0.0000228  -0.00013438
 205    0.0000604  -0.00027263
 206    0.0000423  -0.00021594
 207    0.0000246  -0.00014692
 208    0.0000313  -0.00015398
 209    0.0000135  -0.00009812
 210    0.0000156  -0.00011996
 211    0.0000148  -0.00010219
 212    0.0000143  -0.00010911
 213    0.0001408  -0.00080684
 214    0.0000362  -0.00020891
 215    0.0000166  -0.00013058
 216    0.0000556  -0.00029155
 217    0.0000092  -0.00011411
 218    0.0000085  -0.00010622
 219    0.0000077  -0.00011064
 220    0.0000066  -0.00010078
 221    0.0000007  -0.00001388
 222    0.0000006  -0.00001334
 223    0.0000011  -0.00003011
 224    0.0000008  -0.00001601
 225    0.0000000  -0.00000155
 226    0.0000160  -0.00011237
 227    0.0000391  -0.00020183
 228    0.0000159  -0.00010458
 229    0.0000133  -0.00009210
 230    0.0000151  -0.00009710
 231    0.0000152  -0.00010371
 232    0.0000140  -0.00009709
 233    0.0000154  -0.00009875
 234    0.0000128  -0.00009262
 235    0.0000151  -0.00010485
 236    0.0000140  -0.00009975
 237    0.0000140  -0.00010643
 238    0.0000371  -0.00021054
 239    0.0000208  -0.00014225
 240    0.0000157  -0.00012088
 241    0.0000175  -0.00013492
 242    0.0000091  -0.00014644
 243    0.0000085  -0.00010021
 244    0.0000077  -0.00009904
 245    0.0000066  -0.00011473
 246    0.0000005  -0.00001002
 247    0.0000004  -0.00004531
 248    0.0000005  -0.00001072
 249    0.0000005  -0.00000982
 250    0.0000000  -0.00000144
 251    0.0000132  -0.00008835
 252    0.0000176  -0.00011130
 253    0.0000138  -0.00009196
 254    0.0000133  -0.00009235
 255    0.0000144  -0.00009523
 256    0.0000150  -0.00009787
 257    0.0000135  -0.00009598
 258    0.0000142  -0.00009548
 259    0.0000125  -0.00009369
 260    0.0000135  -0.00009225
 261    0.0000138  -0.00009488
 262    0.0000132  -0.00009901
 263    0.0000171  -0.00013080
 264    0.0000159  -0.00012383
 265    0.0000150  -0.00012084
 266    0.0000170  -0.00013049
 267    0.0000090  -0.00014082
 268    0.0000084  -0.00010067
 269    0.0000077  -0.00009614
 270    0.0000065  -0.00045772
 271    0.0000005  -0.00000950
 272    0.0000003  -0.00003874
 273    0.0000003  -0.00004519
 274    0.0000003  -0.00003964
 275    0.0000000  -0.00000136
 
----------------
 Final Energies 
----------------
Final NOF Total Energy =    -688.6727407
 
Total Orbital Internal Iterations = 860
Total Occupation Internal Iterations = 85
 
Elapsed time:  561.91 Seconds

---------------------------------
   Lowdin Population Analysis    
---------------------------------
 Idx  Atom   Population   Charge 
---------------------------------
  1     F     8.686       0.314
  2    Si    15.259      -1.259
  3     F     8.685       0.315
  4     F     8.686       0.314
  5     F     8.685       0.315

---------------------------------
   M Diagnostic: 0.02
---------------------------------

Recovering execution output...
Moving from /scratch/pobleyef/181930 to /home-nas/pobleyef/Poison-NOF/ncwomax/P30-5/GNOFmsta/arina.181930
mkdir -p /home-nas/pobleyef/Poison-NOF/ncwomax/P30-5/GNOFmsta/arina.181930
mv /scratch/pobleyef/181930/* /home-nas/pobleyef/Poison-NOF/ncwomax/P30-5/GNOFmsta/arina.181930
