W4-11_135_cloo
/software/eb2024/easybuild/software/common/software/Julia/1.11.3-linux-x86_64/bin/julia
Job runing on na10
Choosing scratch ...
Automatic scratch folder selection
/scratch/pobleyef/208849
/scratch/pobleyef/208849 directory
cp W4-11_135_cloo.jl W4-11_135_cloo.jld2 to  /scratch/pobleyef/208849/.
Computing Integrals
Elapsed time:   19.44 Seconds

Number of basis functions                   (NBF)    = 184
Number of auxiliary basis functions         (NBFAUX) = 282
Inactive Doubly occupied orbitals up to     (NO1)    = 0
No. considered Strongly Doubly occupied MOs (NDOC)   = 16
No. considered Strongly Singly occupied MOs (NSOC)   = 1
NO. of Weakly occ. per St. Doubly occ.  MOs (NCWO)   = 10
Dimension of the Nat. Orb. subspace         (NBF5)   = 177
No. of electrons                                     = 33
    No. of alpha electrons                           = 17
    No. of beta electrons                            = 16
Multiplicity                                         = 2

Geometry
========
Cl      -0.5609740      -0.9946370       0.0000000
 O       0.0000000       0.9587120       0.0000000
 O       1.1920690       1.1548920       0.0000000

No violations of the orthonormality
No violations of the orthonormality
 
PNOF9/ADABelief Calculation
==================
 
  Nitext  Nit_orb  Time   Nit_occ  Time         Eelec          Etot           Ediff      maxdiff    MaxGrad_orb  Grad_occ
     1      10    1.2e+02    5    2.5e+01  -699.51433015  -610.12276182 -10698.51433015   0.000851   3.4e-03   2.3e-04 0.04
 
RESULTS OF THE OCCUPATION OPTIMIZATION
========================================
   1    1.9999995  -104.93560944
   2    1.9999836  -20.78465135
   3    1.9999836  -20.78377692
   4    1.9996832  -10.47617126
   5    1.9995121  -8.18242346
   6    1.9995472  -8.12456568
   7    1.9994556  -8.11226357
   8    1.9884208  -1.61512374
   9    1.9837674  -1.20403465
  10    1.9840188  -1.09257277
  11    1.9680043  -0.87234427
  12    1.9750876  -0.77396509
  13    1.9792052  -0.74053573
  14    1.9586062  -0.54196814
  15    1.9745727  -0.50793812
  16    1.9700232  -0.50613064
  17    1.0000000  -0.31812747
  18    0.0101224  -0.01696808
  19    0.0077220  -0.01557782
  20    0.0410658  -0.07100583
  21    0.0060949  -0.01537583
  22    0.0081412  -0.01406397
  23    0.0307018  -0.05565835
  24    0.0056496  -0.01944947
  25    0.0071602  -0.02178422
  26    0.0042415  -0.01714478
  27    0.0004326  -0.01029468
  28    0.0003939  -0.00973127
  29    0.0004122  -0.01022003
  30    0.0002803  -0.00771671
  31    0.0000032  -0.00007994
  32    0.0000046  -0.00007373
  33    0.0000003  -0.00002540
  34    0.0098329  -0.01645483
  35    0.0075456  -0.01514966
  36    0.0001190  -0.00043563
  37    0.0059573  -0.01547532
  38    0.0047063  -0.00878153
  39    0.0007306  -0.00244096
  40    0.0049418  -0.01992303
  41    0.0029987  -0.00722116
  42    0.0018764  -0.00732947
  43    0.0000556  -0.00258544
  44    0.0000118  -0.00074397
  45    0.0000321  -0.00096465
  46    0.0000122  -0.00024802
  47    0.0000019  -0.00003991
  48    0.0000017  -0.00004288
  49    0.0000001  -0.00001053
  50    0.0085965  -0.01457468
  51    0.0066968  -0.01811654
  52    0.0000332  -0.00012511
  53    0.0038549  -0.00840880
  54    0.0043126  -0.00798214
  55    0.0001435  -0.00052524
  56    0.0019263  -0.00972940
  57    0.0020425  -0.00596376
  58    0.0018140  -0.00816823
  59    0.0000207  -0.00057196
  60    0.0000082  -0.00011098
  61    0.0000072  -0.00010667
  62    0.0000041  -0.00006338
  63    0.0000018  -0.00004066
  64    0.0000016  -0.00003391
  65    0.0000001  -0.00000525
  66    0.0004684  -0.00106336
  67    0.0019742  -0.00853867
  68    0.0000281  -0.00009905
  69    0.0033159  -0.00746425
  70    0.0038163  -0.00713260
  71    0.0001024  -0.00040507
  72    0.0017871  -0.00899834
  73    0.0015864  -0.00508731
  74    0.0015397  -0.00748474
  75    0.0000088  -0.00013377
  76    0.0000070  -0.00008312
  77    0.0000064  -0.00007080
  78    0.0000036  -0.00005141
  79    0.0000018  -0.00003652
  80    0.0000016  -0.00004008
  81    0.0000000  -0.00000172
  82    0.0004445  -0.00101704
  83    0.0005637  -0.00141086
  84    0.0000280  -0.00010246
  85    0.0005069  -0.00160635
  86    0.0023543  -0.00508607
  87    0.0000897  -0.00038336
  88    0.0004151  -0.00117722
  89    0.0011772  -0.00507437
  90    0.0009652  -0.00424074
  91    0.0000055  -0.00006890
  92    0.0000067  -0.00007920
  93    0.0000061  -0.00007117
  94    0.0000031  -0.00004556
  95    0.0000017  -0.00003683
  96    0.0000015  -0.00004597
  97    0.0000000  -0.00000124
  98    0.0001980  -0.00075300
  99    0.0005594  -0.00140082
 100    0.0000273  -0.00010327
 101    0.0003045  -0.00097304
 102    0.0005819  -0.00171158
 103    0.0000812  -0.00035809
 104    0.0003787  -0.00112409
 105    0.0004771  -0.00450058
 106    0.0004844  -0.00485148
 107    0.0000050  -0.00005741
 108    0.0000060  -0.00006747
 109    0.0000059  -0.00007123
 110    0.0000029  -0.00004387
 111    0.0000016  -0.00003849
 112    0.0000015  -0.00003179
 113    0.0000000  -0.00000110
 114    0.0001199  -0.00049725
 115    0.0001499  -0.00062868
 116    0.0000268  -0.00009826
 117    0.0002812  -0.00090334
 118    0.0003218  -0.00096291
 119    0.0000695  -0.00032594
 120    0.0003565  -0.00106521
 121    0.0003470  -0.00162324
 122    0.0002249  -0.00088156
 123    0.0000045  -0.00005732
 124    0.0000055  -0.00006637
 125    0.0000056  -0.00006397
 126    0.0000028  -0.00004496
 127    0.0000016  -0.00003446
 128    0.0000014  -0.00003029
 129    0.0000000  -0.00000111
 130    0.0001040  -0.00045422
 131    0.0000961  -0.00039829
 132    0.0000251  -0.00009546
 133    0.0002022  -0.00067780
 134    0.0003041  -0.00087910
 135    0.0000313  -0.00019330
 136    0.0002573  -0.00124486
 137    0.0001629  -0.00061715
 138    0.0001784  -0.00073977
 139    0.0000042  -0.00005496
 140    0.0000048  -0.00006066
 141    0.0000046  -0.00006352
 142    0.0000027  -0.00004198
 143    0.0000013  -0.00003466
 144    0.0000010  -0.00002393
 145    0.0000000  -0.00000086
 146    0.0000502  -0.00014911
 147    0.0000773  -0.00035639
 148    0.0000216  -0.00007702
 149    0.0001987  -0.00065056
 150    0.0002166  -0.00068356
 151    0.0000253  -0.00015730
 152    0.0001541  -0.00073513
 153    0.0001563  -0.00063249
 154    0.0001654  -0.00067583
 155    0.0000040  -0.00005203
 156    0.0000046  -0.00007217
 157    0.0000041  -0.00005463
 158    0.0000026  -0.00006152
 159    0.0000009  -0.00001791
 160    0.0000008  -0.00001757
 161    0.0000000  -0.00000075
 162    0.0000399  -0.00013890
 163    0.0000423  -0.00013389
 164    0.0000187  -0.00006726
 165    0.0000782  -0.00038376
 166    0.0001574  -0.00052905
 167    0.0000204  -0.00010841
 168    0.0001146  -0.00074884
 169    0.0001243  -0.00052121
 170    0.0000894  -0.00081286
 171    0.0000036  -0.00004899
 172    0.0000044  -0.00008034
 173    0.0000037  -0.00004881
 174    0.0000026  -0.00044532
 175    0.0000006  -0.00002850
 176    0.0000008  -0.00001504
 177    0.0000000  -0.00000068
 
----------------
 Final Energies 
----------------
Final NOF Total Energy =    -610.1227618
 
Total Orbital Internal Iterations = 10
Total Occupation Internal Iterations = 5
 
Elapsed time:  172.50 Seconds

---------------------------------
   Lowdin Population Analysis    
---------------------------------
 Idx  Atom   Population   Charge 
---------------------------------
  1    Cl    17.002      -0.002
  2     O     8.046      -0.046
  3     O     7.952       0.048

---------------------------------
   M Diagnostic: 0.04
---------------------------------

Recovering execution output...
Moving from /scratch/pobleyef/208849 to /home-nas/pobleyef/Poison-NOF/ncwomax/P30-5/GNOFmsta20/arina.208849
mkdir -p /home-nas/pobleyef/Poison-NOF/ncwomax/P30-5/GNOFmsta20/arina.208849
mv /scratch/pobleyef/208849/* /home-nas/pobleyef/Poison-NOF/ncwomax/P30-5/GNOFmsta20/arina.208849
