W4-11_128_s4-c2v
/software/eb2024/easybuild/software/common/software/Julia/1.11.3-linux-x86_64/bin/julia
Job runing on nh018
Choosing scratch ...
Automatic scratch folder selection
/scratch/pobleyef/181923
/scratch/pobleyef/181923 directory
cp W4-11_128_s4-c2v.jl W4-11_128_s4-c2v.jld2 to  /scratch/pobleyef/181923/.
Computing Integrals
Elapsed time:    7.86 Seconds

Number of basis functions                   (NBF)    = 280
Number of auxiliary basis functions         (NBFAUX) = 512
Inactive Doubly occupied orbitals up to     (NO1)    = 0
No. considered Strongly Doubly occupied MOs (NDOC)   = 32
No. considered Strongly Singly occupied MOs (NSOC)   = 0
NO. of Weakly occ. per St. Doubly occ.  MOs (NCWO)   = 7
Dimension of the Nat. Orb. subspace         (NBF5)   = 256
No. of electrons                                     = 64
    No. of alpha electrons                           = 32
    No. of beta electrons                            = 32
Multiplicity                                         = 1

Geometry
========
 S       0.0000000       1.5523430       0.9219610
 S       0.0000000       1.0685080      -0.9219610
 S       0.0000000      -1.0685080      -0.9219610
 S       0.0000000      -1.5523430       0.9219610

No violations of the orthonormality
No violations of the orthonormality
 
PNOF9/ADABelief Calculation
==================
 
  Nitext  Nit_orb  Time   Nit_occ  Time         Eelec          Etot           Ediff      maxdiff    MaxGrad_orb  Grad_occ
     1      10    3.2e+01    0    3.3e+01 -1925.71102068 -1592.01209815 -11924.71102068   0.000495   2.0e-03   2.2e-04 0.04
 
RESULTS OF THE OCCUPATION OPTIMIZATION
========================================
   1    1.9999991  -92.08379123
   2    1.9999992  -92.08346023
   3    1.9999992  -92.08333742
   4    1.9999991  -92.08298355
   5    1.9997303  -9.05787773
   6    1.9996646  -8.96856596
   7    1.9996478  -8.95584809
   8    1.9996190  -8.92595714
   9    1.9993942  -6.81733271
  10    1.9993752  -6.81475015
  11    1.9993668  -6.78362391
  12    1.9993254  -6.77731172
  13    1.9993533  -6.76653514
  14    1.9993222  -6.76408352
  15    1.9993278  -6.75941352
  16    1.9993224  -6.74695549
  17    1.9992871  -6.70736930
  18    1.9993684  -6.69606414
  19    1.9993756  -6.69421058
  20    1.9992710  -6.69119853
  21    1.9820448  -0.98627092
  22    1.9827039  -0.98508642
  23    1.9823361  -0.93409817
  24    1.9815423  -0.92680144
  25    1.9679683  -0.58129216
  26    1.9694183  -0.57987047
  27    1.9667328  -0.53812577
  28    1.9800334  -0.50798051
  29    1.9775615  -0.50517115
  30    1.9748490  -0.43840442
  31    1.9735376  -0.43432292
  32    1.9619297  -0.32439659
  33    0.0365009  -0.05589604
  34    0.0073298  -0.01703206
  35    0.0079417  -0.01769035
  36    0.0067245  -0.01645675
  37    0.0048485  -0.01731313
  38    0.0256549  -0.04676591
  39    0.0220342  -0.04101628
  40    0.0189976  -0.03828171
  41    0.0057807  -0.02578829
  42    0.0056081  -0.02596424
  43    0.0055224  -0.02572308
  44    0.0052558  -0.02526618
  45    0.0005544  -0.00966650
  46    0.0004671  -0.00825442
  47    0.0004548  -0.00795582
  48    0.0005507  -0.00976171
  49    0.0004962  -0.01028614
  50    0.0005114  -0.01034517
  51    0.0004784  -0.00827755
  52    0.0004731  -0.00835510
  53    0.0004733  -0.00854596
  54    0.0005139  -0.01012150
  55    0.0004778  -0.00916155
  56    0.0004706  -0.00835075
  57    0.0003368  -0.00700066
  58    0.0003183  -0.00666355
  59    0.0002972  -0.00639611
  60    0.0002303  -0.00444986
  61    0.0000003  -0.00001054
  62    0.0000004  -0.00001457
  63    0.0000004  -0.00001192
  64    0.0000003  -0.00001089
  65    0.0003551  -0.00080036
  66    0.0051699  -0.01100875
  67    0.0059449  -0.01224743
  68    0.0046883  -0.01426344
  69    0.0038562  -0.01459664
  70    0.0061020  -0.01156013
  71    0.0064388  -0.01209563
  72    0.0064073  -0.01266898
  73    0.0041874  -0.01546447
  74    0.0035543  -0.01316087
  75    0.0035732  -0.01400184
  76    0.0032438  -0.01349824
  77    0.0000592  -0.00146354
  78    0.0000668  -0.00216523
  79    0.0000645  -0.00170671
  80    0.0000575  -0.00111093
  81    0.0000539  -0.00047261
  82    0.0000556  -0.00047182
  83    0.0000989  -0.00176154
  84    0.0000588  -0.00202995
  85    0.0000874  -0.00155441
  86    0.0000397  -0.00034057
  87    0.0000456  -0.00041235
  88    0.0000538  -0.00097609
  89    0.0000165  -0.00016640
  90    0.0000088  -0.00008693
  91    0.0000169  -0.00017874
  92    0.0000137  -0.00014585
  93    0.0000003  -0.00000920
  94    0.0000001  -0.00000564
  95    0.0000003  -0.00000932
  96    0.0000002  -0.00000769
  97    0.0003264  -0.00072230
  98    0.0050821  -0.01309173
  99    0.0054265  -0.01438143
 100    0.0044487  -0.01333616
 101    0.0034292  -0.01290377
 102    0.0004850  -0.00115795
 103    0.0005143  -0.00117719
 104    0.0054305  -0.01088998
 105    0.0039044  -0.01252352
 106    0.0031052  -0.01326978
 107    0.0029014  -0.01200950
 108    0.0031160  -0.01362554
 109    0.0000516  -0.00043806
 110    0.0000461  -0.00042206
 111    0.0000552  -0.00049922
 112    0.0000380  -0.00033059
 113    0.0000502  -0.00042762
 114    0.0000463  -0.00040053
 115    0.0000464  -0.00040176
 116    0.0000479  -0.00041885
 117    0.0000543  -0.00130061
 118    0.0000385  -0.00032765
 119    0.0000388  -0.00036852
 120    0.0000396  -0.00036077
 121    0.0000106  -0.00019429
 122    0.0000074  -0.00005807
 123    0.0000061  -0.00016022
 124    0.0000116  -0.00040828
 125    0.0000001  -0.00000480
 126    0.0000001  -0.00000471
 127    0.0000001  -0.00000333
 128    0.0000001  -0.00000646
 129    0.0003141  -0.00071178
 130    0.0049929  -0.01165191
 131    0.0027784  -0.01013655
 132    0.0036917  -0.01151580
 133    0.0032831  -0.01277513
 134    0.0003636  -0.00094798
 135    0.0004950  -0.00117393
 136    0.0004278  -0.00108086
 137    0.0017112  -0.00907398
 138    0.0017959  -0.00907152
 139    0.0017629  -0.00920241
 140    0.0028100  -0.01181879
 141    0.0000353  -0.00031347
 142    0.0000138  -0.00014633
 143    0.0000182  -0.00017864
 144    0.0000326  -0.00030274
 145    0.0000460  -0.00040956
 146    0.0000299  -0.00026254
 147    0.0000240  -0.00020328
 148    0.0000271  -0.00027794
 149    0.0000292  -0.00027492
 150    0.0000150  -0.00012692
 151    0.0000314  -0.00026630
 152    0.0000133  -0.00016027
 153    0.0000055  -0.00004901
 154    0.0000060  -0.00006123
 155    0.0000047  -0.00006220
 156    0.0000045  -0.00014366
 157    0.0000001  -0.00000431
 158    0.0000001  -0.00000312
 159    0.0000000  -0.00000241
 160    0.0000001  -0.00000586
 161    0.0002150  -0.00053992
 162    0.0017245  -0.00730308
 163    0.0015510  -0.00564431
 164    0.0015884  -0.00719452
 165    0.0017739  -0.00833300
 166    0.0002638  -0.00068068
 167    0.0004706  -0.00112548
 168    0.0003942  -0.00101412
 169    0.0016120  -0.00805795
 170    0.0017138  -0.00957229
 171    0.0017444  -0.00988971
 172    0.0016579  -0.00948632
 173    0.0000119  -0.00046841
 174    0.0000121  -0.00022221
 175    0.0000155  -0.00011831
 176    0.0000148  -0.00011686
 177    0.0000131  -0.00009955
 178    0.0000111  -0.00008603
 179    0.0000133  -0.00035083
 180    0.0000184  -0.00020835
 181    0.0000131  -0.00011239
 182    0.0000131  -0.00010376
 183    0.0000132  -0.00059684
 184    0.0000123  -0.00009564
 185    0.0000051  -0.00005376
 186    0.0000045  -0.00004601
 187    0.0000043  -0.00005617
 188    0.0000038  -0.00006005
 189    0.0000001  -0.00000302
 190    0.0000000  -0.00000265
 191    0.0000000  -0.00000210
 192    0.0000001  -0.00000419
 193    0.0001898  -0.00049163
 194    0.0015273  -0.00640445
 195    0.0010977  -0.00422702
 196    0.0008955  -0.00341997
 197    0.0017696  -0.00821083
 198    0.0002148  -0.00056839
 199    0.0004087  -0.00101534
 200    0.0001942  -0.00059356
 201    0.0008783  -0.00394856
 202    0.0015807  -0.00771672
 203    0.0009595  -0.00547898
 204    0.0015131  -0.00801309
 205    0.0000088  -0.00007307
 206    0.0000114  -0.00008315
 207    0.0000129  -0.00040689
 208    0.0000120  -0.00053192
 209    0.0000130  -0.00009815
 210    0.0000102  -0.00008735
 211    0.0000091  -0.00009402
 212    0.0000124  -0.00015954
 213    0.0000091  -0.00007741
 214    0.0000070  -0.00005669
 215    0.0000100  -0.00008150
 216    0.0000093  -0.00009565
 217    0.0000035  -0.00005019
 218    0.0000042  -0.00009182
 219    0.0000034  -0.00014356
 220    0.0000033  -0.00027063
 221    0.0000000  -0.00000249
 222    0.0000000  -0.00000264
 223    0.0000000  -0.00000186
 224    0.0000001  -0.00000378
 225    0.0001689  -0.00045618
 226    0.0006359  -0.00174563
 227    0.0004108  -0.00101245
 228    0.0004013  -0.00105701
 229    0.0010063  -0.00414593
 230    0.0001830  -0.00053616
 231    0.0002202  -0.00060451
 232    0.0001801  -0.00051797
 233    0.0003838  -0.00119735
 234    0.0003059  -0.00090297
 235    0.0008323  -0.00425376
 236    0.0003587  -0.00125163
 237    0.0000078  -0.00006277
 238    0.0000071  -0.00005852
 239    0.0000105  -0.00008003
 240    0.0000072  -0.00005848
 241    0.0000051  -0.00005939
 242    0.0000078  -0.00006244
 243    0.0000076  -0.00006600
 244    0.0000089  -0.00006830
 245    0.0000082  -0.00012286
 246    0.0000060  -0.00005702
 247    0.0000080  -0.00007058
 248    0.0000069  -0.00005783
 249    0.0000030  -0.00048395
 250    0.0000031  -0.00047182
 251    0.0000028  -0.00033324
 252    0.0000024  -0.00018133
 253    0.0000000  -0.00000192
 254    0.0000000  -0.00000226
 255    0.0000000  -0.00000158
 256    0.0000000  -0.00000215
 
----------------
 Final Energies 
----------------
Final NOF Total Energy =   -1592.0120982
 
Total Orbital Internal Iterations = 10
Total Occupation Internal Iterations = 0
 
Elapsed time:   86.07 Seconds

---------------------------------
   Lowdin Population Analysis    
---------------------------------
 Idx  Atom   Population   Charge 
---------------------------------
  1     S    16.044      -0.044
  2     S    15.957       0.043
  3     S    15.958       0.042
  4     S    16.040      -0.040

---------------------------------
   M Diagnostic: 0.04
---------------------------------

Recovering execution output...
Moving from /scratch/pobleyef/181923 to /home-nas/pobleyef/Poison-NOF/ncwomax/P30-5/GNOFmsta/arina.181923
mkdir -p /home-nas/pobleyef/Poison-NOF/ncwomax/P30-5/GNOFmsta/arina.181923
mv /scratch/pobleyef/181923/* /home-nas/pobleyef/Poison-NOF/ncwomax/P30-5/GNOFmsta/arina.181923
