W4-11_107_so3
/software/eb2024/easybuild/software/common/software/Julia/1.11.3-linux-x86_64/bin/julia
Job runing on na13
Choosing scratch ...
Automatic scratch folder selection
/scratch/pobleyef/208839
/scratch/pobleyef/208839 directory
cp W4-11_107_so3.jl W4-11_107_so3.jld2 to  /scratch/pobleyef/208839/.
Computing Integrals
Elapsed time:   44.15 Seconds

Number of basis functions                   (NBF)    = 241
Number of auxiliary basis functions         (NBFAUX) = 359
Inactive Doubly occupied orbitals up to     (NO1)    = 0
No. considered Strongly Doubly occupied MOs (NDOC)   = 20
No. considered Strongly Singly occupied MOs (NSOC)   = 0
NO. of Weakly occ. per St. Doubly occ.  MOs (NCWO)   = 11
Dimension of the Nat. Orb. subspace         (NBF5)   = 240
No. of electrons                                     = 40
    No. of alpha electrons                           = 20
    No. of beta electrons                            = 20
Multiplicity                                         = 1

Geometry
========
 S       0.0000000       0.0000000       0.0000000
 O       0.0000000       1.4227900       0.0000000
 O       1.2321720      -0.7113950       0.0000000
 O      -1.2321720      -0.7113950       0.0000000

No violations of the orthonormality
No violations of the orthonormality
 
PNOF9/ADABelief Calculation
==================
 
  Nitext  Nit_orb  Time   Nit_occ  Time         Eelec          Etot           Ediff      maxdiff    MaxGrad_orb  Grad_occ
     1      10    3.2e+02    2    2.2e+01  -807.49220363  -623.44290727 -10806.49220363   0.000645   2.6e-03   3.2e-04 0.03
 
RESULTS OF THE OCCUPATION OPTIMIZATION
========================================
   1    1.9999996  -92.29522336
   2    1.9999891  -20.67424990
   3    1.9999914  -20.67399297
   4    1.9999902  -20.67257104
   5    1.9998312  -9.19391800
   6    1.9995428  -6.94941768
   7    1.9995385  -6.93122343
   8    1.9994934  -6.92599271
   9    1.9858694  -1.35073471
  10    1.9852922  -1.34676678
  11    1.9852316  -1.34566446
  12    1.9851639  -1.17669889
  13    1.9808559  -0.79852032
  14    1.9791055  -0.74367940
  15    1.9685820  -0.70966358
  16    1.9703432  -0.69960450
  17    1.9711958  -0.68005721
  18    1.9744818  -0.65666638
  19    1.9704585  -0.65469445
  20    1.9740476  -0.65164610
  21    0.0141685  -0.02407088
  22    0.0263176  -0.04762541
  23    0.0113289  -0.02168393
  24    0.0275730  -0.04971008
  25    0.0285913  -0.05151827
  26    0.0282007  -0.05017049
  27    0.0109480  -0.02270492
  28    0.0082385  -0.02073974
  29    0.0047865  -0.01810498
  30    0.0059127  -0.01895940
  31    0.0059176  -0.01892915
  32    0.0061315  -0.01909735
  33    0.0004134  -0.00726943
  34    0.0003666  -0.00634548
  35    0.0003672  -0.00812059
  36    0.0001144  -0.00242598
  37    0.0000035  -0.00011606
  38    0.0000038  -0.00013356
  39    0.0000034  -0.00011567
  40    0.0000003  -0.00000486
  41    0.0038775  -0.00799506
  42    0.0024757  -0.00610131
  43    0.0040753  -0.00977748
  44    0.0002824  -0.00094851
  45    0.0002223  -0.00076344
  46    0.0026878  -0.00648180
  47    0.0040605  -0.01043715
  48    0.0033391  -0.01283795
  49    0.0041113  -0.01657210
  50    0.0026172  -0.00832043
  51    0.0027342  -0.00825169
  52    0.0027319  -0.00913311
  53    0.0000386  -0.00151144
  54    0.0000352  -0.00129466
  55    0.0000344  -0.00090068
  56    0.0000241  -0.00060211
  57    0.0000019  -0.00003361
  58    0.0000015  -0.00003134
  59    0.0000014  -0.00002541
  60    0.0000000  -0.00000078
  61    0.0035106  -0.00745485
  62    0.0001650  -0.00059534
  63    0.0031067  -0.00723620
  64    0.0002199  -0.00075836
  65    0.0002179  -0.00074723
  66    0.0001631  -0.00056879
  67    0.0029648  -0.00741349
  68    0.0031403  -0.01134256
  69    0.0025858  -0.01077056
  70    0.0024601  -0.00776341
  71    0.0024918  -0.00800521
  72    0.0022929  -0.00816079
  73    0.0000075  -0.00018323
  74    0.0000087  -0.00010709
  75    0.0000072  -0.00008068
  76    0.0000041  -0.00005749
  77    0.0000011  -0.00002205
  78    0.0000009  -0.00001853
  79    0.0000013  -0.00002624
  80    0.0000000  -0.00000050
  81    0.0033767  -0.00727434
  82    0.0001584  -0.00057197
  83    0.0030972  -0.00749779
  84    0.0001807  -0.00063292
  85    0.0001665  -0.00057988
  86    0.0001624  -0.00056687
  87    0.0011983  -0.00417578
  88    0.0024827  -0.00937683
  89    0.0012673  -0.00608779
  90    0.0020476  -0.01009388
  91    0.0020522  -0.01003090
  92    0.0008887  -0.00475081
  93    0.0000068  -0.00010223
  94    0.0000082  -0.00050202
  95    0.0000066  -0.00007706
  96    0.0000039  -0.00005417
  97    0.0000010  -0.00002053
  98    0.0000006  -0.00001232
  99    0.0000012  -0.00002434
 100    0.0000000  -0.00000045
 101    0.0004157  -0.00128118
 102    0.0001344  -0.00050659
 103    0.0030744  -0.00721329
 104    0.0001695  -0.00060611
 105    0.0001626  -0.00057281
 106    0.0000792  -0.00031909
 107    0.0007578  -0.00271881
 108    0.0007663  -0.00285756
 109    0.0008859  -0.00450108
 110    0.0004775  -0.00180623
 111    0.0004662  -0.00232189
 112    0.0005235  -0.00238541
 113    0.0000065  -0.00009982
 114    0.0000078  -0.00008622
 115    0.0000065  -0.00007519
 116    0.0000039  -0.00005298
 117    0.0000007  -0.00001335
 118    0.0000003  -0.00000599
 119    0.0000009  -0.00001779
 120    0.0000000  -0.00000038
 121    0.0002631  -0.00080660
 122    0.0001248  -0.00043439
 123    0.0003969  -0.00133345
 124    0.0001648  -0.00058350
 125    0.0001618  -0.00057149
 126    0.0000453  -0.00017708
 127    0.0004553  -0.00162827
 128    0.0006954  -0.00273463
 129    0.0004827  -0.00459662
 130    0.0004404  -0.00369881
 131    0.0004359  -0.00346668
 132    0.0004813  -0.00434837
 133    0.0000060  -0.00008869
 134    0.0000065  -0.00007954
 135    0.0000064  -0.00007623
 136    0.0000038  -0.00005508
 137    0.0000005  -0.00001078
 138    0.0000003  -0.00002208
 139    0.0000008  -0.00001390
 140    0.0000000  -0.00000019
 141    0.0001976  -0.00062770
 142    0.0000959  -0.00035346
 143    0.0003141  -0.00102922
 144    0.0001555  -0.00054766
 145    0.0000794  -0.00033890
 146    0.0000253  -0.00009684
 147    0.0003923  -0.00124281
 148    0.0003138  -0.00117728
 149    0.0002392  -0.00117037
 150    0.0002498  -0.00104150
 151    0.0002351  -0.00097841
 152    0.0004314  -0.00166750
 153    0.0000060  -0.00006969
 154    0.0000060  -0.00007139
 155    0.0000062  -0.00007213
 156    0.0000033  -0.00004938
 157    0.0000003  -0.00000624
 158    0.0000003  -0.00001055
 159    0.0000006  -0.00001229
 160    0.0000000  -0.00000022
 161    0.0000546  -0.00022329
 162    0.0000334  -0.00012955
 163    0.0000446  -0.00016992
 164    0.0000166  -0.00009420
 165    0.0000152  -0.00009095
 166    0.0000210  -0.00009993
 167    0.0000401  -0.00018753
 168    0.0000613  -0.00031270
 169    0.0001575  -0.00089312
 170    0.0001838  -0.00072723
 171    0.0001727  -0.00073011
 172    0.0002194  -0.00080503
 173    0.0000058  -0.00006813
 174    0.0000059  -0.00007018
 175    0.0000061  -0.00007137
 176    0.0000031  -0.00004587
 177    0.0000003  -0.00001977
 178    0.0000003  -0.00000638
 179    0.0000005  -0.00000898
 180    0.0000000  -0.00000020
 181    0.0000476  -0.00018741
 182    0.0000128  -0.00007996
 183    0.0000302  -0.00013920
 184    0.0000143  -0.00008068
 185    0.0000138  -0.00008216
 186    0.0000112  -0.00007115
 187    0.0000329  -0.00016427
 188    0.0000504  -0.00020661
 189    0.0001301  -0.00060075
 190    0.0001775  -0.00070899
 191    0.0001143  -0.00052199
 192    0.0002169  -0.00079943
 193    0.0000056  -0.00006760
 194    0.0000059  -0.00006900
 195    0.0000060  -0.00006826
 196    0.0000029  -0.00034163
 197    0.0000002  -0.00001237
 198    0.0000002  -0.00000603
 199    0.0000004  -0.00000855
 200    0.0000000  -0.00000011
 201    0.0000208  -0.00011124
 202    0.0000120  -0.00007543
 203    0.0000278  -0.00011860
 204    0.0000137  -0.00007857
 205    0.0000132  -0.00007656
 206    0.0000111  -0.00006844
 207    0.0000240  -0.00012719
 208    0.0000360  -0.00017250
 209    0.0000966  -0.00073586
 210    0.0001132  -0.00057541
 211    0.0000594  -0.00030615
 212    0.0001681  -0.00088586
 213    0.0000053  -0.00006461
 214    0.0000054  -0.00006626
 215    0.0000058  -0.00006750
 216    0.0000028  -0.00005873
 217    0.0000002  -0.00000446
 218    0.0000002  -0.00000262
 219    0.0000003  -0.00002439
 220    0.0000000  -0.00000009
 221    0.0000196  -0.00009676
 222    0.0000116  -0.00007329
 223    0.0000220  -0.00010604
 224    0.0000137  -0.00007721
 225    0.0000128  -0.00007378
 226    0.0000109  -0.00006928
 227    0.0000204  -0.00010844
 228    0.0000204  -0.00010700
 229    0.0000932  -0.00050618
 230    0.0000885  -0.00045677
 231    0.0000284  -0.00015043
 232    0.0000450  -0.00025645
 233    0.0000052  -0.00006598
 234    0.0000051  -0.00006452
 235    0.0000049  -0.00006027
 236    0.0000026  -0.00004002
 237    0.0000001  -0.00000267
 238    0.0000001  -0.00000186
 239    0.0000002  -0.00000480
 240    0.0000000  -0.00000006
 
----------------
 Final Energies 
----------------
Final NOF Total Energy =    -623.4429073
 
Total Orbital Internal Iterations = 10
Total Occupation Internal Iterations = 2
 
Elapsed time:  373.39 Seconds

---------------------------------
   Lowdin Population Analysis    
---------------------------------
 Idx  Atom   Population   Charge 
---------------------------------
  1     S    16.112      -0.112
  2     O     7.964       0.036
  3     O     7.957       0.043
  4     O     7.967       0.033

---------------------------------
   M Diagnostic: 0.03
---------------------------------

Recovering execution output...
Moving from /scratch/pobleyef/208839 to /home-nas/pobleyef/Poison-NOF/ncwomax/P30-5/GNOFmsta20/arina.208839
mkdir -p /home-nas/pobleyef/Poison-NOF/ncwomax/P30-5/GNOFmsta20/arina.208839
mv /scratch/pobleyef/208839/* /home-nas/pobleyef/Poison-NOF/ncwomax/P30-5/GNOFmsta20/arina.208839
