Computing Integrals
Basis Set                                            = def2-qzvp
Auxiliary Basis Set                                  = def2-universal-jkfit
Gaussian Type                                        = Spherical
Elapsed time:    3.18 Seconds

Number of basis functions                   (NBF)    = 113
Number of auxiliary basis functions         (NBFAUX) = 237
Inactive Doubly occupied orbitals up to     (NO1)    = 0
No. considered Strongly Doubly occupied MOs (NDOC)   = 14
No. considered Strongly Singly occupied MOs (NSOC)   = 0
NO. of Weakly occ. per St. Doubly occ.  MOs (NCWO)   = 7
Dimension of the Nat. Orb. subspace         (NBF5)   = 112
No. of electrons                                     = 28
    No. of alpha electrons                           = 14
    No. of beta electrons                            = 14
Multiplicity                                         = 1

Geometry
========
Ca       0.0000000       0.0000000      -0.8987290
 O       0.0000000       0.0000000       0.8987290

No violations of the orthonormality
No violations of the orthonormality
 
PNOF8/ADABelief Calculation
==================
 
  Nitext  Nit_orb  Time   Nit_occ  Time         Eelec          Etot           Ediff      maxdiff    MaxGrad_orb  Grad_occ
     1      10    2.5e+01    4    2.9e+01  -799.37855102  -752.27415130 -10798.37855102   0.007885   3.2e-02   2.5e-04 0.77
     2      20    7.9e+00    0    2.1e-02  -799.37877486  -752.27437514    -0.00022385   0.007885   3.2e-02   2.5e-04 0.77
     3      40    1.2e+01    7    1.8e-01  -799.37890526  -752.27450554    -0.00013039   0.007332   2.9e-02   2.2e-04 0.77
     4      40    1.2e+01    3    7.6e-02  -799.37894538  -752.27454566    -0.00004013   0.007420   3.0e-02   1.5e-04 0.77
     5      40    1.3e+01    5    9.8e-02  -799.37900454  -752.27460482    -0.00005916   0.006881   2.8e-02   1.9e-04 0.77
     6      40    1.2e+01    1    4.0e-02  -799.37901883  -752.27461911    -0.00001428   0.007407   3.0e-02   1.8e-04 0.77
     7      40    1.2e+01    1    2.8e-02  -799.37904227  -752.27464255    -0.00002344   0.007332   2.9e-02   1.9e-04 0.77
     8      40    1.4e+01    0    1.9e-02  -799.37904300  -752.27464328    -0.00000073   0.007332   2.9e-02   1.9e-04 0.77
     9      60    2.1e+01    0    6.4e-02  -799.37921473  -752.27481501    -0.00017173   0.000606   2.4e-03   2.2e-04 0.77
 
RESULTS OF THE OCCUPATION OPTIMIZATION
========================================
   1    1.9999997  -149.30126391
   2    1.9999868  -16.81571575
   3    1.9999645  -16.08524168
   4    1.9999666  -15.83132385
   5    1.9999652  -15.81828434
   6    1.9999149  -13.58144936
   7    1.9906962  -2.21985933
   8    1.9801422  -1.24778932
   9    1.9760230  -1.21042451
  10    1.9758702  -1.20422149
  11    1.9721750  -1.10124752
  12    1.9732200  -0.94669158
  13    1.9679981  -0.51915148
  14    1.2294592  -0.24882054
  15    0.7704915  -0.17499613
  16    0.0206275  -0.03042529
  17    0.0206899  -0.03783454
  18    0.0175790  -0.03605014
  19    0.0191336  -0.03712965
  20    0.0193513  -0.03740715
  21    0.0077991  -0.02040103
  22    0.0063870  -0.03362336
  23    0.0000695  -0.00440589
  24    0.0000070  -0.00017320
  25    0.0000073  -0.00017239
  26    0.0000098  -0.00043931
  27    0.0000126  -0.00131338
  28    0.0000002  -0.00002140
  29    0.0000183  -0.00000510
  30    0.0036737  -0.00741403
  31    0.0031159  -0.00720651
  32    0.0097041  -0.02218164
  33    0.0028360  -0.00651148
  34    0.0028388  -0.00648916
  35    0.0075779  -0.01577985
  36    0.0014672  -0.00525630
  37    0.0000039  -0.00010655
  38    0.0000056  -0.00008750
  39    0.0000064  -0.00009487
  40    0.0000052  -0.00007943
  41    0.0000006  -0.00002815
  42    0.0000000  -0.00000066
  43    0.0000122  -0.00000449
  44    0.0035768  -0.00715225
  45    0.0017480  -0.00465137
  46    0.0002115  -0.00065598
  47    0.0009627  -0.00259080
  48    0.0009642  -0.00259132
  49    0.0026682  -0.00639384
  50    0.0006418  -0.01085568
  51    0.0000035  -0.00005509
  52    0.0000049  -0.00009799
  53    0.0000057  -0.00008772
  54    0.0000046  -0.00007235
  55    0.0000000  -0.00000028
  56    0.0000000  -0.00000046
  57    0.0000098  -0.00000239
  58    0.0030442  -0.00602819
  59    0.0006419  -0.00213700
  60    0.0000987  -0.00028715
  61    0.0009464  -0.00282572
  62    0.0005274  -0.00169955
  63    0.0010547  -0.00342971
  64    0.0004619  -0.00528948
  65    0.0000034  -0.00005328
  66    0.0000044  -0.00007080
  67    0.0000051  -0.00009440
  68    0.0000045  -0.00008281
  69    0.0000000  -0.00000017
  70    0.0000000  -0.00000044
  71    0.0000059  -0.00000188
  72    0.0005539  -0.00171218
  73    0.0002258  -0.00083482
  74    0.0000820  -0.00024633
  75    0.0001060  -0.00037031
  76    0.0001311  -0.00048524
  77    0.0002788  -0.00091473
  78    0.0001513  -0.00068233
  79    0.0000030  -0.00004146
  80    0.0000043  -0.00006623
  81    0.0000046  -0.00010676
  82    0.0000040  -0.00007497
  83    0.0000000  -0.00000007
  84    0.0000000  -0.00000022
  85    0.0000018  -0.00000154
  86    0.0002688  -0.00074086
  87    0.0002060  -0.00072873
  88    0.0000779  -0.00023632
  89    0.0000814  -0.00027860
  90    0.0001112  -0.00036065
  91    0.0002494  -0.00089362
  92    0.0001325  -0.00067248
  93    0.0000018  -0.00002473
  94    0.0000043  -0.00010454
  95    0.0000027  -0.00004438
  96    0.0000039  -0.00006153
  97    0.0000000  -0.00000002
  98    0.0000000  -0.00000021
  99    0.0000014  -0.00000026
 100    0.0002570  -0.00071503
 101    0.0001526  -0.00052681
 102    0.0000717  -0.00018968
 103    0.0000637  -0.00021474
 104    0.0000529  -0.00020815
 105    0.0002297  -0.00078368
 106    0.0000622  -0.00087924
 107    0.0000001  -0.00000259
 108    0.0000042  -0.00006555
 109    0.0000018  -0.00002435
 110    0.0000035  -0.00005745
 111    0.0000000  -0.00000001
 112    0.0000000  -0.00000015
 
----------------
 Final Energies 
----------------
Final NOF Total Energy =    -752.2748150
 
Total Orbital Internal Iterations = 330
Total Occupation Internal Iterations = 21
 
Elapsed time:  174.01 Seconds

---------------------------------
   Lowdin Population Analysis    
---------------------------------
 Idx  Atom   Population   Charge 
---------------------------------
  1    Ca    19.698       0.302
  2     O     8.302      -0.302

---------------------------------
   M Diagnostic: 0.77
---------------------------------

