Computing Integrals
Basis Set                                            = def2-qzvp
Auxiliary Basis Set                                  = def2-universal-jkfit
Gaussian Type                                        = Spherical
Elapsed time:    2.51 Seconds

Number of basis functions                   (NBF)    = 51
Number of auxiliary basis functions         (NBFAUX) = 112
Inactive Doubly occupied orbitals up to     (NO1)    = 0
No. considered Strongly Doubly occupied MOs (NDOC)   = 6
No. considered Strongly Singly occupied MOs (NSOC)   = 0
NO. of Weakly occ. per St. Doubly occ.  MOs (NCWO)   = 7
Dimension of the Nat. Orb. subspace         (NBF5)   = 48
No. of electrons                                     = 12
    No. of alpha electrons                           = 6
    No. of beta electrons                            = 6
Multiplicity                                         = 1

Geometry
========
Mg       0.0000000       0.0000000       0.0000000

No violations of the orthonormality
No violations of the orthonormality
 
PNOF8/ADABelief Calculation
==================
 
  Nitext  Nit_orb  Time   Nit_occ  Time         Eelec          Etot           Ediff      maxdiff    MaxGrad_orb  Grad_occ
     1      10    2.0e+01    8    2.5e+01  -199.86217781  -199.86217781 -10198.86217781   0.000943   3.8e-03   2.0e-04 0.02
 
RESULTS OF THE OCCUPATION OPTIMIZATION
========================================
   1    1.9999980  -49.07823208
   2    1.9954829  -3.79549250
   3    1.9956949  -2.31233231
   4    1.9933155  -2.31108813
   5    1.9930295  -2.30963553
   6    1.9677960  -0.26600260
   7    0.0099158  -0.01149463
   8    0.0065807  -0.03079760
   9    0.0030000  -0.01411175
  10    0.0032402  -0.01443496
  11    0.0022325  -0.01320844
  12    0.0000017  -0.00000918
  13    0.0098648  -0.01143270
  14    0.0001922  -0.00088898
  15    0.0029945  -0.01412279
  16    0.0005313  -0.00599605
  17    0.0022228  -0.01320294
  18    0.0000001  -0.00000099
  19    0.0098118  -0.01138440
  20    0.0001669  -0.00070230
  21    0.0004230  -0.00225074
  22    0.0002209  -0.00091182
  23    0.0000265  -0.00010337
  24    0.0000001  -0.00000090
  25    0.0011419  -0.00147166
  26    0.0000093  -0.00002136
  27    0.0001595  -0.00068421
  28    0.0002189  -0.00091338
  29    0.0000185  -0.00063680
  30    0.0000000  -0.00000056
  31    0.0011345  -0.00145973
  32    0.0000083  -0.00001949
  33    0.0000860  -0.00182474
  34    0.0000529  -0.00018484
  35    0.0000069  -0.00031994
  36    0.0000000  -0.00000053
  37    0.0002022  -0.00021166
  38    0.0000070  -0.00001786
  39    0.0000117  -0.00002748
  40    0.0000242  -0.00009815
  41    0.0000064  -0.00003774
  42    0.0000000  -0.00000053
  43    0.0001330  -0.00016946
  44    0.0000062  -0.00001681
  45    0.0000097  -0.00007477
  46    0.0000166  -0.00016704
  47    0.0000035  -0.00001302
  48    0.0000000  -0.00000026
 
----------------
 Final Energies 
----------------
Final NOF Total Energy =    -199.8621778
 
Total Orbital Internal Iterations = 10
Total Occupation Internal Iterations = 8
 
Elapsed time:   59.18 Seconds

---------------------------------
   Lowdin Population Analysis    
---------------------------------
 Idx  Atom   Population   Charge 
---------------------------------
  1    Mg    12.000      -0.000

---------------------------------
   M Diagnostic: 0.02
---------------------------------

