ALKBDE10-ca
/software/eb2024/easybuild/software/common/software/Julia/1.11.3-linux-x86_64/bin/julia
Job runing on nh013
Choosing scratch ...
Automatic scratch folder selection
/scratch/pobleyef/284350
/scratch/pobleyef/284350 directory
cp ALKBDE10-ca.jl ALKBDE10-ca.jld2 to  /scratch/pobleyef/284350/.
Computing Integrals
Basis Set                                            = def2-qzvp
Auxiliary Basis Set                                  = def2-universal-jkfit
Gaussian Type                                        = Spherical
Elapsed time:    3.50 Seconds

Number of basis functions                   (NBF)    = 56
Number of auxiliary basis functions         (NBFAUX) = 160
Inactive Doubly occupied orbitals up to     (NO1)    = 0
No. considered Strongly Doubly occupied MOs (NDOC)   = 10
No. considered Strongly Singly occupied MOs (NSOC)   = 0
NO. of Weakly occ. per St. Doubly occ.  MOs (NCWO)   = 4
Dimension of the Nat. Orb. subspace         (NBF5)   = 50
No. of electrons                                     = 20
    No. of alpha electrons                           = 10
    No. of beta electrons                            = 10
Multiplicity                                         = 1

Geometry
========
Ca       0.0000000       0.0000000       0.0000000

No violations of the orthonormality
No violations of the orthonormality
 
PNOF8/ADABelief Calculation
==================
 
  Nitext  Nit_orb  Time   Nit_occ  Time         Eelec          Etot           Ediff      maxdiff    MaxGrad_orb  Grad_occ
     1      10    2.8e+01   29    3.5e+01  -677.05803802  -677.05803802 -10676.05803802   0.009258   3.7e-02   1.8e-04 0.17
     2      20    1.2e-01   21    4.8e-02  -677.13399567  -677.13399567    -0.07595765   0.184286   7.4e-01   2.2e-04 0.16
     3      20    9.5e-02   18    4.6e-02  -677.15372824  -677.15372824    -0.01973257   0.012499   5.0e-02   2.5e-04 0.16
     4      20    9.4e-02   22    5.6e-02  -677.15859741  -677.15859741    -0.00486917   0.038302   1.5e-01   2.3e-04 0.16
     5      20    9.1e-02   27    6.5e-02  -677.16162029  -677.16162029    -0.00302287   0.039713   1.6e-01   2.1e-04 0.16
     6      20    9.7e-02    7    2.4e-02  -677.16302440  -677.16302440    -0.00140411   0.043605   1.7e-01   2.0e-04 0.16
     7      20    9.6e-02    9    2.6e-02  -677.16511782  -677.16511782    -0.00209342   0.036308   1.5e-01   2.1e-04 0.16
     8      20    8.7e-02   21    5.3e-02  -677.16546330  -677.16546330    -0.00034548   0.038861   1.6e-01   2.6e-04 0.16
     9      20    9.6e-02    7    2.2e-02  -677.16618587  -677.16618587    -0.00072257   0.037091   1.5e-01   1.7e-04 0.15
    10      20    9.3e-02    7    2.5e-02  -677.16648364  -677.16648364    -0.00029777   0.042809   1.7e-01   1.3e-04 0.15
    11      20    1.0e-01    3    1.5e-02  -677.16668835  -677.16668835    -0.00020471   0.039931   1.6e-01   2.1e-04 0.16
    12      20    8.6e-02    3    1.0e-02  -677.16673683  -677.16673683    -0.00004849   0.039570   1.6e-01   1.9e-04 0.16
    13      20    9.0e-02    0    4.4e-03  -677.16674483  -677.16674483    -0.00000800   0.039570   1.6e-01   1.9e-04 0.16
    14      40    1.7e-01    3    1.0e-02  -677.16938594  -677.16938594    -0.00264111   0.004238   1.7e-02   1.6e-04 0.16
    15      40    1.7e-01    3    1.5e-02  -677.16939499  -677.16939499    -0.00000905   0.004392   1.8e-02   1.9e-04 0.15
    16      40    1.6e-01    3    1.5e-02  -677.16941165  -677.16941165    -0.00001666   0.004342   1.7e-02   1.6e-04 0.16
    17      40    1.6e-01    2    8.6e-03  -677.16942975  -677.16942975    -0.00001809   0.003888   1.6e-02   1.8e-04 0.15
    18      40    1.7e-01    0    9.9e-03  -677.16943234  -677.16943234    -0.00000259   0.003888   1.6e-02   1.8e-04 0.15
    19      60    2.5e-01    0    1.1e-02  -677.16953042  -677.16953042    -0.00009808   0.000572   2.3e-03   2.3e-04 0.15
 
RESULTS OF THE OCCUPATION OPTIMIZATION
========================================
   1    1.9999998  -149.36652557
   2    1.9999856  -16.85680085
   3    1.9999607  -13.63723841
   4    1.9999757  -13.63673478
   5    1.9999876  -13.63661428
   6    1.9851646  -2.26198962
   7    1.9780528  -1.36226887
   8    1.9751626  -1.36154939
   9    1.9695162  -1.35818513
  10    1.7685339  -0.20035494
  11    0.0772121  -0.01219307
  12    0.0144160  -0.03390888
  13    0.0202633  -0.04080463
  14    0.0144762  -0.03508640
  15    0.0132984  -0.03470985
  16    0.0000097  -0.00054957
  17    0.0000093  -0.00010635
  18    0.0000356  -0.00273085
  19    0.0000094  -0.00037334
  20    0.0000001  -0.00000272
  21    0.0771991  -0.01219915
  22    0.0140385  -0.03314701
  23    0.0019188  -0.00443583
  24    0.0059473  -0.03036714
  25    0.0007539  -0.00249298
  26    0.0000012  -0.00002008
  27    0.0000068  -0.00038948
  28    0.0000035  -0.00005200
  29    0.0000022  -0.00005855
  30    0.0000000  -0.00000057
  31    0.0766361  -0.01210701
  32    0.0013713  -0.00363928
  33    0.0017844  -0.00417645
  34    0.0007762  -0.00241983
  35    0.0006682  -0.01153522
  36    0.0000011  -0.00001988
  37    0.0000048  -0.00009398
  38    0.0000001  -0.00000170
  39    0.0000018  -0.00003203
  40    0.0000000  -0.00000041
  41    0.0004188  -0.00011767
  42    0.0006580  -0.00200353
  43    0.0008708  -0.00238615
  44    0.0007474  -0.00232869
  45    0.0001149  -0.00235495
  46    0.0000004  -0.00001025
  47    0.0000034  -0.00005803
  48    0.0000001  -0.00000128
  49    0.0000010  -0.00001848
  50    0.0000000  -0.00000039
 
----------------
 Final Energies 
----------------
Final NOF Total Energy =    -677.1695304
 
Total Orbital Internal Iterations = 510
Total Occupation Internal Iterations = 185
 
Elapsed time:   85.01 Seconds

---------------------------------
   Lowdin Population Analysis    
---------------------------------
 Idx  Atom   Population   Charge 
---------------------------------
  1    Ca    20.000      -0.000

---------------------------------
   M Diagnostic: 0.15
---------------------------------

Recovering execution output...
Moving from /scratch/pobleyef/284350 to /home-nas/pobleyef/Poison-NOF/ncwomax/P30-5/GNOFa/arina.284350
mkdir -p /home-nas/pobleyef/Poison-NOF/ncwomax/P30-5/GNOFa/arina.284350
mv /scratch/pobleyef/284350/* /home-nas/pobleyef/Poison-NOF/ncwomax/P30-5/GNOFa/arina.284350
