BH76-hf2ts
/software/eb2024/easybuild/software/common/software/Julia/1.11.3-linux-x86_64/bin/julia
Job runing on nh020
Choosing scratch ...
Automatic scratch folder selection
/scratch/pobleyef/284356
/scratch/pobleyef/284356 directory
cp BH76-hf2ts.jl BH76-hf2ts.jld2 to  /scratch/pobleyef/284356/.
Computing Integrals
Basis Set                                            = def2-qzvp
Auxiliary Basis Set                                  = def2-universal-jkfit
Gaussian Type                                        = Spherical
Elapsed time:    3.87 Seconds

Number of basis functions                   (NBF)    = 144
Number of auxiliary basis functions         (NBFAUX) = 172
Inactive Doubly occupied orbitals up to     (NO1)    = 0
No. considered Strongly Doubly occupied MOs (NDOC)   = 9
No. considered Strongly Singly occupied MOs (NSOC)   = 1
NO. of Weakly occ. per St. Doubly occ.  MOs (NCWO)   = 14
Dimension of the Nat. Orb. subspace         (NBF5)   = 136
No. of electrons                                     = 19
    No. of alpha electrons                           = 10
    No. of beta electrons                            = 9
Multiplicity                                         = 2

Geometry
========
 H       0.0000000       0.0000000      -1.5701571
 F       0.0000000       0.0000000       0.0449024
 F       0.0000000       0.0000000       1.5252546

No violations of the orthonormality
No violations of the orthonormality
 
PNOF8/ADABelief Calculation
==================
 
  Nitext  Nit_orb  Time   Nit_occ  Time         Eelec          Etot           Ediff      maxdiff    MaxGrad_orb  Grad_occ
     1      10    3.0e+01   40    3.6e+01  -233.17902575  -199.73679422 -10232.17902575   0.024650   9.9e-02   2.3e-04 0.26
     2      20    2.8e+00   28    9.2e-01  -233.24607940  -199.80384788    -0.06705365   0.080979   3.2e-01   1.8e-04 0.27
     3      20    2.9e+00   27    7.7e-01  -233.25958219  -199.81735067    -0.01350279   0.021894   8.8e-02   2.3e-04 0.27
     4      20    2.8e+00   23    6.1e-01  -233.26227311  -199.82004158    -0.00269092   0.031787   1.3e-01   2.5e-04 0.27
     5      20    2.9e+00   15    4.8e-01  -233.26830127  -199.82606974    -0.00602816   0.019004   7.6e-02   2.2e-04 0.27
     6      20    2.9e+00    0    4.2e-02  -233.26870024  -199.82646872    -0.00039897   0.019004   7.6e-02   2.2e-04 0.27
     7      40    5.6e+00    6    2.1e-01  -233.27311578  -199.83088426    -0.00441554   0.003612   1.4e-02   2.1e-04 0.27
     8      40    5.6e+00    5    2.0e-01  -233.27376630  -199.83153478    -0.00065052   0.004944   2.0e-02   2.5e-04 0.27
     9      40    5.6e+00    8    3.2e-01  -233.27419743  -199.83196590    -0.00043113   0.003878   1.6e-02   2.6e-04 0.27
    10      40    5.6e+00    3    1.6e-01  -233.27444797  -199.83221644    -0.00025054   0.004301   1.7e-02   2.3e-04 0.27
    11      40    5.6e+00    8    2.7e-01  -233.27461697  -199.83238545    -0.00016901   0.004836   1.9e-02   2.6e-04 0.27
    12      40    5.7e+00    3    9.3e-02  -233.27479044  -199.83255891    -0.00017347   0.004399   1.8e-02   1.9e-04 0.27
    13      40    5.8e+00    8    2.5e-01  -233.27490994  -199.83267842    -0.00011950   0.004485   1.8e-02   2.3e-04 0.27
    14      40    5.6e+00    3    1.0e-01  -233.27500775  -199.83277622    -0.00009781   0.004358   1.7e-02   1.5e-04 0.27
    15      40    5.7e+00    6    2.3e-01  -233.27506010  -199.83282857    -0.00005235   0.004495   1.8e-02   2.1e-04 0.27
    16      40    5.8e+00    1    5.8e-02  -233.27509768  -199.83286616    -0.00003759   0.004069   1.6e-02   1.7e-04 0.27
    17      40    5.7e+00    3    1.7e-01  -233.27514011  -199.83290858    -0.00004242   0.004215   1.7e-02   1.9e-04 0.27
    18      40    5.8e+00    6    2.0e-01  -233.27517188  -199.83294036    -0.00003178   0.003894   1.6e-02   1.9e-04 0.27
    19      40    5.6e+00    6    2.3e-01  -233.27524259  -199.83301107    -0.00007071   0.003661   1.5e-02   2.2e-04 0.27
    20      40    5.7e+00    1    1.6e-01  -233.27526447  -199.83303295    -0.00002188   0.005064   2.0e-02   1.8e-04 0.27
    21      40    5.6e+00    0    1.1e-01  -233.27535805  -199.83312652    -0.00009357   0.005111   2.0e-02   2.7e-04 0.27
    22      50    7.1e+00    5    2.1e-01  -233.27541372  -199.83318220    -0.00005568   0.004544   1.8e-02   2.9e-04 0.27
    23      50    7.0e+00   13    4.0e-01  -233.27547659  -199.83324506    -0.00006286   0.004952   2.0e-02   1.9e-04 0.27
    24      50    7.0e+00    3    9.0e-02  -233.27564692  -199.83341540    -0.00017034   0.003896   1.6e-02   1.8e-04 0.27
    25      50    7.0e+00    3    1.3e-01  -233.27567600  -199.83344448    -0.00002908   0.004330   1.7e-02   2.2e-04 0.27
    26      50    7.1e+00    3    9.2e-02  -233.27570487  -199.83347335    -0.00002887   0.002610   1.0e-02   2.0e-04 0.27
    27      50    7.1e+00    0    3.2e-02  -233.27571108  -199.83347955    -0.00000620   0.002508   1.0e-02   2.2e-04 0.27
    28      60    8.4e+00    0    3.7e-02  -233.27575891  -199.83352738    -0.00004783   0.002390   9.6e-03   2.0e-04 0.27
    29      70    9.8e+00    0    4.3e-02  -233.27578813  -199.83355661    -0.00002922   0.002845   1.1e-02   2.5e-04 0.27
    30      80    1.1e+01    0    3.8e-02  -233.27579436  -199.83356284    -0.00000623   0.002285   9.1e-03   2.3e-04 0.27
    31      90    1.3e+01    1    6.2e-02  -233.27580673  -199.83357520    -0.00001236   0.001808   7.2e-03   2.5e-04 0.27
    32      90    1.3e+01    0    5.1e-02  -233.27580484  -199.83357331     0.00000189   0.001640   6.6e-03   2.3e-04 0.27
    33      67    9.3e+00    0    4.2e-02  -233.27582923  -199.83359771    -0.00002440   0.000497   2.0e-03   2.3e-04 0.27
 
RESULTS OF THE OCCUPATION OPTIMIZATION
========================================
   1    1.9999774  -26.42757893
   2    1.9999704  -26.42740087
   3    1.9865909  -1.71179179
   4    1.9851159  -1.57217609
   5    1.9799726  -0.79347508
   6    1.9801657  -0.78369338
   7    1.7318883  -0.75137471
   8    1.9789939  -0.73829094
   9    1.9794251  -0.72956810
  10    1.0000000  -0.27265275
  11    0.0112035  -0.02018855
  12    0.0113417  -0.02034101
  13    0.2679883  -0.15539312
  14    0.0103867  -0.01946536
  15    0.0110010  -0.02005437
  16    0.0077498  -0.02273378
  17    0.0071478  -0.02189981
  18    0.0000123  -0.00049094
  19    0.0000113  -0.00044860
  20    0.0044385  -0.01000384
  21    0.0038531  -0.00842919
  22    0.0000371  -0.00005709
  23    0.0043171  -0.01011669
  24    0.0039956  -0.00888306
  25    0.0035322  -0.00969986
  26    0.0036524  -0.01017022
  27    0.0000035  -0.00006996
  28    0.0000034  -0.00006761
  29    0.0029751  -0.00688830
  30    0.0031651  -0.00711541
  31    0.0000274  -0.00004745
  32    0.0030864  -0.00705762
  33    0.0028526  -0.00674369
  34    0.0021509  -0.00631815
  35    0.0009977  -0.00473860
  36    0.0000033  -0.00006864
  37    0.0000025  -0.00005786
  38    0.0007502  -0.00261009
  39    0.0008219  -0.00275085
  40    0.0000232  -0.00004634
  41    0.0007189  -0.00279117
  42    0.0008284  -0.00279046
  43    0.0005652  -0.00454000
  44    0.0004957  -0.00406391
  45    0.0000019  -0.00005303
  46    0.0000015  -0.00004462
  47    0.0003110  -0.00106555
  48    0.0006386  -0.00232910
  49    0.0000123  -0.00003245
  50    0.0003025  -0.00108603
  51    0.0003122  -0.00095025
  52    0.0002811  -0.00116548
  53    0.0003359  -0.00182591
  54    0.0000019  -0.00005112
  55    0.0000011  -0.00003724
  56    0.0002985  -0.00104949
  57    0.0003152  -0.00098783
  58    0.0000058  -0.00002702
  59    0.0002684  -0.00096481
  60    0.0003039  -0.00099679
  61    0.0002650  -0.00106005
  62    0.0002488  -0.00106687
  63    0.0000017  -0.00004770
  64    0.0000010  -0.00002913
  65    0.0001938  -0.00070793
  66    0.0003115  -0.00099913
  67    0.0000037  -0.00001898
  68    0.0002417  -0.00089001
  69    0.0002160  -0.00084353
  70    0.0001504  -0.00077910
  71    0.0002358  -0.00093154
  72    0.0000012  -0.00004029
  73    0.0000006  -0.00001190
  74    0.0001896  -0.00068001
  75    0.0002540  -0.00095147
  76    0.0000033  -0.00001762
  77    0.0002203  -0.00087922
  78    0.0001796  -0.00084724
  79    0.0000897  -0.00089125
  80    0.0001942  -0.00087646
  81    0.0000011  -0.00003693
  82    0.0000003  -0.00003880
  83    0.0000909  -0.00047540
  84    0.0001730  -0.00064927
  85    0.0000025  -0.00001309
  86    0.0002000  -0.00075875
  87    0.0001746  -0.00064673
  88    0.0000213  -0.00018113
  89    0.0000205  -0.00017571
  90    0.0000007  -0.00002497
  91    0.0000002  -0.00000286
  92    0.0000616  -0.00048182
  93    0.0000668  -0.00055520
  94    0.0000022  -0.00000962
  95    0.0000265  -0.00018327
  96    0.0000986  -0.00100274
  97    0.0000193  -0.00014812
  98    0.0000194  -0.00016369
  99    0.0000005  -0.00001224
 100    0.0000002  -0.00000269
 101    0.0000172  -0.00012074
 102    0.0000190  -0.00013267
 103    0.0000018  -0.00000456
 104    0.0000193  -0.00014755
 105    0.0000177  -0.00012794
 106    0.0000168  -0.00013496
 107    0.0000170  -0.00013712
 108    0.0000004  -0.00003324
 109    0.0000002  -0.00000189
 110    0.0000164  -0.00012011
 111    0.0000163  -0.00011569
 112    0.0000015  -0.00000246
 113    0.0000164  -0.00011862
 114    0.0000166  -0.00012280
 115    0.0000161  -0.00013512
 116    0.0000169  -0.00013667
 117    0.0000004  -0.00003422
 118    0.0000002  -0.00000090
 119    0.0000155  -0.00010790
 120    0.0000151  -0.00011297
 121    0.0000014  -0.00000355
 122    0.0000154  -0.00011439
 123    0.0000158  -0.00012429
 124    0.0000140  -0.00010753
 125    0.0000143  -0.00011131
 126    0.0000003  -0.00000700
 127    0.0000001  -0.00000068
 128    0.0000131  -0.00009197
 129    0.0000147  -0.00010629
 130    0.0000013  -0.00000327
 131    0.0000146  -0.00010381
 132    0.0000147  -0.00011365
 133    0.0000123  -0.00009377
 134    0.0000127  -0.00010001
 135    0.0000003  -0.00001396
 136    0.0000001  -0.00000045
 
----------------
 Final Energies 
----------------
Final NOF Total Energy =    -199.8335977
 
Total Orbital Internal Iterations = 1467
Total Occupation Internal Iterations = 228
 
Elapsed time:  304.22 Seconds

---------------------------------
   Lowdin Population Analysis    
---------------------------------
 Idx  Atom   Population   Charge 
---------------------------------
  1     H     0.986       0.014
  2     F     8.993       0.007
  3     F     9.021      -0.021

---------------------------------
   M Diagnostic: 0.27
---------------------------------

Recovering execution output...
Moving from /scratch/pobleyef/284356 to /home-nas/pobleyef/Poison-NOF/ncwomax/P30-5/GNOFa/arina.284356
mkdir -p /home-nas/pobleyef/Poison-NOF/ncwomax/P30-5/GNOFa/arina.284356
mv /scratch/pobleyef/284356/* /home-nas/pobleyef/Poison-NOF/ncwomax/P30-5/GNOFa/arina.284356
