BH76-n2
/software/eb2024/easybuild/software/common/software/Julia/1.11.3-linux-x86_64/bin/julia
Job runing on nh003
Choosing scratch ...
Automatic scratch folder selection
/scratch/pobleyef/284358
/scratch/pobleyef/284358 directory
cp BH76-n2.jl BH76-n2.jld2 to  /scratch/pobleyef/284358/.
Computing Integrals
Basis Set                                            = def2-qzvp
Auxiliary Basis Set                                  = def2-universal-jkfit
Gaussian Type                                        = Spherical
Elapsed time:    3.84 Seconds

Number of basis functions                   (NBF)    = 114
Number of auxiliary basis functions         (NBFAUX) = 154
Inactive Doubly occupied orbitals up to     (NO1)    = 0
No. considered Strongly Doubly occupied MOs (NDOC)   = 7
No. considered Strongly Singly occupied MOs (NSOC)   = 0
NO. of Weakly occ. per St. Doubly occ.  MOs (NCWO)   = 15
Dimension of the Nat. Orb. subspace         (NBF5)   = 112
No. of electrons                                     = 14
    No. of alpha electrons                           = 7
    No. of beta electrons                            = 7
Multiplicity                                         = 1

Geometry
========
 N       0.0000000       0.0000000       0.5485557
 N       0.0000000       0.0000000      -0.5485557

No violations of the orthonormality
No violations of the orthonormality
 
PNOF8/ADABelief Calculation
==================
 
  Nitext  Nit_orb  Time   Nit_occ  Time         Eelec          Etot           Ediff      maxdiff    MaxGrad_orb  Grad_occ
     1      10    2.9e+01   73    3.7e+01  -132.90418328  -109.26972901 -10131.90418328   0.022770   9.1e-02   1.9e-04 0.04
     2      20    2.8e+00   46    1.1e+00  -133.03882753  -109.40437326    -0.13464425   0.022163   8.9e-02   1.6e-04 0.04
     3      20    2.5e+00   28    6.6e-01  -133.05451740  -109.42006313    -0.01568987   0.016619   6.6e-02   1.8e-04 0.04
     4      20    2.7e+00   12    2.7e-01  -133.05980055  -109.42534628    -0.00528315   0.017997   7.2e-02   2.7e-04 0.04
     5      20    2.7e+00   15    3.7e-01  -133.06230254  -109.42784827    -0.00250199   0.017670   7.1e-02   1.7e-04 0.04
     6      20    2.7e+00    6    1.8e-01  -133.06373467  -109.42928040    -0.00143213   0.018416   7.4e-02   1.9e-04 0.04
     7      20    2.4e+00   11    3.0e-01  -133.06536116  -109.43090689    -0.00162649   0.018654   7.5e-02   1.8e-04 0.04
     8      20    2.7e+00    0    2.3e-02  -133.06552546  -109.43107119    -0.00016430   0.018654   7.5e-02   1.8e-04 0.04
     9      40    5.4e+00   16    3.4e-01  -133.06765486  -109.43320059    -0.00212940   0.003285   1.3e-02   1.4e-04 0.04
    10      40    5.3e+00    5    1.9e-01  -133.06815380  -109.43369953    -0.00049894   0.003915   1.6e-02   1.8e-04 0.04
    11      40    5.4e+00    8    2.2e-01  -133.06859276  -109.43413848    -0.00043895   0.003452   1.4e-02   1.8e-04 0.04
    12      40    5.3e+00    5    2.1e-01  -133.06892020  -109.43446593    -0.00032745   0.003460   1.4e-02   1.7e-04 0.04
    13      40    5.5e+00    6    2.3e-01  -133.06913814  -109.43468387    -0.00021793   0.003390   1.4e-02   2.3e-04 0.04
    14      40    5.3e+00    6    2.0e-01  -133.06927059  -109.43481632    -0.00013245   0.003380   1.4e-02   1.8e-04 0.04
    15      40    4.9e+00    5    1.3e-01  -133.06936302  -109.43490874    -0.00009242   0.002567   1.0e-02   1.5e-04 0.04
    16      40    5.4e+00    0    2.5e-02  -133.06944514  -109.43499087    -0.00008213   0.002027   8.1e-03   1.8e-04 0.04
    17      50    6.5e+00    0    3.3e-02  -133.06949286  -109.43503859    -0.00004772   0.001797   7.2e-03   1.8e-04 0.04
    18      60    7.9e+00    0    2.6e-02  -133.06951465  -109.43506038    -0.00002179   0.001295   5.2e-03   2.1e-04 0.04
    19      70    9.5e+00    0    2.6e-02  -133.06952788  -109.43507361    -0.00001323   0.001411   5.6e-03   2.1e-04 0.04
    20      80    1.1e+01    0    7.9e-02  -133.06953518  -109.43508091    -0.00000730   0.000996   4.0e-03   2.2e-04 0.04
 
RESULTS OF THE OCCUPATION OPTIMIZATION
========================================
   1    1.9999469  -15.68471086
   2    1.9999474  -15.68183535
   3    1.9850426  -1.35436929
   4    1.9813920  -0.80485255
   5    1.9734747  -0.79260820
   6    1.9634585  -0.64431040
   7    1.9628193  -0.64367852
   8    0.0339440  -0.04725974
   9    0.0357029  -0.04869055
  10    0.0154788  -0.03061807
  11    0.0077178  -0.01758343
  12    0.0043794  -0.01392920
  13    0.0000392  -0.00103474
  14    0.0000355  -0.00099485
  15    0.0028631  -0.00558674
  16    0.0002173  -0.00058735
  17    0.0040287  -0.00892595
  18    0.0033910  -0.00699670
  19    0.0030045  -0.00714572
  20    0.0000033  -0.00007813
  21    0.0000046  -0.00006591
  22    0.0001331  -0.00038415
  23    0.0002170  -0.00058611
  24    0.0031391  -0.00732238
  25    0.0016054  -0.00410821
  26    0.0025326  -0.00569345
  27    0.0000030  -0.00006250
  28    0.0000038  -0.00005733
  29    0.0000928  -0.00026245
  30    0.0002116  -0.00059747
  31    0.0030193  -0.00715684
  32    0.0014876  -0.00436864
  33    0.0013915  -0.00409778
  34    0.0000026  -0.00004222
  35    0.0000032  -0.00007712
  36    0.0000226  -0.00010152
  37    0.0000478  -0.00019530
  38    0.0001980  -0.00056924
  39    0.0009968  -0.00235036
  40    0.0012642  -0.00628463
  41    0.0000025  -0.00004099
  42    0.0000028  -0.00004803
  43    0.0000204  -0.00009831
  44    0.0000226  -0.00010364
  45    0.0001649  -0.00050830
  46    0.0009898  -0.00233197
  47    0.0005289  -0.00352787
  48    0.0000005  -0.00002045
  49    0.0000008  -0.00002430
  50    0.0000158  -0.00008375
  51    0.0000206  -0.00009796
  52    0.0000988  -0.00033572
  53    0.0005496  -0.00171187
  54    0.0005080  -0.00175869
  55    0.0000004  -0.00001446
  56    0.0000006  -0.00001837
  57    0.0000134  -0.00007037
  58    0.0000171  -0.00008949
  59    0.0000972  -0.00035269
  60    0.0004642  -0.00330817
  61    0.0004131  -0.00131472
  62    0.0000004  -0.00003364
  63    0.0000005  -0.00002850
  64    0.0000131  -0.00005871
  65    0.0000150  -0.00008154
  66    0.0000958  -0.00034116
  67    0.0004608  -0.00158929
  68    0.0002856  -0.00136960
  69    0.0000002  -0.00000865
  70    0.0000003  -0.00002540
  71    0.0000119  -0.00005633
  72    0.0000136  -0.00007067
  73    0.0000871  -0.00030181
  74    0.0002836  -0.00081486
  75    0.0001902  -0.00064934
  76    0.0000002  -0.00000624
  77    0.0000003  -0.00001036
  78    0.0000111  -0.00006161
  79    0.0000126  -0.00006586
  80    0.0000263  -0.00014610
  81    0.0002347  -0.00075249
  82    0.0001114  -0.00044789
  83    0.0000001  -0.00000217
  84    0.0000002  -0.00000836
  85    0.0000108  -0.00005796
  86    0.0000124  -0.00006194
  87    0.0000250  -0.00012048
  88    0.0001890  -0.00098834
  89    0.0001104  -0.00047964
  90    0.0000001  -0.00000179
  91    0.0000002  -0.00000463
  92    0.0000099  -0.00005514
  93    0.0000119  -0.00006200
  94    0.0000239  -0.00012512
  95    0.0001030  -0.00038611
  96    0.0000995  -0.00039262
  97    0.0000001  -0.00000170
  98    0.0000001  -0.00000207
  99    0.0000097  -0.00005447
 100    0.0000103  -0.00005599
 101    0.0000233  -0.00011583
 102    0.0000996  -0.00038900
 103    0.0000875  -0.00038106
 104    0.0000001  -0.00000110
 105    0.0000001  -0.00000150
 106    0.0000092  -0.00005068
 107    0.0000087  -0.00005099
 108    0.0000190  -0.00010887
 109    0.0000351  -0.00017783
 110    0.0000506  -0.00023074
 111    0.0000001  -0.00000046
 112    0.0000001  -0.00000059
 
----------------
 Final Energies 
----------------
Final NOF Total Energy =    -109.4350809
 
Total Orbital Internal Iterations = 730
Total Occupation Internal Iterations = 242
 
Elapsed time:  187.73 Seconds

---------------------------------
   Lowdin Population Analysis    
---------------------------------
 Idx  Atom   Population   Charge 
---------------------------------
  1     N     7.000      -0.000
  2     N     7.000       0.000

---------------------------------
   M Diagnostic: 0.04
---------------------------------

Recovering execution output...
Moving from /scratch/pobleyef/284358 to /home-nas/pobleyef/Poison-NOF/ncwomax/P30-5/GNOFa/arina.284358
mkdir -p /home-nas/pobleyef/Poison-NOF/ncwomax/P30-5/GNOFa/arina.284358
mv /scratch/pobleyef/284358/* /home-nas/pobleyef/Poison-NOF/ncwomax/P30-5/GNOFa/arina.284358
