BH76-oh
/software/eb2024/easybuild/software/common/software/Julia/1.11.3-linux-x86_64/bin/julia
Job runing on nagpu01
Choosing scratch ...
Automatic scratch folder selection
/scratch/pobleyef/284360
/scratch/pobleyef/284360 directory
cp BH76-oh.jl BH76-oh.jld2 to  /scratch/pobleyef/284360/.
Computing Integrals
Basis Set                                            = def2-qzvp
Auxiliary Basis Set                                  = def2-universal-jkfit
Gaussian Type                                        = Spherical
Elapsed time:    2.29 Seconds

Number of basis functions                   (NBF)    = 87
Number of auxiliary basis functions         (NBFAUX) = 95
Inactive Doubly occupied orbitals up to     (NO1)    = 0
No. considered Strongly Doubly occupied MOs (NDOC)   = 4
No. considered Strongly Singly occupied MOs (NSOC)   = 1
NO. of Weakly occ. per St. Doubly occ.  MOs (NCWO)   = 20
Dimension of the Nat. Orb. subspace         (NBF5)   = 85
No. of electrons                                     = 9
    No. of alpha electrons                           = 5
    No. of beta electrons                            = 4
Multiplicity                                         = 2

Geometry
========
 O       0.0000000       0.0000000       0.4844483
 H       0.0000000       0.0000000      -0.4844483

No violations of the orthonormality
No violations of the orthonormality
 
PNOF8/ADABelief Calculation
==================
 
  Nitext  Nit_orb  Time   Nit_occ  Time         Eelec          Etot           Ediff      maxdiff    MaxGrad_orb  Grad_occ
     1      10    1.7e+01   19    2.1e+01   -80.01490018   -75.64559061 -10079.01490018   0.023652   9.5e-02   1.9e-04 0.03
     2      20    1.0e-01    7    4.0e-02   -80.03874479   -75.66943523    -0.02384461   0.011841   4.7e-02   2.2e-04 0.03
     3      20    1.1e-01   16    1.2e-01   -80.04386613   -75.67455657    -0.00512134   0.021391   8.6e-02   1.2e-04 0.03
     4      20    1.2e-01    9    4.6e-02   -80.04604547   -75.67673591    -0.00217934   0.017261   6.9e-02   1.8e-04 0.03
     5      20    1.5e-01    7    3.8e-02   -80.04704461   -75.67773504    -0.00099914   0.016469   6.6e-02   2.3e-04 0.03
     6      20    9.6e-02    7    4.7e-02   -80.04837520   -75.67906564    -0.00133059   0.016933   6.8e-02   2.7e-04 0.03
     7      20    1.2e-01    4    3.3e-02   -80.04901524   -75.67970567    -0.00064004   0.026872   1.1e-01   1.5e-04 0.03
     8      20    1.3e-01    4    2.5e-02   -80.04964976   -75.68034019    -0.00063452   0.036023   1.4e-01   1.5e-04 0.03
     9      20    1.5e-01    5    2.9e-02   -80.05074285   -75.68143329    -0.00109310   0.018764   7.5e-02   1.9e-04 0.03
    10      20    1.3e-01    0    4.6e-03   -80.05077796   -75.68146840    -0.00003511   0.018764   7.5e-02   1.9e-04 0.03
    11      40    2.0e-01    4    2.8e-02   -80.05145859   -75.68214903    -0.00068063   0.002193   8.8e-03   2.0e-04 0.03
    12      40    2.1e-01    4    2.7e-02   -80.05152928   -75.68221971    -0.00007068   0.001713   6.9e-03   1.7e-04 0.03
    13      40    1.9e-01    1    1.5e-02   -80.05156521   -75.68225565    -0.00003593   0.002315   9.3e-03   2.1e-04 0.03
    14      40    1.9e-01    0    1.0e-02   -80.05158789   -75.68227832    -0.00002267   0.002476   9.9e-03   2.4e-04 0.03
    15      50    2.5e-01    4    3.3e-02   -80.05160955   -75.68229998    -0.00002166   0.001721   6.9e-03   2.1e-04 0.03
    16      50    2.2e-01    2    1.6e-02   -80.05165885   -75.68234928    -0.00004930   0.001763   7.1e-03   2.4e-04 0.03
    17      50    3.1e-01    4    2.8e-02   -80.05167789   -75.68236833    -0.00001905   0.001887   7.5e-03   1.8e-04 0.03
    18      50    2.7e-01    0    1.0e-02   -80.05171862   -75.68240906    -0.00004073   0.001934   7.7e-03   1.3e-04 0.03
    19      60    2.6e-01    0    9.3e-03   -80.05173812   -75.68242855    -0.00001949   0.001733   6.9e-03   1.8e-04 0.03
    20      70    3.3e-01    4    2.5e-02   -80.05174801   -75.68243845    -0.00000989   0.001720   6.9e-03   1.3e-04 0.03
    21      70    3.5e-01    0    4.9e-03   -80.05180444   -75.68249488    -0.00005643   0.001329   5.3e-03   1.7e-04 0.03
    22      80    3.4e-01    4    2.6e-02   -80.05181453   -75.68250497    -0.00001009   0.001682   6.7e-03   1.0e-04 0.03
    23      80    3.4e-01    0    4.1e-03   -80.05184848   -75.68253891    -0.00003395   0.001360   5.4e-03   1.1e-04 0.03
    24      90    3.6e-01    0    4.3e-03   -80.05185175   -75.68254218    -0.00000327   0.001480   5.9e-03   1.1e-04 0.03
    25     100    4.4e-01    0    9.0e-03   -80.05185250   -75.68254294    -0.00000076   0.001380   5.5e-03   1.1e-04 0.03
    26     110    4.6e-01    0    4.6e-03   -80.05185516   -75.68254560    -0.00000266   0.001291   5.2e-03   1.1e-04 0.03
    27     120    4.7e-01    0    4.4e-03   -80.05185402   -75.68254446     0.00000114   0.001350   5.4e-03   1.1e-04 0.03
    28      65    3.4e-01    0    4.6e-03   -80.05186163   -75.68255207    -0.00000761   0.000497   2.0e-03   1.2e-04 0.03
 
RESULTS OF THE OCCUPATION OPTIMIZATION
========================================
   1    1.9999675  -20.64878997
   2    1.9821945  -1.28808726
   3    1.9688048  -0.75806919
   4    1.9756751  -0.57815732
   5    1.0000000  -0.35157330
   6    0.0115961  -0.01833405
   7    0.0240126  -0.03317986
   8    0.0079565  -0.01953451
   9    0.0000287  -0.00106252
  10    0.0050035  -0.00898464
  11    0.0030587  -0.00600585
  12    0.0040473  -0.00869380
  13    0.0000017  -0.00003710
  14    0.0041998  -0.00806068
  15    0.0030344  -0.00592953
  16    0.0028269  -0.00638711
  17    0.0000007  -0.00003251
  18    0.0013616  -0.00421848
  19    0.0004147  -0.00115995
  20    0.0008018  -0.00262486
  21    0.0000002  -0.00001564
  22    0.0006132  -0.00309475
  23    0.0002625  -0.00078487
  24    0.0005836  -0.00292547
  25    0.0000002  -0.00000353
  26    0.0004217  -0.00115469
  27    0.0001853  -0.00063443
  28    0.0004248  -0.00140017
  29    0.0000001  -0.00000209
  30    0.0002553  -0.00075419
  31    0.0000505  -0.00013403
  32    0.0002692  -0.00110362
  33    0.0000001  -0.00000196
  34    0.0002517  -0.00075031
  35    0.0000335  -0.00014517
  36    0.0002572  -0.00084438
  37    0.0000001  -0.00000178
  38    0.0002307  -0.00070158
  39    0.0000319  -0.00011146
  40    0.0001839  -0.00092702
  41    0.0000001  -0.00000182
  42    0.0001668  -0.00055295
  43    0.0000244  -0.00009325
  44    0.0001785  -0.00065175
  45    0.0000001  -0.00000130
  46    0.0000805  -0.00028721
  47    0.0000174  -0.00010110
  48    0.0000873  -0.00035125
  49    0.0000001  -0.00000107
  50    0.0000290  -0.00012691
  51    0.0000142  -0.00008906
  52    0.0000613  -0.00024369
  53    0.0000001  -0.00000089
  54    0.0000186  -0.00009929
  55    0.0000135  -0.00007268
  56    0.0000286  -0.00013947
  57    0.0000001  -0.00000087
  58    0.0000169  -0.00008920
  59    0.0000105  -0.00004922
  60    0.0000193  -0.00010386
  61    0.0000001  -0.00000084
  62    0.0000155  -0.00007850
  63    0.0000075  -0.00003780
  64    0.0000156  -0.00008693
  65    0.0000001  -0.00000066
  66    0.0000149  -0.00007008
  67    0.0000062  -0.00003290
  68    0.0000146  -0.00007829
  69    0.0000001  -0.00000070
  70    0.0000142  -0.00007183
  71    0.0000057  -0.00003089
  72    0.0000139  -0.00007749
  73    0.0000001  -0.00000063
  74    0.0000138  -0.00006711
  75    0.0000051  -0.00002586
  76    0.0000136  -0.00007571
  77    0.0000001  -0.00000057
  78    0.0000113  -0.00006232
  79    0.0000037  -0.00002113
  80    0.0000111  -0.00006924
  81    0.0000001  -0.00000050
  82    0.0000098  -0.00005105
  83    0.0000030  -0.00001380
  84    0.0000106  -0.00005491
  85    0.0000001  -0.00000032
 
----------------
 Final Energies 
----------------
Final NOF Total Energy =     -75.6825521
 
Total Orbital Internal Iterations = 1395
Total Occupation Internal Iterations = 105
 
Elapsed time:   57.10 Seconds

---------------------------------
   Lowdin Population Analysis    
---------------------------------
 Idx  Atom   Population   Charge 
---------------------------------
  1     O     7.588       0.412
  2     H     1.412      -0.412

---------------------------------
   M Diagnostic: 0.03
---------------------------------

Recovering execution output...
Moving from /scratch/pobleyef/284360 to /home-nas/pobleyef/Poison-NOF/ncwomax/P30-5/GNOFa/arina.284360
mkdir -p /home-nas/pobleyef/Poison-NOF/ncwomax/P30-5/GNOFa/arina.284360
mv /scratch/pobleyef/284360/* /home-nas/pobleyef/Poison-NOF/ncwomax/P30-5/GNOFa/arina.284360
