DC13-be4
/software/eb2024/easybuild/software/common/software/Julia/1.11.3-linux-x86_64/bin/julia
Job runing on nh009
Choosing scratch ...
Automatic scratch folder selection
/scratch/pobleyef/284362
/scratch/pobleyef/284362 directory
cp DC13-be4.jl DC13-be4.jld2 to  /scratch/pobleyef/284362/.
Computing Integrals
Basis Set                                            = def2-qzvp
Auxiliary Basis Set                                  = def2-universal-jkfit
Gaussian Type                                        = Spherical
Elapsed time:    3.73 Seconds

Number of basis functions                   (NBF)    = 144
Number of auxiliary basis functions         (NBFAUX) = 204
Inactive Doubly occupied orbitals up to     (NO1)    = 0
No. considered Strongly Doubly occupied MOs (NDOC)   = 8
No. considered Strongly Singly occupied MOs (NSOC)   = 0
NO. of Weakly occ. per St. Doubly occ.  MOs (NCWO)   = 17
Dimension of the Nat. Orb. subspace         (NBF5)   = 144
No. of electrons                                     = 16
    No. of alpha electrons                           = 8
    No. of beta electrons                            = 8
Multiplicity                                         = 1

Geometry
========
Be       0.7279036      -0.7279036       0.7279036
Be      -0.7279036       0.7279036       0.7279036
Be      -0.7279036      -0.7279036      -0.7279036
Be       0.7279036       0.7279036      -0.7279036

No violations of the orthonormality
No violations of the orthonormality
 
PNOF8/ADABelief Calculation
==================
 
  Nitext  Nit_orb  Time   Nit_occ  Time         Eelec          Etot           Ediff      maxdiff    MaxGrad_orb  Grad_occ
     1      10    2.9e+01   42    3.6e+01   -83.20327381   -58.52853213 -10082.20327381   0.003031   1.2e-02   2.6e-04 0.24
     2      20    3.1e+00   28    9.4e-01   -83.24403815   -58.56929647    -0.04076434   0.229002   9.2e-01   2.5e-04 0.25
     3      20    3.1e+00   26    7.6e-01   -83.28413111   -58.60938944    -0.04009297   0.001985   7.9e-03   2.3e-04 0.26
     4      20    3.0e+00   21    6.5e-01   -83.29709069   -58.62234902    -0.01295958   0.004307   1.7e-02   1.5e-04 0.28
     5      20    3.0e+00   18    5.7e-01   -83.30776091   -58.63301924    -0.01067022   0.003744   1.5e-02   1.9e-04 0.29
     6      20    2.9e+00   14    3.9e-01   -83.31560187   -58.64086019    -0.00784096   0.003518   1.4e-02   1.9e-04 0.30
     7      20    2.9e+00   13    3.6e-01   -83.32075404   -58.64601237    -0.00515217   0.003168   1.3e-02   1.8e-04 0.30
     8      20    3.0e+00    9    3.3e-01   -83.32405123   -58.64930955    -0.00329719   0.002969   1.2e-02   2.8e-04 0.31
     9      20    3.0e+00    9    4.2e-01   -83.32581894   -58.65107727    -0.00176771   0.002913   1.2e-02   2.0e-04 0.31
    10      20    2.9e+00    9    3.2e-01   -83.32656846   -58.65182679    -0.00074953   0.003018   1.2e-02   1.8e-04 0.31
    11      20    2.9e+00   10    3.6e-01   -83.32696568   -58.65222401    -0.00039722   0.003220   1.3e-02   2.0e-04 0.31
    12      20    2.9e+00    8    2.8e-01   -83.32740652   -58.65266485    -0.00044084   0.003266   1.3e-02   1.9e-04 0.31
    13      20    2.9e+00   10    3.3e-01   -83.32766112   -58.65291945    -0.00025460   0.002602   1.0e-02   1.8e-04 0.32
    14      20    2.9e+00   10    3.3e-01   -83.32779445   -58.65305278    -0.00013333   0.003189   1.3e-02   1.9e-04 0.32
    15      20    3.0e+00    0    4.9e-02   -83.32782238   -58.65308071    -0.00002793   0.003189   1.3e-02   1.9e-04 0.32
    16      29    4.2e+00    1    1.2e-01   -83.32827562   -58.65353394    -0.00045324   0.000450   1.8e-03   2.0e-04 0.32
 
RESULTS OF THE OCCUPATION OPTIMIZATION
========================================
   1    1.9977636  -4.71079600
   2    1.9977583  -4.71012106
   3    1.9977962  -4.71001121
   4    1.9976690  -4.70994876
   5    1.9658156  -0.56763604
   6    1.6240593  -0.26834669
   7    1.6233292  -0.26822898
   8    1.6226333  -0.26810780
   9    0.2551688  -0.05122855
  10    0.2549085  -0.05121096
  11    0.2540613  -0.05094237
  12    0.0076861  -0.00914209
  13    0.0011373  -0.00760220
  14    0.0010139  -0.00685962
  15    0.0010918  -0.00725834
  16    0.0010628  -0.00707913
  17    0.1056472  -0.02335203
  18    0.1047737  -0.02313229
  19    0.1048170  -0.02312812
  20    0.0075498  -0.00905123
  21    0.0004580  -0.00340445
  22    0.0004590  -0.00339323
  23    0.0004425  -0.00331533
  24    0.0004598  -0.00336745
  25    0.0085848  -0.00300537
  26    0.0086376  -0.00301136
  27    0.0080727  -0.00282668
  28    0.0072527  -0.00888380
  29    0.0004535  -0.00337999
  30    0.0004557  -0.00335827
  31    0.0004301  -0.00324163
  32    0.0004538  -0.00335303
  33    0.0060493  -0.00228605
  34    0.0059974  -0.00224416
  35    0.0056903  -0.00216851
  36    0.0021664  -0.00256976
  37    0.0001759  -0.00151499
  38    0.0001767  -0.00156231
  39    0.0001885  -0.00164710
  40    0.0001816  -0.00160015
  41    0.0005629  -0.00030316
  42    0.0005845  -0.00030033
  43    0.0010844  -0.00050368
  44    0.0018653  -0.00263549
  45    0.0000290  -0.00022521
  46    0.0000336  -0.00029805
  47    0.0000283  -0.00028198
  48    0.0000195  -0.00018372
  49    0.0003838  -0.00021469
  50    0.0005528  -0.00032103
  51    0.0009757  -0.00047118
  52    0.0017527  -0.00267914
  53    0.0000270  -0.00023650
  54    0.0000183  -0.00013234
  55    0.0000203  -0.00015921
  56    0.0000171  -0.00013140
  57    0.0002132  -0.00013285
  58    0.0002899  -0.00018831
  59    0.0004278  -0.00025829
  60    0.0016878  -0.00255850
  61    0.0000240  -0.00017267
  62    0.0000116  -0.00008316
  63    0.0000145  -0.00012023
  64    0.0000146  -0.00011675
  65    0.0001905  -0.00011207
  66    0.0002785  -0.00014159
  67    0.0002589  -0.00016449
  68    0.0013378  -0.00219637
  69    0.0000047  -0.00002597
  70    0.0000068  -0.00003427
  71    0.0000063  -0.00003209
  72    0.0000075  -0.00003575
  73    0.0001294  -0.00009097
  74    0.0001793  -0.00010723
  75    0.0001384  -0.00009224
  76    0.0008028  -0.00102949
  77    0.0000042  -0.00002315
  78    0.0000064  -0.00003116
  79    0.0000045  -0.00002270
  80    0.0000045  -0.00002346
  81    0.0001032  -0.00006796
  82    0.0001218  -0.00006834
  83    0.0000881  -0.00005675
  84    0.0004151  -0.00052809
  85    0.0000036  -0.00001766
  86    0.0000044  -0.00002277
  87    0.0000031  -0.00001344
  88    0.0000029  -0.00001235
  89    0.0000939  -0.00007426
  90    0.0000976  -0.00007057
  91    0.0000746  -0.00006057
  92    0.0003748  -0.00049291
  93    0.0000034  -0.00001662
  94    0.0000043  -0.00002133
  95    0.0000027  -0.00000997
  96    0.0000028  -0.00001204
  97    0.0000819  -0.00006123
  98    0.0000749  -0.00005984
  99    0.0000694  -0.00005754
 100    0.0003578  -0.00047117
 101    0.0000029  -0.00001046
 102    0.0000035  -0.00001603
 103    0.0000025  -0.00000939
 104    0.0000022  -0.00000680
 105    0.0000586  -0.00004307
 106    0.0000606  -0.00005158
 107    0.0000671  -0.00005763
 108    0.0003270  -0.00045024
 109    0.0000021  -0.00000650
 110    0.0000034  -0.00001625
 111    0.0000022  -0.00000643
 112    0.0000020  -0.00000646
 113    0.0000455  -0.00004541
 114    0.0000546  -0.00004557
 115    0.0000561  -0.00004687
 116    0.0001942  -0.00031513
 117    0.0000018  -0.00000339
 118    0.0000021  -0.00000569
 119    0.0000015  -0.00000090
 120    0.0000018  -0.00000327
 121    0.0000419  -0.00004348
 122    0.0000475  -0.00003917
 123    0.0000443  -0.00004073
 124    0.0001844  -0.00029967
 125    0.0000016  -0.00000174
 126    0.0000021  -0.00000504
 127    0.0000013  -0.00000051
 128    0.0000017  -0.00000173
 129    0.0000065  -0.00000345
 130    0.0000062  -0.00000301
 131    0.0000086  -0.00000953
 132    0.0001472  -0.00025452
 133    0.0000014  -0.00000074
 134    0.0000015  -0.00000078
 135    0.0000013  -0.00000032
 136    0.0000013  -0.00000030
 137    0.0000052  -0.00000171
 138    0.0000055  -0.00000151
 139    0.0000060  -0.00000208
 140    0.0000826  -0.00015637
 141    0.0000005  -0.00001116
 142    0.0000005  -0.00001115
 143    0.0000004  -0.00001101
 144    0.0000005  -0.00001083
 
----------------
 Final Energies 
----------------
Final NOF Total Energy =     -58.6535339
 
Total Orbital Internal Iterations = 319
Total Occupation Internal Iterations = 228
 
Elapsed time:  140.73 Seconds

---------------------------------
   Lowdin Population Analysis    
---------------------------------
 Idx  Atom   Population   Charge 
---------------------------------
  1    Be     4.000       0.000
  2    Be     3.999       0.001
  3    Be     4.000      -0.000
  4    Be     4.001      -0.001

---------------------------------
   M Diagnostic: 0.32
---------------------------------

Recovering execution output...
Moving from /scratch/pobleyef/284362 to /home-nas/pobleyef/Poison-NOF/ncwomax/P30-5/GNOFa/arina.284362
mkdir -p /home-nas/pobleyef/Poison-NOF/ncwomax/P30-5/GNOFa/arina.284362
mv /scratch/pobleyef/284362/* /home-nas/pobleyef/Poison-NOF/ncwomax/P30-5/GNOFa/arina.284362
