Computing Integrals
Basis Set                                            = def2-qzvp
Auxiliary Basis Set                                  = def2-universal-jkfit
Gaussian Type                                        = Spherical
Elapsed time:    2.83 Seconds

Number of basis functions                   (NBF)    = 114
Number of auxiliary basis functions         (NBFAUX) = 154
Inactive Doubly occupied orbitals up to     (NO1)    = 0
No. considered Strongly Doubly occupied MOs (NDOC)   = 7
No. considered Strongly Singly occupied MOs (NSOC)   = 0
NO. of Weakly occ. per St. Doubly occ.  MOs (NCWO)   = 15
Dimension of the Nat. Orb. subspace         (NBF5)   = 112
No. of electrons                                     = 14
    No. of alpha electrons                           = 7
    No. of beta electrons                            = 7
Multiplicity                                         = 1

Geometry
========
 N       0.0000000       0.0000000      -0.5454291
 N       0.0000000       0.0000000       0.5454291

No violations of the orthonormality
No violations of the orthonormality
 
PNOF8/ADABelief Calculation
==================
 
  Nitext  Nit_orb  Time   Nit_occ  Time         Eelec          Etot           Ediff      maxdiff    MaxGrad_orb  Grad_occ
     1      10    2.4e+01    5    2.8e+01  -133.19286894  -109.42293374 -10132.19286894   0.000859   3.4e-03   1.6e-04 0.03
 
RESULTS OF THE OCCUPATION OPTIMIZATION
========================================
   1    1.9999480  -15.68651400
   2    1.9999477  -15.68334058
   3    1.9830789  -1.46878836
   4    1.9835762  -0.80412632
   5    1.9811317  -0.68565698
   6    1.9638274  -0.64741890
   7    1.9626931  -0.64630428
   8    0.0289044  -0.04274193
   9    0.0321363  -0.04546701
  10    0.0082596  -0.01779543
  11    0.0059260  -0.01386431
  12    0.0126491  -0.02991761
  13    0.0000372  -0.00101559
  14    0.0000367  -0.00100960
  15    0.0032505  -0.00671759
  16    0.0034964  -0.00702764
  17    0.0047523  -0.00951152
  18    0.0033279  -0.00690146
  19    0.0024236  -0.00674849
  20    0.0000041  -0.00011543
  21    0.0000046  -0.00010227
  22    0.0025549  -0.00522027
  23    0.0002126  -0.00056808
  24    0.0016702  -0.00410276
  25    0.0016940  -0.00409275
  26    0.0004832  -0.00404158
  27    0.0000032  -0.00005036
  28    0.0000034  -0.00006052
  29    0.0024603  -0.00501961
  30    0.0001718  -0.00050576
  31    0.0013453  -0.00570176
  32    0.0015370  -0.00436328
  33    0.0004202  -0.00146290
  34    0.0000028  -0.00004324
  35    0.0000030  -0.00004179
  36    0.0000216  -0.00009552
  37    0.0000230  -0.00011037
  38    0.0005516  -0.00183477
  39    0.0010435  -0.00233617
  40    0.0001957  -0.00069227
  41    0.0000026  -0.00004870
  42    0.0000022  -0.00005064
  43    0.0000194  -0.00009585
  44    0.0000197  -0.00008674
  45    0.0005478  -0.00168241
  46    0.0010427  -0.00231936
  47    0.0001930  -0.00068364
  48    0.0000005  -0.00002095
  49    0.0000005  -0.00001559
  50    0.0000182  -0.00008951
  51    0.0000189  -0.00008597
  52    0.0004977  -0.00139731
  53    0.0005974  -0.00352125
  54    0.0000927  -0.00036000
  55    0.0000004  -0.00001398
  56    0.0000004  -0.00001690
  57    0.0000130  -0.00006593
  58    0.0000153  -0.00008267
  59    0.0002735  -0.00078843
  60    0.0003196  -0.00134770
  61    0.0000925  -0.00035348
  62    0.0000003  -0.00001874
  63    0.0000003  -0.00003047
  64    0.0000114  -0.00005702
  65    0.0000141  -0.00006951
  66    0.0002704  -0.00078037
  67    0.0002607  -0.00090801
  68    0.0000910  -0.00035742
  69    0.0000003  -0.00002477
  70    0.0000002  -0.00001061
  71    0.0000107  -0.00005574
  72    0.0000127  -0.00006299
  73    0.0001734  -0.00050301
  74    0.0002277  -0.00093258
  75    0.0000851  -0.00034732
  76    0.0000002  -0.00001111
  77    0.0000002  -0.00000882
  78    0.0000093  -0.00005177
  79    0.0000117  -0.00006144
  80    0.0001620  -0.00047251
  81    0.0001436  -0.00043327
  82    0.0000783  -0.00036516
  83    0.0000002  -0.00000495
  84    0.0000001  -0.00000192
  85    0.0000091  -0.00005046
  86    0.0000114  -0.00005413
  87    0.0001249  -0.00042548
  88    0.0001309  -0.00044615
  89    0.0000433  -0.00021728
  90    0.0000001  -0.00000393
  91    0.0000001  -0.00000203
  92    0.0000086  -0.00004611
  93    0.0000100  -0.00005470
  94    0.0001144  -0.00042335
  95    0.0000876  -0.00036064
  96    0.0000266  -0.00015942
  97    0.0000001  -0.00000255
  98    0.0000001  -0.00000154
  99    0.0000083  -0.00004582
 100    0.0000095  -0.00005209
 101    0.0000917  -0.00033875
 102    0.0000531  -0.00022069
 103    0.0000248  -0.00012554
 104    0.0000001  -0.00000191
 105    0.0000001  -0.00000077
 106    0.0000073  -0.00004158
 107    0.0000092  -0.00004769
 108    0.0000334  -0.00017509
 109    0.0000321  -0.00012905
 110    0.0000220  -0.00011724
 111    0.0000001  -0.00000071
 112    0.0000001  -0.00000055
 
----------------
 Final Energies 
----------------
Final NOF Total Energy =    -109.4229337
 
Total Orbital Internal Iterations = 10
Total Occupation Internal Iterations = 5
 
Elapsed time:   67.34 Seconds

---------------------------------
   Lowdin Population Analysis    
---------------------------------
 Idx  Atom   Population   Charge 
---------------------------------
  1     N     7.000       0.000
  2     N     7.000      -0.000

---------------------------------
   M Diagnostic: 0.03
---------------------------------

