Computing Integrals
Basis Set                                            = def2-qzvp
Auxiliary Basis Set                                  = def2-universal-jkfit
Gaussian Type                                        = Spherical
Elapsed time:    5.01 Seconds

Number of basis functions                   (NBF)    = 298
Number of auxiliary basis functions         (NBFAUX) = 436
Inactive Doubly occupied orbitals up to     (NO1)    = 0
No. considered Strongly Doubly occupied MOs (NDOC)   = 25
No. considered Strongly Singly occupied MOs (NSOC)   = 0
NO. of Weakly occ. per St. Doubly occ.  MOs (NCWO)   = 10
Dimension of the Nat. Orb. subspace         (NBF5)   = 275
No. of electrons                                     = 50
    No. of alpha electrons                           = 25
    No. of beta electrons                            = 25
Multiplicity                                         = 1

Geometry
========
Si       0.0000000       0.0000000       0.0000000
 F       0.9102019      -0.9102019       0.9102019
 F      -0.9102019       0.9102019       0.9102019
 F      -0.9102019      -0.9102019      -0.9102019
 F       0.9102019       0.9102019      -0.9102019

No violations of the orthonormality
No violations of the orthonormality
 
PNOF8/ADABelief Calculation
==================
 
  Nitext  Nit_orb  Time   Nit_occ  Time         Eelec          Etot           Ediff      maxdiff    MaxGrad_orb  Grad_occ
     1      10    2.5e+01   10    2.8e+01  -957.79391855  -688.72306896 -10956.79391855   0.000597   2.4e-03   2.5e-04 0.02
 
RESULTS OF THE OCCUPATION OPTIMIZATION
========================================
   1    1.9999970  -68.98382575
   2    1.9999787  -26.37933987
   3    1.9999804  -26.37933917
   4    1.9999774  -26.37933231
   5    1.9999759  -26.37930317
   6    1.9985836  -6.27151115
   7    1.9973068  -4.39846071
   8    1.9976972  -4.39346118
   9    1.9975893  -4.39189886
  10    1.9876716  -1.63933414
  11    1.9877567  -1.63833207
  12    1.9878417  -1.63314859
  13    1.9867849  -1.63177295
  14    1.9770823  -0.90768025
  15    1.9745147  -0.84038647
  16    1.9749319  -0.83949541
  17    1.9746641  -0.83364450
  18    1.9821367  -0.78152085
  19    1.9817183  -0.77704679
  20    1.9806886  -0.76102624
  21    1.9787368  -0.75424330
  22    1.9798084  -0.75349796
  23    1.9790689  -0.75256674
  24    1.9780456  -0.75236920
  25    1.9790949  -0.75027051
  26    0.0106811  -0.02109232
  27    0.0095647  -0.02001701
  28    0.0112125  -0.02160068
  29    0.0104735  -0.02073899
  30    0.0112470  -0.02171258
  31    0.0119707  -0.02219019
  32    0.0112424  -0.02127678
  33    0.0112070  -0.02110008
  34    0.0184768  -0.04022176
  35    0.0208360  -0.04324096
  36    0.0186779  -0.04053262
  37    0.0194597  -0.04166637
  38    0.0063272  -0.02148047
  39    0.0070980  -0.02242746
  40    0.0067030  -0.02199760
  41    0.0067212  -0.02193411
  42    0.0018531  -0.01173701
  43    0.0016976  -0.01091456
  44    0.0023750  -0.01904129
  45    0.0012281  -0.00918592
  46    0.0000057  -0.00017927
  47    0.0000060  -0.00026964
  48    0.0000065  -0.00021514
  49    0.0000066  -0.00026378
  50    0.0000022  -0.00018949
  51    0.0041995  -0.01050746
  52    0.0039662  -0.01032239
  53    0.0043181  -0.01096593
  54    0.0042256  -0.01103832
  55    0.0041956  -0.01005479
  56    0.0044592  -0.01039702
  57    0.0044997  -0.01241451
  58    0.0044105  -0.01267895
  59    0.0031099  -0.00882045
  60    0.0031826  -0.00877244
  61    0.0031406  -0.00878740
  62    0.0024253  -0.00864790
  63    0.0030758  -0.01185989
  64    0.0032186  -0.00944270
  65    0.0031124  -0.01161738
  66    0.0032635  -0.01170501
  67    0.0003564  -0.00554045
  68    0.0003318  -0.00471568
  69    0.0001116  -0.00096693
  70    0.0001095  -0.00207067
  71    0.0000033  -0.00009535
  72    0.0000037  -0.00011620
  73    0.0000031  -0.00007864
  74    0.0000032  -0.00008299
  75    0.0000002  -0.00003917
  76    0.0041489  -0.01000632
  77    0.0039267  -0.01003151
  78    0.0040551  -0.00972293
  79    0.0039208  -0.01046769
  80    0.0041642  -0.00983650
  81    0.0010541  -0.00492157
  82    0.0009507  -0.00390843
  83    0.0006852  -0.00300592
  84    0.0029772  -0.00886362
  85    0.0002671  -0.00110800
  86    0.0030778  -0.00894027
  87    0.0002775  -0.00113177
  88    0.0023453  -0.00993961
  89    0.0006491  -0.00448173
  90    0.0006691  -0.00417545
  91    0.0008535  -0.00510046
  92    0.0000578  -0.00133117
  93    0.0001216  -0.00167445
  94    0.0000829  -0.00154557
  95    0.0000115  -0.00020259
  96    0.0000032  -0.00008723
  97    0.0000029  -0.00007590
  98    0.0000025  -0.00006194
  99    0.0000030  -0.00009560
 100    0.0000001  -0.00001066
 101    0.0008545  -0.00332979
 102    0.0035959  -0.00979157
 103    0.0003937  -0.00142337
 104    0.0006615  -0.00258944
 105    0.0008697  -0.00340115
 106    0.0008643  -0.00336844
 107    0.0005211  -0.00242602
 108    0.0005719  -0.00335681
 109    0.0002250  -0.00094432
 110    0.0002287  -0.00094649
 111    0.0002219  -0.00092927
 112    0.0002314  -0.00095539
 113    0.0005838  -0.00322078
 114    0.0004131  -0.00229449
 115    0.0006471  -0.00293006
 116    0.0004898  -0.00376932
 117    0.0000455  -0.00071024
 118    0.0000596  -0.00140577
 119    0.0000395  -0.00077059
 120    0.0000101  -0.00012350
 121    0.0000030  -0.00008125
 122    0.0000023  -0.00006024
 123    0.0000025  -0.00006200
 124    0.0000020  -0.00004979
 125    0.0000001  -0.00000439
 126    0.0003788  -0.00141480
 127    0.0003956  -0.00154568
 128    0.0003833  -0.00140428
 129    0.0002958  -0.00113013
 130    0.0003943  -0.00144083
 131    0.0003108  -0.00112763
 132    0.0004260  -0.00165582
 133    0.0003156  -0.00112764
 134    0.0002175  -0.00092660
 135    0.0002284  -0.00095917
 136    0.0002119  -0.00089276
 137    0.0002232  -0.00092849
 138    0.0003129  -0.00136215
 139    0.0003687  -0.00154858
 140    0.0004736  -0.00435023
 141    0.0004381  -0.00254559
 142    0.0000337  -0.00079410
 143    0.0000325  -0.00058858
 144    0.0000274  -0.00025144
 145    0.0000100  -0.00012843
 146    0.0000023  -0.00005866
 147    0.0000020  -0.00005166
 148    0.0000013  -0.00002670
 149    0.0000019  -0.00004593
 150    0.0000001  -0.00000390
 151    0.0002697  -0.00101656
 152    0.0003656  -0.00135069
 153    0.0002623  -0.00099461
 154    0.0002875  -0.00109156
 155    0.0002601  -0.00099509
 156    0.0002894  -0.00106393
 157    0.0002884  -0.00107310
 158    0.0003126  -0.00114904
 159    0.0002054  -0.00089809
 160    0.0002231  -0.00094016
 161    0.0000756  -0.00032491
 162    0.0002221  -0.00092654
 163    0.0002858  -0.00124553
 164    0.0002513  -0.00106574
 165    0.0002954  -0.00129675
 166    0.0003085  -0.00134416
 167    0.0000200  -0.00022885
 168    0.0000136  -0.00019292
 169    0.0000135  -0.00015007
 170    0.0000098  -0.00014499
 171    0.0000021  -0.00005038
 172    0.0000018  -0.00004072
 173    0.0000012  -0.00002432
 174    0.0000018  -0.00004203
 175    0.0000001  -0.00000320
 176    0.0002566  -0.00097845
 177    0.0000796  -0.00033966
 178    0.0002529  -0.00096190
 179    0.0002625  -0.00100196
 180    0.0000766  -0.00037123
 181    0.0002816  -0.00105583
 182    0.0002867  -0.00105623
 183    0.0002852  -0.00105412
 184    0.0000819  -0.00037235
 185    0.0000586  -0.00028008
 186    0.0000353  -0.00017805
 187    0.0000335  -0.00016455
 188    0.0002211  -0.00100267
 189    0.0000947  -0.00048509
 190    0.0002527  -0.00109866
 191    0.0001711  -0.00097607
 192    0.0000120  -0.00012788
 193    0.0000120  -0.00012886
 194    0.0000111  -0.00012189
 195    0.0000094  -0.00013012
 196    0.0000016  -0.00003693
 197    0.0000011  -0.00002341
 198    0.0000008  -0.00001512
 199    0.0000009  -0.00002001
 200    0.0000001  -0.00000278
 201    0.0000757  -0.00035429
 202    0.0000283  -0.00016657
 203    0.0000211  -0.00015533
 204    0.0000281  -0.00017027
 205    0.0000229  -0.00014373
 206    0.0000398  -0.00022145
 207    0.0000287  -0.00017694
 208    0.0000323  -0.00018386
 209    0.0000142  -0.00010891
 210    0.0000150  -0.00011117
 211    0.0000152  -0.00011603
 212    0.0000152  -0.00011549
 213    0.0000273  -0.00018170
 214    0.0000249  -0.00018451
 215    0.0000518  -0.00028381
 216    0.0000460  -0.00028044
 217    0.0000108  -0.00011859
 218    0.0000114  -0.00012632
 219    0.0000108  -0.00012262
 220    0.0000094  -0.00011408
 221    0.0000012  -0.00002504
 222    0.0000010  -0.00002187
 223    0.0000007  -0.00001357
 224    0.0000008  -0.00001475
 225    0.0000001  -0.00000272
 226    0.0000221  -0.00015412
 227    0.0000160  -0.00011709
 228    0.0000163  -0.00011965
 229    0.0000190  -0.00014350
 230    0.0000165  -0.00011897
 231    0.0000224  -0.00015310
 232    0.0000194  -0.00014882
 233    0.0000227  -0.00015999
 234    0.0000141  -0.00010790
 235    0.0000148  -0.00010853
 236    0.0000147  -0.00010967
 237    0.0000149  -0.00011221
 238    0.0000180  -0.00015781
 239    0.0000214  -0.00017117
 240    0.0000204  -0.00016384
 241    0.0000196  -0.00015585
 242    0.0000108  -0.00011766
 243    0.0000114  -0.00014735
 244    0.0000108  -0.00011982
 245    0.0000093  -0.00026642
 246    0.0000011  -0.00002452
 247    0.0000010  -0.00002100
 248    0.0000007  -0.00001475
 249    0.0000007  -0.00001352
 250    0.0000001  -0.00000221
 251    0.0000183  -0.00013894
 252    0.0000159  -0.00011273
 253    0.0000157  -0.00011570
 254    0.0000173  -0.00012882
 255    0.0000162  -0.00011536
 256    0.0000191  -0.00014804
 257    0.0000187  -0.00013562
 258    0.0000204  -0.00015371
 259    0.0000138  -0.00010525
 260    0.0000138  -0.00010664
 261    0.0000144  -0.00010597
 262    0.0000149  -0.00010918
 263    0.0000178  -0.00015133
 264    0.0000185  -0.00015604
 265    0.0000178  -0.00014463
 266    0.0000172  -0.00013227
 267    0.0000107  -0.00011921
 268    0.0000112  -0.00018278
 269    0.0000107  -0.00011874
 270    0.0000093  -0.00020660
 271    0.0000005  -0.00004595
 272    0.0000006  -0.00001581
 273    0.0000004  -0.00005052
 274    0.0000004  -0.00004932
 275    0.0000000  -0.00000214
 
----------------
 Final Energies 
----------------
Final NOF Total Energy =    -688.7230690
 
Total Orbital Internal Iterations = 10
Total Occupation Internal Iterations = 10
 
Elapsed time:   69.55 Seconds

---------------------------------
   Lowdin Population Analysis    
---------------------------------
 Idx  Atom   Population   Charge 
---------------------------------
  1    Si    15.176      -1.176
  2     F     8.706       0.294
  3     F     8.706       0.294
  4     F     8.705       0.295
  5     F     8.706       0.294

---------------------------------
   M Diagnostic: 0.02
---------------------------------

