G2RC-67
/software/eb2024/easybuild/software/common/software/Julia/1.11.3-linux-x86_64/bin/julia
Job runing on nh002
Choosing scratch ...
Automatic scratch folder selection
/scratch/pobleyef/284370
/scratch/pobleyef/284370 directory
cp G2RC-67.jl G2RC-67.jld2 to  /scratch/pobleyef/284370/.
Computing Integrals
Basis Set                                            = def2-qzvp
Auxiliary Basis Set                                  = def2-universal-jkfit
Gaussian Type                                        = Spherical
Elapsed time:    7.87 Seconds

Number of basis functions                   (NBF)    = 350
Number of auxiliary basis functions         (NBFAUX) = 640
Inactive Doubly occupied orbitals up to     (NO1)    = 0
No. considered Strongly Doubly occupied MOs (NDOC)   = 41
No. considered Strongly Singly occupied MOs (NSOC)   = 0
NO. of Weakly occ. per St. Doubly occ.  MOs (NCWO)   = 7
Dimension of the Nat. Orb. subspace         (NBF5)   = 328
No. of electrons                                     = 82
    No. of alpha electrons                           = 41
    No. of beta electrons                            = 41
Multiplicity                                         = 1

Geometry
========
Si       0.0000000       0.0000000       0.0000000
Cl       1.1825283      -1.1825283       1.1825283
Cl      -1.1825283       1.1825283       1.1825283
Cl      -1.1825283      -1.1825283      -1.1825283
Cl       1.1825283       1.1825283      -1.1825283

No violations of the orthonormality
No violations of the orthonormality
 
PNOF8/ADABelief Calculation
==================
 
  Nitext  Nit_orb  Time   Nit_occ  Time         Eelec          Etot           Ediff      maxdiff    MaxGrad_orb  Grad_occ
     1      10    3.7e+01   42    4.4e+01 -2649.15890434 -2128.85628141 -12648.15890434   0.022319   8.9e-02   3.4e-04 0.02
     2      20    1.7e+01   19    4.5e+00 -2649.46983859 -2129.16721566    -0.31093425   0.652358   2.6e+00   2.7e-04 0.03
     3      20    1.6e+01   32    7.0e+00 -2649.64943860 -2129.34681566    -0.17960001   1.632422   6.5e+00   2.7e-04 0.02
     4      20    1.6e+01   41    8.4e+00 -2649.71135898 -2129.40873605    -0.06192039   0.559868   2.2e+00   2.7e-04 0.02
     5      20    1.6e+01   21    4.8e+00 -2649.73183456 -2129.42921163    -0.02047558   0.079174   3.2e-01   3.5e-04 0.02
     6      20    1.6e+01   29    6.3e+00 -2649.77870133 -2129.47607839    -0.04686677   0.180220   7.2e-01   2.9e-04 0.02
     7      20    1.6e+01   30    6.5e+00 -2649.78576870 -2129.48314577    -0.00706738   0.653602   2.6e+00   2.1e-04 0.02
     8      20    1.6e+01   16    3.9e+00 -2649.81409277 -2129.51146984    -0.02832407   0.074083   3.0e-01   3.0e-04 0.02
     9      20    1.6e+01   21    4.8e+00 -2649.81740962 -2129.51478668    -0.00331684   0.117163   4.7e-01   2.9e-04 0.02
    10      20    1.7e+01   23    5.2e+00 -2649.84147375 -2129.53885082    -0.02406414   0.146798   5.9e-01   2.7e-04 0.02
    11      20    1.6e+01   15    3.7e+00 -2649.85276200 -2129.55013906    -0.01128824   0.079604   3.2e-01   2.8e-04 0.02
    12      20    1.7e+01    0    7.4e-01 -2649.85366560 -2129.55104267    -0.00090360   0.079604   3.2e-01   2.8e-04 0.02
    13      40    3.2e+01   15    3.7e+00 -2649.98168795 -2129.67906502    -0.12802235   0.011968   4.8e-02   2.7e-04 0.02
    14      40    3.2e+01   15    3.7e+00 -2649.98592729 -2129.68330436    -0.00423934   0.016286   6.5e-02   3.0e-04 0.02
    15      40    3.1e+01   18    4.1e+00 -2649.98917483 -2129.68655190    -0.00324754   0.127986   5.1e-01   2.7e-04 0.02
    16      40    3.1e+01   13    3.2e+00 -2649.99364593 -2129.69102300    -0.00447110   0.016122   6.4e-02   3.3e-04 0.02
    17      40    3.1e+01   13    3.4e+00 -2649.99755389 -2129.69493095    -0.00390796   0.014008   5.6e-02   2.7e-04 0.03
    18      40    3.1e+01   20    4.5e+00 -2650.00129835 -2129.69867542    -0.00374446   0.012447   5.0e-02   2.5e-04 0.03
    19      40    3.1e+01   19    4.4e+00 -2650.00441540 -2129.70179247    -0.00311705   0.012122   4.8e-02   2.6e-04 0.03
    20      40    3.1e+01   13    3.3e+00 -2650.00750004 -2129.70487711    -0.00308464   0.013029   5.2e-02   3.0e-04 0.03
    21      40    3.2e+01   13    3.3e+00 -2650.00976265 -2129.70713972    -0.00226261   0.014888   6.0e-02   3.6e-04 0.03
    22      40    3.1e+01   18    4.3e+00 -2650.01221672 -2129.70959379    -0.00245407   0.014073   5.6e-02   2.6e-04 0.03
    23      40    3.1e+01   13    3.3e+00 -2650.01451226 -2129.71188933    -0.00229554   0.015125   6.0e-02   3.5e-04 0.03
    24      40    3.2e+01   18    4.2e+00 -2650.01704036 -2129.71441742    -0.00252810   0.012593   5.0e-02   2.3e-04 0.03
    25      40    3.1e+01   10    2.7e+00 -2650.01956597 -2129.71694304    -0.00252562   0.012624   5.0e-02   3.8e-04 0.03
    26      40    3.1e+01   16    3.9e+00 -2650.02168945 -2129.71906651    -0.00212347   0.011355   4.5e-02   2.6e-04 0.03
    27      40    3.1e+01   13    3.3e+00 -2650.02340814 -2129.72078521    -0.00171870   0.012195   4.9e-02   3.3e-04 0.03
    28      40    3.1e+01   14    3.5e+00 -2650.02487034 -2129.72224740    -0.00146219   0.010802   4.3e-02   2.8e-04 0.03
    29      40    3.2e+01   13    3.3e+00 -2650.02624490 -2129.72362197    -0.00137457   0.010616   4.2e-02   2.7e-04 0.03
    30      40    3.1e+01   13    3.3e+00 -2650.02712375 -2129.72450082    -0.00087885   0.010409   4.2e-02   2.8e-04 0.03
    31      40    3.1e+01   13    3.3e+00 -2650.02815432 -2129.72553138    -0.00103056   0.013687   5.5e-02   3.0e-04 0.03
    32      40    3.1e+01   13    3.2e+00 -2650.02923995 -2129.72661702    -0.00108564   0.011216   4.5e-02   3.4e-04 0.03
    33      40    3.1e+01   16    3.9e+00 -2650.03028031 -2129.72765738    -0.00104036   0.012395   5.0e-02   2.7e-04 0.03
    34      40    3.1e+01   13    3.3e+00 -2650.03128878 -2129.72866585    -0.00100847   0.011322   4.5e-02   2.9e-04 0.03
    35      40    3.1e+01   13    3.4e+00 -2650.03223687 -2129.72961394    -0.00094809   0.011912   4.8e-02   2.7e-04 0.03
    36      40    3.2e+01    6    1.9e+00 -2650.03342036 -2129.73079743    -0.00118349   0.012100   4.8e-02   3.5e-04 0.03
    37      40    3.1e+01   16    3.8e+00 -2650.03454434 -2129.73192141    -0.00112397   0.013431   5.4e-02   2.2e-04 0.03
    38      40    3.1e+01   14    3.5e+00 -2650.03560481 -2129.73298187    -0.00106047   0.011604   4.6e-02   2.8e-04 0.03
    39      40    3.1e+01    9    2.5e+00 -2650.03634824 -2129.73372531    -0.00074343   0.024769   9.9e-02   3.3e-04 0.03
    40      40    3.1e+01    6    1.9e+00 -2650.03707841 -2129.73445548    -0.00073017   0.012957   5.2e-02   3.9e-04 0.03
 
RESULTS OF THE OCCUPATION OPTIMIZATION
========================================
   1    1.9999990  -104.92358047
   2    1.9999986  -104.92342991
   3    1.9999989  -104.92260527
   4    1.9999984  -94.86773598
   5    1.9999977  -79.06288533
   6    1.9998872  -10.61106707
   7    1.9998845  -10.61086072
   8    1.9998863  -10.61071296
   9    1.9998312  -10.60974048
  10    1.9991225  -8.08810881
  11    1.9989724  -8.08607424
  12    1.9989782  -8.08408013
  13    1.9989590  -8.08326077
  14    1.9990266  -8.08252371
  15    1.9990127  -8.06020522
  16    1.9989120  -8.04972857
  17    1.9988731  -8.02804764
  18    1.9987423  -7.94014808
  19    1.9985675  -7.84352782
  20    1.9985603  -7.80969119
  21    1.9982571  -7.63260684
  22    1.9980218  -7.49698660
  23    1.9946077  -4.39900426
  24    1.9941290  -4.39690146
  25    1.9940033  -4.39673698
  26    1.9830084  -1.13410660
  27    1.9825538  -1.13345156
  28    1.9827828  -1.13274301
  29    1.9826859  -1.13199427
  30    1.9734429  -0.66740723
  31    1.9737798  -0.66612154
  32    1.9731111  -0.64651422
  33    1.9746237  -0.62930399
  34    1.9723591  -0.52847921
  35    1.9723737  -0.52828813
  36    1.9722166  -0.52773490
  37    1.9721610  -0.52720907
  38    1.9693023  -0.52671505
  39    1.9694754  -0.52618945
  40    1.9693466  -0.52611967
  41    1.9692681  -0.52542051
  42    0.0103717  -0.01799201
  43    0.0104345  -0.01802268
  44    0.0103809  -0.01803422
  45    0.0103679  -0.01801953
  46    0.0102654  -0.01894234
  47    0.0100851  -0.01885239
  48    0.0101979  -0.01887420
  49    0.0102003  -0.01891745
  50    0.0178757  -0.03864768
  51    0.0210022  -0.04160430
  52    0.0207741  -0.04169050
  53    0.0211235  -0.04192535
  54    0.0059027  -0.02722529
  55    0.0060576  -0.02735795
  56    0.0058703  -0.02681912
  57    0.0060280  -0.02713788
  58    0.0030038  -0.02728212
  59    0.0025407  -0.01959957
  60    0.0025928  -0.01975406
  61    0.0009485  -0.00938693
  62    0.0009804  -0.00976746
  63    0.0009507  -0.01002825
  64    0.0009602  -0.01105677
  65    0.0007061  -0.01178851
  66    0.0009566  -0.01010751
  67    0.0009356  -0.01006583
  68    0.0007582  -0.01265877
  69    0.0004621  -0.01037352
  70    0.0004509  -0.01023135
  71    0.0004508  -0.01015416
  72    0.0004878  -0.01040295
  73    0.0006639  -0.01154605
  74    0.0000729  -0.00207982
  75    0.0001072  -0.00118595
  76    0.0001061  -0.00116133
  77    0.0000958  -0.00130807
  78    0.0000006  -0.00002706
  79    0.0000004  -0.00001603
  80    0.0000007  -0.00004137
  81    0.0000004  -0.00001573
  82    0.0000007  -0.00002965
  83    0.0097023  -0.01700475
  84    0.0096371  -0.01706856
  85    0.0097227  -0.01733443
  86    0.0096453  -0.01692421
  87    0.0092432  -0.01769139
  88    0.0090129  -0.01776590
  89    0.0091359  -0.01781328
  90    0.0092184  -0.01780183
  91    0.0025381  -0.00986872
  92    0.0027150  -0.00886840
  93    0.0025845  -0.00972269
  94    0.0027507  -0.00918100
  95    0.0049709  -0.01941140
  96    0.0051048  -0.01963746
  97    0.0049685  -0.01934980
  98    0.0052325  -0.01971750
  99    0.0014599  -0.00990946
 100    0.0015113  -0.01009285
 101    0.0025917  -0.01971713
 102    0.0006594  -0.01124955
 103    0.0004786  -0.01055440
 104    0.0003648  -0.00774924
 105    0.0004055  -0.00929564
 106    0.0004507  -0.01012776
 107    0.0000667  -0.00139864
 108    0.0000740  -0.00195693
 109    0.0001117  -0.00146839
 110    0.0003942  -0.00948675
 111    0.0004225  -0.00974558
 112    0.0004039  -0.00959070
 113    0.0004377  -0.00997305
 114    0.0000708  -0.00100302
 115    0.0000207  -0.00015862
 116    0.0000031  -0.00061214
 117    0.0000054  -0.00025831
 118    0.0000129  -0.00017241
 119    0.0000004  -0.00001850
 120    0.0000003  -0.00001534
 121    0.0000003  -0.00001296
 122    0.0000002  -0.00001185
 123    0.0000003  -0.00001266
 124    0.0095811  -0.01713717
 125    0.0095894  -0.01700701
 126    0.0095419  -0.01689913
 127    0.0095712  -0.01712401
 128    0.0072300  -0.01850501
 129    0.0071899  -0.01850979
 130    0.0072190  -0.01860106
 131    0.0071385  -0.01858565
 132    0.0024551  -0.00948202
 133    0.0007602  -0.00201457
 134    0.0007494  -0.00195655
 135    0.0007483  -0.00199984
 136    0.0019563  -0.01038399
 137    0.0020225  -0.01058075
 138    0.0019059  -0.01027242
 139    0.0020287  -0.01062412
 140    0.0014333  -0.00976702
 141    0.0015011  -0.01006980
 142    0.0000963  -0.00083343
 143    0.0003036  -0.00563027
 144    0.0001936  -0.00344907
 145    0.0000782  -0.00234292
 146    0.0000156  -0.00064775
 147    0.0000556  -0.00079258
 148    0.0000550  -0.00091910
 149    0.0000162  -0.00015171
 150    0.0000663  -0.00173818
 151    0.0000755  -0.00223780
 152    0.0001280  -0.00276835
 153    0.0001127  -0.00236506
 154    0.0000566  -0.00080855
 155    0.0000660  -0.00120157
 156    0.0000204  -0.00019467
 157    0.0000030  -0.00060077
 158    0.0000034  -0.00064860
 159    0.0000032  -0.00062383
 160    0.0000003  -0.00001540
 161    0.0000002  -0.00001053
 162    0.0000001  -0.00000543
 163    0.0000002  -0.00001097
 164    0.0000000  -0.00000134
 165    0.0006449  -0.00148922
 166    0.0005903  -0.00137967
 167    0.0004023  -0.00117632
 168    0.0006166  -0.00143485
 169    0.0006324  -0.00152408
 170    0.0006361  -0.00153352
 171    0.0006333  -0.00152463
 172    0.0006365  -0.00152936
 173    0.0006924  -0.00188575
 174    0.0007371  -0.00193938
 175    0.0007143  -0.00182240
 176    0.0006716  -0.00167710
 177    0.0019396  -0.01037492
 178    0.0019689  -0.01046411
 179    0.0018929  -0.01020632
 180    0.0020161  -0.01046880
 181    0.0000328  -0.00021911
 182    0.0002480  -0.00589088
 183    0.0000360  -0.00082949
 184    0.0000280  -0.00023882
 185    0.0000547  -0.00060439
 186    0.0000163  -0.00036682
 187    0.0000147  -0.00028940
 188    0.0000136  -0.00016264
 189    0.0000150  -0.00038165
 190    0.0000161  -0.00014303
 191    0.0000146  -0.00014337
 192    0.0000138  -0.00022092
 193    0.0000149  -0.00028084
 194    0.0000253  -0.00022132
 195    0.0000181  -0.00015079
 196    0.0000477  -0.00058737
 197    0.0000182  -0.00033133
 198    0.0000001  -0.00000397
 199    0.0000002  -0.00000737
 200    0.0000002  -0.00000970
 201    0.0000003  -0.00001382
 202    0.0000002  -0.00000971
 203    0.0000000  -0.00000065
 204    0.0000002  -0.00000793
 205    0.0000000  -0.00000140
 206    0.0002002  -0.00075870
 207    0.0001851  -0.00064463
 208    0.0001906  -0.00067548
 209    0.0002215  -0.00085249
 210    0.0001960  -0.00074210
 211    0.0005736  -0.00150030
 212    0.0002146  -0.00076089
 213    0.0002355  -0.00084643
 214    0.0006405  -0.00171341
 215    0.0006383  -0.00157933
 216    0.0006314  -0.00158582
 217    0.0006439  -0.00159430
 218    0.0018403  -0.01002463
 219    0.0012756  -0.00706804
 220    0.0018490  -0.01003841
 221    0.0012614  -0.00687057
 222    0.0000227  -0.00016239
 223    0.0000235  -0.00016586
 224    0.0000272  -0.00019460
 225    0.0000143  -0.00031851
 226    0.0000184  -0.00014812
 227    0.0000109  -0.00010035
 228    0.0000138  -0.00019180
 229    0.0000122  -0.00011653
 230    0.0000131  -0.00037665
 231    0.0000156  -0.00017108
 232    0.0000137  -0.00021495
 233    0.0000109  -0.00009991
 234    0.0000096  -0.00008959
 235    0.0000158  -0.00036417
 236    0.0000125  -0.00015727
 237    0.0000138  -0.00030190
 238    0.0000140  -0.00041744
 239    0.0000001  -0.00000394
 240    0.0000001  -0.00000640
 241    0.0000002  -0.00000956
 242    0.0000003  -0.00001301
 243    0.0000002  -0.00000880
 244    0.0000000  -0.00000063
 245    0.0000002  -0.00000781
 246    0.0000000  -0.00000134
 247    0.0001507  -0.00052906
 248    0.0001336  -0.00045258
 249    0.0001663  -0.00060835
 250    0.0001402  -0.00045602
 251    0.0001423  -0.00048183
 252    0.0001899  -0.00071601
 253    0.0001411  -0.00051300
 254    0.0001308  -0.00044735
 255    0.0005912  -0.00156725
 256    0.0006231  -0.00154752
 257    0.0005427  -0.00153938
 258    0.0004314  -0.00125861
 259    0.0004678  -0.00148818
 260    0.0005185  -0.00159054
 261    0.0006851  -0.00296651
 262    0.0002246  -0.00121030
 263    0.0000224  -0.00016132
 264    0.0000232  -0.00015956
 265    0.0000245  -0.00018660
 266    0.0000135  -0.00017186
 267    0.0000101  -0.00009522
 268    0.0000096  -0.00009459
 269    0.0000121  -0.00013938
 270    0.0000100  -0.00009601
 271    0.0000106  -0.00010054
 272    0.0000154  -0.00027469
 273    0.0000125  -0.00013925
 274    0.0000085  -0.00008290
 275    0.0000088  -0.00008606
 276    0.0000087  -0.00008604
 277    0.0000077  -0.00007802
 278    0.0000080  -0.00010186
 279    0.0000121  -0.00019981
 280    0.0000001  -0.00000390
 281    0.0000001  -0.00000598
 282    0.0000002  -0.00000818
 283    0.0000002  -0.00001082
 284    0.0000002  -0.00000847
 285    0.0000000  -0.00000063
 286    0.0000001  -0.00000709
 287    0.0000000  -0.00000126
 288    0.0000810  -0.00025247
 289    0.0000834  -0.00027253
 290    0.0001200  -0.00039576
 291    0.0001351  -0.00044830
 292    0.0001298  -0.00042566
 293    0.0000960  -0.00034118
 294    0.0000844  -0.00028825
 295    0.0000809  -0.00030091
 296    0.0005832  -0.00154381
 297    0.0004130  -0.00121686
 298    0.0002238  -0.00091873
 299    0.0001878  -0.00076740
 300    0.0002366  -0.00127201
 301    0.0002693  -0.00158819
 302    0.0002746  -0.00124933
 303    0.0002002  -0.00109945
 304    0.0000217  -0.00015576
 305    0.0000231  -0.00016165
 306    0.0000237  -0.00017002
 307    0.0000109  -0.00011177
 308    0.0000070  -0.00007633
 309    0.0000091  -0.00009069
 310    0.0000107  -0.00010476
 311    0.0000095  -0.00009718
 312    0.0000099  -0.00010001
 313    0.0000150  -0.00044995
 314    0.0000103  -0.00009920
 315    0.0000085  -0.00007814
 316    0.0000063  -0.00007082
 317    0.0000046  -0.00036540
 318    0.0000072  -0.00007147
 319    0.0000073  -0.00007136
 320    0.0000105  -0.00012635
 321    0.0000001  -0.00000345
 322    0.0000001  -0.00000533
 323    0.0000002  -0.00000822
 324    0.0000002  -0.00000951
 325    0.0000002  -0.00000732
 326    0.0000000  -0.00000063
 327    0.0000001  -0.00000729
 328    0.0000000  -0.00000120
 
----------------
 Final Energies 
----------------
Final NOF Total Energy =   -2129.7344555
 
Total Orbital Internal Iterations = 1350
Total Occupation Internal Iterations = 675
 
Elapsed time: 1391.08 Seconds

---------------------------------
   Lowdin Population Analysis    
---------------------------------
 Idx  Atom   Population   Charge 
---------------------------------
  1    Si    15.794      -1.794
  2    Cl    16.553       0.447
  3    Cl    16.551       0.449
  4    Cl    16.551       0.449
  5    Cl    16.551       0.449

---------------------------------
   M Diagnostic: 0.03
---------------------------------

Recovering execution output...
Moving from /scratch/pobleyef/284370 to /home-nas/pobleyef/Poison-NOF/ncwomax/P30-5/GNOFa/arina.284370
mkdir -p /home-nas/pobleyef/Poison-NOF/ncwomax/P30-5/GNOFa/arina.284370
mv /scratch/pobleyef/284370/* /home-nas/pobleyef/Poison-NOF/ncwomax/P30-5/GNOFa/arina.284370
