SIE4x4-he2+_1.25
/software/eb2024/easybuild/software/common/software/Julia/1.11.3-linux-x86_64/bin/julia
Job runing on nh011
Choosing scratch ...
Automatic scratch folder selection
/scratch/pobleyef/284375
/scratch/pobleyef/284375 directory
cp SIE4x4-he2+_1.25.jl SIE4x4-he2+_1.25.jld2 to  /scratch/pobleyef/284375/.
Computing Integrals
Basis Set                                            = def2-qzvp
Auxiliary Basis Set                                  = def2-universal-jkfit
Gaussian Type                                        = Spherical
Elapsed time:    3.55 Seconds

Number of basis functions                   (NBF)    = 60
Number of auxiliary basis functions         (NBFAUX) = 46
Inactive Doubly occupied orbitals up to     (NO1)    = 0
No. considered Strongly Doubly occupied MOs (NDOC)   = 1
No. considered Strongly Singly occupied MOs (NSOC)   = 1
NO. of Weakly occ. per St. Doubly occ.  MOs (NCWO)   = 58
Dimension of the Nat. Orb. subspace         (NBF5)   = 60
No. of electrons                                     = 3
    No. of alpha electrons                           = 2
    No. of beta electrons                            = 1
Multiplicity                                         = 2

Geometry
========
He       0.0000000       0.0000000      -0.6713773
He       0.0000000       0.0000000       0.6713773

No violations of the orthonormality
No violations of the orthonormality
 
PNOF8/ADABelief Calculation
==================
 
  Nitext  Nit_orb  Time   Nit_occ  Time         Eelec          Etot           Ediff      maxdiff    MaxGrad_orb  Grad_occ
     1      10    2.8e+01    6    3.4e+01    -6.54753306    -4.97114345 -10005.54753306   0.014993   6.0e-02   1.1e-04 0.02
     2      10    4.7e-02    6    3.7e-02    -6.54825218    -4.97186256    -0.00071911   0.017345   6.9e-02   1.2e-04 0.02
     3      10    2.5e-02    1    1.1e-02    -6.54838518    -4.97199557    -0.00013300   0.018329   7.3e-02   1.1e-04 0.02
     4      10    2.9e-02    0    4.4e-03    -6.54838796    -4.97199834    -0.00000278   0.018329   7.3e-02   1.1e-04 0.02
     5      16    3.9e-02    1    7.4e-03    -6.54942007    -4.97303045    -0.00103211   0.000426   1.7e-03   1.4e-04 0.02
 
RESULTS OF THE OCCUPATION OPTIMIZATION
========================================
   1    1.9730932  -1.55831141
   2    1.0000000  -0.79831436
   3    0.0098950  -0.01039966
   4    0.0033405  -0.00396338
   5    0.0031738  -0.00360436
   6    0.0031476  -0.00359447
   7    0.0029289  -0.00378987
   8    0.0014547  -0.00216910
   9    0.0014220  -0.00215521
  10    0.0006082  -0.00128814
  11    0.0001180  -0.00030821
  12    0.0001160  -0.00026077
  13    0.0000920  -0.00028350
  14    0.0000906  -0.00027146
  15    0.0000564  -0.00024357
  16    0.0000528  -0.00015239
  17    0.0000444  -0.00014647
  18    0.0000425  -0.00012154
  19    0.0000364  -0.00011733
  20    0.0000348  -0.00011219
  21    0.0000309  -0.00010669
  22    0.0000279  -0.00009651
  23    0.0000256  -0.00009460
  24    0.0000227  -0.00009048
  25    0.0000212  -0.00008951
  26    0.0000162  -0.00008611
  27    0.0000149  -0.00007823
  28    0.0000134  -0.00006936
  29    0.0000113  -0.00003581
  30    0.0000065  -0.00004036
  31    0.0000058  -0.00003896
  32    0.0000055  -0.00003876
  33    0.0000051  -0.00003063
  34    0.0000051  -0.00003158
  35    0.0000044  -0.00002632
  36    0.0000038  -0.00002958
  37    0.0000033  -0.00002274
  38    0.0000031  -0.00002398
  39    0.0000031  -0.00002276
  40    0.0000029  -0.00002038
  41    0.0000029  -0.00002080
  42    0.0000027  -0.00001653
  43    0.0000027  -0.00001775
  44    0.0000026  -0.00001438
  45    0.0000025  -0.00001292
  46    0.0000020  -0.00000401
  47    0.0000004  0.00000324
  48    0.0000003  0.00000352
  49    0.0000003  0.00000304
  50    0.0000003  0.00000307
  51    0.0000003  0.00000314
  52    0.0000003  0.00000315
  53    0.0000003  0.00000305
  54    0.0000003  0.00000305
  55    0.0000003  0.00000305
  56    0.0000003  0.00000304
  57    0.0000003  0.00000309
  58    0.0000003  0.00000310
  59    0.0000003  0.00000308
  60    0.0000003  0.00000309
 
----------------
 Final Energies 
----------------
Final NOF Total Energy =      -4.9730305
 
Total Orbital Internal Iterations = 56
Total Occupation Internal Iterations = 14
 
Elapsed time:   81.47 Seconds

---------------------------------
   Lowdin Population Analysis    
---------------------------------
 Idx  Atom   Population   Charge 
---------------------------------
  1    He     1.499       0.501
  2    He     1.501       0.499

---------------------------------
   M Diagnostic: 0.02
---------------------------------

Recovering execution output...
Moving from /scratch/pobleyef/284375 to /home-nas/pobleyef/Poison-NOF/ncwomax/P30-5/GNOFa/arina.284375
mkdir -p /home-nas/pobleyef/Poison-NOF/ncwomax/P30-5/GNOFa/arina.284375
mv /scratch/pobleyef/284375/* /home-nas/pobleyef/Poison-NOF/ncwomax/P30-5/GNOFa/arina.284375
