W4-11-foof
/software/eb2024/easybuild/software/common/software/Julia/1.11.3-linux-x86_64/bin/julia
Job runing on nh038
Choosing scratch ...
Automatic scratch folder selection
/scratch/pobleyef/284393
/scratch/pobleyef/284393 directory
cp W4-11-foof.jl W4-11-foof.jld2 to  /scratch/pobleyef/284393/.
Computing Integrals
Basis Set                                            = def2-qzvp
Auxiliary Basis Set                                  = def2-universal-jkfit
Gaussian Type                                        = Spherical
Elapsed time:    4.25 Seconds

Number of basis functions                   (NBF)    = 228
Number of auxiliary basis functions         (NBFAUX) = 308
Inactive Doubly occupied orbitals up to     (NO1)    = 0
No. considered Strongly Doubly occupied MOs (NDOC)   = 17
No. considered Strongly Singly occupied MOs (NSOC)   = 0
NO. of Weakly occ. per St. Doubly occ.  MOs (NCWO)   = 12
Dimension of the Nat. Orb. subspace         (NBF5)   = 221
No. of electrons                                     = 34
    No. of alpha electrons                           = 17
    No. of beta electrons                            = 17
Multiplicity                                         = 1

Geometry
========
 F       0.5557100       1.3844340      -0.4939860
 O       0.5557100       0.2681810       0.5557340
 O      -0.5557100      -0.2681810       0.5557340
 F      -0.5557100      -1.3844340      -0.4939860

No violations of the orthonormality
No violations of the orthonormality
 
PNOF8/ADABelief Calculation
==================
 
  Nitext  Nit_orb  Time   Nit_occ  Time         Eelec          Etot           Ediff      maxdiff    MaxGrad_orb  Grad_occ
     1      10    3.0e+01   78    4.3e+01  -474.44731842  -349.05952651 -10473.44731842   0.026173   1.0e-01   2.3e-04 0.26
     2      20    4.2e+00   45    3.4e+00  -474.61595081  -349.22815890    -0.16863239   0.478325   1.9e+00   2.5e-04 0.28
     3      20    4.0e+00   58    4.3e+00  -474.74676545  -349.35897354    -0.13081464   0.363530   1.5e+00   2.3e-04 0.30
     4      20    4.0e+00   35    2.7e+00  -474.78478533  -349.39699342    -0.03801988   0.036405   1.5e-01   2.6e-04 0.30
     5      20    4.1e+00   21    1.7e+00  -474.79719526  -349.40940334    -0.01240992   0.037735   1.5e-01   2.9e-04 0.30
     6      20    3.9e+00   24    1.9e+00  -474.80585636  -349.41806445    -0.00866111   0.028963   1.2e-01   3.1e-04 0.30
     7      20    3.8e+00   10    9.1e-01  -474.81652016  -349.42872824    -0.01066379   0.155772   6.2e-01   3.3e-04 0.31
     8      20    3.9e+00   16    1.3e+00  -474.81706784  -349.42927592    -0.00054768   0.042647   1.7e-01   2.6e-04 0.31
     9      20    4.0e+00    6    6.2e-01  -474.82033003  -349.43253811    -0.00326219   0.033061   1.3e-01   2.6e-04 0.31
    10      20    3.8e+00    9    8.6e-01  -474.82397806  -349.43618615    -0.00364803   0.029022   1.2e-01   3.4e-04 0.31
    11      20    4.0e+00    0    2.0e-01  -474.82409501  -349.43630309    -0.00011695   0.029022   1.2e-01   3.4e-04 0.31
    12      40    7.8e+00    6    6.5e-01  -474.83232895  -349.44453704    -0.00823395   0.004289   1.7e-02   3.2e-04 0.31
    13      40    7.8e+00    9    8.0e-01  -474.83244815  -349.44465624    -0.00011919   0.004824   1.9e-02   3.1e-04 0.31
    14      40    7.9e+00    6    5.4e-01  -474.83289655  -349.44510464    -0.00044841   0.004970   2.0e-02   2.6e-04 0.31
    15      40    7.7e+00    9    8.8e-01  -474.83316637  -349.44537446    -0.00026982   0.004825   1.9e-02   2.5e-04 0.31
    16      40    8.1e+00    6    6.6e-01  -474.83351171  -349.44571980    -0.00034534   0.004039   1.6e-02   2.5e-04 0.31
    17      40    7.7e+00    6    6.4e-01  -474.83380160  -349.44600968    -0.00028988   0.004279   1.7e-02   2.9e-04 0.31
    18      40    7.8e+00   12    1.1e+00  -474.83414272  -349.44635081    -0.00034113   0.004014   1.6e-02   2.4e-04 0.31
    19      40    8.0e+00    6    6.2e-01  -474.83455935  -349.44676744    -0.00041663   0.005110   2.0e-02   2.4e-04 0.31
    20      40    7.8e+00    6    6.2e-01  -474.83486793  -349.44707602    -0.00030858   0.006143   2.5e-02   2.7e-04 0.31
    21      40    8.3e+00    6    7.0e-01  -474.83519722  -349.44740531    -0.00032929   0.004181   1.7e-02   2.9e-04 0.31
    22      40    7.9e+00    6    6.0e-01  -474.83555813  -349.44776621    -0.00036090   0.004317   1.7e-02   3.0e-04 0.31
    23      40    8.1e+00    6    6.3e-01  -474.83580462  -349.44801271    -0.00024649   0.005371   2.1e-02   2.8e-04 0.31
    24      40    8.4e+00    6    6.9e-01  -474.83608453  -349.44829262    -0.00027991   0.004422   1.8e-02   2.7e-04 0.31
    25      40    8.3e+00    6    6.1e-01  -474.83628488  -349.44849296    -0.00020034   0.004492   1.8e-02   2.5e-04 0.31
    26      40    8.0e+00    3    3.8e-01  -474.83649936  -349.44870745    -0.00021449   0.003971   1.6e-02   2.9e-04 0.31
    27      40    8.3e+00    9    9.3e-01  -474.83659868  -349.44880677    -0.00009932   0.004393   1.8e-02   2.2e-04 0.31
    28      40    8.3e+00    3    3.8e-01  -474.83675515  -349.44896323    -0.00015646   0.004758   1.9e-02   2.2e-04 0.31
    29      40    8.1e+00    3    3.7e-01  -474.83682418  -349.44903226    -0.00006903   0.005340   2.1e-02   2.3e-04 0.31
    30      40    8.0e+00    3    3.7e-01  -474.83692028  -349.44912836    -0.00009610   0.005257   2.1e-02   2.5e-04 0.31
    31      40    8.1e+00    6    6.5e-01  -474.83695363  -349.44916172    -0.00003335   0.005599   2.2e-02   2.6e-04 0.31
    32      40    8.2e+00    6    6.7e-01  -474.83702816  -349.44923625    -0.00007453   0.005899   2.4e-02   2.4e-04 0.31
    33      40    8.0e+00    6    6.2e-01  -474.83715470  -349.44936279    -0.00012654   0.006057   2.4e-02   2.4e-04 0.31
    34      40    8.3e+00    6    6.2e-01  -474.83724401  -349.44945210    -0.00008931   0.003700   1.5e-02   2.4e-04 0.31
    35      40    8.0e+00    6    6.3e-01  -474.83732886  -349.44953695    -0.00008485   0.040430   1.6e-01   2.3e-04 0.31
    36      40    8.0e+00    6    5.5e-01  -474.83754038  -349.44974846    -0.00021152   0.004402   1.8e-02   2.0e-04 0.31
    37      40    7.8e+00    6    6.2e-01  -474.83768205  -349.44989014    -0.00014168   0.005810   2.3e-02   2.2e-04 0.31
    38      40    7.8e+00    6    5.6e-01  -474.83781446  -349.45002255    -0.00013241   0.004915   2.0e-02   2.3e-04 0.31
    39      40    7.9e+00   11    9.4e-01  -474.83794566  -349.45015375    -0.00013120   0.004060   1.6e-02   3.0e-04 0.31
    40      40    7.9e+00    3    4.0e-01  -474.83813343  -349.45034152    -0.00018777   0.003511   1.4e-02   2.3e-04 0.31
 
RESULTS OF THE OCCUPATION OPTIMIZATION
========================================
   1    1.9999590  -23.77956341
   2    1.9999617  -23.66732586
   3    1.9999637  -23.52793237
   4    1.9999573  -23.41959738
   5    1.9889150  -1.71186538
   6    1.9869744  -1.63210455
   7    1.9856446  -1.58229928
   8    1.9829349  -1.20564088
   9    1.9656351  -0.85302020
  10    1.9792007  -0.77297000
  11    1.9788000  -0.76892801
  12    1.9792751  -0.76671812
  13    1.9777889  -0.76583878
  14    1.9765202  -0.73408766
  15    1.9769199  -0.73053989
  16    1.6920794  -0.64925070
  17    1.6911993  -0.64777305
  18    0.3087763  -0.15041388
  19    0.3078952  -0.15032266
  20    0.0087167  -0.01512269
  21    0.0082372  -0.01474620
  22    0.0109710  -0.02050036
  23    0.0121289  -0.02138432
  24    0.0108258  -0.02035430
  25    0.0120991  -0.02125142
  26    0.0336209  -0.05966284
  27    0.0078657  -0.01909609
  28    0.0082842  -0.02337780
  29    0.0080337  -0.02280344
  30    0.0051126  -0.01594247
  31    0.0000077  -0.00026065
  32    0.0000117  -0.00036048
  33    0.0000073  -0.00026980
  34    0.0000095  -0.00036713
  35    0.0000083  -0.00000671
  36    0.0000092  -0.00000717
  37    0.0049470  -0.00945089
  38    0.0048849  -0.00929379
  39    0.0042822  -0.01005404
  40    0.0034355  -0.00769624
  41    0.0043153  -0.01023465
  42    0.0042390  -0.00953812
  43    0.0002602  -0.00088747
  44    0.0037014  -0.00854229
  45    0.0035735  -0.00947063
  46    0.0022001  -0.00625559
  47    0.0024528  -0.00802687
  48    0.0000047  -0.00009255
  49    0.0000040  -0.00008137
  50    0.0000046  -0.00009193
  51    0.0000041  -0.00008206
  52    0.0000062  -0.00000716
  53    0.0000054  -0.00000644
  54    0.0043300  -0.00832003
  55    0.0042077  -0.00832002
  56    0.0031726  -0.00737331
  57    0.0032018  -0.00718596
  58    0.0040336  -0.00941674
  59    0.0031699  -0.00710421
  60    0.0001185  -0.00047886
  61    0.0018101  -0.00487460
  62    0.0007192  -0.00309138
  63    0.0007364  -0.00302316
  64    0.0010354  -0.00428719
  65    0.0000043  -0.00008430
  66    0.0000032  -0.00006776
  67    0.0000039  -0.00008317
  68    0.0000039  -0.00007984
  69    0.0000028  -0.00000692
  70    0.0000030  -0.00001145
  71    0.0036970  -0.00707814
  72    0.0025933  -0.00572094
  73    0.0028397  -0.00680077
  74    0.0007429  -0.00271861
  75    0.0010556  -0.00427040
  76    0.0003060  -0.00111675
  77    0.0000946  -0.00042899
  78    0.0011446  -0.00333876
  79    0.0006865  -0.00269977
  80    0.0005795  -0.00471584
  81    0.0006293  -0.00361205
  82    0.0000041  -0.00008301
  83    0.0000031  -0.00006561
  84    0.0000039  -0.00007897
  85    0.0000035  -0.00007193
  86    0.0000018  -0.00000962
  87    0.0000028  -0.00000809
  88    0.0004091  -0.00141016
  89    0.0023365  -0.00540064
  90    0.0002694  -0.00099061
  91    0.0003104  -0.00113696
  92    0.0002782  -0.00102154
  93    0.0003059  -0.00111033
  94    0.0000860  -0.00042082
  95    0.0010186  -0.00349891
  96    0.0002735  -0.00127900
  97    0.0004990  -0.00487687
  98    0.0005311  -0.00398848
  99    0.0000040  -0.00008313
 100    0.0000029  -0.00006049
 101    0.0000037  -0.00008324
 102    0.0000034  -0.00007155
 103    0.0000017  -0.00000745
 104    0.0000019  -0.00000956
 105    0.0003483  -0.00116522
 106    0.0003759  -0.00118951
 107    0.0002266  -0.00085900
 108    0.0003103  -0.00113815
 109    0.0002256  -0.00086880
 110    0.0002377  -0.00087510
 111    0.0000666  -0.00036277
 112    0.0005169  -0.00181758
 113    0.0002176  -0.00090502
 114    0.0002932  -0.00123243
 115    0.0005299  -0.00378819
 116    0.0000036  -0.00007464
 117    0.0000026  -0.00005628
 118    0.0000034  -0.00006994
 119    0.0000033  -0.00006824
 120    0.0000015  -0.00000697
 121    0.0000014  -0.00000705
 122    0.0002383  -0.00079157
 123    0.0002795  -0.00088645
 124    0.0001834  -0.00074150
 125    0.0002331  -0.00085940
 126    0.0002004  -0.00075093
 127    0.0001933  -0.00073778
 128    0.0000557  -0.00029754
 129    0.0003356  -0.00111148
 130    0.0002088  -0.00085914
 131    0.0002733  -0.00113432
 132    0.0003663  -0.00191519
 133    0.0000031  -0.00006540
 134    0.0000022  -0.00005041
 135    0.0000026  -0.00005626
 136    0.0000028  -0.00006257
 137    0.0000011  -0.00000683
 138    0.0000005  -0.00000554
 139    0.0001655  -0.00067072
 140    0.0002696  -0.00085706
 141    0.0001723  -0.00073467
 142    0.0002072  -0.00077966
 143    0.0001882  -0.00077487
 144    0.0001056  -0.00050462
 145    0.0000150  -0.00010163
 146    0.0002614  -0.00090300
 147    0.0001763  -0.00077068
 148    0.0001908  -0.00080567
 149    0.0001892  -0.00082527
 150    0.0000029  -0.00006040
 151    0.0000019  -0.00004553
 152    0.0000023  -0.00005279
 153    0.0000027  -0.00005899
 154    0.0000004  -0.00000537
 155    0.0000004  -0.00000290
 156    0.0001602  -0.00060875
 157    0.0001639  -0.00069236
 158    0.0000382  -0.00022998
 159    0.0000936  -0.00046674
 160    0.0000243  -0.00016363
 161    0.0000778  -0.00075256
 162    0.0000136  -0.00009879
 163    0.0002263  -0.00082959
 164    0.0001565  -0.00094301
 165    0.0001630  -0.00083320
 166    0.0000967  -0.00105751
 167    0.0000023  -0.00005217
 168    0.0000018  -0.00004318
 169    0.0000023  -0.00005247
 170    0.0000024  -0.00005402
 171    0.0000002  -0.00000209
 172    0.0000004  -0.00000220
 173    0.0000287  -0.00016945
 174    0.0000775  -0.00039756
 175    0.0000197  -0.00013159
 176    0.0000239  -0.00016207
 177    0.0000179  -0.00012864
 178    0.0000268  -0.00016508
 179    0.0000118  -0.00008947
 180    0.0001102  -0.00080219
 181    0.0000219  -0.00020536
 182    0.0000191  -0.00014599
 183    0.0000746  -0.00118930
 184    0.0000023  -0.00005529
 185    0.0000016  -0.00004072
 186    0.0000020  -0.00004794
 187    0.0000021  -0.00004914
 188    0.0000002  -0.00000133
 189    0.0000002  -0.00000154
 190    0.0000221  -0.00015885
 191    0.0000364  -0.00021984
 192    0.0000180  -0.00012547
 193    0.0000194  -0.00013568
 194    0.0000179  -0.00012558
 195    0.0000207  -0.00014072
 196    0.0000112  -0.00008857
 197    0.0000523  -0.00067189
 198    0.0000194  -0.00014457
 199    0.0000189  -0.00013502
 200    0.0000422  -0.00062647
 201    0.0000019  -0.00004895
 202    0.0000009  -0.00006674
 203    0.0000017  -0.00004365
 204    0.0000020  -0.00004691
 205    0.0000001  -0.00000100
 206    0.0000002  -0.00000132
 207    0.0000172  -0.00012620
 208    0.0000174  -0.00012619
 209    0.0000180  -0.00012614
 210    0.0000178  -0.00012674
 211    0.0000171  -0.00012218
 212    0.0000176  -0.00012931
 213    0.0000108  -0.00008914
 214    0.0000220  -0.00017146
 215    0.0000180  -0.00013554
 216    0.0000185  -0.00014858
 217    0.0000247  -0.00019786
 218    0.0000018  -0.00004119
 219    0.0000005  -0.00005187
 220    0.0000006  -0.00005437
 221    0.0000013  -0.00007597
 
----------------
 Final Energies 
----------------
Final NOF Total Energy =    -349.4503415
 
Total Orbital Internal Iterations = 1370
Total Occupation Internal Iterations = 481
 
Elapsed time:  418.95 Seconds

---------------------------------
   Lowdin Population Analysis    
---------------------------------
 Idx  Atom   Population   Charge 
---------------------------------
  1     F     8.992       0.008
  2     O     8.005      -0.005
  3     O     8.010      -0.010
  4     F     8.993       0.007

---------------------------------
   M Diagnostic: 0.31
---------------------------------

Recovering execution output...
Moving from /scratch/pobleyef/284393 to /home-nas/pobleyef/Poison-NOF/ncwomax/P30-5/GNOFa/arina.284393
mkdir -p /home-nas/pobleyef/Poison-NOF/ncwomax/P30-5/GNOFa/arina.284393
mv /scratch/pobleyef/284393/* /home-nas/pobleyef/Poison-NOF/ncwomax/P30-5/GNOFa/arina.284393
