W4-11-o
/software/eb2024/easybuild/software/common/software/Julia/1.11.3-linux-x86_64/bin/julia
Job runing on nh008
Choosing scratch ...
Automatic scratch folder selection
/scratch/pobleyef/284400
/scratch/pobleyef/284400 directory
cp W4-11-o.jl W4-11-o.jld2 to  /scratch/pobleyef/284400/.
Computing Integrals
Basis Set                                            = def2-qzvp
Auxiliary Basis Set                                  = def2-universal-jkfit
Gaussian Type                                        = Spherical
Elapsed time:    3.48 Seconds

Number of basis functions                   (NBF)    = 57
Number of auxiliary basis functions         (NBFAUX) = 77
Inactive Doubly occupied orbitals up to     (NO1)    = 0
No. considered Strongly Doubly occupied MOs (NDOC)   = 3
No. considered Strongly Singly occupied MOs (NSOC)   = 2
NO. of Weakly occ. per St. Doubly occ.  MOs (NCWO)   = 17
Dimension of the Nat. Orb. subspace         (NBF5)   = 56
No. of electrons                                     = 8
    No. of alpha electrons                           = 5
    No. of beta electrons                            = 3
Multiplicity                                         = 3

Geometry
========
 O       0.0000000       0.0000000       0.0000000

No violations of the orthonormality
No violations of the orthonormality
 
PNOF8/ADABelief Calculation
==================
 
  Nitext  Nit_orb  Time   Nit_occ  Time         Eelec          Etot           Ediff      maxdiff    MaxGrad_orb  Grad_occ
     1      10    2.8e+01   12    3.5e+01   -74.99006358   -74.99006358 -10073.99006358   0.026514   1.1e-01   2.3e-04 0.02
     2      20    8.7e-02   21    6.8e-02   -75.00674518   -75.00674518    -0.01668160   0.005965   2.4e-02   1.8e-04 0.02
     3      20    6.6e-02   15    5.1e-02   -75.01293707   -75.01293707    -0.00619189   0.011602   4.6e-02   1.7e-04 0.02
     4      20    7.3e-02    7    2.9e-02   -75.01482266   -75.01482266    -0.00188559   0.014408   5.8e-02   2.0e-04 0.02
     5      20    6.5e-02    3    1.4e-02   -75.01567338   -75.01567338    -0.00085072   0.012121   4.8e-02   1.6e-04 0.02
     6      20    6.3e-02   11    4.7e-02   -75.01602291   -75.01602291    -0.00034953   0.012489   5.0e-02   1.7e-04 0.02
     7      20    8.3e-02    3    1.9e-02   -75.01642773   -75.01642773    -0.00040481   0.011301   4.5e-02   1.4e-04 0.02
     8      20    6.6e-02    2    1.0e-02   -75.01667501   -75.01667501    -0.00024728   0.010663   4.3e-02   1.4e-04 0.02
     9      20    6.5e-02    0    4.7e-03   -75.01668141   -75.01668141    -0.00000641   0.010663   4.3e-02   1.4e-04 0.02
    10      40    1.3e-01    1    7.6e-03   -75.01700702   -75.01700702    -0.00032561   0.001372   5.5e-03   1.5e-04 0.02
    11      40    1.2e-01    0    4.4e-03   -75.01701622   -75.01701622    -0.00000919   0.002310   9.2e-03   1.6e-04 0.02
    12      50    1.5e-01    0    4.5e-03   -75.01703275   -75.01703275    -0.00001653   0.000897   3.6e-03   1.6e-04 0.02
 
RESULTS OF THE OCCUPATION OPTIMIZATION
========================================
   1    1.9997961  -20.69964984
   2    1.9781247  -1.28548916
   3    1.9710653  -0.60727635
   4    1.0000000  -0.37725738
   5    1.0000000  -0.37707989
   6    0.0122090  -0.01782171
   7    0.0086659  -0.02003515
   8    0.0001780  -0.00579453
   9    0.0045402  -0.00777854
  10    0.0044688  -0.00811805
  11    0.0000052  -0.00019495
  12    0.0042391  -0.00762059
  13    0.0039051  -0.00740470
  14    0.0000049  -0.00014980
  15    0.0040137  -0.00715211
  16    0.0022824  -0.00448377
  17    0.0000040  -0.00006595
  18    0.0022363  -0.00409593
  19    0.0008437  -0.00250246
  20    0.0000015  -0.00004353
  21    0.0004268  -0.00115938
  22    0.0004129  -0.00122855
  23    0.0000013  -0.00003965
  24    0.0002264  -0.00070245
  25    0.0002429  -0.00076342
  26    0.0000012  -0.00003595
  27    0.0002192  -0.00064523
  28    0.0002354  -0.00074470
  29    0.0000010  -0.00003240
  30    0.0002106  -0.00064423
  31    0.0002134  -0.00070498
  32    0.0000010  -0.00003233
  33    0.0002067  -0.00061194
  34    0.0002076  -0.00069227
  35    0.0000008  -0.00002871
  36    0.0001679  -0.00046825
  37    0.0001699  -0.00054191
  38    0.0000008  -0.00002869
  39    0.0001257  -0.00042022
  40    0.0001405  -0.00046902
  41    0.0000008  -0.00002799
  42    0.0000540  -0.00014673
  43    0.0000285  -0.00012463
  44    0.0000008  -0.00002557
  45    0.0000160  -0.00009244
  46    0.0000155  -0.00008374
  47    0.0000008  -0.00002529
  48    0.0000153  -0.00008870
  49    0.0000153  -0.00008314
  50    0.0000007  -0.00001802
  51    0.0000142  -0.00007693
  52    0.0000142  -0.00008104
  53    0.0000007  -0.00000517
  54    0.0000137  -0.00007583
  55    0.0000133  -0.00007779
  56    0.0000005  -0.00003192
 
----------------
 Final Energies 
----------------
Final NOF Total Energy =     -75.0170328
 
Total Orbital Internal Iterations = 300
Total Occupation Internal Iterations = 75
 
Elapsed time:   83.21 Seconds

---------------------------------
   Lowdin Population Analysis    
---------------------------------
 Idx  Atom   Population   Charge 
---------------------------------
  1     O     8.000      -0.000

---------------------------------
   M Diagnostic: 0.02
---------------------------------

Recovering execution output...
Moving from /scratch/pobleyef/284400 to /home-nas/pobleyef/Poison-NOF/ncwomax/P30-5/GNOFa/arina.284400
mkdir -p /home-nas/pobleyef/Poison-NOF/ncwomax/P30-5/GNOFa/arina.284400
mv /scratch/pobleyef/284400/* /home-nas/pobleyef/Poison-NOF/ncwomax/P30-5/GNOFa/arina.284400
