Computing Integrals
Basis Set                                            = def2-qzvp
Auxiliary Basis Set                                  = def2-universal-jkfit
Gaussian Type                                        = Spherical
Elapsed time:    2.64 Seconds

Number of basis functions                   (NBF)    = 57
Number of auxiliary basis functions         (NBFAUX) = 77
Inactive Doubly occupied orbitals up to     (NO1)    = 0
No. considered Strongly Doubly occupied MOs (NDOC)   = 2
No. considered Strongly Singly occupied MOs (NSOC)   = 3
NO. of Weakly occ. per St. Doubly occ.  MOs (NCWO)   = 26
Dimension of the Nat. Orb. subspace         (NBF5)   = 57
No. of electrons                                     = 7
    No. of alpha electrons                           = 5
    No. of beta electrons                            = 2
Multiplicity                                         = 4

Geometry
========
 N       0.0000000       0.0000000       0.0000000

No violations of the orthonormality
No violations of the orthonormality
 
PNOF8/ADABelief Calculation
==================
 
  Nitext  Nit_orb  Time   Nit_occ  Time         Eelec          Etot           Ediff      maxdiff    MaxGrad_orb  Grad_occ
     1      10    2.1e+01    3    2.6e+01   -54.52790331   -54.52790331 -10053.52790331   0.001011   4.0e-03   1.9e-04 0.02
     2      20    7.1e-02    0    2.4e-03   -54.52818536   -54.52818536    -0.00028205   0.001011   4.0e-03   1.9e-04 0.02
     3      40    5.7e-02    1    6.9e-03   -54.52821803   -54.52821803    -0.00003267   0.001534   6.1e-03   1.8e-04 0.02
     4      40    5.9e-02    2    8.5e-03   -54.52823732   -54.52823732    -0.00001929   0.001060   4.2e-03   9.6e-05 0.02
     5      40    5.9e-02    0    2.3e-03   -54.52824191   -54.52824191    -0.00000459   0.001060   4.2e-03   9.6e-05 0.02
     6      19    2.5e-02    1    6.6e-03   -54.52824949   -54.52824949    -0.00000759   0.000323   1.3e-03   1.1e-04 0.02
 
RESULTS OF THE OCCUPATION OPTIMIZATION
========================================
   1    1.9997239  -15.65029332
   2    1.9664038  -0.98126542
   3    1.0000000  -0.29860423
   4    1.0000000  -0.29859439
   5    1.0000000  -0.29858271
   6    0.0081908  -0.01441796
   7    0.0002245  -0.00570373
   8    0.0040751  -0.00576602
   9    0.0000118  -0.00018825
  10    0.0040718  -0.00576268
  11    0.0000093  -0.00034053
  12    0.0040596  -0.00575473
  13    0.0000056  -0.00005853
  14    0.0021748  -0.00327800
  15    0.0000040  -0.00004939
  16    0.0021630  -0.00327334
  17    0.0000016  -0.00003153
  18    0.0021407  -0.00325828
  19    0.0000016  -0.00002911
  20    0.0021207  -0.00325627
  21    0.0000014  -0.00002770
  22    0.0020993  -0.00325642
  23    0.0000013  -0.00002705
  24    0.0003846  -0.00089228
  25    0.0000012  -0.00002627
  26    0.0003746  -0.00088530
  27    0.0000012  -0.00002558
  28    0.0003686  -0.00088014
  29    0.0000011  -0.00002512
  30    0.0001377  -0.00033686
  31    0.0000011  -0.00002479
  32    0.0001372  -0.00033677
  33    0.0000011  -0.00002442
  34    0.0001371  -0.00033781
  35    0.0000010  -0.00002410
  36    0.0001370  -0.00033709
  37    0.0000010  -0.00002358
  38    0.0001364  -0.00033618
  39    0.0000010  -0.00002351
  40    0.0001360  -0.00033754
  41    0.0000010  -0.00002352
  42    0.0001359  -0.00033635
  43    0.0000009  -0.00002306
  44    0.0001093  -0.00025637
  45    0.0000009  -0.00002104
  46    0.0001057  -0.00025633
  47    0.0000008  -0.00003601
  48    0.0000959  -0.00025307
  49    0.0000008  -0.00001174
  50    0.0000734  -0.00023992
  51    0.0000007  -0.00000462
  52    0.0000108  -0.00004087
  53    0.0000005  -0.00000400
  54    0.0000105  -0.00004086
  55    0.0000005  -0.00002423
  56    0.0000099  -0.00004062
  57    0.0000003  -0.00000367
 
----------------
 Final Energies 
----------------
Final NOF Total Energy =     -54.5282495
 
Total Orbital Internal Iterations = 169
Total Occupation Internal Iterations = 7
 
Elapsed time:   62.59 Seconds

---------------------------------
   Lowdin Population Analysis    
---------------------------------
 Idx  Atom   Population   Charge 
---------------------------------
  1     N     7.000       0.000

---------------------------------
   M Diagnostic: 0.02
---------------------------------

