Computing Integrals
Basis Set                                            = def2-qzvp
Auxiliary Basis Set                                  = def2-universal-jkfit
Gaussian Type                                        = Spherical
Elapsed time:    2.95 Seconds

Number of basis functions                   (NBF)    = 114
Number of auxiliary basis functions         (NBFAUX) = 152
Inactive Doubly occupied orbitals up to     (NO1)    = 0
No. considered Strongly Doubly occupied MOs (NDOC)   = 5
No. considered Strongly Singly occupied MOs (NSOC)   = 2
NO. of Weakly occ. per St. Doubly occ.  MOs (NCWO)   = 21
Dimension of the Nat. Orb. subspace         (NBF5)   = 112
No. of electrons                                     = 12
    No. of alpha electrons                           = 7
    No. of beta electrons                            = 5
Multiplicity                                         = 3

Geometry
========
 B       0.0000000       0.0000000      -0.7759500
 N       0.0000000       0.0000000       0.5542500

No violations of the orthonormality
No violations of the orthonormality
 
PNOF8/ADABelief Calculation
==================
 
  Nitext  Nit_orb  Time   Nit_occ  Time         Eelec          Etot           Ediff      maxdiff    MaxGrad_orb  Grad_occ
     1      10    2.5e+01    3    2.8e+01   -93.22235590   -79.29876216 -10092.22235590   0.001265   5.1e-03   2.2e-04 0.04
     2      20    5.3e+00    0    3.4e-02   -93.22253294   -79.29893919    -0.00017703   0.001265   5.1e-03   2.2e-04 0.04
     3      40    6.3e+00    5    1.3e-01   -93.22260211   -79.29900836    -0.00006917   0.002479   9.9e-03   1.4e-04 0.04
     4      40    6.4e+00    2    3.4e-02   -93.22263858   -79.29904483    -0.00003647   0.003786   1.5e-02   1.5e-04 0.04
     5      40    7.8e+00    1    3.0e-02   -93.22265302   -79.29905928    -0.00001444   0.002825   1.1e-02   1.8e-04 0.04
     6      40    9.0e+00    0    3.0e-02   -93.22265792   -79.29906417    -0.00000490   0.002441   9.8e-03   1.8e-04 0.04
     7      50    1.1e+01    0    2.4e-02   -93.22268047   -79.29908673    -0.00002255   0.001614   6.5e-03   1.9e-04 0.04
     8      60    1.6e+01    0    2.5e-02   -93.22268582   -79.29909207    -0.00000535   0.001103   4.4e-03   1.8e-04 0.04
     9      70    1.7e+01    0    2.3e-02   -93.22269087   -79.29909712    -0.00000505   0.000519   2.1e-03   1.9e-04 0.04
 
RESULTS OF THE OCCUPATION OPTIMIZATION
========================================
   1    1.9999516  -15.61394035
   2    1.9997916  -7.69951388
   3    1.9807103  -1.05172070
   4    1.9686173  -0.62319061
   5    1.9583673  -0.46240952
   6    1.0000000  -0.27361930
   7    1.0000000  -0.26048857
   8    0.0307574  -0.03153535
   9    0.0126849  -0.02005149
  10    0.0066529  -0.01628237
  11    0.0001714  -0.00238030
  12    0.0000412  -0.00119384
  13    0.0041796  -0.00605159
  14    0.0121609  -0.01523603
  15    0.0032136  -0.00778331
  16    0.0000108  -0.00023633
  17    0.0000017  -0.00004660
  18    0.0030113  -0.00444424
  19    0.0024839  -0.00499089
  20    0.0020974  -0.00585020
  21    0.0000085  -0.00008649
  22    0.0000015  -0.00002979
  23    0.0026754  -0.00396232
  24    0.0011033  -0.00236721
  25    0.0019593  -0.00455508
  26    0.0000065  -0.00005584
  27    0.0000014  -0.00006047
  28    0.0003108  -0.00061239
  29    0.0008316  -0.00181623
  30    0.0014554  -0.00342655
  31    0.0000055  -0.00008820
  32    0.0000013  -0.00001946
  33    0.0001460  -0.00035988
  34    0.0004376  -0.00091073
  35    0.0010330  -0.00375655
  36    0.0000006  -0.00001397
  37    0.0000003  -0.00000506
  38    0.0001280  -0.00026195
  39    0.0003671  -0.00089502
  40    0.0007160  -0.00218732
  41    0.0000006  -0.00001226
  42    0.0000002  -0.00000190
  43    0.0000943  -0.00024183
  44    0.0002727  -0.00064887
  45    0.0005479  -0.00345296
  46    0.0000005  -0.00003583
  47    0.0000001  -0.00000147
  48    0.0000690  -0.00015844
  49    0.0002316  -0.00059728
  50    0.0004228  -0.00113244
  51    0.0000004  -0.00000930
  52    0.0000001  -0.00000125
  53    0.0000582  -0.00013500
  54    0.0002221  -0.00060222
  55    0.0003230  -0.00087271
  56    0.0000004  -0.00001384
  57    0.0000001  -0.00000126
  58    0.0000492  -0.00011571
  59    0.0001665  -0.00042128
  60    0.0001783  -0.00051491
  61    0.0000004  -0.00000724
  62    0.0000001  -0.00000107
  63    0.0000388  -0.00009779
  64    0.0001280  -0.00039233
  65    0.0001671  -0.00048347
  66    0.0000004  -0.00000724
  67    0.0000001  -0.00000088
  68    0.0000185  -0.00005504
  69    0.0000607  -0.00017991
  70    0.0001628  -0.00046632
  71    0.0000003  -0.00000687
  72    0.0000001  -0.00000078
  73    0.0000164  -0.00005664
  74    0.0000527  -0.00014800
  75    0.0001615  -0.00046470
  76    0.0000003  -0.00000682
  77    0.0000001  -0.00000068
  78    0.0000149  -0.00004666
  79    0.0000499  -0.00013842
  80    0.0000585  -0.00019065
  81    0.0000003  -0.00000578
  82    0.0000000  -0.00000078
  83    0.0000134  -0.00004618
  84    0.0000335  -0.00011245
  85    0.0000474  -0.00016048
  86    0.0000003  -0.00000539
  87    0.0000000  -0.00000062
  88    0.0000119  -0.00004984
  89    0.0000298  -0.00009361
  90    0.0000253  -0.00014236
  91    0.0000003  -0.00000564
  92    0.0000000  -0.00000047
  93    0.0000110  -0.00004770
  94    0.0000189  -0.00008105
  95    0.0000199  -0.00008408
  96    0.0000003  -0.00000407
  97    0.0000000  -0.00000034
  98    0.0000103  -0.00004215
  99    0.0000179  -0.00007622
 100    0.0000180  -0.00008156
 101    0.0000002  -0.00000395
 102    0.0000000  -0.00000011
 103    0.0000095  -0.00004099
 104    0.0000164  -0.00007000
 105    0.0000161  -0.00006985
 106    0.0000002  -0.00000315
 107    0.0000000  -0.00000017
 108    0.0000089  -0.00003901
 109    0.0000128  -0.00005442
 110    0.0000137  -0.00005925
 111    0.0000002  -0.00000273
 112    0.0000000  -0.00000010
 
----------------
 Final Energies 
----------------
Final NOF Total Energy =     -79.2990971
 
Total Orbital Internal Iterations = 370
Total Occupation Internal Iterations = 11
 
Elapsed time:  149.32 Seconds

---------------------------------
   Lowdin Population Analysis    
---------------------------------
 Idx  Atom   Population   Charge 
---------------------------------
  1     B     5.176      -0.176
  2     N     6.824       0.176

---------------------------------
   M Diagnostic: 0.04
---------------------------------

