W4-11-p4
/software/eb2024/easybuild/software/common/software/Julia/1.11.3-linux-x86_64/bin/julia
Job runing on nh043
Choosing scratch ...
Automatic scratch folder selection
/scratch/pobleyef/284401
/scratch/pobleyef/284401 directory
cp W4-11-p4.jl W4-11-p4.jld2 to  /scratch/pobleyef/284401/.
Computing Integrals
Basis Set                                            = def2-qzvp
Auxiliary Basis Set                                  = def2-universal-jkfit
Gaussian Type                                        = Spherical
Elapsed time:    4.81 Seconds

Number of basis functions                   (NBF)    = 280
Number of auxiliary basis functions         (NBFAUX) = 512
Inactive Doubly occupied orbitals up to     (NO1)    = 0
No. considered Strongly Doubly occupied MOs (NDOC)   = 30
No. considered Strongly Singly occupied MOs (NSOC)   = 0
NO. of Weakly occ. per St. Doubly occ.  MOs (NCWO)   = 8
Dimension of the Nat. Orb. subspace         (NBF5)   = 270
No. of electrons                                     = 60
    No. of alpha electrons                           = 30
    No. of beta electrons                            = 30
Multiplicity                                         = 1

Geometry
========
 P       0.7773750       0.7773750       0.7773750
 P      -0.7773750      -0.7773750       0.7773750
 P      -0.7773750       0.7773750      -0.7773750
 P       0.7773750      -0.7773750      -0.7773750

No violations of the orthonormality
No violations of the orthonormality
 
PNOF8/ADABelief Calculation
==================
 
  Nitext  Nit_orb  Time   Nit_occ  Time         Eelec          Etot           Ediff      maxdiff    MaxGrad_orb  Grad_occ
     1      10    3.1e+01   52    4.3e+01 -1688.83903211 -1363.93249644 -11687.83903211   0.021677   8.7e-02   1.8e-04 0.03
     2      20    8.0e+00   21    2.8e+00 -1689.34059851 -1364.43406283    -0.50156640   0.632795   2.5e+00   3.1e-04 0.03
     3      20    7.7e+00   30    4.0e+00 -1689.50183723 -1364.59530155    -0.16123872   0.765056   3.1e+00   2.1e-04 0.03
     4      20    7.7e+00   13    1.9e+00 -1689.52817748 -1364.62164180    -0.02634025   0.085167   3.4e-01   2.9e-04 0.03
     5      20    7.6e+00    0    4.1e-01 -1689.53229047 -1364.62575480    -0.00411299   0.085167   3.4e-01   2.9e-04 0.03
     6      40    1.5e+01   12    1.9e+00 -1689.60054800 -1364.69401232    -0.06825753   0.042470   1.7e-01   2.5e-04 0.03
     7      40    1.5e+01   19    2.7e+00 -1689.61045633 -1364.70392065    -0.00990833   0.011323   4.5e-02   3.0e-04 0.03
     8      40    1.5e+01   16    2.4e+00 -1689.61561258 -1364.70907690    -0.00515625   0.086155   3.4e-01   3.0e-04 0.03
     9      40    1.4e+01   22    3.0e+00 -1689.61986305 -1364.71332737    -0.00425047   0.011650   4.7e-02   2.3e-04 0.03
    10      40    1.4e+01   25    3.3e+00 -1689.62243954 -1364.71590387    -0.00257649   0.008742   3.5e-02   2.7e-04 0.03
    11      40    1.4e+01    9    1.5e+00 -1689.62471938 -1364.71818370    -0.00227984   0.008609   3.4e-02   3.1e-04 0.03
    12      40    1.5e+01   15    2.2e+00 -1689.62656169 -1364.72002602    -0.00184231   0.008362   3.3e-02   3.1e-04 0.03
    13      40    1.4e+01   14    2.1e+00 -1689.62834954 -1364.72181387    -0.00178785   0.009235   3.7e-02   2.6e-04 0.03
    14      40    1.4e+01    7    1.2e+00 -1689.62985074 -1364.72331506    -0.00150119   0.010293   4.1e-02   3.2e-04 0.03
    15      40    1.5e+01   13    1.9e+00 -1689.63123690 -1364.72470122    -0.00138616   0.010898   4.4e-02   2.6e-04 0.03
    16      40    1.5e+01   13    1.9e+00 -1689.63274655 -1364.72621088    -0.00150965   0.011572   4.6e-02   2.6e-04 0.03
    17      40    1.4e+01   13    1.9e+00 -1689.63487806 -1364.72834238    -0.00213151   0.009450   3.8e-02   2.7e-04 0.03
    18      40    1.4e+01   13    2.0e+00 -1689.63692824 -1364.73039256    -0.00205018   0.010048   4.0e-02   2.3e-04 0.03
    19      40    1.5e+01   13    1.9e+00 -1689.63920050 -1364.73266483    -0.00227227   0.010864   4.3e-02   2.7e-04 0.03
    20      40    1.5e+01   11    1.7e+00 -1689.64135826 -1364.73482259    -0.00215776   0.009756   3.9e-02   2.9e-04 0.03
    21      40    1.4e+01   20    2.8e+00 -1689.64311858 -1364.73658291    -0.00176032   0.011504   4.6e-02   2.1e-04 0.03
    22      40    1.4e+01   10    1.6e+00 -1689.64502194 -1364.73848626    -0.00190335   0.008777   3.5e-02   3.0e-04 0.03
    23      40    1.4e+01   14    2.0e+00 -1689.64671923 -1364.74018356    -0.00169729   0.009121   3.6e-02   2.8e-04 0.03
    24      40    1.4e+01    8    1.3e+00 -1689.64864461 -1364.74210894    -0.00192538   0.008615   3.4e-02   3.4e-04 0.03
    25      40    1.4e+01    8    1.4e+00 -1689.64995447 -1364.74341880    -0.00130986   0.009128   3.7e-02   3.6e-04 0.03
    26      40    1.4e+01    8    1.4e+00 -1689.65118480 -1364.74464912    -0.00123032   0.010354   4.1e-02   3.3e-04 0.03
    27      40    1.4e+01    8    1.4e+00 -1689.65214694 -1364.74561126    -0.00096214   0.010554   4.2e-02   3.0e-04 0.03
    28      40    1.4e+01    8    1.4e+00 -1689.65277656 -1364.74624089    -0.00062962   0.010496   4.2e-02   2.9e-04 0.03
    29      40    1.5e+01    8    1.4e+00 -1689.65329304 -1364.74675737    -0.00051648   0.010150   4.1e-02   3.0e-04 0.03
    30      40    1.4e+01    4    8.4e-01 -1689.65363609 -1364.74710041    -0.00034305   0.014227   5.7e-02   2.8e-04 0.03
    31      40    1.5e+01    8    1.4e+00 -1689.65393775 -1364.74740208    -0.00030167   0.010969   4.4e-02   3.1e-04 0.03
    32      40    1.4e+01   12    1.9e+00 -1689.65421682 -1364.74768114    -0.00027906   0.013002   5.2e-02   2.6e-04 0.03
    33      40    1.5e+01   12    1.8e+00 -1689.65461020 -1364.74807452    -0.00039338   0.010349   4.1e-02   2.3e-04 0.03
    34      40    1.4e+01    8    1.4e+00 -1689.65481884 -1364.74828317    -0.00020864   0.009809   3.9e-02   2.5e-04 0.03
    35      40    1.4e+01    8    1.4e+00 -1689.65514901 -1364.74861334    -0.00033017   0.049052   2.0e-01   2.7e-04 0.03
    36      40    1.4e+01   12    1.9e+00 -1689.65566868 -1364.74913301    -0.00051967   0.010552   4.2e-02   2.4e-04 0.03
    37      40    1.5e+01   12    1.9e+00 -1689.65622096 -1364.74968528    -0.00055228   0.009414   3.8e-02   2.2e-04 0.03
    38      40    1.4e+01    6    1.2e+00 -1689.65701215 -1364.75047647    -0.00079119   0.009211   3.7e-02   3.2e-04 0.03
    39      40    1.4e+01    4    9.3e-01 -1689.65737452 -1364.75083884    -0.00036237   0.009396   3.8e-02   3.3e-04 0.03
    40      40    1.4e+01    8    1.4e+00 -1689.65766442 -1364.75112875    -0.00028991   0.010675   4.3e-02   2.7e-04 0.03
 
RESULTS OF THE OCCUPATION OPTIMIZATION
========================================
   1    1.9999990  -80.02767767
   2    1.9999990  -80.02760041
   3    1.9999990  -80.02751375
   4    1.9999990  -80.02742179
   5    1.9996129  -7.53695027
   6    1.9995398  -7.53615720
   7    1.9994947  -7.53612618
   8    1.9994999  -7.53572094
   9    1.9979355  -5.43094410
  10    1.9975829  -5.43017218
  11    1.9979216  -5.43004394
  12    1.9979336  -5.43004204
  13    1.9977106  -5.43002529
  14    1.9978765  -5.43001576
  15    1.9977276  -5.42977402
  16    1.9977913  -5.42977123
  17    1.9973660  -5.42915793
  18    1.9974715  -5.42900432
  19    1.9970984  -5.42866854
  20    1.9972210  -5.42856466
  21    1.9813302  -1.00421599
  22    1.9801284  -0.71032432
  23    1.9798110  -0.70622137
  24    1.9799474  -0.70440007
  25    1.9686234  -0.43271073
  26    1.9680303  -0.43157990
  27    1.9659938  -0.43070490
  28    1.9671553  -0.42722261
  29    1.9668390  -0.42698132
  30    1.9667873  -0.42670912
  31    0.0232854  -0.03736004
  32    0.0234567  -0.03745353
  33    0.0229989  -0.03730373
  34    0.0201293  -0.03505578
  35    0.0228009  -0.03744027
  36    0.0193759  -0.03532170
  37    0.0050777  -0.02478253
  38    0.0054292  -0.02500709
  39    0.0060040  -0.02728670
  40    0.0049251  -0.02549449
  41    0.0013753  -0.01134608
  42    0.0023473  -0.02003124
  43    0.0014155  -0.01058636
  44    0.0013417  -0.00976072
  45    0.0014725  -0.01253325
  46    0.0015163  -0.01351781
  47    0.0015070  -0.01360510
  48    0.0013672  -0.00972677
  49    0.0014762  -0.01201439
  50    0.0015305  -0.01374137
  51    0.0016149  -0.01121043
  52    0.0015241  -0.01370566
  53    0.0003949  -0.00433036
  54    0.0004256  -0.00533307
  55    0.0003487  -0.00341475
  56    0.0002232  -0.00208772
  57    0.0000007  -0.00001411
  58    0.0000007  -0.00001158
  59    0.0000007  -0.00001080
  60    0.0000007  -0.00001281
  61    0.0080440  -0.01268651
  62    0.0080602  -0.01271403
  63    0.0077609  -0.01255801
  64    0.0067579  -0.01146465
  65    0.0057671  -0.01035140
  66    0.0049695  -0.00996996
  67    0.0043714  -0.01941385
  68    0.0042144  -0.01879337
  69    0.0041784  -0.01878769
  70    0.0038680  -0.01888275
  71    0.0012016  -0.00902088
  72    0.0003315  -0.00289203
  73    0.0009649  -0.00812108
  74    0.0010504  -0.00809277
  75    0.0004652  -0.00584603
  76    0.0005473  -0.00772935
  77    0.0004950  -0.00715979
  78    0.0006014  -0.00720620
  79    0.0004794  -0.00629830
  80    0.0003736  -0.00378929
  81    0.0005298  -0.00882146
  82    0.0003676  -0.00352720
  83    0.0000573  -0.00106466
  84    0.0000407  -0.00027257
  85    0.0000525  -0.00047412
  86    0.0001006  -0.00140319
  87    0.0000002  -0.00000600
  88    0.0000003  -0.00000643
  89    0.0000003  -0.00000628
  90    0.0000003  -0.00000678
  91    0.0006439  -0.00135143
  92    0.0005756  -0.00115088
  93    0.0009093  -0.00216374
  94    0.0050532  -0.00908789
  95    0.0011158  -0.00272547
  96    0.0043061  -0.00918428
  97    0.0042722  -0.01941144
  98    0.0032973  -0.01184873
  99    0.0029499  -0.01144309
 100    0.0026688  -0.01115932
 101    0.0001092  -0.00164721
 102    0.0001442  -0.00132931
 103    0.0000778  -0.00175196
 104    0.0001360  -0.00155112
 105    0.0001120  -0.00168078
 106    0.0001202  -0.00150085
 107    0.0000628  -0.00068249
 108    0.0002152  -0.00211963
 109    0.0000442  -0.00028240
 110    0.0000705  -0.00130349
 111    0.0001859  -0.00199362
 112    0.0000884  -0.00205192
 113    0.0000272  -0.00018152
 114    0.0000099  -0.00039688
 115    0.0000233  -0.00066863
 116    0.0000230  -0.00022834
 117    0.0000000  -0.00000176
 118    0.0000000  -0.00000133
 119    0.0000000  -0.00000168
 120    0.0000000  -0.00000113
 121    0.0005162  -0.00106062
 122    0.0004854  -0.00101781
 123    0.0004708  -0.00101963
 124    0.0009668  -0.00233297
 125    0.0007062  -0.00135205
 126    0.0010003  -0.00256331
 127    0.0027608  -0.01092672
 128    0.0028444  -0.01092750
 129    0.0028464  -0.01105605
 130    0.0026341  -0.01119815
 131    0.0000513  -0.00046378
 132    0.0000330  -0.00020050
 133    0.0000270  -0.00017864
 134    0.0000546  -0.00059695
 135    0.0000981  -0.00107333
 136    0.0000309  -0.00019302
 137    0.0000276  -0.00018390
 138    0.0000331  -0.00019914
 139    0.0000213  -0.00030693
 140    0.0000578  -0.00074770
 141    0.0000349  -0.00022547
 142    0.0000325  -0.00020269
 143    0.0000056  -0.00004599
 144    0.0000087  -0.00006294
 145    0.0000156  -0.00037994
 146    0.0000202  -0.00054626
 147    0.0000000  -0.00000088
 148    0.0000000  -0.00000066
 149    0.0000000  -0.00000091
 150    0.0000000  -0.00000092
 151    0.0003023  -0.00066682
 152    0.0002843  -0.00062692
 153    0.0002628  -0.00060584
 154    0.0004488  -0.00099904
 155    0.0005870  -0.00132939
 156    0.0009335  -0.00254580
 157    0.0026936  -0.01097694
 158    0.0028228  -0.01104012
 159    0.0028438  -0.01108387
 160    0.0026163  -0.01108431
 161    0.0000115  -0.00007835
 162    0.0000157  -0.00019771
 163    0.0000186  -0.00016768
 164    0.0000204  -0.00037350
 165    0.0000216  -0.00016088
 166    0.0000255  -0.00015949
 167    0.0000133  -0.00008497
 168    0.0000293  -0.00018769
 169    0.0000179  -0.00013027
 170    0.0000207  -0.00025973
 171    0.0000204  -0.00016552
 172    0.0000248  -0.00016683
 173    0.0000053  -0.00003987
 174    0.0000068  -0.00010721
 175    0.0000072  -0.00017473
 176    0.0000083  -0.00005661
 177    0.0000000  -0.00000080
 178    0.0000000  -0.00000067
 179    0.0000000  -0.00000070
 180    0.0000000  -0.00000057
 181    0.0002015  -0.00049739
 182    0.0001100  -0.00032359
 183    0.0002390  -0.00054782
 184    0.0002453  -0.00056179
 185    0.0004170  -0.00095627
 186    0.0004661  -0.00107027
 187    0.0005964  -0.00238861
 188    0.0010967  -0.00434696
 189    0.0008579  -0.00327214
 190    0.0016573  -0.00785012
 191    0.0000111  -0.00008068
 192    0.0000151  -0.00031454
 193    0.0000118  -0.00007765
 194    0.0000129  -0.00009824
 195    0.0000165  -0.00013709
 196    0.0000127  -0.00008045
 197    0.0000080  -0.00006107
 198    0.0000211  -0.00040341
 199    0.0000119  -0.00007929
 200    0.0000124  -0.00008375
 201    0.0000146  -0.00021211
 202    0.0000142  -0.00010324
 203    0.0000038  -0.00046728
 204    0.0000063  -0.00005186
 205    0.0000071  -0.00017900
 206    0.0000042  -0.00007738
 207    0.0000000  -0.00000062
 208    0.0000000  -0.00000038
 209    0.0000000  -0.00000049
 210    0.0000000  -0.00000047
 211    0.0001180  -0.00033833
 212    0.0000949  -0.00027435
 213    0.0001212  -0.00035671
 214    0.0002288  -0.00054714
 215    0.0003667  -0.00085538
 216    0.0002246  -0.00056071
 217    0.0001750  -0.00055920
 218    0.0003076  -0.00104524
 219    0.0001006  -0.00038389
 220    0.0001598  -0.00053752
 221    0.0000100  -0.00006956
 222    0.0000096  -0.00006525
 223    0.0000081  -0.00006434
 224    0.0000094  -0.00006932
 225    0.0000121  -0.00007835
 226    0.0000117  -0.00007637
 227    0.0000055  -0.00003863
 228    0.0000120  -0.00007923
 229    0.0000093  -0.00008598
 230    0.0000079  -0.00009016
 231    0.0000103  -0.00008015
 232    0.0000074  -0.00020869
 233    0.0000034  -0.00015716
 234    0.0000043  -0.00027028
 235    0.0000034  -0.00021866
 236    0.0000039  -0.00024102
 237    0.0000000  -0.00000051
 238    0.0000000  -0.00000031
 239    0.0000000  -0.00000038
 240    0.0000000  -0.00000034
 241    0.0001014  -0.00029387
 242    0.0000940  -0.00027745
 243    0.0000817  -0.00021843
 244    0.0001759  -0.00043588
 245    0.0002090  -0.00050695
 246    0.0001007  -0.00030432
 247    0.0001056  -0.00040579
 248    0.0001766  -0.00057906
 249    0.0000906  -0.00035350
 250    0.0001405  -0.00048811
 251    0.0000090  -0.00006249
 252    0.0000051  -0.00004054
 253    0.0000048  -0.00006062
 254    0.0000087  -0.00006106
 255    0.0000107  -0.00007024
 256    0.0000077  -0.00012352
 257    0.0000044  -0.00018156
 258    0.0000101  -0.00006757
 259    0.0000063  -0.00004505
 260    0.0000048  -0.00009587
 261    0.0000063  -0.00007300
 262    0.0000055  -0.00004058
 263    0.0000026  -0.00002858
 264    0.0000030  -0.00005311
 265    0.0000026  -0.00007223
 266    0.0000035  -0.00021828
 267    0.0000000  -0.00000039
 268    0.0000000  -0.00000022
 269    0.0000000  -0.00000023
 270    0.0000000  -0.00000031
 
----------------
 Final Energies 
----------------
Final NOF Total Energy =   -1364.7511287
 
Total Orbital Internal Iterations = 1490
Total Occupation Internal Iterations = 517
 
Elapsed time:  743.10 Seconds

---------------------------------
   Lowdin Population Analysis    
---------------------------------
 Idx  Atom   Population   Charge 
---------------------------------
  1     P    15.000      -0.000
  2     P    14.998       0.002
  3     P    15.002      -0.002
  4     P    15.000       0.000

---------------------------------
   M Diagnostic: 0.03
---------------------------------

Recovering execution output...
Moving from /scratch/pobleyef/284401 to /home-nas/pobleyef/Poison-NOF/ncwomax/P30-5/GNOFa/arina.284401
mkdir -p /home-nas/pobleyef/Poison-NOF/ncwomax/P30-5/GNOFa/arina.284401
mv /scratch/pobleyef/284401/* /home-nas/pobleyef/Poison-NOF/ncwomax/P30-5/GNOFa/arina.284401
