W4-11-alf3
/software/eb2024/easybuild/software/common/software/Julia/1.11.3-linux-x86_64/bin/julia
Job runing on nh010
Choosing scratch ...
Automatic scratch folder selection
/scratch/pobleyef/284381
/scratch/pobleyef/284381 directory
cp W4-11-alf3.jl W4-11-alf3.jld2 to  /scratch/pobleyef/284381/.
Computing Integrals
Basis Set                                            = def2-qzvp
Auxiliary Basis Set                                  = def2-universal-jkfit
Gaussian Type                                        = Spherical
Elapsed time:    4.51 Seconds

Number of basis functions                   (NBF)    = 241
Number of auxiliary basis functions         (NBFAUX) = 359
Inactive Doubly occupied orbitals up to     (NO1)    = 0
No. considered Strongly Doubly occupied MOs (NDOC)   = 20
No. considered Strongly Singly occupied MOs (NSOC)   = 0
NO. of Weakly occ. per St. Doubly occ.  MOs (NCWO)   = 11
Dimension of the Nat. Orb. subspace         (NBF5)   = 240
No. of electrons                                     = 40
    No. of alpha electrons                           = 20
    No. of beta electrons                            = 20
Multiplicity                                         = 1

Geometry
========
Al       0.0000000       0.0000000       0.0000000
 F       0.0000000       1.6317660       0.0000000
 F       1.4131500      -0.8158830       0.0000000
 F      -1.4131500      -0.8158830       0.0000000

No violations of the orthonormality
No violations of the orthonormality
 
PNOF8/ADABelief Calculation
==================
 
  Nitext  Nit_orb  Time   Nit_occ  Time         Eelec          Etot           Ediff      maxdiff    MaxGrad_orb  Grad_occ
     1      10    3.1e+01   72    4.2e+01  -700.61392577  -541.28823242 -10699.61392577   0.024253   9.7e-02   2.8e-04 0.02
     2      20    4.6e+00   53    5.3e+00  -700.96359428  -541.63790093    -0.34966851   0.253991   1.0e+00   2.3e-04 0.02
     3      20    4.5e+00   31    3.2e+00  -701.05664860  -541.73095524    -0.09305431   0.293524   1.2e+00   2.8e-04 0.02
     4      20    4.4e+00   32    3.3e+00  -701.08406339  -541.75837004    -0.02741480   0.046080   1.8e-01   2.7e-04 0.02
     5      20    4.4e+00   19    2.1e+00  -701.09636404  -541.77067069    -0.01230065   0.030702   1.2e-01   2.5e-04 0.02
     6      20    4.4e+00   17    1.8e+00  -701.10898042  -541.78328707    -0.01261638   0.038021   1.5e-01   2.7e-04 0.02
     7      20    4.5e+00   14    1.6e+00  -701.11221952  -541.78652617    -0.00323910   0.029254   1.2e-01   3.0e-04 0.02
     8      20    4.6e+00   13    1.5e+00  -701.12091323  -541.79521988    -0.00869371   0.049997   2.0e-01   2.4e-04 0.02
     9      20    4.4e+00   16    1.8e+00  -701.12598950  -541.80029615    -0.00507627   0.027734   1.1e-01   1.6e-04 0.02
    10      20    4.5e+00   13    1.5e+00  -701.12743285  -541.80173950    -0.00144335   0.030150   1.2e-01   2.3e-04 0.02
    11      20    4.4e+00   12    1.4e+00  -701.13022805  -541.80453470    -0.00279520   0.028430   1.1e-01   2.3e-04 0.02
    12      20    4.4e+00    0    1.8e-01  -701.13038070  -541.80468735    -0.00015265   0.028430   1.1e-01   2.3e-04 0.02
    13      40    9.3e+00   12    1.4e+00  -701.15005750  -541.82436415    -0.01967680   0.005096   2.0e-02   1.9e-04 0.02
    14      40    9.2e+00   12    1.4e+00  -701.15045148  -541.82475812    -0.00039398   0.006563   2.6e-02   2.1e-04 0.02
    15      40    9.0e+00    9    1.1e+00  -701.15100439  -541.82531103    -0.00055291   0.005513   2.2e-02   2.8e-04 0.02
    16      40    8.9e+00    7    9.6e-01  -701.15132900  -541.82563564    -0.00032461   0.005495   2.2e-02   3.2e-04 0.02
    17      40    9.2e+00   12    1.5e+00  -701.15159381  -541.82590046    -0.00026482   0.004380   1.8e-02   2.6e-04 0.02
    18      40    9.2e+00    4    6.4e-01  -701.15180847  -541.82611512    -0.00021466   0.005266   2.1e-02   1.8e-04 0.02
    19      40    8.8e+00    4    5.6e-01  -701.15194737  -541.82625402    -0.00013889   0.005228   2.1e-02   2.2e-04 0.02
    20      40    8.7e+00    8    1.0e+00  -701.15207494  -541.82638158    -0.00012757   0.004421   1.8e-02   2.2e-04 0.02
    21      40    8.9e+00    3    4.8e-01  -701.15218032  -541.82648697    -0.00010539   0.004649   1.9e-02   2.0e-04 0.02
    22      40    8.9e+00    4    7.1e-01  -701.15224750  -541.82655415    -0.00006718   0.004502   1.8e-02   2.2e-04 0.02
    23      40    8.9e+00    0    2.5e-01  -701.15229117  -541.82659782    -0.00004367   0.004467   1.8e-02   2.4e-04 0.02
    24      50    1.1e+01    0    2.5e-01  -701.15250857  -541.82681521    -0.00021740   0.003398   1.4e-02   2.7e-04 0.02
    25      60    1.4e+01    6    8.7e-01  -701.15258049  -541.82688714    -0.00007192   0.003508   1.4e-02   2.2e-04 0.02
    26      60    1.3e+01    0    2.5e-01  -701.15263992  -541.82694656    -0.00005943   0.003534   1.4e-02   2.6e-04 0.02
    27      70    1.6e+01    3    5.4e-01  -701.15270893  -541.82701557    -0.00006901   0.002637   1.1e-02   3.2e-04 0.02
    28      70    1.5e+01    0    1.7e-01  -701.15271572  -541.82702237    -0.00000680   0.002637   1.1e-02   3.2e-04 0.02
    29      70    1.5e+01    1    3.2e-01  -701.15281836  -541.82712500    -0.00010263   0.000498   2.0e-03   2.4e-04 0.02
 
RESULTS OF THE OCCUPATION OPTIMIZATION
========================================
   1    1.9999980  -58.60247368
   2    1.9999899  -26.32879657
   3    1.9999899  -26.32876956
   4    1.9999887  -26.32863535
   5    1.9982977  -4.97489247
   6    1.9954851  -3.29417289
   7    1.9963694  -3.28899695
   8    1.9939166  -3.26320233
   9    1.9874311  -1.57545134
  10    1.9870104  -1.56655566
  11    1.9860541  -1.56652985
  12    1.9779295  -0.80981532
  13    1.9772475  -0.80501586
  14    1.9763753  -0.79877155
  15    1.9783826  -0.70760566
  16    1.9778457  -0.70161749
  17    1.9766868  -0.70070708
  18    1.9778865  -0.70038940
  19    1.9762038  -0.69976793
  20    1.9763664  -0.69949032
  21    0.0106320  -0.02113841
  22    0.0141464  -0.02499168
  23    0.0116149  -0.02189479
  24    0.0136721  -0.02457011
  25    0.0115008  -0.02182063
  26    0.0144275  -0.02525809
  27    0.0189203  -0.03798404
  28    0.0186879  -0.03765202
  29    0.0185618  -0.03778006
  30    0.0071287  -0.02228577
  31    0.0072748  -0.02218774
  32    0.0074423  -0.02249505
  33    0.0038428  -0.01970181
  34    0.0028830  -0.01493142
  35    0.0034501  -0.02358272
  36    0.0014584  -0.00825623
  37    0.0000077  -0.00028757
  38    0.0000081  -0.00027160
  39    0.0000082  -0.00029318
  40    0.0000017  -0.00002966
  41    0.0041530  -0.01045004
  42    0.0043233  -0.00995622
  43    0.0043978  -0.01067284
  44    0.0044690  -0.01107715
  45    0.0042840  -0.01007526
  46    0.0044802  -0.01067856
  47    0.0034930  -0.00922036
  48    0.0025515  -0.00800027
  49    0.0023183  -0.00752935
  50    0.0031607  -0.00932158
  51    0.0029397  -0.00916091
  52    0.0029205  -0.01139691
  53    0.0017314  -0.00871490
  54    0.0004364  -0.00583651
  55    0.0005030  -0.00571979
  56    0.0001506  -0.00280934
  57    0.0000012  -0.00001658
  58    0.0000003  -0.00004075
  59    0.0000004  -0.00005210
  60    0.0000000  -0.00000043
  61    0.0040295  -0.00975411
  62    0.0042428  -0.00983584
  63    0.0042856  -0.00996500
  64    0.0041148  -0.00980027
  65    0.0042176  -0.00993387
  66    0.0009520  -0.00357223
  67    0.0002953  -0.00112655
  68    0.0007923  -0.00312834
  69    0.0006658  -0.00268475
  70    0.0024825  -0.00953321
  71    0.0009677  -0.00533456
  72    0.0008864  -0.00357588
  73    0.0003566  -0.00502628
  74    0.0001473  -0.00085324
  75    0.0003794  -0.00434732
  76    0.0000265  -0.00047810
  77    0.0000004  -0.00002250
  78    0.0000003  -0.00001414
  79    0.0000003  -0.00000599
  80    0.0000000  -0.00000030
  81    0.0037640  -0.00937207
  82    0.0003444  -0.00123517
  83    0.0009617  -0.00346594
  84    0.0003776  -0.00134903
  85    0.0009374  -0.00340677
  86    0.0007239  -0.00288779
  87    0.0002841  -0.00108794
  88    0.0002701  -0.00104592
  89    0.0002755  -0.00104562
  90    0.0004029  -0.00188138
  91    0.0005636  -0.00446305
  92    0.0003356  -0.00132376
  93    0.0000539  -0.00110415
  94    0.0000756  -0.00154771
  95    0.0000919  -0.00074174
  96    0.0000124  -0.00013527
  97    0.0000004  -0.00004579
  98    0.0000003  -0.00000493
  99    0.0000002  -0.00000382
 100    0.0000000  -0.00000020
 101    0.0003928  -0.00139105
 102    0.0002876  -0.00106974
 103    0.0003517  -0.00135355
 104    0.0002874  -0.00107522
 105    0.0004049  -0.00141984
 106    0.0003828  -0.00137235
 107    0.0002689  -0.00104257
 108    0.0002696  -0.00104813
 109    0.0001106  -0.00048765
 110    0.0003177  -0.00129571
 111    0.0003374  -0.00138135
 112    0.0003335  -0.00131903
 113    0.0000379  -0.00099714
 114    0.0000206  -0.00025562
 115    0.0000165  -0.00016723
 116    0.0000118  -0.00012863
 117    0.0000003  -0.00000884
 118    0.0000003  -0.00000423
 119    0.0000002  -0.00000413
 120    0.0000000  -0.00000018
 121    0.0002904  -0.00102236
 122    0.0002842  -0.00106041
 123    0.0002927  -0.00108478
 124    0.0002864  -0.00107575
 125    0.0003727  -0.00145693
 126    0.0002920  -0.00107476
 127    0.0002610  -0.00102543
 128    0.0000692  -0.00023097
 129    0.0000415  -0.00019939
 130    0.0002487  -0.00108331
 131    0.0003281  -0.00129427
 132    0.0002603  -0.00107867
 133    0.0000131  -0.00012845
 134    0.0000177  -0.00041289
 135    0.0000154  -0.00015935
 136    0.0000112  -0.00012284
 137    0.0000003  -0.00000490
 138    0.0000002  -0.00000380
 139    0.0000002  -0.00000328
 140    0.0000000  -0.00000018
 141    0.0002573  -0.00098443
 142    0.0000720  -0.00026724
 143    0.0000928  -0.00032356
 144    0.0000393  -0.00016388
 145    0.0002584  -0.00095801
 146    0.0002882  -0.00106474
 147    0.0000383  -0.00015093
 148    0.0000466  -0.00019713
 149    0.0000299  -0.00013366
 150    0.0000792  -0.00036474
 151    0.0002621  -0.00108964
 152    0.0002557  -0.00106922
 153    0.0000128  -0.00012736
 154    0.0000123  -0.00012722
 155    0.0000123  -0.00012680
 156    0.0000080  -0.00008188
 157    0.0000003  -0.00000431
 158    0.0000002  -0.00000253
 159    0.0000001  -0.00000167
 160    0.0000000  -0.00000017
 161    0.0000469  -0.00019152
 162    0.0000425  -0.00017163
 163    0.0000529  -0.00022663
 164    0.0000190  -0.00012259
 165    0.0001286  -0.00054908
 166    0.0000204  -0.00013678
 167    0.0000170  -0.00012922
 168    0.0000169  -0.00012342
 169    0.0000171  -0.00011913
 170    0.0000704  -0.00037096
 171    0.0002555  -0.00109048
 172    0.0000659  -0.00067404
 173    0.0000118  -0.00012049
 174    0.0000123  -0.00013035
 175    0.0000123  -0.00012832
 176    0.0000072  -0.00007110
 177    0.0000002  -0.00000396
 178    0.0000001  -0.00000210
 179    0.0000001  -0.00000150
 180    0.0000000  -0.00000015
 181    0.0000275  -0.00010398
 182    0.0000201  -0.00015035
 183    0.0000240  -0.00012873
 184    0.0000165  -0.00011859
 185    0.0000175  -0.00011883
 186    0.0000171  -0.00012323
 187    0.0000159  -0.00011375
 188    0.0000166  -0.00012267
 189    0.0000169  -0.00012071
 190    0.0000201  -0.00016549
 191    0.0000218  -0.00017213
 192    0.0000258  -0.00018492
 193    0.0000085  -0.00008194
 194    0.0000105  -0.00014036
 195    0.0000118  -0.00012201
 196    0.0000065  -0.00010681
 197    0.0000002  -0.00000299
 198    0.0000001  -0.00000177
 199    0.0000001  -0.00000139
 200    0.0000000  -0.00000003
 201    0.0000209  -0.00010718
 202    0.0000166  -0.00012057
 203    0.0000216  -0.00013854
 204    0.0000157  -0.00011291
 205    0.0000165  -0.00011629
 206    0.0000168  -0.00012268
 207    0.0000156  -0.00011220
 208    0.0000160  -0.00011776
 209    0.0000167  -0.00011693
 210    0.0000179  -0.00014103
 211    0.0000201  -0.00015658
 212    0.0000228  -0.00017607
 213    0.0000076  -0.00007337
 214    0.0000094  -0.00012928
 215    0.0000113  -0.00011890
 216    0.0000060  -0.00037257
 217    0.0000002  -0.00000240
 218    0.0000001  -0.00000091
 219    0.0000001  -0.00000115
 220    0.0000000  -0.00000002
 221    0.0000194  -0.00008218
 222    0.0000164  -0.00011430
 223    0.0000180  -0.00012581
 224    0.0000154  -0.00011288
 225    0.0000158  -0.00011458
 226    0.0000164  -0.00012079
 227    0.0000154  -0.00010923
 228    0.0000158  -0.00011609
 229    0.0000164  -0.00011759
 230    0.0000173  -0.00013834
 231    0.0000189  -0.00014763
 232    0.0000200  -0.00017085
 233    0.0000071  -0.00006270
 234    0.0000054  -0.00012789
 235    0.0000109  -0.00011679
 236    0.0000037  -0.00003401
 237    0.0000001  -0.00000107
 238    0.0000001  -0.00000083
 239    0.0000001  -0.00000069
 240    0.0000000  -0.00000002
 
----------------
 Final Energies 
----------------
Final NOF Total Energy =    -541.8271250
 
Total Orbital Internal Iterations = 1050
Total Occupation Internal Iterations = 377
 
Elapsed time:  377.30 Seconds

---------------------------------
   Lowdin Population Analysis    
---------------------------------
 Idx  Atom   Population   Charge 
---------------------------------
  1    Al    13.792      -0.792
  2     F     8.736       0.264
  3     F     8.736       0.264
  4     F     8.736       0.264

---------------------------------
   M Diagnostic: 0.02
---------------------------------

Recovering execution output...
Moving from /scratch/pobleyef/284381 to /home-nas/pobleyef/Poison-NOF/ncwomax/P30-5/GNOFa/arina.284381
mkdir -p /home-nas/pobleyef/Poison-NOF/ncwomax/P30-5/GNOFa/arina.284381
mv /scratch/pobleyef/284381/* /home-nas/pobleyef/Poison-NOF/ncwomax/P30-5/GNOFa/arina.284381
