Computing Integrals
Basis Set                                            = def2-qzvp
Auxiliary Basis Set                                  = def2-universal-jkfit
Gaussian Type                                        = Spherical
Elapsed time:    2.90 Seconds

Number of basis functions                   (NBF)    = 114
Number of auxiliary basis functions         (NBFAUX) = 152
Inactive Doubly occupied orbitals up to     (NO1)    = 0
No. considered Strongly Doubly occupied MOs (NDOC)   = 6
No. considered Strongly Singly occupied MOs (NSOC)   = 0
NO. of Weakly occ. per St. Doubly occ.  MOs (NCWO)   = 18
Dimension of the Nat. Orb. subspace         (NBF5)   = 114
No. of electrons                                     = 12
    No. of alpha electrons                           = 6
    No. of beta electrons                            = 6
Multiplicity                                         = 1

Geometry
========
 B       0.0000000       0.0000000      -0.7484170
 N       0.0000000       0.0000000       0.5345830

No violations of the orthonormality
No violations of the orthonormality
 
PNOF8/ADABelief Calculation
==================
 
  Nitext  Nit_orb  Time   Nit_occ  Time         Eelec          Etot           Ediff      maxdiff    MaxGrad_orb  Grad_occ
     1      10    2.4e+01    5    2.9e+01   -93.71929400   -79.28346828 -10092.71929400   0.000714   2.9e-03   1.6e-04 0.99
 
RESULTS OF THE OCCUPATION OPTIMIZATION
========================================
   1    1.9999458  -15.59479973
   2    1.9997721  -7.69401835
   3    1.9779922  -1.01390692
   4    1.9723749  -0.66828863
   5    1.9594600  -0.46736805
   6    1.0087920  -0.26822327
   7    0.9911007  -0.26382750
   8    0.0329314  -0.03289560
   9    0.0130725  -0.02170855
  10    0.0073930  -0.01188849
  11    0.0001816  -0.00257337
  12    0.0000430  -0.00128730
  13    0.0000442  -0.00002434
  14    0.0029246  -0.00428055
  15    0.0044228  -0.00829941
  16    0.0061185  -0.01502012
  17    0.0000139  -0.00020827
  18    0.0000027  -0.00009609
  19    0.0000193  -0.00001383
  20    0.0028280  -0.00412280
  21    0.0032343  -0.00595995
  22    0.0021554  -0.00609874
  23    0.0000084  -0.00013487
  24    0.0000025  -0.00004050
  25    0.0000160  -0.00000987
  26    0.0003734  -0.00073614
  27    0.0025691  -0.00550263
  28    0.0021036  -0.00482415
  29    0.0000081  -0.00009360
  30    0.0000023  -0.00003734
  31    0.0000074  -0.00000986
  32    0.0003100  -0.00061861
  33    0.0015897  -0.00313119
  34    0.0010142  -0.00347758
  35    0.0000068  -0.00006283
  36    0.0000022  -0.00005812
  37    0.0000039  -0.00000663
  38    0.0002335  -0.00053832
  39    0.0010716  -0.00234755
  40    0.0009277  -0.00337913
  41    0.0000018  -0.00003154
  42    0.0000004  -0.00000935
  43    0.0000026  -0.00000384
  44    0.0002228  -0.00050582
  45    0.0006379  -0.00147882
  46    0.0005232  -0.00259363
  47    0.0000013  -0.00003675
  48    0.0000003  -0.00000732
  49    0.0000023  -0.00000366
  50    0.0001999  -0.00043181
  51    0.0004785  -0.00161119
  52    0.0003909  -0.00099610
  53    0.0000009  -0.00003193
  54    0.0000002  -0.00000437
  55    0.0000019  -0.00000249
  56    0.0001799  -0.00041618
  57    0.0001182  -0.00032747
  58    0.0003369  -0.00090647
  59    0.0000008  -0.00001903
  60    0.0000001  -0.00000316
  61    0.0000016  -0.00000240
  62    0.0001077  -0.00024761
  63    0.0001114  -0.00034340
  64    0.0002628  -0.00072770
  65    0.0000007  -0.00001696
  66    0.0000001  -0.00000251
  67    0.0000016  -0.00000179
  68    0.0000620  -0.00015649
  69    0.0000726  -0.00021076
  70    0.0001781  -0.00051974
  71    0.0000007  -0.00001523
  72    0.0000001  -0.00000225
  73    0.0000012  -0.00000085
  74    0.0000532  -0.00012229
  75    0.0000620  -0.00016540
  76    0.0001670  -0.00048156
  77    0.0000005  -0.00001301
  78    0.0000001  -0.00000200
  79    0.0000011  -0.00000058
  80    0.0000365  -0.00011462
  81    0.0000526  -0.00016066
  82    0.0001655  -0.00046941
  83    0.0000005  -0.00001033
  84    0.0000001  -0.00000140
  85    0.0000011  -0.00000038
  86    0.0000196  -0.00006537
  87    0.0000385  -0.00013050
  88    0.0001604  -0.00046276
  89    0.0000004  -0.00001509
  90    0.0000001  -0.00000107
  91    0.0000010  -0.00000031
  92    0.0000179  -0.00006810
  93    0.0000303  -0.00011247
  94    0.0000415  -0.00017115
  95    0.0000004  -0.00002462
  96    0.0000001  -0.00000106
  97    0.0000009  -0.00000048
  98    0.0000140  -0.00005150
  99    0.0000276  -0.00011848
 100    0.0000298  -0.00015134
 101    0.0000003  -0.00000749
 102    0.0000001  -0.00000081
 103    0.0000007  -0.00000008
 104    0.0000134  -0.00004995
 105    0.0000181  -0.00007779
 106    0.0000200  -0.00009193
 107    0.0000003  -0.00000600
 108    0.0000001  -0.00000060
 109    0.0000005  -0.00000023
 110    0.0000123  -0.00005305
 111    0.0000174  -0.00007751
 112    0.0000195  -0.00008809
 113    0.0000003  -0.00000566
 114    0.0000000  -0.00000034
 
----------------
 Final Energies 
----------------
Final NOF Total Energy =     -79.2834683
 
Total Orbital Internal Iterations = 10
Total Occupation Internal Iterations = 5
 
Elapsed time:   68.43 Seconds

---------------------------------
   Lowdin Population Analysis    
---------------------------------
 Idx  Atom   Population   Charge 
---------------------------------
  1     B     5.183      -0.183
  2     N     6.817       0.183

---------------------------------
   M Diagnostic: 0.99
---------------------------------

