W4-11-so3
/software/eb2024/easybuild/software/common/software/Julia/1.11.3-linux-x86_64/bin/julia
Job runing on nh019
Choosing scratch ...
Automatic scratch folder selection
/scratch/pobleyef/284407
/scratch/pobleyef/284407 directory
cp W4-11-so3.jl W4-11-so3.jld2 to  /scratch/pobleyef/284407/.
Computing Integrals
Basis Set                                            = def2-qzvp
Auxiliary Basis Set                                  = def2-universal-jkfit
Gaussian Type                                        = Spherical
Elapsed time:    4.39 Seconds

Number of basis functions                   (NBF)    = 241
Number of auxiliary basis functions         (NBFAUX) = 359
Inactive Doubly occupied orbitals up to     (NO1)    = 0
No. considered Strongly Doubly occupied MOs (NDOC)   = 20
No. considered Strongly Singly occupied MOs (NSOC)   = 0
NO. of Weakly occ. per St. Doubly occ.  MOs (NCWO)   = 11
Dimension of the Nat. Orb. subspace         (NBF5)   = 240
No. of electrons                                     = 40
    No. of alpha electrons                           = 20
    No. of beta electrons                            = 20
Multiplicity                                         = 1

Geometry
========
 S       0.0000000       0.0000000       0.0000000
 O       0.0000000       1.4227900       0.0000000
 O       1.2321720      -0.7113950       0.0000000
 O      -1.2321720      -0.7113950       0.0000000

No violations of the orthonormality
No violations of the orthonormality
 
PNOF8/ADABelief Calculation
==================
 
  Nitext  Nit_orb  Time   Nit_occ  Time         Eelec          Etot           Ediff      maxdiff    MaxGrad_orb  Grad_occ
     1      10    3.1e+01  100    4.5e+01  -806.96995770  -622.92066135 -10805.96995770   0.025101   1.0e-01   2.3e-04 0.03
     2      20    4.6e+00   63    6.4e+00  -807.25365475  -623.20435839    -0.28369704   0.593647   2.4e+00   2.6e-04 0.03
     3      20    4.4e+00   39    4.1e+00  -807.43006404  -623.38076768    -0.17640929   0.032023   1.3e-01   2.5e-04 0.03
     4      20    4.4e+00   34    3.6e+00  -807.44985931  -623.40056295    -0.01979527   0.077818   3.1e-01   2.5e-04 0.03
     5      20    4.6e+00   27    2.9e+00  -807.45654675  -623.40725039    -0.00668744   0.087338   3.5e-01   2.5e-04 0.03
     6      20    4.8e+00   31    3.4e+00  -807.46656401  -623.41726766    -0.01001727   0.071794   2.9e-01   2.9e-04 0.03
     7      20    4.6e+00   33    3.5e+00  -807.49399114  -623.44469478    -0.02742712   0.071448   2.9e-01   2.6e-04 0.03
     8      20    4.4e+00   18    2.0e+00  -807.49926325  -623.44996689    -0.00527211   0.062541   2.5e-01   3.2e-04 0.03
     9      20    4.4e+00   25    2.6e+00  -807.50395363  -623.45465727    -0.00469038   0.069912   2.8e-01   2.8e-04 0.03
    10      20    4.6e+00   18    2.1e+00  -807.50456743  -623.45527108    -0.00061380   0.051335   2.1e-01   2.9e-04 0.03
    11      20    4.4e+00   23    2.6e+00  -807.50764560  -623.45834924    -0.00307817   0.049479   2.0e-01   2.3e-04 0.03
    12      20    4.5e+00   10    1.3e+00  -807.51093873  -623.46164238    -0.00329313   0.049986   2.0e-01   2.8e-04 0.03
    13      20    4.5e+00   13    1.5e+00  -807.51217723  -623.46288087    -0.00123850   0.046702   1.9e-01   3.1e-04 0.03
    14      20    4.4e+00   25    2.7e+00  -807.51425272  -623.46495636    -0.00207549   0.063873   2.6e-01   2.4e-04 0.03
    15      20    4.4e+00   11    1.3e+00  -807.51807784  -623.46878148    -0.00382512   0.055133   2.2e-01   2.6e-04 0.03
    16      20    4.5e+00    0    1.7e-01  -807.51824653  -623.46895018    -0.00016869   0.055133   2.2e-01   2.6e-04 0.03
    17      40    8.9e+00   11    1.3e+00  -807.54028336  -623.49098701    -0.02203683   0.007317   2.9e-02   2.7e-04 0.03
    18      40    9.1e+00   16    1.8e+00  -807.54097669  -623.49168034    -0.00069333   0.006370   2.5e-02   2.0e-04 0.03
    19      40    9.1e+00   14    1.6e+00  -807.54165009  -623.49235374    -0.00067340   0.006213   2.5e-02   3.1e-04 0.03
    20      40    9.2e+00   14    1.6e+00  -807.54230279  -623.49300644    -0.00065270   0.007192   2.9e-02   3.0e-04 0.03
    21      40    8.9e+00    9    1.1e+00  -807.54276997  -623.49347361    -0.00046717   0.005110   2.0e-02   2.8e-04 0.03
    22      40    9.1e+00   13    1.5e+00  -807.54310209  -623.49380574    -0.00033212   0.006203   2.5e-02   2.8e-04 0.03
    23      40    9.3e+00    6    8.4e-01  -807.54342787  -623.49413151    -0.00032578   0.006579   2.6e-02   2.0e-04 0.03
    24      40    9.2e+00   10    1.2e+00  -807.54367526  -623.49437890    -0.00024739   0.006892   2.8e-02   2.8e-04 0.03
    25      40    9.0e+00   18    2.1e+00  -807.54406626  -623.49476990    -0.00039100   0.008511   3.4e-02   2.5e-04 0.03
    26      40    9.2e+00    6    8.5e-01  -807.54463733  -623.49534098    -0.00057107   0.008258   3.3e-02   2.8e-04 0.03
    27      40    9.3e+00   10    1.2e+00  -807.54512283  -623.49582647    -0.00048550   0.009339   3.7e-02   2.4e-04 0.03
    28      40    8.8e+00    6    8.7e-01  -807.54563187  -623.49633551    -0.00050904   0.009992   4.0e-02   2.8e-04 0.03
    29      40    8.9e+00   13    1.5e+00  -807.54598535  -623.49668900    -0.00035348   0.012910   5.2e-02   2.4e-04 0.03
    30      40    8.8e+00    6    8.5e-01  -807.54640062  -623.49710426    -0.00041526   0.011135   4.5e-02   2.0e-04 0.03
    31      40    8.8e+00    6    8.1e-01  -807.54666966  -623.49737330    -0.00026904   0.009253   3.7e-02   2.4e-04 0.03
    32      40    8.8e+00    6    8.3e-01  -807.54688712  -623.49759076    -0.00021746   0.008706   3.5e-02   2.6e-04 0.03
    33      40    9.1e+00    9    1.2e+00  -807.54711148  -623.49781512    -0.00022436   0.008456   3.4e-02   2.4e-04 0.03
    34      40    8.8e+00    9    1.1e+00  -807.54727650  -623.49798015    -0.00016503   0.008849   3.5e-02   2.5e-04 0.03
    35      40    9.2e+00    4    6.3e-01  -807.54754605  -623.49824969    -0.00026954   0.008086   3.2e-02   2.5e-04 0.03
    36      40    8.9e+00   14    1.6e+00  -807.54767676  -623.49838041    -0.00013072   0.008237   3.3e-02   2.0e-04 0.03
    37      40    9.2e+00    4    6.6e-01  -807.54779375  -623.49849739    -0.00011699   0.008181   3.3e-02   2.2e-04 0.03
    38      40    9.1e+00    4    6.4e-01  -807.54796419  -623.49866783    -0.00017044   0.007901   3.2e-02   2.4e-04 0.03
    39      40    9.2e+00    4    6.3e-01  -807.54807758  -623.49878123    -0.00011340   0.008259   3.3e-02   2.5e-04 0.03
    40      40    9.2e+00    0    2.0e-01  -807.54808990  -623.49879354    -0.00001232   0.008259   3.3e-02   2.5e-04 0.03
 
RESULTS OF THE OCCUPATION OPTIMIZATION
========================================
   1    1.9999992  -92.29720428
   2    1.9999834  -20.67376221
   3    1.9999826  -20.67345275
   4    1.9999794  -20.67271180
   5    1.9995874  -9.15951446
   6    1.9994578  -6.99170573
   7    1.9993762  -6.92643106
   8    1.9993899  -6.92394431
   9    1.9868077  -1.54683458
  10    1.9854848  -1.42209288
  11    1.9844381  -1.39867641
  12    1.9809806  -0.94032998
  13    1.9812066  -0.78658855
  14    1.9789819  -0.78016484
  15    1.9746710  -0.68085158
  16    1.9702495  -0.66488274
  17    1.9698601  -0.66188826
  18    1.9731583  -0.66087216
  19    1.9695120  -0.65262457
  20    1.9657834  -0.63796829
  21    0.0276776  -0.04778100
  22    0.0243491  -0.04639085
  23    0.0179840  -0.02925041
  24    0.0265751  -0.05013229
  25    0.0277899  -0.05164938
  26    0.0164359  -0.02744398
  27    0.0095917  -0.02306616
  28    0.0057416  -0.01661036
  29    0.0090217  -0.02304569
  30    0.0059369  -0.01981476
  31    0.0060191  -0.02044109
  32    0.0052265  -0.01821091
  33    0.0004442  -0.00730511
  34    0.0004867  -0.00815830
  35    0.0004517  -0.00825706
  36    0.0003500  -0.00795319
  37    0.0000082  -0.00017108
  38    0.0000084  -0.00023605
  39    0.0000104  -0.00035590
  40    0.0000006  -0.00001341
  41    0.0028442  -0.00674535
  42    0.0028220  -0.00720070
  43    0.0038525  -0.00800450
  44    0.0024435  -0.00660607
  45    0.0008638  -0.00295736
  46    0.0037373  -0.00814582
  47    0.0038120  -0.01156784
  48    0.0037533  -0.01271664
  49    0.0048850  -0.01683657
  50    0.0028669  -0.00989948
  51    0.0027973  -0.01024412
  52    0.0036036  -0.01483133
  53    0.0000480  -0.00118423
  54    0.0000612  -0.00190691
  55    0.0000115  -0.00045844
  56    0.0000086  -0.00009841
  57    0.0000023  -0.00012083
  58    0.0000024  -0.00012908
  59    0.0000015  -0.00003305
  60    0.0000000  -0.00000071
  61    0.0028058  -0.00672000
  62    0.0025957  -0.00660091
  63    0.0038198  -0.00806940
  64    0.0004120  -0.00137643
  65    0.0002537  -0.00090081
  66    0.0035666  -0.00780760
  67    0.0030461  -0.00923200
  68    0.0036958  -0.01166494
  69    0.0024087  -0.00910882
  70    0.0025375  -0.00846362
  71    0.0024879  -0.00949668
  72    0.0022464  -0.01028067
  73    0.0000453  -0.00168597
  74    0.0000115  -0.00012820
  75    0.0000103  -0.00011309
  76    0.0000079  -0.00009262
  77    0.0000021  -0.00003850
  78    0.0000016  -0.00003207
  79    0.0000012  -0.00002412
  80    0.0000000  -0.00000061
  81    0.0002244  -0.00077287
  82    0.0002133  -0.00075233
  83    0.0002875  -0.00089606
  84    0.0001981  -0.00070395
  85    0.0001884  -0.00070473
  86    0.0005109  -0.00165529
  87    0.0026605  -0.00822219
  88    0.0029317  -0.00969175
  89    0.0009517  -0.00409917
  90    0.0022057  -0.00945504
  91    0.0012361  -0.00512474
  92    0.0005984  -0.00371981
  93    0.0000107  -0.00011459
  94    0.0000098  -0.00026278
  95    0.0000095  -0.00010812
  96    0.0000071  -0.00008727
  97    0.0000018  -0.00004027
  98    0.0000013  -0.00002481
  99    0.0000008  -0.00001685
 100    0.0000000  -0.00000049
 101    0.0002145  -0.00075200
 102    0.0001644  -0.00061277
 103    0.0002777  -0.00084449
 104    0.0001889  -0.00067997
 105    0.0001852  -0.00069659
 106    0.0002911  -0.00101450
 107    0.0009539  -0.00374736
 108    0.0009702  -0.00391718
 109    0.0004598  -0.00212078
 110    0.0012892  -0.00596425
 111    0.0005446  -0.00361573
 112    0.0005297  -0.00252481
 113    0.0000104  -0.00016160
 114    0.0000087  -0.00010268
 115    0.0000095  -0.00010194
 116    0.0000068  -0.00009951
 117    0.0000016  -0.00003248
 118    0.0000011  -0.00001953
 119    0.0000006  -0.00000845
 120    0.0000000  -0.00000045
 121    0.0001801  -0.00062268
 122    0.0001503  -0.00061419
 123    0.0002183  -0.00070800
 124    0.0001560  -0.00062472
 125    0.0001771  -0.00066021
 126    0.0002383  -0.00077461
 127    0.0004571  -0.00174202
 128    0.0007858  -0.00333227
 129    0.0004539  -0.00185978
 130    0.0002690  -0.00102632
 131    0.0004577  -0.00342798
 132    0.0004419  -0.00314831
 133    0.0000102  -0.00010925
 134    0.0000084  -0.00011161
 135    0.0000092  -0.00010167
 136    0.0000066  -0.00009185
 137    0.0000013  -0.00002609
 138    0.0000007  -0.00001287
 139    0.0000005  -0.00000730
 140    0.0000000  -0.00000033
 141    0.0001584  -0.00057616
 142    0.0001104  -0.00043300
 143    0.0001900  -0.00066440
 144    0.0001051  -0.00041974
 145    0.0001563  -0.00063940
 146    0.0002175  -0.00071056
 147    0.0003021  -0.00115568
 148    0.0005312  -0.00230462
 149    0.0004352  -0.00154061
 150    0.0002379  -0.00093526
 151    0.0003263  -0.00135836
 152    0.0002082  -0.00117091
 153    0.0000095  -0.00011007
 154    0.0000082  -0.00009592
 155    0.0000087  -0.00009587
 156    0.0000061  -0.00007562
 157    0.0000011  -0.00002000
 158    0.0000006  -0.00000928
 159    0.0000004  -0.00001083
 160    0.0000000  -0.00000025
 161    0.0000647  -0.00019087
 162    0.0000379  -0.00013943
 163    0.0001135  -0.00045291
 164    0.0000183  -0.00011751
 165    0.0000920  -0.00039921
 166    0.0001922  -0.00067679
 167    0.0000680  -0.00029518
 168    0.0002153  -0.00095919
 169    0.0001866  -0.00082946
 170    0.0001090  -0.00066796
 171    0.0002789  -0.00128921
 172    0.0001156  -0.00071525
 173    0.0000092  -0.00009831
 174    0.0000081  -0.00009148
 175    0.0000087  -0.00009576
 176    0.0000058  -0.00007110
 177    0.0000009  -0.00001744
 178    0.0000004  -0.00000608
 179    0.0000004  -0.00001310
 180    0.0000000  -0.00000025
 181    0.0000176  -0.00010419
 182    0.0000166  -0.00010728
 183    0.0000564  -0.00020942
 184    0.0000148  -0.00009678
 185    0.0000150  -0.00009922
 186    0.0000693  -0.00028251
 187    0.0000613  -0.00025230
 188    0.0000724  -0.00033384
 189    0.0001511  -0.00077262
 190    0.0000489  -0.00023678
 191    0.0002474  -0.00123392
 192    0.0001027  -0.00062291
 193    0.0000089  -0.00009766
 194    0.0000080  -0.00009090
 195    0.0000081  -0.00009039
 196    0.0000055  -0.00006859
 197    0.0000005  -0.00001238
 198    0.0000004  -0.00003666
 199    0.0000003  -0.00000335
 200    0.0000000  -0.00000012
 201    0.0000150  -0.00009056
 202    0.0000144  -0.00009419
 203    0.0000234  -0.00013761
 204    0.0000142  -0.00009482
 205    0.0000147  -0.00009489
 206    0.0000426  -0.00017228
 207    0.0000378  -0.00019068
 208    0.0000566  -0.00025314
 209    0.0000366  -0.00018053
 210    0.0000349  -0.00018982
 211    0.0000773  -0.00049414
 212    0.0000712  -0.00076582
 213    0.0000084  -0.00009229
 214    0.0000079  -0.00009012
 215    0.0000078  -0.00008813
 216    0.0000045  -0.00006110
 217    0.0000005  -0.00001231
 218    0.0000002  -0.00000681
 219    0.0000003  -0.00002004
 220    0.0000000  -0.00000012
 221    0.0000143  -0.00008580
 222    0.0000139  -0.00009209
 223    0.0000186  -0.00011718
 224    0.0000138  -0.00009380
 225    0.0000143  -0.00009356
 226    0.0000273  -0.00013807
 227    0.0000275  -0.00014802
 228    0.0000395  -0.00019258
 229    0.0000291  -0.00015447
 230    0.0000258  -0.00016085
 231    0.0000427  -0.00023729
 232    0.0000480  -0.00026974
 233    0.0000054  -0.00014065
 234    0.0000053  -0.00010144
 235    0.0000073  -0.00009449
 236    0.0000036  -0.00028533
 237    0.0000004  -0.00003532
 238    0.0000002  -0.00000531
 239    0.0000001  -0.00000226
 240    0.0000000  -0.00000011
 
----------------
 Final Energies 
----------------
Final NOF Total Energy =    -623.4987935
 
Total Orbital Internal Iterations = 1270
Total Occupation Internal Iterations = 682
 
Elapsed time:  470.17 Seconds

---------------------------------
   Lowdin Population Analysis    
---------------------------------
 Idx  Atom   Population   Charge 
---------------------------------
  1     S    16.118      -0.118
  2     O     7.963       0.037
  3     O     7.955       0.045
  4     O     7.965       0.035

---------------------------------
   M Diagnostic: 0.03
---------------------------------

Recovering execution output...
Moving from /scratch/pobleyef/284407 to /home-nas/pobleyef/Poison-NOF/ncwomax/P30-5/GNOFa/arina.284407
mkdir -p /home-nas/pobleyef/Poison-NOF/ncwomax/P30-5/GNOFa/arina.284407
mv /scratch/pobleyef/284407/* /home-nas/pobleyef/Poison-NOF/ncwomax/P30-5/GNOFa/arina.284407
