W4-11-no2
/software/eb2024/easybuild/software/common/software/Julia/1.11.3-linux-x86_64/bin/julia
Job runing on nh041
Choosing scratch ...
Automatic scratch folder selection
/scratch/pobleyef/284398
/scratch/pobleyef/284398 directory
cp W4-11-no2.jl W4-11-no2.jld2 to  /scratch/pobleyef/284398/.
Computing Integrals
Basis Set                                            = def2-qzvp
Auxiliary Basis Set                                  = def2-universal-jkfit
Gaussian Type                                        = Spherical
Elapsed time:    3.92 Seconds

Number of basis functions                   (NBF)    = 171
Number of auxiliary basis functions         (NBFAUX) = 231
Inactive Doubly occupied orbitals up to     (NO1)    = 0
No. considered Strongly Doubly occupied MOs (NDOC)   = 11
No. considered Strongly Singly occupied MOs (NSOC)   = 1
NO. of Weakly occ. per St. Doubly occ.  MOs (NCWO)   = 14
Dimension of the Nat. Orb. subspace         (NBF5)   = 166
No. of electrons                                     = 23
    No. of alpha electrons                           = 12
    No. of beta electrons                            = 11
Multiplicity                                         = 2

Geometry
========
 N       0.0000000       0.0000000       0.3239670
 O       0.0000000       1.1012340      -0.1417350
 O       0.0000000      -1.1012340      -0.1417350

No violations of the orthonormality
No violations of the orthonormality
 
PNOF8/ADABelief Calculation
==================
 
  Nitext  Nit_orb  Time   Nit_occ  Time         Eelec          Etot           Ediff      maxdiff    MaxGrad_orb  Grad_occ
     1      10    3.0e+01   84    3.9e+01  -269.62065455  -204.67450223 -10268.62065455   0.023453   9.4e-02   1.5e-04 0.04
     2      20    3.1e+00   43    1.9e+00  -269.76563176  -204.81947943    -0.14497720   0.019257   7.7e-02   2.1e-04 0.04
     3      20    3.2e+00   22    1.0e+00  -269.79296131  -204.84680899    -0.02732956   0.019921   8.0e-02   2.7e-04 0.04
     4      20    3.3e+00   21    9.7e-01  -269.79871916  -204.85256683    -0.00575784   0.024654   9.9e-02   2.3e-04 0.04
     5      20    3.2e+00   15    7.0e-01  -269.80185434  -204.85570201    -0.00313518   0.027432   1.1e-01   2.6e-04 0.04
     6      20    3.2e+00   23    1.0e+00  -269.80490067  -204.85874835    -0.00304633   0.025819   1.0e-01   2.1e-04 0.04
     7      20    3.1e+00   16    7.6e-01  -269.80886469  -204.86271237    -0.00396402   0.019232   7.7e-02   2.8e-04 0.04
     8      20    3.1e+00    8    4.2e-01  -269.80930845  -204.86315613    -0.00044376   0.034674   1.4e-01   1.9e-04 0.04
     9      20    3.2e+00   11    5.7e-01  -269.81090877  -204.86475645    -0.00160032   0.027213   1.1e-01   2.5e-04 0.04
    10      20    3.2e+00   10    5.0e-01  -269.81374321  -204.86759089    -0.00283444   0.018324   7.3e-02   2.6e-04 0.04
    11      20    3.2e+00   10    5.2e-01  -269.81403014  -204.86787781    -0.00028692   0.016833   6.7e-02   2.6e-04 0.04
    12      20    3.2e+00    4    2.8e-01  -269.81476529  -204.86861297    -0.00073516   0.021502   8.6e-02   2.9e-04 0.04
    13      20    3.2e+00    0    1.0e-01  -269.81480706  -204.86865474    -0.00004177   0.021502   8.6e-02   2.9e-04 0.04
    14      40    6.1e+00   10    5.5e-01  -269.81961008  -204.87345775    -0.00480301   0.004117   1.6e-02   2.3e-04 0.04
    15      40    6.3e+00    3    2.4e-01  -269.81976604  -204.87361371    -0.00015596   0.005329   2.1e-02   2.7e-04 0.04
    16      40    6.3e+00    4    2.4e-01  -269.81988809  -204.87373577    -0.00012205   0.003761   1.5e-02   2.4e-04 0.04
    17      40    6.2e+00    6    3.7e-01  -269.82000832  -204.87385600    -0.00012023   0.003088   1.2e-02   2.7e-04 0.04
    18      40    6.2e+00   12    6.2e-01  -269.82014349  -204.87399117    -0.00013517   0.002974   1.2e-02   2.0e-04 0.04
    19      40    6.2e+00    4    2.3e-01  -269.82029260  -204.87414028    -0.00014911   0.002561   1.0e-02   2.0e-04 0.04
    20      40    6.5e+00    4    2.7e-01  -269.82038453  -204.87423221    -0.00009193   0.003087   1.2e-02   2.0e-04 0.04
    21      40    6.4e+00    6    3.4e-01  -269.82049093  -204.87433861    -0.00010640   0.003220   1.3e-02   2.2e-04 0.04
    22      40    6.3e+00    4    3.0e-01  -269.82062756  -204.87447524    -0.00013663   0.003571   1.4e-02   2.1e-04 0.04
    23      40    6.3e+00   10    5.5e-01  -269.82073650  -204.87458417    -0.00010894   0.003376   1.4e-02   1.9e-04 0.04
    24      40    6.3e+00    4    2.7e-01  -269.82087720  -204.87472488    -0.00014071   0.003258   1.3e-02   1.6e-04 0.04
    25      40    6.2e+00    4    2.4e-01  -269.82092772  -204.87477540    -0.00005052   0.004312   1.7e-02   2.2e-04 0.04
    26      40    6.3e+00    6    3.4e-01  -269.82106164  -204.87490932    -0.00013392   0.002630   1.1e-02   1.8e-04 0.04
    27      40    6.3e+00    4    3.2e-01  -269.82111133  -204.87495901    -0.00004969   0.003264   1.3e-02   2.2e-04 0.04
    28      40    6.3e+00    4    2.7e-01  -269.82122260  -204.87507027    -0.00011127   0.002766   1.1e-02   2.0e-04 0.04
    29      40    6.3e+00    3    2.4e-01  -269.82132761  -204.87517528    -0.00010501   0.002609   1.0e-02   2.7e-04 0.04
    30      40    6.3e+00    7    4.1e-01  -269.82142331  -204.87527098    -0.00009570   0.003211   1.3e-02   2.4e-04 0.04
    31      40    6.3e+00    9    4.5e-01  -269.82153944  -204.87538711    -0.00011613   0.004144   1.7e-02   2.0e-04 0.04
    32      40    6.3e+00    3    2.6e-01  -269.82160172  -204.87544940    -0.00006229   0.004224   1.7e-02   2.2e-04 0.04
    33      40    6.2e+00    0    8.5e-02  -269.82166082  -204.87550849    -0.00005909   0.004412   1.8e-02   2.6e-04 0.04
    34      50    8.1e+00    4    2.8e-01  -269.82176043  -204.87560811    -0.00009962   0.003708   1.5e-02   1.9e-04 0.04
    35      50    8.0e+00    0    6.4e-02  -269.82177746  -204.87562513    -0.00001702   0.003708   1.5e-02   1.9e-04 0.04
    36      68    1.1e+01    0    7.5e-02  -269.82193964  -204.87578732    -0.00016218   0.000494   2.0e-03   2.2e-04 0.04
 
RESULTS OF THE OCCUPATION OPTIMIZATION
========================================
   1    1.9999668  -19.92728586
   2    1.9999627  -18.74512008
   3    1.9999558  -18.58709817
   4    1.9853018  -1.51806279
   5    1.9853607  -1.43148622
   6    1.9728790  -1.00198184
   7    1.9726687  -0.98468018
   8    1.9808502  -0.78829008
   9    1.9772687  -0.71411415
  10    1.9753874  -0.68753494
  11    1.9615295  -0.56931649
  12    1.0000000  -0.28366230
  13    0.0362865  -0.06203193
  14    0.0080057  -0.01460369
  15    0.0084506  -0.01499843
  16    0.0056734  -0.01170546
  17    0.0261467  -0.04808465
  18    0.0253954  -0.04736149
  19    0.0065761  -0.01907805
  20    0.0060917  -0.01867627
  21    0.0000242  -0.00077572
  22    0.0000226  -0.00069434
  23    0.0000143  -0.00041423
  24    0.0020362  -0.00530103
  25    0.0045700  -0.00899770
  26    0.0047393  -0.00921577
  27    0.0050200  -0.01159381
  28    0.0004692  -0.00153361
  29    0.0006717  -0.00221725
  30    0.0027399  -0.00718381
  31    0.0025680  -0.00699680
  32    0.0000042  -0.00006946
  33    0.0000036  -0.00005433
  34    0.0000045  -0.00009058
  35    0.0000141  -0.00008332
  36    0.0041772  -0.00811487
  37    0.0047068  -0.00880738
  38    0.0044044  -0.00891673
  39    0.0001787  -0.00065057
  40    0.0002645  -0.00094814
  41    0.0025955  -0.00754288
  42    0.0025324  -0.00710192
  43    0.0000037  -0.00006568
  44    0.0000031  -0.00005307
  45    0.0000040  -0.00010540
  46    0.0000140  -0.00008179
  47    0.0039712  -0.00806655
  48    0.0016630  -0.00411285
  49    0.0018444  -0.00518880
  50    0.0001774  -0.00067598
  51    0.0002359  -0.00082983
  52    0.0006502  -0.00264492
  53    0.0016958  -0.00651652
  54    0.0000036  -0.00005550
  55    0.0000029  -0.00005841
  56    0.0000020  -0.00003880
  57    0.0000134  -0.00008179
  58    0.0018067  -0.00523914
  59    0.0010524  -0.00315391
  60    0.0005463  -0.00342538
  61    0.0001102  -0.00045111
  62    0.0001739  -0.00065570
  63    0.0004862  -0.00197766
  64    0.0006500  -0.00348922
  65    0.0000015  -0.00003368
  66    0.0000027  -0.00004541
  67    0.0000018  -0.00004124
  68    0.0000133  -0.00008075
  69    0.0009095  -0.00273646
  70    0.0008222  -0.00243342
  71    0.0004099  -0.00150375
  72    0.0000715  -0.00035417
  73    0.0001106  -0.00044726
  74    0.0004453  -0.00403803
  75    0.0004467  -0.00391460
  76    0.0000015  -0.00003412
  77    0.0000007  -0.00002989
  78    0.0000016  -0.00003357
  79    0.0000130  -0.00007865
  80    0.0003580  -0.00113144
  81    0.0003478  -0.00123471
  82    0.0003307  -0.00111141
  83    0.0000673  -0.00033969
  84    0.0000845  -0.00038434
  85    0.0003467  -0.00161603
  86    0.0001983  -0.00079352
  87    0.0000013  -0.00003012
  88    0.0000004  -0.00002639
  89    0.0000015  -0.00003459
  90    0.0000129  -0.00007901
  91    0.0002409  -0.00078563
  92    0.0003099  -0.00092905
  93    0.0002800  -0.00114561
  94    0.0000248  -0.00013202
  95    0.0000688  -0.00035642
  96    0.0002431  -0.00088733
  97    0.0001926  -0.00085078
  98    0.0000012  -0.00002971
  99    0.0000003  -0.00001828
 100    0.0000011  -0.00002712
 101    0.0000128  -0.00007928
 102    0.0002079  -0.00065076
 103    0.0002708  -0.00083812
 104    0.0002201  -0.00076978
 105    0.0000163  -0.00010635
 106    0.0000348  -0.00019410
 107    0.0002376  -0.00087687
 108    0.0001236  -0.00055809
 109    0.0000011  -0.00003627
 110    0.0000003  -0.00000687
 111    0.0000008  -0.00002132
 112    0.0000122  -0.00007732
 113    0.0001375  -0.00054195
 114    0.0002103  -0.00069128
 115    0.0002047  -0.00073472
 116    0.0000150  -0.00009986
 117    0.0000239  -0.00013157
 118    0.0001427  -0.00062974
 119    0.0000996  -0.00068332
 120    0.0000006  -0.00001658
 121    0.0000002  -0.00000408
 122    0.0000005  -0.00001480
 123    0.0000117  -0.00007543
 124    0.0001232  -0.00047726
 125    0.0000755  -0.00050567
 126    0.0001388  -0.00053799
 127    0.0000150  -0.00010036
 128    0.0000154  -0.00010556
 129    0.0000929  -0.00106074
 130    0.0000341  -0.00018977
 131    0.0000005  -0.00002435
 132    0.0000002  -0.00000343
 133    0.0000003  -0.00002056
 134    0.0000105  -0.00007354
 135    0.0000581  -0.00030542
 136    0.0000326  -0.00018751
 137    0.0000387  -0.00022610
 138    0.0000138  -0.00009039
 139    0.0000147  -0.00010147
 140    0.0000386  -0.00022885
 141    0.0000277  -0.00015349
 142    0.0000004  -0.00001814
 143    0.0000002  -0.00000389
 144    0.0000003  -0.00001458
 145    0.0000103  -0.00007377
 146    0.0000287  -0.00015762
 147    0.0000279  -0.00014885
 148    0.0000192  -0.00011273
 149    0.0000131  -0.00009096
 150    0.0000136  -0.00008791
 151    0.0000244  -0.00015685
 152    0.0000198  -0.00012325
 153    0.0000003  -0.00000944
 154    0.0000001  -0.00000219
 155    0.0000002  -0.00000489
 156    0.0000096  -0.00006642
 157    0.0000180  -0.00010820
 158    0.0000223  -0.00011906
 159    0.0000191  -0.00011565
 160    0.0000123  -0.00008756
 161    0.0000132  -0.00008905
 162    0.0000200  -0.00013249
 163    0.0000177  -0.00011687
 164    0.0000001  -0.00000237
 165    0.0000001  -0.00000090
 166    0.0000001  -0.00000244
 
----------------
 Final Energies 
----------------
Final NOF Total Energy =    -204.8757873
 
Total Orbital Internal Iterations = 1218
Total Occupation Internal Iterations = 378
 
Elapsed time:  304.38 Seconds

---------------------------------
   Lowdin Population Analysis    
---------------------------------
 Idx  Atom   Population   Charge 
---------------------------------
  1     N     7.256      -0.256
  2     O     7.873       0.127
  3     O     7.871       0.129

---------------------------------
   M Diagnostic: 0.04
---------------------------------

Recovering execution output...
Moving from /scratch/pobleyef/284398 to /home-nas/pobleyef/Poison-NOF/ncwomax/P30-5/GNOFa/arina.284398
mkdir -p /home-nas/pobleyef/Poison-NOF/ncwomax/P30-5/GNOFa/arina.284398
mv /scratch/pobleyef/284398/* /home-nas/pobleyef/Poison-NOF/ncwomax/P30-5/GNOFa/arina.284398
