W4-11-p
/software/eb2024/easybuild/software/common/software/Julia/1.11.3-linux-x86_64/bin/julia
Job runing on nh020
Choosing scratch ...
Automatic scratch folder selection
/scratch/pobleyef/284402
/scratch/pobleyef/284402 directory
cp W4-11-p.jl W4-11-p.jld2 to  /scratch/pobleyef/284402/.
Computing Integrals
Basis Set                                            = def2-qzvp
Auxiliary Basis Set                                  = def2-universal-jkfit
Gaussian Type                                        = Spherical
Elapsed time:    3.56 Seconds

Number of basis functions                   (NBF)    = 70
Number of auxiliary basis functions         (NBFAUX) = 128
Inactive Doubly occupied orbitals up to     (NO1)    = 0
No. considered Strongly Doubly occupied MOs (NDOC)   = 6
No. considered Strongly Singly occupied MOs (NSOC)   = 3
NO. of Weakly occ. per St. Doubly occ.  MOs (NCWO)   = 10
Dimension of the Nat. Orb. subspace         (NBF5)   = 69
No. of electrons                                     = 15
    No. of alpha electrons                           = 9
    No. of beta electrons                            = 6
Multiplicity                                         = 4

Geometry
========
 P       0.0000000       0.0000000       0.0000000

No violations of the orthonormality
No violations of the orthonormality
 
PNOF8/ADABelief Calculation
==================
 
  Nitext  Nit_orb  Time   Nit_occ  Time         Eelec          Etot           Ediff      maxdiff    MaxGrad_orb  Grad_occ
     1      10    2.8e+01   37    3.4e+01  -340.95590611  -340.95590611 -10339.95590611   0.014969   6.2e-02   2.1e-04 0.03
     2      20    1.6e-01   15    7.7e-02  -341.01593268  -341.01593268    -0.06002657   0.141505   5.7e-01   1.5e-04 0.03
     3      20    1.5e-01   17    8.8e-02  -341.03628392  -341.03628392    -0.02035124   0.085472   3.4e-01   2.5e-04 0.03
     4      20    1.5e-01   19    9.9e-02  -341.04131965  -341.04131965    -0.00503573   0.054760   2.2e-01   1.5e-04 0.03
     5      20    1.4e-01   17    9.3e-02  -341.04470013  -341.04470013    -0.00338048   0.042000   1.7e-01   1.5e-04 0.03
     6      20    1.4e-01   14    1.6e-01  -341.04680355  -341.04680355    -0.00210342   0.029193   1.2e-01   1.8e-04 0.02
     7      20    1.0e-01   10    5.4e-02  -341.04897365  -341.04897365    -0.00217011   0.030175   1.2e-01   2.0e-04 0.02
     8      20    1.1e-01   10    6.1e-02  -341.04992430  -341.04992430    -0.00095065   0.026606   1.1e-01   2.1e-04 0.02
     9      20    1.3e-01   10    6.1e-02  -341.05135254  -341.05135254    -0.00142824   0.029278   1.2e-01   1.6e-04 0.02
    10      20    1.1e-01    4    2.7e-02  -341.05172089  -341.05172089    -0.00036835   0.024122   9.6e-02   1.8e-04 0.02
    11      20    1.4e-01    7    4.3e-02  -341.05196265  -341.05196265    -0.00024176   0.018779   7.5e-02   1.7e-04 0.02
    12      20    1.4e-01    0    6.4e-03  -341.05199699  -341.05199699    -0.00003434   0.018779   7.5e-02   1.7e-04 0.02
    13      40    2.3e-01    4    2.8e-02  -341.05369833  -341.05369833    -0.00170133   0.003872   1.5e-02   2.1e-04 0.02
    14      40    2.3e-01    6    3.8e-02  -341.05377222  -341.05377222    -0.00007389   0.005312   2.1e-02   1.2e-04 0.02
    15      40    2.3e-01    1    1.6e-02  -341.05386320  -341.05386320    -0.00009099   0.004660   1.9e-02   2.4e-04 0.02
    16      40    2.4e-01    6    3.5e-02  -341.05389742  -341.05389742    -0.00003422   0.007397   3.0e-02   1.7e-04 0.02
    17      40    2.3e-01    1    1.6e-02  -341.05398481  -341.05398481    -0.00008738   0.006990   2.8e-02   2.1e-04 0.02
    18      40    2.3e-01    5    3.2e-02  -341.05401072  -341.05401072    -0.00002591   0.006678   2.7e-02   2.1e-04 0.02
    19      40    2.5e-01    1    9.5e-03  -341.05406710  -341.05406710    -0.00005638   0.006469   2.6e-02   1.9e-04 0.02
    20      40    2.0e-01    3    2.1e-02  -341.05408082  -341.05408082    -0.00001372   0.005915   2.4e-02   1.6e-04 0.02
    21      40    2.3e-01    1    9.6e-03  -341.05410861  -341.05410861    -0.00002779   0.005405   2.2e-02   1.6e-04 0.02
    22      40    2.6e-01    2    1.3e-02  -341.05411290  -341.05411290    -0.00000429   0.004724   1.9e-02   2.3e-04 0.02
    23      40    2.3e-01    5    3.1e-02  -341.05413058  -341.05413058    -0.00001768   0.004576   1.8e-02   1.6e-04 0.02
    24      40    2.2e-01    1    1.5e-02  -341.05415148  -341.05415148    -0.00002090   0.004089   1.6e-02   1.3e-04 0.02
    25      40    2.3e-01    0    6.1e-03  -341.05415179  -341.05415179    -0.00000031   0.004089   1.6e-02   1.3e-04 0.02
    26      60    3.4e-01    0    6.3e-03  -341.05422055  -341.05422055    -0.00006876   0.000587   2.3e-03   1.5e-04 0.02
 
RESULTS OF THE OCCUPATION OPTIMIZATION
========================================
   1    1.9999980  -80.02379759
   2    1.9996970  -7.55069712
   3    1.9952173  -5.42367469
   4    1.9951957  -5.42360174
   5    1.9951961  -5.42359395
   6    1.9652067  -0.71793437
   7    1.0000000  -0.20723569
   8    1.0000000  -0.20720152
   9    1.0000000  -0.20719894
  10    0.0085998  -0.02095851
  11    0.0025933  -0.02271222
  12    0.0025909  -0.02270101
  13    0.0025932  -0.02271253
  14    0.0001054  -0.00358417
  15    0.0000017  -0.00007801
  16    0.0050789  -0.00846467
  17    0.0009245  -0.00974587
  18    0.0009310  -0.00990131
  19    0.0009249  -0.00977013
  20    0.0000904  -0.00042497
  21    0.0000002  -0.00000582
  22    0.0050185  -0.00843083
  23    0.0009057  -0.00714344
  24    0.0009076  -0.00708455
  25    0.0009137  -0.00713486
  26    0.0000366  -0.00021488
  27    0.0000000  -0.00000135
  28    0.0050179  -0.00841290
  29    0.0002571  -0.00271867
  30    0.0002528  -0.00270388
  31    0.0002529  -0.00270482
  32    0.0000195  -0.00096650
  33    0.0000000  -0.00000090
  34    0.0050055  -0.00841180
  35    0.0000545  -0.00033887
  36    0.0000501  -0.00032617
  37    0.0000296  -0.00019362
  38    0.0000137  -0.00006912
  39    0.0000000  -0.00000079
  40    0.0049984  -0.00838869
  41    0.0000250  -0.00018229
  42    0.0000267  -0.00018520
  43    0.0000281  -0.00018918
  44    0.0000111  -0.00006369
  45    0.0000000  -0.00000079
  46    0.0002710  -0.00053870
  47    0.0000247  -0.00017775
  48    0.0000253  -0.00018197
  49    0.0000237  -0.00018908
  50    0.0000082  -0.00005637
  51    0.0000000  -0.00000076
  52    0.0002681  -0.00053610
  53    0.0000068  -0.00005124
  54    0.0000069  -0.00005210
  55    0.0000063  -0.00005030
  56    0.0000071  -0.00004404
  57    0.0000000  -0.00000076
  58    0.0002680  -0.00053598
  59    0.0000066  -0.00005038
  60    0.0000068  -0.00005152
  61    0.0000060  -0.00003989
  62    0.0000065  -0.00003474
  63    0.0000000  -0.00000042
  64    0.0002672  -0.00053524
  65    0.0000057  -0.00019855
  66    0.0000063  -0.00007008
  67    0.0000043  -0.00031735
  68    0.0000048  -0.00011972
  69    0.0000000  -0.00000040
 
----------------
 Final Energies 
----------------
Final NOF Total Energy =    -341.0542205
 
Total Orbital Internal Iterations = 810
Total Occupation Internal Iterations = 196
 
Elapsed time:   87.43 Seconds

---------------------------------
   Lowdin Population Analysis    
---------------------------------
 Idx  Atom   Population   Charge 
---------------------------------
  1     P    15.000       0.000

---------------------------------
   M Diagnostic: 0.02
---------------------------------

Recovering execution output...
Moving from /scratch/pobleyef/284402 to /home-nas/pobleyef/Poison-NOF/ncwomax/P30-5/GNOFa/arina.284402
mkdir -p /home-nas/pobleyef/Poison-NOF/ncwomax/P30-5/GNOFa/arina.284402
mv /scratch/pobleyef/284402/* /home-nas/pobleyef/Poison-NOF/ncwomax/P30-5/GNOFa/arina.284402
