Computing Integrals
Basis Set                                            = def2-qzvp
Auxiliary Basis Set                                  = def2-universal-jkfit
Gaussian Type                                        = Spherical
Elapsed time:    3.79 Seconds

Number of basis functions                   (NBF)    = 201
Number of auxiliary basis functions         (NBFAUX) = 249
Inactive Doubly occupied orbitals up to     (NO1)    = 0
No. considered Strongly Doubly occupied MOs (NDOC)   = 12
No. considered Strongly Singly occupied MOs (NSOC)   = 1
NO. of Weakly occ. per St. Doubly occ.  MOs (NCWO)   = 15
Dimension of the Nat. Orb. subspace         (NBF5)   = 193
No. of electrons                                     = 25
    No. of alpha electrons                           = 13
    No. of beta electrons                            = 12
Multiplicity                                         = 2

Geometry
========
 O       1.1743930       0.1943130       0.0000000
 O       0.0000000       0.5531800       0.0000000
 O      -0.9504710      -0.7177150       0.0000000
 H      -1.7913740      -0.2382290       0.0000000

No violations of the orthonormality
No violations of the orthonormality
 
PNOF8/ADABelief Calculation
==================
 
  Nitext  Nit_orb  Time   Nit_occ  Time         Eelec          Etot           Ediff      maxdiff    MaxGrad_orb  Grad_occ
     1      10    2.7e+01    5    2.9e+01  -297.29279307  -225.77923015 -10296.29279307   0.001541   6.2e-03   2.7e-04 0.29
     2      20    8.7e+00    0    1.9e-01  -297.29337514  -225.77981223    -0.00058207   0.001541   6.2e-03   2.7e-04 0.29
     3      40    1.7e+01    7    5.5e-01  -297.29361271  -225.78004980    -0.00023757   0.007361   2.9e-02   1.9e-04 0.28
     4      40    2.1e+01    6    4.4e-01  -297.29392449  -225.78036157    -0.00031177   0.005212   2.1e-02   2.0e-04 0.28
     5      40    2.8e+01    6    4.8e-01  -297.29411466  -225.78055174    -0.00019017   0.005041   2.0e-02   2.1e-04 0.28
     6      40    2.6e+01    6    6.3e-01  -297.29429163  -225.78072871    -0.00017697   0.005635   2.3e-02   2.3e-04 0.28
     7      40    2.2e+01    6    5.4e-01  -297.29446832  -225.78090541    -0.00017670   0.005854   2.3e-02   2.5e-04 0.28
     8      40    2.4e+01    6    5.2e-01  -297.29470446  -225.78114154    -0.00023614   0.005557   2.2e-02   2.4e-04 0.28
     9      40    2.1e+01    6    4.7e-01  -297.29486835  -225.78130543    -0.00016389   0.006683   2.7e-02   2.4e-04 0.28
    10      40    2.8e+01    3    3.8e-01  -297.29508284  -225.78151993    -0.00021449   0.005669   2.3e-02   2.7e-04 0.28
    11      40    2.8e+01    4    4.6e-01  -297.29524249  -225.78167958    -0.00015965   0.006759   2.7e-02   2.4e-04 0.28
    12      40    4.3e+01    6    5.5e-01  -297.29544309  -225.78188018    -0.00020060   0.005548   2.2e-02   2.5e-04 0.28
    13      40    2.8e+01    6    4.8e-01  -297.29564936  -225.78208644    -0.00020626   0.005058   2.0e-02   2.3e-04 0.28
    14      40    2.8e+01    3    3.4e-01  -297.29587845  -225.78231554    -0.00022909   0.003813   1.5e-02   2.9e-04 0.28
    15      40    2.1e+01    4    4.1e-01  -297.29606614  -225.78250323    -0.00018769   0.003987   1.6e-02   2.4e-04 0.28
    16      40    2.7e+01    6    5.8e-01  -297.29629046  -225.78272754    -0.00022431   0.004931   2.0e-02   2.3e-04 0.28
    17      40    3.5e+01   17    1.2e+00  -297.29651318  -225.78295027    -0.00022272   0.004816   1.9e-02   1.8e-04 0.28
    18      40    2.3e+01    6    6.6e-01  -297.29679200  -225.78322909    -0.00027882   0.004587   1.8e-02   1.4e-04 0.28
    19      40    1.5e+01    6    5.7e-01  -297.29695513  -225.78339222    -0.00016313   0.005983   2.4e-02   1.9e-04 0.28
    20      40    2.5e+01    6    4.7e-01  -297.29712567  -225.78356276    -0.00017054   0.005231   2.1e-02   1.7e-04 0.28
    21      40    2.3e+01    6    4.6e-01  -297.29730660  -225.78374368    -0.00018092   0.005477   2.2e-02   2.0e-04 0.28
    22      40    4.0e+01    3    3.3e-01  -297.29746007  -225.78389716    -0.00015348   0.004195   1.7e-02   2.3e-04 0.28
    23      40    3.5e+01    9    7.2e-01  -297.29754021  -225.78397730    -0.00008014   0.005303   2.1e-02   1.8e-04 0.28
    24      40    2.1e+01    4    3.7e-01  -297.29763525  -225.78407234    -0.00009504   0.005837   2.3e-02   1.8e-04 0.28
    25      40    2.2e+01    6    4.8e-01  -297.29767428  -225.78411136    -0.00003902   0.005185   2.1e-02   1.5e-04 0.28
    26      40    1.9e+01    6    5.0e-01  -297.29773522  -225.78417230    -0.00006094   0.004759   1.9e-02   1.5e-04 0.28
    27      40    1.6e+01    6    4.9e-01  -297.29780045  -225.78423753    -0.00006523   0.003704   1.5e-02   1.3e-04 0.28
    28      40    3.5e+01    6    6.1e-01  -297.29786880  -225.78430589    -0.00006835   0.004383   1.8e-02   1.3e-04 0.28
    29      40    2.8e+01    9    7.0e-01  -297.29800730  -225.78444438    -0.00013849   0.003983   1.6e-02   2.1e-04 0.28
    30      40    3.2e+01    4    4.1e-01  -297.29812242  -225.78455950    -0.00011512   0.004540   1.8e-02   2.2e-04 0.28
    31      40    2.2e+01    6    4.6e-01  -297.29828052  -225.78471760    -0.00015810   0.004409   1.8e-02   1.6e-04 0.28
    32      40    4.9e+01    6    4.7e-01  -297.29839647  -225.78483355    -0.00011595   0.005343   2.1e-02   1.8e-04 0.28
    33      40    2.6e+01    1    2.1e-01  -297.29852734  -225.78496442    -0.00013087   0.004904   2.0e-02   2.3e-04 0.28
    34      40    3.8e+01    6    4.8e-01  -297.29856068  -225.78499777    -0.00003334   0.005034   2.0e-02   1.6e-04 0.28
    35      40    1.7e+01    1    1.6e-01  -297.29865248  -225.78508957    -0.00009180   0.004891   2.0e-02   2.1e-04 0.28
    36      40    2.5e+01    0    1.0e-01  -297.29865326  -225.78509034    -0.00000078   0.004891   2.0e-02   2.1e-04 0.28
    37      60    3.6e+01    0    9.6e-02  -297.29890983  -225.78534692    -0.00025657   0.000504   2.0e-03   2.4e-04 0.28
 
RESULTS OF THE OCCUPATION OPTIMIZATION
========================================
   1    1.9999648  -20.72975341
   2    1.9999716  -20.70420366
   3    1.9999721  -20.69518362
   4    1.9866264  -1.46228581
   5    1.9860170  -1.37353440
   6    1.9833177  -1.22489515
   7    1.9667465  -0.83532160
   8    1.9712021  -0.77427827
   9    1.9761342  -0.73675667
  10    1.9760072  -0.68739029
  11    1.9747427  -0.59507824
  12    1.7207437  -0.57626936
  13    1.0000000  -0.30174589
  14    0.2792375  -0.12171335
  15    0.0117709  -0.01840380
  16    0.0095475  -0.01575639
  17    0.0087442  -0.01446693
  18    0.0228016  -0.03224269
  19    0.0327207  -0.05752605
  20    0.0078418  -0.01908679
  21    0.0070770  -0.01861717
  22    0.0061567  -0.01703131
  23    0.0000094  -0.00033085
  24    0.0000092  -0.00034096
  25    0.0000159  -0.00046612
  26    0.0000059  -0.00000469
  27    0.0046955  -0.00861942
  28    0.0048881  -0.00895988
  29    0.0051741  -0.00919596
  30    0.0030737  -0.00604565
  31    0.0002558  -0.00081622
  32    0.0035429  -0.00780107
  33    0.0028997  -0.00730424
  34    0.0021987  -0.00736257
  35    0.0000042  -0.00006784
  36    0.0000043  -0.00008189
  37    0.0000038  -0.00006004
  38    0.0000046  -0.00000340
  39    0.0042546  -0.00807778
  40    0.0042849  -0.00802372
  41    0.0047936  -0.00843856
  42    0.0023626  -0.00505009
  43    0.0000838  -0.00039870
  44    0.0019341  -0.00516111
  45    0.0011688  -0.00439296
  46    0.0018216  -0.00485283
  47    0.0000038  -0.00005961
  48    0.0000035  -0.00005435
  49    0.0000032  -0.00005395
  50    0.0000019  -0.00000249
  51    0.0028030  -0.00559170
  52    0.0037983  -0.00709293
  53    0.0024272  -0.00522108
  54    0.0002453  -0.00077408
  55    0.0000683  -0.00033275
  56    0.0010761  -0.00324604
  57    0.0007352  -0.00249950
  58    0.0009066  -0.00376024
  59    0.0000033  -0.00005539
  60    0.0000033  -0.00005469
  61    0.0000030  -0.00005472
  62    0.0000011  -0.00000210
  63    0.0005521  -0.00141535
  64    0.0003966  -0.00114355
  65    0.0010962  -0.00311551
  66    0.0000707  -0.00032116
  67    0.0000189  -0.00011357
  68    0.0006708  -0.00236068
  69    0.0005713  -0.00463390
  70    0.0006092  -0.00205129
  71    0.0000020  -0.00004182
  72    0.0000024  -0.00004540
  73    0.0000022  -0.00004301
  74    0.0000010  -0.00000100
  75    0.0003920  -0.00109377
  76    0.0002273  -0.00068990
  77    0.0003892  -0.00131834
  78    0.0000646  -0.00026310
  79    0.0000173  -0.00010803
  80    0.0004618  -0.00303922
  81    0.0004365  -0.00168341
  82    0.0005276  -0.00495019
  83    0.0000011  -0.00002773
  84    0.0000018  -0.00004154
  85    0.0000019  -0.00004174
  86    0.0000008  -0.00000086
  87    0.0002480  -0.00076187
  88    0.0001799  -0.00061468
  89    0.0003279  -0.00106748
  90    0.0000376  -0.00015327
  91    0.0000142  -0.00009188
  92    0.0003234  -0.00105261
  93    0.0002440  -0.00082835
  94    0.0003889  -0.00203959
  95    0.0000011  -0.00002738
  96    0.0000015  -0.00003424
  97    0.0000016  -0.00003792
  98    0.0000007  -0.00000066
  99    0.0001860  -0.00056797
 100    0.0001729  -0.00060917
 101    0.0002577  -0.00075978
 102    0.0000308  -0.00014167
 103    0.0000106  -0.00006972
 104    0.0002424  -0.00081450
 105    0.0002360  -0.00078875
 106    0.0002300  -0.00084170
 107    0.0000007  -0.00002093
 108    0.0000007  -0.00001937
 109    0.0000011  -0.00003076
 110    0.0000006  -0.00000093
 111    0.0001412  -0.00048405
 112    0.0001623  -0.00052612
 113    0.0002559  -0.00074136
 114    0.0000272  -0.00011961
 115    0.0000101  -0.00006880
 116    0.0002247  -0.00079072
 117    0.0002318  -0.00083416
 118    0.0001795  -0.00075888
 119    0.0000006  -0.00001745
 120    0.0000005  -0.00001624
 121    0.0000008  -0.00002089
 122    0.0000005  -0.00000051
 123    0.0001310  -0.00046103
 124    0.0001472  -0.00051615
 125    0.0002028  -0.00062853
 126    0.0000194  -0.00009461
 127    0.0000097  -0.00006784
 128    0.0001563  -0.00072748
 129    0.0001735  -0.00074635
 130    0.0001316  -0.00057110
 131    0.0000004  -0.00001381
 132    0.0000003  -0.00002766
 133    0.0000005  -0.00001524
 134    0.0000004  -0.00000051
 135    0.0000233  -0.00012574
 136    0.0001162  -0.00046958
 137    0.0000795  -0.00033408
 138    0.0000140  -0.00008578
 139    0.0000095  -0.00006717
 140    0.0001069  -0.00067950
 141    0.0000895  -0.00074516
 142    0.0000927  -0.00078513
 143    0.0000004  -0.00001544
 144    0.0000002  -0.00001209
 145    0.0000004  -0.00001235
 146    0.0000004  -0.00000050
 147    0.0000172  -0.00010129
 148    0.0000234  -0.00013541
 149    0.0000428  -0.00021958
 150    0.0000137  -0.00007987
 151    0.0000091  -0.00006609
 152    0.0000418  -0.00024979
 153    0.0000493  -0.00057153
 154    0.0000703  -0.00090779
 155    0.0000004  -0.00003095
 156    0.0000002  -0.00000533
 157    0.0000003  -0.00003369
 158    0.0000003  -0.00000025
 159    0.0000148  -0.00009004
 160    0.0000181  -0.00010638
 161    0.0000392  -0.00019508
 162    0.0000126  -0.00007851
 163    0.0000087  -0.00006203
 164    0.0000227  -0.00013825
 165    0.0000323  -0.00022305
 166    0.0000216  -0.00013152
 167    0.0000002  -0.00000390
 168    0.0000002  -0.00000354
 169    0.0000002  -0.00001231
 170    0.0000003  -0.00000035
 171    0.0000143  -0.00008573
 172    0.0000150  -0.00009535
 173    0.0000190  -0.00010800
 174    0.0000123  -0.00007263
 175    0.0000085  -0.00006174
 176    0.0000192  -0.00011653
 177    0.0000200  -0.00012431
 178    0.0000196  -0.00012567
 179    0.0000002  -0.00000382
 180    0.0000001  -0.00000233
 181    0.0000002  -0.00000874
 182    0.0000003  -0.00000039
 183    0.0000134  -0.00007934
 184    0.0000150  -0.00009197
 185    0.0000164  -0.00009705
 186    0.0000119  -0.00007124
 187    0.0000082  -0.00005955
 188    0.0000175  -0.00011701
 189    0.0000180  -0.00011666
 190    0.0000190  -0.00012347
 191    0.0000001  -0.00000186
 192    0.0000001  -0.00000177
 193    0.0000001  -0.00000248
 
----------------
 Final Energies 
----------------
Final NOF Total Energy =    -225.7853469
 
Total Orbital Internal Iterations = 1450
Total Occupation Internal Iterations = 194
 
Elapsed time: 1068.05 Seconds

---------------------------------
   Lowdin Population Analysis    
---------------------------------
 Idx  Atom   Population   Charge 
---------------------------------
  1     O     8.004      -0.004
  2     O     7.971       0.029
  3     O     7.636       0.364
  4     H     1.389      -0.389

---------------------------------
   M Diagnostic: 0.28
---------------------------------

