W4-11-si
/software/eb2024/easybuild/software/common/software/Julia/1.11.3-linux-x86_64/bin/julia
Job runing on na19
Choosing scratch ...
Automatic scratch folder selection
/scratch/pobleyef/284405
/scratch/pobleyef/284405 directory
cp W4-11-si.jl W4-11-si.jld2 to  /scratch/pobleyef/284405/.
Computing Integrals
Basis Set                                            = def2-qzvp
Auxiliary Basis Set                                  = def2-universal-jkfit
Gaussian Type                                        = Spherical
Elapsed time:    2.25 Seconds

Number of basis functions                   (NBF)    = 70
Number of auxiliary basis functions         (NBFAUX) = 128
Inactive Doubly occupied orbitals up to     (NO1)    = 0
No. considered Strongly Doubly occupied MOs (NDOC)   = 6
No. considered Strongly Singly occupied MOs (NSOC)   = 2
NO. of Weakly occ. per St. Doubly occ.  MOs (NCWO)   = 10
Dimension of the Nat. Orb. subspace         (NBF5)   = 68
No. of electrons                                     = 14
    No. of alpha electrons                           = 8
    No. of beta electrons                            = 6
Multiplicity                                         = 3

Geometry
========
Si       0.0000000       0.0000000       0.0000000

No violations of the orthonormality
No violations of the orthonormality
 
PNOF8/ADABelief Calculation
==================
 
  Nitext  Nit_orb  Time   Nit_occ  Time         Eelec          Etot           Ediff      maxdiff    MaxGrad_orb  Grad_occ
     1      10    1.6e+01   44    2.0e+01  -289.02500181  -289.02500181 -10288.02500181   0.021504   8.6e-02   1.8e-04 0.05
     2      20    2.0e-01   32    8.3e-02  -289.09530683  -289.09530683    -0.07030502   0.281388   1.1e+00   2.0e-04 0.04
     3      20    9.5e-02   33    1.3e-01  -289.13729733  -289.13729733    -0.04199050   0.012732   5.1e-02   1.4e-04 0.04
     4      20    6.1e-02   16    4.1e-02  -289.14497175  -289.14497175    -0.00767443   0.040013   1.6e-01   1.6e-04 0.04
     5      20    6.4e-02   16    4.1e-02  -289.14774977  -289.14774977    -0.00277801   0.030665   1.2e-01   1.3e-04 0.04
     6      20    6.4e-02   13    3.0e-02  -289.15167763  -289.15167763    -0.00392787   0.024696   9.9e-02   2.1e-04 0.04
     7      20    8.9e-02    7    2.2e-02  -289.15311793  -289.15311793    -0.00144030   0.029640   1.2e-01   1.6e-04 0.04
     8      20    9.2e-02    7    1.5e-02  -289.15416813  -289.15416813    -0.00105020   0.022183   8.9e-02   1.9e-04 0.04
     9      20    5.7e-02    8    2.1e-02  -289.15465494  -289.15465494    -0.00048681   0.022134   8.9e-02   2.0e-04 0.04
    10      20    7.1e-02    0    6.0e-03  -289.15470254  -289.15470254    -0.00004760   0.022134   8.9e-02   2.0e-04 0.04
    11      40    1.6e-01    7    1.9e-02  -289.15577026  -289.15577026    -0.00106771   0.002964   1.2e-02   1.5e-04 0.04
    12      40    1.1e-01    7    2.2e-02  -289.15591613  -289.15591613    -0.00014587   0.005233   2.1e-02   1.6e-04 0.04
    13      40    1.6e-01    6    1.7e-02  -289.15601582  -289.15601582    -0.00009969   0.004635   1.9e-02   1.6e-04 0.04
    14      40    1.7e-01    3    8.9e-03  -289.15609320  -289.15609320    -0.00007738   0.006016   2.4e-02   2.4e-04 0.04
    15      40    1.3e-01    7    2.3e-02  -289.15614683  -289.15614683    -0.00005363   0.004114   1.6e-02   1.2e-04 0.04
    16      40    1.5e-01    3    1.1e-02  -289.15621882  -289.15621882    -0.00007198   0.004294   1.7e-02   1.9e-04 0.04
    17      40    1.5e-01    6    2.2e-02  -289.15627072  -289.15627072    -0.00005191   0.003967   1.6e-02   1.4e-04 0.04
    18      40    1.8e-01    3    1.3e-02  -289.15631645  -289.15631645    -0.00004573   0.004082   1.6e-02   1.6e-04 0.04
    19      40    1.8e-01    2    1.0e-02  -289.15636216  -289.15636216    -0.00004571   0.003889   1.6e-02   2.2e-04 0.04
    20      40    1.6e-01    4    9.7e-03  -289.15638817  -289.15638817    -0.00002601   0.004298   1.7e-02   1.4e-04 0.04
    21      40    1.4e-01    1    7.5e-03  -289.15641897  -289.15641897    -0.00003080   0.004027   1.6e-02   2.1e-04 0.04
    22      40    1.3e-01    4    1.4e-02  -289.15644609  -289.15644609    -0.00002712   0.003797   1.5e-02   1.4e-04 0.04
    23      40    1.7e-01    2    1.0e-02  -289.15647016  -289.15647016    -0.00002407   0.003676   1.5e-02   1.7e-04 0.04
    24      40    1.7e-01    4    1.3e-02  -289.15650133  -289.15650133    -0.00003117   0.003097   1.2e-02   1.3e-04 0.04
    25      40    1.6e-01    2    6.5e-03  -289.15653197  -289.15653197    -0.00003064   0.002728   1.1e-02   1.8e-04 0.04
    26      40    1.5e-01    2    1.1e-02  -289.15655556  -289.15655556    -0.00002359   0.002945   1.2e-02   1.8e-04 0.04
    27      40    1.7e-01    4    1.3e-02  -289.15657881  -289.15657881    -0.00002325   0.002923   1.2e-02   1.1e-04 0.04
    28      40    1.9e-01    0    3.0e-03  -289.15658431  -289.15658431    -0.00000550   0.002923   1.2e-02   1.1e-04 0.04
    29      60    2.0e-01    0    3.5e-03  -289.15662044  -289.15662044    -0.00003613   0.000490   2.0e-03   1.5e-04 0.04
 
RESULTS OF THE OCCUPATION OPTIMIZATION
========================================
   1    1.9999967  -68.87717461
   2    1.9984106  -6.18589686
   3    1.9947695  -4.28319384
   4    1.9941076  -4.27989468
   5    1.9923189  -4.27549074
   6    1.9534394  -0.55834628
   7    1.0000000  -0.15983199
   8    1.0000000  -0.15973899
   9    0.0289550  -0.02555121
  10    0.0030134  -0.02126261
  11    0.0037844  -0.03099305
  12    0.0032758  -0.02207483
  13    0.0012282  -0.00841951
  14    0.0000030  -0.00031269
  15    0.0059817  -0.00608321
  16    0.0018547  -0.01439702
  17    0.0016782  -0.01029249
  18    0.0017388  -0.01049808
  19    0.0002967  -0.00647128
  20    0.0000001  -0.00000196
  21    0.0059261  -0.00597211
  22    0.0015362  -0.00977490
  23    0.0001398  -0.00109844
  24    0.0000577  -0.00183246
  25    0.0000182  -0.00012619
  26    0.0000001  -0.00000160
  27    0.0014554  -0.00153580
  28    0.0012082  -0.00790010
  29    0.0001317  -0.00102981
  30    0.0000442  -0.00021093
  31    0.0000152  -0.00012564
  32    0.0000000  -0.00000157
  33    0.0014482  -0.00152545
  34    0.0000254  -0.00015418
  35    0.0001046  -0.00078261
  36    0.0000350  -0.00018987
  37    0.0000096  -0.00060246
  38    0.0000000  -0.00000123
  39    0.0009351  -0.00105159
  40    0.0000179  -0.00022892
  41    0.0000291  -0.00016296
  42    0.0000269  -0.00015874
  43    0.0000059  -0.00003238
  44    0.0000000  -0.00000087
  45    0.0006000  -0.00092639
  46    0.0000073  -0.00003886
  47    0.0000087  -0.00004916
  48    0.0000234  -0.00014014
  49    0.0000053  -0.00002769
  50    0.0000000  -0.00000081
  51    0.0005997  -0.00092230
  52    0.0000069  -0.00003543
  53    0.0000064  -0.00003203
  54    0.0000155  -0.00021553
  55    0.0000038  -0.00001625
  56    0.0000000  -0.00000075
  57    0.0003300  -0.00045489
  58    0.0000062  -0.00003192
  59    0.0000054  -0.00002735
  60    0.0000074  -0.00004606
  61    0.0000033  -0.00001480
  62    0.0000000  -0.00000066
  63    0.0003295  -0.00045471
  64    0.0000049  -0.00002624
  65    0.0000040  -0.00002187
  66    0.0000057  -0.00002891
  67    0.0000032  -0.00001708
  68    0.0000000  -0.00000063
 
----------------
 Final Energies 
----------------
Final NOF Total Energy =    -289.1566204
 
Total Orbital Internal Iterations = 970
Total Occupation Internal Iterations = 243
 
Elapsed time:   53.05 Seconds

---------------------------------
   Lowdin Population Analysis    
---------------------------------
 Idx  Atom   Population   Charge 
---------------------------------
  1    Si    14.000       0.000

---------------------------------
   M Diagnostic: 0.04
---------------------------------

Recovering execution output...
Moving from /scratch/pobleyef/284405 to /home-nas/pobleyef/Poison-NOF/ncwomax/P30-5/GNOFa/arina.284405
mkdir -p /home-nas/pobleyef/Poison-NOF/ncwomax/P30-5/GNOFa/arina.284405
mv /scratch/pobleyef/284405/* /home-nas/pobleyef/Poison-NOF/ncwomax/P30-5/GNOFa/arina.284405
