W4-11-so3
/software/eb2024/easybuild/software/common/software/Julia/1.11.3-linux-x86_64/bin/julia
Job runing on na10
Choosing scratch ...
Automatic scratch folder selection
/scratch/pobleyef/283680
/scratch/pobleyef/283680 directory
cp W4-11-so3.jl W4-11-so3.jld2 to  /scratch/pobleyef/283680/.
W4-11-so3_C.jld2 not found
W4-11-so3_n.jld2 not found
Computing Integrals
Basis Set                                            = def2-qzvp
Auxiliary Basis Set                                  = def2-universal-jkfit
Gaussian Type                                        = Spherical
Elapsed time:    7.09 Seconds

Number of basis functions                   (NBF)    = 241
Number of auxiliary basis functions         (NBFAUX) = 359
Inactive Doubly occupied orbitals up to     (NO1)    = 0
No. considered Strongly Doubly occupied MOs (NDOC)   = 20
No. considered Strongly Singly occupied MOs (NSOC)   = 0
NO. of Weakly occ. per St. Doubly occ.  MOs (NCWO)   = 1
Dimension of the Nat. Orb. subspace         (NBF5)   = 40
No. of electrons                                     = 40
    No. of alpha electrons                           = 20
    No. of beta electrons                            = 20
Multiplicity                                         = 1

Geometry
========
 S       0.0000000       0.0000000       0.0000000
 O       0.0000000       1.4227900       0.0000000
 O       1.2321720      -0.7113950       0.0000000
 O      -1.2321720      -0.7113950       0.0000000

No violations of the orthonormality
No violations of the orthonormality
 
PNOF8/ADABelief Calculation
==================
 
  Nitext  Nit_orb  Time   Nit_occ  Time         Eelec          Etot           Ediff      maxdiff    MaxGrad_orb  Grad_occ
     1      10    4.4e+01    7    2.0e+01  -762.89506231  -578.84576595 -10761.89506231   2.208033   8.8e+00   8.2e-05 0.00
     2      10    2.5e+01   10    5.1e-02  -793.20613955  -609.15684319   -30.31107724   0.533757   2.1e+00   1.1e-04 0.02
     3      10    2.4e+01   11    3.9e-02  -803.71855960  -619.66926324   -10.51242005   0.305457   1.2e+00   3.2e-04 0.04
     4      10    2.3e+01   10    5.7e-02  -805.55598964  -621.50669328    -1.83743004   0.695245   2.8e+00   1.3e-04 0.04
     5      10    2.2e+01    9    5.0e-02  -805.89681875  -621.84752240    -0.34082911   0.529078   2.1e+00   1.9e-04 0.04
     6      10    2.7e+01    0    3.6e-02  -805.89999417  -621.85069782    -0.00317542   0.529078   2.1e+00   1.9e-04 0.04
     7      30    6.3e+01    9    2.8e-02  -806.50374841  -622.45445205    -0.60375424   0.056665   2.3e-01   2.3e-04 0.05
     8      30    6.7e+01    8    5.5e-02  -806.78519362  -622.73589726    -0.28144521   0.074527   3.0e-01   2.3e-04 0.04
     9      30    6.5e+01    8    7.1e-02  -807.01124484  -622.96194848    -0.22605122   0.051111   2.0e-01   2.0e-04 0.04
    10      30    6.8e+01    6    4.5e-02  -807.07659726  -623.02730091    -0.06535242   0.050687   2.0e-01   2.6e-04 0.04
    11      30    5.6e+01    6    5.0e-02  -807.08290000  -623.03360364    -0.00630274   0.045417   1.8e-01   2.0e-04 0.04
    12      30    5.8e+01    5    3.8e-02  -807.08808068  -623.03878432    -0.00518068   0.036343   1.5e-01   1.9e-04 0.04
    13      30    5.6e+01    5    3.9e-02  -807.08851641  -623.03922005    -0.00043573   0.032928   1.3e-01   9.5e-05 0.04
    14      30    6.6e+01    5    3.3e-02  -807.08930221  -623.04000585    -0.00078579   0.030738   1.2e-01   1.2e-04 0.04
    15      30    7.6e+01    0    1.5e-02  -807.08940047  -623.04010411    -0.00009826   0.030738   1.2e-01   1.2e-04 0.04
    16      50    9.7e+01    5    1.4e-01  -807.09565180  -623.04635544    -0.00625133   0.004061   1.6e-02   9.9e-05 0.04
    17      50    1.1e+02    3    1.7e-02  -807.09574100  -623.04644464    -0.00008920   0.008534   3.4e-02   1.1e-04 0.04
    18      50    1.0e+02    3    1.9e-02  -807.09607128  -623.04677492    -0.00033028   0.005146   2.1e-02   1.1e-04 0.04
    19      50    1.0e+02    2    1.8e-02  -807.09617063  -623.04687428    -0.00009936   0.005547   2.2e-02   2.3e-04 0.04
    20      50    1.1e+02    2    5.3e-02  -807.09629887  -623.04700251    -0.00012824   0.005351   2.1e-02   1.9e-04 0.04
    21      50    1.0e+02    2    6.6e-02  -807.09637004  -623.04707368    -0.00007117   0.005130   2.1e-02   1.8e-04 0.04
    22      50    1.1e+02    2    5.9e-02  -807.09643735  -623.04714100    -0.00006731   0.005298   2.1e-02   1.6e-04 0.04
    23      50    1.0e+02    2    4.3e-02  -807.09650790  -623.04721154    -0.00007054   0.005167   2.1e-02   1.6e-04 0.04
    24      50    9.9e+01    2    2.4e-02  -807.09658439  -623.04728803    -0.00007649   0.005542   2.2e-02   1.5e-04 0.04
    25      50    1.0e+02    2    1.7e-02  -807.09666788  -623.04737152    -0.00008349   0.005589   2.2e-02   1.9e-04 0.04
    26      50    1.1e+02    2    1.8e-02  -807.09674620  -623.04744984    -0.00007832   0.005604   2.2e-02   1.6e-04 0.03
    27      50    1.2e+02    2    4.2e-02  -807.09680035  -623.04750399    -0.00005415   0.005301   2.1e-02   1.9e-04 0.03
    28      50    1.0e+02    2    2.5e-02  -807.09684193  -623.04754557    -0.00004158   0.005603   2.2e-02   1.4e-04 0.03
    29      50    1.0e+02    2    3.5e-02  -807.09689717  -623.04760081    -0.00005524   0.005517   2.2e-02   1.5e-04 0.03
    30      50    9.5e+01    2    1.8e-02  -807.09691728  -623.04762092    -0.00002011   0.005614   2.2e-02   1.1e-04 0.03
    31      50    9.6e+01    2    6.1e-02  -807.09696110  -623.04766475    -0.00004382   0.005590   2.2e-02   1.3e-04 0.03
    32      50    9.8e+01    2    1.9e-02  -807.09698201  -623.04768565    -0.00002091   0.006027   2.4e-02   1.1e-04 0.03
    33      50    1.0e+02    2    3.0e-02  -807.09701525  -623.04771889    -0.00003324   0.005592   2.2e-02   1.1e-04 0.03
    34      50    9.8e+01    2    3.6e-02  -807.09702857  -623.04773221    -0.00001332   0.005945   2.4e-02   1.1e-04 0.03
    35      50    9.6e+01    2    6.9e-02  -807.09707523  -623.04777888    -0.00004667   0.005660   2.3e-02   9.4e-05 0.03
    36      50    9.6e+01    0    1.8e-02  -807.09708179  -623.04778543    -0.00000655   0.005660   2.3e-02   9.4e-05 0.03
    37      70    1.3e+02    2    6.3e-02  -807.09730128  -623.04800492    -0.00021949   0.000571   2.3e-03   7.0e-05 0.03
 
RESULTS OF THE OCCUPATION OPTIMIZATION
========================================
   1    1.9999736  -92.26616496
   2    1.9997770  -20.66594906
   3    1.9997797  -20.66575872
   4    1.9997823  -20.66429313
   5    1.9991183  -9.19021698
   6    1.9989154  -6.89007994
   7    1.9984842  -6.88971085
   8    1.9986651  -6.88442147
   9    1.9925568  -1.42048927
  10    1.9912110  -1.30246622
  11    1.9910255  -1.27105422
  12    1.9908122  -1.23671558
  13    1.9833704  -0.80060037
  14    1.9833654  -0.80048868
  15    1.9755515  -0.68912948
  16    1.9663852  -0.62614239
  17    1.9665454  -0.62461123
  18    1.9665989  -0.62417765
  19    1.9685281  -0.61973380
  20    1.9663483  -0.61404680
  21    0.0336517  -0.04549354
  22    0.0314719  -0.04185406
  23    0.0334011  -0.05244759
  24    0.0334546  -0.05250350
  25    0.0336148  -0.05266789
  26    0.0244485  -0.03282669
  27    0.0166346  -0.02855278
  28    0.0166296  -0.02843398
  29    0.0091878  -0.02265171
  30    0.0089745  -0.02271602
  31    0.0087890  -0.02253202
  32    0.0074432  -0.01903523
  33    0.0013349  -0.01929124
  34    0.0015158  -0.02312710
  35    0.0010846  -0.01642065
  36    0.0008817  -0.01549473
  37    0.0002177  -0.00669480
  38    0.0002203  -0.00674796
  39    0.0002230  -0.00677767
  40    0.0000264  -0.00479151
 
----------------
 Final Energies 
----------------
Final NOF Total Energy =    -623.0480049
 
Total Orbital Internal Iterations = 1450
Total Occupation Internal Iterations = 146
 
Elapsed time: 3125.57 Seconds

---------------------------------
   Lowdin Population Analysis    
---------------------------------
 Idx  Atom   Population   Charge 
---------------------------------
  1     S    16.167      -0.167
  2     O     7.948       0.052
  3     O     7.944       0.056
  4     O     7.941       0.059

---------------------------------
   M Diagnostic: 0.03
---------------------------------

Recovering execution output...
Moving from /scratch/pobleyef/283680 to /home-nas/pobleyef/Poison-NOF/ncwo1/P30-5/GNOFa/arina.283680
mkdir -p /home-nas/pobleyef/Poison-NOF/ncwo1/P30-5/GNOFa/arina.283680
mv /scratch/pobleyef/283680/* /home-nas/pobleyef/Poison-NOF/ncwo1/P30-5/GNOFa/arina.283680
