W4-11-c
/software/eb2024/easybuild/software/common/software/Julia/1.11.3-linux-x86_64/bin/julia
Job runing on nagpu02
Choosing scratch ...
Automatic scratch folder selection
/scratch/pobleyef/283661
/scratch/pobleyef/283661 directory
cp W4-11-c.jl W4-11-c.jld2 to  /scratch/pobleyef/283661/.
W4-11-c_C.jld2 not found
W4-11-c_n.jld2 not found
Computing Integrals
Basis Set                                            = def2-qzvp
Auxiliary Basis Set                                  = def2-universal-jkfit
Gaussian Type                                        = Spherical
Elapsed time:    2.37 Seconds

Number of basis functions                   (NBF)    = 57
Number of auxiliary basis functions         (NBFAUX) = 75
Inactive Doubly occupied orbitals up to     (NO1)    = 0
No. considered Strongly Doubly occupied MOs (NDOC)   = 2
No. considered Strongly Singly occupied MOs (NSOC)   = 2
NO. of Weakly occ. per St. Doubly occ.  MOs (NCWO)   = 1
Dimension of the Nat. Orb. subspace         (NBF5)   = 6
No. of electrons                                     = 6
    No. of alpha electrons                           = 4
    No. of beta electrons                            = 2
Multiplicity                                         = 3

Geometry
========
 C       0.0000000       0.0000000       0.0000000

No violations of the orthonormality
No violations of the orthonormality
 
PNOF8/ADABelief Calculation
==================
 
  Nitext  Nit_orb  Time   Nit_occ  Time         Eelec          Etot           Ediff      maxdiff    MaxGrad_orb  Grad_occ
     1      10    1.7e+01    7    2.0e+01   -36.85583618   -36.85583618 -10035.85583618   0.392692   1.6e+00   2.1e-05 0.02
     2      10    6.4e-03    5    3.7e-04   -37.50055701   -37.50055701    -0.64472083   0.207203   8.3e-01   3.0e-06 0.05
     3      10    6.6e-03    4    3.0e-04   -37.71879793   -37.71879793    -0.21824092   0.131701   5.3e-01   6.6e-06 0.07
     4      10    3.7e-02    3    2.9e-04   -37.76814670   -37.76814670    -0.04934877   0.129207   5.2e-01   1.8e-05 0.10
     5      10    4.5e-03    3    2.2e-04   -37.77430839   -37.77430839    -0.00616169   0.120527   4.8e-01   3.0e-05 0.14
     6      10    5.2e-03    2    3.7e-04   -37.77658264   -37.77658264    -0.00227424   0.132561   5.3e-01   6.9e-05 0.16
     7      10    1.4e-02    0    2.1e-04   -37.77671837   -37.77671837    -0.00013573   0.132561   5.3e-01   6.9e-05 0.16
     8      22    8.9e-03    1    2.3e-04   -37.77884019   -37.77884019    -0.00212182   0.000497   2.0e-03   5.3e-05 0.16
 
RESULTS OF THE OCCUPATION OPTIMIZATION
========================================
   1    1.9994069  -11.30529043
   2    1.8418455  -0.70609091
   3    1.0000000  -0.22786162
   4    1.0000000  -0.22786011
   5    0.1581545  -0.06374034
   6    0.0005931  -0.01014914
 
----------------
 Final Energies 
----------------
Final NOF Total Energy =     -37.7788402
 
Total Orbital Internal Iterations = 92
Total Occupation Internal Iterations = 25
 
Elapsed time:   48.82 Seconds

---------------------------------
   Lowdin Population Analysis    
---------------------------------
 Idx  Atom   Population   Charge 
---------------------------------
  1     C     6.000       0.000

---------------------------------
   M Diagnostic: 0.16
---------------------------------

Recovering execution output...
Moving from /scratch/pobleyef/283661 to /home-nas/pobleyef/Poison-NOF/ncwo1/P30-5/GNOFa/arina.283661
mkdir -p /home-nas/pobleyef/Poison-NOF/ncwo1/P30-5/GNOFa/arina.283661
mv /scratch/pobleyef/283661/* /home-nas/pobleyef/Poison-NOF/ncwo1/P30-5/GNOFa/arina.283661
