W4-11-o3
/software/eb2024/easybuild/software/common/software/Julia/1.11.3-linux-x86_64/bin/julia
Job runing on na17
Choosing scratch ...
Automatic scratch folder selection
/scratch/pobleyef/283672
/scratch/pobleyef/283672 directory
cp W4-11-o3.jl W4-11-o3.jld2 to  /scratch/pobleyef/283672/.
W4-11-o3_C.jld2 not found
W4-11-o3_n.jld2 not found
Computing Integrals
Basis Set                                            = def2-qzvp
Auxiliary Basis Set                                  = def2-universal-jkfit
Gaussian Type                                        = Spherical
Elapsed time:    5.16 Seconds

Number of basis functions                   (NBF)    = 171
Number of auxiliary basis functions         (NBFAUX) = 231
Inactive Doubly occupied orbitals up to     (NO1)    = 0
No. considered Strongly Doubly occupied MOs (NDOC)   = 12
No. considered Strongly Singly occupied MOs (NSOC)   = 0
NO. of Weakly occ. per St. Doubly occ.  MOs (NCWO)   = 1
Dimension of the Nat. Orb. subspace         (NBF5)   = 24
No. of electrons                                     = 24
    No. of alpha electrons                           = 12
    No. of beta electrons                            = 12
Multiplicity                                         = 1

Geometry
========
 O       0.0000000       0.0000000       0.4412240
 O       0.0000000       1.0825250      -0.2206120
 O       0.0000000      -1.0825250      -0.2206120

No violations of the orthonormality
No violations of the orthonormality
 
PNOF8/ADABelief Calculation
==================
 
  Nitext  Nit_orb  Time   Nit_occ  Time         Eelec          Etot           Ediff      maxdiff    MaxGrad_orb  Grad_occ
     1      10    2.2e+01    7    2.1e+01  -285.60998547  -216.58309687 -10284.60998547   0.722150   2.9e+00   6.3e-05 0.01
     2      10    6.2e+00   13    2.8e-02  -291.18698552  -222.16009691    -5.57700005   0.254866   1.0e+00   1.4e-04 0.03
     3      10    5.8e+00   10    4.5e-03  -293.13447657  -224.10758796    -1.94749105   0.238120   9.5e-01   1.0e-04 0.03
     4      10    5.8e+00    7    4.2e-03  -293.71990881  -224.69302021    -0.58543224   0.227296   9.1e-01   2.0e-04 0.03
     5      10    6.0e+00    9    9.1e-03  -293.83258713  -224.80569853    -0.11267832   0.221950   8.9e-01   4.7e-05 0.04
     6      10    5.7e+00    7    1.3e-02  -293.85332919  -224.82644058    -0.02074206   0.243451   9.7e-01   1.9e-04 0.04
     7      10    5.3e+00    7    4.1e-03  -293.85604143  -224.82915283    -0.00271225   0.219823   8.8e-01   4.7e-05 0.05
     8      10    6.0e+00    6    5.1e-02  -293.86081702  -224.83392841    -0.00477559   0.247734   9.9e-01   1.7e-04 0.05
     9      10    6.2e+00    3    3.8e-02  -293.86696488  -224.84007628    -0.00614786   0.277158   1.1e+00   1.6e-04 0.05
    10      10    6.0e+00    0    3.0e-03  -293.86708406  -224.84019546    -0.00011918   0.277158   1.1e+00   1.6e-04 0.05
    11      30    1.7e+01    4    9.2e-03  -293.94988951  -224.92300091    -0.08280544   0.007875   3.2e-02   1.9e-04 0.05
    12      30    1.7e+01    3    1.8e-02  -293.95273134  -224.92584273    -0.00284183   0.006211   2.5e-02   1.7e-04 0.05
    13      30    1.7e+01    4    9.5e-03  -293.95317608  -224.92628748    -0.00044475   0.007182   2.9e-02   6.6e-05 0.05
    14      30    1.7e+01    2    3.9e-03  -293.95348904  -224.92660044    -0.00031296   0.005916   2.4e-02   1.0e-04 0.05
    15      30    1.8e+01    2    5.0e-03  -293.95356921  -224.92668061    -0.00008017   0.006649   2.7e-02   1.3e-04 0.05
    16      30    1.7e+01    0    2.5e-02  -293.95357581  -224.92668721    -0.00000660   0.006649   2.7e-02   1.3e-04 0.05
    17      43    2.5e+01    2    4.7e-03  -293.95410226  -224.92721366    -0.00052645   0.000488   2.0e-03   1.4e-04 0.05
 
RESULTS OF THE OCCUPATION OPTIMIZATION
========================================
   1    1.9998101  -20.86607805
   2    1.9998333  -20.73801812
   3    1.9998238  -20.72702426
   4    1.9934391  -1.59264686
   5    1.9914465  -1.29015559
   6    1.9902847  -1.24390945
   7    1.9882972  -0.80591076
   8    1.9622208  -0.79742760
   9    1.9623483  -0.79090542
  10    1.9861061  -0.74928819
  11    1.9839949  -0.66654024
  12    1.9496448  -0.50966371
  13    0.0503552  -0.08199419
  14    0.0160051  -0.02232830
  15    0.0138939  -0.02108162
  16    0.0376517  -0.06238050
  17    0.0377792  -0.06265106
  18    0.0117028  -0.01569176
  19    0.0097153  -0.02184752
  20    0.0085535  -0.02008661
  21    0.0065609  -0.01841137
  22    0.0001762  -0.00600618
  23    0.0001667  -0.00581579
  24    0.0001899  -0.00623404
 
----------------
 Final Energies 
----------------
Final NOF Total Energy =    -224.9272137
 
Total Orbital Internal Iterations = 323
Total Occupation Internal Iterations = 86
 
Elapsed time:  297.98 Seconds

---------------------------------
   Lowdin Population Analysis    
---------------------------------
 Idx  Atom   Population   Charge 
---------------------------------
  1     O     7.929       0.071
  2     O     8.034      -0.034
  3     O     8.037      -0.037

---------------------------------
   M Diagnostic: 0.05
---------------------------------

Recovering execution output...
Moving from /scratch/pobleyef/283672 to /home-nas/pobleyef/Poison-NOF/ncwo1/P30-5/GNOFa/arina.283672
mkdir -p /home-nas/pobleyef/Poison-NOF/ncwo1/P30-5/GNOFa/arina.283672
mv /scratch/pobleyef/283672/* /home-nas/pobleyef/Poison-NOF/ncwo1/P30-5/GNOFa/arina.283672
