Computing Integrals
Basis Set                                            = def2-qzvp
Auxiliary Basis Set                                  = def2-universal-jkfit
Gaussian Type                                        = Spherical
Elapsed time:    2.56 Seconds

Number of basis functions                   (NBF)    = 70
Number of auxiliary basis functions         (NBFAUX) = 128
Inactive Doubly occupied orbitals up to     (NO1)    = 0
No. considered Strongly Doubly occupied MOs (NDOC)   = 6
No. considered Strongly Singly occupied MOs (NSOC)   = 1
NO. of Weakly occ. per St. Doubly occ.  MOs (NCWO)   = 1
Dimension of the Nat. Orb. subspace         (NBF5)   = 13
No. of electrons                                     = 13
    No. of alpha electrons                           = 7
    No. of beta electrons                            = 6
Multiplicity                                         = 2

Geometry
========
Al       0.0000000       0.0000000       0.0000000

No violations of the orthonormality
No violations of the orthonormality
 
PNOF8/ADABelief Calculation
==================
 
  Nitext  Nit_orb  Time   Nit_occ  Time         Eelec          Etot           Ediff      maxdiff    MaxGrad_orb  Grad_occ
     1      10    2.0e+01    2    2.5e+01  -242.05215302  -242.05215302 -10241.05215302   0.000573   2.3e-03   2.2e-04 0.02
 
RESULTS OF THE OCCUPATION OPTIMIZATION
========================================
   1    1.9999508  -58.55633397
   2    1.9971206  -4.90982534
   3    1.9978720  -3.24202866
   4    1.9957727  -3.23694821
   5    1.9951351  -3.23623620
   6    1.9826316  -0.41606335
   7    1.0000000  -0.10788062
   8    0.0173684  -0.02424847
   9    0.0048649  -0.02358199
  10    0.0042273  -0.03089651
  11    0.0021280  -0.00928100
  12    0.0028794  -0.01870289
  13    0.0000492  -0.00553444
 
----------------
 Final Energies 
----------------
Final NOF Total Energy =    -242.0521530
 
Total Orbital Internal Iterations = 10
Total Occupation Internal Iterations = 2
 
Elapsed time:   59.00 Seconds

---------------------------------
   Lowdin Population Analysis    
---------------------------------
 Idx  Atom   Population   Charge 
---------------------------------
  1    Al    13.000       0.000

---------------------------------
   M Diagnostic: 0.02
---------------------------------

