W4-11-b
/software/eb2024/easybuild/software/common/software/Julia/1.11.3-linux-x86_64/bin/julia
Job runing on na16
Choosing scratch ...
Automatic scratch folder selection
/scratch/pobleyef/283656
/scratch/pobleyef/283656 directory
cp W4-11-b.jl W4-11-b.jld2 to  /scratch/pobleyef/283656/.
W4-11-b_C.jld2 not found
W4-11-b_n.jld2 not found
Computing Integrals
Basis Set                                            = def2-qzvp
Auxiliary Basis Set                                  = def2-universal-jkfit
Gaussian Type                                        = Spherical
Elapsed time:    2.27 Seconds

Number of basis functions                   (NBF)    = 57
Number of auxiliary basis functions         (NBFAUX) = 75
Inactive Doubly occupied orbitals up to     (NO1)    = 0
No. considered Strongly Doubly occupied MOs (NDOC)   = 2
No. considered Strongly Singly occupied MOs (NSOC)   = 1
NO. of Weakly occ. per St. Doubly occ.  MOs (NCWO)   = 1
Dimension of the Nat. Orb. subspace         (NBF5)   = 5
No. of electrons                                     = 5
    No. of alpha electrons                           = 3
    No. of beta electrons                            = 2
Multiplicity                                         = 2

Geometry
========
 B       0.0000000       0.0000000       0.0000000

No violations of the orthonormality
No violations of the orthonormality
 
PNOF8/ADABelief Calculation
==================
 
  Nitext  Nit_orb  Time   Nit_occ  Time         Eelec          Etot           Ediff      maxdiff    MaxGrad_orb  Grad_occ
     1      10    1.6e+01    6    2.0e+01   -24.12891207   -24.12891207 -10023.12891207   0.300518   1.2e+00   4.4e-06 0.01
     2      10    4.8e-03    4    2.5e-04   -24.41846580   -24.41846580    -0.28955372   0.153425   6.1e-01   5.2e-05 0.02
     3      10    4.5e-03    4    2.2e-04   -24.54943106   -24.54943106    -0.13096526   0.093360   3.7e-01   1.4e-04 0.04
     4      10    3.5e-02    3    2.2e-04   -24.57698433   -24.57698433    -0.02755328   0.082469   3.3e-01   2.0e-05 0.06
     5      10    3.9e-03    2    1.6e-04   -24.58245838   -24.58245838    -0.00547405   0.069631   2.8e-01   1.3e-04 0.08
     6      10    3.6e-03    2    1.9e-04   -24.58418040   -24.58418040    -0.00172202   0.062384   2.5e-01   8.2e-05 0.10
     7      10    1.3e-02    1    2.4e-04   -24.58466447   -24.58466447    -0.00048407   0.078665   3.1e-01   6.7e-05 0.11
     8      10    3.6e-03    0    1.4e-04   -24.58467920   -24.58467920    -0.00001473   0.078665   3.1e-01   6.7e-05 0.11
     9      30    1.1e-02    1    1.6e-04   -24.58595993   -24.58595993    -0.00128074   0.001576   6.3e-03   2.3e-05 0.11
    10      30    1.3e-02    0    1.4e-04   -24.58596907   -24.58596907    -0.00000914   0.000822   3.3e-03   5.2e-05 0.11
 
RESULTS OF THE OCCUPATION OPTIMIZATION
========================================
   1    1.9991682  -7.68646728
   2    1.8929961  -0.49746578
   3    1.0000000  -0.16424532
   4    0.1070039  -0.03703823
   5    0.0008318  -0.01005057
 
----------------
 Final Energies 
----------------
Final NOF Total Energy =     -24.5859691
 
Total Orbital Internal Iterations = 140
Total Occupation Internal Iterations = 23
 
Elapsed time:   48.60 Seconds

---------------------------------
   Lowdin Population Analysis    
---------------------------------
 Idx  Atom   Population   Charge 
---------------------------------
  1     B     5.000      -0.000

---------------------------------
   M Diagnostic: 0.11
---------------------------------

Recovering execution output...
Moving from /scratch/pobleyef/283656 to /home-nas/pobleyef/Poison-NOF/ncwo1/P30-5/GNOFa/arina.283656
mkdir -p /home-nas/pobleyef/Poison-NOF/ncwo1/P30-5/GNOFa/arina.283656
mv /scratch/pobleyef/283656/* /home-nas/pobleyef/Poison-NOF/ncwo1/P30-5/GNOFa/arina.283656
