W4-11-bn3pi
/software/eb2024/easybuild/software/common/software/Julia/1.11.3-linux-x86_64/bin/julia
Job runing on na10
Choosing scratch ...
Automatic scratch folder selection
/scratch/pobleyef/283657
/scratch/pobleyef/283657 directory
cp W4-11-bn3pi.jl W4-11-bn3pi.jld2 to  /scratch/pobleyef/283657/.
W4-11-bn3pi_C.jld2 not found
W4-11-bn3pi_n.jld2 not found
Computing Integrals
Basis Set                                            = def2-qzvp
Auxiliary Basis Set                                  = def2-universal-jkfit
Gaussian Type                                        = Spherical
Elapsed time:    3.35 Seconds

Number of basis functions                   (NBF)    = 114
Number of auxiliary basis functions         (NBFAUX) = 152
Inactive Doubly occupied orbitals up to     (NO1)    = 0
No. considered Strongly Doubly occupied MOs (NDOC)   = 5
No. considered Strongly Singly occupied MOs (NSOC)   = 2
NO. of Weakly occ. per St. Doubly occ.  MOs (NCWO)   = 1
Dimension of the Nat. Orb. subspace         (NBF5)   = 12
No. of electrons                                     = 12
    No. of alpha electrons                           = 7
    No. of beta electrons                            = 5
Multiplicity                                         = 3

Geometry
========
 B       0.0000000       0.0000000      -0.7759500
 N       0.0000000       0.0000000       0.5542500

No violations of the orthonormality
No violations of the orthonormality
 
PNOF8/ADABelief Calculation
==================
 
  Nitext  Nit_orb  Time   Nit_occ  Time         Eelec          Etot           Ediff      maxdiff    MaxGrad_orb  Grad_occ
     1      10    1.9e+01    5    2.0e+01   -89.84218021   -75.91858646 -10088.84218021   0.312447   1.2e+00   1.6e-04 0.01
     2      10    4.0e+00    6    2.0e-03   -92.12625576   -78.20266201    -2.28407555   0.177474   7.1e-01   7.7e-05 0.02
     3      10    2.9e+00    6    2.0e-03   -92.76838766   -78.84479391    -0.64213190   0.221833   8.9e-01   1.2e-04 0.04
     4      10    5.4e+00    5    1.0e-01   -92.96395851   -79.04036477    -0.19557086   0.191531   7.7e-01   2.3e-05 0.05
     5      10    4.0e+00    4    1.4e-01   -93.01971330   -79.09611956    -0.05575479   0.195784   7.8e-01   9.9e-05 0.06
     6      10    2.9e+00    2    8.1e-02   -93.04975365   -79.12615991    -0.03004035   0.188565   7.5e-01   1.7e-04 0.06
     7      10    3.7e+00    2    7.2e-02   -93.06756350   -79.14396976    -0.01780985   0.191490   7.7e-01   1.0e-04 0.06
     8      10    3.5e+00    2    2.3e-02   -93.08063878   -79.15704503    -0.01307528   0.180712   7.2e-01   9.8e-05 0.05
     9      10    3.1e+00    2    2.1e-03   -93.09100408   -79.16741033    -0.01036530   0.187588   7.5e-01   5.5e-05 0.05
    10      10    2.0e+00    2    1.4e-03   -93.09749532   -79.17390158    -0.00649125   0.195301   7.8e-01   2.2e-05 0.05
    11      10    2.6e+00    1    1.8e-03   -93.10154850   -79.17795476    -0.00405318   0.193958   7.8e-01   1.6e-04 0.05
    12      10    3.3e+00    1    2.0e-03   -93.10372151   -79.18012777    -0.00217301   0.203195   8.1e-01   1.8e-04 0.05
    13      10    2.3e+00    2    2.0e-03   -93.10612862   -79.18253488    -0.00240711   0.209625   8.4e-01   1.2e-04 0.05
    14      10    3.1e+00    3    1.2e-01   -93.10791679   -79.18432305    -0.00178817   0.217083   8.7e-01   3.0e-05 0.05
    15      10    2.3e+00    2    2.7e-02   -93.10940181   -79.18580807    -0.00148502   0.222357   8.9e-01   1.3e-04 0.05
    16      10    3.6e+00    3    4.1e-03   -93.11006030   -79.18646656    -0.00065849   0.225191   9.0e-01   7.6e-06 0.05
    17      10    2.3e+00    2    8.1e-03   -93.11043942   -79.18684567    -0.00037911   0.223993   9.0e-01   2.0e-04 0.05
    18      10    2.4e+00    0    3.1e-03   -93.11044721   -79.18685346    -0.00000779   0.223993   9.0e-01   2.0e-04 0.05
    19      30    7.2e+00    2    2.6e-02   -93.12209961   -79.19850587    -0.01165241   0.002253   9.0e-03   1.2e-04 0.05
    20      30    7.0e+00    2    1.6e-03   -93.12226046   -79.19866671    -0.00016084   0.001693   6.8e-03   1.0e-04 0.05
    21      30    7.4e+00    0    2.6e-03   -93.12226223   -79.19866848    -0.00000177   0.001693   6.8e-03   1.0e-04 0.05
    22      33    7.0e+00    0    1.4e-02   -93.12228553   -79.19869179    -0.00002331   0.000488   2.0e-03   8.3e-05 0.05
 
RESULTS OF THE OCCUPATION OPTIMIZATION
========================================
   1    1.9995884  -15.61074499
   2    1.9991470  -7.67255914
   3    1.9802027  -1.09464802
   4    1.9640129  -0.56151873
   5    1.9494768  -0.45298564
   6    1.0000000  -0.27177702
   7    1.0000000  -0.25265812
   8    0.0505232  -0.03967645
   9    0.0359871  -0.02761171
  10    0.0197973  -0.02727523
  11    0.0008530  -0.01029857
  12    0.0004116  -0.00975648
 
----------------
 Final Energies 
----------------
Final NOF Total Energy =     -79.1986918
 
Total Orbital Internal Iterations = 303
Total Occupation Internal Iterations = 54
 
Elapsed time:  137.09 Seconds

---------------------------------
   Lowdin Population Analysis    
---------------------------------
 Idx  Atom   Population   Charge 
---------------------------------
  1     B     5.211      -0.211
  2     N     6.789       0.211

---------------------------------
   M Diagnostic: 0.05
---------------------------------

Recovering execution output...
Moving from /scratch/pobleyef/283657 to /home-nas/pobleyef/Poison-NOF/ncwo1/P30-5/GNOFa/arina.283657
mkdir -p /home-nas/pobleyef/Poison-NOF/ncwo1/P30-5/GNOFa/arina.283657
mv /scratch/pobleyef/283657/* /home-nas/pobleyef/Poison-NOF/ncwo1/P30-5/GNOFa/arina.283657
