ALKBDE10_2_cao
/software/eb2024/easybuild/software/common/software/Julia/1.11.3-linux-x86_64/bin/julia
Job runing on na13
Choosing scratch ...
Automatic scratch folder selection
/scratch/pobleyef/211353
/scratch/pobleyef/211353 directory
cp ALKBDE10_2_cao.jl ALKBDE10_2_cao.jld2 to  /scratch/pobleyef/211353/.
Computing Integrals
Basis Set                                            = def2-qzvp
Auxiliary Basis Set                                  = def2-universal-jkfit
Gaussian Type                                        = Spherical
Elapsed time:    8.25 Seconds

Number of basis functions                   (NBF)    = 113
Number of auxiliary basis functions         (NBFAUX) = 237
Inactive Doubly occupied orbitals up to     (NO1)    = 0
No. considered Strongly Doubly occupied MOs (NDOC)   = 14
No. considered Strongly Singly occupied MOs (NSOC)   = 0
NO. of Weakly occ. per St. Doubly occ.  MOs (NCWO)   = 4
Dimension of the Nat. Orb. subspace         (NBF5)   = 70
No. of electrons                                     = 28
    No. of alpha electrons                           = 14
    No. of beta electrons                            = 14
Multiplicity                                         = 1

Geometry
========
Ca       0.0000000       0.0000000      -0.8987290
 O       0.0000000       0.0000000       0.8987290

No violations of the orthonormality
No violations of the orthonormality
 
PNOF8/ADABelief Calculation
==================
 
  Nitext  Nit_orb  Time   Nit_occ  Time         Eelec          Etot           Ediff      maxdiff    MaxGrad_orb  Grad_occ
     1      10    3.0e+01    5    2.1e+01  -799.39115201  -752.28675229 -10798.39115201   0.004492   1.8e-02   1.5e-04 0.04
     2      20    2.5e+01    0    1.1e-02  -799.39132837  -752.28692865    -0.00017636   0.004492   1.8e-02   1.5e-04 0.04
     3      40    5.3e+01   27    1.4e-01  -799.39704348  -752.29264376    -0.00571511   0.057263   2.3e-01   3.1e-04 0.03
     4      40    5.9e+01   22    1.5e-01  -799.40161060  -752.29721088    -0.00456712   0.003491   1.4e-02   2.4e-04 0.03
     5      40    5.7e+01    9    1.2e-01  -799.40310906  -752.29870934    -0.00149846   0.007259   2.9e-02   1.7e-04 0.03
     6      40    5.7e+01    9    1.1e-01  -799.40428404  -752.29988432    -0.00117498   0.006413   2.6e-02   1.8e-04 0.03
     7      40    5.4e+01    6    1.3e-01  -799.40473632  -752.30033660    -0.00045228   0.005935   2.4e-02   2.2e-04 0.03
     8      40    5.5e+01    6    6.0e-02  -799.40504736  -752.30064764    -0.00031104   0.005317   2.1e-02   2.2e-04 0.03
     9      40    5.4e+01    1    4.8e-02  -799.40525964  -752.30085992    -0.00021228   0.004798   1.9e-02   2.2e-04 0.03
    10      40    5.1e+01    7    2.8e-02  -799.40537379  -752.30097407    -0.00011415   0.005079   2.0e-02   1.4e-04 0.03
    11      40    5.7e+01    1    2.6e-02  -799.40543586  -752.30103614    -0.00006206   0.005269   2.1e-02   1.8e-04 0.03
    12      40    5.5e+01    1    8.6e-02  -799.40549865  -752.30109894    -0.00006280   0.004244   1.7e-02   2.0e-04 0.03
    13      40    5.8e+01    7    3.7e-02  -799.40551130  -752.30111158    -0.00001265   0.004127   1.7e-02   1.8e-04 0.03
    14      40    5.5e+01    1    4.8e-02  -799.40556060  -752.30116088    -0.00004929   0.004492   1.8e-02   1.5e-04 0.03
    15      40    5.9e+01    1    6.0e-02  -799.40558019  -752.30118047    -0.00001959   0.004376   1.8e-02   2.0e-04 0.03
    16      40    5.9e+01    1    1.1e-01  -799.40559577  -752.30119605    -0.00001558   0.004875   2.0e-02   2.1e-04 0.03
    17      40    5.4e+01    6    6.9e-02  -799.40561604  -752.30121632    -0.00002028   0.004585   1.8e-02   1.7e-04 0.03
    18      40    5.5e+01    0    5.3e-02  -799.40562435  -752.30122463    -0.00000830   0.004585   1.8e-02   1.7e-04 0.03
    19      60    8.8e+01    0    3.6e-02  -799.40585510  -752.30145538    -0.00023075   0.000582   2.3e-03   1.3e-04 0.03
 
RESULTS OF THE OCCUPATION OPTIMIZATION
========================================
   1    1.9999999  -149.25173400
   2    1.9999768  -16.69038945
   3    1.9999499  -16.14560805
   4    1.9999278  -15.85762735
   5    1.9998992  -15.36377756
   6    1.9999143  -13.48886277
   7    1.9905270  -2.12782891
   8    1.9740715  -1.22829908
   9    1.9735026  -1.18982237
  10    1.9737129  -1.18833138
  11    1.9833830  -1.10529995
  12    1.9616953  -0.38068353
  13    1.9621196  -0.33925396
  14    1.9675885  -0.33365750
  15    0.0159432  -0.02077680
  16    0.0304891  -0.03966409
  17    0.0313905  -0.04613698
  18    0.0091043  -0.02127712
  19    0.0228719  -0.04104761
  20    0.0223753  -0.04060778
  21    0.0211385  -0.03935766
  22    0.0077107  -0.03452609
  23    0.0000665  -0.00424352
  24    0.0000306  -0.00083783
  25    0.0000261  -0.00053685
  26    0.0000237  -0.00043153
  27    0.0000153  -0.00092087
  28    0.0000001  -0.00001801
  29    0.0115958  -0.01731335
  30    0.0033710  -0.00633159
  31    0.0035314  -0.00714033
  32    0.0052025  -0.01143440
  33    0.0029939  -0.00736395
  34    0.0029053  -0.00722751
  35    0.0029635  -0.00639885
  36    0.0007930  -0.00945481
  37    0.0000085  -0.00029865
  38    0.0000240  -0.00039818
  39    0.0000229  -0.00039041
  40    0.0000097  -0.00055902
  41    0.0000062  -0.00017608
  42    0.0000000  -0.00000429
  43    0.0042163  -0.00739810
  44    0.0032582  -0.00615776
  45    0.0031023  -0.00637749
  46    0.0012966  -0.00380282
  47    0.0002208  -0.00082483
  48    0.0010072  -0.00258122
  49    0.0010340  -0.00268479
  50    0.0005991  -0.00680433
  51    0.0000058  -0.00010551
  52    0.0000235  -0.00039478
  53    0.0000194  -0.00040452
  54    0.0000089  -0.00029565
  55    0.0000010  -0.00003884
  56    0.0000000  -0.00000443
  57    0.0006562  -0.00190897
  58    0.0007621  -0.00194274
  59    0.0002805  -0.00084993
  60    0.0010136  -0.00331624
  61    0.0002005  -0.00077364
  62    0.0002095  -0.00081249
  63    0.0007926  -0.00226760
  64    0.0003703  -0.00389831
  65    0.0000048  -0.00019792
  66    0.0000226  -0.00038554
  67    0.0000038  -0.00012245
  68    0.0000078  -0.00013371
  69    0.0000007  -0.00006280
  70    0.0000000  -0.00000347
 
----------------
 Final Energies 
----------------
Final NOF Total Energy =    -752.3014554
 
Total Orbital Internal Iterations = 730
Total Occupation Internal Iterations = 110
 
Elapsed time: 1073.21 Seconds

---------------------------------
   Lowdin Population Analysis    
---------------------------------
 Idx  Atom   Population   Charge 
---------------------------------
  1    Ca    19.339       0.661
  2     O     8.661      -0.661

---------------------------------
   M Diagnostic: 0.03
---------------------------------

Recovering execution output...
Moving from /scratch/pobleyef/211353 to /home-nas/pobleyef/Poison-NOF/ncwomax/P30-5/GNOFmodulated25/arina.211353
mkdir -p /home-nas/pobleyef/Poison-NOF/ncwomax/P30-5/GNOFmodulated25/arina.211353
mv /scratch/pobleyef/211353/* /home-nas/pobleyef/Poison-NOF/ncwomax/P30-5/GNOFmodulated25/arina.211353
