BH76_1_oh
/software/eb2024/easybuild/software/common/software/Julia/1.11.3-linux-x86_64/bin/julia
Job runing on nagpu01
Choosing scratch ...
Automatic scratch folder selection
/scratch/pobleyef/203064
/scratch/pobleyef/203064 directory
cp BH76_1_oh.jl BH76_1_oh.jld2 to  /scratch/pobleyef/203064/.
Computing Integrals
Elapsed time:    3.70 Seconds

Number of basis functions                   (NBF)    = 87
Number of auxiliary basis functions         (NBFAUX) = 95
Inactive Doubly occupied orbitals up to     (NO1)    = 0
No. considered Strongly Doubly occupied MOs (NDOC)   = 4
No. considered Strongly Singly occupied MOs (NSOC)   = 1
NO. of Weakly occ. per St. Doubly occ.  MOs (NCWO)   = 20
Dimension of the Nat. Orb. subspace         (NBF5)   = 85
No. of electrons                                     = 9
    No. of alpha electrons                           = 5
    No. of beta electrons                            = 4
Multiplicity                                         = 2

Geometry
========
 O       0.0000000       0.0000000       0.4844483
 H       0.0000000       0.0000000      -0.4844483

No violations of the orthonormality
No violations of the orthonormality
 
PNOF9/ADABelief Calculation
==================
 
  Nitext  Nit_orb  Time   Nit_occ  Time         Eelec          Etot           Ediff      maxdiff    MaxGrad_orb  Grad_occ
     1      10    1.6e+01    7    2.0e+01   -80.04236904   -75.67305947 -10079.04236904   0.000757   3.0e-03   1.2e-04 0.03
 
RESULTS OF THE OCCUPATION OPTIMIZATION
========================================
   1    1.9999882  -20.65355393
   2    1.9822436  -1.28116833
   3    1.9657724  -0.76587594
   4    1.9737668  -0.57942067
   5    1.0000000  -0.34820963
   6    0.0130923  -0.01850232
   7    0.0270892  -0.03418722
   8    0.0082113  -0.01892943
   9    0.0000097  -0.00038117
  10    0.0052376  -0.00854460
  11    0.0029281  -0.00543198
  12    0.0040845  -0.00819233
  13    0.0000007  -0.00001642
  14    0.0045329  -0.00796423
  15    0.0028826  -0.00528943
  16    0.0027545  -0.00590739
  17    0.0000002  -0.00002955
  18    0.0013672  -0.00411111
  19    0.0004111  -0.00106915
  20    0.0008187  -0.00260087
  21    0.0000002  -0.00000460
  22    0.0006273  -0.00243996
  23    0.0002397  -0.00071281
  24    0.0006114  -0.00371014
  25    0.0000002  -0.00000239
  26    0.0004274  -0.00113565
  27    0.0002181  -0.00065263
  28    0.0004216  -0.00124283
  29    0.0000001  -0.00000215
  30    0.0002300  -0.00065024
  31    0.0001517  -0.00044556
  32    0.0002530  -0.00087859
  33    0.0000001  -0.00000173
  34    0.0002164  -0.00061737
  35    0.0001314  -0.00042574
  36    0.0002326  -0.00081680
  37    0.0000001  -0.00000172
  38    0.0002076  -0.00059366
  39    0.0000407  -0.00012526
  40    0.0001492  -0.00095479
  41    0.0000001  -0.00000117
  42    0.0000830  -0.00034604
  43    0.0000298  -0.00012978
  44    0.0000691  -0.00065351
  45    0.0000001  -0.00000108
  46    0.0000711  -0.00026495
  47    0.0000249  -0.00009830
  48    0.0000434  -0.00019939
  49    0.0000001  -0.00000073
  50    0.0000294  -0.00012096
  51    0.0000152  -0.00007068
  52    0.0000176  -0.00010046
  53    0.0000000  -0.00000060
  54    0.0000289  -0.00011169
  55    0.0000126  -0.00006609
  56    0.0000169  -0.00009925
  57    0.0000000  -0.00000055
  58    0.0000148  -0.00007611
  59    0.0000114  -0.00004145
  60    0.0000149  -0.00007843
  61    0.0000000  -0.00000055
  62    0.0000144  -0.00007809
  63    0.0000102  -0.00004620
  64    0.0000144  -0.00007728
  65    0.0000000  -0.00000043
  66    0.0000132  -0.00007742
  67    0.0000091  -0.00003783
  68    0.0000126  -0.00006812
  69    0.0000000  -0.00000040
  70    0.0000122  -0.00006313
  71    0.0000084  -0.00003270
  72    0.0000103  -0.00006188
  73    0.0000000  -0.00000031
  74    0.0000116  -0.00006104
  75    0.0000064  -0.00003080
  76    0.0000078  -0.00005667
  77    0.0000000  -0.00000025
  78    0.0000105  -0.00006071
  79    0.0000042  -0.00002392
  80    0.0000072  -0.00004652
  81    0.0000000  -0.00000025
  82    0.0000056  -0.00003039
  83    0.0000028  -0.00001250
  84    0.0000055  -0.00003286
  85    0.0000000  -0.00000016
 
----------------
 Final Energies 
----------------
Final NOF Total Energy =     -75.6730595
 
Total Orbital Internal Iterations = 10
Total Occupation Internal Iterations = 7
 
Elapsed time:   47.32 Seconds

---------------------------------
   Lowdin Population Analysis    
---------------------------------
 Idx  Atom   Population   Charge 
---------------------------------
  1     O     7.587       0.413
  2     H     1.413      -0.413

---------------------------------
   M Diagnostic: 0.03
---------------------------------

Recovering execution output...
Moving from /scratch/pobleyef/203064 to /home-nas/pobleyef/Poison-NOF/ncwomax/P30-5/GNOFmodulated/arina.203064
mkdir -p /home-nas/pobleyef/Poison-NOF/ncwomax/P30-5/GNOFmodulated/arina.203064
mv /scratch/pobleyef/203064/* /home-nas/pobleyef/Poison-NOF/ncwomax/P30-5/GNOFmodulated/arina.203064
