BH76_9_hf
/software/eb2024/easybuild/software/common/software/Julia/1.11.3-linux-x86_64/bin/julia
Job runing on na21
Choosing scratch ...
Automatic scratch folder selection
/scratch/pobleyef/203066
/scratch/pobleyef/203066 directory
cp BH76_9_hf.jl BH76_9_hf.jld2 to  /scratch/pobleyef/203066/.
Computing Integrals
Elapsed time:    3.80 Seconds

Number of basis functions                   (NBF)    = 87
Number of auxiliary basis functions         (NBFAUX) = 95
Inactive Doubly occupied orbitals up to     (NO1)    = 0
No. considered Strongly Doubly occupied MOs (NDOC)   = 5
No. considered Strongly Singly occupied MOs (NSOC)   = 0
NO. of Weakly occ. per St. Doubly occ.  MOs (NCWO)   = 16
Dimension of the Nat. Orb. subspace         (NBF5)   = 85
No. of electrons                                     = 10
    No. of alpha electrons                           = 5
    No. of beta electrons                            = 5
Multiplicity                                         = 1

Geometry
========
 F       0.0000000       0.0000000       0.4576912
 H       0.0000000       0.0000000      -0.4576912

No violations of the orthonormality
No violations of the orthonormality
 
PNOF9/ADABelief Calculation
==================
 
  Nitext  Nit_orb  Time   Nit_occ  Time         Eelec          Etot           Ediff      maxdiff    MaxGrad_orb  Grad_occ
     1      10    1.6e+01    4    2.0e+01  -105.58601230  -100.38317584 -10104.58601230   0.000917   3.7e-03   2.0e-04 0.03
 
RESULTS OF THE OCCUPATION OPTIMIZATION
========================================
   1    1.9999921  -26.34394518
   2    1.9877275  -1.59736520
   3    1.9705754  -0.86600150
   4    1.9794797  -0.70160189
   5    1.9773895  -0.70107356
   6    0.0120736  -0.02093292
   7    0.0126589  -0.02135953
   8    0.0244793  -0.03777656
   9    0.0070805  -0.02182569
  10    0.0000070  -0.00030816
  11    0.0044757  -0.00975926
  12    0.0046307  -0.00982953
  13    0.0038479  -0.00875841
  14    0.0032902  -0.00933649
  15    0.0000004  -0.00004725
  16    0.0043851  -0.00982390
  17    0.0013187  -0.00464465
  18    0.0003640  -0.00120346
  19    0.0005371  -0.00538451
  20    0.0000001  -0.00000212
  21    0.0008237  -0.00289402
  22    0.0008391  -0.00291643
  23    0.0003207  -0.00108728
  24    0.0004653  -0.00166014
  25    0.0000000  -0.00000102
  26    0.0002838  -0.00100569
  27    0.0003125  -0.00112100
  28    0.0002461  -0.00094297
  29    0.0002560  -0.00107141
  30    0.0000000  -0.00000104
  31    0.0002448  -0.00088855
  32    0.0002990  -0.00105393
  33    0.0000511  -0.00023688
  34    0.0002478  -0.00107477
  35    0.0000000  -0.00000091
  36    0.0001341  -0.00062487
  37    0.0002649  -0.00096210
  38    0.0000317  -0.00011316
  39    0.0002242  -0.00097175
  40    0.0000000  -0.00000067
  41    0.0000724  -0.00031733
  42    0.0000788  -0.00035088
  43    0.0000224  -0.00012157
  44    0.0000655  -0.00109916
  45    0.0000000  -0.00000054
  46    0.0000338  -0.00012996
  47    0.0000228  -0.00014295
  48    0.0000191  -0.00009084
  49    0.0000264  -0.00015516
  50    0.0000000  -0.00000052
  51    0.0000159  -0.00010753
  52    0.0000181  -0.00011851
  53    0.0000160  -0.00009173
  54    0.0000156  -0.00013904
  55    0.0000000  -0.00000052
  56    0.0000152  -0.00010680
  57    0.0000162  -0.00010671
  58    0.0000089  -0.00003018
  59    0.0000141  -0.00012009
  60    0.0000000  -0.00000050
  61    0.0000152  -0.00010597
  62    0.0000152  -0.00011130
  63    0.0000057  -0.00000975
  64    0.0000131  -0.00011325
  65    0.0000000  -0.00000045
  66    0.0000121  -0.00007077
  67    0.0000146  -0.00010804
  68    0.0000036  -0.00001346
  69    0.0000115  -0.00010779
  70    0.0000000  -0.00000035
  71    0.0000103  -0.00005875
  72    0.0000143  -0.00010419
  73    0.0000033  -0.00001180
  74    0.0000112  -0.00010244
  75    0.0000000  -0.00000039
  76    0.0000075  -0.00003340
  77    0.0000092  -0.00005769
  78    0.0000027  -0.00001049
  79    0.0000074  -0.00004891
  80    0.0000000  -0.00000033
  81    0.0000073  -0.00003818
  82    0.0000072  -0.00003699
  83    0.0000023  -0.00000417
  84    0.0000066  -0.00004107
  85    0.0000000  -0.00000035
 
----------------
 Final Energies 
----------------
Final NOF Total Energy =    -100.3831758
 
Total Orbital Internal Iterations = 10
Total Occupation Internal Iterations = 4
 
Elapsed time:   47.30 Seconds

---------------------------------
   Lowdin Population Analysis    
---------------------------------
 Idx  Atom   Population   Charge 
---------------------------------
  1     F     8.509       0.491
  2     H     1.491      -0.491

---------------------------------
   M Diagnostic: 0.03
---------------------------------

Recovering execution output...
Moving from /scratch/pobleyef/203066 to /home-nas/pobleyef/Poison-NOF/ncwomax/P30-5/GNOFmodulated/arina.203066
mkdir -p /home-nas/pobleyef/Poison-NOF/ncwomax/P30-5/GNOFmodulated/arina.203066
mv /scratch/pobleyef/203066/* /home-nas/pobleyef/Poison-NOF/ncwomax/P30-5/GNOFmodulated/arina.203066
