f
/software/eb2024/easybuild/software/common/software/Julia/1.11.3-linux-x86_64/bin/julia
Job runing on na10
Choosing scratch ...
Automatic scratch folder selection
/scratch/pobleyef/203072
/scratch/pobleyef/203072 directory
cp f.jl f.jld2 to  /scratch/pobleyef/203072/.
Computing Integrals
Elapsed time:    3.67 Seconds

Number of basis functions                   (NBF)    = 57
Number of auxiliary basis functions         (NBFAUX) = 77
Inactive Doubly occupied orbitals up to     (NO1)    = 0
No. considered Strongly Doubly occupied MOs (NDOC)   = 4
No. considered Strongly Singly occupied MOs (NSOC)   = 1
NO. of Weakly occ. per St. Doubly occ.  MOs (NCWO)   = 13
Dimension of the Nat. Orb. subspace         (NBF5)   = 57
No. of electrons                                     = 9
    No. of alpha electrons                           = 5
    No. of beta electrons                            = 4
Multiplicity                                         = 2

Geometry
========
 F       0.0000000       0.0000000       0.0000000

No violations of the orthonormality
No violations of the orthonormality
 
PNOF9/ADABelief Calculation
==================
 
  Nitext  Nit_orb  Time   Nit_occ  Time         Eelec          Etot           Ediff      maxdiff    MaxGrad_orb  Grad_occ
     1      10    1.7e+01    5    2.0e+01   -99.66218448   -99.66218448 -10098.66218448   0.000647   2.6e-03   2.4e-04 0.02
 
RESULTS OF THE OCCUPATION OPTIMIZATION
========================================
   1    1.9999820  -26.43214005
   2    1.9844465  -1.57821028
   3    1.9781714  -0.77512451
   4    1.9779166  -0.77244327
   5    1.0000000  -0.44611068
   6    0.0111526  -0.02030485
   7    0.0124229  -0.02090492
   8    0.0087130  -0.02205093
   9    0.0000080  -0.00036039
  10    0.0044484  -0.00960074
  11    0.0048697  -0.00973806
  12    0.0025571  -0.00676853
  13    0.0000018  -0.00004965
  14    0.0044102  -0.01014076
  15    0.0033259  -0.00706306
  16    0.0022181  -0.00588091
  17    0.0000011  -0.00004155
  18    0.0007679  -0.00287636
  19    0.0003094  -0.00107731
  20    0.0006728  -0.00431185
  21    0.0000011  -0.00003994
  22    0.0006617  -0.00380176
  23    0.0003037  -0.00105771
  24    0.0003936  -0.00145398
  25    0.0000010  -0.00003923
  26    0.0002245  -0.00082972
  27    0.0002324  -0.00081524
  28    0.0002655  -0.00107750
  29    0.0000010  -0.00003861
  30    0.0001860  -0.00070977
  31    0.0001783  -0.00064449
  32    0.0002609  -0.00106162
  33    0.0000009  -0.00003315
  34    0.0001690  -0.00064525
  35    0.0001072  -0.00051115
  36    0.0001697  -0.00070779
  37    0.0000008  -0.00003242
  38    0.0000140  -0.00009190
  39    0.0000196  -0.00014441
  40    0.0001639  -0.00068655
  41    0.0000008  -0.00003154
  42    0.0000136  -0.00009088
  43    0.0000181  -0.00013236
  44    0.0000895  -0.00146724
  45    0.0000006  -0.00001039
  46    0.0000127  -0.00009781
  47    0.0000151  -0.00011335
  48    0.0000170  -0.00013146
  49    0.0000004  -0.00000796
  50    0.0000116  -0.00009046
  51    0.0000133  -0.00010173
  52    0.0000162  -0.00012266
  53    0.0000004  -0.00004517
  54    0.0000111  -0.00007598
  55    0.0000129  -0.00009065
  56    0.0000162  -0.00011825
  57    0.0000001  -0.00000251
 
----------------
 Final Energies 
----------------
Final NOF Total Energy =     -99.6621845
 
Total Orbital Internal Iterations = 10
Total Occupation Internal Iterations = 5
 
Elapsed time:   47.69 Seconds

---------------------------------
   Lowdin Population Analysis    
---------------------------------
 Idx  Atom   Population   Charge 
---------------------------------
  1     F     9.000      -0.000

---------------------------------
   M Diagnostic: 0.02
---------------------------------

Recovering execution output...
Moving from /scratch/pobleyef/203072 to /home-nas/pobleyef/Poison-NOF/ncwomax/P30-5/GNOFmodulated/arina.203072
mkdir -p /home-nas/pobleyef/Poison-NOF/ncwomax/P30-5/GNOFmodulated/arina.203072
mv /scratch/pobleyef/203072/* /home-nas/pobleyef/Poison-NOF/ncwomax/P30-5/GNOFmodulated/arina.203072
