G2RC_20_34
/software/eb2024/easybuild/software/common/software/Julia/1.11.3-linux-x86_64/bin/julia
Job runing on na10
Choosing scratch ...
Automatic scratch folder selection
/scratch/pobleyef/203079
/scratch/pobleyef/203079 directory
cp G2RC_20_34.jl G2RC_20_34.jld2 to  /scratch/pobleyef/203079/.
Computing Integrals
Elapsed time:    5.18 Seconds

Number of basis functions                   (NBF)    = 114
Number of auxiliary basis functions         (NBFAUX) = 154
Inactive Doubly occupied orbitals up to     (NO1)    = 0
No. considered Strongly Doubly occupied MOs (NDOC)   = 7
No. considered Strongly Singly occupied MOs (NSOC)   = 0
NO. of Weakly occ. per St. Doubly occ.  MOs (NCWO)   = 15
Dimension of the Nat. Orb. subspace         (NBF5)   = 112
No. of electrons                                     = 14
    No. of alpha electrons                           = 7
    No. of beta electrons                            = 7
Multiplicity                                         = 1

Geometry
========
 N       0.0000000       0.0000000      -0.5454291
 N       0.0000000       0.0000000       0.5454291

No violations of the orthonormality
No violations of the orthonormality
 
PNOF9/ADABelief Calculation
==================
 
  Nitext  Nit_orb  Time   Nit_occ  Time         Eelec          Etot           Ediff      maxdiff    MaxGrad_orb  Grad_occ
     1      10    2.1e+01    7    2.1e+01  -133.20033204  -109.43039683 -10132.20033204   0.000516   2.1e-03   1.8e-04 0.04
 
RESULTS OF THE OCCUPATION OPTIMIZATION
========================================
   1    1.9999669  -15.68404029
   2    1.9999660  -15.68177828
   3    1.9858639  -1.28869178
   4    1.9822669  -0.87721860
   5    1.9740396  -0.79287866
   6    1.9570905  -0.64686711
   7    1.9558931  -0.64592683
   8    0.0349706  -0.04603118
   9    0.0385622  -0.04869444
  10    0.0189015  -0.03209262
  11    0.0082315  -0.01660509
  12    0.0058835  -0.01492982
  13    0.0000250  -0.00078959
  14    0.0000247  -0.00079364
  15    0.0035328  -0.00670565
  16    0.0038077  -0.00696410
  17    0.0048338  -0.00929131
  18    0.0031654  -0.00647314
  19    0.0027375  -0.00643130
  20    0.0000026  -0.00004763
  21    0.0000026  -0.00004435
  22    0.0028040  -0.00525596
  23    0.0002032  -0.00053009
  24    0.0005093  -0.00149960
  25    0.0016660  -0.00396152
  26    0.0014603  -0.00393716
  27    0.0000018  -0.00004070
  28    0.0000019  -0.00003938
  29    0.0026823  -0.00502786
  30    0.0002024  -0.00052816
  31    0.0004807  -0.00133852
  32    0.0015476  -0.00434294
  33    0.0012206  -0.00592323
  34    0.0000017  -0.00004641
  35    0.0000015  -0.00002874
  36    0.0000205  -0.00008860
  37    0.0000215  -0.00008935
  38    0.0002563  -0.00073436
  39    0.0009870  -0.00213710
  40    0.0008636  -0.00211441
  41    0.0000015  -0.00004248
  42    0.0000014  -0.00006052
  43    0.0000156  -0.00008050
  44    0.0000190  -0.00008417
  45    0.0002223  -0.00065099
  46    0.0005438  -0.00151909
  47    0.0005238  -0.00339812
  48    0.0000003  -0.00002616
  49    0.0000002  -0.00001611
  50    0.0000129  -0.00006301
  51    0.0000155  -0.00007671
  52    0.0002174  -0.00062436
  53    0.0005227  -0.00409216
  54    0.0004891  -0.00157436
  55    0.0000002  -0.00001726
  56    0.0000001  -0.00000801
  57    0.0000119  -0.00006510
  58    0.0000143  -0.00007601
  59    0.0001320  -0.00041686
  60    0.0002700  -0.00073709
  61    0.0002984  -0.00149540
  62    0.0000002  -0.00000897
  63    0.0000001  -0.00000590
  64    0.0000104  -0.00005743
  65    0.0000118  -0.00006168
  66    0.0001213  -0.00033917
  67    0.0002214  -0.00089436
  68    0.0002058  -0.00087183
  69    0.0000001  -0.00000844
  70    0.0000001  -0.00000549
  71    0.0000099  -0.00005208
  72    0.0000104  -0.00006136
  73    0.0000849  -0.00028920
  74    0.0001504  -0.00044079
  75    0.0001020  -0.00037672
  76    0.0000001  -0.00000778
  77    0.0000001  -0.00000366
  78    0.0000086  -0.00004880
  79    0.0000093  -0.00004744
  80    0.0000809  -0.00032579
  81    0.0001047  -0.00034871
  82    0.0000987  -0.00045247
  83    0.0000001  -0.00000435
  84    0.0000001  -0.00000118
  85    0.0000079  -0.00004494
  86    0.0000088  -0.00005019
  87    0.0000453  -0.00019645
  88    0.0001015  -0.00032690
  89    0.0000957  -0.00036700
  90    0.0000001  -0.00000325
  91    0.0000001  -0.00000111
  92    0.0000074  -0.00004485
  93    0.0000087  -0.00004695
  94    0.0000263  -0.00012328
  95    0.0000990  -0.00034476
  96    0.0000866  -0.00035463
  97    0.0000001  -0.00000179
  98    0.0000001  -0.00000089
  99    0.0000066  -0.00004009
 100    0.0000076  -0.00004687
 101    0.0000255  -0.00012506
 102    0.0000892  -0.00033626
 103    0.0000410  -0.00022807
 104    0.0000001  -0.00000158
 105    0.0000000  -0.00000037
 106    0.0000055  -0.00003826
 107    0.0000072  -0.00004626
 108    0.0000228  -0.00011424
 109    0.0000327  -0.00018275
 110    0.0000296  -0.00016200
 111    0.0000001  -0.00000084
 112    0.0000000  -0.00000038
 
----------------
 Final Energies 
----------------
Final NOF Total Energy =    -109.4303968
 
Total Orbital Internal Iterations = 10
Total Occupation Internal Iterations = 7
 
Elapsed time:   53.01 Seconds

---------------------------------
   Lowdin Population Analysis    
---------------------------------
 Idx  Atom   Population   Charge 
---------------------------------
  1     N     6.999       0.001
  2     N     7.001      -0.001

---------------------------------
   M Diagnostic: 0.04
---------------------------------

Recovering execution output...
Moving from /scratch/pobleyef/203079 to /home-nas/pobleyef/Poison-NOF/ncwomax/P30-5/GNOFmodulated/arina.203079
mkdir -p /home-nas/pobleyef/Poison-NOF/ncwomax/P30-5/GNOFmodulated/arina.203079
mv /scratch/pobleyef/203079/* /home-nas/pobleyef/Poison-NOF/ncwomax/P30-5/GNOFmodulated/arina.203079
