W4-11_136_foof
/software/eb2024/easybuild/software/common/software/Julia/1.11.3-linux-x86_64/bin/julia
Job runing on na10
Choosing scratch ...
Automatic scratch folder selection
/scratch/pobleyef/203109
/scratch/pobleyef/203109 directory
cp W4-11_136_foof.jl W4-11_136_foof.jld2 to  /scratch/pobleyef/203109/.
Computing Integrals
Elapsed time:    5.40 Seconds

Number of basis functions                   (NBF)    = 228
Number of auxiliary basis functions         (NBFAUX) = 308
Inactive Doubly occupied orbitals up to     (NO1)    = 0
No. considered Strongly Doubly occupied MOs (NDOC)   = 17
No. considered Strongly Singly occupied MOs (NSOC)   = 0
NO. of Weakly occ. per St. Doubly occ.  MOs (NCWO)   = 12
Dimension of the Nat. Orb. subspace         (NBF5)   = 221
No. of electrons                                     = 34
    No. of alpha electrons                           = 17
    No. of beta electrons                            = 17
Multiplicity                                         = 1

Geometry
========
 F       0.5557100       1.3844340      -0.4939860
 O       0.5557100       0.2681810       0.5557340
 O      -0.5557100      -0.2681810       0.5557340
 F      -0.5557100      -1.3844340      -0.4939860

No violations of the orthonormality
No violations of the orthonormality
 
PNOF9/ADABelief Calculation
==================
 
  Nitext  Nit_orb  Time   Nit_occ  Time         Eelec          Etot           Ediff      maxdiff    MaxGrad_orb  Grad_occ
     1      10    3.0e+01   13    2.1e+01  -474.93991124  -349.55211933 -10473.93991124   0.000719   2.9e-03   2.1e-04 0.05
 
RESULTS OF THE OCCUPATION OPTIMIZATION
========================================
   1    1.9999874  -25.43912364
   2    1.9999838  -24.38319264
   3    1.9999803  -22.88870917
   4    1.9999774  -21.80427301
   5    1.9880784  -1.63836140
   6    1.9871418  -1.61868649
   7    1.9881360  -1.53873145
   8    1.9867581  -1.37490760
   9    1.9631991  -0.89250209
  10    1.9788793  -0.78945357
  11    1.9788144  -0.78432485
  12    1.9784021  -0.75058410
  13    1.9784740  -0.75053800
  14    1.9782896  -0.74240432
  15    1.9782378  -0.74064280
  16    1.9495456  -0.71940829
  17    1.9497081  -0.71480250
  18    0.0501514  -0.08726388
  19    0.0503167  -0.08750296
  20    0.0115540  -0.02080465
  21    0.0115079  -0.02084058
  22    0.0120552  -0.02127018
  23    0.0113292  -0.02072074
  24    0.0075361  -0.01429915
  25    0.0080069  -0.01541573
  26    0.0362588  -0.06155380
  27    0.0061979  -0.01702435
  28    0.0058266  -0.01730116
  29    0.0071006  -0.02269954
  30    0.0069384  -0.02208686
  31    0.0000041  -0.00017225
  32    0.0000036  -0.00012381
  33    0.0000045  -0.00018654
  34    0.0000043  -0.00018377
  35    0.0000451  -0.00023630
  36    0.0000435  -0.00023110
  37    0.0044387  -0.01014163
  38    0.0043747  -0.01012736
  39    0.0039400  -0.00864230
  40    0.0041715  -0.00972187
  41    0.0046041  -0.00908420
  42    0.0046017  -0.00912382
  43    0.0001104  -0.00043774
  44    0.0030989  -0.00813715
  45    0.0020967  -0.00701674
  46    0.0023798  -0.00701615
  47    0.0023401  -0.00701954
  48    0.0000027  -0.00007713
  49    0.0000023  -0.00005446
  50    0.0000021  -0.00005395
  51    0.0000022  -0.00005910
  52    0.0000175  -0.00008580
  53    0.0000158  -0.00008923
  54    0.0040613  -0.00902574
  55    0.0042974  -0.00994440
  56    0.0036730  -0.00810728
  57    0.0035236  -0.00796843
  58    0.0038178  -0.00800453
  59    0.0040079  -0.00847403
  60    0.0000971  -0.00040140
  61    0.0016110  -0.00465447
  62    0.0015938  -0.00467408
  63    0.0023566  -0.00705667
  64    0.0008361  -0.00424303
  65    0.0000025  -0.00006252
  66    0.0000022  -0.00004976
  67    0.0000017  -0.00004211
  68    0.0000015  -0.00003932
  69    0.0000128  -0.00008504
  70    0.0000129  -0.00008409
  71    0.0007568  -0.00270495
  72    0.0007266  -0.00259327
  73    0.0003437  -0.00115137
  74    0.0008423  -0.00383718
  75    0.0027601  -0.00638085
  76    0.0030191  -0.00639624
  77    0.0000886  -0.00037738
  78    0.0005278  -0.00377899
  79    0.0009054  -0.00311562
  80    0.0002432  -0.00106926
  81    0.0006339  -0.00263402
  82    0.0000022  -0.00004940
  83    0.0000021  -0.00004915
  84    0.0000016  -0.00004022
  85    0.0000013  -0.00003509
  86    0.0000108  -0.00007972
  87    0.0000106  -0.00008085
  88    0.0002994  -0.00106188
  89    0.0002542  -0.00091821
  90    0.0002987  -0.00107635
  91    0.0007127  -0.00256367
  92    0.0010328  -0.00302013
  93    0.0005275  -0.00233397
  94    0.0000843  -0.00038022
  95    0.0004823  -0.00455492
  96    0.0005021  -0.00217714
  97    0.0002374  -0.00100813
  98    0.0004731  -0.00503079
  99    0.0000021  -0.00004744
 100    0.0000020  -0.00004657
 101    0.0000015  -0.00003838
 102    0.0000013  -0.00002750
 103    0.0000090  -0.00007377
 104    0.0000090  -0.00007396
 105    0.0002620  -0.00092405
 106    0.0002473  -0.00089589
 107    0.0002985  -0.00107550
 108    0.0002894  -0.00106865
 109    0.0003933  -0.00122534
 110    0.0003508  -0.00107427
 111    0.0000768  -0.00035529
 112    0.0003934  -0.00205349
 113    0.0004185  -0.00393861
 114    0.0002322  -0.00101431
 115    0.0002245  -0.00098946
 116    0.0000020  -0.00004493
 117    0.0000019  -0.00004528
 118    0.0000014  -0.00003588
 119    0.0000007  -0.00001433
 120    0.0000083  -0.00006983
 121    0.0000081  -0.00006775
 122    0.0002430  -0.00091043
 123    0.0002089  -0.00077004
 124    0.0002889  -0.00105086
 125    0.0002879  -0.00106271
 126    0.0003321  -0.00102425
 127    0.0002048  -0.00073404
 128    0.0000193  -0.00011111
 129    0.0002939  -0.00119142
 130    0.0002032  -0.00078909
 131    0.0001501  -0.00083390
 132    0.0001844  -0.00082347
 133    0.0000018  -0.00004232
 134    0.0000016  -0.00003851
 135    0.0000013  -0.00003421
 136    0.0000003  -0.00004160
 137    0.0000079  -0.00006818
 138    0.0000081  -0.00006669
 139    0.0000778  -0.00040242
 140    0.0000334  -0.00020335
 141    0.0002482  -0.00089466
 142    0.0002007  -0.00075138
 143    0.0002778  -0.00091445
 144    0.0001772  -0.00064024
 145    0.0000142  -0.00009109
 146    0.0002170  -0.00084329
 147    0.0001698  -0.00076165
 148    0.0000623  -0.00111036
 149    0.0001705  -0.00078752
 150    0.0000016  -0.00003814
 151    0.0000012  -0.00003185
 152    0.0000008  -0.00002063
 153    0.0000002  -0.00002737
 154    0.0000076  -0.00006495
 155    0.0000075  -0.00006413
 156    0.0000212  -0.00014192
 157    0.0000162  -0.00011673
 158    0.0001958  -0.00073375
 159    0.0001915  -0.00070903
 160    0.0002250  -0.00074517
 161    0.0001688  -0.00063957
 162    0.0000141  -0.00009100
 163    0.0001927  -0.00077617
 164    0.0000786  -0.00053626
 165    0.0000460  -0.00086520
 166    0.0000565  -0.00104647
 167    0.0000011  -0.00002588
 168    0.0000011  -0.00002448
 169    0.0000004  -0.00003481
 170    0.0000002  -0.00000567
 171    0.0000074  -0.00006325
 172    0.0000075  -0.00006371
 173    0.0000167  -0.00010923
 174    0.0000153  -0.00011099
 175    0.0001481  -0.00067212
 176    0.0000179  -0.00014004
 177    0.0001670  -0.00058215
 178    0.0000214  -0.00013609
 179    0.0000128  -0.00008243
 180    0.0001289  -0.00062114
 181    0.0000331  -0.00023472
 182    0.0000183  -0.00014821
 183    0.0000333  -0.00053667
 184    0.0000010  -0.00002309
 185    0.0000007  -0.00001319
 186    0.0000003  -0.00001508
 187    0.0000002  -0.00000445
 188    0.0000071  -0.00006250
 189    0.0000073  -0.00006249
 190    0.0000163  -0.00011250
 191    0.0000145  -0.00010644
 192    0.0000194  -0.00014420
 193    0.0000156  -0.00011847
 194    0.0000212  -0.00014790
 195    0.0000183  -0.00012174
 196    0.0000125  -0.00008575
 197    0.0000767  -0.00077786
 198    0.0000199  -0.00020440
 199    0.0000164  -0.00011849
 200    0.0000154  -0.00012889
 201    0.0000009  -0.00002117
 202    0.0000006  -0.00001096
 203    0.0000002  -0.00002584
 204    0.0000002  -0.00000365
 205    0.0000070  -0.00006274
 206    0.0000072  -0.00006187
 207    0.0000151  -0.00009451
 208    0.0000140  -0.00009443
 209    0.0000165  -0.00012440
 210    0.0000156  -0.00011814
 211    0.0000183  -0.00011777
 212    0.0000163  -0.00011128
 213    0.0000120  -0.00008140
 214    0.0000215  -0.00016583
 215    0.0000165  -0.00017845
 216    0.0000153  -0.00011709
 217    0.0000154  -0.00012903
 218    0.0000005  -0.00000994
 219    0.0000005  -0.00000874
 220    0.0000002  -0.00000333
 221    0.0000002  -0.00000281
 
----------------
 Final Energies 
----------------
Final NOF Total Energy =    -349.5521193
 
Total Orbital Internal Iterations = 10
Total Occupation Internal Iterations = 13
 
Elapsed time:   63.95 Seconds

---------------------------------
   Lowdin Population Analysis    
---------------------------------
 Idx  Atom   Population   Charge 
---------------------------------
  1     F     9.055      -0.055
  2     O     7.948       0.052
  3     O     7.947       0.053
  4     F     9.050      -0.050

---------------------------------
   M Diagnostic: 0.05
---------------------------------

Recovering execution output...
Moving from /scratch/pobleyef/203109 to /home-nas/pobleyef/Poison-NOF/ncwomax/P30-5/GNOFmodulated/arina.203109
mkdir -p /home-nas/pobleyef/Poison-NOF/ncwomax/P30-5/GNOFmodulated/arina.203109
mv /scratch/pobleyef/203109/* /home-nas/pobleyef/Poison-NOF/ncwomax/P30-5/GNOFmodulated/arina.203109
