W4-11_109_bn3pi
/software/eb2024/easybuild/software/common/software/Julia/1.11.3-linux-x86_64/bin/julia
Job runing on na04
Choosing scratch ...
Automatic scratch folder selection
/scratch/pobleyef/203099
/scratch/pobleyef/203099 directory
cp W4-11_109_bn3pi.jl W4-11_109_bn3pi.jld2 to  /scratch/pobleyef/203099/.
Computing Integrals
Elapsed time:    3.91 Seconds

Number of basis functions                   (NBF)    = 114
Number of auxiliary basis functions         (NBFAUX) = 152
Inactive Doubly occupied orbitals up to     (NO1)    = 0
No. considered Strongly Doubly occupied MOs (NDOC)   = 5
No. considered Strongly Singly occupied MOs (NSOC)   = 2
NO. of Weakly occ. per St. Doubly occ.  MOs (NCWO)   = 21
Dimension of the Nat. Orb. subspace         (NBF5)   = 112
No. of electrons                                     = 12
    No. of alpha electrons                           = 7
    No. of beta electrons                            = 5
Multiplicity                                         = 3

Geometry
========
 B       0.0000000       0.0000000      -0.7759500
 N       0.0000000       0.0000000       0.5542500

No violations of the orthonormality
No violations of the orthonormality
 
PNOF9/ADABelief Calculation
==================
 
  Nitext  Nit_orb  Time   Nit_occ  Time         Eelec          Etot           Ediff      maxdiff    MaxGrad_orb  Grad_occ
     1      10    1.8e+01   10    2.0e+01   -93.22769063   -79.30409689 -10092.22769063   0.000687   2.7e-03   1.3e-04 0.04
 
RESULTS OF THE OCCUPATION OPTIMIZATION
========================================
   1    1.9999680  -15.61888629
   2    1.9998369  -7.69788088
   3    1.9808231  -1.05921835
   4    1.9613017  -0.62077067
   5    1.9509144  -0.46443293
   6    1.0000000  -0.27431082
   7    1.0000000  -0.26054903
   8    0.0373496  -0.03398038
   9    0.0149129  -0.01626472
  10    0.0079331  -0.01693806
  11    0.0001295  -0.00194891
  12    0.0000275  -0.00088067
  13    0.0045333  -0.00604879
  14    0.0140219  -0.01990047
  15    0.0021878  -0.00458577
  16    0.0000075  -0.00020639
  17    0.0000014  -0.00002084
  18    0.0030584  -0.00411608
  19    0.0044111  -0.00718049
  20    0.0021775  -0.00756259
  21    0.0000048  -0.00004768
  22    0.0000009  -0.00001762
  23    0.0028359  -0.00385257
  24    0.0025610  -0.00418838
  25    0.0016468  -0.00350739
  26    0.0000039  -0.00004042
  27    0.0000006  -0.00004500
  28    0.0004036  -0.00069893
  29    0.0011557  -0.00226306
  30    0.0010939  -0.00363719
  31    0.0000038  -0.00006159
  32    0.0000002  -0.00000289
  33    0.0002728  -0.00052599
  34    0.0003939  -0.00090290
  35    0.0009894  -0.00262281
  36    0.0000030  -0.00003355
  37    0.0000002  -0.00000241
  38    0.0001656  -0.00036550
  39    0.0002845  -0.00063122
  40    0.0007693  -0.00174383
  41    0.0000016  -0.00001969
  42    0.0000002  -0.00000205
  43    0.0001211  -0.00025698
  44    0.0002304  -0.00055213
  45    0.0005679  -0.00382648
  46    0.0000015  -0.00004978
  47    0.0000001  -0.00000187
  48    0.0001038  -0.00022073
  49    0.0002069  -0.00052206
  50    0.0004412  -0.00119297
  51    0.0000009  -0.00001221
  52    0.0000001  -0.00000147
  53    0.0000657  -0.00013614
  54    0.0001618  -0.00038613
  55    0.0003947  -0.00092459
  56    0.0000007  -0.00001158
  57    0.0000001  -0.00000133
  58    0.0000455  -0.00009060
  59    0.0001357  -0.00037273
  60    0.0001957  -0.00066595
  61    0.0000007  -0.00000930
  62    0.0000001  -0.00000114
  63    0.0000247  -0.00005674
  64    0.0000606  -0.00017344
  65    0.0001694  -0.00045449
  66    0.0000007  -0.00000886
  67    0.0000001  -0.00000120
  68    0.0000167  -0.00005115
  69    0.0000379  -0.00011127
  70    0.0001602  -0.00044012
  71    0.0000007  -0.00000850
  72    0.0000001  -0.00000114
  73    0.0000147  -0.00006081
  74    0.0000213  -0.00007397
  75    0.0001401  -0.00045519
  76    0.0000006  -0.00000845
  77    0.0000001  -0.00000096
  78    0.0000135  -0.00004722
  79    0.0000198  -0.00007236
  80    0.0000524  -0.00018009
  81    0.0000006  -0.00000810
  82    0.0000001  -0.00000075
  83    0.0000120  -0.00004191
  84    0.0000171  -0.00006765
  85    0.0000509  -0.00017648
  86    0.0000005  -0.00000742
  87    0.0000001  -0.00000070
  88    0.0000116  -0.00003996
  89    0.0000155  -0.00006575
  90    0.0000486  -0.00015829
  91    0.0000005  -0.00000623
  92    0.0000001  -0.00000065
  93    0.0000098  -0.00004398
  94    0.0000145  -0.00005734
  95    0.0000458  -0.00014988
  96    0.0000005  -0.00000606
  97    0.0000001  -0.00000015
  98    0.0000094  -0.00003935
  99    0.0000137  -0.00005651
 100    0.0000435  -0.00014149
 101    0.0000004  -0.00000470
 102    0.0000001  -0.00000030
 103    0.0000092  -0.00003705
 104    0.0000116  -0.00004909
 105    0.0000417  -0.00013434
 106    0.0000004  -0.00000466
 107    0.0000000  -0.00000016
 108    0.0000084  -0.00003522
 109    0.0000107  -0.00004726
 110    0.0000271  -0.00012999
 111    0.0000004  -0.00000536
 112    0.0000000  -0.00000012
 
----------------
 Final Energies 
----------------
Final NOF Total Energy =     -79.3040969
 
Total Orbital Internal Iterations = 10
Total Occupation Internal Iterations = 10
 
Elapsed time:   50.14 Seconds

---------------------------------
   Lowdin Population Analysis    
---------------------------------
 Idx  Atom   Population   Charge 
---------------------------------
  1     B     5.184      -0.184
  2     N     6.816       0.184

---------------------------------
   M Diagnostic: 0.04
---------------------------------

Recovering execution output...
Moving from /scratch/pobleyef/203099 to /home-nas/pobleyef/Poison-NOF/ncwomax/P30-5/GNOFmodulated/arina.203099
mkdir -p /home-nas/pobleyef/Poison-NOF/ncwomax/P30-5/GNOFmodulated/arina.203099
mv /scratch/pobleyef/203099/* /home-nas/pobleyef/Poison-NOF/ncwomax/P30-5/GNOFmodulated/arina.203099
