W4-11_113_n2o
/software/eb2024/easybuild/software/common/software/Julia/1.11.3-linux-x86_64/bin/julia
Job runing on na09
Choosing scratch ...
Automatic scratch folder selection
/scratch/pobleyef/203100
/scratch/pobleyef/203100 directory
cp W4-11_113_n2o.jl W4-11_113_n2o.jld2 to  /scratch/pobleyef/203100/.
Computing Integrals
Elapsed time:    4.89 Seconds

Number of basis functions                   (NBF)    = 171
Number of auxiliary basis functions         (NBFAUX) = 231
Inactive Doubly occupied orbitals up to     (NO1)    = 0
No. considered Strongly Doubly occupied MOs (NDOC)   = 11
No. considered Strongly Singly occupied MOs (NSOC)   = 0
NO. of Weakly occ. per St. Doubly occ.  MOs (NCWO)   = 14
Dimension of the Nat. Orb. subspace         (NBF5)   = 165
No. of electrons                                     = 22
    No. of alpha electrons                           = 11
    No. of beta electrons                            = 11
Multiplicity                                         = 1

Geometry
========
 N       0.0000000       0.0000000      -1.2014770
 N       0.0000000       0.0000000      -0.0723770
 O       0.0000000       0.0000000       1.1146230

No violations of the orthonormality
No violations of the orthonormality
 
PNOF9/ADABelief Calculation
==================
 
  Nitext  Nit_orb  Time   Nit_occ  Time         Eelec          Etot           Ediff      maxdiff    MaxGrad_orb  Grad_occ
     1      10    2.2e+01    8    2.1e+01  -245.20979259  -184.48485767 -10244.20979259   0.000551   2.2e-03   2.7e-04 0.04
 
RESULTS OF THE OCCUPATION OPTIMIZATION
========================================
   1    1.9999886  -19.93553884
   2    1.9999791  -16.46348155
   3    1.9999716  -15.80997179
   4    1.9878028  -1.52397037
   5    1.9846046  -1.27664416
   6    1.9753278  -0.93536382
   7    1.9689091  -0.92673388
   8    1.9787684  -0.74912296
   9    1.9771779  -0.73608704
  10    1.9555243  -0.57666485
  11    1.9558453  -0.56398502
  12    0.0434639  -0.05912267
  13    0.0415418  -0.05777892
  14    0.0067509  -0.01261736
  15    0.0068185  -0.01260178
  16    0.0284785  -0.05048432
  17    0.0167232  -0.03034232
  18    0.0062974  -0.01604943
  19    0.0063312  -0.01847043
  20    0.0000103  -0.00033637
  21    0.0000053  -0.00017012
  22    0.0000056  -0.00024134
  23    0.0001842  -0.00050234
  24    0.0025342  -0.00492059
  25    0.0045415  -0.00874044
  26    0.0047613  -0.00892163
  27    0.0017111  -0.00464027
  28    0.0034891  -0.00795561
  29    0.0028352  -0.00638668
  30    0.0017500  -0.00729395
  31    0.0000030  -0.00005565
  32    0.0000032  -0.00005804
  33    0.0000015  -0.00003186
  34    0.0001801  -0.00049322
  35    0.0001060  -0.00033572
  36    0.0043391  -0.00868320
  37    0.0043490  -0.00876925
  38    0.0004874  -0.00155193
  39    0.0023623  -0.00574241
  40    0.0027845  -0.00619095
  41    0.0011489  -0.00496416
  42    0.0000023  -0.00004548
  43    0.0000028  -0.00004430
  44    0.0000010  -0.00002402
  45    0.0001298  -0.00038476
  46    0.0000779  -0.00028271
  47    0.0041722  -0.00785787
  48    0.0027890  -0.00581689
  49    0.0001662  -0.00060042
  50    0.0010266  -0.00251253
  51    0.0013163  -0.00539361
  52    0.0008806  -0.00314556
  53    0.0000021  -0.00003347
  54    0.0000019  -0.00003235
  55    0.0000009  -0.00001887
  56    0.0000819  -0.00028675
  57    0.0000702  -0.00026989
  58    0.0010828  -0.00254598
  59    0.0010447  -0.00308053
  60    0.0000697  -0.00031417
  61    0.0004750  -0.00140162
  62    0.0005211  -0.00443123
  63    0.0005669  -0.00191160
  64    0.0000018  -0.00002904
  65    0.0000016  -0.00003220
  66    0.0000006  -0.00001375
  67    0.0000266  -0.00010719
  68    0.0000439  -0.00017476
  69    0.0004574  -0.00142819
  70    0.0003846  -0.00126298
  71    0.0000649  -0.00030955
  72    0.0001704  -0.00058947
  73    0.0005018  -0.00157638
  74    0.0004685  -0.00411001
  75    0.0000017  -0.00002832
  76    0.0000015  -0.00004054
  77    0.0000003  -0.00001323
  78    0.0000182  -0.00007788
  79    0.0000356  -0.00015117
  80    0.0004153  -0.00129706
  81    0.0002923  -0.00095935
  82    0.0000272  -0.00013783
  83    0.0001662  -0.00052009
  84    0.0004093  -0.00170773
  85    0.0003367  -0.00252326
  86    0.0000014  -0.00003523
  87    0.0000011  -0.00002350
  88    0.0000003  -0.00002341
  89    0.0000117  -0.00006299
  90    0.0000112  -0.00005935
  91    0.0002930  -0.00112958
  92    0.0002822  -0.00083402
  93    0.0000164  -0.00010229
  94    0.0001637  -0.00052546
  95    0.0002061  -0.00080061
  96    0.0003276  -0.00113682
  97    0.0000012  -0.00002557
  98    0.0000010  -0.00001927
  99    0.0000002  -0.00000394
 100    0.0000114  -0.00005753
 101    0.0000108  -0.00006382
 102    0.0002217  -0.00069981
 103    0.0002220  -0.00070269
 104    0.0000156  -0.00009477
 105    0.0000198  -0.00013305
 106    0.0001782  -0.00062183
 107    0.0001860  -0.00070584
 108    0.0000011  -0.00002555
 109    0.0000006  -0.00001797
 110    0.0000002  -0.00000248
 111    0.0000102  -0.00006856
 112    0.0000099  -0.00006186
 113    0.0002103  -0.00067855
 114    0.0001280  -0.00072929
 115    0.0000124  -0.00007958
 116    0.0000179  -0.00011294
 117    0.0000965  -0.00038131
 118    0.0000663  -0.00082951
 119    0.0000009  -0.00001755
 120    0.0000005  -0.00003703
 121    0.0000002  -0.00000198
 122    0.0000097  -0.00005834
 123    0.0000092  -0.00004882
 124    0.0001309  -0.00049971
 125    0.0000836  -0.00039200
 126    0.0000115  -0.00007837
 127    0.0000163  -0.00010160
 128    0.0000901  -0.00048422
 129    0.0000587  -0.00085175
 130    0.0000009  -0.00001791
 131    0.0000004  -0.00000749
 132    0.0000002  -0.00000304
 133    0.0000092  -0.00005596
 134    0.0000090  -0.00004817
 135    0.0001265  -0.00049575
 136    0.0000344  -0.00018285
 137    0.0000110  -0.00007864
 138    0.0000143  -0.00009964
 139    0.0000792  -0.00050569
 140    0.0000341  -0.00039807
 141    0.0000007  -0.00001530
 142    0.0000004  -0.00000958
 143    0.0000002  -0.00000138
 144    0.0000089  -0.00004805
 145    0.0000086  -0.00004759
 146    0.0000455  -0.00021386
 147    0.0000249  -0.00013442
 148    0.0000100  -0.00007599
 149    0.0000137  -0.00008638
 150    0.0000561  -0.00036205
 151    0.0000238  -0.00013130
 152    0.0000005  -0.00001295
 153    0.0000003  -0.00000548
 154    0.0000001  -0.00000128
 155    0.0000086  -0.00004766
 156    0.0000073  -0.00004802
 157    0.0000351  -0.00019319
 158    0.0000169  -0.00010192
 159    0.0000091  -0.00007504
 160    0.0000136  -0.00008781
 161    0.0000236  -0.00013878
 162    0.0000177  -0.00010628
 163    0.0000003  -0.00002115
 164    0.0000003  -0.00000446
 165    0.0000001  -0.00000148
 
----------------
 Final Energies 
----------------
Final NOF Total Energy =    -184.4848577
 
Total Orbital Internal Iterations = 10
Total Occupation Internal Iterations = 8
 
Elapsed time:   55.47 Seconds

---------------------------------
   Lowdin Population Analysis    
---------------------------------
 Idx  Atom   Population   Charge 
---------------------------------
  1     N     6.952       0.048
  2     N     7.137      -0.137
  3     O     7.910       0.090

---------------------------------
   M Diagnostic: 0.04
---------------------------------

Recovering execution output...
Moving from /scratch/pobleyef/203100 to /home-nas/pobleyef/Poison-NOF/ncwomax/P30-5/GNOFmodulated/arina.203100
mkdir -p /home-nas/pobleyef/Poison-NOF/ncwomax/P30-5/GNOFmodulated/arina.203100
mv /scratch/pobleyef/203100/* /home-nas/pobleyef/Poison-NOF/ncwomax/P30-5/GNOFmodulated/arina.203100
