W4-11_135_cloo
/software/eb2024/easybuild/software/common/software/Julia/1.11.3-linux-x86_64/bin/julia
Job runing on nagpu01
Choosing scratch ...
Automatic scratch folder selection
/scratch/pobleyef/203108
/scratch/pobleyef/203108 directory
cp W4-11_135_cloo.jl W4-11_135_cloo.jld2 to  /scratch/pobleyef/203108/.
Computing Integrals
Elapsed time:    5.93 Seconds

Number of basis functions                   (NBF)    = 184
Number of auxiliary basis functions         (NBFAUX) = 282
Inactive Doubly occupied orbitals up to     (NO1)    = 0
No. considered Strongly Doubly occupied MOs (NDOC)   = 16
No. considered Strongly Singly occupied MOs (NSOC)   = 1
NO. of Weakly occ. per St. Doubly occ.  MOs (NCWO)   = 10
Dimension of the Nat. Orb. subspace         (NBF5)   = 177
No. of electrons                                     = 33
    No. of alpha electrons                           = 17
    No. of beta electrons                            = 16
Multiplicity                                         = 2

Geometry
========
Cl      -0.5609740      -0.9946370       0.0000000
 O       0.0000000       0.9587120       0.0000000
 O       1.1920690       1.1548920       0.0000000

No violations of the orthonormality
No violations of the orthonormality
 
PNOF9/ADABelief Calculation
==================
 
  Nitext  Nit_orb  Time   Nit_occ  Time         Eelec          Etot           Ediff      maxdiff    MaxGrad_orb  Grad_occ
     1      10    2.6e+01   16    2.1e+01  -699.55290761  -610.16133928 -10698.55290761   0.000940   3.8e-03   2.9e-04 0.05
 
RESULTS OF THE OCCUPATION OPTIMIZATION
========================================
   1    1.9999996  -104.93478574
   2    1.9999800  -20.78546626
   3    1.9999806  -20.78510190
   4    1.9998744  -10.62110319
   5    1.9995955  -8.09405744
   6    1.9995390  -8.09021058
   7    1.9994394  -8.08913124
   8    1.9878553  -1.60387256
   9    1.9820000  -1.22948067
  10    1.9813395  -1.09108103
  11    1.9629634  -0.86474608
  12    1.9730735  -0.77530929
  13    1.9776755  -0.76124814
  14    1.9494536  -0.52605847
  15    1.9699421  -0.50856211
  16    1.9645612  -0.50649083
  17    1.0000000  -0.31704317
  18    0.0120449  -0.01803840
  19    0.0093847  -0.01619075
  20    0.0501702  -0.07760658
  21    0.0070655  -0.01375356
  22    0.0085876  -0.01430783
  23    0.0356002  -0.05906063
  24    0.0070768  -0.02800291
  25    0.0078636  -0.01932937
  26    0.0040376  -0.01420935
  27    0.0004511  -0.01057102
  28    0.0003939  -0.00975233
  29    0.0003350  -0.00830839
  30    0.0000927  -0.00411112
  31    0.0000045  -0.00012053
  32    0.0000036  -0.00007242
  33    0.0000002  -0.00003027
  34    0.0116283  -0.01735996
  35    0.0090642  -0.01570814
  36    0.0001312  -0.00046594
  37    0.0051812  -0.01338304
  38    0.0051074  -0.00945611
  39    0.0007537  -0.00248462
  40    0.0058731  -0.01942750
  41    0.0034891  -0.00845749
  42    0.0019136  -0.00717429
  43    0.0000515  -0.00128959
  44    0.0000124  -0.00095353
  45    0.0000235  -0.00048306
  46    0.0000093  -0.00010983
  47    0.0000022  -0.00004510
  48    0.0000024  -0.00005113
  49    0.0000001  -0.00001096
  50    0.0101376  -0.01537558
  51    0.0076677  -0.01899732
  52    0.0000365  -0.00011646
  53    0.0043982  -0.00880831
  54    0.0047454  -0.00884681
  55    0.0001800  -0.00060420
  56    0.0020103  -0.00992501
  57    0.0022214  -0.00615930
  58    0.0017918  -0.00808254
  59    0.0000198  -0.00057162
  60    0.0000090  -0.00014575
  61    0.0000074  -0.00008627
  62    0.0000038  -0.00005572
  63    0.0000020  -0.00004339
  64    0.0000023  -0.00004832
  65    0.0000001  -0.00000434
  66    0.0005464  -0.00114192
  67    0.0021755  -0.00885836
  68    0.0000328  -0.00011215
  69    0.0037275  -0.00786313
  70    0.0040969  -0.00738580
  71    0.0001221  -0.00045778
  72    0.0018823  -0.00933454
  73    0.0018453  -0.00629137
  74    0.0015389  -0.00732497
  75    0.0000085  -0.00010742
  76    0.0000079  -0.00009625
  77    0.0000068  -0.00008382
  78    0.0000033  -0.00012111
  79    0.0000020  -0.00004820
  80    0.0000022  -0.00004486
  81    0.0000000  -0.00000191
  82    0.0005001  -0.00106153
  83    0.0006637  -0.00150516
  84    0.0000326  -0.00011288
  85    0.0006147  -0.00277570
  86    0.0025949  -0.00580337
  87    0.0001068  -0.00044095
  88    0.0004504  -0.00123543
  89    0.0009686  -0.00306426
  90    0.0012356  -0.00657036
  91    0.0000061  -0.00007634
  92    0.0000077  -0.00008784
  93    0.0000065  -0.00008034
  94    0.0000030  -0.00018326
  95    0.0000019  -0.00004100
  96    0.0000021  -0.00004457
  97    0.0000000  -0.00000149
  98    0.0002283  -0.00084494
  99    0.0006619  -0.00150253
 100    0.0000320  -0.00011470
 101    0.0003726  -0.00119048
 102    0.0006604  -0.00192878
 103    0.0000899  -0.00040611
 104    0.0004122  -0.00119114
 105    0.0005885  -0.00402081
 106    0.0007425  -0.00973197
 107    0.0000055  -0.00007091
 108    0.0000070  -0.00007960
 109    0.0000063  -0.00007885
 110    0.0000028  -0.00013094
 111    0.0000018  -0.00003949
 112    0.0000020  -0.00004507
 113    0.0000000  -0.00000126
 114    0.0001369  -0.00053797
 115    0.0001768  -0.00070133
 116    0.0000319  -0.00011205
 117    0.0003343  -0.00107959
 118    0.0003746  -0.00112518
 119    0.0000812  -0.00037490
 120    0.0003777  -0.00113078
 121    0.0003969  -0.00176402
 122    0.0004074  -0.00422217
 123    0.0000050  -0.00006961
 124    0.0000065  -0.00008073
 125    0.0000059  -0.00007265
 126    0.0000028  -0.00008138
 127    0.0000018  -0.00003794
 128    0.0000020  -0.00004425
 129    0.0000000  -0.00000121
 130    0.0001093  -0.00048469
 131    0.0001023  -0.00044439
 132    0.0000303  -0.00011036
 133    0.0002396  -0.00073665
 134    0.0003339  -0.00099539
 135    0.0000431  -0.00023143
 136    0.0002861  -0.00138166
 137    0.0002584  -0.00086614
 138    0.0001992  -0.00079270
 139    0.0000047  -0.00006804
 140    0.0000058  -0.00007731
 141    0.0000050  -0.00007000
 142    0.0000027  -0.00006525
 143    0.0000012  -0.00002770
 144    0.0000016  -0.00004803
 145    0.0000000  -0.00000103
 146    0.0000548  -0.00016156
 147    0.0000965  -0.00041018
 148    0.0000268  -0.00010013
 149    0.0002322  -0.00073792
 150    0.0002439  -0.00075684
 151    0.0000316  -0.00018277
 152    0.0001698  -0.00080139
 153    0.0001979  -0.00070202
 154    0.0001792  -0.00070334
 155    0.0000044  -0.00006251
 156    0.0000055  -0.00006659
 157    0.0000044  -0.00007575
 158    0.0000026  -0.00010219
 159    0.0000010  -0.00002234
 160    0.0000011  -0.00002271
 161    0.0000000  -0.00000080
 162    0.0000521  -0.00015732
 163    0.0000647  -0.00029827
 164    0.0000221  -0.00007709
 165    0.0001587  -0.00056314
 166    0.0001815  -0.00064657
 167    0.0000281  -0.00017955
 168    0.0001217  -0.00083879
 169    0.0001702  -0.00069198
 170    0.0000991  -0.00110023
 171    0.0000041  -0.00005876
 172    0.0000053  -0.00007486
 173    0.0000039  -0.00012635
 174    0.0000026  -0.00004026
 175    0.0000009  -0.00001898
 176    0.0000007  -0.00003187
 177    0.0000000  -0.00000073
 
----------------
 Final Energies 
----------------
Final NOF Total Energy =    -610.1613393
 
Total Orbital Internal Iterations = 10
Total Occupation Internal Iterations = 16
 
Elapsed time:   61.47 Seconds

---------------------------------
   Lowdin Population Analysis    
---------------------------------
 Idx  Atom   Population   Charge 
---------------------------------
  1    Cl    17.005      -0.005
  2     O     8.043      -0.043
  3     O     7.952       0.048

---------------------------------
   M Diagnostic: 0.05
---------------------------------

Recovering execution output...
Moving from /scratch/pobleyef/203108 to /home-nas/pobleyef/Poison-NOF/ncwomax/P30-5/GNOFmodulated/arina.203108
mkdir -p /home-nas/pobleyef/Poison-NOF/ncwomax/P30-5/GNOFmodulated/arina.203108
mv /scratch/pobleyef/203108/* /home-nas/pobleyef/Poison-NOF/ncwomax/P30-5/GNOFmodulated/arina.203108
