W4-11_104_hnnn
/software/eb2024/easybuild/software/common/software/Julia/1.11.3-linux-x86_64/bin/julia
Job runing on nagpu01
Choosing scratch ...
Automatic scratch folder selection
/scratch/pobleyef/203097
/scratch/pobleyef/203097 directory
cp W4-11_104_hnnn.jl W4-11_104_hnnn.jld2 to  /scratch/pobleyef/203097/.
Computing Integrals
Elapsed time:    7.98 Seconds

Number of basis functions                   (NBF)    = 201
Number of auxiliary basis functions         (NBFAUX) = 249
Inactive Doubly occupied orbitals up to     (NO1)    = 0
No. considered Strongly Doubly occupied MOs (NDOC)   = 11
No. considered Strongly Singly occupied MOs (NSOC)   = 0
NO. of Weakly occ. per St. Doubly occ.  MOs (NCWO)   = 17
Dimension of the Nat. Orb. subspace         (NBF5)   = 198
No. of electrons                                     = 22
    No. of alpha electrons                           = 11
    No. of beta electrons                            = 11
Multiplicity                                         = 1

Geometry
========
 H       1.0789720      -1.3818100       0.0000000
 N       0.0937700      -1.1298800       0.0000000
 N       0.0000000       0.1110980       0.0000000
 N      -0.2479090       1.2161830       0.0000000

No violations of the orthonormality
No violations of the orthonormality
 
PNOF9/ADABelief Calculation
==================
 
  Nitext  Nit_orb  Time   Nit_occ  Time         Eelec          Etot           Ediff      maxdiff    MaxGrad_orb  Grad_occ
     1      10    3.0e+01   12    2.1e+01  -226.20228355  -164.61182815 -10225.20228355   0.000499   2.0e-03   2.5e-04 0.04
 
RESULTS OF THE OCCUPATION OPTIMIZATION
========================================
   1    1.9999827  -15.74616592
   2    1.9999861  -15.67969244
   3    1.9999863  -15.66083454
   4    1.9852946  -1.28919200
   5    1.9831568  -1.17985313
   6    1.9765681  -0.97773554
   7    1.9708315  -0.83184550
   8    1.9709765  -0.71307983
   9    1.9774843  -0.70936133
  10    1.9560861  -0.62256520
  11    1.9551240  -0.45249155
  12    0.0447353  -0.05656850
  13    0.0407019  -0.05382974
  14    0.0066906  -0.01238275
  15    0.0173328  -0.02375795
  16    0.0253124  -0.04082677
  17    0.0177742  -0.03212050
  18    0.0058965  -0.01524120
  19    0.0048131  -0.01286859
  20    0.0000099  -0.00030812
  21    0.0000098  -0.00028293
  22    0.0000118  -0.00035714
  23    0.0000249  -0.00004825
  24    0.0028081  -0.00534366
  25    0.0053779  -0.00986106
  26    0.0053608  -0.00957972
  27    0.0019925  -0.00473123
  28    0.0028381  -0.00656808
  29    0.0027378  -0.00611065
  30    0.0029079  -0.00629842
  31    0.0000013  -0.00002368
  32    0.0000015  -0.00003309
  33    0.0000016  -0.00003603
  34    0.0000156  -0.00006642
  35    0.0001854  -0.00049722
  36    0.0040616  -0.00738133
  37    0.0045739  -0.00772189
  38    0.0006025  -0.00173092
  39    0.0009449  -0.00263210
  40    0.0024498  -0.00547245
  41    0.0019580  -0.00616411
  42    0.0000010  -0.00002082
  43    0.0000009  -0.00001808
  44    0.0000014  -0.00002714
  45    0.0000139  -0.00006256
  46    0.0001281  -0.00035675
  47    0.0032921  -0.00605662
  48    0.0005351  -0.00126836
  49    0.0005601  -0.00158786
  50    0.0005095  -0.00151683
  51    0.0018424  -0.00559149
  52    0.0014173  -0.00527668
  53    0.0000008  -0.00001480
  54    0.0000007  -0.00001325
  55    0.0000012  -0.00002785
  56    0.0000125  -0.00005628
  57    0.0000114  -0.00005730
  58    0.0010375  -0.00252360
  59    0.0002313  -0.00059532
  60    0.0002713  -0.00085441
  61    0.0003914  -0.00135711
  62    0.0011981  -0.00515487
  63    0.0008926  -0.00358397
  64    0.0000006  -0.00004501
  65    0.0000005  -0.00004769
  66    0.0000009  -0.00004073
  67    0.0000110  -0.00005015
  68    0.0000100  -0.00004790
  69    0.0005497  -0.00234316
  70    0.0002047  -0.00054513
  71    0.0001110  -0.00036599
  72    0.0002940  -0.00088299
  73    0.0010901  -0.00269453
  74    0.0008371  -0.00268497
  75    0.0000001  -0.00000291
  76    0.0000001  -0.00001349
  77    0.0000001  -0.00000505
  78    0.0000105  -0.00004969
  79    0.0000093  -0.00004929
  80    0.0004237  -0.00118903
  81    0.0001884  -0.00053369
  82    0.0000747  -0.00029928
  83    0.0001894  -0.00058114
  84    0.0004958  -0.00293695
  85    0.0004470  -0.00278930
  86    0.0000000  -0.00000169
  87    0.0000001  -0.00000407
  88    0.0000001  -0.00000271
  89    0.0000092  -0.00004695
  90    0.0000091  -0.00004701
  91    0.0003939  -0.00109549
  92    0.0001655  -0.00047450
  93    0.0000672  -0.00027260
  94    0.0001582  -0.00048956
  95    0.0002548  -0.00134537
  96    0.0003828  -0.00112455
  97    0.0000000  -0.00000102
  98    0.0000001  -0.00000208
  99    0.0000000  -0.00000163
 100    0.0000079  -0.00004502
 101    0.0000080  -0.00004305
 102    0.0002201  -0.00066592
 103    0.0001547  -0.00047405
 104    0.0000498  -0.00020808
 105    0.0001344  -0.00042704
 106    0.0002137  -0.00070355
 107    0.0003709  -0.00287525
 108    0.0000000  -0.00000091
 109    0.0000000  -0.00000185
 110    0.0000000  -0.00000133
 111    0.0000066  -0.00003885
 112    0.0000076  -0.00003796
 113    0.0001466  -0.00046663
 114    0.0000784  -0.00026239
 115    0.0000277  -0.00012869
 116    0.0000610  -0.00031312
 117    0.0001942  -0.00057349
 118    0.0001974  -0.00065770
 119    0.0000000  -0.00000094
 120    0.0000000  -0.00000145
 121    0.0000000  -0.00000074
 122    0.0000062  -0.00003590
 123    0.0000071  -0.00003746
 124    0.0000919  -0.00033369
 125    0.0000611  -0.00020395
 126    0.0000256  -0.00011880
 127    0.0000396  -0.00020921
 128    0.0001096  -0.00038202
 129    0.0001389  -0.00091993
 130    0.0000000  -0.00000041
 131    0.0000000  -0.00000074
 132    0.0000000  -0.00000074
 133    0.0000053  -0.00003253
 134    0.0000062  -0.00003765
 135    0.0000805  -0.00031919
 136    0.0000510  -0.00019139
 137    0.0000212  -0.00010612
 138    0.0000316  -0.00015547
 139    0.0001029  -0.00049238
 140    0.0001113  -0.00077532
 141    0.0000000  -0.00000026
 142    0.0000000  -0.00000065
 143    0.0000000  -0.00000056
 144    0.0000046  -0.00003238
 145    0.0000060  -0.00003526
 146    0.0000421  -0.00019733
 147    0.0000305  -0.00012247
 148    0.0000150  -0.00008886
 149    0.0000156  -0.00008565
 150    0.0000985  -0.00039501
 151    0.0000743  -0.00063408
 152    0.0000000  -0.00000020
 153    0.0000000  -0.00000052
 154    0.0000000  -0.00000032
 155    0.0000037  -0.00002786
 156    0.0000045  -0.00003302
 157    0.0000328  -0.00014657
 158    0.0000177  -0.00009032
 159    0.0000104  -0.00006737
 160    0.0000143  -0.00008025
 161    0.0000892  -0.00035477
 162    0.0000683  -0.00080334
 163    0.0000000  -0.00000014
 164    0.0000000  -0.00000036
 165    0.0000000  -0.00000024
 166    0.0000036  -0.00002749
 167    0.0000043  -0.00002743
 168    0.0000307  -0.00013224
 169    0.0000138  -0.00007139
 170    0.0000095  -0.00006045
 171    0.0000132  -0.00007765
 172    0.0000276  -0.00014416
 173    0.0000354  -0.00020565
 174    0.0000000  -0.00000016
 175    0.0000000  -0.00000030
 176    0.0000000  -0.00000022
 177    0.0000031  -0.00002382
 178    0.0000039  -0.00002672
 179    0.0000244  -0.00013210
 180    0.0000132  -0.00006749
 181    0.0000090  -0.00005800
 182    0.0000120  -0.00006780
 183    0.0000222  -0.00013170
 184    0.0000345  -0.00020231
 185    0.0000000  -0.00000011
 186    0.0000000  -0.00000027
 187    0.0000000  -0.00000014
 188    0.0000021  -0.00002062
 189    0.0000031  -0.00002461
 190    0.0000196  -0.00011400
 191    0.0000105  -0.00006619
 192    0.0000085  -0.00005335
 193    0.0000104  -0.00006880
 194    0.0000202  -0.00010233
 195    0.0000185  -0.00011734
 196    0.0000000  -0.00000014
 197    0.0000000  -0.00000021
 198    0.0000000  -0.00000014
 
----------------
 Final Energies 
----------------
Final NOF Total Energy =    -164.6118281
 
Total Orbital Internal Iterations = 10
Total Occupation Internal Iterations = 12
 
Elapsed time:   63.53 Seconds

---------------------------------
   Lowdin Population Analysis    
---------------------------------
 Idx  Atom   Population   Charge 
---------------------------------
  1     H     1.250      -0.250
  2     N     6.828       0.172
  3     N     6.979       0.021
  4     N     6.943       0.057

---------------------------------
   M Diagnostic: 0.04
---------------------------------

Recovering execution output...
Moving from /scratch/pobleyef/203097 to /home-nas/pobleyef/Poison-NOF/ncwomax/P30-5/GNOFmodulated/arina.203097
mkdir -p /home-nas/pobleyef/Poison-NOF/ncwomax/P30-5/GNOFmodulated/arina.203097
mv /scratch/pobleyef/203097/* /home-nas/pobleyef/Poison-NOF/ncwomax/P30-5/GNOFmodulated/arina.203097
