W4-11_138_bn
/software/eb2024/easybuild/software/common/software/Julia/1.11.3-linux-x86_64/bin/julia
Job runing on na04
Choosing scratch ...
Automatic scratch folder selection
/scratch/pobleyef/203111
/scratch/pobleyef/203111 directory
cp W4-11_138_bn.jl W4-11_138_bn.jld2 to  /scratch/pobleyef/203111/.
Computing Integrals
Elapsed time:    3.80 Seconds

Number of basis functions                   (NBF)    = 114
Number of auxiliary basis functions         (NBFAUX) = 152
Inactive Doubly occupied orbitals up to     (NO1)    = 0
No. considered Strongly Doubly occupied MOs (NDOC)   = 6
No. considered Strongly Singly occupied MOs (NSOC)   = 0
NO. of Weakly occ. per St. Doubly occ.  MOs (NCWO)   = 18
Dimension of the Nat. Orb. subspace         (NBF5)   = 114
No. of electrons                                     = 12
    No. of alpha electrons                           = 6
    No. of beta electrons                            = 6
Multiplicity                                         = 1

Geometry
========
 B       0.0000000       0.0000000      -0.7484170
 N       0.0000000       0.0000000       0.5345830

No violations of the orthonormality
No violations of the orthonormality
 
PNOF9/ADABelief Calculation
==================
 
  Nitext  Nit_orb  Time   Nit_occ  Time         Eelec          Etot           Ediff      maxdiff    MaxGrad_orb  Grad_occ
     1      10    2.4e+01   12    2.1e+01   -93.71990135   -79.28407563 -10092.71990135   0.000663   2.6e-03   2.0e-04 1.00
 
RESULTS OF THE OCCUPATION OPTIMIZATION
========================================
   1    1.9999624  -15.60151217
   2    1.9993041  -7.69220870
   3    1.9761709  -1.11393114
   4    1.9663911  -0.57342757
   5    1.9519607  -0.47026538
   6    1.0048979  -0.26737275
   7    0.9949667  -0.26493124
   8    0.0404650  -0.03565031
   9    0.0138435  -0.01477067
  10    0.0111291  -0.02155792
  11    0.0006594  -0.00804396
  12    0.0000314  -0.00098310
  13    0.0000585  -0.00004402
  14    0.0032087  -0.00426439
  15    0.0100627  -0.01528961
  16    0.0033481  -0.00626431
  17    0.0000128  -0.00036223
  18    0.0000017  -0.00007953
  19    0.0000447  -0.00003752
  20    0.0030581  -0.00405839
  21    0.0053022  -0.00816489
  22    0.0023145  -0.00460499
  23    0.0000072  -0.00007137
  24    0.0000013  -0.00002835
  25    0.0000116  -0.00001217
  26    0.0003110  -0.00052912
  27    0.0012666  -0.00250135
  28    0.0019762  -0.00441211
  29    0.0000059  -0.00005717
  30    0.0000012  -0.00002551
  31    0.0000056  -0.00000520
  32    0.0002546  -0.00049635
  33    0.0010803  -0.00219829
  34    0.0013854  -0.00309662
  35    0.0000054  -0.00005709
  36    0.0000012  -0.00002523
  37    0.0000025  -0.00000452
  38    0.0002329  -0.00047326
  39    0.0004933  -0.00092768
  40    0.0010007  -0.00409801
  41    0.0000011  -0.00004974
  42    0.0000002  -0.00000467
  43    0.0000020  -0.00000222
  44    0.0001959  -0.00041044
  45    0.0004101  -0.00091084
  46    0.0006268  -0.00161002
  47    0.0000007  -0.00001752
  48    0.0000001  -0.00000304
  49    0.0000018  -0.00000180
  50    0.0000840  -0.00019382
  51    0.0003324  -0.00072541
  52    0.0006212  -0.00379173
  53    0.0000005  -0.00001458
  54    0.0000001  -0.00000265
  55    0.0000015  -0.00000168
  56    0.0000571  -0.00014943
  57    0.0002437  -0.00063915
  58    0.0003866  -0.00100297
  59    0.0000004  -0.00001281
  60    0.0000001  -0.00000233
  61    0.0000013  -0.00000192
  62    0.0000538  -0.00012417
  63    0.0001899  -0.00051219
  64    0.0002768  -0.00070734
  65    0.0000004  -0.00001141
  66    0.0000001  -0.00000192
  67    0.0000011  -0.00000058
  68    0.0000302  -0.00009511
  69    0.0001488  -0.00038740
  70    0.0002167  -0.00092334
  71    0.0000004  -0.00000961
  72    0.0000000  -0.00000178
  73    0.0000010  -0.00000143
  74    0.0000189  -0.00006835
  75    0.0000699  -0.00020134
  76    0.0001647  -0.00044982
  77    0.0000003  -0.00002402
  78    0.0000000  -0.00000138
  79    0.0000008  -0.00000089
  80    0.0000156  -0.00005556
  81    0.0000512  -0.00016867
  82    0.0001554  -0.00043010
  83    0.0000003  -0.00000801
  84    0.0000000  -0.00000076
  85    0.0000007  -0.00000060
  86    0.0000137  -0.00005475
  87    0.0000329  -0.00012702
  88    0.0000807  -0.00025552
  89    0.0000003  -0.00000681
  90    0.0000000  -0.00000084
  91    0.0000006  -0.00000061
  92    0.0000117  -0.00005278
  93    0.0000253  -0.00010530
  94    0.0000677  -0.00024152
  95    0.0000003  -0.00000663
  96    0.0000000  -0.00000078
  97    0.0000005  -0.00000018
  98    0.0000101  -0.00004777
  99    0.0000217  -0.00008857
 100    0.0000340  -0.00014591
 101    0.0000002  -0.00000634
 102    0.0000000  -0.00000062
 103    0.0000005  -0.00000022
 104    0.0000095  -0.00004244
 105    0.0000184  -0.00007927
 106    0.0000247  -0.00013794
 107    0.0000002  -0.00000518
 108    0.0000000  -0.00000056
 109    0.0000005  -0.00000028
 110    0.0000087  -0.00003951
 111    0.0000161  -0.00006763
 112    0.0000197  -0.00008507
 113    0.0000002  -0.00000417
 114    0.0000000  -0.00000031
 
----------------
 Final Energies 
----------------
Final NOF Total Energy =     -79.2840756
 
Total Orbital Internal Iterations = 10
Total Occupation Internal Iterations = 12
 
Elapsed time:   55.71 Seconds

---------------------------------
   Lowdin Population Analysis    
---------------------------------
 Idx  Atom   Population   Charge 
---------------------------------
  1     B     5.187      -0.187
  2     N     6.813       0.187

---------------------------------
   M Diagnostic: 1.00
---------------------------------

Recovering execution output...
Moving from /scratch/pobleyef/203111 to /home-nas/pobleyef/Poison-NOF/ncwomax/P30-5/GNOFmodulated/arina.203111
mkdir -p /home-nas/pobleyef/Poison-NOF/ncwomax/P30-5/GNOFmodulated/arina.203111
mv /scratch/pobleyef/203111/* /home-nas/pobleyef/Poison-NOF/ncwomax/P30-5/GNOFmodulated/arina.203111
