W4-11_116_p4
/software/eb2024/easybuild/software/common/software/Julia/1.11.3-linux-x86_64/bin/julia
Job runing on na11
Choosing scratch ...
Automatic scratch folder selection
/scratch/pobleyef/203102
/scratch/pobleyef/203102 directory
cp W4-11_116_p4.jl W4-11_116_p4.jld2 to  /scratch/pobleyef/203102/.
Computing Integrals
Elapsed time:    8.27 Seconds

Number of basis functions                   (NBF)    = 280
Number of auxiliary basis functions         (NBFAUX) = 512
Inactive Doubly occupied orbitals up to     (NO1)    = 0
No. considered Strongly Doubly occupied MOs (NDOC)   = 30
No. considered Strongly Singly occupied MOs (NSOC)   = 0
NO. of Weakly occ. per St. Doubly occ.  MOs (NCWO)   = 8
Dimension of the Nat. Orb. subspace         (NBF5)   = 270
No. of electrons                                     = 60
    No. of alpha electrons                           = 30
    No. of beta electrons                            = 30
Multiplicity                                         = 1

Geometry
========
 P       0.7773750       0.7773750       0.7773750
 P      -0.7773750      -0.7773750       0.7773750
 P      -0.7773750       0.7773750      -0.7773750
 P       0.7773750      -0.7773750      -0.7773750

No violations of the orthonormality
No violations of the orthonormality
 
PNOF9/ADABelief Calculation
==================
 
  Nitext  Nit_orb  Time   Nit_occ  Time         Eelec          Etot           Ediff      maxdiff    MaxGrad_orb  Grad_occ
     1      10    3.9e+01    3    2.0e+01 -1689.66920173 -1364.76266605 -11688.66920173   0.001116   4.5e-03   4.0e-04 0.03
     2      20    3.8e+01    0    2.3e-01 -1689.66927939 -1364.76274372    -0.00007767   0.001116   4.5e-03   4.0e-04 0.03
     3      40    7.6e+01    0    2.3e-01 -1689.66927939 -1364.76274372     0.00000000   0.001116   4.5e-03   4.0e-04 0.03
     4      60    1.2e+02    9    9.6e-01 -1689.66943091 -1364.76289524    -0.00015152   0.001572   6.3e-03   3.0e-04 0.03
     5      60    1.2e+02    6    6.9e-01 -1689.66955083 -1364.76301516    -0.00011992   0.001355   5.4e-03   2.5e-04 0.03
     6      60    1.2e+02    6    7.1e-01 -1689.66962199 -1364.76308632    -0.00007116   0.001564   6.3e-03   2.1e-04 0.03
     7      60    1.2e+02    6    7.5e-01 -1689.66970248 -1364.76316681    -0.00008049   0.001787   7.1e-03   1.8e-04 0.03
     8      60    1.2e+02    6    6.9e-01 -1689.66978032 -1364.76324465    -0.00007784   0.002018   8.1e-03   1.7e-04 0.03
     9      60    1.2e+02    6    7.1e-01 -1689.66985977 -1364.76332410    -0.00007945   0.002186   8.7e-03   1.8e-04 0.03
    10      60    1.1e+02    6    7.9e-01 -1689.66994300 -1364.76340732    -0.00008322   0.002063   8.3e-03   1.7e-04 0.03
    11      60    1.2e+02    6    7.2e-01 -1689.67001942 -1364.76348375    -0.00007642   0.002178   8.7e-03   1.8e-04 0.03
    12      60    1.2e+02    6    7.2e-01 -1689.67010235 -1364.76356667    -0.00008293   0.002370   9.5e-03   1.6e-04 0.03
    13      60    1.2e+02    6    7.3e-01 -1689.67017949 -1364.76364382    -0.00007715   0.002466   9.9e-03   1.5e-04 0.03
    14      60    1.1e+02    2    3.9e-01 -1689.67025562 -1364.76371994    -0.00007613   0.002461   9.8e-03   2.0e-04 0.03
    15      60    1.1e+02    4    5.7e-01 -1689.67031663 -1364.76378095    -0.00006101   0.002621   1.0e-02   2.1e-04 0.03
    16      60    1.2e+02    6    7.0e-01 -1689.67039130 -1364.76385563    -0.00007467   0.002532   1.0e-02   1.5e-04 0.03
    17      60    1.2e+02    2    4.0e-01 -1689.67047298 -1364.76393731    -0.00008168   0.002625   1.0e-02   2.4e-04 0.03
    18      60    1.2e+02    6    7.0e-01 -1689.67054620 -1364.76401052    -0.00007322   0.002680   1.1e-02   1.6e-04 0.03
    19      60    1.1e+02    2    4.3e-01 -1689.67064588 -1364.76411021    -0.00009969   0.002533   1.0e-02   2.2e-04 0.03
    20      60    1.1e+02    6    6.9e-01 -1689.67073201 -1364.76419634    -0.00008613   0.002673   1.1e-02   1.5e-04 0.03
    21      60    1.2e+02    2    3.9e-01 -1689.67082785 -1364.76429218    -0.00009584   0.002358   9.4e-03   2.1e-04 0.03
    22      60    1.2e+02    2    3.9e-01 -1689.67090301 -1364.76436733    -0.00007515   0.002623   1.0e-02   2.6e-04 0.03
    23      60    1.2e+02    4    5.5e-01 -1689.67096652 -1364.76443085    -0.00006352   0.002522   1.0e-02   2.4e-04 0.03
    24      60    1.2e+02    4    5.4e-01 -1689.67102600 -1364.76449033    -0.00005948   0.002307   9.2e-03   2.1e-04 0.03
    25      60    1.2e+02    3    5.0e-01 -1689.67107691 -1364.76454124    -0.00005091   0.002212   8.8e-03   1.9e-04 0.03
    26      60    1.1e+02    0    2.3e-01 -1689.67111233 -1364.76457665    -0.00003541   0.002501   1.0e-02   2.5e-04 0.03
    27      70    1.4e+02    3    4.8e-01 -1689.67116218 -1364.76462651    -0.00004986   0.001651   6.6e-03   2.1e-04 0.03
    28      70    1.4e+02    0    2.5e-01 -1689.67118354 -1364.76464787    -0.00002136   0.003526   1.4e-02   2.5e-04 0.03
    29      80    1.6e+02    3    4.9e-01 -1689.67121895 -1364.76468328    -0.00003541   0.001151   4.6e-03   2.5e-04 0.03
    30      80    1.6e+02    5    6.5e-01 -1689.67124241 -1364.76470673    -0.00002346   0.001385   5.5e-03   2.2e-04 0.03
    31      80    1.6e+02    5    6.3e-01 -1689.67128913 -1364.76475346    -0.00004672   0.001296   5.2e-03   2.2e-04 0.03
    32      80    1.6e+02    2    3.8e-01 -1689.67134583 -1364.76481015    -0.00005669   0.001611   6.4e-03   2.8e-04 0.03
    33      80    1.6e+02    7    7.8e-01 -1689.67139421 -1364.76485853    -0.00004838   0.001378   5.5e-03   1.3e-04 0.03
    34      80    1.5e+02    2    3.8e-01 -1689.67145917 -1364.76492350    -0.00006496   0.001409   5.6e-03   2.2e-04 0.03
    35      80    1.5e+02    0    2.3e-01 -1689.67150022 -1364.76496455    -0.00004105   0.001574   6.3e-03   2.2e-04 0.03
    36      90    1.7e+02    4    5.4e-01 -1689.67153995 -1364.76500427    -0.00003973   0.001238   5.0e-03   1.9e-04 0.03
    37      90    1.8e+02    4    5.8e-01 -1689.67157378 -1364.76503811    -0.00003383   0.001214   4.9e-03   1.6e-04 0.03
    38      90    1.7e+02    2    4.0e-01 -1689.67160618 -1364.76507051    -0.00003240   0.001226   4.9e-03   1.8e-04 0.03
    39      90    1.8e+02    0    2.5e-01 -1689.67162385 -1364.76508817    -0.00001766   0.001141   4.6e-03   2.0e-04 0.03
    40     100    1.9e+02    6    7.3e-01 -1689.67164746 -1364.76511178    -0.00002361   0.000947   3.8e-03   1.6e-04 0.03
 
RESULTS OF THE OCCUPATION OPTIMIZATION
========================================
   1    1.9999996  -80.02347831
   2    1.9999995  -80.02336917
   3    1.9999995  -80.02308764
   4    1.9999995  -80.02273729
   5    1.9998280  -7.52259455
   6    1.9998202  -7.52239384
   7    1.9996749  -7.51587937
   8    1.9995224  -7.50311696
   9    1.9992233  -5.43911974
  10    1.9986846  -5.43521632
  11    1.9985405  -5.43456331
  12    1.9991212  -5.43322382
  13    1.9986589  -5.43125191
  14    1.9985775  -5.43124336
  15    1.9988900  -5.43004976
  16    1.9988614  -5.42988243
  17    1.9985820  -5.42950737
  18    1.9984364  -5.42800910
  19    1.9984450  -5.42771006
  20    1.9983232  -5.42752370
  21    1.9778725  -0.78560628
  22    1.9779825  -0.78467080
  23    1.9775911  -0.78204420
  24    1.9776547  -0.77489950
  25    1.9632026  -0.42974677
  26    1.9647090  -0.42872372
  27    1.9607437  -0.42868532
  28    1.9608749  -0.42780207
  29    1.9604216  -0.42773633
  30    1.9619139  -0.42562707
  31    0.0264570  -0.03801706
  32    0.0242376  -0.03648413
  33    0.0239791  -0.03646384
  34    0.0235472  -0.03617047
  35    0.0215914  -0.03579976
  36    0.0267860  -0.03856227
  37    0.0055988  -0.02434644
  38    0.0054897  -0.02416039
  39    0.0057078  -0.02456707
  40    0.0055626  -0.02416051
  41    0.0013280  -0.01355616
  42    0.0013921  -0.01365794
  43    0.0013645  -0.01364258
  44    0.0013126  -0.01237565
  45    0.0005310  -0.00893358
  46    0.0005429  -0.00903646
  47    0.0012049  -0.00988695
  48    0.0011937  -0.01237312
  49    0.0004022  -0.00439602
  50    0.0009391  -0.00957984
  51    0.0011172  -0.01160367
  52    0.0005553  -0.00927606
  53    0.0004499  -0.00850975
  54    0.0002990  -0.00371481
  55    0.0001037  -0.00231471
  56    0.0000886  -0.00143576
  57    0.0000002  -0.00000493
  58    0.0000002  -0.00000589
  59    0.0000001  -0.00000471
  60    0.0000002  -0.00000676
  61    0.0090429  -0.01315471
  62    0.0081070  -0.01213484
  63    0.0079479  -0.01182846
  64    0.0078014  -0.01168139
  65    0.0052247  -0.00958712
  66    0.0062849  -0.01013839
  67    0.0042585  -0.01843167
  68    0.0040183  -0.01788260
  69    0.0040134  -0.01765804
  70    0.0039932  -0.01802895
  71    0.0001959  -0.00230207
  72    0.0000659  -0.00156964
  73    0.0000629  -0.00152417
  74    0.0000688  -0.00194523
  75    0.0003951  -0.00448411
  76    0.0003897  -0.00437664
  77    0.0001128  -0.00174652
  78    0.0000685  -0.00203340
  79    0.0002477  -0.00273180
  80    0.0003939  -0.00448161
  81    0.0000469  -0.00035405
  82    0.0000525  -0.00034687
  83    0.0000077  -0.00005944
  84    0.0000085  -0.00028181
  85    0.0000440  -0.00030949
  86    0.0000423  -0.00029872
  87    0.0000001  -0.00000361
  88    0.0000001  -0.00000446
  89    0.0000001  -0.00000401
  90    0.0000001  -0.00000198
  91    0.0006772  -0.00175839
  92    0.0056694  -0.00914616
  93    0.0054228  -0.00928572
  94    0.0055091  -0.00911100
  95    0.0036485  -0.00860417
  96    0.0010939  -0.00256540
  97    0.0029953  -0.01197392
  98    0.0028804  -0.01205198
  99    0.0030083  -0.01250732
 100    0.0038483  -0.01739843
 101    0.0000414  -0.00028418
 102    0.0000483  -0.00033710
 103    0.0000492  -0.00035440
 104    0.0000126  -0.00011339
 105    0.0001227  -0.00121756
 106    0.0001257  -0.00119332
 107    0.0000359  -0.00024929
 108    0.0000272  -0.00018211
 109    0.0001173  -0.00163642
 110    0.0000511  -0.00051492
 111    0.0000374  -0.00024925
 112    0.0000485  -0.00032055
 113    0.0000059  -0.00004590
 114    0.0000060  -0.00011738
 115    0.0000128  -0.00014851
 116    0.0000162  -0.00025226
 117    0.0000001  -0.00000351
 118    0.0000001  -0.00000262
 119    0.0000001  -0.00000384
 120    0.0000000  -0.00000173
 121    0.0005715  -0.00109515
 122    0.0004702  -0.00095295
 123    0.0010173  -0.00242774
 124    0.0009881  -0.00242517
 125    0.0036267  -0.00855969
 126    0.0010463  -0.00251834
 127    0.0028255  -0.01051131
 128    0.0027239  -0.01032045
 129    0.0027576  -0.01065567
 130    0.0027834  -0.01134202
 131    0.0000344  -0.00023471
 132    0.0000191  -0.00017276
 133    0.0000431  -0.00030920
 134    0.0000066  -0.00008632
 135    0.0000260  -0.00017787
 136    0.0000131  -0.00009301
 137    0.0000245  -0.00016505
 138    0.0000248  -0.00016438
 139    0.0000405  -0.00027715
 140    0.0000264  -0.00017702
 141    0.0000334  -0.00022763
 142    0.0000465  -0.00030977
 143    0.0000046  -0.00006357
 144    0.0000033  -0.00035543
 145    0.0000044  -0.00003683
 146    0.0000095  -0.00009592
 147    0.0000000  -0.00000130
 148    0.0000000  -0.00000134
 149    0.0000000  -0.00000122
 150    0.0000000  -0.00000094
 151    0.0004587  -0.00092424
 152    0.0003983  -0.00082054
 153    0.0002267  -0.00050323
 154    0.0004840  -0.00096791
 155    0.0004771  -0.00099518
 156    0.0007159  -0.00124948
 157    0.0027879  -0.01040633
 158    0.0026358  -0.01041430
 159    0.0019807  -0.00885564
 160    0.0018548  -0.00857925
 161    0.0000287  -0.00020351
 162    0.0000087  -0.00006597
 163    0.0000155  -0.00015839
 164    0.0000054  -0.00005487
 165    0.0000213  -0.00014904
 166    0.0000104  -0.00006982
 167    0.0000175  -0.00054773
 168    0.0000089  -0.00006761
 169    0.0000296  -0.00019732
 170    0.0000180  -0.00019529
 171    0.0000260  -0.00017837
 172    0.0000388  -0.00025461
 173    0.0000029  -0.00012147
 174    0.0000024  -0.00002669
 175    0.0000039  -0.00005878
 176    0.0000056  -0.00018281
 177    0.0000000  -0.00000059
 178    0.0000000  -0.00000116
 179    0.0000000  -0.00000084
 180    0.0000000  -0.00000082
 181    0.0004126  -0.00084587
 182    0.0002506  -0.00053442
 183    0.0002107  -0.00047331
 184    0.0003783  -0.00085669
 185    0.0003602  -0.00085346
 186    0.0004051  -0.00087500
 187    0.0027100  -0.01036910
 188    0.0019798  -0.00890343
 189    0.0019617  -0.00882039
 190    0.0018194  -0.00833611
 191    0.0000238  -0.00016552
 192    0.0000077  -0.00009744
 193    0.0000108  -0.00013060
 194    0.0000053  -0.00004612
 195    0.0000191  -0.00012205
 196    0.0000100  -0.00006730
 197    0.0000096  -0.00006599
 198    0.0000073  -0.00005261
 199    0.0000212  -0.00023477
 200    0.0000150  -0.00011740
 201    0.0000238  -0.00015947
 202    0.0000178  -0.00047346
 203    0.0000026  -0.00002224
 204    0.0000022  -0.00002527
 205    0.0000038  -0.00004625
 206    0.0000038  -0.00014087
 207    0.0000000  -0.00000043
 208    0.0000000  -0.00000090
 209    0.0000000  -0.00000063
 210    0.0000000  -0.00000078
 211    0.0002463  -0.00052567
 212    0.0002379  -0.00051213
 213    0.0001707  -0.00038819
 214    0.0003514  -0.00084363
 215    0.0002098  -0.00050795
 216    0.0002337  -0.00050805
 217    0.0006268  -0.00242623
 218    0.0018649  -0.00862255
 219    0.0018902  -0.00853483
 220    0.0011382  -0.00482185
 221    0.0000157  -0.00060156
 222    0.0000069  -0.00006579
 223    0.0000093  -0.00006909
 224    0.0000042  -0.00012293
 225    0.0000136  -0.00008918
 226    0.0000098  -0.00006848
 227    0.0000090  -0.00006927
 228    0.0000068  -0.00004952
 229    0.0000133  -0.00009338
 230    0.0000105  -0.00007167
 231    0.0000172  -0.00068661
 232    0.0000098  -0.00007118
 233    0.0000024  -0.00002095
 234    0.0000021  -0.00001901
 235    0.0000036  -0.00010414
 236    0.0000033  -0.00023599
 237    0.0000000  -0.00000043
 238    0.0000000  -0.00000061
 239    0.0000000  -0.00000042
 240    0.0000000  -0.00000042
 241    0.0002199  -0.00047750
 242    0.0002074  -0.00047124
 243    0.0001498  -0.00037758
 244    0.0001968  -0.00044904
 245    0.0001526  -0.00040853
 246    0.0002314  -0.00051102
 247    0.0005425  -0.00211731
 248    0.0008161  -0.00310213
 249    0.0006977  -0.00278884
 250    0.0011276  -0.00473464
 251    0.0000091  -0.00008094
 252    0.0000063  -0.00017552
 253    0.0000083  -0.00009707
 254    0.0000025  -0.00003334
 255    0.0000100  -0.00006574
 256    0.0000085  -0.00006214
 257    0.0000083  -0.00007772
 258    0.0000039  -0.00015788
 259    0.0000070  -0.00015090
 260    0.0000055  -0.00021829
 261    0.0000136  -0.00010138
 262    0.0000075  -0.00006018
 263    0.0000017  -0.00002767
 264    0.0000016  -0.00001676
 265    0.0000035  -0.00032991
 266    0.0000028  -0.00003228
 267    0.0000000  -0.00000037
 268    0.0000000  -0.00000049
 269    0.0000000  -0.00000027
 270    0.0000000  -0.00000028
 
----------------
 Final Energies 
----------------
Final NOF Total Energy =   -1364.7651118
 
Total Orbital Internal Iterations = 2610
Total Occupation Internal Iterations = 152
 
Elapsed time: 5201.52 Seconds

---------------------------------
   Lowdin Population Analysis    
---------------------------------
 Idx  Atom   Population   Charge 
---------------------------------
  1     P    15.000       0.000
  2     P    14.998       0.002
  3     P    14.999       0.001
  4     P    15.003      -0.003

---------------------------------
   M Diagnostic: 0.03
---------------------------------

Recovering execution output...
Moving from /scratch/pobleyef/203102 to /home-nas/pobleyef/Poison-NOF/ncwomax/P30-5/GNOFmodulated/arina.203102
mkdir -p /home-nas/pobleyef/Poison-NOF/ncwomax/P30-5/GNOFmodulated/arina.203102
mv /scratch/pobleyef/203102/* /home-nas/pobleyef/Poison-NOF/ncwomax/P30-5/GNOFmodulated/arina.203102
