ALKBDE10_2_cao
/software/eb2024/easybuild/software/common/software/Julia/1.11.3-linux-x86_64/bin/julia
Job runing on na15
Choosing scratch ...
Automatic scratch folder selection
/scratch/pobleyef/168516
/scratch/pobleyef/168516 directory
cp ALKBDE10_2_cao.jl ALKBDE10_2_cao.jld2 to  /scratch/pobleyef/168516/.
Computing Integrals
Elapsed time:    7.52 Seconds

Number of basis functions                   (NBF)    = 113
Number of auxiliary basis functions         (NBFAUX) = 237
Inactive Doubly occupied orbitals up to     (NO1)    = 0
No. considered Strongly Doubly occupied MOs (NDOC)   = 14
No. considered Strongly Singly occupied MOs (NSOC)   = 0
NO. of Weakly occ. per St. Doubly occ.  MOs (NCWO)   = 7
Dimension of the Nat. Orb. subspace         (NBF5)   = 112
No. of electrons                                     = 28
    No. of alpha electrons                           = 14
    No. of beta electrons                            = 14
Multiplicity                                         = 1

Geometry
========
Ca       0.0000000       0.0000000      -0.8987290
 O       0.0000000       0.0000000       0.8987290

No violations of the orthonormality
No violations of the orthonormality
 
PNOF9/ADABelief Calculation
==================
 
  Nitext  Nit_orb  Time   Nit_occ  Time         Eelec          Etot           Ediff      maxdiff    MaxGrad_orb  Grad_occ
     1      10    2.6e+01   69    2.1e+01  -798.32536070  -751.22096098 -10797.32536070   0.004569   1.8e-02   2.6e-04 0.02
     2      20    1.9e+01   58    5.6e-01  -799.27545060  -752.17105088    -0.95008990   0.347130   1.4e+00   2.1e-04 0.02
     3      20    1.9e+01   24    2.5e-01  -799.31326774  -752.20886802    -0.03781714   0.143722   5.7e-01   2.1e-04 0.02
     4      20    1.8e+01   29    3.0e-01  -799.32820062  -752.22380090    -0.01493288   0.026189   1.0e-01   2.2e-04 0.02
     5      20    1.9e+01   25    3.1e-01  -799.33876836  -752.23436864    -0.01056774   0.182092   7.3e-01   2.1e-04 0.02
     6      20    1.8e+01   18    1.6e-01  -799.34297518  -752.23857546    -0.00420682   0.051318   2.1e-01   2.2e-04 0.02
     7      20    1.9e+01   18    1.9e-01  -799.34464154  -752.24024182    -0.00166636   0.060560   2.4e-01   2.3e-04 0.02
     8      20    1.9e+01   15    1.7e-01  -799.34502840  -752.24062868    -0.00038686   0.035864   1.4e-01   2.2e-04 0.02
     9      20    1.9e+01   14    1.7e-01  -799.34823106  -752.24383134    -0.00320266   0.031488   1.3e-01   2.8e-04 0.02
    10      20    1.8e+01   10    1.2e-01  -799.35035933  -752.24595961    -0.00212827   0.034382   1.4e-01   2.5e-04 0.02
    11      20    1.9e+01   16    2.2e-01  -799.35230677  -752.24790705    -0.00194744   0.036425   1.5e-01   2.4e-04 0.02
    12      20    1.8e+01    0    1.4e-02  -799.35245229  -752.24805258    -0.00014553   0.036425   1.5e-01   2.4e-04 0.02
    13      40    3.8e+01    7    1.0e-01  -799.36022871  -752.25582899    -0.00777641   0.005436   2.2e-02   1.7e-04 0.02
    14      40    3.7e+01   17    2.0e-01  -799.36062560  -752.25622588    -0.00039690   0.005683   2.3e-02   2.2e-04 0.02
    15      40    3.8e+01    5    9.0e-02  -799.36091007  -752.25651035    -0.00028446   0.005870   2.3e-02   2.0e-04 0.02
    16      40    3.6e+01    5    4.2e-02  -799.36105651  -752.25665679    -0.00014644   0.005248   2.1e-02   2.0e-04 0.02
    17      40    3.8e+01    2    3.2e-02  -799.36117169  -752.25677197    -0.00011518   0.005039   2.0e-02   2.6e-04 0.02
    18      40    3.8e+01    9    1.1e-01  -799.36124091  -752.25684119    -0.00006923   0.004872   1.9e-02   2.2e-04 0.02
    19      40    3.8e+01    3    6.2e-02  -799.36135533  -752.25695561    -0.00011441   0.004660   1.9e-02   2.6e-04 0.02
    20      40    3.7e+01   10    1.2e-01  -799.36143986  -752.25704014    -0.00008453   0.004605   1.8e-02   2.5e-04 0.02
    21      40    3.9e+01    3    7.3e-02  -799.36158169  -752.25718197    -0.00014183   0.005134   2.1e-02   2.1e-04 0.02
    22      40    4.0e+01   10    1.5e-01  -799.36169464  -752.25729492    -0.00011295   0.004600   1.8e-02   2.7e-04 0.02
    23      40    3.7e+01    3    7.4e-02  -799.36189785  -752.25749813    -0.00020321   0.005384   2.2e-02   2.1e-04 0.02
    24      40    3.7e+01   10    1.5e-01  -799.36203155  -752.25763183    -0.00013370   0.004981   2.0e-02   2.4e-04 0.02
    25      40    3.7e+01    3    8.5e-02  -799.36225754  -752.25785782    -0.00022599   0.005017   2.0e-02   1.6e-04 0.02
    26      40    3.7e+01   21    2.2e-01  -799.36241984  -752.25802012    -0.00016230   0.004509   1.8e-02   1.9e-04 0.02
    27      40    3.7e+01    3    3.4e-02  -799.36259875  -752.25819903    -0.00017892   0.004805   1.9e-02   1.4e-04 0.02
    28      40    3.7e+01    3    6.6e-02  -799.36269915  -752.25829943    -0.00010040   0.004396   1.8e-02   2.0e-04 0.02
    29      40    3.9e+01    7    1.6e-01  -799.36278318  -752.25838346    -0.00008402   0.004164   1.7e-02   2.4e-04 0.02
    30      40    3.8e+01    3    5.6e-02  -799.36286212  -752.25846240    -0.00007895   0.004116   1.6e-02   1.5e-04 0.02
    31      40    3.8e+01    7    1.0e-01  -799.36288329  -752.25848357    -0.00002116   0.005230   2.1e-02   2.5e-04 0.02
    32      40    3.7e+01    3    6.9e-02  -799.36292506  -752.25852534    -0.00004177   0.004442   1.8e-02   1.4e-04 0.02
    33      40    3.7e+01    8    1.4e-01  -799.36297255  -752.25857283    -0.00004749   0.004291   1.7e-02   2.3e-04 0.02
    34      40    3.7e+01    2    2.5e-02  -799.36302599  -752.25862627    -0.00005344   0.004454   1.8e-02   1.9e-04 0.02
    35      40    3.8e+01    6    9.8e-02  -799.36304228  -752.25864256    -0.00001629   0.004394   1.8e-02   2.6e-04 0.02
    36      40    3.7e+01    3    4.9e-02  -799.36307630  -752.25867658    -0.00003402   0.004945   2.0e-02   1.7e-04 0.02
    37      40    3.8e+01    1    2.3e-02  -799.36310140  -752.25870168    -0.00002510   0.004560   1.8e-02   2.2e-04 0.02
    38      40    3.7e+01   10    1.1e-01  -799.36314927  -752.25874955    -0.00004787   0.004715   1.9e-02   2.0e-04 0.02
    39      40    3.9e+01    1    6.5e-02  -799.36321133  -752.25881162    -0.00006207   0.003950   1.6e-02   2.0e-04 0.02
    40      40    3.8e+01    1    3.8e-02  -799.36323069  -752.25883097    -0.00001936   0.004056   1.6e-02   2.5e-04 0.02
 
RESULTS OF THE OCCUPATION OPTIMIZATION
========================================
   1    1.9999999  -149.24781672
   2    1.9999804  -16.87307919
   3    1.9999607  -16.63380837
   4    1.9999672  -15.89758046
   5    1.9999775  -14.67825669
   6    1.9999001  -13.49728565
   7    1.9905528  -2.11873237
   8    1.9813977  -1.14743232
   9    1.9808052  -1.13815526
  10    1.9807365  -1.12029082
  11    1.9845846  -1.09662415
  12    1.9775957  -0.50565242
  13    1.9765620  -0.42637073
  14    1.9792368  -0.32986712
  15    0.0111838  -0.01857932
  16    0.0201926  -0.03896356
  17    0.0187131  -0.03616282
  18    0.0059058  -0.01896032
  19    0.0157239  -0.03444945
  20    0.0154804  -0.03424003
  21    0.0148848  -0.03285114
  22    0.0062201  -0.03332804
  23    0.0000851  -0.00478084
  24    0.0000157  -0.00139330
  25    0.0000080  -0.00011908
  26    0.0000282  -0.00097081
  27    0.0000073  -0.00030916
  28    0.0000001  -0.00000013
  29    0.0041472  -0.00852498
  30    0.0022476  -0.00580262
  31    0.0022161  -0.00579502
  32    0.0056755  -0.01488597
  33    0.0029195  -0.00772758
  34    0.0026143  -0.00675431
  35    0.0024500  -0.00594731
  36    0.0019655  -0.00941859
  37    0.0000042  -0.00007055
  38    0.0000052  -0.00008387
  39    0.0000072  -0.00009912
  40    0.0000048  -0.00008010
  41    0.0000060  -0.00034140
  42    0.0000000  -0.00000003
  43    0.0035003  -0.00716777
  44    0.0005043  -0.00157977
  45    0.0009444  -0.00279230
  46    0.0020580  -0.00599719
  47    0.0002466  -0.00087192
  48    0.0008296  -0.00242084
  49    0.0008524  -0.00248021
  50    0.0006459  -0.00969274
  51    0.0000035  -0.00006513
  52    0.0000005  -0.00000544
  53    0.0000053  -0.00019518
  54    0.0000039  -0.00006961
  55    0.0000043  -0.00007227
  56    0.0000000  -0.00000001
  57    0.0012029  -0.00329619
  58    0.0002160  -0.00078238
  59    0.0002564  -0.00082849
  60    0.0007333  -0.00316014
  61    0.0002078  -0.00077724
  62    0.0001620  -0.00064313
  63    0.0002082  -0.00078861
  64    0.0004082  -0.00482045
  65    0.0000032  -0.00006119
  66    0.0000004  -0.00001065
  67    0.0000051  -0.00009030
  68    0.0000013  -0.00002141
  69    0.0000008  -0.00000921
  70    0.0000000  -0.00000001
  71    0.0002607  -0.00081525
  72    0.0002129  -0.00077265
  73    0.0001902  -0.00070447
  74    0.0006308  -0.00236710
  75    0.0000803  -0.00028173
  76    0.0000803  -0.00029344
  77    0.0001220  -0.00039759
  78    0.0001236  -0.00075324
  79    0.0000032  -0.00006083
  80    0.0000003  -0.00001046
  81    0.0000043  -0.00007432
  82    0.0000005  -0.00000492
  83    0.0000007  -0.00000615
  84    0.0000000  -0.00000000
  85    0.0002565  -0.00080442
  86    0.0000463  -0.00014014
  87    0.0000575  -0.00016329
  88    0.0003928  -0.00154317
  89    0.0000722  -0.00020178
  90    0.0000145  -0.00011113
  91    0.0000709  -0.00029410
  92    0.0000678  -0.00036464
  93    0.0000004  -0.00000277
  94    0.0000002  -0.00000060
  95    0.0000025  -0.00008485
  96    0.0000003  -0.00000070
  97    0.0000003  -0.00000874
  98    0.0000000  -0.00000000
  99    0.0002119  -0.00070290
 100    0.0000182  -0.00011933
 101    0.0000267  -0.00010734
 102    0.0000192  -0.00011283
 103    0.0000131  -0.00009455
 104    0.0000137  -0.00010195
 105    0.0000140  -0.00010629
 106    0.0000161  -0.00012540
 107    0.0000003  -0.00000865
 108    0.0000001  -0.00000016
 109    0.0000004  -0.00000931
 110    0.0000003  -0.00000068
 111    0.0000002  -0.00000051
 112    0.0000000  -0.00000000
 
----------------
 Final Energies 
----------------
Final NOF Total Energy =    -752.2588310
 
Total Orbital Internal Iterations = 1350
Total Occupation Internal Iterations = 462
 
Elapsed time: 1326.48 Seconds

---------------------------------
   Lowdin Population Analysis    
---------------------------------
 Idx  Atom   Population   Charge 
---------------------------------
  1    Ca    19.312       0.688
  2     O     8.688      -0.688

---------------------------------
   M Diagnostic: 0.02
---------------------------------

Recovering execution output...
Moving from /scratch/pobleyef/168516 to /home-nas/pobleyef/Poison-Set/ncwomax/P30-5/GNOFm02/arina.168516
mkdir -p /home-nas/pobleyef/Poison-Set/ncwomax/P30-5/GNOFm02/arina.168516
mv /scratch/pobleyef/168516/* /home-nas/pobleyef/Poison-Set/ncwomax/P30-5/GNOFm02/arina.168516
