BH76_1_n2ohts
/software/eb2024/easybuild/software/common/software/Julia/1.11.3-linux-x86_64/bin/julia
Job runing on nh043
Choosing scratch ...
Automatic scratch folder selection
/scratch/pobleyef/168521
/scratch/pobleyef/168521 directory
cp BH76_1_n2ohts.jl BH76_1_n2ohts.jld2 to  /scratch/pobleyef/168521/.
Computing Integrals
Elapsed time:    6.66 Seconds

Number of basis functions                   (NBF)    = 201
Number of auxiliary basis functions         (NBFAUX) = 249
Inactive Doubly occupied orbitals up to     (NO1)    = 0
No. considered Strongly Doubly occupied MOs (NDOC)   = 11
No. considered Strongly Singly occupied MOs (NSOC)   = 1
NO. of Weakly occ. per St. Doubly occ.  MOs (NCWO)   = 17
Dimension of the Nat. Orb. subspace         (NBF5)   = 199
No. of electrons                                     = 23
    No. of alpha electrons                           = 12
    No. of beta electrons                            = 11
Multiplicity                                         = 2

Geometry
========
 H      -0.2690454      -1.5391876       0.0000000
 O      -0.8267685      -0.2299978       0.0000000
 N       0.0342399       0.6485534       0.0000000
 N       1.0615740       1.1206319       0.0000000

No violations of the orthonormality
No violations of the orthonormality
 
PNOF9/ADABelief Calculation
==================
 
  Nitext  Nit_orb  Time   Nit_occ  Time         Eelec          Etot           Ediff      maxdiff    MaxGrad_orb  Grad_occ
     1      10    3.0e+01   98    4.0e+01  -249.95302604  -184.26678422 -10248.95302604   0.002746   1.1e-02   2.0e-04 0.03
     2      20    3.6e+00   72    3.6e+00  -250.50406778  -184.81782596    -0.55104174   0.254911   1.0e+00   2.2e-04 0.03
     3      20    3.6e+00   44    2.3e+00  -250.53736899  -184.85112717    -0.03330121   0.219665   8.8e-01   2.0e-04 0.03
     4      20    3.4e+00   25    1.3e+00  -250.55899063  -184.87274880    -0.02162163   0.013985   5.6e-02   2.3e-04 0.03
     5      20    3.5e+00   18    9.9e-01  -250.56201524  -184.87577342    -0.00302462   0.036317   1.5e-01   2.6e-04 0.03
     6      20    3.6e+00   18    1.0e+00  -250.56680553  -184.88056371    -0.00479029   0.027070   1.1e-01   2.4e-04 0.03
     7      20    3.5e+00    7    5.1e-01  -250.57001175  -184.88376993    -0.00320622   0.025468   1.0e-01   3.0e-04 0.03
     8      20    3.5e+00   10    5.6e-01  -250.57128226  -184.88504044    -0.00127051   0.024951   1.0e-01   2.8e-04 0.03
     9      20    3.4e+00    0    1.2e-01  -250.57149915  -184.88525733    -0.00021689   0.024951   1.0e-01   2.8e-04 0.03
    10      40    7.0e+00   13    7.9e-01  -250.58160141  -184.89535958    -0.01010225   0.004874   1.9e-02   2.5e-04 0.03
    11      40    7.0e+00    7    4.5e-01  -250.58249707  -184.89625525    -0.00089567   0.004382   1.8e-02   2.2e-04 0.03
    12      40    6.9e+00   10    6.6e-01  -250.58309152  -184.89684969    -0.00059444   0.003825   1.5e-02   2.4e-04 0.03
    13      40    7.1e+00    9    5.9e-01  -250.58366451  -184.89742268    -0.00057299   0.003859   1.5e-02   2.0e-04 0.03
    14      40    7.1e+00   12    7.3e-01  -250.58409925  -184.89785743    -0.00043474   0.003262   1.3e-02   1.8e-04 0.03
    15      40    6.9e+00    6    4.0e-01  -250.58442442  -184.89818260    -0.00032517   0.004765   1.9e-02   1.6e-04 0.03
    16      40    6.8e+00    6    4.2e-01  -250.58470831  -184.89846649    -0.00028389   0.003126   1.3e-02   1.7e-04 0.03
    17      40    7.1e+00    6    4.2e-01  -250.58488771  -184.89864588    -0.00017939   0.004185   1.7e-02   1.6e-04 0.03
    18      40    6.9e+00    6    4.0e-01  -250.58505043  -184.89880860    -0.00016272   0.003310   1.3e-02   2.1e-04 0.03
    19      40    6.8e+00    1    1.3e-01  -250.58520920  -184.89896737    -0.00015877   0.003494   1.4e-02   2.8e-04 0.03
    20      40    7.1e+00    8    4.9e-01  -250.58530419  -184.89906236    -0.00009499   0.003017   1.2e-02   2.0e-04 0.03
    21      40    6.8e+00    3    2.8e-01  -250.58542237  -184.89918054    -0.00011818   0.004603   1.8e-02   2.1e-04 0.03
    22      40    7.0e+00    6    4.2e-01  -250.58552029  -184.89927847    -0.00009792   0.003093   1.2e-02   2.2e-04 0.03
    23      40    6.9e+00    6    4.1e-01  -250.58561862  -184.89937680    -0.00009833   0.004472   1.8e-02   2.4e-04 0.03
    24      40    6.8e+00    1    1.3e-01  -250.58575872  -184.89951689    -0.00014009   0.002806   1.1e-02   2.7e-04 0.03
    25      40    6.9e+00    6    3.7e-01  -250.58578152  -184.89953969    -0.00002280   0.004578   1.8e-02   2.0e-04 0.03
    26      40    6.8e+00    9    6.2e-01  -250.58590144  -184.89965961    -0.00011992   0.002982   1.2e-02   2.1e-04 0.03
    27      40    6.9e+00    3    2.8e-01  -250.58606489  -184.89982306    -0.00016345   0.003361   1.3e-02   2.0e-04 0.03
    28      40    6.9e+00    6    4.1e-01  -250.58611491  -184.89987308    -0.00005002   0.003488   1.4e-02   2.0e-04 0.03
    29      40    6.8e+00    0    1.6e-01  -250.58620822  -184.89996640    -0.00009331   0.003507   1.4e-02   2.3e-04 0.03
    30      50    8.7e+00    6    4.2e-01  -250.58631724  -184.90007541    -0.00010902   0.003046   1.2e-02   1.9e-04 0.03
    31      50    8.6e+00    0    1.3e-01  -250.58638421  -184.90014239    -0.00006697   0.003212   1.3e-02   2.0e-04 0.03
    32      60    1.0e+01    0    1.7e-01  -250.58644394  -184.90020212    -0.00005973   0.003037   1.2e-02   2.4e-04 0.03
    33      70    1.2e+01    6    4.1e-01  -250.58648209  -184.90024026    -0.00003815   0.002098   8.4e-03   2.4e-04 0.03
    34      70    1.2e+01    0    1.4e-01  -250.58654240  -184.90030058    -0.00006031   0.002595   1.0e-02   2.4e-04 0.03
    35      80    1.4e+01   12    7.2e-01  -250.58660320  -184.90036137    -0.00006080   0.002142   8.6e-03   1.7e-04 0.03
    36      80    1.4e+01    0    1.2e-01  -250.58670811  -184.90046628    -0.00010491   0.001989   8.0e-03   2.4e-04 0.03
    37      90    1.6e+01    6    4.1e-01  -250.58675121  -184.90050939    -0.00004311   0.002169   8.7e-03   2.1e-04 0.03
    38      90    1.5e+01    1    2.0e-01  -250.58678034  -184.90053852    -0.00002913   0.001963   7.9e-03   2.3e-04 0.03
    39      90    1.5e+01    6    4.8e-01  -250.58678831  -184.90054648    -0.00000796   0.001941   7.8e-03   1.6e-04 0.03
    40      90    1.5e+01    3    2.9e-01  -250.58682683  -184.90058501    -0.00003852   0.002062   8.2e-03   2.2e-04 0.03
 
RESULTS OF THE OCCUPATION OPTIMIZATION
========================================
   1    1.9999753  -19.09742689
   2    1.9999695  -17.21900367
   3    1.9999518  -15.93586835
   4    1.9882008  -1.48581357
   5    1.9878263  -1.28586093
   6    1.9826544  -0.98045539
   7    1.9779633  -0.93445370
   8    1.9831534  -0.78500135
   9    1.9818139  -0.70235294
  10    1.9720556  -0.62733344
  11    1.9713384  -0.58558174
  12    1.0000000  -0.18360898
  13    0.0264766  -0.04819386
  14    0.0252761  -0.04632124
  15    0.0058169  -0.01341111
  16    0.0048056  -0.01156740
  17    0.0209152  -0.04551434
  18    0.0124385  -0.02851520
  19    0.0047637  -0.01564375
  20    0.0043640  -0.01646544
  21    0.0000312  -0.00092484
  22    0.0000171  -0.00049892
  23    0.0000194  -0.00066115
  24    0.0016981  -0.00420071
  25    0.0020125  -0.00494971
  26    0.0035245  -0.00836456
  27    0.0037085  -0.01039874
  28    0.0004416  -0.00158813
  29    0.0023124  -0.00643266
  30    0.0019888  -0.00568640
  31    0.0022996  -0.00744640
  32    0.0000048  -0.00007283
  33    0.0000036  -0.00007340
  34    0.0000023  -0.00004223
  35    0.0001264  -0.00041437
  36    0.0001688  -0.00051966
  37    0.0032970  -0.00795197
  38    0.0030903  -0.00776570
  39    0.0002674  -0.00101000
  40    0.0009363  -0.00305753
  41    0.0019459  -0.00584382
  42    0.0017087  -0.00700748
  43    0.0000028  -0.00005040
  44    0.0000032  -0.00006656
  45    0.0000007  -0.00002896
  46    0.0001068  -0.00037404
  47    0.0001447  -0.00048983
  48    0.0032127  -0.00766825
  49    0.0022332  -0.00615448
  50    0.0001112  -0.00049992
  51    0.0005250  -0.00188696
  52    0.0011524  -0.00501424
  53    0.0011296  -0.00469590
  54    0.0000021  -0.00004748
  55    0.0000017  -0.00003185
  56    0.0000005  -0.00004204
  57    0.0000848  -0.00031917
  58    0.0001080  -0.00038168
  59    0.0007010  -0.00208375
  60    0.0009532  -0.00268865
  61    0.0000704  -0.00034002
  62    0.0003838  -0.00137833
  63    0.0004720  -0.00186278
  64    0.0007897  -0.00328328
  65    0.0000020  -0.00003943
  66    0.0000012  -0.00002222
  67    0.0000004  -0.00000515
  68    0.0000461  -0.00015665
  69    0.0000975  -0.00035637
  70    0.0005265  -0.00162787
  71    0.0007836  -0.00243287
  72    0.0000664  -0.00032990
  73    0.0002711  -0.00106728
  74    0.0004597  -0.00409094
  75    0.0003896  -0.00350948
  76    0.0000015  -0.00002936
  77    0.0000012  -0.00002116
  78    0.0000003  -0.00000737
  79    0.0000293  -0.00009855
  80    0.0000572  -0.00022480
  81    0.0003621  -0.00128574
  82    0.0003278  -0.00107197
  83    0.0000516  -0.00024119
  84    0.0001563  -0.00055539
  85    0.0003685  -0.00261125
  86    0.0003025  -0.00120113
  87    0.0000007  -0.00001500
  88    0.0000005  -0.00002705
  89    0.0000002  -0.00000160
  90    0.0000234  -0.00007579
  91    0.0000149  -0.00006360
  92    0.0002513  -0.00085211
  93    0.0002578  -0.00092553
  94    0.0000285  -0.00014699
  95    0.0001485  -0.00056461
  96    0.0001920  -0.00079887
  97    0.0002739  -0.00152875
  98    0.0000006  -0.00001161
  99    0.0000005  -0.00000845
 100    0.0000001  -0.00000086
 101    0.0000213  -0.00007182
 102    0.0000138  -0.00006494
 103    0.0002246  -0.00081296
 104    0.0002311  -0.00082052
 105    0.0000169  -0.00009751
 106    0.0000505  -0.00024322
 107    0.0001817  -0.00074045
 108    0.0001852  -0.00078968
 109    0.0000004  -0.00001938
 110    0.0000003  -0.00001198
 111    0.0000001  -0.00000102
 112    0.0000114  -0.00005326
 113    0.0000106  -0.00005201
 114    0.0001100  -0.00045683
 115    0.0001821  -0.00073814
 116    0.0000125  -0.00008239
 117    0.0000264  -0.00014909
 118    0.0001737  -0.00070447
 119    0.0000869  -0.00071200
 120    0.0000004  -0.00001492
 121    0.0000002  -0.00000285
 122    0.0000001  -0.00000069
 123    0.0000075  -0.00004620
 124    0.0000096  -0.00005384
 125    0.0000431  -0.00022391
 126    0.0001253  -0.00054568
 127    0.0000114  -0.00007375
 128    0.0000187  -0.00011445
 129    0.0001316  -0.00075082
 130    0.0000777  -0.00044010
 131    0.0000003  -0.00000927
 132    0.0000002  -0.00000282
 133    0.0000001  -0.00000067
 134    0.0000074  -0.00004874
 135    0.0000081  -0.00004669
 136    0.0000285  -0.00014491
 137    0.0000400  -0.00022980
 138    0.0000099  -0.00006461
 139    0.0000168  -0.00011068
 140    0.0001073  -0.00046117
 141    0.0000663  -0.00040364
 142    0.0000003  -0.00000405
 143    0.0000002  -0.00000246
 144    0.0000001  -0.00000040
 145    0.0000067  -0.00004538
 146    0.0000076  -0.00004632
 147    0.0000243  -0.00013376
 148    0.0000291  -0.00015139
 149    0.0000092  -0.00006675
 150    0.0000163  -0.00009738
 151    0.0001039  -0.00046063
 152    0.0000415  -0.00023752
 153    0.0000003  -0.00000393
 154    0.0000002  -0.00000199
 155    0.0000001  -0.00000036
 156    0.0000062  -0.00004049
 157    0.0000052  -0.00003349
 158    0.0000229  -0.00013185
 159    0.0000235  -0.00013298
 160    0.0000088  -0.00006159
 161    0.0000148  -0.00009287
 162    0.0000791  -0.00046243
 163    0.0000264  -0.00014110
 164    0.0000002  -0.00000314
 165    0.0000002  -0.00000298
 166    0.0000001  -0.00000037
 167    0.0000055  -0.00003850
 168    0.0000043  -0.00003041
 169    0.0000175  -0.00009614
 170    0.0000214  -0.00010908
 171    0.0000071  -0.00005495
 172    0.0000130  -0.00008921
 173    0.0000220  -0.00013503
 174    0.0000240  -0.00013829
 175    0.0000002  -0.00000289
 176    0.0000001  -0.00000114
 177    0.0000001  -0.00000032
 178    0.0000031  -0.00002566
 179    0.0000037  -0.00002814
 180    0.0000132  -0.00008184
 181    0.0000172  -0.00009874
 182    0.0000058  -0.00004806
 183    0.0000108  -0.00007346
 184    0.0000189  -0.00012161
 185    0.0000178  -0.00010564
 186    0.0000002  -0.00000182
 187    0.0000001  -0.00000062
 188    0.0000001  -0.00000027
 189    0.0000011  -0.00001110
 190    0.0000016  -0.00001399
 191    0.0000100  -0.00006876
 192    0.0000168  -0.00009801
 193    0.0000029  -0.00002898
 194    0.0000063  -0.00004816
 195    0.0000125  -0.00009382
 196    0.0000159  -0.00010282
 197    0.0000001  -0.00000084
 198    0.0000001  -0.00000025
 199    0.0000001  -0.00000013
 
----------------
 Final Energies 
----------------
Final NOF Total Energy =    -184.9005850
 
Total Orbital Internal Iterations = 1790
Total Occupation Internal Iterations = 456
 
Elapsed time:  431.87 Seconds

---------------------------------
   Lowdin Population Analysis    
---------------------------------
 Idx  Atom   Population   Charge 
---------------------------------
  1     H     1.180      -0.180
  2     O     7.807       0.193
  3     N     7.096      -0.096
  4     N     6.917       0.083

---------------------------------
   M Diagnostic: 0.03
---------------------------------

Recovering execution output...
Moving from /scratch/pobleyef/168521 to /home-nas/pobleyef/Poison-Set/ncwomax/P30-5/GNOFm02/arina.168521
mkdir -p /home-nas/pobleyef/Poison-Set/ncwomax/P30-5/GNOFm02/arina.168521
mv /scratch/pobleyef/168521/* /home-nas/pobleyef/Poison-Set/ncwomax/P30-5/GNOFm02/arina.168521
