G2RC_10_67
/software/eb2024/easybuild/software/common/software/Julia/1.11.3-linux-x86_64/bin/julia
Job runing on nh019
Choosing scratch ...
Automatic scratch folder selection
/scratch/pobleyef/168534
/scratch/pobleyef/168534 directory
cp G2RC_10_67.jl G2RC_10_67.jld2 to  /scratch/pobleyef/168534/.
Computing Integrals
Elapsed time:    9.73 Seconds

Number of basis functions                   (NBF)    = 350
Number of auxiliary basis functions         (NBFAUX) = 640
Inactive Doubly occupied orbitals up to     (NO1)    = 0
No. considered Strongly Doubly occupied MOs (NDOC)   = 41
No. considered Strongly Singly occupied MOs (NSOC)   = 0
NO. of Weakly occ. per St. Doubly occ.  MOs (NCWO)   = 7
Dimension of the Nat. Orb. subspace         (NBF5)   = 328
No. of electrons                                     = 82
    No. of alpha electrons                           = 41
    No. of beta electrons                            = 41
Multiplicity                                         = 1

Geometry
========
Si       0.0000000       0.0000000       0.0000000
Cl       1.1825283      -1.1825283       1.1825283
Cl      -1.1825283       1.1825283       1.1825283
Cl      -1.1825283      -1.1825283      -1.1825283
Cl       1.1825283       1.1825283      -1.1825283

No violations of the orthonormality
No violations of the orthonormality
 
PNOF9/ADABelief Calculation
==================
 
  Nitext  Nit_orb  Time   Nit_occ  Time         Eelec          Etot           Ediff      maxdiff    MaxGrad_orb  Grad_occ
     1      10    3.8e+01   74    4.9e+01 -2647.32225388 -2127.01963094 -12646.32225388   0.002966   1.1e-02   2.8e-04 0.02
     2      20    1.6e+01    0    6.4e-01 -2649.22145921 -2128.91883628    -1.89920533   0.002640   1.1e-02   2.8e-04 0.02
     3      40    3.1e+01   49    8.0e+00 -2649.43761846 -2129.13499553    -0.21615925   0.541038   2.2e+00   3.1e-04 0.02
     4      40    3.1e+01   37    6.1e+00 -2649.70163282 -2129.39900989    -0.26401436   0.194205   7.8e-01   2.6e-04 0.02
     5      40    3.0e+01   42    6.9e+00 -2649.75443143 -2129.45180850    -0.05279861   0.346928   1.4e+00   3.4e-04 0.02
     6      40    3.1e+01   29    5.1e+00 -2649.79292742 -2129.49030449    -0.03849599   0.016577   6.6e-02   2.6e-04 0.02
     7      40    3.1e+01   29    5.1e+00 -2649.81942694 -2129.51680401    -0.02649952   0.019053   7.6e-02   2.6e-04 0.02
     8      40    3.1e+01   20    3.7e+00 -2649.83863931 -2129.53601638    -0.01921237   0.014270   5.7e-02   3.2e-04 0.02
     9      40    3.0e+01   15    2.9e+00 -2649.85344883 -2129.55082590    -0.01480952   0.015218   6.1e-02   3.4e-04 0.02
    10      40    3.2e+01   15    3.1e+00 -2649.86411986 -2129.56149693    -0.01067103   0.013727   5.5e-02   3.2e-04 0.02
    11      40    3.2e+01   15    3.0e+00 -2649.87179602 -2129.56917308    -0.00767615   0.016498   6.6e-02   3.1e-04 0.02
    12      40    3.2e+01   15    2.9e+00 -2649.87711128 -2129.57448835    -0.00531527   0.014243   5.7e-02   3.4e-04 0.02
    13      40    3.1e+01   17    3.3e+00 -2649.88091956 -2129.57829662    -0.00380827   0.018248   7.3e-02   3.0e-04 0.02
    14      40    3.2e+01   13    2.7e+00 -2649.88422647 -2129.58160353    -0.00330691   0.025065   1.0e-01   3.1e-04 0.02
    15      40    3.1e+01   15    3.1e+00 -2649.88649224 -2129.58386931    -0.00226578   0.015277   6.1e-02   2.9e-04 0.02
    16      40    3.1e+01   15    2.9e+00 -2649.88857038 -2129.58594745    -0.00207814   0.018035   7.2e-02   2.6e-04 0.02
    17      40    3.2e+01   11    2.4e+00 -2649.89005037 -2129.58742744    -0.00147999   0.015215   6.1e-02   2.8e-04 0.02
    18      40    3.1e+01   10    2.2e+00 -2649.89116118 -2129.58853825    -0.00111081   0.014986   6.0e-02   3.3e-04 0.02
    19      40    3.1e+01   15    3.1e+00 -2649.89190240 -2129.58927947    -0.00074122   0.017227   6.9e-02   2.7e-04 0.02
    20      40    3.1e+01   16    3.2e+00 -2649.89248302 -2129.58986009    -0.00058062   0.016799   6.7e-02   2.0e-04 0.02
    21      40    3.1e+01    7    1.7e+00 -2649.89283989 -2129.59021696    -0.00035686   0.017751   7.1e-02   3.0e-04 0.02
    22      40    3.0e+01   13    2.7e+00 -2649.89306269 -2129.59043976    -0.00022280   0.018451   7.4e-02   2.7e-04 0.02
    23      40    3.1e+01    7    1.8e+00 -2649.89353499 -2129.59091206    -0.00047230   0.019383   7.8e-02   3.5e-04 0.02
    24      40    3.1e+01   11    2.4e+00 -2649.89386126 -2129.59123832    -0.00032626   0.019204   7.7e-02   2.4e-04 0.02
    25      40    3.2e+01   11    2.4e+00 -2649.89419131 -2129.59156838    -0.00033005   0.019527   7.8e-02   2.3e-04 0.02
    26      40    3.1e+01    5    1.5e+00 -2649.89432623 -2129.59170330    -0.00013492   0.018423   7.4e-02   2.8e-04 0.02
    27      40    3.1e+01   11    2.3e+00 -2649.89454194 -2129.59191901    -0.00021571   0.017906   7.2e-02   3.0e-04 0.02
    28      40    3.1e+01   11    2.4e+00 -2649.89491786 -2129.59229493    -0.00037592   0.020275   8.1e-02   2.4e-04 0.02
    29      40    3.1e+01   11    2.4e+00 -2649.89510832 -2129.59248538    -0.00019046   0.017880   7.2e-02   2.4e-04 0.02
    30      40    3.2e+01   10    2.2e+00 -2649.89535135 -2129.59272842    -0.00024304   0.017347   6.9e-02   2.3e-04 0.02
    31      40    3.1e+01    4    1.3e+00 -2649.89557572 -2129.59295278    -0.00022436   0.017277   6.9e-02   3.0e-04 0.02
    32      40    3.1e+01   11    2.4e+00 -2649.89567179 -2129.59304885    -0.00009607   0.017558   7.0e-02   2.0e-04 0.02
    33      40    3.1e+01   13    2.7e+00 -2649.89599478 -2129.59337185    -0.00032300   0.017211   6.9e-02   1.3e-04 0.02
    34      40    3.1e+01    6    1.7e+00 -2649.89633694 -2129.59371401    -0.00034216   0.017603   7.0e-02   2.3e-04 0.02
    35      40    3.1e+01   11    2.4e+00 -2649.89674652 -2129.59412358    -0.00040958   0.017641   7.1e-02   2.6e-04 0.02
    36      40    3.1e+01   11    2.4e+00 -2649.89724481 -2129.59462187    -0.00049829   0.017661   7.1e-02   2.2e-04 0.02
    37      40    3.1e+01    5    1.5e+00 -2649.89777704 -2129.59515410    -0.00053223   0.016150   6.5e-02   2.4e-04 0.02
    38      40    3.1e+01    9    2.1e+00 -2649.89800317 -2129.59538023    -0.00022613   0.015863   6.3e-02   2.6e-04 0.02
    39      40    3.1e+01    5    1.4e+00 -2649.89807301 -2129.59545007    -0.00006984   0.014717   5.9e-02   2.5e-04 0.02
    40      40    3.1e+01    2    1.0e+00 -2649.89826441 -2129.59564148    -0.00019140   0.013515   5.4e-02   2.7e-04 0.02
 
RESULTS OF THE OCCUPATION OPTIMIZATION
========================================
   1    1.9999988  -102.77747471
   2    1.9999988  -102.12004287
   3    1.9999987  -100.12964051
   4    1.9999987  -99.30332223
   5    1.9999982  -84.37411755
   6    1.9995693  -10.61123010
   7    1.9996581  -10.60919243
   8    1.9995464  -10.60638368
   9    1.9995549  -10.60595987
  10    1.9989691  -8.08592227
  11    1.9989987  -8.08138433
  12    1.9990153  -8.03044067
  13    1.9988840  -8.01668129
  14    1.9988902  -8.00439932
  15    1.9988728  -7.98975950
  16    1.9988212  -7.98187999
  17    1.9988268  -7.93815546
  18    1.9988342  -7.93709072
  19    1.9987754  -7.93277110
  20    1.9987847  -7.85370290
  21    1.9984518  -7.71787886
  22    1.9982658  -7.71674226
  23    1.9961451  -4.40360980
  24    1.9960556  -4.40218736
  25    1.9953075  -4.40026403
  26    1.9870158  -1.15776156
  27    1.9865122  -1.13461380
  28    1.9859847  -1.13384444
  29    1.9861989  -1.12473930
  30    1.9791314  -0.66445935
  31    1.9799199  -0.63800476
  32    1.9781265  -0.63162812
  33    1.9781337  -0.63149769
  34    1.9792220  -0.52673436
  35    1.9800272  -0.52663398
  36    1.9789650  -0.52653227
  37    1.9786757  -0.52646079
  38    1.9802107  -0.52645862
  39    1.9805738  -0.52543728
  40    1.9811998  -0.52523967
  41    1.9784791  -0.52426204
  42    0.0063870  -0.01508038
  43    0.0066340  -0.01653679
  44    0.0074535  -0.01640534
  45    0.0058968  -0.01560454
  46    0.0072865  -0.01717290
  47    0.0074965  -0.01776311
  48    0.0062899  -0.01667927
  49    0.0072796  -0.01723763
  50    0.0139521  -0.03426433
  51    0.0143022  -0.03462543
  52    0.0126083  -0.03326939
  53    0.0181613  -0.04041221
  54    0.0047017  -0.02657719
  55    0.0051945  -0.02695918
  56    0.0050557  -0.02689788
  57    0.0050670  -0.02801461
  58    0.0026854  -0.02026303
  59    0.0027323  -0.02044984
  60    0.0032558  -0.02851514
  61    0.0008909  -0.00952367
  62    0.0009737  -0.00997514
  63    0.0009940  -0.00961895
  64    0.0007053  -0.01151008
  65    0.0009896  -0.01018120
  66    0.0009747  -0.00966948
  67    0.0006705  -0.01132427
  68    0.0009851  -0.01021139
  69    0.0009666  -0.01002873
  70    0.0009712  -0.00963338
  71    0.0007199  -0.01127272
  72    0.0004853  -0.01071304
  73    0.0004625  -0.01042397
  74    0.0004038  -0.01005634
  75    0.0004157  -0.01026588
  76    0.0002975  -0.00677447
  77    0.0003915  -0.00974540
  78    0.0000007  -0.00003297
  79    0.0000006  -0.00002093
  80    0.0000004  -0.00001375
  81    0.0000005  -0.00001846
  82    0.0000006  -0.00002077
  83    0.0061597  -0.01479485
  84    0.0063642  -0.01553019
  85    0.0074052  -0.01662310
  86    0.0058722  -0.01487000
  87    0.0066915  -0.01558553
  88    0.0068280  -0.01590248
  89    0.0059930  -0.01549853
  90    0.0065606  -0.01594397
  91    0.0063133  -0.01523075
  92    0.0064386  -0.01502631
  93    0.0049480  -0.01430630
  94    0.0006511  -0.00183970
  95    0.0037168  -0.01839201
  96    0.0041052  -0.01841979
  97    0.0041761  -0.01860323
  98    0.0033876  -0.01766146
  99    0.0016549  -0.01051544
 100    0.0007827  -0.00882237
 101    0.0002521  -0.00345386
 102    0.0004272  -0.00990742
 103    0.0004498  -0.00988359
 104    0.0000998  -0.00190841
 105    0.0004521  -0.01005051
 106    0.0000702  -0.00226840
 107    0.0000779  -0.00098822
 108    0.0003870  -0.00912810
 109    0.0000653  -0.00171326
 110    0.0000782  -0.00218638
 111    0.0000741  -0.00246275
 112    0.0001386  -0.00284063
 113    0.0003868  -0.00923441
 114    0.0004576  -0.01040971
 115    0.0000151  -0.00060920
 116    0.0000150  -0.00089457
 117    0.0000165  -0.00055292
 118    0.0000142  -0.00079241
 119    0.0000003  -0.00001090
 120    0.0000003  -0.00001195
 121    0.0000004  -0.00001250
 122    0.0000003  -0.00001238
 123    0.0000002  -0.00000956
 124    0.0061280  -0.01485142
 125    0.0022683  -0.00993667
 126    0.0025614  -0.01003006
 127    0.0051660  -0.01782834
 128    0.0056728  -0.01680558
 129    0.0057362  -0.01688829
 130    0.0050695  -0.01670989
 131    0.0056249  -0.01711929
 132    0.0005576  -0.00163274
 133    0.0005672  -0.00163251
 134    0.0017931  -0.00829717
 135    0.0006203  -0.00172648
 136    0.0016354  -0.00957350
 137    0.0016854  -0.00951890
 138    0.0017767  -0.00995623
 139    0.0017321  -0.00988977
 140    0.0002163  -0.00298463
 141    0.0002651  -0.00619797
 142    0.0001550  -0.00126761
 143    0.0003613  -0.00873453
 144    0.0000579  -0.00062428
 145    0.0000690  -0.00136690
 146    0.0000174  -0.00015825
 147    0.0000474  -0.00043906
 148    0.0000721  -0.00206125
 149    0.0000703  -0.00082301
 150    0.0000174  -0.00015540
 151    0.0000180  -0.00016476
 152    0.0000178  -0.00014580
 153    0.0000702  -0.00181534
 154    0.0000738  -0.00090864
 155    0.0000594  -0.00069108
 156    0.0000070  -0.00008137
 157    0.0000063  -0.00006585
 158    0.0000077  -0.00009203
 159    0.0000075  -0.00008271
 160    0.0000003  -0.00001150
 161    0.0000001  -0.00000714
 162    0.0000003  -0.00001104
 163    0.0000002  -0.00000852
 164    0.0000001  -0.00000601
 165    0.0020910  -0.00881946
 166    0.0022619  -0.00957117
 167    0.0006145  -0.00170012
 168    0.0020787  -0.00896002
 169    0.0005117  -0.00141650
 170    0.0005066  -0.00142406
 171    0.0017295  -0.00825571
 172    0.0005108  -0.00144628
 173    0.0005539  -0.00162817
 174    0.0002871  -0.00105402
 175    0.0004681  -0.00144303
 176    0.0006025  -0.00165297
 177    0.0015934  -0.00952719
 178    0.0016528  -0.00943609
 179    0.0016896  -0.00960427
 180    0.0017064  -0.00981990
 181    0.0000529  -0.00110268
 182    0.0000649  -0.00057852
 183    0.0001005  -0.00125617
 184    0.0000162  -0.00027616
 185    0.0000174  -0.00015580
 186    0.0000180  -0.00018306
 187    0.0000167  -0.00014361
 188    0.0000173  -0.00018215
 189    0.0000182  -0.00016461
 190    0.0000172  -0.00020180
 191    0.0000172  -0.00019216
 192    0.0000147  -0.00029786
 193    0.0000155  -0.00016051
 194    0.0000191  -0.00015845
 195    0.0000172  -0.00015781
 196    0.0000169  -0.00014055
 197    0.0000060  -0.00010391
 198    0.0000052  -0.00010355
 199    0.0000064  -0.00008428
 200    0.0000058  -0.00006584
 201    0.0000002  -0.00000792
 202    0.0000001  -0.00000647
 203    0.0000001  -0.00000530
 204    0.0000001  -0.00000332
 205    0.0000001  -0.00000453
 206    0.0004640  -0.00134229
 207    0.0005645  -0.00171373
 208    0.0006065  -0.00175355
 209    0.0004953  -0.00148504
 210    0.0005031  -0.00141535
 211    0.0001949  -0.00078901
 212    0.0004982  -0.00152949
 213    0.0005084  -0.00144030
 214    0.0002638  -0.00098284
 215    0.0001083  -0.00039277
 216    0.0001041  -0.00042714
 217    0.0005455  -0.00147609
 218    0.0015824  -0.00934786
 219    0.0005187  -0.00230771
 220    0.0004828  -0.00212445
 221    0.0006763  -0.00343046
 222    0.0000345  -0.00046264
 223    0.0000377  -0.00026360
 224    0.0000351  -0.00025863
 225    0.0000161  -0.00019386
 226    0.0000174  -0.00015298
 227    0.0000159  -0.00022157
 228    0.0000142  -0.00012286
 229    0.0000164  -0.00020024
 230    0.0000149  -0.00017595
 231    0.0000128  -0.00011480
 232    0.0000171  -0.00015922
 233    0.0000130  -0.00015943
 234    0.0000136  -0.00014360
 235    0.0000161  -0.00015252
 236    0.0000154  -0.00013878
 237    0.0000143  -0.00014381
 238    0.0000055  -0.00006397
 239    0.0000046  -0.00012692
 240    0.0000056  -0.00014294
 241    0.0000049  -0.00005467
 242    0.0000002  -0.00000747
 243    0.0000000  -0.00000239
 244    0.0000000  -0.00000274
 245    0.0000000  -0.00000214
 246    0.0000001  -0.00000305
 247    0.0001487  -0.00060185
 248    0.0005217  -0.00152917
 249    0.0005889  -0.00154954
 250    0.0001651  -0.00076451
 251    0.0005014  -0.00141025
 252    0.0001501  -0.00057097
 253    0.0002027  -0.00090780
 254    0.0001720  -0.00063543
 255    0.0001335  -0.00056127
 256    0.0001013  -0.00036170
 257    0.0000921  -0.00035918
 258    0.0001655  -0.00072512
 259    0.0003533  -0.00133180
 260    0.0004761  -0.00190270
 261    0.0001696  -0.00091416
 262    0.0002430  -0.00121530
 263    0.0000245  -0.00016929
 264    0.0000327  -0.00025433
 265    0.0000292  -0.00019695
 266    0.0000128  -0.00011772
 267    0.0000169  -0.00026308
 268    0.0000095  -0.00013264
 269    0.0000099  -0.00008981
 270    0.0000141  -0.00019079
 271    0.0000085  -0.00009068
 272    0.0000111  -0.00009326
 273    0.0000144  -0.00036059
 274    0.0000111  -0.00010569
 275    0.0000119  -0.00011128
 276    0.0000111  -0.00010120
 277    0.0000116  -0.00009941
 278    0.0000114  -0.00010714
 279    0.0000047  -0.00012678
 280    0.0000040  -0.00005838
 281    0.0000051  -0.00007629
 282    0.0000037  -0.00020373
 283    0.0000001  -0.00000554
 284    0.0000000  -0.00000238
 285    0.0000000  -0.00000216
 286    0.0000000  -0.00000180
 287    0.0000001  -0.00000253
 288    0.0001424  -0.00056563
 289    0.0001855  -0.00072362
 290    0.0001962  -0.00074685
 291    0.0001151  -0.00049666
 292    0.0001573  -0.00060329
 293    0.0001227  -0.00045956
 294    0.0001900  -0.00086137
 295    0.0001217  -0.00048704
 296    0.0000920  -0.00034020
 297    0.0000688  -0.00025231
 298    0.0000665  -0.00024233
 299    0.0001224  -0.00042656
 300    0.0002181  -0.00116010
 301    0.0003825  -0.00139397
 302    0.0001373  -0.00068794
 303    0.0001717  -0.00093268
 304    0.0000239  -0.00016379
 305    0.0000290  -0.00018992
 306    0.0000273  -0.00018466
 307    0.0000096  -0.00009542
 308    0.0000151  -0.00012434
 309    0.0000090  -0.00009273
 310    0.0000089  -0.00014614
 311    0.0000107  -0.00009186
 312    0.0000069  -0.00013385
 313    0.0000101  -0.00009814
 314    0.0000108  -0.00009737
 315    0.0000083  -0.00010971
 316    0.0000118  -0.00011596
 317    0.0000096  -0.00012322
 318    0.0000113  -0.00010214
 319    0.0000088  -0.00008177
 320    0.0000030  -0.00058467
 321    0.0000029  -0.00057634
 322    0.0000032  -0.00061571
 323    0.0000029  -0.00057325
 324    0.0000001  -0.00000386
 325    0.0000000  -0.00000199
 326    0.0000000  -0.00000176
 327    0.0000000  -0.00000165
 328    0.0000000  -0.00000167
 
----------------
 Final Energies 
----------------
Final NOF Total Energy =   -2129.5956415
 
Total Orbital Internal Iterations = 1550
Total Occupation Internal Iterations = 626
 
Elapsed time: 1499.37 Seconds

---------------------------------
   Lowdin Population Analysis    
---------------------------------
 Idx  Atom   Population   Charge 
---------------------------------
  1    Si    15.792      -1.792
  2    Cl    16.552       0.448
  3    Cl    16.553       0.447
  4    Cl    16.553       0.447
  5    Cl    16.551       0.449

---------------------------------
   M Diagnostic: 0.02
---------------------------------

Recovering execution output...
Moving from /scratch/pobleyef/168534 to /home-nas/pobleyef/Poison-Set/ncwomax/P30-5/GNOFm02/arina.168534
mkdir -p /home-nas/pobleyef/Poison-Set/ncwomax/P30-5/GNOFm02/arina.168534
mv /scratch/pobleyef/168534/* /home-nas/pobleyef/Poison-Set/ncwomax/P30-5/GNOFm02/arina.168534
