G2RC_10_61
/software/eb2024/easybuild/software/common/software/Julia/1.11.3-linux-x86_64/bin/julia
Job runing on nh016
Choosing scratch ...
Automatic scratch folder selection
/scratch/pobleyef/168531
/scratch/pobleyef/168531 directory
cp G2RC_10_61.jl G2RC_10_61.jld2 to  /scratch/pobleyef/168531/.
Computing Integrals
Elapsed time:    7.44 Seconds

Number of basis functions                   (NBF)    = 285
Number of auxiliary basis functions         (NBFAUX) = 383
Inactive Doubly occupied orbitals up to     (NO1)    = 0
No. considered Strongly Doubly occupied MOs (NDOC)   = 21
No. considered Strongly Singly occupied MOs (NSOC)   = 0
NO. of Weakly occ. per St. Doubly occ.  MOs (NCWO)   = 12
Dimension of the Nat. Orb. subspace         (NBF5)   = 273
No. of electrons                                     = 42
    No. of alpha electrons                           = 21
    No. of beta electrons                            = 21
Multiplicity                                         = 1

Geometry
========
 C       0.0000000       0.0000000       0.0000000
 F       0.7665641      -0.7665641       0.7665641
 F      -0.7665641       0.7665641       0.7665641
 F      -0.7665641      -0.7665641      -0.7665641
 F       0.7665641       0.7665641      -0.7665641

No violations of the orthonormality
No violations of the orthonormality
 
PNOF9/ADABelief Calculation
==================
 
  Nitext  Nit_orb  Time   Nit_occ  Time         Eelec          Etot           Ediff      maxdiff    MaxGrad_orb  Grad_occ
     1      10    3.2e+01   64    4.4e+01  -640.71095527  -436.00655794 -10639.71095527   0.004113   1.6e-02   2.8e-04 0.02
     2      20    6.6e+00   51    5.6e+00  -641.62727558  -436.92287824    -0.91632031   0.465202   1.9e+00   2.6e-04 0.02
     3      20    6.3e+00   40    4.4e+00  -641.74244296  -437.03804563    -0.11516739   0.503479   2.0e+00   2.7e-04 0.02
     4      20    6.3e+00   34    3.9e+00  -641.81155838  -437.10716104    -0.06911542   0.105024   4.2e-01   2.9e-04 0.02
     5      20    6.2e+00    0    3.7e-01  -641.81718093  -437.11278359    -0.00562255   0.105025   4.2e-01   2.9e-04 0.02
     6      40    1.2e+01   16    2.0e+00  -641.84412318  -437.13972585    -0.02694225   0.014874   5.9e-02   2.3e-04 0.02
     7      40    1.3e+01   24    3.0e+00  -641.85296424  -437.14856691    -0.00884106   0.005347   2.1e-02   2.4e-04 0.02
     8      40    1.3e+01    9    1.3e+00  -641.85795555  -437.15355821    -0.00499131   0.005318   2.1e-02   2.1e-04 0.02
     9      40    1.3e+01    9    1.3e+00  -641.86082943  -437.15643209    -0.00287388   0.005881   2.4e-02   2.4e-04 0.02
    10      40    1.3e+01    9    1.3e+00  -641.86243892  -437.15804159    -0.00160949   0.004288   1.7e-02   2.9e-04 0.02
    11      40    1.3e+01   13    1.9e+00  -641.86350511  -437.15910777    -0.00106619   0.004536   1.8e-02   2.1e-04 0.02
    12      40    1.3e+01   13    1.8e+00  -641.86436808  -437.15997075    -0.00086297   0.004042   1.6e-02   2.2e-04 0.02
    13      40    1.3e+01   10    1.4e+00  -641.86500971  -437.16061237    -0.00064163   0.004640   1.9e-02   2.4e-04 0.02
    14      40    1.3e+01    3    6.9e-01  -641.86543290  -437.16103556    -0.00042319   0.004168   1.7e-02   3.2e-04 0.02
    15      40    1.3e+01   10    1.6e+00  -641.86561042  -437.16121308    -0.00017752   0.007053   2.8e-02   2.5e-04 0.02
    16      40    1.3e+01    3    6.3e-01  -641.86583003  -437.16143270    -0.00021962   0.004722   1.9e-02   3.2e-04 0.02
    17      40    1.3e+01    6    1.1e+00  -641.86600183  -437.16160450    -0.00017180   0.004017   1.6e-02   3.0e-04 0.02
    18      40    1.3e+01    8    1.3e+00  -641.86613390  -437.16173657    -0.00013207   0.004710   1.9e-02   2.8e-04 0.02
    19      40    1.3e+01    3    6.3e-01  -641.86635815  -437.16196081    -0.00022424   0.004430   1.8e-02   1.9e-04 0.02
    20      40    1.2e+01    3    6.8e-01  -641.86643288  -437.16203555    -0.00007473   0.004858   1.9e-02   3.1e-04 0.02
    21      40    1.3e+01    3    6.9e-01  -641.86658725  -437.16218991    -0.00015436   0.005963   2.4e-02   2.8e-04 0.02
    22      40    1.3e+01    3    6.2e-01  -641.86662704  -437.16222970    -0.00003979   0.006384   2.6e-02   3.3e-04 0.02
    23      40    1.3e+01    3    5.9e-01  -641.86667369  -437.16227635    -0.00004665   0.006593   2.6e-02   3.0e-04 0.02
    24      40    1.3e+01    3    5.8e-01  -641.86674974  -437.16235240    -0.00007605   0.006454   2.6e-02   3.1e-04 0.02
    25      40    1.3e+01    0    3.1e-01  -641.86676510  -437.16236776    -0.00001536   0.006559   2.6e-02   3.7e-04 0.02
    26      50    1.6e+01    8    1.5e+00  -641.86709697  -437.16269963    -0.00033187   0.004874   1.9e-02   2.9e-04 0.02
    27      50    1.6e+01    0    3.4e-01  -641.86713870  -437.16274137    -0.00004173   0.004874   1.9e-02   2.9e-04 0.02
    28      70    2.1e+01    1    4.4e-01  -641.86756002  -437.16316269    -0.00042132   0.000491   2.0e-03   2.5e-04 0.02
 
RESULTS OF THE OCCUPATION OPTIMIZATION
========================================
   1    1.9999826  -26.40814685
   2    1.9999826  -26.40812986
   3    1.9999805  -26.40812391
   4    1.9999809  -26.40811925
   5    1.9998885  -11.59921041
   6    1.9890712  -1.68654602
   7    1.9883196  -1.67671049
   8    1.9888116  -1.67555357
   9    1.9888942  -1.67110160
  10    1.9790771  -0.94848706
  11    1.9784188  -0.92543046
  12    1.9783781  -0.92134258
  13    1.9778186  -0.91771504
  14    1.9861300  -0.83286012
  15    1.9860260  -0.83245238
  16    1.9839307  -0.78766091
  17    1.9838217  -0.78678363
  18    1.9837309  -0.78561435
  19    1.9839441  -0.78519374
  20    1.9837958  -0.78341868
  21    1.9839144  -0.78315676
  22    0.0074790  -0.01802979
  23    0.0076904  -0.01828882
  24    0.0074573  -0.01802363
  25    0.0075585  -0.01813614
  26    0.0075300  -0.01809236
  27    0.0074370  -0.01799866
  28    0.0076247  -0.01800458
  29    0.0074276  -0.01783544
  30    0.0192060  -0.04486641
  31    0.0207739  -0.04702078
  32    0.0205989  -0.04692154
  33    0.0191023  -0.04482996
  34    0.0056624  -0.02143651
  35    0.0055403  -0.02131359
  36    0.0055945  -0.02145408
  37    0.0055031  -0.02126208
  38    0.0000457  -0.00117228
  39    0.0000093  -0.00037586
  40    0.0000099  -0.00038231
  41    0.0000086  -0.00027282
  42    0.0000097  -0.00037131
  43    0.0035050  -0.00953701
  44    0.0034905  -0.00943412
  45    0.0035381  -0.00956575
  46    0.0034829  -0.00943690
  47    0.0034649  -0.00957971
  48    0.0034615  -0.00947063
  49    0.0034487  -0.00941969
  50    0.0034484  -0.00953373
  51    0.0023187  -0.00763896
  52    0.0002093  -0.00092930
  53    0.0002141  -0.00097565
  54    0.0012382  -0.00500299
  55    0.0026137  -0.00895582
  56    0.0026237  -0.00908406
  57    0.0025288  -0.00877154
  58    0.0025575  -0.00891534
  59    0.0000127  -0.00035823
  60    0.0000030  -0.00005726
  61    0.0000020  -0.00004491
  62    0.0000024  -0.00005157
  63    0.0000021  -0.00004528
  64    0.0033769  -0.00928908
  65    0.0034491  -0.00947096
  66    0.0033931  -0.00936758
  67    0.0033915  -0.00930706
  68    0.0033826  -0.00927225
  69    0.0033509  -0.00926807
  70    0.0007363  -0.00295124
  71    0.0007564  -0.00512724
  72    0.0001873  -0.00086239
  73    0.0002069  -0.00092005
  74    0.0001935  -0.00086946
  75    0.0002039  -0.00092957
  76    0.0017242  -0.00756696
  77    0.0017109  -0.00752407
  78    0.0025122  -0.00879883
  79    0.0016864  -0.00763099
  80    0.0000073  -0.00011200
  81    0.0000016  -0.00005117
  82    0.0000015  -0.00005978
  83    0.0000013  -0.00004190
  84    0.0000012  -0.00003759
  85    0.0005299  -0.00210905
  86    0.0006202  -0.00247025
  87    0.0005468  -0.00216228
  88    0.0006956  -0.00271718
  89    0.0007137  -0.00286318
  90    0.0006512  -0.00264449
  91    0.0005423  -0.00269947
  92    0.0007225  -0.00281897
  93    0.0001813  -0.00083948
  94    0.0001976  -0.00089097
  95    0.0001838  -0.00084427
  96    0.0001759  -0.00083776
  97    0.0004426  -0.00322497
  98    0.0004477  -0.00262716
  99    0.0003074  -0.00188641
 100    0.0004449  -0.00486545
 101    0.0000069  -0.00010742
 102    0.0000011  -0.00002967
 103    0.0000013  -0.00003705
 104    0.0000010  -0.00002778
 105    0.0000011  -0.00003101
 106    0.0003794  -0.00174120
 107    0.0002829  -0.00115966
 108    0.0003127  -0.00133659
 109    0.0004908  -0.00182986
 110    0.0002903  -0.00123184
 111    0.0004018  -0.00191399
 112    0.0005348  -0.00377476
 113    0.0005361  -0.00210203
 114    0.0001437  -0.00072487
 115    0.0000969  -0.00051395
 116    0.0001738  -0.00080399
 117    0.0000959  -0.00051852
 118    0.0002555  -0.00127357
 119    0.0004328  -0.00379401
 120    0.0002205  -0.00125637
 121    0.0002515  -0.00120904
 122    0.0000068  -0.00010612
 123    0.0000008  -0.00002073
 124    0.0000009  -0.00002600
 125    0.0000007  -0.00002166
 126    0.0000006  -0.00001290
 127    0.0002727  -0.00114985
 128    0.0002774  -0.00118256
 129    0.0002911  -0.00120021
 130    0.0002719  -0.00114481
 131    0.0002721  -0.00113167
 132    0.0002567  -0.00109771
 133    0.0004137  -0.00198066
 134    0.0005071  -0.00322664
 135    0.0000599  -0.00030001
 136    0.0000549  -0.00029116
 137    0.0001385  -0.00071794
 138    0.0000233  -0.00015603
 139    0.0002363  -0.00116146
 140    0.0002349  -0.00124111
 141    0.0001991  -0.00109406
 142    0.0002269  -0.00113173
 143    0.0000066  -0.00010549
 144    0.0000007  -0.00002134
 145    0.0000009  -0.00002512
 146    0.0000007  -0.00002192
 147    0.0000005  -0.00001121
 148    0.0002268  -0.00094469
 149    0.0002653  -0.00110915
 150    0.0002453  -0.00107198
 151    0.0002636  -0.00110115
 152    0.0002365  -0.00099135
 153    0.0002350  -0.00103273
 154    0.0002945  -0.00120440
 155    0.0002770  -0.00113940
 156    0.0000238  -0.00014975
 157    0.0000183  -0.00012730
 158    0.0000168  -0.00012045
 159    0.0000169  -0.00012060
 160    0.0000662  -0.00106350
 161    0.0000652  -0.00087601
 162    0.0001058  -0.00062489
 163    0.0000941  -0.00110860
 164    0.0000058  -0.00009909
 165    0.0000007  -0.00002089
 166    0.0000008  -0.00002121
 167    0.0000006  -0.00001503
 168    0.0000005  -0.00001621
 169    0.0002127  -0.00098507
 170    0.0000409  -0.00025089
 171    0.0001943  -0.00089918
 172    0.0000458  -0.00027559
 173    0.0002194  -0.00093501
 174    0.0001939  -0.00090728
 175    0.0002817  -0.00114394
 176    0.0001144  -0.00057510
 177    0.0000133  -0.00010811
 178    0.0000141  -0.00010934
 179    0.0000130  -0.00010795
 180    0.0000141  -0.00011140
 181    0.0000365  -0.00026427
 182    0.0000454  -0.00031905
 183    0.0000918  -0.00095919
 184    0.0000716  -0.00064680
 185    0.0000053  -0.00008096
 186    0.0000005  -0.00001485
 187    0.0000006  -0.00001318
 188    0.0000006  -0.00001180
 189    0.0000004  -0.00003203
 190    0.0000423  -0.00025939
 191    0.0000364  -0.00022734
 192    0.0000268  -0.00018029
 193    0.0000204  -0.00014744
 194    0.0000188  -0.00014180
 195    0.0000283  -0.00018501
 196    0.0000317  -0.00020831
 197    0.0000269  -0.00018354
 198    0.0000127  -0.00010671
 199    0.0000134  -0.00010892
 200    0.0000128  -0.00010649
 201    0.0000138  -0.00011052
 202    0.0000186  -0.00016497
 203    0.0000397  -0.00026336
 204    0.0000699  -0.00099845
 205    0.0000422  -0.00028197
 206    0.0000046  -0.00007613
 207    0.0000004  -0.00001157
 208    0.0000004  -0.00001596
 209    0.0000005  -0.00001616
 210    0.0000004  -0.00002241
 211    0.0000237  -0.00017454
 212    0.0000192  -0.00014531
 213    0.0000174  -0.00013441
 214    0.0000172  -0.00013664
 215    0.0000176  -0.00014133
 216    0.0000199  -0.00014786
 217    0.0000290  -0.00018581
 218    0.0000182  -0.00014352
 219    0.0000117  -0.00010390
 220    0.0000126  -0.00010578
 221    0.0000125  -0.00010474
 222    0.0000133  -0.00010795
 223    0.0000176  -0.00015340
 224    0.0000161  -0.00013708
 225    0.0000179  -0.00015935
 226    0.0000180  -0.00016067
 227    0.0000042  -0.00007393
 228    0.0000004  -0.00001621
 229    0.0000004  -0.00002249
 230    0.0000004  -0.00003189
 231    0.0000003  -0.00000694
 232    0.0000202  -0.00014288
 233    0.0000161  -0.00013060
 234    0.0000165  -0.00012487
 235    0.0000157  -0.00012588
 236    0.0000168  -0.00012957
 237    0.0000165  -0.00012373
 238    0.0000187  -0.00014721
 239    0.0000179  -0.00013520
 240    0.0000117  -0.00010227
 241    0.0000124  -0.00010511
 242    0.0000122  -0.00010678
 243    0.0000131  -0.00010857
 244    0.0000163  -0.00014167
 245    0.0000161  -0.00013497
 246    0.0000167  -0.00014319
 247    0.0000166  -0.00014553
 248    0.0000033  -0.00005891
 249    0.0000004  -0.00002889
 250    0.0000004  -0.00002486
 251    0.0000003  -0.00001299
 252    0.0000003  -0.00000586
 253    0.0000170  -0.00012840
 254    0.0000159  -0.00012510
 255    0.0000165  -0.00012643
 256    0.0000153  -0.00012143
 257    0.0000157  -0.00012609
 258    0.0000164  -0.00012193
 259    0.0000177  -0.00013692
 260    0.0000176  -0.00013658
 261    0.0000114  -0.00010273
 262    0.0000118  -0.00010332
 263    0.0000115  -0.00010224
 264    0.0000125  -0.00010678
 265    0.0000159  -0.00013311
 266    0.0000157  -0.00013015
 267    0.0000157  -0.00013225
 268    0.0000160  -0.00013918
 269    0.0000024  -0.00004715
 270    0.0000003  -0.00000721
 271    0.0000003  -0.00000883
 272    0.0000002  -0.00000541
 273    0.0000003  -0.00000733
 
----------------
 Final Energies 
----------------
Final NOF Total Energy =    -437.1631627
 
Total Orbital Internal Iterations = 1060
Total Occupation Internal Iterations = 349
 
Elapsed time:  489.47 Seconds

---------------------------------
   Lowdin Population Analysis    
---------------------------------
 Idx  Atom   Population   Charge 
---------------------------------
  1     C     7.500      -1.500
  2     F     8.625       0.375
  3     F     8.626       0.374
  4     F     8.624       0.376
  5     F     8.626       0.374

---------------------------------
   M Diagnostic: 0.02
---------------------------------

Recovering execution output...
Moving from /scratch/pobleyef/168531 to /home-nas/pobleyef/Poison-Set/ncwomax/P30-5/GNOFm02/arina.168531
mkdir -p /home-nas/pobleyef/Poison-Set/ncwomax/P30-5/GNOFm02/arina.168531
mv /scratch/pobleyef/168531/* /home-nas/pobleyef/Poison-Set/ncwomax/P30-5/GNOFm02/arina.168531
