o
/software/eb2024/easybuild/software/common/software/Julia/1.11.3-linux-x86_64/bin/julia
Job runing on nh003
Choosing scratch ...
Automatic scratch folder selection
/scratch/pobleyef/168544
/scratch/pobleyef/168544 directory
cp o.jl o.jld2 to  /scratch/pobleyef/168544/.
Computing Integrals
Elapsed time:    6.05 Seconds

Number of basis functions                   (NBF)    = 57
Number of auxiliary basis functions         (NBFAUX) = 77
Inactive Doubly occupied orbitals up to     (NO1)    = 0
No. considered Strongly Doubly occupied MOs (NDOC)   = 3
No. considered Strongly Singly occupied MOs (NSOC)   = 2
NO. of Weakly occ. per St. Doubly occ.  MOs (NCWO)   = 17
Dimension of the Nat. Orb. subspace         (NBF5)   = 56
No. of electrons                                     = 8
    No. of alpha electrons                           = 5
    No. of beta electrons                            = 3
Multiplicity                                         = 3

Geometry
========
 O       0.0000000       0.0000000       0.0000000

No violations of the orthonormality
No violations of the orthonormality
 
PNOF9/ADABelief Calculation
==================
 
  Nitext  Nit_orb  Time   Nit_occ  Time         Eelec          Etot           Ediff      maxdiff    MaxGrad_orb  Grad_occ
     1      10    2.8e+01   46    3.3e+01   -74.82153398   -74.82153398 -10073.82153398   0.011801   4.7e-02   1.5e-04 0.02
     2      20    9.2e-02   23    5.1e-02   -75.00992792   -75.00992792    -0.18839394   0.083310   3.3e-01   1.9e-04 0.02
     3      20    6.0e-02    5    1.7e-02   -75.01761089   -75.01761089    -0.00768297   0.005015   2.0e-02   1.4e-04 0.02
     4      20    6.5e-02    5    1.7e-02   -75.01876062   -75.01876062    -0.00114973   0.008687   3.5e-02   1.4e-04 0.02
     5      20    6.2e-02    3    1.2e-02   -75.01908215   -75.01908215    -0.00032154   0.010491   4.2e-02   1.5e-04 0.02
     6      20    6.3e-02    3    9.2e-03   -75.01916755   -75.01916755    -0.00008540   0.013640   5.5e-02   1.6e-04 0.02
     7      20    6.0e-02    3    1.2e-02   -75.01928609   -75.01928609    -0.00011854   0.009862   3.9e-02   1.5e-04 0.02
     8      20    6.0e-02    1    8.9e-03   -75.01940217   -75.01940217    -0.00011609   0.010236   4.1e-02   1.6e-04 0.02
     9      20    6.3e-02    2    7.2e-03   -75.01950240   -75.01950240    -0.00010022   0.009536   3.8e-02   1.4e-04 0.02
    10      20    5.9e-02    0    3.6e-03   -75.01950726   -75.01950726    -0.00000487   0.009536   3.8e-02   1.4e-04 0.02
    11      40    1.2e-01    4    1.4e-02   -75.01974842   -75.01974842    -0.00024116   0.000535   2.1e-03   1.2e-04 0.02
 
RESULTS OF THE OCCUPATION OPTIMIZATION
========================================
   1    1.9997984  -20.69140609
   2    1.9785670  -1.28336654
   3    1.9784346  -0.60298916
   4    1.0000000  -0.37901034
   5    1.0000000  -0.37893277
   6    0.0106481  -0.01735261
   7    0.0067178  -0.01839572
   8    0.0001751  -0.00568307
   9    0.0048218  -0.00867659
  10    0.0036113  -0.00788575
  11    0.0000024  -0.00014828
  12    0.0040842  -0.00794901
  13    0.0027074  -0.00636314
  14    0.0000021  -0.00005485
  15    0.0004179  -0.00119925
  16    0.0025778  -0.00609275
  17    0.0000019  -0.00004947
  18    0.0002613  -0.00080676
  19    0.0019806  -0.00465339
  20    0.0000019  -0.00004971
  21    0.0002358  -0.00073033
  22    0.0019774  -0.00465291
  23    0.0000019  -0.00004757
  24    0.0002311  -0.00072860
  25    0.0006477  -0.00211414
  26    0.0000018  -0.00004251
  27    0.0002189  -0.00069583
  28    0.0003757  -0.00119816
  29    0.0000018  -0.00004165
  30    0.0002168  -0.00069658
  31    0.0002053  -0.00073047
  32    0.0000017  -0.00004234
  33    0.0001609  -0.00052328
  34    0.0001944  -0.00068151
  35    0.0000017  -0.00004230
  36    0.0001608  -0.00052364
  37    0.0001603  -0.00059934
  38    0.0000017  -0.00003936
  39    0.0000240  -0.00024017
  40    0.0001135  -0.00042002
  41    0.0000017  -0.00003946
  42    0.0000182  -0.00009634
  43    0.0000972  -0.00040052
  44    0.0000016  -0.00003676
  45    0.0000169  -0.00009552
  46    0.0000207  -0.00008996
  47    0.0000016  -0.00003674
  48    0.0000168  -0.00009393
  49    0.0000156  -0.00008657
  50    0.0000013  -0.00001457
  51    0.0000161  -0.00008512
  52    0.0000152  -0.00008161
  53    0.0000011  -0.00000700
  54    0.0000157  -0.00008334
  55    0.0000150  -0.00008139
  56    0.0000003  -0.00002567
 
----------------
 Final Energies 
----------------
Final NOF Total Energy =     -75.0197484
 
Total Orbital Internal Iterations = 230
Total Occupation Internal Iterations = 95
 
Elapsed time:   79.53 Seconds

---------------------------------
   Lowdin Population Analysis    
---------------------------------
 Idx  Atom   Population   Charge 
---------------------------------
  1     O     8.000       0.000

---------------------------------
   M Diagnostic: 0.02
---------------------------------

Recovering execution output...
Moving from /scratch/pobleyef/168544 to /home-nas/pobleyef/Poison-Set/ncwomax/P30-5/GNOFm02/arina.168544
mkdir -p /home-nas/pobleyef/Poison-Set/ncwomax/P30-5/GNOFm02/arina.168544
mv /scratch/pobleyef/168544/* /home-nas/pobleyef/Poison-Set/ncwomax/P30-5/GNOFm02/arina.168544
