s
/software/eb2024/easybuild/software/common/software/Julia/1.11.3-linux-x86_64/bin/julia
Job runing on nagpu01
Choosing scratch ...
Automatic scratch folder selection
/scratch/pobleyef/168554
/scratch/pobleyef/168554 directory
cp s.jl s.jld2 to  /scratch/pobleyef/168554/.
Computing Integrals
Elapsed time:    3.71 Seconds

Number of basis functions                   (NBF)    = 70
Number of auxiliary basis functions         (NBFAUX) = 128
Inactive Doubly occupied orbitals up to     (NO1)    = 0
No. considered Strongly Doubly occupied MOs (NDOC)   = 7
No. considered Strongly Singly occupied MOs (NSOC)   = 2
NO. of Weakly occ. per St. Doubly occ.  MOs (NCWO)   = 8
Dimension of the Nat. Orb. subspace         (NBF5)   = 65
No. of electrons                                     = 16
    No. of alpha electrons                           = 9
    No. of beta electrons                            = 7
Multiplicity                                         = 3

Geometry
========
 S       0.0000000       0.0000000       0.0000000

No violations of the orthonormality
No violations of the orthonormality
 
PNOF9/ADABelief Calculation
==================
 
  Nitext  Nit_orb  Time   Nit_occ  Time         Eelec          Etot           Ediff      maxdiff    MaxGrad_orb  Grad_occ
     1      10    1.7e+01   53    2.0e+01  -397.46924881  -397.46924881 -10396.46924881   0.007554   3.0e-02   2.1e-04 0.02
     2      20    1.2e-01   30    5.9e-02  -397.81817667  -397.81817667    -0.34892786   0.346935   1.4e+00   2.5e-04 0.02
     3      20    1.1e-01   20    3.9e-02  -397.87036312  -397.87036312    -0.05218645   0.037326   1.5e-01   1.6e-04 0.01
     4      20    9.1e-02   17    3.7e-02  -397.87939704  -397.87939704    -0.00903392   0.062876   2.5e-01   1.8e-04 0.01
     5      20    1.2e-01   25    8.7e-02  -397.88820657  -397.88820657    -0.00880953   0.052305   2.1e-01   1.3e-04 0.01
     6      20    9.3e-02   18    3.1e-02  -397.89460261  -397.89460261    -0.00639605   0.045412   1.8e-01   1.6e-04 0.01
     7      20    7.7e-02   17    2.9e-02  -397.89747988  -397.89747988    -0.00287727   0.043463   1.7e-01   1.5e-04 0.01
     8      20    6.3e-02   16    3.0e-02  -397.89938788  -397.89938788    -0.00190800   0.053405   2.1e-01   1.6e-04 0.02
     9      20    7.6e-02   14    2.8e-02  -397.90212643  -397.90212643    -0.00273855   0.040137   1.6e-01   1.9e-04 0.02
    10      20    6.0e-02   14    2.5e-02  -397.90346496  -397.90346496    -0.00133853   0.037417   1.5e-01   1.2e-04 0.02
    11      20    1.0e-01    9    2.2e-02  -397.90539122  -397.90539122    -0.00192626   0.040793   1.6e-01   1.6e-04 0.02
    12      20    1.1e-01   11    2.3e-02  -397.90636530  -397.90636530    -0.00097408   0.039763   1.6e-01   2.3e-04 0.02
    13      20    7.7e-02    6    1.5e-02  -397.90794070  -397.90794070    -0.00157539   0.033814   1.4e-01   1.7e-04 0.02
    14      20    1.1e-01    0    6.8e-03  -397.90801047  -397.90801047    -0.00006978   0.033814   1.4e-01   1.7e-04 0.02
    15      40    1.8e-01   10    2.5e-02  -397.91164012  -397.91164012    -0.00362964   0.002497   1.0e-02   1.7e-04 0.02
    16      40    1.8e-01    4    1.6e-02  -397.91180543  -397.91180543    -0.00016531   0.005620   2.2e-02   1.2e-04 0.02
    17      40    1.8e-01    4    1.3e-02  -397.91198140  -397.91198140    -0.00017597   0.004449   1.8e-02   1.2e-04 0.02
    18      40    1.5e-01    4    1.2e-02  -397.91208452  -397.91208452    -0.00010312   0.004360   1.7e-02   1.0e-04 0.02
    19      40    1.6e-01    4    1.1e-02  -397.91218142  -397.91218142    -0.00009690   0.004559   1.8e-02   1.1e-04 0.02
    20      40    1.3e-01    4    1.2e-02  -397.91226693  -397.91226693    -0.00008551   0.005182   2.1e-02   1.2e-04 0.02
    21      40    1.4e-01    4    1.1e-02  -397.91234187  -397.91234187    -0.00007495   0.005644   2.3e-02   1.5e-04 0.02
    22      40    1.6e-01    4    1.2e-02  -397.91244581  -397.91244581    -0.00010394   0.003965   1.6e-02   1.9e-04 0.02
    23      40    1.4e-01    9    1.7e-02  -397.91253668  -397.91253668    -0.00009086   0.004906   2.0e-02   1.8e-04 0.02
    24      40    1.5e-01    4    6.5e-03  -397.91264820  -397.91264820    -0.00011152   0.004076   1.6e-02   1.2e-04 0.02
    25      40    1.5e-01    3    1.1e-02  -397.91273472  -397.91273472    -0.00008652   0.004218   1.7e-02   2.2e-04 0.02
    26      40    1.3e-01    9    1.8e-02  -397.91280900  -397.91280900    -0.00007428   0.003722   1.5e-02   2.1e-04 0.02
    27      40    1.4e-01    3    1.0e-02  -397.91288765  -397.91288765    -0.00007865   0.004025   1.6e-02   2.3e-04 0.02
    28      40    1.9e-01    3    9.7e-03  -397.91294618  -397.91294618    -0.00005853   0.003792   1.5e-02   2.0e-04 0.02
    29      40    1.7e-01    3    1.1e-02  -397.91297797  -397.91297797    -0.00003180   0.003953   1.6e-02   2.0e-04 0.02
    30      40    1.5e-01    4    7.8e-03  -397.91300082  -397.91300082    -0.00002285   0.004120   1.6e-02   1.5e-04 0.02
    31      40    1.8e-01    1    3.2e-03  -397.91301247  -397.91301247    -0.00001164   0.004202   1.7e-02   1.8e-04 0.02
    32      40    1.6e-01    1    3.9e-03  -397.91301871  -397.91301871    -0.00000624   0.004045   1.6e-02   1.8e-04 0.02
    33      40    1.7e-01    0    2.9e-03  -397.91302031  -397.91302031    -0.00000161   0.004045   1.6e-02   1.8e-04 0.02
    34      52    2.1e-01    0    2.8e-03  -397.91306218  -397.91306218    -0.00004187   0.000496   2.0e-03   1.6e-04 0.02
 
RESULTS OF THE OCCUPATION OPTIMIZATION
========================================
   1    1.9999981  -92.06507324
   2    1.9991108  -9.02366786
   3    1.9971567  -6.70380129
   4    1.9972116  -6.70375537
   5    1.9979366  -6.70356464
   6    1.9815333  -0.90129826
   7    1.9735136  -0.41668485
   8    1.0000000  -0.25541329
   9    1.0000000  -0.25540356
  10    0.0066156  -0.01606239
  11    0.0062537  -0.02552382
  12    0.0010315  -0.00934714
  13    0.0019467  -0.02137061
  14    0.0019528  -0.02131006
  15    0.0005813  -0.00762998
  16    0.0000012  -0.00002127
  17    0.0065355  -0.01240798
  18    0.0040171  -0.01134178
  19    0.0006269  -0.01114820
  20    0.0006727  -0.00874982
  21    0.0006951  -0.00890946
  22    0.0002565  -0.00433697
  23    0.0000003  -0.00001003
  24    0.0060237  -0.01106935
  25    0.0039922  -0.01147790
  26    0.0002840  -0.00450273
  27    0.0000730  -0.00175533
  28    0.0000750  -0.00210768
  29    0.0000231  -0.00021899
  30    0.0000001  -0.00000628
  31    0.0059041  -0.01094367
  32    0.0016359  -0.00794234
  33    0.0000556  -0.00050925
  34    0.0000415  -0.00036713
  35    0.0000605  -0.00071218
  36    0.0000120  -0.00069504
  37    0.0000001  -0.00000571
  38    0.0004159  -0.00095749
  39    0.0016180  -0.00786573
  40    0.0000340  -0.00025793
  41    0.0000296  -0.00022972
  42    0.0000259  -0.00020829
  43    0.0000048  -0.00004772
  44    0.0000000  -0.00000333
  45    0.0003834  -0.00090840
  46    0.0003390  -0.00100564
  47    0.0000132  -0.00026997
  48    0.0000097  -0.00008394
  49    0.0000123  -0.00013999
  50    0.0000042  -0.00004325
  51    0.0000000  -0.00000277
  52    0.0003085  -0.00072767
  53    0.0003110  -0.00092027
  54    0.0000096  -0.00008354
  55    0.0000080  -0.00006642
  56    0.0000123  -0.00009742
  57    0.0000040  -0.00003853
  58    0.0000000  -0.00000276
  59    0.0002997  -0.00072108
  60    0.0002999  -0.00089926
  61    0.0000087  -0.00007533
  62    0.0000072  -0.00006289
  63    0.0000094  -0.00007810
  64    0.0000032  -0.00053579
  65    0.0000000  -0.00000213
 
----------------
 Final Energies 
----------------
Final NOF Total Energy =    -397.9130622
 
Total Orbital Internal Iterations = 1082
Total Occupation Internal Iterations = 328
 
Elapsed time:   52.77 Seconds

---------------------------------
   Lowdin Population Analysis    
---------------------------------
 Idx  Atom   Population   Charge 
---------------------------------
  1     S    16.000      -0.000

---------------------------------
   M Diagnostic: 0.02
---------------------------------

Recovering execution output...
Moving from /scratch/pobleyef/168554 to /home-nas/pobleyef/Poison-Set/ncwomax/P30-5/GNOFm02/arina.168554
mkdir -p /home-nas/pobleyef/Poison-Set/ncwomax/P30-5/GNOFm02/arina.168554
mv /scratch/pobleyef/168554/* /home-nas/pobleyef/Poison-Set/ncwomax/P30-5/GNOFm02/arina.168554
