W4-11_136_foof
/software/eb2024/easybuild/software/common/software/Julia/1.11.3-linux-x86_64/bin/julia
Job runing on nh003
Choosing scratch ...
Automatic scratch folder selection
/scratch/pobleyef/168568
/scratch/pobleyef/168568 directory
cp W4-11_136_foof.jl W4-11_136_foof.jld2 to  /scratch/pobleyef/168568/.
Computing Integrals
Elapsed time:    6.72 Seconds

Number of basis functions                   (NBF)    = 228
Number of auxiliary basis functions         (NBFAUX) = 308
Inactive Doubly occupied orbitals up to     (NO1)    = 0
No. considered Strongly Doubly occupied MOs (NDOC)   = 17
No. considered Strongly Singly occupied MOs (NSOC)   = 0
NO. of Weakly occ. per St. Doubly occ.  MOs (NCWO)   = 12
Dimension of the Nat. Orb. subspace         (NBF5)   = 221
No. of electrons                                     = 34
    No. of alpha electrons                           = 17
    No. of beta electrons                            = 17
Multiplicity                                         = 1

Geometry
========
 F       0.5557100       1.3844340      -0.4939860
 O       0.5557100       0.2681810       0.5557340
 O      -0.5557100      -0.2681810       0.5557340
 F      -0.5557100      -1.3844340      -0.4939860

No violations of the orthonormality
No violations of the orthonormality
 
PNOF9/ADABelief Calculation
==================
 
  Nitext  Nit_orb  Time   Nit_occ  Time         Eelec          Etot           Ediff      maxdiff    MaxGrad_orb  Grad_occ
     1      10    3.2e+01   98    4.1e+01  -473.87666175  -348.48886984 -10472.87666175   0.005642   2.3e-02   2.4e-04 0.03
     2      20    4.2e+00   47    2.9e+00  -474.70288606  -349.31509415    -0.82622431   0.395701   1.6e+00   2.6e-04 0.03
     3      20    4.1e+00   36    2.3e+00  -474.77167076  -349.38387885    -0.06878470   0.392164   1.6e+00   2.5e-04 0.03
     4      20    4.1e+00   30    2.0e+00  -474.82051216  -349.43272025    -0.04884140   0.015958   6.4e-02   2.1e-04 0.03
     5      20    4.1e+00    0    2.0e-01  -474.82451943  -349.43672751    -0.00400726   0.015959   6.4e-02   2.1e-04 0.03
     6      40    8.1e+00   29    1.8e+00  -474.84282086  -349.45502894    -0.01830143   0.006021   2.4e-02   2.3e-04 0.03
     7      40    7.8e+00   18    1.2e+00  -474.84968041  -349.46188850    -0.00685956   0.004644   1.9e-02   2.3e-04 0.03
     8      40    7.6e+00   24    1.6e+00  -474.85412431  -349.46633240    -0.00444390   0.003744   1.5e-02   2.5e-04 0.03
     9      40    7.8e+00    7    6.6e-01  -474.85672060  -349.46892868    -0.00259629   0.003592   1.4e-02   2.9e-04 0.03
    10      40    7.8e+00   16    1.1e+00  -474.85837036  -349.47057845    -0.00164977   0.004472   1.8e-02   1.9e-04 0.03
    11      40    7.8e+00    7    6.0e-01  -474.85966876  -349.47187684    -0.00129839   0.003692   1.5e-02   2.2e-04 0.03
    12      40    8.1e+00   13    9.9e-01  -474.86062634  -349.47283443    -0.00095759   0.003720   1.5e-02   2.7e-04 0.03
    13      40    8.2e+00    7    6.0e-01  -474.86161125  -349.47381934    -0.00098491   0.004468   1.8e-02   2.1e-04 0.03
    14      40    8.0e+00   10    7.4e-01  -474.86259249  -349.47480058    -0.00098124   0.002999   1.2e-02   2.6e-04 0.03
    15      40    8.1e+00   13    1.0e+00  -474.86368071  -349.47588880    -0.00108822   0.003486   1.4e-02   2.7e-04 0.03
    16      40    8.0e+00    7    5.4e-01  -474.86471603  -349.47692412    -0.00103532   0.003408   1.4e-02   2.7e-04 0.03
    17      40    7.7e+00   13    9.1e-01  -474.86552172  -349.47772981    -0.00080569   0.002923   1.2e-02   2.7e-04 0.03
    18      40    7.8e+00   10    7.5e-01  -474.86626235  -349.47847043    -0.00074062   0.002508   1.0e-02   2.4e-04 0.03
    19      40    8.1e+00   16    1.1e+00  -474.86690298  -349.47911107    -0.00064063   0.003035   1.2e-02   2.8e-04 0.03
    20      40    7.9e+00    7    6.1e-01  -474.86746801  -349.47967610    -0.00056503   0.003127   1.3e-02   1.9e-04 0.03
    21      40    8.0e+00    7    5.8e-01  -474.86790709  -349.48011518    -0.00043908   0.003405   1.4e-02   2.6e-04 0.03
    22      40    8.1e+00    7    5.7e-01  -474.86833226  -349.48054035    -0.00042517   0.003597   1.4e-02   2.4e-04 0.03
    23      40    7.8e+00   13    8.9e-01  -474.86875520  -349.48096329    -0.00042294   0.003594   1.4e-02   2.4e-04 0.03
    24      40    7.7e+00    7    6.1e-01  -474.86920675  -349.48141483    -0.00045155   0.003501   1.4e-02   2.5e-04 0.03
    25      40    7.9e+00    7    5.3e-01  -474.86955957  -349.48176765    -0.00035282   0.003698   1.5e-02   2.4e-04 0.03
    26      40    7.8e+00    6    5.2e-01  -474.86985760  -349.48206569    -0.00029804   0.004090   1.6e-02   2.9e-04 0.03
    27      40    8.0e+00    7    5.9e-01  -474.87011821  -349.48232630    -0.00026061   0.003582   1.4e-02   2.7e-04 0.03
    28      40    7.8e+00   13    9.4e-01  -474.87029571  -349.48250380    -0.00017750   0.003265   1.3e-02   2.1e-04 0.03
    29      40    7.9e+00    6    5.4e-01  -474.87054618  -349.48275426    -0.00025046   0.002735   1.1e-02   2.7e-04 0.03
    30      40    7.7e+00    7    6.2e-01  -474.87064849  -349.48285658    -0.00010231   0.003471   1.4e-02   2.4e-04 0.03
    31      40    7.8e+00    1    2.4e-01  -474.87079157  -349.48299966    -0.00014308   0.004557   1.8e-02   3.1e-04 0.03
    32      40    8.0e+00    7    6.1e-01  -474.87081625  -349.48302434    -0.00002468   0.004711   1.9e-02   2.7e-04 0.03
    33      40    7.8e+00    7    6.7e-01  -474.87092979  -349.48313788    -0.00011354   0.004214   1.7e-02   2.2e-04 0.03
    34      40    7.9e+00    3    3.3e-01  -474.87108093  -349.48328902    -0.00015114   0.003431   1.4e-02   2.5e-04 0.03
    35      40    7.7e+00   10    7.6e-01  -474.87111511  -349.48332320    -0.00003418   0.003529   1.4e-02   2.0e-04 0.03
    36      40    7.7e+00   14    1.1e+00  -474.87127675  -349.48348484    -0.00016164   0.003525   1.4e-02   2.7e-04 0.03
    37      40    7.6e+00    0    2.0e-01  -474.87143797  -349.48364605    -0.00016122   0.002941   1.2e-02   3.3e-04 0.03
    38      50    9.6e+00    9    6.4e-01  -474.87160197  -349.48381006    -0.00016400   0.002273   9.1e-03   1.6e-04 0.03
    39      50    9.8e+00    0    1.1e-01  -474.87162959  -349.48383767    -0.00002762   0.002273   9.1e-03   1.6e-04 0.03
    40      51    9.6e+00    1    2.4e-01  -474.87183388  -349.48404197    -0.00020430   0.000496   2.0e-03   2.0e-04 0.03
 
RESULTS OF THE OCCUPATION OPTIMIZATION
========================================
   1    1.9999767  -24.06054755
   2    1.9999684  -24.01425405
   3    1.9999611  -23.23533559
   4    1.9999653  -23.20120517
   5    1.9907691  -1.68537716
   6    1.9888785  -1.51134938
   7    1.9879516  -1.49678001
   8    1.9890782  -1.45323420
   9    1.9760675  -0.90905720
  10    1.9838829  -0.79415518
  11    1.9837836  -0.78721611
  12    1.9832062  -0.73791894
  13    1.9833559  -0.73688029
  14    1.9830528  -0.73064137
  15    1.9832732  -0.72576077
  16    1.9701040  -0.72319373
  17    1.9700479  -0.72235568
  18    0.0296445  -0.06938585
  19    0.0296104  -0.06939102
  20    0.0085789  -0.01952479
  21    0.0088553  -0.01983466
  22    0.0087593  -0.01972520
  23    0.0085606  -0.01956966
  24    0.0054229  -0.01349709
  25    0.0056687  -0.01372890
  26    0.0233099  -0.05213032
  27    0.0047432  -0.01761995
  28    0.0062310  -0.02259151
  29    0.0065202  -0.02282581
  30    0.0040931  -0.01617828
  31    0.0000079  -0.00033147
  32    0.0000214  -0.00088035
  33    0.0000070  -0.00028213
  34    0.0000107  -0.00032066
  35    0.0001017  -0.00051901
  36    0.0001173  -0.00057366
  37    0.0035789  -0.00980417
  38    0.0036020  -0.00977060
  39    0.0031079  -0.00822041
  40    0.0035332  -0.00972801
  41    0.0033765  -0.00875140
  42    0.0034735  -0.00865635
  43    0.0002055  -0.00085490
  44    0.0029383  -0.00903280
  45    0.0027371  -0.00907161
  46    0.0023829  -0.00747683
  47    0.0019550  -0.00754209
  48    0.0000042  -0.00008250
  49    0.0000033  -0.00006812
  50    0.0000041  -0.00008332
  51    0.0000035  -0.00007377
  52    0.0000715  -0.00035022
  53    0.0000536  -0.00031931
  54    0.0029431  -0.00793236
  55    0.0033838  -0.00902272
  56    0.0029703  -0.00795665
  57    0.0029417  -0.00792763
  58    0.0029141  -0.00769927
  59    0.0030418  -0.00792336
  60    0.0000905  -0.00044578
  61    0.0012804  -0.00451029
  62    0.0020629  -0.00681295
  63    0.0007997  -0.00422900
  64    0.0014480  -0.00489036
  65    0.0000041  -0.00007963
  66    0.0000025  -0.00005410
  67    0.0000034  -0.00007214
  68    0.0000022  -0.00005011
  69    0.0000475  -0.00027723
  70    0.0000379  -0.00021307
  71    0.0005993  -0.00235959
  72    0.0003101  -0.00116060
  73    0.0006041  -0.00236916
  74    0.0005892  -0.00231899
  75    0.0019103  -0.00553338
  76    0.0021569  -0.00607462
  77    0.0000834  -0.00041949
  78    0.0004555  -0.00379500
  79    0.0002477  -0.00114647
  80    0.0005621  -0.00293407
  81    0.0004934  -0.00412851
  82    0.0000035  -0.00006809
  83    0.0000025  -0.00005459
  84    0.0000032  -0.00006462
  85    0.0000020  -0.00004714
  86    0.0000221  -0.00011673
  87    0.0000131  -0.00009570
  88    0.0002753  -0.00109349
  89    0.0002628  -0.00104541
  90    0.0002723  -0.00111101
  91    0.0002917  -0.00110652
  92    0.0009366  -0.00320992
  93    0.0008750  -0.00343345
  94    0.0000831  -0.00042895
  95    0.0004455  -0.00372718
  96    0.0002455  -0.00114413
  97    0.0002923  -0.00162302
  98    0.0004571  -0.00350706
  99    0.0000030  -0.00006696
 100    0.0000022  -0.00004919
 101    0.0000031  -0.00006576
 102    0.0000018  -0.00005918
 103    0.0000164  -0.00010126
 104    0.0000112  -0.00008215
 105    0.0002625  -0.00105783
 106    0.0002245  -0.00092756
 107    0.0002721  -0.00111189
 108    0.0002620  -0.00103824
 109    0.0008029  -0.00332044
 110    0.0003775  -0.00159249
 111    0.0000795  -0.00041520
 112    0.0003384  -0.00204854
 113    0.0002057  -0.00101740
 114    0.0002492  -0.00130093
 115    0.0003874  -0.00373759
 116    0.0000029  -0.00005838
 117    0.0000021  -0.00004639
 118    0.0000028  -0.00005754
 119    0.0000008  -0.00001260
 120    0.0000089  -0.00007772
 121    0.0000097  -0.00007995
 122    0.0002333  -0.00096270
 123    0.0002201  -0.00087145
 124    0.0002399  -0.00096823
 125    0.0002331  -0.00096724
 126    0.0003145  -0.00126348
 127    0.0001701  -0.00071376
 128    0.0000182  -0.00012140
 129    0.0002603  -0.00123386
 130    0.0001731  -0.00095028
 131    0.0001826  -0.00085989
 132    0.0002221  -0.00095708
 133    0.0000024  -0.00005746
 134    0.0000018  -0.00004297
 135    0.0000023  -0.00005355
 136    0.0000005  -0.00001114
 137    0.0000083  -0.00007520
 138    0.0000091  -0.00007616
 139    0.0001886  -0.00079107
 140    0.0000253  -0.00018482
 141    0.0002190  -0.00091131
 142    0.0001934  -0.00081162
 143    0.0001783  -0.00072603
 144    0.0001556  -0.00068495
 145    0.0000143  -0.00010223
 146    0.0001911  -0.00088501
 147    0.0000755  -0.00089944
 148    0.0000554  -0.00087113
 149    0.0000660  -0.00098761
 150    0.0000022  -0.00005313
 151    0.0000013  -0.00002742
 152    0.0000016  -0.00003333
 153    0.0000004  -0.00000998
 154    0.0000082  -0.00007469
 155    0.0000090  -0.00007541
 156    0.0000194  -0.00013605
 157    0.0000172  -0.00012663
 158    0.0001477  -0.00072941
 159    0.0001327  -0.00063329
 160    0.0001517  -0.00066450
 161    0.0001450  -0.00066252
 162    0.0000132  -0.00009689
 163    0.0001497  -0.00075504
 164    0.0000214  -0.00016789
 165    0.0000234  -0.00017391
 166    0.0000388  -0.00045230
 167    0.0000015  -0.00003219
 168    0.0000007  -0.00001115
 169    0.0000014  -0.00003040
 170    0.0000004  -0.00001225
 171    0.0000079  -0.00007155
 172    0.0000085  -0.00007121
 173    0.0000166  -0.00012241
 174    0.0000163  -0.00012423
 175    0.0000183  -0.00013155
 176    0.0000207  -0.00013952
 177    0.0001487  -0.00063957
 178    0.0000207  -0.00016112
 179    0.0000121  -0.00009079
 180    0.0000740  -0.00058073
 181    0.0000171  -0.00013680
 182    0.0000188  -0.00014691
 183    0.0000297  -0.00026406
 184    0.0000012  -0.00002661
 185    0.0000005  -0.00001169
 186    0.0000011  -0.00002455
 187    0.0000004  -0.00002495
 188    0.0000076  -0.00006895
 189    0.0000083  -0.00007083
 190    0.0000156  -0.00011429
 191    0.0000150  -0.00011487
 192    0.0000167  -0.00012420
 193    0.0000179  -0.00012836
 194    0.0000436  -0.00027184
 195    0.0000169  -0.00013077
 196    0.0000114  -0.00008599
 197    0.0000255  -0.00019679
 198    0.0000161  -0.00013356
 199    0.0000176  -0.00013080
 200    0.0000205  -0.00016685
 201    0.0000009  -0.00001265
 202    0.0000004  -0.00002937
 203    0.0000009  -0.00001443
 204    0.0000003  -0.00002639
 205    0.0000076  -0.00006790
 206    0.0000080  -0.00006918
 207    0.0000154  -0.00011368
 208    0.0000149  -0.00011015
 209    0.0000166  -0.00012475
 210    0.0000175  -0.00012387
 211    0.0000163  -0.00012901
 212    0.0000155  -0.00012603
 213    0.0000113  -0.00008187
 214    0.0000198  -0.00016050
 215    0.0000152  -0.00012703
 216    0.0000175  -0.00013088
 217    0.0000198  -0.00015277
 218    0.0000008  -0.00001125
 219    0.0000003  -0.00003353
 220    0.0000006  -0.00001434
 221    0.0000003  -0.00003203
 
----------------
 Final Energies 
----------------
Final NOF Total Energy =    -349.4840420
 
Total Orbital Internal Iterations = 1521
Total Occupation Internal Iterations = 540
 
Elapsed time:  438.78 Seconds

---------------------------------
   Lowdin Population Analysis    
---------------------------------
 Idx  Atom   Population   Charge 
---------------------------------
  1     F     9.061      -0.061
  2     O     7.940       0.060
  3     O     7.941       0.059
  4     F     9.058      -0.058

---------------------------------
   M Diagnostic: 0.03
---------------------------------

Recovering execution output...
Moving from /scratch/pobleyef/168568 to /home-nas/pobleyef/Poison-Set/ncwomax/P30-5/GNOFm02/arina.168568
mkdir -p /home-nas/pobleyef/Poison-Set/ncwomax/P30-5/GNOFm02/arina.168568
mv /scratch/pobleyef/168568/* /home-nas/pobleyef/Poison-Set/ncwomax/P30-5/GNOFm02/arina.168568
