W4-11_130_c2
/software/eb2024/easybuild/software/common/software/Julia/1.11.3-linux-x86_64/bin/julia
Job runing on nh005
Choosing scratch ...
Automatic scratch folder selection
/scratch/pobleyef/168565
/scratch/pobleyef/168565 directory
cp W4-11_130_c2.jl W4-11_130_c2.jld2 to  /scratch/pobleyef/168565/.
Computing Integrals
Elapsed time:    5.96 Seconds

Number of basis functions                   (NBF)    = 114
Number of auxiliary basis functions         (NBFAUX) = 150
Inactive Doubly occupied orbitals up to     (NO1)    = 0
No. considered Strongly Doubly occupied MOs (NDOC)   = 6
No. considered Strongly Singly occupied MOs (NSOC)   = 0
NO. of Weakly occ. per St. Doubly occ.  MOs (NCWO)   = 18
Dimension of the Nat. Orb. subspace         (NBF5)   = 114
No. of electrons                                     = 12
    No. of alpha electrons                           = 6
    No. of beta electrons                            = 6
Multiplicity                                         = 1

Geometry
========
 C       0.0000000       0.0000000       0.6200000
 C       0.0000000       0.0000000      -0.6200000

No violations of the orthonormality
No violations of the orthonormality
 
PNOF9/ADABelief Calculation
==================
 
  Nitext  Nit_orb  Time   Nit_occ  Time         Eelec          Etot           Ediff      maxdiff    MaxGrad_orb  Grad_occ
     1      10    2.9e+01   71    3.5e+01   -90.77039181   -75.40721396 -10089.77039181   0.039791   1.6e-01   1.9e-04 0.04
     2      20    2.8e+00   27    4.7e-01   -91.06416122   -75.70098338    -0.29376942   0.012868   5.2e-02   1.4e-04 0.03
     3      20    2.7e+00   13    2.9e-01   -91.07514552   -75.71196768    -0.01098430   0.009741   3.9e-02   2.1e-04 0.03
     4      20    2.7e+00   18    3.6e-01   -91.07857219   -75.71539434    -0.00342667   0.017779   7.1e-02   1.7e-04 0.03
     5      20    2.8e+00    8    2.4e-01   -91.08220303   -75.71902518    -0.00363084   0.013568   5.4e-02   2.0e-04 0.03
     6      20    2.8e+00   15    3.1e-01   -91.08383226   -75.72065442    -0.00162923   0.014822   5.9e-02   1.6e-04 0.03
     7      20    2.8e+00   11    2.7e-01   -91.08542195   -75.72224411    -0.00158969   0.012264   4.9e-02   1.9e-04 0.03
     8      20    2.9e+00    7    2.0e-01   -91.08661925   -75.72344141    -0.00119730   0.013666   5.5e-02   1.6e-04 0.03
     9      20    2.7e+00    7    2.2e-01   -91.08809221   -75.72491436    -0.00147296   0.009538   3.8e-02   1.3e-04 0.03
    10      20    2.8e+00    3    9.8e-02   -91.08912197   -75.72594412    -0.00102976   0.009464   3.8e-02   1.5e-04 0.03
    11      20    2.8e+00    3    8.5e-02   -91.09009668   -75.72691884    -0.00097472   0.014677   5.9e-02   1.8e-04 0.03
    12      20    2.8e+00    3    2.2e-01   -91.09066903   -75.72749119    -0.00057235   0.009684   3.9e-02   1.8e-04 0.03
    13      20    2.8e+00    5    1.4e-01   -91.09141029   -75.72823244    -0.00074125   0.015267   6.1e-02   1.6e-04 0.03
    14      20    2.7e+00    1    2.7e-02   -91.09178978   -75.72861194    -0.00037949   0.009394   3.8e-02   2.2e-04 0.03
    15      20    2.6e+00    3    6.5e-02   -91.09226157   -75.72908373    -0.00047179   0.012941   5.2e-02   1.7e-04 0.03
    16      20    2.7e+00    0    2.1e-02   -91.09228214   -75.72910430    -0.00002057   0.012941   5.2e-02   1.7e-04 0.03
    17      40    5.6e+00    3    1.4e-01   -91.09336249   -75.73018465    -0.00108035   0.002391   9.6e-03   1.9e-04 0.03
    18      40    5.4e+00    1    2.8e-02   -91.09364591   -75.73046807    -0.00028342   0.001660   6.6e-03   2.4e-04 0.03
    19      40    5.3e+00    5    1.9e-01   -91.09376702   -75.73058918    -0.00012111   0.002056   8.2e-03   2.2e-04 0.03
    20      40    5.3e+00    3    1.3e-01   -91.09388845   -75.73071061    -0.00012143   0.002375   9.5e-03   1.7e-04 0.03
    21      40    5.6e+00    1    3.7e-02   -91.09392282   -75.73074498    -0.00003437   0.002854   1.1e-02   1.9e-04 0.03
    22      40    5.3e+00    5    1.7e-01   -91.09395638   -75.73077854    -0.00003356   0.002025   8.1e-03   2.1e-04 0.03
    23      40    5.3e+00    1    6.9e-02   -91.09398077   -75.73080292    -0.00002438   0.002148   8.6e-03   1.6e-04 0.03
    24      40    5.3e+00    5    2.0e-01   -91.09399382   -75.73081598    -0.00001305   0.001969   7.9e-03   1.8e-04 0.03
    25      40    5.6e+00    1    3.9e-02   -91.09401520   -75.73083736    -0.00002138   0.002244   9.0e-03   1.1e-04 0.03
    26      40    5.4e+00    0    2.6e-02   -91.09402323   -75.73084539    -0.00000803   0.002228   8.9e-03   2.0e-04 0.03
    27      50    6.7e+00    1    3.6e-02   -91.09403868   -75.73086084    -0.00001545   0.001551   6.2e-03   1.7e-04 0.03
    28      50    7.0e+00    0    2.2e-02   -91.09403935   -75.73086150    -0.00000066   0.001763   7.1e-03   1.9e-04 0.03
    29      60    8.2e+00    0    2.7e-02   -91.09404741   -75.73086957    -0.00000806   0.001490   6.0e-03   1.8e-04 0.03
    30      70    9.5e+00    4    7.4e-02   -91.09405224   -75.73087440    -0.00000483   0.001294   5.2e-03   1.1e-04 0.03
    31      70    9.3e+00    0    2.2e-02   -91.09406165   -75.73088381    -0.00000941   0.001509   6.0e-03   1.5e-04 0.03
    32      80    1.1e+01    1    3.3e-02   -91.09406781   -75.73088996    -0.00000615   0.001116   4.5e-03   1.5e-04 0.03
    33      80    1.1e+01    0    2.2e-02   -91.09407058   -75.73089274    -0.00000278   0.001077   4.3e-03   1.6e-04 0.03
    34      90    1.2e+01    0    2.2e-02   -91.09407615   -75.73089831    -0.00000557   0.000928   3.7e-03   1.7e-04 0.03
 
RESULTS OF THE OCCUPATION OPTIMIZATION
========================================
   1    1.9998425  -11.34233052
   2    1.9998358  -11.34021836
   3    1.9844848  -1.02545955
   4    1.9762931  -0.56438540
   5    1.9723796  -0.53496962
   6    1.9730616  -0.51801469
   7    0.0210369  -0.02801875
   8    0.0258927  -0.03121321
   9    0.0140120  -0.02179801
  10    0.0053289  -0.01409851
  11    0.0001518  -0.00288214
  12    0.0001506  -0.00286841
  13    0.0024181  -0.00455226
  14    0.0006194  -0.00127440
  15    0.0033321  -0.00648870
  16    0.0032089  -0.01094426
  17    0.0000020  -0.00012085
  18    0.0000014  -0.00009645
  19    0.0011099  -0.00220003
  20    0.0005544  -0.00112673
  21    0.0027743  -0.00535339
  22    0.0021539  -0.00745345
  23    0.0000010  -0.00001793
  24    0.0000008  -0.00002113
  25    0.0007948  -0.00187592
  26    0.0000906  -0.00023210
  27    0.0021328  -0.00415670
  28    0.0011800  -0.00307881
  29    0.0000009  -0.00001735
  30    0.0000005  -0.00000570
  31    0.0003269  -0.00083924
  32    0.0000820  -0.00023777
  33    0.0008805  -0.00241395
  34    0.0010807  -0.00400578
  35    0.0000008  -0.00001507
  36    0.0000005  -0.00000417
  37    0.0002798  -0.00072669
  38    0.0000682  -0.00018283
  39    0.0001581  -0.00045005
  40    0.0008525  -0.00289950
  41    0.0000007  -0.00001491
  42    0.0000004  -0.00000332
  43    0.0002731  -0.00071987
  44    0.0000647  -0.00018482
  45    0.0001046  -0.00029450
  46    0.0008337  -0.00269495
  47    0.0000007  -0.00001312
  48    0.0000003  -0.00000222
  49    0.0002115  -0.00051753
  50    0.0000523  -0.00017272
  51    0.0000823  -0.00023603
  52    0.0002599  -0.00080782
  53    0.0000007  -0.00001100
  54    0.0000003  -0.00000179
  55    0.0002066  -0.00050811
  56    0.0000478  -0.00014796
  57    0.0000635  -0.00019266
  58    0.0001198  -0.00040811
  59    0.0000007  -0.00001009
  60    0.0000003  -0.00000149
  61    0.0001226  -0.00029408
  62    0.0000418  -0.00014175
  63    0.0000472  -0.00016201
  64    0.0001118  -0.00037688
  65    0.0000006  -0.00001111
  66    0.0000003  -0.00000166
  67    0.0000592  -0.00018014
  68    0.0000317  -0.00011356
  69    0.0000276  -0.00009950
  70    0.0001035  -0.00038753
  71    0.0000006  -0.00000892
  72    0.0000003  -0.00000157
  73    0.0000196  -0.00007917
  74    0.0000147  -0.00005502
  75    0.0000247  -0.00008265
  76    0.0000772  -0.00026626
  77    0.0000006  -0.00000765
  78    0.0000003  -0.00000124
  79    0.0000174  -0.00006474
  80    0.0000125  -0.00005442
  81    0.0000148  -0.00005723
  82    0.0000746  -0.00025287
  83    0.0000006  -0.00000735
  84    0.0000003  -0.00000096
  85    0.0000155  -0.00006092
  86    0.0000116  -0.00004701
  87    0.0000122  -0.00004945
  88    0.0000532  -0.00018280
  89    0.0000005  -0.00001746
  90    0.0000003  -0.00000089
  91    0.0000151  -0.00005106
  92    0.0000104  -0.00003754
  93    0.0000112  -0.00004049
  94    0.0000267  -0.00013830
  95    0.0000005  -0.00000567
  96    0.0000003  -0.00000086
  97    0.0000116  -0.00004045
  98    0.0000099  -0.00003632
  99    0.0000101  -0.00003927
 100    0.0000188  -0.00010025
 101    0.0000005  -0.00000494
 102    0.0000003  -0.00000043
 103    0.0000110  -0.00003478
 104    0.0000084  -0.00003528
 105    0.0000099  -0.00003603
 106    0.0000166  -0.00015941
 107    0.0000005  -0.00000470
 108    0.0000003  -0.00000053
 109    0.0000088  -0.00003189
 110    0.0000074  -0.00002993
 111    0.0000090  -0.00003659
 112    0.0000144  -0.00018030
 113    0.0000005  -0.00000463
 114    0.0000002  -0.00000019
 
----------------
 Final Energies 
----------------
Final NOF Total Energy =     -75.7308983
 
Total Orbital Internal Iterations = 1260
Total Occupation Internal Iterations = 226
 
Elapsed time:  259.44 Seconds

---------------------------------
   Lowdin Population Analysis    
---------------------------------
 Idx  Atom   Population   Charge 
---------------------------------
  1     C     5.999       0.001
  2     C     6.001      -0.001

---------------------------------
   M Diagnostic: 0.03
---------------------------------

Recovering execution output...
Moving from /scratch/pobleyef/168565 to /home-nas/pobleyef/Poison-Set/ncwomax/P30-5/GNOFm02/arina.168565
mkdir -p /home-nas/pobleyef/Poison-Set/ncwomax/P30-5/GNOFm02/arina.168565
mv /scratch/pobleyef/168565/* /home-nas/pobleyef/Poison-Set/ncwomax/P30-5/GNOFm02/arina.168565
