W4-11_134_fo2
/software/eb2024/easybuild/software/common/software/Julia/1.11.3-linux-x86_64/bin/julia
Job runing on nagpu01
Choosing scratch ...
Automatic scratch folder selection
/scratch/pobleyef/168566
/scratch/pobleyef/168566 directory
cp W4-11_134_fo2.jl W4-11_134_fo2.jld2 to  /scratch/pobleyef/168566/.
Computing Integrals
Elapsed time:    8.29 Seconds

Number of basis functions                   (NBF)    = 171
Number of auxiliary basis functions         (NBFAUX) = 231
Inactive Doubly occupied orbitals up to     (NO1)    = 0
No. considered Strongly Doubly occupied MOs (NDOC)   = 12
No. considered Strongly Singly occupied MOs (NSOC)   = 1
NO. of Weakly occ. per St. Doubly occ.  MOs (NCWO)   = 13
Dimension of the Nat. Orb. subspace         (NBF5)   = 169
No. of electrons                                     = 25
    No. of alpha electrons                           = 13
    No. of beta electrons                            = 12
Multiplicity                                         = 2

Geometry
========
 F      -1.0111950      -0.7062760       0.0000000
 O       0.0000000       0.5752150       0.0000000
 O       1.1375950       0.2193450       0.0000000

No violations of the orthonormality
No violations of the orthonormality
 
PNOF9/ADABelief Calculation
==================
 
  Nitext  Nit_orb  Time   Nit_occ  Time         Eelec          Etot           Ediff      maxdiff    MaxGrad_orb  Grad_occ
     1      10    4.1e+01  114    2.3e+01  -317.10025285  -249.06225272 -10316.10025285   0.004832   1.9e-02   1.8e-04 0.03
     2      20    4.9e+01   61    1.5e+00  -317.74595712  -249.70795699    -0.64570427   0.193955   7.8e-01   2.3e-04 0.03
     3      20    4.9e+01   41    1.1e+00  -317.78782628  -249.74982615    -0.04186917   0.442159   1.8e+00   1.9e-04 0.03
     4      20    4.7e+01   20    5.6e-01  -317.80235942  -249.76435929    -0.01453314   0.041540   1.7e-01   2.5e-04 0.03
     5      20    5.1e+01   30    7.8e-01  -317.81095504  -249.77295491    -0.00859562   0.036578   1.5e-01   2.2e-04 0.03
     6      20    4.9e+01   26    7.1e-01  -317.81812001  -249.78011988    -0.00716497   0.027875   1.1e-01   2.5e-04 0.03
     7      20    4.8e+01   12    3.7e-01  -317.82290623  -249.78490610    -0.00478622   0.023530   9.4e-02   2.7e-04 0.03
     8      20    5.0e+01   19    5.4e-01  -317.82712162  -249.78912149    -0.00421539   0.027088   1.1e-01   2.1e-04 0.03
     9      20    4.9e+01   11    3.2e-01  -317.82884174  -249.79084161    -0.00172012   0.026110   1.0e-01   2.7e-04 0.03
    10      20    5.0e+01   20    5.9e-01  -317.83116763  -249.79316750    -0.00232589   0.017209   6.9e-02   2.1e-04 0.03
    11      20    4.8e+01   10    3.5e-01  -317.83268037  -249.79468025    -0.00151275   0.035270   1.4e-01   2.0e-04 0.03
    12      20    5.0e+01    0    8.3e-02  -317.83276920  -249.79476907    -0.00008883   0.035270   1.4e-01   2.0e-04 0.03
    13      40    9.8e+01   10    3.7e-01  -317.83766755  -249.79966742    -0.00489835   0.003621   1.4e-02   2.0e-04 0.03
    14      40    9.8e+01   13    5.1e-01  -317.83787777  -249.79987764    -0.00021022   0.004489   1.8e-02   1.7e-04 0.03
    15      40    9.8e+01    9    3.2e-01  -317.83828664  -249.80028651    -0.00040887   0.003019   1.2e-02   2.1e-04 0.03
    16      40    1.0e+02    4    2.2e-01  -317.83848409  -249.80048396    -0.00019745   0.003574   1.4e-02   2.3e-04 0.03
    17      40    1.0e+02    9    3.4e-01  -317.83867148  -249.80067136    -0.00018740   0.004008   1.6e-02   1.8e-04 0.03
    18      40    9.3e+01    0    7.6e-02  -317.83882496  -249.80082483    -0.00015347   0.003634   1.5e-02   3.3e-04 0.03
    19      50    1.1e+02   10    3.3e-01  -317.83901549  -249.80101536    -0.00019053   0.003854   1.5e-02   1.9e-04 0.03
    20      50    1.1e+02   10    3.2e-01  -317.83912516  -249.80112503    -0.00010967   0.003720   1.5e-02   1.6e-04 0.03
    21      50    1.1e+02    1    1.2e-01  -317.83928539  -249.80128526    -0.00016023   0.003172   1.3e-02   3.4e-04 0.03
    22      50    1.1e+02   10    3.3e-01  -317.83934383  -249.80134371    -0.00005844   0.003522   1.4e-02   1.8e-04 0.03
    23      50    1.1e+02    4    1.7e-01  -317.83951764  -249.80151751    -0.00017380   0.003040   1.2e-02   2.2e-04 0.03
    24      50    1.1e+02    9    2.8e-01  -317.83958438  -249.80158425    -0.00006674   0.002714   1.1e-02   1.5e-04 0.03
    25      50    1.1e+02    5    1.8e-01  -317.83969616  -249.80169603    -0.00011178   0.003134   1.3e-02   2.0e-04 0.03
    26      50    1.1e+02   10    3.7e-01  -317.83974249  -249.80174236    -0.00004633   0.003368   1.3e-02   1.2e-04 0.03
    27      50    1.1e+02    5    1.8e-01  -317.83982074  -249.80182061    -0.00007824   0.002516   1.0e-02   1.4e-04 0.03
    28      50    1.1e+02    1    5.7e-02  -317.83987284  -249.80187272    -0.00005211   0.003238   1.3e-02   2.6e-04 0.03
    29      50    1.2e+02    4    1.9e-01  -317.83990417  -249.80190404    -0.00003133   0.002811   1.1e-02   1.8e-04 0.03
    30      50    1.1e+02    7    2.4e-01  -317.83992253  -249.80192240    -0.00001836   0.003852   1.5e-02   1.9e-04 0.03
    31      50    1.1e+02    0    5.9e-02  -317.83996884  -249.80196871    -0.00004631   0.004050   1.6e-02   2.3e-04 0.03
    32      60    1.3e+02    0    1.1e-01  -317.84002786  -249.80202773    -0.00005903   0.003005   1.2e-02   1.9e-04 0.03
    33      70    1.5e+02    4    2.0e-01  -317.84006939  -249.80206926    -0.00004152   0.003235   1.3e-02   2.8e-04 0.03
    34      70    1.5e+02    0    6.9e-02  -317.84008589  -249.80208577    -0.00001651   0.002293   9.2e-03   2.4e-04 0.03
    35      80    1.8e+02    0    5.6e-02  -317.84011536  -249.80211523    -0.00002946   0.002123   8.5e-03   2.6e-04 0.03
    36      90    2.0e+02    0    8.6e-02  -317.84012714  -249.80212702    -0.00001179   0.001579   6.3e-03   2.5e-04 0.03
    37     100    2.3e+02    6    2.4e-01  -317.84014365  -249.80214352    -0.00001650   0.001440   5.8e-03   2.4e-04 0.03
    38     100    2.2e+02    0    4.4e-02  -317.84019840  -249.80219827    -0.00005475   0.001368   5.5e-03   2.4e-04 0.03
    39     110    2.5e+02    0    5.9e-02  -317.84021424  -249.80221411    -0.00001584   0.001337   5.3e-03   2.5e-04 0.03
    40     120    2.7e+02   10    3.7e-01  -317.84022085  -249.80222072    -0.00000662   0.001185   4.7e-03   1.2e-04 0.03
 
RESULTS OF THE OCCUPATION OPTIMIZATION
========================================
   1    1.9999684  -24.18111609
   2    1.9999661  -22.86878821
   3    1.9999504  -20.95028984
   4    1.9895948  -1.63147121
   5    1.9892460  -1.56769763
   6    1.9861631  -1.24573454
   7    1.9758577  -0.91452640
   8    1.9802003  -0.80896364
   9    1.9827313  -0.75875728
  10    1.9830567  -0.69632008
  11    1.9828752  -0.69622728
  12    1.9692752  -0.64649037
  13    1.0000000  -0.33217796
  14    0.0304479  -0.07158870
  15    0.0084682  -0.01919642
  16    0.0089534  -0.01968341
  17    0.0059751  -0.01344385
  18    0.0066673  -0.01422785
  19    0.0222117  -0.04989261
  20    0.0068251  -0.01969291
  21    0.0042236  -0.01603406
  22    0.0064001  -0.02289688
  23    0.0000195  -0.00074563
  24    0.0000093  -0.00036647
  25    0.0000241  -0.00101876
  26    0.0000876  -0.00044362
  27    0.0034356  -0.00948458
  28    0.0031493  -0.00831346
  29    0.0037613  -0.00872475
  30    0.0039710  -0.00880816
  31    0.0013167  -0.00448073
  32    0.0033273  -0.00866856
  33    0.0031148  -0.00934334
  34    0.0021688  -0.00711104
  35    0.0000047  -0.00008694
  36    0.0000042  -0.00008344
  37    0.0000027  -0.00005972
  38    0.0000561  -0.00033828
  39    0.0032407  -0.00873173
  40    0.0029300  -0.00776410
  41    0.0032012  -0.00767896
  42    0.0037736  -0.00842110
  43    0.0001495  -0.00060828
  44    0.0010366  -0.00350313
  45    0.0013718  -0.00490152
  46    0.0005535  -0.00301162
  47    0.0000037  -0.00006760
  48    0.0000037  -0.00007395
  49    0.0000010  -0.00002399
  50    0.0000441  -0.00025155
  51    0.0009840  -0.00405948
  52    0.0006202  -0.00241021
  53    0.0031518  -0.00741070
  54    0.0022068  -0.00660925
  55    0.0001250  -0.00058199
  56    0.0008885  -0.00307995
  57    0.0005449  -0.00465595
  58    0.0004314  -0.00511218
  59    0.0000034  -0.00006136
  60    0.0000031  -0.00006044
  61    0.0000008  -0.00001302
  62    0.0000263  -0.00014001
  63    0.0002630  -0.00104013
  64    0.0002720  -0.00109648
  65    0.0005063  -0.00166836
  66    0.0020529  -0.00534339
  67    0.0000988  -0.00048365
  68    0.0005212  -0.00189483
  69    0.0004107  -0.00419227
  70    0.0002860  -0.00125987
  71    0.0000032  -0.00005728
  72    0.0000029  -0.00005391
  73    0.0000006  -0.00001092
  74    0.0000106  -0.00008437
  75    0.0002232  -0.00089742
  76    0.0002693  -0.00109071
  77    0.0003230  -0.00113086
  78    0.0002261  -0.00074188
  79    0.0000852  -0.00044996
  80    0.0003511  -0.00188350
  81    0.0003261  -0.00127246
  82    0.0002030  -0.00095665
  83    0.0000030  -0.00005463
  84    0.0000028  -0.00005474
  85    0.0000005  -0.00000641
  86    0.0000085  -0.00007560
  87    0.0002221  -0.00092329
  88    0.0002522  -0.00101527
  89    0.0002240  -0.00084610
  90    0.0002165  -0.00075001
  91    0.0000806  -0.00041695
  92    0.0003348  -0.00151558
  93    0.0002936  -0.00114200
  94    0.0001908  -0.00098813
  95    0.0000028  -0.00005779
  96    0.0000024  -0.00004839
  97    0.0000004  -0.00001163
  98    0.0000082  -0.00007453
  99    0.0001885  -0.00081912
 100    0.0002282  -0.00091970
 101    0.0000382  -0.00023473
 102    0.0001843  -0.00065950
 103    0.0000185  -0.00011755
 104    0.0002475  -0.00090781
 105    0.0001655  -0.00074642
 106    0.0000805  -0.00108777
 107    0.0000024  -0.00004877
 108    0.0000019  -0.00006449
 109    0.0000003  -0.00003004
 110    0.0000075  -0.00007106
 111    0.0000343  -0.00021842
 112    0.0002019  -0.00081809
 113    0.0000216  -0.00015373
 114    0.0001673  -0.00062200
 115    0.0000118  -0.00008457
 116    0.0001838  -0.00072371
 117    0.0001361  -0.00065438
 118    0.0000235  -0.00016923
 119    0.0000021  -0.00004520
 120    0.0000015  -0.00003657
 121    0.0000003  -0.00002918
 122    0.0000074  -0.00007052
 123    0.0000193  -0.00012818
 124    0.0000183  -0.00012948
 125    0.0000182  -0.00012502
 126    0.0001562  -0.00061159
 127    0.0000115  -0.00007930
 128    0.0000578  -0.00043553
 129    0.0000960  -0.00067661
 130    0.0000171  -0.00012869
 131    0.0000016  -0.00005115
 132    0.0000008  -0.00001414
 133    0.0000003  -0.00000467
 134    0.0000073  -0.00006893
 135    0.0000168  -0.00011929
 136    0.0000169  -0.00011659
 137    0.0000170  -0.00011657
 138    0.0001493  -0.00057609
 139    0.0000114  -0.00007985
 140    0.0000235  -0.00015617
 141    0.0000262  -0.00015602
 142    0.0000171  -0.00012835
 143    0.0000013  -0.00003238
 144    0.0000005  -0.00000851
 145    0.0000003  -0.00000243
 146    0.0000070  -0.00006247
 147    0.0000146  -0.00010195
 148    0.0000164  -0.00011405
 149    0.0000157  -0.00011510
 150    0.0000144  -0.00009841
 151    0.0000109  -0.00008098
 152    0.0000221  -0.00014599
 153    0.0000238  -0.00016959
 154    0.0000168  -0.00013886
 155    0.0000011  -0.00002493
 156    0.0000004  -0.00000484
 157    0.0000002  -0.00000267
 158    0.0000064  -0.00005852
 159    0.0000144  -0.00010115
 160    0.0000154  -0.00010603
 161    0.0000151  -0.00010954
 162    0.0000140  -0.00009733
 163    0.0000107  -0.00007940
 164    0.0000175  -0.00011961
 165    0.0000208  -0.00015761
 166    0.0000165  -0.00013792
 167    0.0000007  -0.00001388
 168    0.0000004  -0.00004247
 169    0.0000001  -0.00000146
 
----------------
 Final Energies 
----------------
Final NOF Total Energy =    -249.8022207
 
Total Orbital Internal Iterations = 1920
Total Occupation Internal Iterations = 505
 
Elapsed time: 4620.77 Seconds

---------------------------------
   Lowdin Population Analysis    
---------------------------------
 Idx  Atom   Population   Charge 
---------------------------------
  1     F     9.169      -0.169
  2     O     7.914       0.086
  3     O     7.917       0.083

---------------------------------
   M Diagnostic: 0.03
---------------------------------

Recovering execution output...
Moving from /scratch/pobleyef/168566 to /home-nas/pobleyef/Poison-Set/ncwomax/P30-5/GNOFm02/arina.168566
mkdir -p /home-nas/pobleyef/Poison-Set/ncwomax/P30-5/GNOFm02/arina.168566
mv /scratch/pobleyef/168566/* /home-nas/pobleyef/Poison-Set/ncwomax/P30-5/GNOFm02/arina.168566
