ALKBDE10-mg
/software/eb2024/easybuild/software/common/software/Julia/1.11.3-linux-x86_64/bin/julia
Job runing on na11
Choosing scratch ...
Automatic scratch folder selection
/scratch/pobleyef/283684
/scratch/pobleyef/283684 directory
cp ALKBDE10-mg.jl ALKBDE10-mg.jld2 to  /scratch/pobleyef/283684/.
ALKBDE10-mg_C.jld2 not found
ALKBDE10-mg_n.jld2 not found
Computing Integrals
Basis Set                                            = def2-qzvp
Auxiliary Basis Set                                  = def2-universal-jkfit
Gaussian Type                                        = Spherical
Elapsed time:    3.66 Seconds

Number of basis functions                   (NBF)    = 51
Number of auxiliary basis functions         (NBFAUX) = 112
Inactive Doubly occupied orbitals up to     (NO1)    = 0
No. considered Strongly Doubly occupied MOs (NDOC)   = 6
No. considered Strongly Singly occupied MOs (NSOC)   = 0
NO. of Weakly occ. per St. Doubly occ.  MOs (NCWO)   = 1
Dimension of the Nat. Orb. subspace         (NBF5)   = 12
No. of electrons                                     = 12
    No. of alpha electrons                           = 6
    No. of beta electrons                            = 6
Multiplicity                                         = 1

Geometry
========
Mg       0.0000000       0.0000000       0.0000000

No violations of the orthonormality
No violations of the orthonormality
 
PNOF8/ADABelief Calculation
==================
 
  Nitext  Nit_orb  Time   Nit_occ  Time         Eelec          Etot           Ediff      maxdiff    MaxGrad_orb  Grad_occ
     1      10    1.7e+01    5    2.1e+01  -197.82098665  -197.82098665 -10196.82098665   0.800061   3.2e+00   3.9e-05 0.00
     2      10    1.2e-02    4    1.0e-03  -198.99435137  -198.99435137    -1.17336472   0.192717   7.7e-01   5.2e-05 0.00
     3      10    1.1e-02    5    6.4e-04  -199.37008289  -199.37008289    -0.37573153   0.156252   6.3e-01   1.3e-04 0.00
     4      10    2.0e-02    5    5.8e-04  -199.47667011  -199.47667011    -0.10658722   0.194799   7.8e-01   8.2e-05 0.01
     5      10    9.9e-03    3    5.6e-04  -199.52906236  -199.52906236    -0.05239225   0.171277   6.9e-01   1.1e-04 0.01
     6      10    1.5e-02    2    6.3e-04  -199.54684493  -199.54684493    -0.01778257   0.147895   5.9e-01   1.8e-04 0.01
     7      10    9.6e-03    2    4.5e-04  -199.56568619  -199.56568619    -0.01884126   0.257317   1.0e+00   1.3e-04 0.01
     8      10    1.0e-02    2    4.8e-04  -199.58629839  -199.58629839    -0.02061219   0.191946   7.7e-01   1.1e-04 0.01
     9      10    1.3e-02    3    5.1e-04  -199.60678103  -199.60678103    -0.02048264   0.218705   8.7e-01   1.1e-04 0.01
    10      10    1.4e-02    1    4.9e-04  -199.62470507  -199.62470507    -0.01792404   0.237936   9.5e-01   1.1e-04 0.01
    11      10    9.2e-03    1    6.3e-04  -199.64637584  -199.64637584    -0.02167076   0.258587   1.0e+00   1.3e-04 0.01
    12      10    1.4e-02    1    4.0e-04  -199.65979430  -199.65979430    -0.01341846   0.224833   9.0e-01   1.3e-04 0.01
    13      10    1.4e-02    1    8.2e-04  -199.66218160  -199.66218160    -0.00238729   0.285829   1.1e+00   1.3e-04 0.01
    14      10    1.5e-02    1    9.3e-04  -199.67133969  -199.67133969    -0.00915810   0.209907   8.4e-01   1.1e-04 0.01
    15      10    9.9e-03    1    4.1e-04  -199.68728241  -199.68728241    -0.01594272   0.249748   1.0e+00   1.3e-04 0.01
    16      10    1.5e-02    0    7.7e-04  -199.68729837  -199.68729837    -0.00001596   0.249748   1.0e+00   1.3e-04 0.01
    17      30    4.2e-02    1    5.3e-04  -199.72643802  -199.72643802    -0.03913965   0.036863   1.5e-01   8.9e-05 0.01
    18      30    3.4e-02    2    3.7e-03  -199.74385479  -199.74385479    -0.01741677   0.035814   1.4e-01   1.0e-04 0.01
    19      30    3.5e-02    1    3.9e-04  -199.75450114  -199.75450114    -0.01064635   0.027367   1.1e-01   1.2e-04 0.01
    20      30    4.1e-02    2    5.4e-04  -199.76028394  -199.76028394    -0.00578280   0.021147   8.5e-02   6.5e-05 0.01
    21      30    3.4e-02    0    4.6e-04  -199.76371056  -199.76371056    -0.00342662   0.013999   5.6e-02   1.2e-04 0.01
    22      40    4.3e-02    1    6.1e-04  -199.76565487  -199.76565487    -0.00194431   0.008885   3.6e-02   8.5e-05 0.01
    23      40    4.5e-02    0    8.4e-04  -199.76625960  -199.76625960    -0.00060473   0.010041   4.0e-02   1.3e-04 0.01
    24      50    5.9e-02    0    1.5e-03  -199.76649636  -199.76649636    -0.00023676   0.006737   2.7e-02   1.5e-04 0.01
    25      60    7.3e-02    0    3.6e-04  -199.76662186  -199.76662186    -0.00012550   0.004505   1.8e-02   1.6e-04 0.01
    26      70    8.0e-02    0    5.3e-04  -199.76664068  -199.76664068    -0.00001883   0.003205   1.3e-02   1.7e-04 0.01
    27      80    9.4e-02    1    1.1e-03  -199.76667646  -199.76667646    -0.00003577   0.002477   9.9e-03   6.1e-05 0.01
    28      80    9.7e-02    0    5.7e-04  -199.76668856  -199.76668856    -0.00001210   0.002171   8.7e-03   8.8e-05 0.01
    29      90    1.1e-01    0    5.9e-04  -199.76665398  -199.76665398     0.00003458   0.002604   1.0e-02   1.0e-04 0.01
    30      88    9.5e-02    0    6.8e-04  -199.76673511  -199.76673511    -0.00008113   0.000486   1.9e-03   9.5e-05 0.01
 
RESULTS OF THE OCCUPATION OPTIMIZATION
========================================
   1    1.9999285  -49.05361283
   2    1.9976111  -3.78891591
   3    1.9967359  -2.08308717
   4    1.9966543  -1.98229269
   5    1.9966045  -1.95166771
   6    1.9920330  -1.15921844
   7    0.0079670  -0.02948149
   8    0.0033955  -0.01438821
   9    0.0033457  -0.01439059
  10    0.0032641  -0.01446742
  11    0.0023889  -0.01374681
  12    0.0000715  -0.00649220
 
----------------
 Final Energies 
----------------
Final NOF Total Energy =    -199.7667351
 
Total Orbital Internal Iterations = 908
Total Occupation Internal Iterations = 45
 
Elapsed time:   50.89 Seconds

---------------------------------
   Lowdin Population Analysis    
---------------------------------
 Idx  Atom   Population   Charge 
---------------------------------
  1    Mg    12.000      -0.000

---------------------------------
   M Diagnostic: 0.01
---------------------------------

Recovering execution output...
Moving from /scratch/pobleyef/283684 to /home-nas/pobleyef/Poison-NOF/ncwo1/P30-5/GNOFm25/arina.283684
mkdir -p /home-nas/pobleyef/Poison-NOF/ncwo1/P30-5/GNOFm25/arina.283684
mv /scratch/pobleyef/283684/* /home-nas/pobleyef/Poison-NOF/ncwo1/P30-5/GNOFm25/arina.283684
