ALKBDE10-ca
/software/eb2024/easybuild/software/common/software/Julia/1.11.3-linux-x86_64/bin/julia
Job runing on na14
Choosing scratch ...
Automatic scratch folder selection
/scratch/pobleyef/283682
/scratch/pobleyef/283682 directory
cp ALKBDE10-ca.jl ALKBDE10-ca.jld2 to  /scratch/pobleyef/283682/.
ALKBDE10-ca_C.jld2 not found
ALKBDE10-ca_n.jld2 not found
Computing Integrals
Basis Set                                            = def2-qzvp
Auxiliary Basis Set                                  = def2-universal-jkfit
Gaussian Type                                        = Spherical
Elapsed time:    2.55 Seconds

Number of basis functions                   (NBF)    = 56
Number of auxiliary basis functions         (NBFAUX) = 160
Inactive Doubly occupied orbitals up to     (NO1)    = 0
No. considered Strongly Doubly occupied MOs (NDOC)   = 10
No. considered Strongly Singly occupied MOs (NSOC)   = 0
NO. of Weakly occ. per St. Doubly occ.  MOs (NCWO)   = 1
Dimension of the Nat. Orb. subspace         (NBF5)   = 20
No. of electrons                                     = 20
    No. of alpha electrons                           = 10
    No. of beta electrons                            = 10
Multiplicity                                         = 1

Geometry
========
Ca       0.0000000       0.0000000       0.0000000

No violations of the orthonormality
No violations of the orthonormality
 
PNOF8/ADABelief Calculation
==================
 
  Nitext  Nit_orb  Time   Nit_occ  Time         Eelec          Etot           Ediff      maxdiff    MaxGrad_orb  Grad_occ
     1      10    1.8e+01    9    2.3e+01  -660.69190463  -660.69190463 -10659.69190463   1.530881   6.1e+00   1.3e-04 0.00
     2      10    9.4e-02   22    4.5e-02  -666.41382841  -666.41382841    -5.72192378   0.968927   3.9e+00   1.4e-04 0.05
     3      10    2.9e-02   16    1.6e-02  -671.13604409  -671.13604409    -4.72221568   0.795322   3.2e+00   1.7e-02 0.07
     4      10    3.0e-02    7    2.9e-03  -675.14970635  -675.14970635    -4.01366226   0.622527   2.5e+00   1.8e-04 0.07
     5      10    2.7e-02    6    2.4e-03  -676.16114067  -676.16114067    -1.01143432   0.398550   1.6e+00   1.8e-04 0.05
     6      10    2.9e-02    8    2.3e-03  -676.50135150  -676.50135150    -0.34021082   0.514934   2.1e+00   1.1e-04 0.05
     7      10    2.7e-02    5    1.2e-03  -676.68890882  -676.68890882    -0.18755732   0.528268   2.1e+00   1.9e-04 0.05
     8      10    2.7e-02    7    2.0e-03  -676.72889372  -676.72889372    -0.03998490   0.640786   2.6e+00   6.6e-05 0.04
     9      10    3.4e-02    6    2.5e-03  -676.77529231  -676.77529231    -0.04639859   0.606818   2.4e+00   8.1e-05 0.04
    10      10    3.5e-02    5    1.7e-03  -676.78533668  -676.78533668    -0.01004436   0.610946   2.4e+00   1.6e-04 0.04
    11      10    3.0e-02    5    1.1e-03  -676.80767430  -676.80767430    -0.02233762   0.484181   1.9e+00   1.4e-04 0.04
    12      10    3.9e-02    0    7.2e-03  -676.80772106  -676.80772106    -0.00004676   0.484181   1.9e+00   1.4e-04 0.04
    13      30    8.2e-02    6    1.8e-03  -676.91635535  -676.91635535    -0.10863430   0.025212   1.0e-01   1.7e-04 0.04
    14      30    7.0e-02    6    2.8e-03  -676.93298218  -676.93298218    -0.01662682   0.028274   1.1e-01   2.1e-04 0.04
    15      30    9.4e-02    6    1.6e-03  -676.95513027  -676.95513027    -0.02214810   0.038210   1.5e-01   1.3e-04 0.03
    16      30    7.0e-02    6    1.6e-03  -676.98330865  -676.98330865    -0.02817837   0.039340   1.6e-01   1.1e-04 0.03
    17      30    7.1e-02    5    6.0e-03  -677.01106874  -677.01106874    -0.02776010   0.030083   1.2e-01   2.0e-04 0.03
    18      30    7.7e-02    5    1.1e-03  -677.03959175  -677.03959175    -0.02852301   0.020988   8.4e-02   1.2e-04 0.03
    19      30    7.9e-02    2    1.9e-03  -677.07029185  -677.07029185    -0.03070010   0.016990   6.8e-02   2.7e-04 0.03
    20      30    8.6e-02    4    6.3e-03  -677.09999574  -677.09999574    -0.02970389   0.017280   6.9e-02   2.0e-04 0.03
    21      30    7.9e-02    1    3.9e-03  -677.12236651  -677.12236651    -0.02237077   0.018087   7.2e-02   1.4e-04 0.03
    22      30    1.1e-01    1    1.6e-03  -677.13606327  -677.13606327    -0.01369676   0.014358   5.7e-02   1.2e-04 0.03
    23      30    7.9e-02    1    6.7e-03  -677.14221688  -677.14221688    -0.00615361   0.015896   6.4e-02   1.1e-04 0.03
    24      30    1.0e-01    1    1.5e-03  -677.14471783  -677.14471783    -0.00250096   0.016917   6.8e-02   1.1e-04 0.03
    25      30    2.2e-01    1    3.8e-03  -677.14579709  -677.14579709    -0.00107926   0.014012   5.6e-02   1.0e-04 0.03
    26      30    1.3e-01    1    1.4e-03  -677.14599394  -677.14599394    -0.00019685   0.016764   6.7e-02   1.0e-04 0.03
    27      30    1.3e-01    1    1.5e-03  -677.14603878  -677.14603878    -0.00004484   0.020014   8.0e-02   9.0e-05 0.03
    28      30    8.0e-02    0    1.7e-03  -677.14603921  -677.14603921    -0.00000043   0.020014   8.0e-02   9.0e-05 0.03
    29      50    1.4e-01    0    8.3e-04  -677.14691719  -677.14691719    -0.00087798   0.003505   1.4e-02   1.2e-04 0.03
    30      60    2.1e-01    0    1.8e-03  -677.14693661  -677.14693661    -0.00001942   0.001511   6.0e-03   1.3e-04 0.03
    31      70    1.5e-01    0    6.7e-04  -677.14694355  -677.14694355    -0.00000694   0.001581   6.3e-03   1.5e-04 0.03
    32      80    1.8e-01    0    6.1e-04  -677.14695174  -677.14695174    -0.00000819   0.001097   4.4e-03   1.8e-04 0.03
    33      90    2.0e-01    0    8.0e-04  -677.14695569  -677.14695569    -0.00000395   0.001180   4.7e-03   1.9e-04 0.03
    34     100    3.6e-01    1    2.1e-03  -677.14695892  -677.14695892    -0.00000323   0.000899   3.6e-03   8.7e-05 0.03
 
RESULTS OF THE OCCUPATION OPTIMIZATION
========================================
   1    1.9999932  -149.34841946
   2    1.9998896  -16.79612867
   3    1.9998584  -13.60188787
   4    1.9998573  -13.60154227
   5    1.9985643  -13.59233533
   6    1.9821323  -2.24160600
   7    1.9707247  -1.11057186
   8    1.9707109  -1.10980042
   9    1.9692040  -1.01585016
  10    1.9691102  -1.01285541
  11    0.0308898  -0.04548266
  12    0.0307960  -0.04543566
  13    0.0292891  -0.04574743
  14    0.0292753  -0.04574766
  15    0.0178677  -0.04045398
  16    0.0014357  -0.03297085
  17    0.0001427  -0.00324828
  18    0.0001416  -0.00330931
  19    0.0001104  -0.00367349
  20    0.0000068  -0.00206248
 
----------------
 Final Energies 
----------------
Final NOF Total Energy =    -677.1469589
 
Total Orbital Internal Iterations = 1050
Total Occupation Internal Iterations = 144
 
Elapsed time:   58.01 Seconds

---------------------------------
   Lowdin Population Analysis    
---------------------------------
 Idx  Atom   Population   Charge 
---------------------------------
  1    Ca    20.000      -0.000

---------------------------------
   M Diagnostic: 0.03
---------------------------------

Recovering execution output...
Moving from /scratch/pobleyef/283682 to /home-nas/pobleyef/Poison-NOF/ncwo1/P30-5/GNOFm25/arina.283682
mkdir -p /home-nas/pobleyef/Poison-NOF/ncwo1/P30-5/GNOFm25/arina.283682
mv /scratch/pobleyef/283682/* /home-nas/pobleyef/Poison-NOF/ncwo1/P30-5/GNOFm25/arina.283682
