Computing Integrals
Basis Set                                            = def2-qzvp
Auxiliary Basis Set                                  = def2-universal-jkfit
Gaussian Type                                        = Spherical
Elapsed time:    4.49 Seconds

Number of basis functions                   (NBF)    = 108
Number of auxiliary basis functions         (NBFAUX) = 189
Inactive Doubly occupied orbitals up to     (NO1)    = 0
No. considered Strongly Doubly occupied MOs (NDOC)   = 10
No. considered Strongly Singly occupied MOs (NSOC)   = 0
NO. of Weakly occ. per St. Doubly occ.  MOs (NCWO)   = 1
Dimension of the Nat. Orb. subspace         (NBF5)   = 20
No. of electrons                                     = 20
    No. of alpha electrons                           = 10
    No. of beta electrons                            = 10
Multiplicity                                         = 1

Geometry
========
Mg       0.0000000       0.0000000       0.8639034
 O       0.0000000       0.0000000      -0.8639034

No violations of the orthonormality
No violations of the orthonormality
 
PNOF8/ADABelief Calculation
==================
 
  Nitext  Nit_orb  Time   Nit_occ  Time         Eelec          Etot           Ediff      maxdiff    MaxGrad_orb  Grad_occ
     1      10    2.9e+01    0    2.4e+01  -304.15263089  -274.75066994 -10303.15263089   0.000491   2.0e-03   7.6e-05 0.06
 
RESULTS OF THE OCCUPATION OPTIMIZATION
========================================
   1    1.9999437  -49.06870816
   2    1.9997577  -20.50577399
   3    1.9976205  -3.79967110
   4    1.9949917  -2.31711329
   5    1.9968884  -2.31132058
   6    1.9968922  -2.30980689
   7    1.9853499  -1.15160067
   8    1.9631236  -0.41102251
   9    1.9630777  -0.41101028
  10    1.9369265  -0.37015265
  11    0.0630735  -0.05447461
  12    0.0369223  -0.03371182
  13    0.0368764  -0.03368687
  14    0.0146501  -0.02701749
  15    0.0031078  -0.01462820
  16    0.0031116  -0.01463483
  17    0.0050083  -0.02847833
  18    0.0023795  -0.01376569
  19    0.0002423  -0.00782443
  20    0.0000563  -0.00540954
 
----------------
 Final Energies 
----------------
Final NOF Total Energy =    -274.7506699
 
Total Orbital Internal Iterations = 10
Total Occupation Internal Iterations = 0
 
Elapsed time:   66.92 Seconds

---------------------------------
   Lowdin Population Analysis    
---------------------------------
 Idx  Atom   Population   Charge 
---------------------------------
  1    Mg    11.739       0.261
  2     O     8.261      -0.261

---------------------------------
   M Diagnostic: 0.06
---------------------------------

