BH76_1_n2
/software/eb2024/easybuild/software/common/software/Julia/1.11.3-linux-x86_64/bin/julia
Job runing on nh005
Choosing scratch ...
Automatic scratch folder selection
/scratch/pobleyef/212071
/scratch/pobleyef/212071 directory
cp BH76_1_n2.jl BH76_1_n2.jld2 to  /scratch/pobleyef/212071/.
Computing Integrals
Basis Set                                            = def2-qzvp
Auxiliary Basis Set                                  = def2-universal-jkfit
Gaussian Type                                        = Spherical
Elapsed time:    3.70 Seconds

Number of basis functions                   (NBF)    = 114
Number of auxiliary basis functions         (NBFAUX) = 154
Inactive Doubly occupied orbitals up to     (NO1)    = 0
No. considered Strongly Doubly occupied MOs (NDOC)   = 7
No. considered Strongly Singly occupied MOs (NSOC)   = 0
NO. of Weakly occ. per St. Doubly occ.  MOs (NCWO)   = 1
Dimension of the Nat. Orb. subspace         (NBF5)   = 14
No. of electrons                                     = 14
    No. of alpha electrons                           = 7
    No. of beta electrons                            = 7
Multiplicity                                         = 1

Geometry
========
 N       0.0000000       0.0000000       0.5485557
 N       0.0000000       0.0000000      -0.5485557

No violations of the orthonormality
No violations of the orthonormality
 
PNOF8/ADABelief Calculation
==================
 
  Nitext  Nit_orb  Time   Nit_occ  Time         Eelec          Etot           Ediff      maxdiff    MaxGrad_orb  Grad_occ
     1      10    2.9e+01    6    3.4e+01  -132.91146514  -109.27701087 -10131.91146514   0.016697   6.7e-02   1.3e-04 0.05
     2      20    5.8e-01    6    1.8e-03  -132.93045596  -109.29600169    -0.01899082   0.016269   6.5e-02   1.5e-04 0.05
     3      20    4.1e-01    6    1.9e-03  -132.93508807  -109.30063380    -0.00463211   0.020256   8.1e-02   1.6e-04 0.05
     4      20    2.3e-01    4    1.5e-03  -132.93727764  -109.30282337    -0.00218957   0.020910   8.4e-02   2.0e-04 0.05
     5      20    2.1e-01    5    1.6e-03  -132.93928467  -109.30483040    -0.00200703   0.019517   7.8e-02   4.5e-05 0.05
     6      20    2.5e-01    4    1.4e-03  -132.94054926  -109.30609499    -0.00126459   0.017902   7.2e-02   7.9e-05 0.05
     7      20    2.5e-01    4    1.4e-03  -132.94105247  -109.30659820    -0.00050321   0.018172   7.3e-02   1.5e-04 0.05
     8      20    3.8e-01    0    2.4e-02  -132.94109721  -109.30664294    -0.00004475   0.018172   7.3e-02   1.5e-04 0.05
     9      40    5.2e-01    3    1.4e-03  -132.94283480  -109.30838053    -0.00173758   0.001483   5.9e-03   2.2e-04 0.05
    10      40    8.7e-01    0    1.3e-03  -132.94284782  -109.30839355    -0.00001303   0.001483   5.9e-03   2.2e-04 0.05
    11      47    7.6e-01    2    1.3e-03  -132.94286766  -109.30841339    -0.00001984   0.000485   1.9e-03   1.6e-04 0.05
 
RESULTS OF THE OCCUPATION OPTIMIZATION
========================================
   1    1.9997572  -15.66756004
   2    1.9997677  -15.66527268
   3    1.9921617  -1.36736445
   4    1.9848582  -0.79403404
   5    1.9732501  -0.75079243
   6    1.9469160  -0.62633495
   7    1.9469875  -0.62633045
   8    0.0530125  -0.05751193
   9    0.0530840  -0.05753874
  10    0.0267499  -0.03811270
  11    0.0151418  -0.02225013
  12    0.0078383  -0.01692635
  13    0.0002323  -0.00608517
  14    0.0002428  -0.00631924
 
----------------
 Final Energies 
----------------
Final NOF Total Energy =    -109.3084134
 
Total Orbital Internal Iterations = 277
Total Occupation Internal Iterations = 40
 
Elapsed time:   87.50 Seconds

---------------------------------
   Lowdin Population Analysis    
---------------------------------
 Idx  Atom   Population   Charge 
---------------------------------
  1     N     7.000      -0.000
  2     N     7.000       0.000

---------------------------------
   M Diagnostic: 0.05
---------------------------------

Recovering execution output...
Moving from /scratch/pobleyef/212071 to /home-nas/pobleyef/Poison-NOF/ncwo1/P30-5/GNOFm25/arina.212071
mkdir -p /home-nas/pobleyef/Poison-NOF/ncwo1/P30-5/GNOFm25/arina.212071
mv /scratch/pobleyef/212071/* /home-nas/pobleyef/Poison-NOF/ncwo1/P30-5/GNOFm25/arina.212071
