BH76_9_hf
/software/eb2024/easybuild/software/common/software/Julia/1.11.3-linux-x86_64/bin/julia
Job runing on na16
Choosing scratch ...
Automatic scratch folder selection
/scratch/pobleyef/212075
/scratch/pobleyef/212075 directory
cp BH76_9_hf.jl BH76_9_hf.jld2 to  /scratch/pobleyef/212075/.
Computing Integrals
Basis Set                                            = def2-qzvp
Auxiliary Basis Set                                  = def2-universal-jkfit
Gaussian Type                                        = Spherical
Elapsed time:    3.18 Seconds

Number of basis functions                   (NBF)    = 87
Number of auxiliary basis functions         (NBFAUX) = 95
Inactive Doubly occupied orbitals up to     (NO1)    = 0
No. considered Strongly Doubly occupied MOs (NDOC)   = 5
No. considered Strongly Singly occupied MOs (NSOC)   = 0
NO. of Weakly occ. per St. Doubly occ.  MOs (NCWO)   = 1
Dimension of the Nat. Orb. subspace         (NBF5)   = 10
No. of electrons                                     = 10
    No. of alpha electrons                           = 5
    No. of beta electrons                            = 5
Multiplicity                                         = 1

Geometry
========
 F       0.0000000       0.0000000       0.4576912
 H       0.0000000       0.0000000      -0.4576912

No violations of the orthonormality
No violations of the orthonormality
 
PNOF8/ADABelief Calculation
==================
 
  Nitext  Nit_orb  Time   Nit_occ  Time         Eelec          Etot           Ediff      maxdiff    MaxGrad_orb  Grad_occ
     1      10    1.7e+01    4    2.1e+01  -105.45027706  -100.24744060 -10104.45027706   0.012071   4.8e-02   8.8e-05 0.03
     2      20    4.8e-02    6    7.6e-04  -105.45778062  -100.25494416    -0.00750356   0.132742   5.3e-01   5.1e-05 0.03
     3      20    7.3e-02    7    6.5e-04  -105.46070819  -100.25787173    -0.00292758   0.014654   5.9e-02   1.4e-04 0.03
     4      20    8.7e-02    5    8.4e-04  -105.46160194  -100.25876548    -0.00089375   0.022245   8.9e-02   1.1e-04 0.03
     5      20    3.1e-02    3    6.4e-04  -105.46383231  -100.26099586    -0.00223038   0.012895   5.2e-02   2.0e-04 0.03
     6      20    3.2e-02    3    5.3e-04  -105.46470026  -100.26186380    -0.00086795   0.011450   4.6e-02   9.3e-05 0.03
     7      20    2.6e-02    3    3.6e-03  -105.46562393  -100.26278747    -0.00092367   0.011086   4.4e-02   6.1e-05 0.03
     8      20    2.5e-02    3    7.8e-04  -105.46584783  -100.26301138    -0.00022391   0.013636   5.5e-02   6.5e-05 0.03
     9      20    2.8e-02    2    4.8e-04  -105.46599060  -100.26315414    -0.00014277   0.013795   5.5e-02   1.8e-04 0.03
    10      20    3.1e-02    2    3.9e-04  -105.46606680  -100.26323034    -0.00007620   0.014816   5.9e-02   1.3e-04 0.03
    11      20    3.1e-02    0    5.0e-04  -105.46607120  -100.26323474    -0.00000439   0.014816   5.9e-02   1.3e-04 0.03
    12      40    5.4e-02    1    4.5e-04  -105.46703049  -100.26419404    -0.00095930   0.000838   3.4e-03   1.6e-04 0.03
 
RESULTS OF THE OCCUPATION OPTIMIZATION
========================================
   1    1.9998589  -26.34671258
   2    1.9910435  -1.59912247
   3    1.9671058  -0.84055843
   4    1.9819995  -0.68801513
   5    1.9820108  -0.68801245
   6    0.0179892  -0.02536350
   7    0.0180005  -0.02536848
   8    0.0328942  -0.04431628
   9    0.0089565  -0.02540204
  10    0.0001411  -0.00621611
 
----------------
 Final Energies 
----------------
Final NOF Total Energy =    -100.2641940
 
Total Orbital Internal Iterations = 250
Total Occupation Internal Iterations = 39
 
Elapsed time:   50.19 Seconds

---------------------------------
   Lowdin Population Analysis    
---------------------------------
 Idx  Atom   Population   Charge 
---------------------------------
  1     F     8.498       0.502
  2     H     1.502      -0.502

---------------------------------
   M Diagnostic: 0.03
---------------------------------

Recovering execution output...
Moving from /scratch/pobleyef/212075 to /home-nas/pobleyef/Poison-NOF/ncwo1/P30-5/GNOFm25/arina.212075
mkdir -p /home-nas/pobleyef/Poison-NOF/ncwo1/P30-5/GNOFm25/arina.212075
mv /scratch/pobleyef/212075/* /home-nas/pobleyef/Poison-NOF/ncwo1/P30-5/GNOFm25/arina.212075
