DC13_7_be4
/software/eb2024/easybuild/software/common/software/Julia/1.11.3-linux-x86_64/bin/julia
Job runing on na16
Choosing scratch ...
Automatic scratch folder selection
/scratch/pobleyef/212080
/scratch/pobleyef/212080 directory
cp DC13_7_be4.jl DC13_7_be4.jld2 to  /scratch/pobleyef/212080/.
Computing Integrals
Basis Set                                            = def2-qzvp
Auxiliary Basis Set                                  = def2-universal-jkfit
Gaussian Type                                        = Spherical
Elapsed time:    8.75 Seconds

Number of basis functions                   (NBF)    = 144
Number of auxiliary basis functions         (NBFAUX) = 204
Inactive Doubly occupied orbitals up to     (NO1)    = 0
No. considered Strongly Doubly occupied MOs (NDOC)   = 8
No. considered Strongly Singly occupied MOs (NSOC)   = 0
NO. of Weakly occ. per St. Doubly occ.  MOs (NCWO)   = 1
Dimension of the Nat. Orb. subspace         (NBF5)   = 16
No. of electrons                                     = 16
    No. of alpha electrons                           = 8
    No. of beta electrons                            = 8
Multiplicity                                         = 1

Geometry
========
Be       0.7279036      -0.7279036       0.7279036
Be      -0.7279036       0.7279036       0.7279036
Be      -0.7279036      -0.7279036      -0.7279036
Be       0.7279036       0.7279036      -0.7279036

No violations of the orthonormality
No violations of the orthonormality
 
PNOF8/ADABelief Calculation
==================
 
  Nitext  Nit_orb  Time   Nit_occ  Time         Eelec          Etot           Ediff      maxdiff    MaxGrad_orb  Grad_occ
     1      10    5.2e+01    6    2.2e+01   -83.14615918   -58.47141751 -10082.14615918   0.013755   5.5e-02   1.5e-05 0.06
     2      20    6.5e+01    5    1.5e-02   -83.19494845   -58.52020677    -0.04878926   0.007116   2.8e-02   6.7e-05 0.06
     3      20    6.2e+01    4    4.2e-02   -83.20580087   -58.53105920    -0.01085243   0.012324   4.9e-02   1.4e-04 0.06
     4      20    6.5e+01    4    2.6e-03   -83.21076381   -58.53602213    -0.00496293   0.011081   4.4e-02   6.6e-05 0.06
     5      20    6.0e+01    3    1.4e-02   -83.21350866   -58.53876699    -0.00274486   0.013811   5.5e-02   1.6e-04 0.06
     6      20    6.5e+01    3    5.5e-02   -83.21438470   -58.53964303    -0.00087604   0.010639   4.3e-02   7.6e-05 0.06
     7      20    6.2e+01    2    1.7e-02   -83.21452877   -58.53978710    -0.00014407   0.009041   3.6e-02   8.5e-05 0.06
     8      20    5.9e+01    1    1.1e-02   -83.21459808   -58.53985641    -0.00006931   0.011655   4.7e-02   1.9e-04 0.06
     9      20    6.8e+01    0    1.3e-02   -83.21460028   -58.53985861    -0.00000220   0.011655   4.7e-02   1.9e-04 0.06
    10      40    1.3e+02    1    2.4e-03   -83.21589928   -58.54115761    -0.00129900   0.001032   4.1e-03   1.7e-04 0.06
    11      40    1.1e+02    0    2.1e-03   -83.21590102   -58.54115935    -0.00000173   0.001032   4.1e-03   1.7e-04 0.06
    12      34    9.6e+01    1    2.3e-03   -83.21593829   -58.54119662    -0.00003727   0.000474   1.9e-03   1.1e-04 0.06
 
RESULTS OF THE OCCUPATION OPTIMIZATION
========================================
   1    1.9990523  -4.69164689
   2    1.9983973  -4.69114966
   3    1.9982870  -4.69098705
   4    1.9985184  -4.69093774
   5    1.9788663  -0.55796913
   6    1.9435739  -0.28143734
   7    1.9434783  -0.28118621
   8    1.9380927  -0.27905278
   9    0.0619073  -0.02474210
  10    0.0565217  -0.02379123
  11    0.0564261  -0.02376687
  12    0.0211337  -0.01801507
  13    0.0014816  -0.01001213
  14    0.0017130  -0.01114693
  15    0.0016027  -0.01058545
  16    0.0009477  -0.00664152
 
----------------
 Final Energies 
----------------
Final NOF Total Energy =     -58.5411966
 
Total Orbital Internal Iterations = 284
Total Occupation Internal Iterations = 30
 
Elapsed time:  926.88 Seconds

---------------------------------
   Lowdin Population Analysis    
---------------------------------
 Idx  Atom   Population   Charge 
---------------------------------
  1    Be     4.002      -0.002
  2    Be     3.999       0.001
  3    Be     4.000       0.000
  4    Be     3.999       0.001

---------------------------------
   M Diagnostic: 0.06
---------------------------------

Recovering execution output...
Moving from /scratch/pobleyef/212080 to /home-nas/pobleyef/Poison-NOF/ncwo1/P30-5/GNOFm25/arina.212080
mkdir -p /home-nas/pobleyef/Poison-NOF/ncwo1/P30-5/GNOFm25/arina.212080
mv /scratch/pobleyef/212080/* /home-nas/pobleyef/Poison-NOF/ncwo1/P30-5/GNOFm25/arina.212080
