G2RC_10_62
/software/eb2024/easybuild/software/common/software/Julia/1.11.3-linux-x86_64/bin/julia
Job runing on nh036
Choosing scratch ...
Automatic scratch folder selection
/scratch/pobleyef/212200
/scratch/pobleyef/212200 directory
cp G2RC_10_62.jl G2RC_10_62.jld2 to  /scratch/pobleyef/212200/.
Computing Integrals
Basis Set                                            = def2-qzvp
Auxiliary Basis Set                                  = def2-universal-jkfit
Gaussian Type                                        = Spherical
Elapsed time:    6.88 Seconds

Number of basis functions                   (NBF)    = 337
Number of auxiliary basis functions         (NBFAUX) = 587
Inactive Doubly occupied orbitals up to     (NO1)    = 0
No. considered Strongly Doubly occupied MOs (NDOC)   = 37
No. considered Strongly Singly occupied MOs (NSOC)   = 0
NO. of Weakly occ. per St. Doubly occ.  MOs (NCWO)   = 1
Dimension of the Nat. Orb. subspace         (NBF5)   = 74
No. of electrons                                     = 74
    No. of alpha electrons                           = 37
    No. of beta electrons                            = 37
Multiplicity                                         = 1

Geometry
========
 C       0.0000000       0.0000000       0.0000000
Cl       1.0334459      -1.0334459       1.0334459
Cl      -1.0334459       1.0334459       1.0334459
Cl      -1.0334459      -1.0334459      -1.0334459
Cl       1.0334459       1.0334459      -1.0334459

No violations of the orthonormality
No violations of the orthonormality
 
PNOF8/ADABelief Calculation
==================
 
  Nitext  Nit_orb  Time   Nit_occ  Time         Eelec          Etot           Ediff      maxdiff    MaxGrad_orb  Grad_occ
     1      10    3.1e+01    0    3.5e+01 -2311.89723085 -1877.36097148 -12310.89723085   0.017589   7.0e-02   3.8e-04 0.04
     2      30    6.5e+00    0    7.3e-02 -2311.89723085 -1877.36097148     0.00000000   0.017589   7.0e-02   3.8e-04 0.04
     3      50    1.0e+01    4    1.2e-01 -2311.90089929 -1877.36463991    -0.00366844   0.015276   6.1e-02   1.9e-04 0.04
     4      50    1.0e+01    4    1.3e-01 -2311.90185384 -1877.36559447    -0.00095456   0.013908   5.6e-02   1.6e-04 0.04
     5      50    1.0e+01    4    1.0e-01 -2311.90261664 -1877.36635726    -0.00076279   0.011818   4.7e-02   1.4e-04 0.04
     6      50    1.1e+01    3    1.0e-01 -2311.90307877 -1877.36681940    -0.00046214   0.012904   5.2e-02   1.9e-04 0.04
     7      50    1.1e+01    3    8.7e-02 -2311.90373201 -1877.36747264    -0.00065324   0.013556   5.4e-02   2.0e-04 0.04
     8      50    1.0e+01    3    7.9e-02 -2311.90397066 -1877.36771129    -0.00023864   0.015815   6.3e-02   1.5e-04 0.04
     9      50    1.1e+01    3    9.8e-02 -2311.90433563 -1877.36807626    -0.00036497   0.013270   5.3e-02   1.5e-04 0.04
    10      50    1.0e+01    3    8.3e-02 -2311.90462128 -1877.36836191    -0.00028565   0.015520   6.2e-02   1.4e-04 0.04
    11      50    1.1e+01    3    7.6e-02 -2311.90481545 -1877.36855608    -0.00019418   0.013649   5.5e-02   1.4e-04 0.04
    12      50    1.1e+01    3    8.4e-02 -2311.90499692 -1877.36873755    -0.00018147   0.014867   5.9e-02   1.4e-04 0.04
    13      50    1.1e+01    3    8.3e-02 -2311.90522926 -1877.36896989    -0.00023234   0.014138   5.7e-02   1.4e-04 0.04
    14      50    1.0e+01    3    8.5e-02 -2311.90536232 -1877.36910295    -0.00013307   0.014331   5.7e-02   1.4e-04 0.04
    15      50    1.1e+01    3    9.1e-02 -2311.90545908 -1877.36919971    -0.00009676   0.085341   3.4e-01   1.6e-04 0.04
    16      50    1.0e+01    3    7.9e-02 -2311.90586065 -1877.36960128    -0.00040157   0.014617   5.8e-02   1.5e-04 0.04
    17      50    1.1e+01    0    7.0e-02 -2311.90588125 -1877.36962187    -0.00002060   0.014617   5.8e-02   1.5e-04 0.04
    18      70    1.5e+01    3    8.0e-02 -2311.90936133 -1877.37310196    -0.00348008   0.001257   5.0e-03   1.8e-04 0.04
    19      70    1.6e+01    0    1.0e-01 -2311.90937747 -1877.37311810    -0.00001615   0.001257   5.0e-03   1.8e-04 0.04
    20      90    1.9e+01    1    8.2e-02 -2311.90952257 -1877.37326320    -0.00014510   0.000595   2.4e-03   2.3e-04 0.04
 
RESULTS OF THE OCCUPATION OPTIMIZATION
========================================
   1    1.9999658  -104.92212340
   2    1.9999695  -104.92031499
   3    1.9999673  -104.91978170
   4    1.9999635  -104.91930450
   5    1.9992295  -10.76644546
   6    1.9993333  -10.73057565
   7    1.9993312  -10.72958611
   8    1.9993286  -10.71860535
   9    1.9993280  -10.71343319
  10    1.9989982  -8.14596797
  11    1.9990052  -8.12225367
  12    1.9989899  -8.10486882
  13    1.9989835  -8.09901969
  14    1.9988897  -8.08364226
  15    1.9989668  -8.07559602
  16    1.9987313  -8.07538519
  17    1.9984970  -8.07508611
  18    1.9989685  -8.07386363
  19    1.9984187  -8.07329805
  20    1.9982766  -8.07300704
  21    1.9989447  -8.07127043
  22    1.9911866  -1.17258797
  23    1.9900562  -1.15113551
  24    1.9895723  -1.14905162
  25    1.9881881  -1.14391791
  26    1.9776027  -0.63792237
  27    1.9583402  -0.62043355
  28    1.9580333  -0.60691758
  29    1.9587347  -0.60261430
  30    1.9580987  -0.59850382
  31    1.9764561  -0.58291456
  32    1.9759565  -0.55778656
  33    1.9756060  -0.53567350
  34    1.9754411  -0.52959778
  35    1.9750167  -0.52766625
  36    1.9744923  -0.52003595
  37    1.9746708  -0.51805257
  38    0.0253292  -0.02692696
  39    0.0255077  -0.02695459
  40    0.0249833  -0.02668048
  41    0.0245589  -0.02662467
  42    0.0243940  -0.02650763
  43    0.0240435  -0.02717460
  44    0.0235439  -0.02697302
  45    0.0419013  -0.05517861
  46    0.0412653  -0.05472733
  47    0.0419667  -0.05508439
  48    0.0416598  -0.05501024
  49    0.0223973  -0.02646451
  50    0.0118119  -0.02666077
  51    0.0104277  -0.02810843
  52    0.0099438  -0.02904204
  53    0.0088134  -0.03221085
  54    0.0010553  -0.01822888
  55    0.0017234  -0.02634467
  56    0.0015813  -0.02343095
  57    0.0010315  -0.01855589
  58    0.0015030  -0.02175164
  59    0.0012687  -0.01573356
  60    0.0010332  -0.01857856
  61    0.0011103  -0.01684462
  62    0.0010165  -0.01840251
  63    0.0010101  -0.01817051
  64    0.0009948  -0.01808784
  65    0.0010018  -0.01825106
  66    0.0006720  -0.01544791
  67    0.0006714  -0.01541602
  68    0.0006688  -0.01529259
  69    0.0006667  -0.01541937
  70    0.0007705  -0.01474544
  71    0.0000365  -0.00647537
  72    0.0000327  -0.00595225
  73    0.0000305  -0.00566387
  74    0.0000342  -0.00616520
 
----------------
 Final Energies 
----------------
Final NOF Total Energy =   -1877.3732632
 
Total Orbital Internal Iterations = 1020
Total Occupation Internal Iterations = 49
 
Elapsed time:  310.49 Seconds

---------------------------------
   Lowdin Population Analysis    
---------------------------------
 Idx  Atom   Population   Charge 
---------------------------------
  1     C     7.648      -1.648
  2    Cl    16.589       0.411
  3    Cl    16.592       0.408
  4    Cl    16.583       0.417
  5    Cl    16.588       0.412

---------------------------------
   M Diagnostic: 0.04
---------------------------------

Recovering execution output...
Moving from /scratch/pobleyef/212200 to /home-nas/pobleyef/Poison-NOF/ncwo1/P30-5/GNOFm25/arina.212200
mkdir -p /home-nas/pobleyef/Poison-NOF/ncwo1/P30-5/GNOFm25/arina.212200
mv /scratch/pobleyef/212200/* /home-nas/pobleyef/Poison-NOF/ncwo1/P30-5/GNOFm25/arina.212200
