G2RC-13
/software/eb2024/easybuild/software/common/software/Julia/1.11.3-linux-x86_64/bin/julia
Job runing on nagpu02
Choosing scratch ...
Automatic scratch folder selection
/scratch/pobleyef/283696
/scratch/pobleyef/283696 directory
cp G2RC-13.jl G2RC-13.jld2 to  /scratch/pobleyef/283696/.
G2RC-13_C.jld2 not found
G2RC-13_n.jld2 not found
Computing Integrals
Basis Set                                            = def2-qzvp
Auxiliary Basis Set                                  = def2-universal-jkfit
Gaussian Type                                        = Spherical
Elapsed time:    3.07 Seconds

Number of basis functions                   (NBF)    = 117
Number of auxiliary basis functions         (NBFAUX) = 113
Inactive Doubly occupied orbitals up to     (NO1)    = 0
No. considered Strongly Doubly occupied MOs (NDOC)   = 5
No. considered Strongly Singly occupied MOs (NSOC)   = 0
NO. of Weakly occ. per St. Doubly occ.  MOs (NCWO)   = 1
Dimension of the Nat. Orb. subspace         (NBF5)   = 10
No. of electrons                                     = 10
    No. of alpha electrons                           = 5
    No. of beta electrons                            = 5
Multiplicity                                         = 1

Geometry
========
 O       0.0000000       0.0000000      -0.3906056
 H      -0.7620804       0.0000000       0.1953028
 H       0.7620804       0.0000000       0.1953028

No violations of the orthonormality
No violations of the orthonormality
 
PNOF8/ADABelief Calculation
==================
 
  Nitext  Nit_orb  Time   Nit_occ  Time         Eelec          Etot           Ediff      maxdiff    MaxGrad_orb  Grad_occ
     1      10    2.7e+01    5    2.1e+01   -81.50928342   -72.35421401 -10080.50928342   0.568836   2.3e+00   3.9e-05 0.01
     2      10    1.1e+01    5    2.6e-02   -84.20097466   -75.04590525    -2.69169124   0.323063   1.3e+00   6.1e-05 0.03
     3      10    1.0e+01    6    1.4e-02   -85.10044990   -75.94538050    -0.89947525   0.172287   6.9e-01   1.7e-04 0.03
     4      10    1.0e+01    5    6.7e-02   -85.36131456   -76.20624515    -0.26086466   0.181967   7.3e-01   7.2e-05 0.03
     5      10    9.4e+00    5    2.7e-03   -85.39599730   -76.24092790    -0.03468274   0.191110   7.6e-01   6.9e-05 0.03
     6      10    9.6e+00    4    7.8e-04   -85.40251214   -76.24744273    -0.00651483   0.160349   6.4e-01   2.0e-04 0.03
     7      10    1.0e+01    2    3.7e-02   -85.40346338   -76.24839398    -0.00095125   0.188085   7.5e-01   1.2e-04 0.03
     8      10    9.3e+00    1    1.1e-02   -85.40416875   -76.24909934    -0.00070537   0.202701   8.1e-01   1.7e-04 0.03
     9      10    9.1e+00    2    5.2e-03   -85.40460155   -76.24953215    -0.00043281   0.215037   8.6e-01   2.2e-04 0.03
    10      10    8.9e+00    3    1.3e-03   -85.40479859   -76.24972919    -0.00019703   0.184786   7.4e-01   1.1e-04 0.03
    11      10    8.7e+00    0    1.1e-03   -85.40482265   -76.24975325    -0.00002406   0.184786   7.4e-01   1.1e-04 0.03
    12      30    3.0e+01    2    2.7e-03   -85.41651194   -76.26144254    -0.01168929   0.001817   7.3e-03   1.1e-04 0.03
    13      30    2.8e+01    1    1.7e-03   -85.41677778   -76.26170838    -0.00026584   0.002950   1.2e-02   1.8e-04 0.03
    14      30    2.9e+01    2    1.1e-02   -85.41704260   -76.26197320    -0.00026482   0.003753   1.5e-02   6.1e-05 0.03
    15      30    3.3e+01    2    5.4e-02   -85.41726468   -76.26219527    -0.00022207   0.006049   2.4e-02   3.0e-05 0.03
    16      30    3.0e+01    2    3.9e-03   -85.41746143   -76.26239202    -0.00019675   0.006598   2.6e-02   4.9e-05 0.03
    17      30    2.8e+01    2    1.8e-02   -85.41768835   -76.26261895    -0.00022692   0.005632   2.3e-02   1.2e-04 0.03
    18      30    2.9e+01    1    1.8e-03   -85.41772116   -76.26265176    -0.00003281   0.006874   2.7e-02   1.8e-04 0.03
    19      30    2.7e+01    1    3.9e-03   -85.41783450   -76.26276510    -0.00011334   0.003781   1.5e-02   1.9e-04 0.03
    20      30    2.8e+01    0    7.6e-02   -85.41783732   -76.26276792    -0.00000282   0.003781   1.5e-02   1.9e-04 0.03
    21      50    4.5e+01    1    7.8e-02   -85.41791816   -76.26284876    -0.00008084   0.000585   2.3e-03   1.4e-04 0.03
 
RESULTS OF THE OCCUPATION OPTIMIZATION
========================================
   1    1.9997893  -20.59494934
   2    1.9894685  -1.31357440
   3    1.9665214  -0.71089321
   4    1.9665763  -0.71083424
   5    1.9779005  -0.53948758
   6    0.0220995  -0.02408152
   7    0.0334237  -0.03831742
   8    0.0334786  -0.03834309
   9    0.0105315  -0.02212095
  10    0.0002107  -0.00696003
 
----------------
 Final Energies 
----------------
Final NOF Total Energy =     -76.2628488
 
Total Orbital Internal Iterations = 430
Total Occupation Internal Iterations = 52
 
Elapsed time:  463.71 Seconds

---------------------------------
   Lowdin Population Analysis    
---------------------------------
 Idx  Atom   Population   Charge 
---------------------------------
  1     O     7.341       0.659
  2     H     1.330      -0.330
  3     H     1.330      -0.330

---------------------------------
   M Diagnostic: 0.03
---------------------------------

Recovering execution output...
Moving from /scratch/pobleyef/283696 to /home-nas/pobleyef/Poison-NOF/ncwo1/P30-5/GNOFm25/arina.283696
mkdir -p /home-nas/pobleyef/Poison-NOF/ncwo1/P30-5/GNOFm25/arina.283696
mv /scratch/pobleyef/283696/* /home-nas/pobleyef/Poison-NOF/ncwo1/P30-5/GNOFm25/arina.283696
