G2RC_10_67
/software/eb2024/easybuild/software/common/software/Julia/1.11.3-linux-x86_64/bin/julia
Job runing on nh006
Choosing scratch ...
Automatic scratch folder selection
/scratch/pobleyef/212085
/scratch/pobleyef/212085 directory
cp G2RC_10_67.jl G2RC_10_67.jld2 to  /scratch/pobleyef/212085/.
Computing Integrals
Basis Set                                            = def2-qzvp
Auxiliary Basis Set                                  = def2-universal-jkfit
Gaussian Type                                        = Spherical
Elapsed time:    6.99 Seconds

Number of basis functions                   (NBF)    = 350
Number of auxiliary basis functions         (NBFAUX) = 640
Inactive Doubly occupied orbitals up to     (NO1)    = 0
No. considered Strongly Doubly occupied MOs (NDOC)   = 41
No. considered Strongly Singly occupied MOs (NSOC)   = 0
NO. of Weakly occ. per St. Doubly occ.  MOs (NCWO)   = 1
Dimension of the Nat. Orb. subspace         (NBF5)   = 82
No. of electrons                                     = 82
    No. of alpha electrons                           = 41
    No. of beta electrons                            = 41
Multiplicity                                         = 1

Geometry
========
Si       0.0000000       0.0000000       0.0000000
Cl       1.1825283      -1.1825283       1.1825283
Cl      -1.1825283       1.1825283       1.1825283
Cl      -1.1825283      -1.1825283      -1.1825283
Cl       1.1825283       1.1825283      -1.1825283

No violations of the orthonormality
No violations of the orthonormality
 
PNOF8/ADABelief Calculation
==================
 
  Nitext  Nit_orb  Time   Nit_occ  Time         Eelec          Etot           Ediff      maxdiff    MaxGrad_orb  Grad_occ
     1      10    3.1e+01    7    3.7e+01 -2648.71719538 -2128.41457244 -12647.71719538   0.027559   1.1e-01   2.8e-04 0.03
     2      20    5.3e+00    0    8.8e-02 -2648.81299903 -2128.51037610    -0.09580365   0.027559   1.1e-01   2.8e-04 0.03
     3      40    9.5e+00   23    3.3e-01 -2648.93914993 -2128.63652700    -0.12615090   0.368203   1.5e+00   1.7e-04 0.03
     4      40    9.6e+00   11    2.1e-01 -2649.00770540 -2128.70508247    -0.06855546   0.408418   1.6e+00   1.9e-04 0.03
     5      40    9.4e+00    8    1.4e-01 -2649.04227574 -2128.73965281    -0.03457034   0.073441   2.9e-01   2.3e-04 0.04
     6      40    9.7e+00    7    2.2e-01 -2649.06078888 -2128.75816594    -0.01851313   0.019623   7.8e-02   2.4e-04 0.04
     7      40    9.7e+00    6    1.3e-01 -2649.07271331 -2128.77009038    -0.01192443   0.020364   8.1e-02   3.2e-04 0.04
     8      40    9.8e+00    6    1.7e-01 -2649.07994534 -2128.77732241    -0.00723203   0.019874   7.9e-02   2.5e-04 0.04
     9      40    9.2e+00    6    2.0e-01 -2649.08425777 -2128.78163484    -0.00431243   0.018654   7.5e-02   2.0e-04 0.04
    10      40    9.6e+00    6    1.4e-01 -2649.08720024 -2128.78457731    -0.00294247   0.018115   7.2e-02   1.4e-04 0.04
    11      40    1.0e+01    5    2.0e-01 -2649.08905725 -2128.78643432    -0.00185701   0.017823   7.1e-02   2.0e-04 0.04
    12      40    9.5e+00    5    1.4e-01 -2649.09083433 -2128.78821140    -0.00177707   0.017540   7.0e-02   1.6e-04 0.04
    13      40    1.0e+01    4    1.9e-01 -2649.09176356 -2128.78914063    -0.00092923   0.018678   7.5e-02   2.0e-04 0.04
    14      40    9.5e+00    4    1.9e-01 -2649.09267979 -2128.79005686    -0.00091623   0.018569   7.4e-02   1.5e-04 0.04
    15      40    9.9e+00    3    1.1e-01 -2649.09329413 -2128.79067119    -0.00061433   0.017020   6.8e-02   2.2e-04 0.04
    16      40    9.7e+00    3    1.1e-01 -2649.09378924 -2128.79116631    -0.00049511   0.017526   7.0e-02   2.3e-04 0.04
    17      40    9.7e+00    3    9.3e-02 -2649.09406839 -2128.79144546    -0.00027916   0.017469   7.0e-02   2.3e-04 0.04
    18      40    1.0e+01    3    1.4e-01 -2649.09464625 -2128.79202331    -0.00057785   0.016460   6.6e-02   2.1e-04 0.04
    19      40    1.0e+01    3    1.1e-01 -2649.09489244 -2128.79226951    -0.00024619   0.019030   7.6e-02   2.2e-04 0.04
    20      40    1.0e+01    3    1.1e-01 -2649.09535952 -2128.79273659    -0.00046708   0.017083   6.8e-02   2.0e-04 0.04
    21      40    1.0e+01    3    1.5e-01 -2649.09562894 -2128.79300601    -0.00026942   0.019902   8.0e-02   1.7e-04 0.04
    22      40    9.9e+00    3    1.3e-01 -2649.09599519 -2128.79337225    -0.00036625   0.017761   7.1e-02   1.6e-04 0.04
    23      40    1.0e+01    1    1.2e-01 -2649.09628753 -2128.79366459    -0.00029234   0.019498   7.8e-02   3.1e-04 0.04
    24      40    9.8e+00    3    1.1e-01 -2649.09674063 -2128.79411770    -0.00045310   0.017586   7.0e-02   1.7e-04 0.04
    25      40    1.0e+01    1    9.1e-02 -2649.09706766 -2128.79444473    -0.00032703   0.017686   7.1e-02   2.9e-04 0.04
    26      40    1.1e+01    3    1.7e-01 -2649.09709517 -2128.79447224    -0.00002751   0.015972   6.4e-02   1.8e-04 0.04
    27      40    1.1e+01    3    1.4e-01 -2649.09743735 -2128.79481442    -0.00034218   0.016174   6.5e-02   1.6e-04 0.04
    28      40    1.1e+01    3    1.3e-01 -2649.09755130 -2128.79492837    -0.00011395   0.017091   6.8e-02   1.6e-04 0.04
    29      40    9.7e+00    1    1.2e-01 -2649.09792867 -2128.79530574    -0.00037737   0.017295   6.9e-02   2.2e-04 0.04
    30      40    1.1e+01    0    9.0e-02 -2649.09793623 -2128.79531330    -0.00000756   0.017295   6.9e-02   2.2e-04 0.04
    31      60    1.7e+01    3    1.5e-01 -2649.10334656 -2128.80072363    -0.00541033   0.001399   5.6e-03   1.9e-04 0.04
    32      60    1.5e+01    0    8.5e-02 -2649.10335691 -2128.80073398    -0.00001035   0.001399   5.6e-03   1.9e-04 0.04
    33      80    2.2e+01    1    8.6e-02 -2649.10358852 -2128.80096559    -0.00023161   0.000678   2.7e-03   2.3e-04 0.04
 
RESULTS OF THE OCCUPATION OPTIMIZATION
========================================
   1    1.9999689  -104.85964575
   2    1.9999686  -104.85753055
   3    1.9999687  -104.85575612
   4    1.9999642  -101.24716769
   5    1.9999619  -72.78110124
   6    1.9993399  -10.59436090
   7    1.9993391  -10.59260223
   8    1.9993345  -10.59072849
   9    1.9993298  -10.58697047
  10    1.9990282  -8.06658355
  11    1.9990134  -8.06473892
  12    1.9990238  -8.06260254
  13    1.9989978  -8.06243367
  14    1.9990356  -8.06153883
  15    1.9990392  -8.06072999
  16    1.9990164  -8.05917082
  17    1.9990013  -8.05748946
  18    1.9983925  -8.03146695
  19    1.9984692  -8.02876805
  20    1.9983983  -7.98356943
  21    1.9983579  -7.96847395
  22    1.9979501  -6.49036664
  23    1.9970869  -4.36451982
  24    1.9970887  -4.36448987
  25    1.9970151  -4.36381186
  26    1.9888119  -1.13549857
  27    1.9887093  -1.13505460
  28    1.9899851  -1.13389385
  29    1.9886643  -1.13023869
  30    1.9657181  -0.60357409
  31    1.9659333  -0.60139588
  32    1.9644172  -0.57835975
  33    1.9656401  -0.57523839
  34    1.9733540  -0.55069165
  35    1.9730477  -0.54021528
  36    1.9726024  -0.53343763
  37    1.9724830  -0.52919529
  38    1.9719041  -0.52684116
  39    1.9749763  -0.51715024
  40    1.9754347  -0.51711589
  41    1.9726019  -0.50841933
  42    0.0273981  -0.02881564
  43    0.0245653  -0.02603403
  44    0.0250237  -0.02643578
  45    0.0280959  -0.03063739
  46    0.0275170  -0.02983325
  47    0.0273976  -0.03001239
  48    0.0269523  -0.02915584
  49    0.0266460  -0.02976784
  50    0.0343599  -0.04588895
  51    0.0355828  -0.04884990
  52    0.0340667  -0.04683754
  53    0.0342819  -0.04728329
  54    0.0113357  -0.02714529
  55    0.0100149  -0.02884426
  56    0.0112907  -0.02744915
  57    0.0111881  -0.02755983
  58    0.0029849  -0.02904593
  59    0.0029113  -0.02129546
  60    0.0029131  -0.02130052
  61    0.0020499  -0.01844920
  62    0.0016421  -0.02473287
  63    0.0016017  -0.02405169
  64    0.0015308  -0.02189681
  65    0.0016075  -0.02430025
  66    0.0009987  -0.01821303
  67    0.0009836  -0.01799015
  68    0.0009608  -0.01783208
  69    0.0009644  -0.01780430
  70    0.0010022  -0.01822645
  71    0.0009762  -0.01797768
  72    0.0009866  -0.01802922
  73    0.0009718  -0.01785331
  74    0.0006702  -0.01540369
  75    0.0006655  -0.01533974
  76    0.0006609  -0.01528695
  77    0.0006601  -0.01527189
  78    0.0000381  -0.00516215
  79    0.0000358  -0.00623199
  80    0.0000313  -0.00577704
  81    0.0000314  -0.00579944
  82    0.0000311  -0.00575030
 
----------------
 Final Energies 
----------------
Final NOF Total Energy =   -2128.8009656
 
Total Orbital Internal Iterations = 1350
Total Occupation Internal Iterations = 141
 
Elapsed time:  447.73 Seconds

---------------------------------
   Lowdin Population Analysis    
---------------------------------
 Idx  Atom   Population   Charge 
---------------------------------
  1    Si    15.860      -1.860
  2    Cl    16.543       0.457
  3    Cl    16.532       0.468
  4    Cl    16.537       0.463
  5    Cl    16.528       0.472

---------------------------------
   M Diagnostic: 0.04
---------------------------------

Recovering execution output...
Moving from /scratch/pobleyef/212085 to /home-nas/pobleyef/Poison-NOF/ncwo1/P30-5/GNOFm25/arina.212085
mkdir -p /home-nas/pobleyef/Poison-NOF/ncwo1/P30-5/GNOFm25/arina.212085
mv /scratch/pobleyef/212085/* /home-nas/pobleyef/Poison-NOF/ncwo1/P30-5/GNOFm25/arina.212085
