Computing Integrals
Basis Set                                            = def2-qzvp
Auxiliary Basis Set                                  = def2-universal-jkfit
Gaussian Type                                        = Spherical
Elapsed time:   52.51 Seconds

Number of basis functions                   (NBF)    = 337
Number of auxiliary basis functions         (NBFAUX) = 587
Inactive Doubly occupied orbitals up to     (NO1)    = 0
No. considered Strongly Doubly occupied MOs (NDOC)   = 37
No. considered Strongly Singly occupied MOs (NSOC)   = 0
NO. of Weakly occ. per St. Doubly occ.  MOs (NCWO)   = 1
Dimension of the Nat. Orb. subspace         (NBF5)   = 74
No. of electrons                                     = 74
    No. of alpha electrons                           = 37
    No. of beta electrons                            = 37
Multiplicity                                         = 1

Geometry
========
 C       0.0000000       0.0000000       0.0000000
Cl       1.0334459      -1.0334459       1.0334459
Cl      -1.0334459       1.0334459       1.0334459
Cl      -1.0334459      -1.0334459      -1.0334459
Cl       1.0334459       1.0334459      -1.0334459

No violations of the orthonormality
No violations of the orthonormality
 
PNOF8/ADABelief Calculation
==================
 
  Nitext  Nit_orb  Time   Nit_occ  Time         Eelec          Etot           Ediff      maxdiff    MaxGrad_orb  Grad_occ
     1      10    1.2e+02    0    2.4e+01 -2311.91308118 -1877.37682181 -12310.91308118   0.006413   2.6e-02   1.7e-04 0.04
     2      30    3.1e+02    0    4.0e-02 -2311.91308118 -1877.37682181     0.00000000   0.006413   2.6e-02   1.7e-04 0.04
     3      50    5.1e+02    2    1.6e-01 -2311.91313665 -1877.37687728    -0.00005547   0.008030   3.2e-02   1.5e-04 0.04
     4      50    5.1e+02    2    4.7e-02 -2311.91317042 -1877.37691105    -0.00003377   0.006198   2.5e-02   1.5e-04 0.04
     5      50    4.9e+02    1    4.2e-02 -2311.91321747 -1877.37695810    -0.00004705   0.007914   3.2e-02   2.1e-04 0.04
     6      50    4.9e+02    2    4.3e-02 -2311.91324641 -1877.37698704    -0.00002894   0.006649   2.7e-02   1.2e-04 0.04
     7      50    4.8e+02    0    4.1e-02 -2311.91324841 -1877.37698904    -0.00000200   0.006649   2.7e-02   1.2e-04 0.04
     8      70    7.8e+02    1    5.0e-02 -2311.91421383 -1877.37795446    -0.00096542   0.000832   3.3e-03   1.2e-04 0.04
 
RESULTS OF THE OCCUPATION OPTIMIZATION
========================================
   1    1.9999736  -104.91875870
   2    1.9999732  -104.91851998
   3    1.9999727  -104.91739391
   4    1.9999732  -104.91648540
   5    1.9993288  -10.72856862
   6    1.9993259  -10.72331297
   7    1.9993314  -10.72050475
   8    1.9993533  -10.70040679
   9    1.9992346  -10.67299731
  10    1.9990269  -8.27370509
  11    1.9990217  -8.11685778
  12    1.9990027  -8.09064919
  13    1.9990041  -8.08792498
  14    1.9986600  -8.07069933
  15    1.9989869  -8.06991838
  16    1.9979769  -8.06938930
  17    1.9990090  -8.06916342
  18    1.9980086  -8.06622353
  19    1.9989983  -8.06611415
  20    1.9980188  -8.06515045
  21    1.9979971  -8.06455286
  22    1.9854800  -1.14621451
  23    1.9853841  -1.14498219
  24    1.9852517  -1.14475602
  25    1.9854331  -1.14389864
  26    1.9782505  -0.61701143
  27    1.9583027  -0.61346895
  28    1.9583679  -0.61139866
  29    1.9582358  -0.60548977
  30    1.9585527  -0.59951520
  31    1.9765507  -0.59313962
  32    1.9764299  -0.57250984
  33    1.9755998  -0.55223297
  34    1.9751310  -0.52829118
  35    1.9747651  -0.52221807
  36    1.9746882  -0.52177614
  37    1.9748132  -0.51813153
  38    0.0251868  -0.02663587
  39    0.0253118  -0.02687473
  40    0.0252349  -0.02705616
  41    0.0248690  -0.02671198
  42    0.0244002  -0.02761484
  43    0.0235701  -0.02723982
  44    0.0234493  -0.02721292
  45    0.0414473  -0.05475675
  46    0.0417642  -0.05515720
  47    0.0416321  -0.05497710
  48    0.0416973  -0.05509019
  49    0.0217495  -0.02600389
  50    0.0145669  -0.02387178
  51    0.0147483  -0.02368027
  52    0.0146159  -0.02398615
  53    0.0145200  -0.02409709
  54    0.0020029  -0.03148313
  55    0.0019812  -0.03123934
  56    0.0010017  -0.01819997
  57    0.0019914  -0.03133193
  58    0.0009910  -0.01811804
  59    0.0020231  -0.03159702
  60    0.0010131  -0.01836803
  61    0.0013400  -0.01447907
  62    0.0009959  -0.01820718
  63    0.0009973  -0.01818644
  64    0.0009783  -0.01803171
  65    0.0009731  -0.01790861
  66    0.0007654  -0.01595398
  67    0.0006467  -0.01515027
  68    0.0006686  -0.01553911
  69    0.0006741  -0.01557716
  70    0.0006712  -0.01554194
  71    0.0000268  -0.00528032
  72    0.0000273  -0.00530396
  73    0.0000268  -0.00527800
  74    0.0000264  -0.00524309
 
----------------
 Final Energies 
----------------
Final NOF Total Energy =   -1877.3779545
 
Total Orbital Internal Iterations = 360
Total Occupation Internal Iterations = 8
 
Elapsed time: 3785.53 Seconds

---------------------------------
   Lowdin Population Analysis    
---------------------------------
 Idx  Atom   Population   Charge 
---------------------------------
  1     C     7.646      -1.646
  2    Cl    16.587       0.413
  3    Cl    16.588       0.412
  4    Cl    16.587       0.413
  5    Cl    16.592       0.408

---------------------------------
   M Diagnostic: 0.04
---------------------------------

