G2RC_20_34
/software/eb2024/easybuild/software/common/software/Julia/1.11.3-linux-x86_64/bin/julia
Job runing on nh006
Choosing scratch ...
Automatic scratch folder selection
/scratch/pobleyef/212088
/scratch/pobleyef/212088 directory
cp G2RC_20_34.jl G2RC_20_34.jld2 to  /scratch/pobleyef/212088/.
Computing Integrals
Basis Set                                            = def2-qzvp
Auxiliary Basis Set                                  = def2-universal-jkfit
Gaussian Type                                        = Spherical
Elapsed time:    3.61 Seconds

Number of basis functions                   (NBF)    = 114
Number of auxiliary basis functions         (NBFAUX) = 154
Inactive Doubly occupied orbitals up to     (NO1)    = 0
No. considered Strongly Doubly occupied MOs (NDOC)   = 7
No. considered Strongly Singly occupied MOs (NSOC)   = 0
NO. of Weakly occ. per St. Doubly occ.  MOs (NCWO)   = 1
Dimension of the Nat. Orb. subspace         (NBF5)   = 14
No. of electrons                                     = 14
    No. of alpha electrons                           = 7
    No. of beta electrons                            = 7
Multiplicity                                         = 1

Geometry
========
 N       0.0000000       0.0000000      -0.5454291
 N       0.0000000       0.0000000       0.5454291

No violations of the orthonormality
No violations of the orthonormality
 
PNOF8/ADABelief Calculation
==================
 
  Nitext  Nit_orb  Time   Nit_occ  Time         Eelec          Etot           Ediff      maxdiff    MaxGrad_orb  Grad_occ
     1      10    2.9e+01    6    3.4e+01  -133.04552518  -109.27558998 -10132.04552518   0.016324   6.5e-02   1.1e-04 0.05
     2      20    6.7e-01    6    2.8e-02  -133.06637068  -109.29643547    -0.02084550   0.018789   7.5e-02   2.1e-04 0.05
     3      20    2.6e-01    6    1.7e-03  -133.07037317  -109.30043797    -0.00400249   0.019115   7.6e-02   1.6e-04 0.05
     4      20    3.1e-01    3    5.8e-03  -133.07303664  -109.30310144    -0.00266347   0.015703   6.3e-02   2.0e-04 0.05
     5      20    1.6e-01    4    1.5e-03  -133.07506176  -109.30512656    -0.00202512   0.016821   6.7e-02   1.8e-04 0.05
     6      20    2.9e-01    5    1.6e-03  -133.07647663  -109.30654142    -0.00141487   0.017028   6.8e-02   6.6e-05 0.05
     7      20    2.6e-01    4    6.0e-03  -133.07693006  -109.30699485    -0.00045343   0.015463   6.2e-02   7.5e-05 0.05
     8      20    3.3e-01    4    1.6e-03  -133.07717443  -109.30723923    -0.00024437   0.019340   7.7e-02   1.6e-04 0.05
     9      20    1.8e-01    0    1.3e-03  -133.07719855  -109.30726334    -0.00002411   0.019340   7.7e-02   1.6e-04 0.05
    10      40    3.8e-01    2    1.2e-03  -133.07837869  -109.30844349    -0.00118015   0.001236   4.9e-03   1.7e-04 0.05
    11      40    4.7e-01    0    1.2e-03  -133.07838307  -109.30844787    -0.00000438   0.001236   4.9e-03   1.7e-04 0.05
    12      48    6.9e-01    2    5.9e-03  -133.07839775  -109.30846254    -0.00001467   0.000490   2.0e-03   1.2e-04 0.05
 
RESULTS OF THE OCCUPATION OPTIMIZATION
========================================
   1    1.9997942  -15.66598679
   2    1.9997259  -15.66286265
   3    1.9921580  -1.36776641
   4    1.9847638  -0.79535355
   5    1.9736302  -0.75244524
   6    1.9472450  -0.62900252
   7    1.9472503  -0.62900234
   8    0.0527497  -0.05731986
   9    0.0527550  -0.05732169
  10    0.0263698  -0.03779251
  11    0.0152362  -0.02227985
  12    0.0078420  -0.01697965
  13    0.0002741  -0.00697671
  14    0.0002058  -0.00545527
 
----------------
 Final Energies 
----------------
Final NOF Total Energy =    -109.3084625
 
Total Orbital Internal Iterations = 298
Total Occupation Internal Iterations = 42
 
Elapsed time:   85.42 Seconds

---------------------------------
   Lowdin Population Analysis    
---------------------------------
 Idx  Atom   Population   Charge 
---------------------------------
  1     N     7.000      -0.000
  2     N     7.000       0.000

---------------------------------
   M Diagnostic: 0.05
---------------------------------

Recovering execution output...
Moving from /scratch/pobleyef/212088 to /home-nas/pobleyef/Poison-NOF/ncwo1/P30-5/GNOFm25/arina.212088
mkdir -p /home-nas/pobleyef/Poison-NOF/ncwo1/P30-5/GNOFm25/arina.212088
mv /scratch/pobleyef/212088/* /home-nas/pobleyef/Poison-NOF/ncwo1/P30-5/GNOFm25/arina.212088
