G2RC-68
/software/eb2024/easybuild/software/common/software/Julia/1.11.3-linux-x86_64/bin/julia
Job runing on nh011
Choosing scratch ...
Automatic scratch folder selection
/scratch/pobleyef/283703
/scratch/pobleyef/283703 directory
cp G2RC-68.jl G2RC-68.jld2 to  /scratch/pobleyef/283703/.
G2RC-68_C.jld2 not found
G2RC-68_n.jld2 not found
Computing Integrals
Basis Set                                            = def2-qzvp
Auxiliary Basis Set                                  = def2-universal-jkfit
Gaussian Type                                        = Spherical
Elapsed time:    3.92 Seconds

Number of basis functions                   (NBF)    = 171
Number of auxiliary basis functions         (NBFAUX) = 231
Inactive Doubly occupied orbitals up to     (NO1)    = 0
No. considered Strongly Doubly occupied MOs (NDOC)   = 11
No. considered Strongly Singly occupied MOs (NSOC)   = 0
NO. of Weakly occ. per St. Doubly occ.  MOs (NCWO)   = 1
Dimension of the Nat. Orb. subspace         (NBF5)   = 22
No. of electrons                                     = 22
    No. of alpha electrons                           = 11
    No. of beta electrons                            = 11
Multiplicity                                         = 1

Geometry
========
 N       0.0000000       0.0000000      -0.0211861
 N       0.0000000       0.0000000      -1.1424486
 O       0.0000000       0.0000000       1.1636347

No violations of the orthonormality
No violations of the orthonormality
 
PNOF8/ADABelief Calculation
==================
 
  Nitext  Nit_orb  Time   Nit_occ  Time         Eelec          Etot           Ediff      maxdiff    MaxGrad_orb  Grad_occ
     1      10    2.9e+01    5    3.4e+01  -237.30271767  -176.31576918 -10236.30271767   0.786354   3.1e+00   1.9e-04 0.01
     2      10    1.1e+00   10    2.8e-02  -242.50487722  -181.51792873    -5.20215955   0.326447   1.3e+00   2.0e-04 0.03
     3      10    1.1e+00   13    1.2e-02  -244.25934759  -183.27239910    -1.75447036   0.223729   8.9e-01   1.2e-04 0.05
     4      10    1.3e+00    9    6.2e-02  -244.76723954  -183.78029105    -0.50789195   0.211202   8.4e-01   1.9e-04 0.05
     5      10    1.2e+00    8    9.4e-03  -245.00284557  -184.01589708    -0.23560603   0.222595   8.9e-01   9.2e-05 0.05
     6      10    1.2e+00    8    1.8e-02  -245.11735325  -184.13040476    -0.11450768   0.214287   8.6e-01   5.8e-05 0.05
     7      10    1.1e+00    6    6.2e-03  -245.18368517  -184.19673668    -0.06633192   0.229242   9.2e-01   2.4e-04 0.05
     8      10    1.1e+00    6    5.3e-03  -245.21374377  -184.22679528    -0.03005860   0.205782   8.2e-01   1.3e-04 0.05
     9      10    1.1e+00    5    6.0e-02  -245.21701886  -184.23007037    -0.00327509   0.235287   9.4e-01   9.9e-05 0.05
    10      10    1.1e+00    0    3.9e-03  -245.21707455  -184.23012606    -0.00005569   0.235287   9.4e-01   9.9e-05 0.05
    11      30    3.5e+00    5    6.0e-03  -245.26941187  -184.28246338    -0.05233733   0.002553   1.0e-02   1.0e-04 0.05
    12      30    3.6e+00    5    1.8e-02  -245.26969128  -184.28274279    -0.00027941   0.003956   1.6e-02   1.0e-04 0.05
    13      30    3.5e+00    3    1.2e-02  -245.26983132  -184.28288283    -0.00014004   0.003813   1.5e-02   1.8e-04 0.05
    14      30    3.6e+00    3    1.9e-02  -245.26993567  -184.28298718    -0.00010435   0.003740   1.5e-02   1.3e-04 0.05
    15      30    3.6e+00    3    1.3e-02  -245.27000674  -184.28305825    -0.00007106   0.004218   1.7e-02   2.2e-04 0.05
    16      30    3.8e+00    0    4.7e-03  -245.27001377  -184.28306528    -0.00000703   0.004218   1.7e-02   2.2e-04 0.05
    17      39    4.4e+00    2    9.7e-02  -245.27026742  -184.28331893    -0.00025366   0.000480   1.9e-03   2.0e-04 0.05
 
RESULTS OF THE OCCUPATION OPTIMIZATION
========================================
   1    1.9998026  -20.25095569
   2    1.9996881  -16.11428047
   3    1.9996207  -15.78110266
   4    1.9920285  -1.60614227
   5    1.9889360  -1.25975840
   6    1.9868477  -0.89805647
   7    1.9762116  -0.85293288
   8    1.9865942  -0.74700048
   9    1.9642023  -0.74020157
  10    1.9467362  -0.53667295
  11    1.9466999  -0.53590517
  12    0.0533001  -0.06544866
  13    0.0532638  -0.06542309
  14    0.0357977  -0.05629366
  15    0.0134058  -0.01701580
  16    0.0237884  -0.03514756
  17    0.0131523  -0.02291063
  18    0.0110640  -0.02040517
  19    0.0079715  -0.01527706
  20    0.0003793  -0.00906455
  21    0.0003119  -0.00752113
  22    0.0001974  -0.00661434
 
----------------
 Final Energies 
----------------
Final NOF Total Energy =    -184.2833189
 
Total Orbital Internal Iterations = 319
Total Occupation Internal Iterations = 91
 
Elapsed time:  122.29 Seconds

---------------------------------
   Lowdin Population Analysis    
---------------------------------
 Idx  Atom   Population   Charge 
---------------------------------
  1     N     7.155      -0.155
  2     N     6.948       0.052
  3     O     7.897       0.103

---------------------------------
   M Diagnostic: 0.05
---------------------------------

Recovering execution output...
Moving from /scratch/pobleyef/283703 to /home-nas/pobleyef/Poison-NOF/ncwo1/P30-5/GNOFm25/arina.283703
mkdir -p /home-nas/pobleyef/Poison-NOF/ncwo1/P30-5/GNOFm25/arina.283703
mv /scratch/pobleyef/283703/* /home-nas/pobleyef/Poison-NOF/ncwo1/P30-5/GNOFm25/arina.283703
