G2RC_20_1
/software/eb2024/easybuild/software/common/software/Julia/1.11.3-linux-x86_64/bin/julia
Job runing on nh005
Choosing scratch ...
Automatic scratch folder selection
/scratch/pobleyef/212087
/scratch/pobleyef/212087 directory
cp G2RC_20_1.jl G2RC_20_1.jld2 to  /scratch/pobleyef/212087/.
Computing Integrals
Basis Set                                            = def2-qzvp
Auxiliary Basis Set                                  = def2-universal-jkfit
Gaussian Type                                        = Spherical
Elapsed time:    3.47 Seconds

Number of basis functions                   (NBF)    = 60
Number of auxiliary basis functions         (NBFAUX) = 36
Inactive Doubly occupied orbitals up to     (NO1)    = 0
No. considered Strongly Doubly occupied MOs (NDOC)   = 1
No. considered Strongly Singly occupied MOs (NSOC)   = 0
NO. of Weakly occ. per St. Doubly occ.  MOs (NCWO)   = 1
Dimension of the Nat. Orb. subspace         (NBF5)   = 2
No. of electrons                                     = 2
    No. of alpha electrons                           = 1
    No. of beta electrons                            = 1
Multiplicity                                         = 1

Geometry
========
 H       0.0000000       0.0000000      -0.3715911
 H       0.0000000       0.0000000       0.3715911

No violations of the orthonormality
No violations of the orthonormality
 
PNOF8/ADABelief Calculation
==================
 
  Nitext  Nit_orb  Time   Nit_occ  Time         Eelec          Etot           Ediff      maxdiff    MaxGrad_orb  Grad_occ
     1      10    2.8e+01    2    3.4e+01    -1.86397219    -1.15193138 -10000.86397219   0.004903   2.0e-02   5.5e-06 0.02
     2      16    6.2e-03    0    2.1e-04    -1.86416409    -1.15212328    -0.00019190   0.000227   9.1e-04   4.5e-06 0.02
 
RESULTS OF THE OCCUPATION OPTIMIZATION
========================================
   1    1.9757644  -0.60330386
   2    0.0242356  -0.01641146
 
----------------
 Final Energies 
----------------
Final NOF Total Energy =      -1.1521233
 
Total Orbital Internal Iterations = 26
Total Occupation Internal Iterations = 2
 
Elapsed time:   80.70 Seconds

---------------------------------
   Lowdin Population Analysis    
---------------------------------
 Idx  Atom   Population   Charge 
---------------------------------
  1     H     1.000      -0.000
  2     H     1.000       0.000

---------------------------------
   M Diagnostic: 0.02
---------------------------------

Recovering execution output...
Moving from /scratch/pobleyef/212087 to /home-nas/pobleyef/Poison-NOF/ncwo1/P30-5/GNOFm25/arina.212087
mkdir -p /home-nas/pobleyef/Poison-NOF/ncwo1/P30-5/GNOFm25/arina.212087
mv /scratch/pobleyef/212087/* /home-nas/pobleyef/Poison-NOF/ncwo1/P30-5/GNOFm25/arina.212087
