n
/software/eb2024/easybuild/software/common/software/Julia/1.11.3-linux-x86_64/bin/julia
Job runing on na16
Choosing scratch ...
Automatic scratch folder selection
/scratch/pobleyef/212094
/scratch/pobleyef/212094 directory
cp n.jl n.jld2 to  /scratch/pobleyef/212094/.
Computing Integrals
Basis Set                                            = def2-qzvp
Auxiliary Basis Set                                  = def2-universal-jkfit
Gaussian Type                                        = Spherical
Elapsed time:    2.75 Seconds

Number of basis functions                   (NBF)    = 57
Number of auxiliary basis functions         (NBFAUX) = 77
Inactive Doubly occupied orbitals up to     (NO1)    = 0
No. considered Strongly Doubly occupied MOs (NDOC)   = 2
No. considered Strongly Singly occupied MOs (NSOC)   = 3
NO. of Weakly occ. per St. Doubly occ.  MOs (NCWO)   = 1
Dimension of the Nat. Orb. subspace         (NBF5)   = 7
No. of electrons                                     = 7
    No. of alpha electrons                           = 5
    No. of beta electrons                            = 2
Multiplicity                                         = 4

Geometry
========
 N       0.0000000       0.0000000       0.0000000

No violations of the orthonormality
No violations of the orthonormality
 
PNOF8/ADABelief Calculation
==================
 
  Nitext  Nit_orb  Time   Nit_occ  Time         Eelec          Etot           Ediff      maxdiff    MaxGrad_orb  Grad_occ
     1      10    1.8e+01    4    2.2e+01   -54.46675482   -54.46675482 -10053.46675482   0.014992   6.0e-02   1.7e-05 0.02
     2      20    9.8e-03    2    2.9e-04   -54.47740086   -54.47740086    -0.01064604   0.004166   1.7e-02   2.0e-05 0.02
     3      20    3.0e-02    3    2.9e-04   -54.47814865   -54.47814865    -0.00074779   0.006830   2.7e-02   1.5e-05 0.03
     4      20    8.1e-03    3    2.3e-04   -54.47841722   -54.47841722    -0.00026857   0.008125   3.2e-02   3.0e-06 0.03
     5      20    1.8e-02    3    3.0e-04   -54.47857746   -54.47857746    -0.00016024   0.005003   2.0e-02   9.8e-07 0.03
     6      20    7.4e-03    1    1.5e-04   -54.47860527   -54.47860527    -0.00002780   0.006584   2.6e-02   1.2e-04 0.03
     7      20    1.2e-02    2    2.6e-04   -54.47865734   -54.47865734    -0.00005207   0.004759   1.9e-02   8.6e-05 0.03
     8      20    7.0e-03    0    1.2e-04   -54.47866560   -54.47866560    -0.00000826   0.004759   1.9e-02   8.6e-05 0.03
     9      23    5.1e-02    1    2.6e-04   -54.47878265   -54.47878265    -0.00011705   0.000423   1.7e-03   6.8e-05 0.03
 
RESULTS OF THE OCCUPATION OPTIMIZATION
========================================
   1    1.9997077  -15.64222440
   2    1.9698822  -0.96922690
   3    1.0000000  -0.29614217
   4    1.0000000  -0.29614087
   5    1.0000000  -0.29612467
   6    0.0301178  -0.02361148
   7    0.0002923  -0.00742855
 
----------------
 Final Energies 
----------------
Final NOF Total Energy =     -54.4787826
 
Total Orbital Internal Iterations = 173
Total Occupation Internal Iterations = 19
 
Elapsed time:   52.14 Seconds

---------------------------------
   Lowdin Population Analysis    
---------------------------------
 Idx  Atom   Population   Charge 
---------------------------------
  1     N     7.000      -0.000

---------------------------------
   M Diagnostic: 0.03
---------------------------------

Recovering execution output...
Moving from /scratch/pobleyef/212094 to /home-nas/pobleyef/Poison-NOF/ncwo1/P30-5/GNOFm25/arina.212094
mkdir -p /home-nas/pobleyef/Poison-NOF/ncwo1/P30-5/GNOFm25/arina.212094
mv /scratch/pobleyef/212094/* /home-nas/pobleyef/Poison-NOF/ncwo1/P30-5/GNOFm25/arina.212094
