o
/software/eb2024/easybuild/software/common/software/Julia/1.11.3-linux-x86_64/bin/julia
Job runing on nh005
Choosing scratch ...
Automatic scratch folder selection
/scratch/pobleyef/212095
/scratch/pobleyef/212095 directory
cp o.jl o.jld2 to  /scratch/pobleyef/212095/.
Computing Integrals
Basis Set                                            = def2-qzvp
Auxiliary Basis Set                                  = def2-universal-jkfit
Gaussian Type                                        = Spherical
Elapsed time:    3.52 Seconds

Number of basis functions                   (NBF)    = 57
Number of auxiliary basis functions         (NBFAUX) = 77
Inactive Doubly occupied orbitals up to     (NO1)    = 0
No. considered Strongly Doubly occupied MOs (NDOC)   = 3
No. considered Strongly Singly occupied MOs (NSOC)   = 2
NO. of Weakly occ. per St. Doubly occ.  MOs (NCWO)   = 1
Dimension of the Nat. Orb. subspace         (NBF5)   = 8
No. of electrons                                     = 8
    No. of alpha electrons                           = 5
    No. of beta electrons                            = 3
Multiplicity                                         = 3

Geometry
========
 O       0.0000000       0.0000000       0.0000000

No violations of the orthonormality
No violations of the orthonormality
 
PNOF8/ADABelief Calculation
==================
 
  Nitext  Nit_orb  Time   Nit_occ  Time         Eelec          Etot           Ediff      maxdiff    MaxGrad_orb  Grad_occ
     1      10    2.8e+01    4    3.4e+01   -74.90887300   -74.90887300 -10073.90887300   0.014271   5.7e-02   6.2e-05 0.02
     2      20    1.7e-02    4    6.6e-04   -74.91786980   -74.91786980    -0.00899680   0.004876   2.0e-02   1.7e-05 0.02
     3      20    3.9e-02    2    5.2e-04   -74.91930728   -74.91930728    -0.00143748   0.012962   5.2e-02   1.7e-04 0.02
     4      20    2.7e-02    3    5.4e-04   -74.92072927   -74.92072927    -0.00142199   0.011357   4.5e-02   1.3e-04 0.02
     5      20    1.6e-02    3    4.2e-04   -74.92204407   -74.92204407    -0.00131480   0.014626   5.9e-02   8.8e-05 0.02
     6      20    2.0e-02    3    4.6e-04   -74.92301636   -74.92301636    -0.00097229   0.010114   4.0e-02   7.8e-05 0.02
     7      20    2.0e-02    3    4.4e-04   -74.92373459   -74.92373459    -0.00071823   0.009847   3.9e-02   4.9e-05 0.02
     8      20    1.9e-02    0    3.3e-04   -74.92380141   -74.92380141    -0.00006682   0.009847   3.9e-02   4.9e-05 0.02
     9      40    3.4e-02    3    4.6e-04   -74.92458403   -74.92458403    -0.00078263   0.002482   9.9e-03   1.9e-05 0.02
    10      40    3.8e-02    2    4.8e-04   -74.92474302   -74.92474302    -0.00015898   0.001107   4.4e-03   4.4e-05 0.02
    11      40    3.4e-02    2    4.3e-04   -74.92478119   -74.92478119    -0.00003818   0.001233   4.9e-03   1.0e-04 0.02
    12      40    3.8e-02    1    4.5e-04   -74.92479292   -74.92479292    -0.00001173   0.001270   5.1e-03   8.8e-05 0.02
    13      40    3.4e-02    0    3.3e-04   -74.92479382   -74.92479382    -0.00000090   0.001270   5.1e-03   8.8e-05 0.02
    14      25    2.2e-02    0    3.4e-04   -74.92480299   -74.92480299    -0.00000916   0.000442   1.8e-03   1.6e-04 0.02
 
RESULTS OF THE OCCUPATION OPTIMIZATION
========================================
   1    1.9997875  -20.69861310
   2    1.9798001  -1.16515431
   3    1.9772040  -0.70216201
   4    1.0000000  -0.37054931
   5    1.0000000  -0.37053891
   6    0.0227960  -0.02507881
   7    0.0201999  -0.02494930
   8    0.0002125  -0.00714084
 
----------------
 Final Energies 
----------------
Final NOF Total Energy =     -74.9248030
 
Total Orbital Internal Iterations = 375
Total Occupation Internal Iterations = 30
 
Elapsed time:   80.54 Seconds

---------------------------------
   Lowdin Population Analysis    
---------------------------------
 Idx  Atom   Population   Charge 
---------------------------------
  1     O     8.000       0.000

---------------------------------
   M Diagnostic: 0.02
---------------------------------

Recovering execution output...
Moving from /scratch/pobleyef/212095 to /home-nas/pobleyef/Poison-NOF/ncwo1/P30-5/GNOFm25/arina.212095
mkdir -p /home-nas/pobleyef/Poison-NOF/ncwo1/P30-5/GNOFm25/arina.212095
mv /scratch/pobleyef/212095/* /home-nas/pobleyef/Poison-NOF/ncwo1/P30-5/GNOFm25/arina.212095
