W4-11-s
/software/eb2024/easybuild/software/common/software/Julia/1.11.3-linux-x86_64/bin/julia
Job runing on nh011
Choosing scratch ...
Automatic scratch folder selection
/scratch/pobleyef/283738
/scratch/pobleyef/283738 directory
cp W4-11-s.jl W4-11-s.jld2 to  /scratch/pobleyef/283738/.
W4-11-s_C.jld2 not found
W4-11-s_n.jld2 not found
Computing Integrals
Basis Set                                            = def2-qzvp
Auxiliary Basis Set                                  = def2-universal-jkfit
Gaussian Type                                        = Spherical
Elapsed time:    3.74 Seconds

Number of basis functions                   (NBF)    = 70
Number of auxiliary basis functions         (NBFAUX) = 128
Inactive Doubly occupied orbitals up to     (NO1)    = 0
No. considered Strongly Doubly occupied MOs (NDOC)   = 7
No. considered Strongly Singly occupied MOs (NSOC)   = 2
NO. of Weakly occ. per St. Doubly occ.  MOs (NCWO)   = 1
Dimension of the Nat. Orb. subspace         (NBF5)   = 16
No. of electrons                                     = 16
    No. of alpha electrons                           = 9
    No. of beta electrons                            = 7
Multiplicity                                         = 3

Geometry
========
 S       0.0000000       0.0000000       0.0000000

No violations of the orthonormality
No violations of the orthonormality
 
PNOF8/ADABelief Calculation
==================
 
  Nitext  Nit_orb  Time   Nit_occ  Time         Eelec          Etot           Ediff      maxdiff    MaxGrad_orb  Grad_occ
     1      10    2.9e+01    6    3.4e+01  -388.45796406  -388.45796406 -10387.45796406   1.632309   6.5e+00   5.9e-05 0.00
     2      10    5.5e-02    6    1.5e-03  -394.17344442  -394.17344442    -5.71548036   0.429004   1.7e+00   1.1e-04 0.00
     3      10    3.1e-02    6    1.5e-03  -396.17191569  -396.17191569    -1.99847127   0.309508   1.2e+00   1.7e-04 0.00
     4      10    2.4e-02    4    1.2e-03  -397.03420436  -397.03420436    -0.86228868   0.304257   1.2e+00   1.2e-04 0.00
     5      10    2.4e-02    3    1.6e-03  -397.44464065  -397.44464065    -0.41043628   0.630869   2.5e+00   1.3e-04 0.01
     6      10    2.4e-02    3    1.2e-03  -397.58042283  -397.58042283    -0.13578218   0.371195   1.5e+00   8.8e-05 0.01
     7      10    2.4e-02    4    1.1e-03  -397.64390050  -397.64390050    -0.06347767   0.352112   1.4e+00   1.4e-04 0.01
     8      10    2.4e-02    4    1.3e-03  -397.65945048  -397.65945048    -0.01554998   0.409530   1.6e+00   1.2e-04 0.01
     9      10    2.7e-02    4    1.2e-03  -397.67665136  -397.67665136    -0.01720088   0.435048   1.7e+00   1.3e-04 0.02
    10      10    2.4e-02    0    8.4e-04  -397.67728492  -397.67728492    -0.00063356   0.435048   1.7e+00   1.3e-04 0.02
    11      30    7.2e-02    3    1.3e-03  -397.74373449  -397.74373449    -0.06644957   0.025560   1.0e-01   8.3e-05 0.02
    12      30    7.0e-02    3    1.0e-03  -397.74787725  -397.74787725    -0.00414276   0.029810   1.2e-01   2.1e-04 0.02
    13      30    6.8e-02    3    1.3e-03  -397.74831619  -397.74831619    -0.00043895   0.022868   9.1e-02   1.7e-04 0.02
    14      30    6.7e-02    3    1.2e-03  -397.74881765  -397.74881765    -0.00050146   0.026498   1.1e-01   7.5e-05 0.02
    15      30    6.6e-02    3    1.1e-03  -397.74896005  -397.74896005    -0.00014240   0.039157   1.6e-01   1.0e-04 0.02
    16      30    7.3e-02    0    7.2e-04  -397.74901213  -397.74901213    -0.00005207   0.039157   1.6e-01   1.0e-04 0.02
    17      50    1.1e-01    3    4.9e-03  -397.75040062  -397.75040062    -0.00138850   0.005084   2.0e-02   1.4e-04 0.02
    18      50    1.1e-01    2    1.2e-03  -397.75060803  -397.75060803    -0.00020741   0.002905   1.2e-02   2.2e-04 0.02
    19      50    1.1e-01    3    1.2e-03  -397.75079464  -397.75079464    -0.00018661   0.004646   1.9e-02   1.3e-04 0.02
    20      50    1.1e-01    2    1.0e-03  -397.75099324  -397.75099324    -0.00019860   0.003719   1.5e-02   2.0e-04 0.02
    21      50    1.1e-01    3    1.1e-03  -397.75120310  -397.75120310    -0.00020986   0.003768   1.5e-02   9.7e-05 0.02
    22      50    1.1e-01    2    1.3e-03  -397.75142655  -397.75142655    -0.00022345   0.003868   1.5e-02   1.6e-04 0.03
    23      50    1.1e-01    2    9.1e-04  -397.75170548  -397.75170548    -0.00027893   0.003816   1.5e-02   1.4e-04 0.03
    24      50    1.1e-01    2    1.1e-03  -397.75197845  -397.75197845    -0.00027297   0.003793   1.5e-02   1.1e-04 0.03
    25      50    1.1e-01    1    1.0e-03  -397.75224908  -397.75224908    -0.00027064   0.003730   1.5e-02   1.9e-04 0.03
    26      50    1.1e-01    1    4.9e-03  -397.75242978  -397.75242978    -0.00018069   0.003791   1.5e-02   1.5e-04 0.03
    27      50    1.1e-01    1    1.1e-03  -397.75256679  -397.75256679    -0.00013702   0.003619   1.4e-02   1.2e-04 0.03
    28      50    1.0e-01    1    1.3e-03  -397.75264062  -397.75264062    -0.00007383   0.003840   1.5e-02   1.1e-04 0.03
    29      50    1.1e-01    1    8.9e-04  -397.75270239  -397.75270239    -0.00006176   0.003639   1.5e-02   1.0e-04 0.03
    30      50    1.1e-01    1    9.5e-04  -397.75273763  -397.75273763    -0.00003524   0.003753   1.5e-02   1.3e-04 0.03
    31      50    1.1e-01    1    1.2e-03  -397.75278790  -397.75278790    -0.00005028   0.004272   1.7e-02   1.4e-04 0.03
    32      50    1.1e-01    1    9.3e-04  -397.75279967  -397.75279967    -0.00001177   0.004126   1.7e-02   1.6e-04 0.03
    33      50    1.0e-01    1    9.8e-04  -397.75286442  -397.75286442    -0.00006475   0.004321   1.7e-02   1.4e-04 0.03
    34      50    1.1e-01    0    8.5e-04  -397.75286552  -397.75286552    -0.00000110   0.004321   1.7e-02   1.4e-04 0.03
    35      62    1.3e-01    1    9.6e-04  -397.75291024  -397.75291024    -0.00004472   0.000498   2.0e-03   1.2e-04 0.03
 
RESULTS OF THE OCCUPATION OPTIMIZATION
========================================
   1    1.9999659  -92.05521428
   2    1.9987814  -9.00908465
   3    1.9981576  -6.69252236
   4    1.9984232  -6.69086444
   5    1.9984121  -6.68843462
   6    1.9810216  -0.88922240
   7    1.9684761  -0.40938808
   8    1.0000000  -0.25023578
   9    1.0000000  -0.24910411
  10    0.0315239  -0.02228579
  11    0.0189784  -0.02594022
  12    0.0015879  -0.02148087
  13    0.0015768  -0.02139674
  14    0.0018424  -0.02499765
  15    0.0012186  -0.01974154
  16    0.0000341  -0.00564319
 
----------------
 Final Energies 
----------------
Final NOF Total Energy =    -397.7529102
 
Total Orbital Internal Iterations = 1242
Total Occupation Internal Iterations = 84
 
Elapsed time:   85.67 Seconds

---------------------------------
   Lowdin Population Analysis    
---------------------------------
 Idx  Atom   Population   Charge 
---------------------------------
  1     S    16.000      -0.000

---------------------------------
   M Diagnostic: 0.03
---------------------------------

Recovering execution output...
Moving from /scratch/pobleyef/283738 to /home-nas/pobleyef/Poison-NOF/ncwo1/P30-5/GNOFm25/arina.283738
mkdir -p /home-nas/pobleyef/Poison-NOF/ncwo1/P30-5/GNOFm25/arina.283738
mv /scratch/pobleyef/283738/* /home-nas/pobleyef/Poison-NOF/ncwo1/P30-5/GNOFm25/arina.283738
