W4-11-f
/software/eb2024/easybuild/software/common/software/Julia/1.11.3-linux-x86_64/bin/julia
Job runing on nagpu01
Choosing scratch ...
Automatic scratch folder selection
/scratch/pobleyef/283723
/scratch/pobleyef/283723 directory
cp W4-11-f.jl W4-11-f.jld2 to  /scratch/pobleyef/283723/.
W4-11-f_C.jld2 not found
W4-11-f_n.jld2 not found
Computing Integrals
Basis Set                                            = def2-qzvp
Auxiliary Basis Set                                  = def2-universal-jkfit
Gaussian Type                                        = Spherical
Elapsed time:    2.09 Seconds

Number of basis functions                   (NBF)    = 57
Number of auxiliary basis functions         (NBFAUX) = 77
Inactive Doubly occupied orbitals up to     (NO1)    = 0
No. considered Strongly Doubly occupied MOs (NDOC)   = 4
No. considered Strongly Singly occupied MOs (NSOC)   = 1
NO. of Weakly occ. per St. Doubly occ.  MOs (NCWO)   = 1
Dimension of the Nat. Orb. subspace         (NBF5)   = 9
No. of electrons                                     = 9
    No. of alpha electrons                           = 5
    No. of beta electrons                            = 4
Multiplicity                                         = 2

Geometry
========
 F       0.0000000       0.0000000       0.0000000

No violations of the orthonormality
No violations of the orthonormality
 
PNOF8/ADABelief Calculation
==================
 
  Nitext  Nit_orb  Time   Nit_occ  Time         Eelec          Etot           Ediff      maxdiff    MaxGrad_orb  Grad_occ
     1      10    1.6e+01    4    2.0e+01   -96.44724976   -96.44724976 -10095.44724976   0.897799   3.6e+00   1.1e-04 0.00
     2      10    5.3e-03    4    2.9e-04   -99.13482113   -99.13482113    -2.68757137   0.327316   1.3e+00   8.9e-05 0.01
     3      10    4.3e-03    6    2.9e-04   -99.51031864   -99.51031864    -0.37549751   0.315253   1.3e+00   9.4e-05 0.01
     4      10    3.0e-02    5    3.3e-04   -99.53779251   -99.53779251    -0.02747386   0.221302   8.9e-01   7.2e-05 0.01
     5      10    4.0e-03    3    2.4e-04   -99.54599553   -99.54599553    -0.00820302   0.265673   1.1e+00   1.5e-04 0.01
     6      10    1.2e-02    3    2.5e-04   -99.54817790   -99.54817790    -0.00218237   0.265006   1.1e+00   1.5e-04 0.02
     7      10    4.8e-03    2    4.6e-04   -99.54902644   -99.54902644    -0.00084854   0.289794   1.2e+00   2.9e-05 0.02
     8      10    4.0e-03    0    3.2e-03   -99.54908799   -99.54908799    -0.00006155   0.289794   1.2e+00   2.9e-05 0.02
     9      30    1.5e-02    1    3.5e-04   -99.55551309   -99.55551309    -0.00642510   0.004309   1.7e-02   1.5e-04 0.02
    10      30    1.5e-02    1    2.6e-04   -99.55554319   -99.55554319    -0.00003010   0.004083   1.6e-02   6.2e-05 0.02
    11      30    1.6e-02    0    3.0e-04   -99.55554577   -99.55554577    -0.00000259   0.004083   1.6e-02   6.2e-05 0.02
    12      39    1.9e-02    1    2.4e-04   -99.55560016   -99.55560016    -0.00005439   0.000476   1.9e-03   4.1e-05 0.02
 
RESULTS OF THE OCCUPATION OPTIMIZATION
========================================
   1    1.9998410  -26.42822127
   2    1.9875970  -1.60186431
   3    1.9848310  -0.73884172
   4    1.9822726  -0.73727563
   5    1.0000000  -0.44051649
   6    0.0177274  -0.02439445
   7    0.0151690  -0.02871427
   8    0.0124030  -0.02256371
   9    0.0001590  -0.00681975
 
----------------
 Final Energies 
----------------
Final NOF Total Energy =     -99.5556002
 
Total Orbital Internal Iterations = 209
Total Occupation Internal Iterations = 30
 
Elapsed time:   47.96 Seconds

---------------------------------
   Lowdin Population Analysis    
---------------------------------
 Idx  Atom   Population   Charge 
---------------------------------
  1     F     9.000       0.000

---------------------------------
   M Diagnostic: 0.02
---------------------------------

Recovering execution output...
Moving from /scratch/pobleyef/283723 to /home-nas/pobleyef/Poison-NOF/ncwo1/P30-5/GNOFm25/arina.283723
mkdir -p /home-nas/pobleyef/Poison-NOF/ncwo1/P30-5/GNOFm25/arina.283723
mv /scratch/pobleyef/283723/* /home-nas/pobleyef/Poison-NOF/ncwo1/P30-5/GNOFm25/arina.283723
