W4-11_134_fo2
/software/eb2024/easybuild/software/common/software/Julia/1.11.3-linux-x86_64/bin/julia
Job runing on nh005
Choosing scratch ...
Automatic scratch folder selection
/scratch/pobleyef/212116
/scratch/pobleyef/212116 directory
cp W4-11_134_fo2.jl W4-11_134_fo2.jld2 to  /scratch/pobleyef/212116/.
Computing Integrals
Basis Set                                            = def2-qzvp
Auxiliary Basis Set                                  = def2-universal-jkfit
Gaussian Type                                        = Spherical
Elapsed time:    3.77 Seconds

Number of basis functions                   (NBF)    = 171
Number of auxiliary basis functions         (NBFAUX) = 231
Inactive Doubly occupied orbitals up to     (NO1)    = 0
No. considered Strongly Doubly occupied MOs (NDOC)   = 12
No. considered Strongly Singly occupied MOs (NSOC)   = 1
NO. of Weakly occ. per St. Doubly occ.  MOs (NCWO)   = 1
Dimension of the Nat. Orb. subspace         (NBF5)   = 25
No. of electrons                                     = 25
    No. of alpha electrons                           = 13
    No. of beta electrons                            = 12
Multiplicity                                         = 2

Geometry
========
 F      -1.0111950      -0.7062760       0.0000000
 O       0.0000000       0.5752150       0.0000000
 O       1.1375950       0.2193450       0.0000000

No violations of the orthonormality
No violations of the orthonormality
 
PNOF8/ADABelief Calculation
==================
 
  Nitext  Nit_orb  Time   Nit_occ  Time         Eelec          Etot           Ediff      maxdiff    MaxGrad_orb  Grad_occ
     1      10    3.0e+01    8    3.4e+01  -317.55395489  -249.51595476 -10316.55395489   0.011571   4.6e-02   1.3e-04 0.06
     2      20    2.4e+00    0    3.7e-02  -317.57870355  -249.54070342    -0.02474866   0.011571   4.6e-02   1.3e-04 0.06
     3      40    4.8e+00   21    4.9e-02  -317.58680571  -249.54880558    -0.00810215   0.024835   9.9e-02   2.4e-04 0.06
     4      40    4.6e+00   10    1.4e-02  -317.59519352  -249.55719339    -0.00838781   0.003103   1.2e-02   1.6e-04 0.06
     5      40    4.7e+00    8    7.8e-03  -317.60037669  -249.56237656    -0.00518317   0.004244   1.7e-02   2.2e-04 0.06
     6      40    4.7e+00    5    3.2e-02  -317.60396575  -249.56596562    -0.00358906   0.004134   1.7e-02   6.9e-05 0.06
     7      40    4.8e+00    5    5.6e-02  -317.60600460  -249.56800448    -0.00203885   0.005167   2.1e-02   3.8e-05 0.06
     8      40    4.7e+00    5    1.6e-02  -317.60735495  -249.56935482    -0.00135035   0.003504   1.4e-02   2.9e-05 0.06
     9      40    4.7e+00    5    1.2e-02  -317.60824389  -249.57024377    -0.00088894   0.004391   1.8e-02   3.2e-05 0.06
    10      40    4.9e+00    4    1.0e-02  -317.60888732  -249.57088719    -0.00064343   0.003682   1.5e-02   1.5e-04 0.06
    11      40    5.4e+00    2    9.6e-03  -317.60937058  -249.57137045    -0.00048326   0.003615   1.4e-02   2.1e-04 0.06
    12      40    5.4e+00    2    1.9e-02  -317.60965564  -249.57165551    -0.00028506   0.004185   1.7e-02   2.2e-04 0.06
    13      40    5.0e+00    3    6.4e-02  -317.60988911  -249.57188898    -0.00023347   0.003628   1.5e-02   1.4e-04 0.06
    14      40    5.1e+00    2    4.7e-03  -317.61011580  -249.57211567    -0.00022669   0.003606   1.4e-02   1.3e-04 0.06
    15      40    5.9e+00    2    1.0e-01  -317.61034464  -249.57234451    -0.00022884   0.003444   1.4e-02   1.1e-04 0.06
    16      40    5.5e+00    2    1.8e-02  -317.61060293  -249.57260280    -0.00025829   0.003612   1.4e-02   1.7e-04 0.06
    17      40    4.8e+00    2    1.0e-02  -317.61083742  -249.57283729    -0.00023449   0.003756   1.5e-02   1.5e-04 0.06
    18      40    5.6e+00    2    2.2e-02  -317.61105119  -249.57305107    -0.00021377   0.004504   1.8e-02   1.8e-04 0.06
    19      40    5.6e+00    1    5.0e-03  -317.61123457  -249.57323445    -0.00018338   0.003535   1.4e-02   1.7e-04 0.06
    20      40    5.2e+00    2    4.5e-03  -317.61138496  -249.57338483    -0.00015038   0.003477   1.4e-02   1.3e-04 0.06
    21      40    5.4e+00    2    4.9e-03  -317.61149554  -249.57349541    -0.00011059   0.003656   1.5e-02   1.3e-04 0.06
    22      40    5.2e+00    2    9.6e-03  -317.61157226  -249.57357213    -0.00007671   0.003494   1.4e-02   1.0e-04 0.06
    23      40    5.1e+00    2    2.7e-02  -317.61161738  -249.57361726    -0.00004513   0.003562   1.4e-02   9.8e-05 0.06
    24      40    5.3e+00    2    4.8e-03  -317.61163720  -249.57363707    -0.00001981   0.003500   1.4e-02   7.2e-05 0.06
    25      40    5.3e+00    2    8.9e-02  -317.61165992  -249.57365980    -0.00002273   0.003462   1.4e-02   6.6e-05 0.06
    26      40    5.2e+00    2    9.2e-03  -317.61167352  -249.57367339    -0.00001359   0.003446   1.4e-02   6.1e-05 0.06
    27      40    4.8e+00    1    7.7e-03  -317.61168305  -249.57368292    -0.00000953   0.003468   1.4e-02   1.6e-04 0.06
    28      40    4.6e+00    1    1.7e-02  -317.61168679  -249.57368666    -0.00000374   0.003433   1.4e-02   1.5e-04 0.06
    29      40    4.7e+00    0    1.1e-02  -317.61168706  -249.57368693    -0.00000027   0.003433   1.4e-02   1.5e-04 0.06
    30      48    5.7e+00    0    4.8e-02  -317.61198002  -249.57397989    -0.00029296   0.000499   2.0e-03   1.7e-04 0.06
 
RESULTS OF THE OCCUPATION OPTIMIZATION
========================================
   1    1.9998531  -25.68739053
   2    1.9997912  -21.20329516
   3    1.9997929  -21.08584162
   4    1.9904864  -1.61362607
   5    1.9924721  -1.58551736
   6    1.9887077  -1.21127341
   7    1.9869491  -0.84940047
   8    1.9841898  -0.83283218
   9    1.9574669  -0.77763291
  10    1.9813640  -0.70290408
  11    1.9810220  -0.69351534
  12    1.9377675  -0.59421027
  13    1.0000000  -0.31999693
  14    0.0622325  -0.09799330
  15    0.0189780  -0.02525660
  16    0.0186360  -0.02498538
  17    0.0425331  -0.06148271
  18    0.0158102  -0.02409602
  19    0.0130509  -0.01755007
  20    0.0112923  -0.01806892
  21    0.0075279  -0.01816070
  22    0.0095136  -0.02594742
  23    0.0002071  -0.00684799
  24    0.0002088  -0.00668839
  25    0.0001469  -0.00622030
 
----------------
 Final Energies 
----------------
Final NOF Total Energy =    -249.5739799
 
Total Orbital Internal Iterations = 1158
Total Occupation Internal Iterations = 105
 
Elapsed time:  234.68 Seconds

---------------------------------
   Lowdin Population Analysis    
---------------------------------
 Idx  Atom   Population   Charge 
---------------------------------
  1     F     9.156      -0.156
  2     O     7.911       0.089
  3     O     7.933       0.067

---------------------------------
   M Diagnostic: 0.06
---------------------------------

Recovering execution output...
Moving from /scratch/pobleyef/212116 to /home-nas/pobleyef/Poison-NOF/ncwo1/P30-5/GNOFm25/arina.212116
mkdir -p /home-nas/pobleyef/Poison-NOF/ncwo1/P30-5/GNOFm25/arina.212116
mv /scratch/pobleyef/212116/* /home-nas/pobleyef/Poison-NOF/ncwo1/P30-5/GNOFm25/arina.212116
