Computing Integrals
Basis Set                                            = def2-qzvp
Auxiliary Basis Set                                  = def2-universal-jkfit
Gaussian Type                                        = Spherical
Elapsed time:   34.11 Seconds

Number of basis functions                   (NBF)    = 280
Number of auxiliary basis functions         (NBFAUX) = 512
Inactive Doubly occupied orbitals up to     (NO1)    = 0
No. considered Strongly Doubly occupied MOs (NDOC)   = 30
No. considered Strongly Singly occupied MOs (NSOC)   = 0
NO. of Weakly occ. per St. Doubly occ.  MOs (NCWO)   = 1
Dimension of the Nat. Orb. subspace         (NBF5)   = 60
No. of electrons                                     = 60
    No. of alpha electrons                           = 30
    No. of beta electrons                            = 30
Multiplicity                                         = 1

Geometry
========
 P       0.7773750       0.7773750       0.7773750
 P      -0.7773750      -0.7773750       0.7773750
 P      -0.7773750       0.7773750      -0.7773750
 P       0.7773750      -0.7773750      -0.7773750

No violations of the orthonormality
No violations of the orthonormality
 
PNOF8/ADABelief Calculation
==================
 
  Nitext  Nit_orb  Time   Nit_occ  Time         Eelec          Etot           Ediff      maxdiff    MaxGrad_orb  Grad_occ
     1      10    6.4e+01    0    2.3e+01 -1689.14112120 -1364.23458553 -11688.14112120   0.001335   5.3e-03   1.9e-04 0.04
     2      30    1.4e+02    0    2.5e-02 -1689.14112120 -1364.23458553     0.00000000   0.001335   5.3e-03   1.9e-04 0.04
     3      50    2.3e+02    0    2.4e-02 -1689.14112120 -1364.23458553     0.00000000   0.001335   5.3e-03   1.9e-04 0.04
     4      70    3.2e+02    1    8.3e-02 -1689.14116280 -1364.23462713    -0.00004160   0.001420   5.7e-03   1.8e-04 0.04
     5      70    3.1e+02    1    6.3e-02 -1689.14120380 -1364.23466813    -0.00004100   0.001352   5.4e-03   1.8e-04 0.04
     6      70    3.1e+02    1    6.7e-02 -1689.14124081 -1364.23470514    -0.00003701   0.001398   5.6e-03   1.7e-04 0.04
     7      70    2.7e+02    1    4.8e-02 -1689.14127318 -1364.23473751    -0.00003237   0.001304   5.2e-03   1.8e-04 0.04
     8      70    2.8e+02    1    2.5e-02 -1689.14130130 -1364.23476563    -0.00002812   0.001374   5.5e-03   1.7e-04 0.04
     9      70    2.7e+02    1    5.6e-02 -1689.14132568 -1364.23479001    -0.00002438   0.001210   4.8e-03   1.7e-04 0.04
    10      70    2.7e+02    1    2.5e-02 -1689.14134496 -1364.23480928    -0.00001928   0.001307   5.2e-03   1.6e-04 0.04
    11      70    2.7e+02    1    2.5e-02 -1689.14135969 -1364.23482401    -0.00001473   0.001335   5.3e-03   1.5e-04 0.04
    12      70    2.7e+02    0    2.4e-02 -1689.14137092 -1364.23483524    -0.00001123   0.001305   5.2e-03   2.2e-04 0.04
    13      80    3.2e+02    1    2.5e-02 -1689.14138745 -1364.23485178    -0.00001654   0.001007   4.0e-03   1.2e-04 0.04
    14      80    3.1e+02    0    2.4e-02 -1689.14139033 -1364.23485466    -0.00000288   0.000964   3.9e-03   1.7e-04 0.04
 
RESULTS OF THE OCCUPATION OPTIMIZATION
========================================
   1    1.9999652  -80.01583152
   2    1.9999608  -80.01581066
   3    1.9999602  -80.01566328
   4    1.9999586  -80.01546334
   5    1.9989147  -7.50872990
   6    1.9989183  -7.50858260
   7    1.9987329  -7.50803459
   8    1.9989045  -7.50757059
   9    1.9972588  -5.41296332
  10    1.9980077  -5.41245154
  11    1.9979316  -5.41214082
  12    1.9979165  -5.41150703
  13    1.9979793  -5.41148075
  14    1.9979795  -5.41147967
  15    1.9979107  -5.41128002
  16    1.9979586  -5.41093190
  17    1.9979090  -5.41071997
  18    1.9979461  -5.41054981
  19    1.9979135  -5.40954191
  20    1.9976708  -5.40950721
  21    1.9908835  -0.97852784
  22    1.9892838  -0.75138443
  23    1.9890785  -0.74723651
  24    1.9777960  -0.71262693
  25    1.9578731  -0.40961862
  26    1.9569455  -0.40845386
  27    1.9570709  -0.40821830
  28    1.9569926  -0.40793782
  29    1.9569172  -0.40632236
  30    1.9568437  -0.40614382
  31    0.0431563  -0.04678719
  32    0.0430828  -0.04679308
  33    0.0430074  -0.04683556
  34    0.0429291  -0.04684932
  35    0.0430545  -0.04687118
  36    0.0421269  -0.04688518
  37    0.0222040  -0.02469029
  38    0.0109215  -0.02807255
  39    0.0107162  -0.02892744
  40    0.0091165  -0.02773103
  41    0.0023292  -0.02169107
  42    0.0020865  -0.01959845
  43    0.0020539  -0.01943679
  44    0.0020910  -0.01950711
  45    0.0020414  -0.01939183
  46    0.0020893  -0.01964835
  47    0.0020205  -0.01935594
  48    0.0020207  -0.01906113
  49    0.0020835  -0.01949629
  50    0.0020684  -0.01936918
  51    0.0019923  -0.01914539
  52    0.0027412  -0.03005424
  53    0.0010955  -0.01485993
  54    0.0012671  -0.01547448
  55    0.0010817  -0.01497475
  56    0.0010853  -0.01491796
  57    0.0000414  -0.00584393
  58    0.0000398  -0.00562211
  59    0.0000392  -0.00559445
  60    0.0000348  -0.00527936
 
----------------
 Final Energies 
----------------
Final NOF Total Energy =   -1364.2348547
 
Total Orbital Internal Iterations = 880
Total Occupation Internal Iterations = 9
 
Elapsed time: 3713.63 Seconds

---------------------------------
   Lowdin Population Analysis    
---------------------------------
 Idx  Atom   Population   Charge 
---------------------------------
  1     P    15.001      -0.001
  2     P    15.000      -0.000
  3     P    14.997       0.003
  4     P    15.001      -0.001

---------------------------------
   M Diagnostic: 0.04
---------------------------------

