W4-11_107_so3
/software/eb2024/easybuild/software/common/software/Julia/1.11.3-linux-x86_64/bin/julia
Job runing on nh006
Choosing scratch ...
Automatic scratch folder selection
/scratch/pobleyef/212107
/scratch/pobleyef/212107 directory
cp W4-11_107_so3.jl W4-11_107_so3.jld2 to  /scratch/pobleyef/212107/.
Computing Integrals
Basis Set                                            = def2-qzvp
Auxiliary Basis Set                                  = def2-universal-jkfit
Gaussian Type                                        = Spherical
Elapsed time:    4.45 Seconds

Number of basis functions                   (NBF)    = 241
Number of auxiliary basis functions         (NBFAUX) = 359
Inactive Doubly occupied orbitals up to     (NO1)    = 0
No. considered Strongly Doubly occupied MOs (NDOC)   = 20
No. considered Strongly Singly occupied MOs (NSOC)   = 0
NO. of Weakly occ. per St. Doubly occ.  MOs (NCWO)   = 1
Dimension of the Nat. Orb. subspace         (NBF5)   = 40
No. of electrons                                     = 40
    No. of alpha electrons                           = 20
    No. of beta electrons                            = 20
Multiplicity                                         = 1

Geometry
========
 S       0.0000000       0.0000000       0.0000000
 O       0.0000000       1.4227900       0.0000000
 O       1.2321720      -0.7113950       0.0000000
 O      -1.2321720      -0.7113950       0.0000000

No violations of the orthonormality
No violations of the orthonormality
 
PNOF8/ADABelief Calculation
==================
 
  Nitext  Nit_orb  Time   Nit_occ  Time         Eelec          Etot           Ediff      maxdiff    MaxGrad_orb  Grad_occ
     1      10    2.9e+01    7    3.4e+01  -806.99850926  -622.94921290 -10805.99850926   0.024442   9.8e-02   2.2e-04 0.05
     2      20    3.1e+00    0    5.5e-02  -807.04185153  -622.99255517    -0.04334227   0.024442   9.8e-02   2.2e-04 0.05
     3      40    6.0e+00   39    5.6e-02  -807.07613318  -623.02683682    -0.03428165   0.277821   1.1e+00   2.0e-04 0.05
     4      40    6.0e+00   17    4.3e-02  -807.10899056  -623.05969421    -0.03285739   0.004659   1.9e-02   9.8e-05 0.05
     5      40    5.7e+00   12    3.1e-02  -807.12277014  -623.07347378    -0.01377958   0.015792   6.3e-02   1.6e-04 0.05
     6      40    6.0e+00    8    3.2e-02  -807.13302169  -623.08372533    -0.01025155   0.007524   3.0e-02   2.2e-04 0.05
     7      40    6.0e+00    8    2.9e-02  -807.13830845  -623.08901210    -0.00528677   0.012586   5.0e-02   1.2e-04 0.05
     8      40    5.9e+00    7    2.6e-02  -807.14236147  -623.09306512    -0.00405302   0.008036   3.2e-02   2.4e-04 0.05
     9      40    6.1e+00    7    2.2e-02  -807.14488043  -623.09558407    -0.00251895   0.011183   4.5e-02   1.1e-04 0.05
    10      40    6.1e+00    6    2.6e-02  -807.14670661  -623.09741025    -0.00182618   0.015260   6.1e-02   1.1e-04 0.05
    11      40    5.9e+00    5    2.1e-02  -807.14790353  -623.09860717    -0.00119692   0.014705   5.9e-02   1.9e-04 0.05
    12      40    5.9e+00    5    5.1e-02  -807.14876582  -623.09946947    -0.00086230   0.015621   6.2e-02   1.4e-04 0.05
    13      40    6.0e+00    5    2.0e-02  -807.14943999  -623.10014363    -0.00067416   0.013901   5.6e-02   1.2e-04 0.05
    14      40    5.9e+00    4    2.0e-02  -807.14988794  -623.10059158    -0.00044796   0.014057   5.6e-02   2.6e-04 0.05
    15      40    5.8e+00    4    2.0e-02  -807.15012416  -623.10082780    -0.00023622   0.013981   5.6e-02   2.0e-04 0.05
    16      40    5.8e+00    4    2.1e-02  -807.15023514  -623.10093879    -0.00011099   0.013756   5.5e-02   1.5e-04 0.05
    17      40    6.2e+00    4    2.0e-02  -807.15028548  -623.10098912    -0.00005034   0.013517   5.4e-02   9.6e-05 0.05
    18      40    6.1e+00    2    1.9e-02  -807.15031291  -623.10101655    -0.00002743   0.013757   5.5e-02   1.8e-04 0.05
    19      40    6.8e+00    4    1.4e-02  -807.15033974  -623.10104339    -0.00002684   0.013723   5.5e-02   8.5e-05 0.05
    20      40    6.7e+00    0    1.1e-02  -807.15034549  -623.10104914    -0.00000575   0.013723   5.5e-02   8.5e-05 0.05
    21      60    1.0e+01    2    2.1e-02  -807.15197866  -623.10268230    -0.00163316   0.001086   4.3e-03   1.3e-04 0.05
    22      60    9.0e+00    0    2.7e-02  -807.15198090  -623.10268454    -0.00000224   0.001086   4.3e-03   1.3e-04 0.05
    23      69    1.0e+01    1    1.2e-02  -807.15200142  -623.10270506    -0.00002052   0.000494   2.0e-03   2.5e-04 0.05
 
RESULTS OF THE OCCUPATION OPTIMIZATION
========================================
   1    1.9999751  -92.25417694
   2    1.9997765  -20.66559179
   3    1.9997721  -20.66350364
   4    1.9997687  -20.66295486
   5    1.9990866  -9.18448127
   6    1.9984552  -6.87687892
   7    1.9988802  -6.87587716
   8    1.9986046  -6.87407097
   9    1.9907603  -1.43974604
  10    1.9904982  -1.39591498
  11    1.9905265  -1.38814465
  12    1.9858088  -1.01080653
  13    1.9799588  -0.80070774
  14    1.9799766  -0.79943623
  15    1.9753591  -0.67330167
  16    1.9753699  -0.66950796
  17    1.9578949  -0.62328041
  18    1.9581900  -0.62261866
  19    1.9583056  -0.62074512
  20    1.9519334  -0.59001112
  21    0.0480666  -0.06907570
  22    0.0416944  -0.05828483
  23    0.0418100  -0.05847075
  24    0.0421051  -0.05877020
  25    0.0246301  -0.02842382
  26    0.0246409  -0.02839050
  27    0.0200234  -0.03065791
  28    0.0200412  -0.03059045
  29    0.0141912  -0.02340864
  30    0.0094735  -0.02254763
  31    0.0095018  -0.02280496
  32    0.0092397  -0.02256838
  33    0.0013954  -0.01976602
  34    0.0011198  -0.01672637
  35    0.0015448  -0.02385952
  36    0.0009134  -0.01583525
  37    0.0002313  -0.00706212
  38    0.0002279  -0.00704806
  39    0.0002235  -0.00700322
  40    0.0000249  -0.00451166
 
----------------
 Final Energies 
----------------
Final NOF Total Energy =    -623.1027051
 
Total Orbital Internal Iterations = 939
Total Occupation Internal Iterations = 151
 
Elapsed time:  230.42 Seconds

---------------------------------
   Lowdin Population Analysis    
---------------------------------
 Idx  Atom   Population   Charge 
---------------------------------
  1     S    16.182      -0.182
  2     O     7.942       0.058
  3     O     7.934       0.066
  4     O     7.942       0.058

---------------------------------
   M Diagnostic: 0.05
---------------------------------

Recovering execution output...
Moving from /scratch/pobleyef/212107 to /home-nas/pobleyef/Poison-NOF/ncwo1/P30-5/GNOFm25/arina.212107
mkdir -p /home-nas/pobleyef/Poison-NOF/ncwo1/P30-5/GNOFm25/arina.212107
mv /scratch/pobleyef/212107/* /home-nas/pobleyef/Poison-NOF/ncwo1/P30-5/GNOFm25/arina.212107
