W4-11-o3
/software/eb2024/easybuild/software/common/software/Julia/1.11.3-linux-x86_64/bin/julia
Job runing on na18
Choosing scratch ...
Automatic scratch folder selection
/scratch/pobleyef/283731
/scratch/pobleyef/283731 directory
cp W4-11-o3.jl W4-11-o3.jld2 to  /scratch/pobleyef/283731/.
W4-11-o3_C.jld2 not found
W4-11-o3_n.jld2 not found
Computing Integrals
Basis Set                                            = def2-qzvp
Auxiliary Basis Set                                  = def2-universal-jkfit
Gaussian Type                                        = Spherical
Elapsed time:    6.15 Seconds

Number of basis functions                   (NBF)    = 171
Number of auxiliary basis functions         (NBFAUX) = 231
Inactive Doubly occupied orbitals up to     (NO1)    = 0
No. considered Strongly Doubly occupied MOs (NDOC)   = 12
No. considered Strongly Singly occupied MOs (NSOC)   = 0
NO. of Weakly occ. per St. Doubly occ.  MOs (NCWO)   = 1
Dimension of the Nat. Orb. subspace         (NBF5)   = 24
No. of electrons                                     = 24
    No. of alpha electrons                           = 12
    No. of beta electrons                            = 12
Multiplicity                                         = 1

Geometry
========
 O       0.0000000       0.0000000       0.4412240
 O       0.0000000       1.0825250      -0.2206120
 O       0.0000000      -1.0825250      -0.2206120

No violations of the orthonormality
No violations of the orthonormality
 
PNOF8/ADABelief Calculation
==================
 
  Nitext  Nit_orb  Time   Nit_occ  Time         Eelec          Etot           Ediff      maxdiff    MaxGrad_orb  Grad_occ
     1      10    3.9e+01    7    2.1e+01  -285.69196405  -216.66507545 -10284.69196405   0.716068   2.9e+00   8.3e-05 0.01
     2      10    2.1e+01   11    2.3e-02  -291.54458482  -222.51769622    -5.85262077   0.285552   1.1e+00   2.2e-04 0.03
     3      10    2.0e+01   11    4.2e-03  -293.42837747  -224.40148887    -1.88379265   0.235631   9.4e-01   1.6e-04 0.04
     4      10    2.0e+01   11    1.0e-02  -293.75807748  -224.73118888    -0.32970001   0.368415   1.5e+00   7.1e-05 0.04
     5      10    2.2e+01    8    3.1e-03  -293.84995459  -224.82306599    -0.09187711   0.251307   1.0e+00   2.4e-04 0.05
     6      10    2.2e+01    7    3.4e-03  -293.89702202  -224.87013341    -0.04706742   0.267859   1.1e+00   1.5e-04 0.05
     7      10    2.2e+01    7    4.3e-03  -293.91783402  -224.89094541    -0.02081200   0.249470   1.0e+00   5.9e-05 0.06
     8      10    2.1e+01    7    3.5e-02  -293.92067502  -224.89378642    -0.00284100   0.283371   1.1e+00   3.2e-05 0.06
     9      10    2.1e+01    0    2.7e-03  -293.92087291  -224.89398430    -0.00019789   0.283371   1.1e+00   3.2e-05 0.06
    10      30    6.3e+01    5    1.8e-02  -293.99016591  -224.96327731    -0.06929301   0.005209   2.1e-02   1.6e-04 0.06
    11      30    6.3e+01    5    3.2e-02  -293.99240249  -224.96551388    -0.00223657   0.007797   3.1e-02   1.9e-04 0.06
    12      30    6.6e+01    3    2.9e-03  -293.99395932  -224.96707072    -0.00155683   0.005515   2.2e-02   1.8e-04 0.06
    13      30    6.8e+01    5    1.6e-02  -293.99493307  -224.96804447    -0.00097375   0.007339   2.9e-02   1.6e-04 0.06
    14      30    6.8e+01    3    3.0e-03  -293.99576833  -224.96887972    -0.00083526   0.006341   2.5e-02   1.4e-04 0.06
    15      30    7.0e+01    4    6.8e-03  -293.99584396  -224.96895536    -0.00007564   0.006925   2.8e-02   1.3e-04 0.06
    16      30    7.2e+01    4    2.5e-03  -293.99595020  -224.96906160    -0.00010624   0.007264   2.9e-02   8.1e-05 0.06
    17      30    6.8e+01    2    3.3e-03  -293.99601172  -224.96912312    -0.00006152   0.006858   2.7e-02   1.9e-04 0.06
    18      30    6.4e+01    0    7.5e-03  -293.99602308  -224.96913448    -0.00001136   0.006858   2.7e-02   1.9e-04 0.06
    19      45    9.3e+01    2    8.5e-03  -293.99658801  -224.96969941    -0.00056493   0.000495   2.0e-03   7.7e-05 0.06
 
RESULTS OF THE OCCUPATION OPTIMIZATION
========================================
   1    1.9997953  -20.85576971
   2    1.9998154  -20.74004622
   3    1.9998218  -20.72520041
   4    1.9931507  -1.66062556
   5    1.9892991  -1.28014494
   6    1.9899503  -1.25220318
   7    1.9862655  -0.80277365
   8    1.9843657  -0.76837173
   9    1.9539605  -0.76807165
  10    1.9539281  -0.76790275
  11    1.9808475  -0.64432615
  12    1.9359671  -0.51170105
  13    0.0640329  -0.09344645
  14    0.0191525  -0.02343273
  15    0.0460719  -0.06893347
  16    0.0460395  -0.06887941
  17    0.0156343  -0.02165694
  18    0.0137345  -0.01668552
  19    0.0100497  -0.02089361
  20    0.0107009  -0.02314769
  21    0.0068493  -0.01842690
  22    0.0001782  -0.00605279
  23    0.0001846  -0.00619066
  24    0.0002047  -0.00653656
 
----------------
 Final Energies 
----------------
Final NOF Total Energy =    -224.9696994
 
Total Orbital Internal Iterations = 405
Total Occupation Internal Iterations = 102
 
Elapsed time: 1008.06 Seconds

---------------------------------
   Lowdin Population Analysis    
---------------------------------
 Idx  Atom   Population   Charge 
---------------------------------
  1     O     7.937       0.063
  2     O     8.034      -0.034
  3     O     8.030      -0.030

---------------------------------
   M Diagnostic: 0.06
---------------------------------

Recovering execution output...
Moving from /scratch/pobleyef/283731 to /home-nas/pobleyef/Poison-NOF/ncwo1/P30-5/GNOFm25/arina.283731
mkdir -p /home-nas/pobleyef/Poison-NOF/ncwo1/P30-5/GNOFm25/arina.283731
mv /scratch/pobleyef/283731/* /home-nas/pobleyef/Poison-NOF/ncwo1/P30-5/GNOFm25/arina.283731
