W4-11-sif4
/software/eb2024/easybuild/software/common/software/Julia/1.11.3-linux-x86_64/bin/julia
Job runing on nh013
Choosing scratch ...
Automatic scratch folder selection
/scratch/pobleyef/283736
/scratch/pobleyef/283736 directory
cp W4-11-sif4.jl W4-11-sif4.jld2 to  /scratch/pobleyef/283736/.
W4-11-sif4_C.jld2 not found
W4-11-sif4_n.jld2 not found
Computing Integrals
Basis Set                                            = def2-qzvp
Auxiliary Basis Set                                  = def2-universal-jkfit
Gaussian Type                                        = Spherical
Elapsed time:    5.01 Seconds

Number of basis functions                   (NBF)    = 298
Number of auxiliary basis functions         (NBFAUX) = 436
Inactive Doubly occupied orbitals up to     (NO1)    = 0
No. considered Strongly Doubly occupied MOs (NDOC)   = 25
No. considered Strongly Singly occupied MOs (NSOC)   = 0
NO. of Weakly occ. per St. Doubly occ.  MOs (NCWO)   = 1
Dimension of the Nat. Orb. subspace         (NBF5)   = 50
No. of electrons                                     = 50
    No. of alpha electrons                           = 25
    No. of beta electrons                            = 25
Multiplicity                                         = 1

Geometry
========
 F       0.9009150       0.9009150       0.9009150
Si       0.0000000       0.0000000       0.0000000
 F      -0.9009150      -0.9009150       0.9009150
 F      -0.9009150       0.9009150      -0.9009150
 F       0.9009150      -0.9009150      -0.9009150

No violations of the orthonormality
No violations of the orthonormality
 
PNOF8/ADABelief Calculation
==================
 
  Nitext  Nit_orb  Time   Nit_occ  Time         Eelec          Etot           Ediff      maxdiff    MaxGrad_orb  Grad_occ
     1      10    3.0e+01    5    3.7e+01  -916.16179803  -644.31729798 -10915.16179803   1.130974   4.5e+00   2.0e-04 0.01
     2      10    1.9e+00   16    8.1e-02  -943.93419252  -672.08969247   -27.77239449   0.589197   2.4e+00   3.0e-04 0.03
     3      10    1.7e+00   13    6.4e-02  -956.04877348  -684.20427343   -12.11458096   0.292071   1.2e+00   2.0e-04 0.04
     4      10    1.7e+00    9    1.3e-01  -958.64732740  -686.80282735    -2.59855392   0.262622   1.1e+00   1.5e-04 0.04
     5      10    1.7e+00    8    7.9e-02  -959.21026442  -687.36576437    -0.56293702   2.099021   8.4e+00   1.7e-04 0.04
     6      10    1.7e+00    7    6.2e-02  -959.24118120  -687.39668115    -0.03091677   0.327373   1.3e+00   2.6e-04 0.04
     7      10    1.7e+00    0    6.2e-02  -959.24319176  -687.39869171    -0.00201056   0.327373   1.3e+00   2.6e-04 0.04
     8      30    5.0e+00    7    8.9e-02  -959.98009679  -688.13559674    -0.73690504   0.085501   3.4e-01   1.7e-04 0.04
     9      30    5.0e+00    5    4.0e-02  -960.01726347  -688.17276342    -0.03716668   0.025154   1.0e-01   2.3e-04 0.03
    10      30    5.1e+00    5    5.3e-02  -960.02368747  -688.17918742    -0.00642399   0.019263   7.7e-02   2.4e-04 0.03
    11      30    5.1e+00    4    4.9e-02  -960.02611323  -688.18161318    -0.00242577   0.027721   1.1e-01   2.4e-04 0.03
    12      30    5.0e+00    4    5.2e-02  -960.02668558  -688.18218553    -0.00057235   0.027060   1.1e-01   2.1e-04 0.03
    13      30    5.0e+00    3    4.1e-02  -960.02788431  -688.18338426    -0.00119873   0.020038   8.0e-02   1.7e-04 0.03
    14      30    5.0e+00    0    3.5e-02  -960.02795116  -688.18345111    -0.00006685   0.020038   8.0e-02   1.7e-04 0.03
    15      50    8.3e+00    3    4.4e-02  -960.03426882  -688.18976877    -0.00631766   0.001833   7.3e-03   1.2e-04 0.03
    16      50    8.3e+00    2    3.9e-02  -960.03458406  -688.19008401    -0.00031524   0.003917   1.6e-02   2.6e-04 0.03
    17      50    8.3e+00    2    3.6e-02  -960.03476979  -688.19026974    -0.00018573   0.005087   2.0e-02   1.9e-04 0.03
    18      50    8.2e+00    2    3.7e-02  -960.03494230  -688.19044225    -0.00017251   0.004005   1.6e-02   1.6e-04 0.03
    19      50    8.4e+00    2    4.2e-02  -960.03502790  -688.19052785    -0.00008560   0.004124   1.6e-02   1.2e-04 0.03
    20      50    8.2e+00    2    3.8e-02  -960.03506289  -688.19056284    -0.00003498   0.005195   2.1e-02   1.1e-04 0.03
    21      50    8.3e+00    2    3.6e-02  -960.03511402  -688.19061397    -0.00005113   0.004055   1.6e-02   9.1e-05 0.03
    22      50    8.3e+00    1    3.7e-02  -960.03513332  -688.19063327    -0.00001931   0.003929   1.6e-02   2.2e-04 0.03
    23      50    8.3e+00    0    3.5e-02  -960.03513727  -688.19063722    -0.00000395   0.003929   1.6e-02   2.2e-04 0.03
    24      69    1.1e+01    1    7.1e-02  -960.03529608  -688.19079603    -0.00015881   0.000484   1.9e-03   1.9e-04 0.03
 
RESULTS OF THE OCCUPATION OPTIMIZATION
========================================
   1    1.9999617  -68.93967488
   2    1.9998469  -26.38381182
   3    1.9998470  -26.38298442
   4    1.9998337  -26.38020711
   5    1.9998328  -26.37868593
   6    1.9981934  -6.23265137
   7    1.9974595  -4.34784054
   8    1.9975655  -4.34716794
   9    1.9975608  -4.34700657
  10    1.9918965  -1.66307218
  11    1.9919187  -1.63978902
  12    1.9907327  -1.62604511
  13    1.9907586  -1.62220379
  14    1.9835831  -0.81999259
  15    1.9821907  -0.80009091
  16    1.9859295  -0.79934398
  17    1.9844550  -0.79446179
  18    1.9859873  -0.78983953
  19    1.9814176  -0.78855431
  20    1.9667566  -0.78329652
  21    1.9672187  -0.77517084
  22    1.9716170  -0.76972808
  23    1.9677857  -0.74797680
  24    1.9775229  -0.72683315
  25    1.9732634  -0.71839090
  26    0.0267366  -0.03471490
  27    0.0224771  -0.02910576
  28    0.0322143  -0.04875770
  29    0.0283830  -0.03988392
  30    0.0327813  -0.05115742
  31    0.0332434  -0.05291953
  32    0.0185824  -0.02728245
  33    0.0140127  -0.02669033
  34    0.0155450  -0.02306045
  35    0.0140705  -0.02683838
  36    0.0178093  -0.02643842
  37    0.0164169  -0.02545305
  38    0.0092414  -0.02508123
  39    0.0092673  -0.02515152
  40    0.0080813  -0.01830320
  41    0.0081035  -0.01859724
  42    0.0024392  -0.01778733
  43    0.0024345  -0.01771711
  44    0.0025405  -0.02572241
  45    0.0018066  -0.01610850
  46    0.0001672  -0.00694072
  47    0.0001663  -0.00691065
  48    0.0001530  -0.00639652
  49    0.0001531  -0.00640337
  50    0.0000383  -0.00506211
 
----------------
 Final Energies 
----------------
Final NOF Total Energy =    -688.1907960
 
Total Orbital Internal Iterations = 799
Total Occupation Internal Iterations = 103
 
Elapsed time:  227.62 Seconds

---------------------------------
   Lowdin Population Analysis    
---------------------------------
 Idx  Atom   Population   Charge 
---------------------------------
  1     F     8.658       0.342
  2    Si    15.356      -1.356
  3     F     8.666       0.334
  4     F     8.655       0.345
  5     F     8.664       0.336

---------------------------------
   M Diagnostic: 0.03
---------------------------------

Recovering execution output...
Moving from /scratch/pobleyef/283736 to /home-nas/pobleyef/Poison-NOF/ncwo1/P30-5/GNOFm25/arina.283736
mkdir -p /home-nas/pobleyef/Poison-NOF/ncwo1/P30-5/GNOFm25/arina.283736
mv /scratch/pobleyef/283736/* /home-nas/pobleyef/Poison-NOF/ncwo1/P30-5/GNOFm25/arina.283736
