Computing Integrals
Basis Set                                            = def2-qzvp
Auxiliary Basis Set                                  = def2-universal-jkfit
Gaussian Type                                        = Spherical
Elapsed time:    5.22 Seconds

Number of basis functions                   (NBF)    = 201
Number of auxiliary basis functions         (NBFAUX) = 249
Inactive Doubly occupied orbitals up to     (NO1)    = 0
No. considered Strongly Doubly occupied MOs (NDOC)   = 11
No. considered Strongly Singly occupied MOs (NSOC)   = 0
NO. of Weakly occ. per St. Doubly occ.  MOs (NCWO)   = 1
Dimension of the Nat. Orb. subspace         (NBF5)   = 22
No. of electrons                                     = 22
    No. of alpha electrons                           = 11
    No. of beta electrons                            = 11
Multiplicity                                         = 1

Geometry
========
 H       1.0789720      -1.3818100       0.0000000
 N       0.0937700      -1.1298800       0.0000000
 N       0.0000000       0.1110980       0.0000000
 N      -0.2479090       1.2161830       0.0000000

No violations of the orthonormality
No violations of the orthonormality
 
PNOF8/ADABelief Calculation
==================
 
  Nitext  Nit_orb  Time   Nit_occ  Time         Eelec          Etot           Ediff      maxdiff    MaxGrad_orb  Grad_occ
     1      10    4.5e+01    0    2.5e+01  -226.00549093  -164.41503553 -10225.00549093   0.000494   2.0e-03   1.9e-04 0.05
 
RESULTS OF THE OCCUPATION OPTIMIZATION
========================================
   1    1.9996708  -15.73754754
   2    1.9997089  -15.66285172
   3    1.9996803  -15.63910493
   4    1.9915972  -1.46604319
   5    1.9891437  -1.07227519
   6    1.9862182  -0.89538356
   7    1.9761415  -0.80441818
   8    1.9713468  -0.72231501
   9    1.9650722  -0.66834511
  10    1.9467341  -0.58510247
  11    1.9450873  -0.45915776
  12    0.0549127  -0.06291834
  13    0.0532659  -0.06200425
  14    0.0349278  -0.04954361
  15    0.0286532  -0.03062909
  16    0.0238585  -0.03369810
  17    0.0137818  -0.02043180
  18    0.0108563  -0.01739328
  19    0.0084028  -0.01524983
  20    0.0003197  -0.00757251
  21    0.0002911  -0.00707579
  22    0.0003292  -0.00785558
 
----------------
 Final Energies 
----------------
Final NOF Total Energy =    -164.4150355
 
Total Orbital Internal Iterations = 10
Total Occupation Internal Iterations = 0
 
Elapsed time:   84.07 Seconds

---------------------------------
   Lowdin Population Analysis    
---------------------------------
 Idx  Atom   Population   Charge 
---------------------------------
  1     H     1.257      -0.257
  2     N     6.831       0.169
  3     N     6.978       0.022
  4     N     6.934       0.066

---------------------------------
   M Diagnostic: 0.05
---------------------------------

