W4-11-bn
/software/eb2024/easybuild/software/common/software/Julia/1.11.3-linux-x86_64/bin/julia
Job runing on na14
Choosing scratch ...
Automatic scratch folder selection
/scratch/pobleyef/283717
/scratch/pobleyef/283717 directory
cp W4-11-bn.jl W4-11-bn.jld2 to  /scratch/pobleyef/283717/.
W4-11-bn_C.jld2 not found
W4-11-bn_n.jld2 not found
Computing Integrals
Basis Set                                            = def2-qzvp
Auxiliary Basis Set                                  = def2-universal-jkfit
Gaussian Type                                        = Spherical
Elapsed time:    2.72 Seconds

Number of basis functions                   (NBF)    = 114
Number of auxiliary basis functions         (NBFAUX) = 152
Inactive Doubly occupied orbitals up to     (NO1)    = 0
No. considered Strongly Doubly occupied MOs (NDOC)   = 6
No. considered Strongly Singly occupied MOs (NSOC)   = 0
NO. of Weakly occ. per St. Doubly occ.  MOs (NCWO)   = 1
Dimension of the Nat. Orb. subspace         (NBF5)   = 12
No. of electrons                                     = 12
    No. of alpha electrons                           = 6
    No. of beta electrons                            = 6
Multiplicity                                         = 1

Geometry
========
 B       0.0000000       0.0000000      -0.7484170
 N       0.0000000       0.0000000       0.5345830

No violations of the orthonormality
No violations of the orthonormality
 
PNOF8/ADABelief Calculation
==================
 
  Nitext  Nit_orb  Time   Nit_occ  Time         Eelec          Etot           Ediff      maxdiff    MaxGrad_orb  Grad_occ
     1      10    2.7e+01    6    2.3e+01   -90.19129002   -75.75546430 -10089.19129002   0.412518   1.7e+00   6.3e-05 0.01
     2      10    8.4e+00    5    2.1e-03   -92.74116611   -78.30534039    -2.54987609   0.226670   9.1e-01   8.5e-05 0.02
     3      10    1.0e+01    8    4.1e-03   -93.35405718   -78.91823146    -0.61289106   0.153674   6.1e-01   2.1e-04 0.04
     4      10    9.9e+00    7    1.9e-03   -93.50726133   -79.07143561    -0.15320415   0.191400   7.7e-01   1.1e-04 0.06
     5      10    1.0e+01    6    1.5e-02   -93.56066209   -79.12483637    -0.05340077   0.156579   6.3e-01   7.7e-05 0.07
     6      10    1.0e+01    3    1.6e-03   -93.57072173   -79.13489601    -0.01005963   0.159710   6.4e-01   1.6e-04 0.07
     7      10    1.1e+01    3    4.5e-02   -93.57616707   -79.14034135    -0.00544534   0.149106   6.0e-01   1.5e-04 0.07
     8      10    1.1e+01    2    4.5e-03   -93.57925766   -79.14343194    -0.00309059   0.169336   6.8e-01   1.9e-04 0.07
     9      10    1.1e+01    4    1.6e-03   -93.58125382   -79.14542810    -0.00199616   0.148118   5.9e-01   3.6e-05 0.07
    10      10    9.2e+00    2    1.3e-03   -93.58461152   -79.14878580    -0.00335770   0.187514   7.5e-01   1.7e-04 0.07
    11      10    9.7e+00    4    1.3e-03   -93.58788023   -79.15205451    -0.00326871   0.189625   7.6e-01   3.3e-05 0.07
    12      10    9.7e+00    0    1.2e-03   -93.58793654   -79.15211082    -0.00005631   0.189625   7.6e-01   3.3e-05 0.07
    13      30    2.8e+01    3    3.9e-02   -93.60246470   -79.16663898    -0.01452816   0.004930   2.0e-02   2.7e-04 0.07
    14      30    3.1e+01    5    2.7e-03   -93.60543515   -79.16960943    -0.00297045   0.004180   1.7e-02   3.3e-05 0.07
    15      30    3.0e+01    3    2.6e-03   -93.60913287   -79.17330715    -0.00369772   0.003926   1.6e-02   2.2e-04 0.07
    16      30    3.1e+01    3    3.5e-02   -93.61348047   -79.17765475    -0.00434761   0.004231   1.7e-02   1.1e-04 0.07
    17      30    2.9e+01    3    2.3e-02   -93.61587699   -79.18005127    -0.00239652   0.005388   2.2e-02   1.7e-04 0.06
    18      30    2.7e+01    4    2.5e-02   -93.61670856   -79.18088284    -0.00083157   0.003759   1.5e-02   2.9e-05 0.06
    19      30    2.9e+01    1    2.9e-03   -93.61694167   -79.18111595    -0.00023311   0.002872   1.1e-02   2.1e-04 0.06
    20      30    2.9e+01    1    2.5e-02   -93.61701286   -79.18118714    -0.00007119   0.003728   1.5e-02   1.7e-04 0.06
    21      30    2.8e+01    0    2.5e-03   -93.61703581   -79.18121009    -0.00002295   0.003728   1.5e-02   1.7e-04 0.06
    22      39    3.7e+01    1    2.4e-02   -93.61713380   -79.18130808    -0.00009800   0.000480   1.9e-03   1.3e-04 0.06
 
RESULTS OF THE OCCUPATION OPTIMIZATION
========================================
   1    1.9997278  -15.61549885
   2    1.9991588  -7.68965310
   3    1.9849883  -1.09860647
   4    1.9398546  -0.47527676
   5    1.9382213  -0.47486111
   6    1.9380052  -0.47449768
   7    0.0619948  -0.04832796
   8    0.0617787  -0.04817616
   9    0.0601454  -0.04702990
  10    0.0150117  -0.02384260
  11    0.0008412  -0.01039879
  12    0.0002722  -0.00690118
 
----------------
 Final Energies 
----------------
Final NOF Total Energy =     -79.1813081
 
Total Orbital Internal Iterations = 429
Total Occupation Internal Iterations = 74
 
Elapsed time:  474.04 Seconds

---------------------------------
   Lowdin Population Analysis    
---------------------------------
 Idx  Atom   Population   Charge 
---------------------------------
  1     B     5.199      -0.199
  2     N     6.801       0.199

---------------------------------
   M Diagnostic: 0.06
---------------------------------

Recovering execution output...
Moving from /scratch/pobleyef/283717 to /home-nas/pobleyef/Poison-NOF/ncwo1/P30-5/GNOFm25/arina.283717
mkdir -p /home-nas/pobleyef/Poison-NOF/ncwo1/P30-5/GNOFm25/arina.283717
mv /scratch/pobleyef/283717/* /home-nas/pobleyef/Poison-NOF/ncwo1/P30-5/GNOFm25/arina.283717
