W4-11_120_t-hooo
/software/eb2024/easybuild/software/common/software/Julia/1.11.3-linux-x86_64/bin/julia
Job runing on nh006
Choosing scratch ...
Automatic scratch folder selection
/scratch/pobleyef/212112
/scratch/pobleyef/212112 directory
cp W4-11_120_t-hooo.jl W4-11_120_t-hooo.jld2 to  /scratch/pobleyef/212112/.
Computing Integrals
Basis Set                                            = def2-qzvp
Auxiliary Basis Set                                  = def2-universal-jkfit
Gaussian Type                                        = Spherical
Elapsed time:    4.04 Seconds

Number of basis functions                   (NBF)    = 201
Number of auxiliary basis functions         (NBFAUX) = 249
Inactive Doubly occupied orbitals up to     (NO1)    = 0
No. considered Strongly Doubly occupied MOs (NDOC)   = 12
No. considered Strongly Singly occupied MOs (NSOC)   = 1
NO. of Weakly occ. per St. Doubly occ.  MOs (NCWO)   = 1
Dimension of the Nat. Orb. subspace         (NBF5)   = 25
No. of electrons                                     = 25
    No. of alpha electrons                           = 13
    No. of beta electrons                            = 12
Multiplicity                                         = 2

Geometry
========
 O       1.1743930       0.1943130       0.0000000
 O       0.0000000       0.5531800       0.0000000
 O      -0.9504710      -0.7177150       0.0000000
 H      -1.7913740      -0.2382290       0.0000000

No violations of the orthonormality
No violations of the orthonormality
 
PNOF8/ADABelief Calculation
==================
 
  Nitext  Nit_orb  Time   Nit_occ  Time         Eelec          Etot           Ediff      maxdiff    MaxGrad_orb  Grad_occ
     1      10    2.9e+01    7    3.5e+01  -297.05342028  -225.53985737 -10296.05342028   0.010419   4.2e-02   1.8e-04 0.06
     2      20    2.7e+00    0    2.2e-02  -297.07959085  -225.56602793    -0.02617057   0.010419   4.2e-02   1.8e-04 0.06
     3      40    5.0e+00   13    4.5e-02  -297.08705944  -225.57349652    -0.00746859   0.073062   2.9e-01   9.1e-05 0.06
     4      40    5.1e+00   11    8.5e-03  -297.09397543  -225.58041251    -0.00691599   0.003603   1.4e-02   6.0e-05 0.06
     5      40    5.1e+00    7    5.1e-02  -297.09932398  -225.58576106    -0.00534855   0.004838   1.9e-02   1.8e-04 0.06
     6      40    5.3e+00    5    7.5e-03  -297.10379159  -225.59022868    -0.00446761   0.005836   2.3e-02   1.5e-04 0.06
     7      40    4.9e+00    5    7.0e-03  -297.10650527  -225.59294236    -0.00271368   0.005006   2.0e-02   1.8e-04 0.06
     8      40    5.1e+00    5    2.6e-02  -297.10824364  -225.59468073    -0.00173837   0.005066   2.0e-02   1.7e-04 0.06
     9      40    5.3e+00    5    3.1e-02  -297.10916797  -225.59560505    -0.00092432   0.004346   1.7e-02   1.4e-04 0.06
    10      40    5.0e+00    5    6.6e-02  -297.10971402  -225.59615111    -0.00054606   0.004061   1.6e-02   1.1e-04 0.06
    11      40    5.2e+00    2    7.5e-03  -297.10986910  -225.59630618    -0.00015508   0.004596   1.8e-02   2.2e-04 0.06
    12      40    4.9e+00    2    2.8e-02  -297.10999620  -225.59643329    -0.00012711   0.004288   1.7e-02   2.1e-04 0.06
    13      40    5.0e+00    2    2.5e-02  -297.11001297  -225.59645006    -0.00001677   0.004088   1.6e-02   1.9e-04 0.06
    14      40    5.3e+00    2    5.7e-03  -297.11004659  -225.59648367    -0.00003361   0.003844   1.5e-02   1.6e-04 0.06
    15      40    5.3e+00    2    5.7e-03  -297.11006775  -225.59650483    -0.00002116   0.003980   1.6e-02   1.5e-04 0.06
    16      40    5.1e+00    2    6.1e-03  -297.11010189  -225.59653898    -0.00003414   0.004443   1.8e-02   1.2e-04 0.06
    17      40    4.9e+00    2    7.6e-02  -297.11011580  -225.59655289    -0.00001391   0.003857   1.5e-02   1.3e-04 0.06
    18      40    5.0e+00    2    2.8e-02  -297.11015533  -225.59659242    -0.00003953   0.004207   1.7e-02   1.1e-04 0.06
    19      40    4.8e+00    2    1.9e-02  -297.11018849  -225.59662557    -0.00003315   0.003776   1.5e-02   1.2e-04 0.06
    20      40    5.0e+00    2    4.2e-02  -297.11024999  -225.59668708    -0.00006151   0.003576   1.4e-02   1.1e-04 0.06
    21      40    5.2e+00    2    6.7e-03  -297.11029489  -225.59673198    -0.00004490   0.003810   1.5e-02   1.2e-04 0.06
    22      40    5.0e+00    2    4.1e-02  -297.11036619  -225.59680328    -0.00007130   0.003612   1.4e-02   1.1e-04 0.06
    23      40    5.2e+00    2    1.1e-02  -297.11040927  -225.59684635    -0.00004307   0.003853   1.5e-02   1.1e-04 0.06
    24      40    5.2e+00    2    5.3e-03  -297.11046306  -225.59690015    -0.00005380   0.003691   1.5e-02   1.1e-04 0.06
    25      40    4.8e+00    2    6.5e-03  -297.11051045  -225.59694753    -0.00004739   0.003748   1.5e-02   1.1e-04 0.06
    26      40    5.3e+00    2    5.4e-02  -297.11054556  -225.59698265    -0.00003511   0.003768   1.5e-02   1.0e-04 0.06
    27      40    5.1e+00    2    9.9e-03  -297.11056939  -225.59700647    -0.00002383   0.003858   1.5e-02   9.8e-05 0.06
    28      40    5.0e+00    2    9.2e-03  -297.11058260  -225.59701969    -0.00001321   0.003886   1.6e-02   9.1e-05 0.06
    29      40    4.9e+00    2    2.0e-02  -297.11060913  -225.59704622    -0.00002653   0.004174   1.7e-02   8.2e-05 0.06
    30      40    5.1e+00    2    5.7e-03  -297.11061520  -225.59705229    -0.00000607   0.003838   1.5e-02   6.6e-05 0.06
    31      40    4.8e+00    1    9.1e-03  -297.11062617  -225.59706326    -0.00001097   0.004194   1.7e-02   1.8e-04 0.06
    32      40    4.8e+00    2    9.6e-03  -297.11063165  -225.59706873    -0.00000548   0.003790   1.5e-02   5.6e-05 0.06
    33      40    5.2e+00    0    3.1e-02  -297.11063239  -225.59706947    -0.00000074   0.003790   1.5e-02   5.6e-05 0.06
    34      51    6.3e+00    0    4.7e-03  -297.11117109  -225.59760818    -0.00053871   0.000493   2.0e-03   1.9e-04 0.06
 
RESULTS OF THE OCCUPATION OPTIMIZATION
========================================
   1    1.9998033  -20.75950396
   2    1.9997839  -20.69935130
   3    1.9998063  -20.68429192
   4    1.9921938  -1.59136727
   5    1.9902665  -1.35419162
   6    1.9853983  -1.11486592
   7    1.9864730  -0.80537583
   8    1.9661596  -0.72909031
   9    1.9814140  -0.71888081
  10    1.9568590  -0.69440366
  11    1.9790950  -0.63342845
  12    1.9390234  -0.58844194
  13    1.0000000  -0.29970400
  14    0.0609766  -0.08483327
  15    0.0209050  -0.02336703
  16    0.0431410  -0.06146710
  17    0.0185860  -0.02232963
  18    0.0338404  -0.03865855
  19    0.0135270  -0.01782008
  20    0.0146017  -0.02344937
  21    0.0097335  -0.02162970
  22    0.0078062  -0.01887480
  23    0.0001937  -0.00640645
  24    0.0002161  -0.00701308
  25    0.0001967  -0.00638228
 
----------------
 Final Energies 
----------------
Final NOF Total Energy =    -225.5976082
 
Total Orbital Internal Iterations = 1321
Total Occupation Internal Iterations = 106
 
Elapsed time:  255.46 Seconds

---------------------------------
   Lowdin Population Analysis    
---------------------------------
 Idx  Atom   Population   Charge 
---------------------------------
  1     O     7.998       0.002
  2     O     7.956       0.044
  3     O     7.642       0.358
  4     H     1.404      -0.404

---------------------------------
   M Diagnostic: 0.06
---------------------------------

Recovering execution output...
Moving from /scratch/pobleyef/212112 to /home-nas/pobleyef/Poison-NOF/ncwo1/P30-5/GNOFm25/arina.212112
mkdir -p /home-nas/pobleyef/Poison-NOF/ncwo1/P30-5/GNOFm25/arina.212112
mv /scratch/pobleyef/212112/* /home-nas/pobleyef/Poison-NOF/ncwo1/P30-5/GNOFm25/arina.212112
