Computing Integrals
Basis Set                                            = def2-qzvp
Auxiliary Basis Set                                  = def2-universal-jkfit
Gaussian Type                                        = Spherical
Elapsed time:    2.87 Seconds

Number of basis functions                   (NBF)    = 171
Number of auxiliary basis functions         (NBFAUX) = 231
Inactive Doubly occupied orbitals up to     (NO1)    = 0
No. considered Strongly Doubly occupied MOs (NDOC)   = 11
No. considered Strongly Singly occupied MOs (NSOC)   = 1
NO. of Weakly occ. per St. Doubly occ.  MOs (NCWO)   = 1
Dimension of the Nat. Orb. subspace         (NBF5)   = 23
No. of electrons                                     = 23
    No. of alpha electrons                           = 12
    No. of beta electrons                            = 11
Multiplicity                                         = 2

Geometry
========
 N       0.0000000       0.0000000       0.3239670
 O       0.0000000       1.1012340      -0.1417350
 O       0.0000000      -1.1012340      -0.1417350

No violations of the orthonormality
No violations of the orthonormality
 
PNOF8/ADABelief Calculation
==================
 
  Nitext  Nit_orb  Time   Nit_occ  Time         Eelec          Etot           Ediff      maxdiff    MaxGrad_orb  Grad_occ
     1      10    2.1e+01    0    2.6e+01  -269.58755255  -204.64140023 -10268.58755255   0.000535   2.1e-03   1.4e-04 0.05
 
RESULTS OF THE OCCUPATION OPTIMIZATION
========================================
   1    1.9997872  -20.60499949
   2    1.9997813  -20.35258977
   3    1.9995942  -16.24491115
   4    1.9920197  -1.65114227
   5    1.9907955  -1.48572240
   6    1.9854688  -0.87211966
   7    1.9848744  -0.82976171
   8    1.9850713  -0.77242614
   9    1.9637006  -0.75872334
  10    1.9604172  -0.62454151
  11    1.9454625  -0.56194934
  12    1.0000000  -0.27683631
  13    0.0545375  -0.07362935
  14    0.0395828  -0.05410834
  15    0.0362994  -0.04978564
  16    0.0149287  -0.01905247
  17    0.0151256  -0.02343057
  18    0.0145312  -0.02330199
  19    0.0092045  -0.01599364
  20    0.0079803  -0.01633439
  21    0.0004058  -0.00972813
  22    0.0002187  -0.00702464
  23    0.0002128  -0.00693992
 
----------------
 Final Energies 
----------------
Final NOF Total Energy =    -204.6414002
 
Total Orbital Internal Iterations = 10
Total Occupation Internal Iterations = 0
 
Elapsed time:   62.01 Seconds

---------------------------------
   Lowdin Population Analysis    
---------------------------------
 Idx  Atom   Population   Charge 
---------------------------------
  1     N     7.282      -0.282
  2     O     7.855       0.145
  3     O     7.862       0.138

---------------------------------
   M Diagnostic: 0.05
---------------------------------

