W4-11_41_sif4
/software/eb2024/easybuild/software/common/software/Julia/1.11.3-linux-x86_64/bin/julia
Job runing on nh038
Choosing scratch ...
Automatic scratch folder selection
/scratch/pobleyef/212121
/scratch/pobleyef/212121 directory
cp W4-11_41_sif4.jl W4-11_41_sif4.jld2 to  /scratch/pobleyef/212121/.
Computing Integrals
Basis Set                                            = def2-qzvp
Auxiliary Basis Set                                  = def2-universal-jkfit
Gaussian Type                                        = Spherical
Elapsed time:    5.00 Seconds

Number of basis functions                   (NBF)    = 298
Number of auxiliary basis functions         (NBFAUX) = 436
Inactive Doubly occupied orbitals up to     (NO1)    = 0
No. considered Strongly Doubly occupied MOs (NDOC)   = 25
No. considered Strongly Singly occupied MOs (NSOC)   = 0
NO. of Weakly occ. per St. Doubly occ.  MOs (NCWO)   = 1
Dimension of the Nat. Orb. subspace         (NBF5)   = 50
No. of electrons                                     = 50
    No. of alpha electrons                           = 25
    No. of beta electrons                            = 25
Multiplicity                                         = 1

Geometry
========
 F       0.9009150       0.9009150       0.9009150
Si       0.0000000       0.0000000       0.0000000
 F      -0.9009150      -0.9009150       0.9009150
 F      -0.9009150       0.9009150      -0.9009150
 F       0.9009150      -0.9009150      -0.9009150

No violations of the orthonormality
No violations of the orthonormality
 
PNOF8/ADABelief Calculation
==================
 
  Nitext  Nit_orb  Time   Nit_occ  Time         Eelec          Etot           Ediff      maxdiff    MaxGrad_orb  Grad_occ
     1      10    3.0e+01    6    3.5e+01  -959.91198830  -688.06748825 -10958.91198830   0.012500   5.0e-02   2.4e-04 0.03
     2      20    3.6e+00    0    2.9e-02  -959.94852911  -688.10402905    -0.03654081   0.012500   5.0e-02   2.4e-04 0.03
     3      40    6.8e+00   31    1.0e-01  -959.98104698  -688.13654693    -0.03251788   0.104397   4.2e-01   2.9e-04 0.03
     4      40    6.6e+00   10    4.3e-02  -960.01191985  -688.16741980    -0.03087286   0.006793   2.7e-02   2.4e-04 0.03
     5      40    6.6e+00    8    4.2e-02  -960.02089867  -688.17639862    -0.00897882   0.006446   2.6e-02   1.8e-04 0.03
     6      40    6.7e+00    6    3.8e-02  -960.02686886  -688.18236881    -0.00597019   0.006737   2.7e-02   1.2e-04 0.03
     7      40    6.9e+00    5    4.3e-02  -960.02864113  -688.18414108    -0.00177227   0.006847   2.7e-02   1.5e-04 0.03
     8      40    6.6e+00    4    7.4e-02  -960.03036495  -688.18586490    -0.00172382   0.006153   2.5e-02   2.1e-04 0.03
     9      40    6.7e+00    4    3.0e-02  -960.03058914  -688.18608909    -0.00022419   0.007399   3.0e-02   9.6e-05 0.03
    10      40    6.8e+00    4    3.5e-02  -960.03138623  -688.18688618    -0.00079709   0.006368   2.5e-02   8.7e-05 0.03
    11      40    6.6e+00    0    7.1e-02  -960.03140647  -688.18690642    -0.00002024   0.006368   2.5e-02   8.7e-05 0.03
    12      60    9.8e+00    4    3.3e-02  -960.03369279  -688.18919274    -0.00228632   0.000793   3.2e-03   5.8e-05 0.03
 
RESULTS OF THE OCCUPATION OPTIMIZATION
========================================
   1    1.9999612  -68.93891994
   2    1.9998504  -26.37979799
   3    1.9998610  -26.37969242
   4    1.9998761  -26.37935186
   5    1.9998488  -26.37845342
   6    1.9981861  -6.23237244
   7    1.9975484  -4.34721788
   8    1.9975502  -4.34699681
   9    1.9973475  -4.34680432
  10    1.9910922  -1.64222817
  11    1.9910846  -1.63445010
  12    1.9908683  -1.62876598
  13    1.9908325  -1.62242487
  14    1.9708735  -0.87492140
  15    1.9676902  -0.79385208
  16    1.9678505  -0.79374995
  17    1.9677647  -0.79002019
  18    1.9814024  -0.77519601
  19    1.9837026  -0.77283781
  20    1.9823191  -0.76452454
  21    1.9824173  -0.76428552
  22    1.9829308  -0.75524473
  23    1.9812183  -0.75428510
  24    1.9804265  -0.74677820
  25    1.9808263  -0.73751900
  26    0.0191737  -0.02584175
  27    0.0195735  -0.02631979
  28    0.0187817  -0.02565112
  29    0.0170692  -0.02400944
  30    0.0175827  -0.02455743
  31    0.0176809  -0.02466354
  32    0.0162974  -0.02345723
  33    0.0185976  -0.02564666
  34    0.0322353  -0.05132538
  35    0.0321495  -0.05133486
  36    0.0323098  -0.05159180
  37    0.0291265  -0.04831389
  38    0.0091675  -0.02540283
  39    0.0091317  -0.02535702
  40    0.0089154  -0.02521882
  41    0.0089078  -0.02546542
  42    0.0026525  -0.02576598
  43    0.0024498  -0.01784850
  44    0.0024516  -0.01784775
  45    0.0018139  -0.01615294
  46    0.0001512  -0.00633562
  47    0.0001239  -0.00601628
  48    0.0001390  -0.00635701
  49    0.0001496  -0.00627483
  50    0.0000388  -0.00458505
 
----------------
 Final Energies 
----------------
Final NOF Total Energy =    -688.1891927
 
Total Orbital Internal Iterations = 450
Total Occupation Internal Iterations = 82
 
Elapsed time:  161.65 Seconds

---------------------------------
   Lowdin Population Analysis    
---------------------------------
 Idx  Atom   Population   Charge 
---------------------------------
  1     F     8.663       0.337
  2    Si    15.348      -1.348
  3     F     8.663       0.337
  4     F     8.665       0.335
  5     F     8.663       0.337

---------------------------------
   M Diagnostic: 0.03
---------------------------------

Recovering execution output...
Moving from /scratch/pobleyef/212121 to /home-nas/pobleyef/Poison-NOF/ncwo1/P30-5/GNOFm25/arina.212121
mkdir -p /home-nas/pobleyef/Poison-NOF/ncwo1/P30-5/GNOFm25/arina.212121
mv /scratch/pobleyef/212121/* /home-nas/pobleyef/Poison-NOF/ncwo1/P30-5/GNOFm25/arina.212121
