W4-11_104_hnnn
/software/eb2024/easybuild/software/common/software/Julia/1.11.3-linux-x86_64/bin/julia
Job runing on na11
Choosing scratch ...
Automatic scratch folder selection
/scratch/pobleyef/212106
/scratch/pobleyef/212106 directory
cp W4-11_104_hnnn.jl W4-11_104_hnnn.jld2 to  /scratch/pobleyef/212106/.
Computing Integrals
Basis Set                                            = def2-qzvp
Auxiliary Basis Set                                  = def2-universal-jkfit
Gaussian Type                                        = Spherical
Elapsed time:    9.88 Seconds

Number of basis functions                   (NBF)    = 201
Number of auxiliary basis functions         (NBFAUX) = 249
Inactive Doubly occupied orbitals up to     (NO1)    = 0
No. considered Strongly Doubly occupied MOs (NDOC)   = 11
No. considered Strongly Singly occupied MOs (NSOC)   = 0
NO. of Weakly occ. per St. Doubly occ.  MOs (NCWO)   = 1
Dimension of the Nat. Orb. subspace         (NBF5)   = 22
No. of electrons                                     = 22
    No. of alpha electrons                           = 11
    No. of beta electrons                            = 11
Multiplicity                                         = 1

Geometry
========
 H       1.0789720      -1.3818100       0.0000000
 N       0.0937700      -1.1298800       0.0000000
 N       0.0000000       0.1110980       0.0000000
 N      -0.2479090       1.2161830       0.0000000

No violations of the orthonormality
No violations of the orthonormality
 
PNOF8/ADABelief Calculation
==================
 
  Nitext  Nit_orb  Time   Nit_occ  Time         Eelec          Etot           Ediff      maxdiff    MaxGrad_orb  Grad_occ
     1      10    9.8e+01    8    2.3e+01  -225.94783141  -164.35737601 -10224.94783141   0.011291   4.5e-02   1.1e-04 0.05
     2      20    1.6e+02   12    1.6e-02  -225.97647523  -164.38601982    -0.02864381   0.194594   7.8e-01   1.7e-04 0.05
     3      20    1.6e+02   10    5.6e-03  -225.98830327  -164.39784787    -0.01182804   0.021430   8.6e-02   1.2e-04 0.05
     4      20    1.6e+02    9    1.3e-02  -225.99029644  -164.39984103    -0.00199317   0.025573   1.0e-01   5.0e-05 0.05
     5      20    1.5e+02    8    6.2e-03  -225.99276674  -164.40231134    -0.00247031   0.025454   1.0e-01   8.1e-05 0.05
     6      20    1.5e+02    5    1.1e-02  -225.99502905  -164.40457365    -0.00226231   0.022830   9.1e-02   2.4e-04 0.05
     7      20    1.5e+02    5    8.7e-03  -225.99552887  -164.40507347    -0.00049982   0.021562   8.6e-02   1.7e-04 0.05
     8      20    1.5e+02    5    3.1e-02  -225.99642677  -164.40597137    -0.00089790   0.019342   7.7e-02   9.6e-05 0.05
     9      20    1.5e+02    0    4.1e-02  -225.99645624  -164.40600083    -0.00002947   0.019342   7.7e-02   9.6e-05 0.05
    10      40    3.1e+02    5    5.1e-02  -226.00336166  -164.41290626    -0.00690543   0.001894   7.6e-03   8.3e-05 0.05
    11      40    3.0e+02    0    7.5e-03  -226.00337745  -164.41292205    -0.00001579   0.001894   7.6e-03   8.3e-05 0.05
    12      60    4.7e+02    2    8.4e-02  -226.00353242  -164.41307702    -0.00015497   0.000623   2.5e-03   2.1e-04 0.05
 
RESULTS OF THE OCCUPATION OPTIMIZATION
========================================
   1    1.9996740  -15.73717385
   2    1.9997710  -15.66370806
   3    1.9997266  -15.64333005
   4    1.9919123  -1.38576415
   5    1.9897842  -1.16936806
   6    1.9761708  -0.91452818
   7    1.9714315  -0.74645935
   8    1.9650319  -0.74148343
   9    1.9844005  -0.69262868
  10    1.9463879  -0.58405893
  11    1.9457644  -0.43915572
  12    0.0542356  -0.06241195
  13    0.0536121  -0.06171318
  14    0.0155995  -0.01921501
  15    0.0349681  -0.04861600
  16    0.0285685  -0.03128567
  17    0.0238292  -0.03548504
  18    0.0102158  -0.01884627
  19    0.0080877  -0.01554358
  20    0.0002734  -0.00678785
  21    0.0002290  -0.00595466
  22    0.0003260  -0.00790978
 
----------------
 Final Energies 
----------------
Final NOF Total Energy =    -164.4130770
 
Total Orbital Internal Iterations = 310
Total Occupation Internal Iterations = 69
 
Elapsed time: 2525.56 Seconds

---------------------------------
   Lowdin Population Analysis    
---------------------------------
 Idx  Atom   Population   Charge 
---------------------------------
  1     H     1.254      -0.254
  2     N     6.824       0.176
  3     N     6.982       0.018
  4     N     6.940       0.060

---------------------------------
   M Diagnostic: 0.05
---------------------------------

Recovering execution output...
Moving from /scratch/pobleyef/212106 to /home-nas/pobleyef/Poison-NOF/ncwo1/P30-5/GNOFm25/arina.212106
mkdir -p /home-nas/pobleyef/Poison-NOF/ncwo1/P30-5/GNOFm25/arina.212106
mv /scratch/pobleyef/212106/* /home-nas/pobleyef/Poison-NOF/ncwo1/P30-5/GNOFm25/arina.212106
