W4-11-al
/software/eb2024/easybuild/software/common/software/Julia/1.11.3-linux-x86_64/bin/julia
Job runing on nagpu01
Choosing scratch ...
Automatic scratch folder selection
/scratch/pobleyef/283714
/scratch/pobleyef/283714 directory
cp W4-11-al.jl W4-11-al.jld2 to  /scratch/pobleyef/283714/.
W4-11-al_C.jld2 not found
W4-11-al_n.jld2 not found
Computing Integrals
Basis Set                                            = def2-qzvp
Auxiliary Basis Set                                  = def2-universal-jkfit
Gaussian Type                                        = Spherical
Elapsed time:    2.49 Seconds

Number of basis functions                   (NBF)    = 70
Number of auxiliary basis functions         (NBFAUX) = 128
Inactive Doubly occupied orbitals up to     (NO1)    = 0
No. considered Strongly Doubly occupied MOs (NDOC)   = 6
No. considered Strongly Singly occupied MOs (NSOC)   = 1
NO. of Weakly occ. per St. Doubly occ.  MOs (NCWO)   = 1
Dimension of the Nat. Orb. subspace         (NBF5)   = 13
No. of electrons                                     = 13
    No. of alpha electrons                           = 7
    No. of beta electrons                            = 6
Multiplicity                                         = 2

Geometry
========
Al       0.0000000       0.0000000       0.0000000

No violations of the orthonormality
No violations of the orthonormality
 
PNOF8/ADABelief Calculation
==================
 
  Nitext  Nit_orb  Time   Nit_occ  Time         Eelec          Etot           Ediff      maxdiff    MaxGrad_orb  Grad_occ
     1      10    1.7e+01    6    2.1e+01  -237.91501455  -237.91501455 -10236.91501455   0.700331   2.8e+00   3.0e-05 0.00
     2      10    4.9e-02    7    1.1e-03  -240.30601294  -240.30601294    -2.39099838   0.354736   1.4e+00   5.1e-05 0.00
     3      10    2.5e-02    6    7.9e-04  -241.15046316  -241.15046316    -0.84445022   0.127165   5.1e-01   1.6e-04 0.01
     4      10    1.6e-02    4    8.7e-04  -241.70692735  -241.70692735    -0.55646419   0.213757   8.6e-01   1.1e-04 0.01
     5      10    1.5e-02    2    4.8e-04  -241.91302876  -241.91302876    -0.20610141   0.333312   1.3e+00   1.1e-04 0.01
     6      10    1.4e-02    3    6.2e-04  -241.98201010  -241.98201010    -0.06898134   0.166217   6.6e-01   1.2e-04 0.01
     7      10    1.6e-02    2    5.8e-04  -242.00718246  -242.00718246    -0.02517236   0.209866   8.4e-01   9.3e-05 0.01
     8      10    1.6e-02    0    5.5e-04  -242.00732294  -242.00732294    -0.00014047   0.209866   8.4e-01   9.3e-05 0.01
     9      30    3.9e-02    2    5.6e-04  -242.05186660  -242.05186660    -0.04454366   0.033827   1.4e-01   1.1e-04 0.01
    10      30    4.0e-02    2    5.0e-04  -242.05727947  -242.05727947    -0.00541286   0.011789   4.7e-02   1.1e-04 0.02
    11      30    4.4e-02    2    5.3e-04  -242.05813767  -242.05813767    -0.00085820   0.014859   5.9e-02   1.3e-04 0.02
    12      30    4.4e-02    2    4.1e-04  -242.05851964  -242.05851964    -0.00038198   0.012292   4.9e-02   9.5e-05 0.02
    13      30    4.2e-02    2    7.8e-04  -242.05864986  -242.05864986    -0.00013022   0.020322   8.1e-02   5.7e-05 0.02
    14      30    4.0e-02    0    4.9e-04  -242.05870872  -242.05870872    -0.00005886   0.020322   8.1e-02   5.7e-05 0.02
    15      50    6.2e-02    1    4.4e-04  -242.05922402  -242.05922402    -0.00051530   0.001569   6.3e-03   1.0e-04 0.02
    16      50    6.1e-02    1    4.7e-04  -242.05927566  -242.05927566    -0.00005164   0.002542   1.0e-02   8.3e-05 0.02
    17      50    7.4e-02    1    3.9e-04  -242.05937722  -242.05937722    -0.00010156   0.001808   7.2e-03   9.9e-05 0.02
    18      50    6.7e-02    2    4.5e-04  -242.05954242  -242.05954242    -0.00016519   0.002082   8.3e-03   3.0e-05 0.02
    19      50    7.0e-02    2    6.5e-04  -242.05982884  -242.05982884    -0.00028642   0.001957   7.8e-03   1.2e-05 0.03
    20      50    6.9e-02    2    5.1e-04  -242.06030860  -242.06030860    -0.00047977   0.001968   7.9e-03   3.7e-05 0.03
    21      50    6.6e-02    2    6.9e-04  -242.06099384  -242.06099384    -0.00068523   0.002068   8.3e-03   1.2e-04 0.03
    22      50    1.1e-01    3    9.6e-04  -242.06176994  -242.06176994    -0.00077610   0.001894   7.6e-03   3.0e-05 0.04
    23      50    6.4e-02    3    9.7e-04  -242.06237754  -242.06237754    -0.00060760   0.002370   9.5e-03   1.3e-05 0.04
    24      50    6.9e-02    3    6.4e-04  -242.06270348  -242.06270348    -0.00032594   0.001966   7.9e-03   1.7e-05 0.04
    25      50    6.7e-02    2    6.5e-04  -242.06282934  -242.06282934    -0.00012587   0.002342   9.4e-03   9.6e-05 0.05
    26      50    6.8e-02    2    5.2e-04  -242.06286855  -242.06286855    -0.00003921   0.002252   9.0e-03   3.9e-05 0.05
    27      50    6.7e-02    1    8.6e-04  -242.06288266  -242.06288266    -0.00001410   0.002113   8.5e-03   1.0e-04 0.05
    28      50    6.9e-02    1    5.9e-04  -242.06288700  -242.06288700    -0.00000435   0.002159   8.6e-03   1.4e-04 0.05
    29      50    6.4e-02    0    5.1e-04  -242.06288810  -242.06288810    -0.00000110   0.002159   8.6e-03   1.4e-04 0.05
    30      61    7.7e-02    1    5.9e-04  -242.06290357  -242.06290357    -0.00001547   0.000479   1.9e-03   9.9e-05 0.05
 
RESULTS OF THE OCCUPATION OPTIMIZATION
========================================
   1    1.9999490  -58.55354316
   2    1.9969189  -4.91972336
   3    1.9972161  -3.23544457
   4    1.9955088  -3.23136587
   5    1.9948320  -3.23136215
   6    1.9530491  -0.40299706
   7    1.0000000  -0.11123292
   8    0.0469509  -0.02801034
   9    0.0051680  -0.02435290
  10    0.0044912  -0.03174557
  11    0.0027839  -0.01480535
  12    0.0030811  -0.01950346
  13    0.0000510  -0.00566908
 
----------------
 Final Energies 
----------------
Final NOF Total Energy =    -242.0629036
 
Total Orbital Internal Iterations = 1071
Total Occupation Internal Iterations = 67
 
Elapsed time:   51.16 Seconds

---------------------------------
   Lowdin Population Analysis    
---------------------------------
 Idx  Atom   Population   Charge 
---------------------------------
  1    Al    13.000      -0.000

---------------------------------
   M Diagnostic: 0.05
---------------------------------

Recovering execution output...
Moving from /scratch/pobleyef/283714 to /home-nas/pobleyef/Poison-NOF/ncwo1/P30-5/GNOFm25/arina.283714
mkdir -p /home-nas/pobleyef/Poison-NOF/ncwo1/P30-5/GNOFm25/arina.283714
mv /scratch/pobleyef/283714/* /home-nas/pobleyef/Poison-NOF/ncwo1/P30-5/GNOFm25/arina.283714
