W4-11_113_n2o
/software/eb2024/easybuild/software/common/software/Julia/1.11.3-linux-x86_64/bin/julia
Job runing on na16
Choosing scratch ...
Automatic scratch folder selection
/scratch/pobleyef/212109
/scratch/pobleyef/212109 directory
cp W4-11_113_n2o.jl W4-11_113_n2o.jld2 to  /scratch/pobleyef/212109/.
Computing Integrals
Basis Set                                            = def2-qzvp
Auxiliary Basis Set                                  = def2-universal-jkfit
Gaussian Type                                        = Spherical
Elapsed time:    8.91 Seconds

Number of basis functions                   (NBF)    = 171
Number of auxiliary basis functions         (NBFAUX) = 231
Inactive Doubly occupied orbitals up to     (NO1)    = 0
No. considered Strongly Doubly occupied MOs (NDOC)   = 11
No. considered Strongly Singly occupied MOs (NSOC)   = 0
NO. of Weakly occ. per St. Doubly occ.  MOs (NCWO)   = 1
Dimension of the Nat. Orb. subspace         (NBF5)   = 22
No. of electrons                                     = 22
    No. of alpha electrons                           = 11
    No. of beta electrons                            = 11
Multiplicity                                         = 1

Geometry
========
 N       0.0000000       0.0000000      -1.2014770
 N       0.0000000       0.0000000      -0.0723770
 O       0.0000000       0.0000000       1.1146230

No violations of the orthonormality
No violations of the orthonormality
 
PNOF8/ADABelief Calculation
==================
 
  Nitext  Nit_orb  Time   Nit_occ  Time         Eelec          Etot           Ediff      maxdiff    MaxGrad_orb  Grad_occ
     1      10    6.5e+01    7    2.2e+01  -244.94923493  -184.22430001 -10243.94923493   0.014392   5.8e-02   1.8e-04 0.05
     2      20    1.0e+02    0    2.6e-02  -244.97226837  -184.24733345    -0.02303344   0.014392   5.8e-02   1.8e-04 0.05
     3      40    2.1e+02   19    5.8e-03  -244.98034539  -184.25541047    -0.00807702   0.010749   4.3e-02   1.3e-04 0.05
     4      40    2.0e+02   11    1.6e-01  -244.98849885  -184.26356393    -0.00815346   0.002259   9.0e-03   1.7e-04 0.05
     5      40    2.0e+02    8    1.7e-02  -244.99441768  -184.26948276    -0.00591883   0.003918   1.6e-02   1.2e-04 0.05
     6      40    2.1e+02    6    5.3e-03  -244.99895074  -184.27401582    -0.00453305   0.003170   1.3e-02   1.9e-04 0.05
     7      40    2.2e+02    6    4.3e-03  -245.00191942  -184.27698450    -0.00296868   0.003782   1.5e-02   1.0e-04 0.05
     8      40    2.2e+02    6    1.7e-02  -245.00375397  -184.27881905    -0.00183455   0.003725   1.5e-02   7.1e-05 0.05
     9      40    2.1e+02    4    1.7e-02  -245.00466577  -184.27973085    -0.00091180   0.003532   1.4e-02   1.2e-04 0.05
    10      40    2.1e+02    5    1.5e-02  -245.00511190  -184.28017698    -0.00044613   0.003739   1.5e-02   4.5e-05 0.05
    11      40    2.1e+02    3    7.1e-03  -245.00542545  -184.28049053    -0.00031355   0.003465   1.4e-02   2.3e-04 0.05
    12      40    2.2e+02    5    5.6e-03  -245.00575041  -184.28081549    -0.00032496   0.003686   1.5e-02   2.1e-05 0.05
    13      40    2.1e+02    3    3.9e-02  -245.00607957  -184.28114465    -0.00032915   0.003779   1.5e-02   2.4e-04 0.05
    14      40    2.1e+02    3    5.7e-02  -245.00636463  -184.28142970    -0.00028506   0.003666   1.5e-02   2.3e-04 0.05
    15      40    2.0e+02    4    3.3e-03  -245.00661844  -184.28168352    -0.00025382   0.003777   1.5e-02   6.6e-05 0.05
    16      40    2.0e+02    1    2.8e-03  -245.00684372  -184.28190880    -0.00022528   0.003427   1.4e-02   1.7e-04 0.05
    17      40    2.0e+02    2    3.5e-03  -245.00702618  -184.28209126    -0.00018246   0.003716   1.5e-02   2.2e-04 0.05
    18      40    1.9e+02    2    6.8e-03  -245.00717043  -184.28223551    -0.00014425   0.003040   1.2e-02   1.8e-04 0.05
    19      40    2.0e+02    1    2.2e-02  -245.00725245  -184.28231753    -0.00008201   0.003677   1.5e-02   1.8e-04 0.05
    20      40    2.0e+02    2    5.8e-02  -245.00732234  -184.28238742    -0.00006989   0.003228   1.3e-02   1.8e-04 0.05
    21      40    2.1e+02    1    3.9e-02  -245.00734236  -184.28240744    -0.00002002   0.003397   1.4e-02   1.5e-04 0.05
    22      40    2.1e+02    0    8.0e-02  -245.00734999  -184.28241507    -0.00000763   0.003458   1.4e-02   1.9e-04 0.05
    23      50    2.6e+02    1    1.9e-02  -245.00742844  -184.28249352    -0.00007845   0.002885   1.2e-02   1.3e-04 0.05
    24      50    2.6e+02    0    2.6e-02  -245.00742873  -184.28249381    -0.00000028   0.002885   1.2e-02   1.3e-04 0.05
    25      43    2.1e+02    0    4.9e-02  -245.00756752  -184.28263260    -0.00013879   0.000469   1.9e-03   1.1e-04 0.05
 
RESULTS OF THE OCCUPATION OPTIMIZATION
========================================
   1    1.9998048  -20.19408835
   2    1.9997069  -16.17824452
   3    1.9996094  -15.77862595
   4    1.9920167  -1.60392974
   5    1.9889598  -1.25194916
   6    1.9868933  -0.90217809
   7    1.9758828  -0.85175965
   8    1.9865756  -0.74493954
   9    1.9641120  -0.73887469
  10    1.9462181  -0.53483649
  11    1.9466462  -0.53433042
  12    0.0533538  -0.06564842
  13    0.0537819  -0.06575055
  14    0.0358880  -0.05640238
  15    0.0134244  -0.01702723
  16    0.0241172  -0.03543873
  17    0.0131067  -0.02290534
  18    0.0110402  -0.02037264
  19    0.0079833  -0.01527535
  20    0.0003906  -0.00923437
  21    0.0002931  -0.00723696
  22    0.0001952  -0.00658341
 
----------------
 Final Energies 
----------------
Final NOF Total Energy =    -184.2826326
 
Total Orbital Internal Iterations = 973
Total Occupation Internal Iterations = 100
 
Elapsed time: 5297.40 Seconds

---------------------------------
   Lowdin Population Analysis    
---------------------------------
 Idx  Atom   Population   Charge 
---------------------------------
  1     N     6.951       0.049
  2     N     7.151      -0.151
  3     O     7.898       0.102

---------------------------------
   M Diagnostic: 0.05
---------------------------------

Recovering execution output...
Moving from /scratch/pobleyef/212109 to /home-nas/pobleyef/Poison-NOF/ncwo1/P30-5/GNOFm25/arina.212109
mkdir -p /home-nas/pobleyef/Poison-NOF/ncwo1/P30-5/GNOFm25/arina.212109
mv /scratch/pobleyef/212109/* /home-nas/pobleyef/Poison-NOF/ncwo1/P30-5/GNOFm25/arina.212109
