Computing Integrals
Basis Set                                            = def2-qzvp
Auxiliary Basis Set                                  = def2-universal-jkfit
Gaussian Type                                        = Spherical
Elapsed time:    9.60 Seconds

Number of basis functions                   (NBF)    = 241
Number of auxiliary basis functions         (NBFAUX) = 359
Inactive Doubly occupied orbitals up to     (NO1)    = 0
No. considered Strongly Doubly occupied MOs (NDOC)   = 20
No. considered Strongly Singly occupied MOs (NSOC)   = 0
NO. of Weakly occ. per St. Doubly occ.  MOs (NCWO)   = 1
Dimension of the Nat. Orb. subspace         (NBF5)   = 40
No. of electrons                                     = 40
    No. of alpha electrons                           = 20
    No. of beta electrons                            = 20
Multiplicity                                         = 1

Geometry
========
Al       0.0000000       0.0000000       0.0000000
 F       0.0000000       1.6317660       0.0000000
 F       1.4131500      -0.8158830       0.0000000
 F      -1.4131500      -0.8158830       0.0000000

No violations of the orthonormality
No violations of the orthonormality
 
PNOF8/ADABelief Calculation
==================
 
  Nitext  Nit_orb  Time   Nit_occ  Time         Eelec          Etot           Ediff      maxdiff    MaxGrad_orb  Grad_occ
     1      10    5.8e+01    0    2.3e+01  -700.72365415  -541.39796079 -10699.72365415   0.002710   1.1e-02   1.2e-04 0.03
     2      30    1.1e+02    0    1.1e-02  -700.72365415  -541.39796079     0.00000000   0.002710   1.1e-02   1.2e-04 0.03
     3      50    1.7e+02    2    4.0e-02  -700.72377439  -541.39808104    -0.00012025   0.002992   1.2e-02   1.3e-04 0.03
     4      50    1.6e+02    1    1.3e-02  -700.72389085  -541.39819750    -0.00011646   0.002894   1.2e-02   2.2e-04 0.03
     5      50    1.7e+02    2    1.3e-02  -700.72399985  -541.39830649    -0.00010900   0.002841   1.1e-02   1.9e-04 0.03
     6      50    1.8e+02    1    1.1e-02  -700.72412218  -541.39842883    -0.00012233   0.002415   9.7e-03   2.3e-04 0.03
     7      50    1.8e+02    2    1.5e-02  -700.72419969  -541.39850634    -0.00007751   0.003294   1.3e-02   2.0e-04 0.03
     8      50    1.7e+02    2    1.3e-02  -700.72428638  -541.39859303    -0.00008669   0.002956   1.2e-02   1.6e-04 0.03
     9      50    1.6e+02    2    1.4e-02  -700.72432250  -541.39862915    -0.00003612   0.003374   1.3e-02   1.3e-04 0.03
    10      50    1.6e+02    1    3.6e-02  -700.72436077  -541.39866742    -0.00003827   0.003298   1.3e-02   1.7e-04 0.03
    11      50    1.7e+02    0    3.5e-02  -700.72436232  -541.39866897    -0.00000155   0.003298   1.3e-02   1.7e-04 0.03
    12      58    2.0e+02    1    1.3e-02  -700.72445706  -541.39876370    -0.00009473   0.000495   2.0e-03   1.6e-04 0.03
 
RESULTS OF THE OCCUPATION OPTIMIZATION
========================================
   1    1.9999540  -58.57345868
   2    1.9998460  -26.33641873
   3    1.9998432  -26.33570283
   4    1.9998466  -26.33536515
   5    1.9977712  -4.94258879
   6    1.9967660  -3.26672351
   7    1.9968919  -3.26321803
   8    1.9960028  -3.26029654
   9    1.9904195  -1.56536860
  10    1.9904238  -1.55850960
  11    1.9903864  -1.55784341
  12    1.9723113  -0.79677462
  13    1.9714793  -0.77724870
  14    1.9707496  -0.76276205
  15    1.9803695  -0.70388873
  16    1.9801689  -0.69678798
  17    1.9758243  -0.69505261
  18    1.9755826  -0.68819906
  19    1.9754550  -0.68618194
  20    1.9792047  -0.68554837
  21    0.0207953  -0.02667865
  22    0.0245450  -0.03048456
  23    0.0244174  -0.03039879
  24    0.0241757  -0.03028341
  25    0.0198311  -0.02593272
  26    0.0196305  -0.02579900
  27    0.0292504  -0.04486892
  28    0.0285207  -0.04407017
  29    0.0276887  -0.04343107
  30    0.0096136  -0.02531643
  31    0.0095762  -0.02532843
  32    0.0095805  -0.02526200
  33    0.0039972  -0.02016190
  34    0.0031081  -0.01694829
  35    0.0032340  -0.02580209
  36    0.0022288  -0.01517633
  37    0.0001534  -0.00646298
  38    0.0001568  -0.00651250
  39    0.0001540  -0.00647820
  40    0.0000460  -0.00517274
 
----------------
 Final Energies 
----------------
Final NOF Total Energy =    -541.3987637
 
Total Orbital Internal Iterations = 548
Total Occupation Internal Iterations = 14
 
Elapsed time: 1966.76 Seconds

---------------------------------
   Lowdin Population Analysis    
---------------------------------
 Idx  Atom   Population   Charge 
---------------------------------
  1    Al    13.871      -0.871
  2     F     8.710       0.290
  3     F     8.710       0.290
  4     F     8.709       0.291

---------------------------------
   M Diagnostic: 0.03
---------------------------------

