al
/software/eb2024/easybuild/software/common/software/Julia/1.11.3-linux-x86_64/bin/julia
Job runing on na01
Choosing scratch ...
Automatic scratch folder selection
/scratch/pobleyef/181615
/scratch/pobleyef/181615 directory
cp al.jl al.jld2 to  /scratch/pobleyef/181615/.
Computing Integrals
Elapsed time:    4.37 Seconds

Number of basis functions                   (NBF)    = 70
Number of auxiliary basis functions         (NBFAUX) = 128
Inactive Doubly occupied orbitals up to     (NO1)    = 0
No. considered Strongly Doubly occupied MOs (NDOC)   = 6
No. considered Strongly Singly occupied MOs (NSOC)   = 1
NO. of Weakly occ. per St. Doubly occ.  MOs (NCWO)   = 10
Dimension of the Nat. Orb. subspace         (NBF5)   = 67
No. of electrons                                     = 13
    No. of alpha electrons                           = 7
    No. of beta electrons                            = 6
Multiplicity                                         = 2

Geometry
========
Al       0.0000000       0.0000000       0.0000000

No violations of the orthonormality
No violations of the orthonormality
 
PNOF9/ADABelief Calculation
==================
 
  Nitext  Nit_orb  Time   Nit_occ  Time         Eelec          Etot           Ediff      maxdiff    MaxGrad_orb  Grad_occ
     1      10    1.7e+01    0    2.0e+01  -242.12841780  -242.12841780 -10241.12841780   0.000963   3.9e-03   1.6e-04 0.02
 
RESULTS OF THE OCCUPATION OPTIMIZATION
========================================
   1    1.9999989  -58.57243453
   2    1.9976416  -4.93680819
   3    1.9948865  -3.24919969
   4    1.9932700  -3.24696754
   5    1.9936344  -3.24604103
   6    1.9744402  -0.41014828
   7    1.0000000  -0.11025721
   8    0.0143493  -0.02063752
   9    0.0041310  -0.02057057
  10    0.0048936  -0.02321362
  11    0.0046691  -0.02997259
  12    0.0013011  -0.00759277
  13    0.0000009  -0.00000422
  14    0.0031774  -0.00670727
  15    0.0017517  -0.00835704
  16    0.0016838  -0.00823904
  17    0.0002389  -0.00129148
  18    0.0010160  -0.00698878
  19    0.0000000  -0.00000074
  20    0.0031122  -0.00677156
  21    0.0003583  -0.00626654
  22    0.0000666  -0.00176717
  23    0.0001407  -0.00080489
  24    0.0000123  -0.00070620
  25    0.0000000  -0.00000052
  26    0.0015883  -0.00236549
  27    0.0000529  -0.00017177
  28    0.0000233  -0.00017769
  29    0.0000199  -0.00007656
  30    0.0000083  -0.00003855
  31    0.0000000  -0.00000046
  32    0.0009780  -0.00168845
  33    0.0000206  -0.00008332
  34    0.0000231  -0.00009123
  35    0.0000179  -0.00007279
  36    0.0000075  -0.00011022
  37    0.0000000  -0.00000044
  38    0.0008244  -0.00141786
  39    0.0000193  -0.00008357
  40    0.0000175  -0.00007574
  41    0.0000090  -0.00004441
  42    0.0000031  -0.00001169
  43    0.0000000  -0.00000029
  44    0.0007253  -0.00086708
  45    0.0000154  -0.00006887
  46    0.0000087  -0.00004336
  47    0.0000060  -0.00002129
  48    0.0000029  -0.00001133
  49    0.0000000  -0.00000027
  50    0.0003336  -0.00044386
  51    0.0000056  -0.00002050
  52    0.0000050  -0.00005321
  53    0.0000044  -0.00020312
  54    0.0000026  -0.00000880
  55    0.0000000  -0.00000027
  56    0.0003273  -0.00042893
  57    0.0000056  -0.00001950
  58    0.0000044  -0.00001667
  59    0.0000041  -0.00001604
  60    0.0000023  -0.00000662
  61    0.0000000  -0.00000022
  62    0.0001440  -0.00031671
  63    0.0000051  -0.00001737
  64    0.0000040  -0.00001489
  65    0.0000036  -0.00001416
  66    0.0000022  -0.00000649
  67    0.0000000  -0.00000018
 
----------------
 Final Energies 
----------------
Final NOF Total Energy =    -242.1284178
 
Total Orbital Internal Iterations = 10
Total Occupation Internal Iterations = 0
 
Elapsed time:   48.50 Seconds

---------------------------------
   Lowdin Population Analysis    
---------------------------------
 Idx  Atom   Population   Charge 
---------------------------------
  1    Al    13.000      -0.000

---------------------------------
   M Diagnostic: 0.02
---------------------------------

Recovering execution output...
Moving from /scratch/pobleyef/181615 to /home-nas/pobleyef/Poison-Set/ncwomax/P30-5/GNOFmsta/arina.181615
mkdir -p /home-nas/pobleyef/Poison-Set/ncwomax/P30-5/GNOFmsta/arina.181615
mv /scratch/pobleyef/181615/* /home-nas/pobleyef/Poison-Set/ncwomax/P30-5/GNOFmsta/arina.181615
