BH76_1_oh
/software/eb2024/easybuild/software/common/software/Julia/1.11.3-linux-x86_64/bin/julia
Job runing on na11
Choosing scratch ...
Automatic scratch folder selection
/scratch/pobleyef/181622
/scratch/pobleyef/181622 directory
cp BH76_1_oh.jl BH76_1_oh.jld2 to  /scratch/pobleyef/181622/.
Computing Integrals
Elapsed time:    3.71 Seconds

Number of basis functions                   (NBF)    = 87
Number of auxiliary basis functions         (NBFAUX) = 95
Inactive Doubly occupied orbitals up to     (NO1)    = 0
No. considered Strongly Doubly occupied MOs (NDOC)   = 4
No. considered Strongly Singly occupied MOs (NSOC)   = 1
NO. of Weakly occ. per St. Doubly occ.  MOs (NCWO)   = 20
Dimension of the Nat. Orb. subspace         (NBF5)   = 85
No. of electrons                                     = 9
    No. of alpha electrons                           = 5
    No. of beta electrons                            = 4
Multiplicity                                         = 2

Geometry
========
 O       0.0000000       0.0000000       0.4844483
 H       0.0000000       0.0000000      -0.4844483

No violations of the orthonormality
No violations of the orthonormality
 
PNOF9/ADABelief Calculation
==================
 
  Nitext  Nit_orb  Time   Nit_occ  Time         Eelec          Etot           Ediff      maxdiff    MaxGrad_orb  Grad_occ
     1      10    1.7e+01    0    2.0e+01   -80.03164758   -75.66233802 -10079.03164758   0.000704   2.8e-03   1.8e-04 0.03
 
RESULTS OF THE OCCUPATION OPTIMIZATION
========================================
   1    1.9999877  -20.65068783
   2    1.9835687  -1.26343686
   3    1.9698574  -0.77861570
   4    1.9767728  -0.57696311
   5    1.0000000  -0.34563927
   6    0.0116248  -0.01771965
   7    0.0234660  -0.03211684
   8    0.0076392  -0.01852508
   9    0.0000102  -0.00038551
  10    0.0046524  -0.00810281
  11    0.0027653  -0.00523403
  12    0.0037731  -0.00767910
  13    0.0000007  -0.00001438
  14    0.0039464  -0.00734887
  15    0.0027153  -0.00517961
  16    0.0026257  -0.00559799
  17    0.0000002  -0.00002685
  18    0.0012492  -0.00382746
  19    0.0003734  -0.00100256
  20    0.0007376  -0.00236332
  21    0.0000002  -0.00000564
  22    0.0005441  -0.00194327
  23    0.0002120  -0.00063765
  24    0.0005721  -0.00382280
  25    0.0000002  -0.00000193
  26    0.0003735  -0.00101785
  27    0.0001931  -0.00057444
  28    0.0003645  -0.00105245
  29    0.0000001  -0.00000170
  30    0.0002043  -0.00058579
  31    0.0001405  -0.00039290
  32    0.0002151  -0.00076044
  33    0.0000001  -0.00000132
  34    0.0001887  -0.00054336
  35    0.0001164  -0.00036709
  36    0.0001797  -0.00067155
  37    0.0000001  -0.00000137
  38    0.0001851  -0.00051089
  39    0.0000377  -0.00012066
  40    0.0001343  -0.00089600
  41    0.0000001  -0.00000090
  42    0.0000729  -0.00030270
  43    0.0000267  -0.00011207
  44    0.0000580  -0.00053219
  45    0.0000001  -0.00000078
  46    0.0000613  -0.00023882
  47    0.0000226  -0.00008558
  48    0.0000366  -0.00016499
  49    0.0000001  -0.00000056
  50    0.0000260  -0.00010565
  51    0.0000136  -0.00006198
  52    0.0000157  -0.00008803
  53    0.0000000  -0.00000038
  54    0.0000255  -0.00008825
  55    0.0000116  -0.00004690
  56    0.0000150  -0.00008692
  57    0.0000000  -0.00000035
  58    0.0000132  -0.00006529
  59    0.0000105  -0.00003274
  60    0.0000134  -0.00006733
  61    0.0000000  -0.00000038
  62    0.0000128  -0.00006472
  63    0.0000094  -0.00003741
  64    0.0000129  -0.00006419
  65    0.0000000  -0.00000028
  66    0.0000117  -0.00006423
  67    0.0000085  -0.00003103
  68    0.0000113  -0.00005865
  69    0.0000000  -0.00000024
  70    0.0000108  -0.00005289
  71    0.0000078  -0.00002807
  72    0.0000092  -0.00004728
  73    0.0000000  -0.00000016
  74    0.0000103  -0.00004940
  75    0.0000058  -0.00002417
  76    0.0000068  -0.00004275
  77    0.0000000  -0.00000011
  78    0.0000093  -0.00004926
  79    0.0000039  -0.00001897
  80    0.0000063  -0.00003905
  81    0.0000000  -0.00000013
  82    0.0000050  -0.00002324
  83    0.0000026  -0.00001062
  84    0.0000049  -0.00002737
  85    0.0000000  -0.00000008
 
----------------
 Final Energies 
----------------
Final NOF Total Energy =     -75.6623380
 
Total Orbital Internal Iterations = 10
Total Occupation Internal Iterations = 0
 
Elapsed time:   48.40 Seconds

---------------------------------
   Lowdin Population Analysis    
---------------------------------
 Idx  Atom   Population   Charge 
---------------------------------
  1     O     7.589       0.411
  2     H     1.411      -0.411

---------------------------------
   M Diagnostic: 0.03
---------------------------------

Recovering execution output...
Moving from /scratch/pobleyef/181622 to /home-nas/pobleyef/Poison-Set/ncwomax/P30-5/GNOFmsta/arina.181622
mkdir -p /home-nas/pobleyef/Poison-Set/ncwomax/P30-5/GNOFmsta/arina.181622
mv /scratch/pobleyef/181622/* /home-nas/pobleyef/Poison-Set/ncwomax/P30-5/GNOFmsta/arina.181622
