DC13_7_be4
/software/eb2024/easybuild/software/common/software/Julia/1.11.3-linux-x86_64/bin/julia
Job runing on nh005
Choosing scratch ...
Automatic scratch folder selection
/scratch/pobleyef/181629
/scratch/pobleyef/181629 directory
cp DC13_7_be4.jl DC13_7_be4.jld2 to  /scratch/pobleyef/181629/.
Computing Integrals
Elapsed time:    6.32 Seconds

Number of basis functions                   (NBF)    = 144
Number of auxiliary basis functions         (NBFAUX) = 204
Inactive Doubly occupied orbitals up to     (NO1)    = 0
No. considered Strongly Doubly occupied MOs (NDOC)   = 8
No. considered Strongly Singly occupied MOs (NSOC)   = 0
NO. of Weakly occ. per St. Doubly occ.  MOs (NCWO)   = 17
Dimension of the Nat. Orb. subspace         (NBF5)   = 144
No. of electrons                                     = 16
    No. of alpha electrons                           = 8
    No. of beta electrons                            = 8
Multiplicity                                         = 1

Geometry
========
Be       0.7279036      -0.7279036       0.7279036
Be      -0.7279036       0.7279036       0.7279036
Be      -0.7279036      -0.7279036      -0.7279036
Be       0.7279036       0.7279036      -0.7279036

No violations of the orthonormality
No violations of the orthonormality
 
PNOF9/ADABelief Calculation
==================
 
  Nitext  Nit_orb  Time   Nit_occ  Time         Eelec          Etot           Ediff      maxdiff    MaxGrad_orb  Grad_occ
     1      10    3.1e+01    0    3.4e+01   -83.32493406   -58.65019239 -10082.32493406   0.000873   3.5e-03   1.6e-04 0.03
 
RESULTS OF THE OCCUPATION OPTIMIZATION
========================================
   1    1.9990059  -4.70635440
   2    1.9990211  -4.70629920
   3    1.9989001  -4.70615753
   4    1.9984788  -4.70532043
   5    1.9815760  -0.56750025
   6    1.9670300  -0.28755782
   7    1.9634885  -0.28747643
   8    1.9687784  -0.28728737
   9    0.0143984  -0.01163872
  10    0.0156850  -0.01198726
  11    0.0171663  -0.01273950
  12    0.0071167  -0.01254324
  13    0.0011830  -0.00831091
  14    0.0004011  -0.00302798
  15    0.0005762  -0.00423560
  16    0.0005860  -0.00413884
  17    0.0104086  -0.01172122
  18    0.0109008  -0.00976243
  19    0.0068974  -0.00566445
  20    0.0048651  -0.00846305
  21    0.0002404  -0.00201044
  22    0.0003370  -0.00263402
  23    0.0001594  -0.00137283
  24    0.0001547  -0.00133943
  25    0.0027764  -0.00340781
  26    0.0059905  -0.00551348
  27    0.0032256  -0.00347499
  28    0.0020888  -0.00386537
  29    0.0000325  -0.00025465
  30    0.0001560  -0.00133572
  31    0.0001580  -0.00134807
  32    0.0001284  -0.00110084
  33    0.0014143  -0.00223413
  34    0.0014709  -0.00160833
  35    0.0017762  -0.00206151
  36    0.0011429  -0.00370246
  37    0.0000322  -0.00020559
  38    0.0001555  -0.00135639
  39    0.0000475  -0.00032780
  40    0.0000694  -0.00056167
  41    0.0010411  -0.00168738
  42    0.0013251  -0.00167810
  43    0.0013776  -0.00168802
  44    0.0008218  -0.00271388
  45    0.0000157  -0.00011945
  46    0.0000237  -0.00021305
  47    0.0000152  -0.00011671
  48    0.0000267  -0.00019717
  49    0.0004859  -0.00069561
  50    0.0003305  -0.00038236
  51    0.0009993  -0.00157318
  52    0.0007081  -0.00257986
  53    0.0000078  -0.00002998
  54    0.0000073  -0.00003209
  55    0.0000085  -0.00003987
  56    0.0000110  -0.00005843
  57    0.0001936  -0.00024572
  58    0.0003067  -0.00035052
  59    0.0005382  -0.00070111
  60    0.0007011  -0.00257124
  61    0.0000031  -0.00001211
  62    0.0000054  -0.00001876
  63    0.0000050  -0.00001770
  64    0.0000079  -0.00003301
  65    0.0001164  -0.00015700
  66    0.0002044  -0.00024986
  67    0.0005361  -0.00060279
  68    0.0002083  -0.00058915
  69    0.0000012  -0.00000325
  70    0.0000030  -0.00001097
  71    0.0000025  -0.00000970
  72    0.0000020  -0.00000431
  73    0.0000979  -0.00013930
  74    0.0000793  -0.00010341
  75    0.0001192  -0.00014521
  76    0.0001830  -0.00036142
  77    0.0000012  -0.00000244
  78    0.0000026  -0.00001050
  79    0.0000014  -0.00000400
  80    0.0000017  -0.00000494
  81    0.0000705  -0.00008857
  82    0.0000477  -0.00005993
  83    0.0000831  -0.00009990
  84    0.0001790  -0.00037416
  85    0.0000008  -0.00000120
  86    0.0000019  -0.00000500
  87    0.0000012  -0.00000344
  88    0.0000012  -0.00000363
  89    0.0000566  -0.00007176
  90    0.0000365  -0.00004873
  91    0.0000549  -0.00007057
  92    0.0001687  -0.00033607
  93    0.0000007  -0.00000108
  94    0.0000014  -0.00000457
  95    0.0000011  -0.00000222
  96    0.0000010  -0.00000217
  97    0.0000431  -0.00005769
  98    0.0000342  -0.00003768
  99    0.0000486  -0.00006436
 100    0.0000815  -0.00021418
 101    0.0000006  -0.00000061
 102    0.0000013  -0.00000352
 103    0.0000009  -0.00000134
 104    0.0000010  -0.00000244
 105    0.0000355  -0.00004528
 106    0.0000289  -0.00003213
 107    0.0000437  -0.00005338
 108    0.0000610  -0.00013445
 109    0.0000006  -0.00000052
 110    0.0000012  -0.00000238
 111    0.0000006  -0.00000062
 112    0.0000009  -0.00000141
 113    0.0000339  -0.00004124
 114    0.0000206  -0.00002400
 115    0.0000333  -0.00004266
 116    0.0000402  -0.00010179
 117    0.0000005  -0.00000036
 118    0.0000010  -0.00000314
 119    0.0000005  -0.00000173
 120    0.0000008  -0.00000112
 121    0.0000200  -0.00002840
 122    0.0000187  -0.00002312
 123    0.0000301  -0.00003674
 124    0.0000219  -0.00003263
 125    0.0000005  -0.00000054
 126    0.0000007  -0.00000113
 127    0.0000004  -0.00000087
 128    0.0000005  -0.00000034
 129    0.0000163  -0.00002181
 130    0.0000176  -0.00002092
 131    0.0000237  -0.00002807
 132    0.0000201  -0.00003592
 133    0.0000003  -0.00000089
 134    0.0000005  -0.00000180
 135    0.0000004  -0.00000450
 136    0.0000005  -0.00000095
 137    0.0000132  -0.00001887
 138    0.0000141  -0.00001702
 139    0.0000167  -0.00001988
 140    0.0000158  -0.00003057
 141    0.0000002  -0.00000244
 142    0.0000003  -0.00000771
 143    0.0000003  -0.00000711
 144    0.0000002  -0.00000573
 
----------------
 Final Energies 
----------------
Final NOF Total Energy =     -58.6501924
 
Total Orbital Internal Iterations = 10
Total Occupation Internal Iterations = 0
 
Elapsed time:   84.28 Seconds

---------------------------------
   Lowdin Population Analysis    
---------------------------------
 Idx  Atom   Population   Charge 
---------------------------------
  1    Be     4.000      -0.000
  2    Be     4.000      -0.000
  3    Be     4.000      -0.000
  4    Be     3.999       0.001

---------------------------------
   M Diagnostic: 0.03
---------------------------------

Recovering execution output...
Moving from /scratch/pobleyef/181629 to /home-nas/pobleyef/Poison-Set/ncwomax/P30-5/GNOFmsta/arina.181629
mkdir -p /home-nas/pobleyef/Poison-Set/ncwomax/P30-5/GNOFmsta/arina.181629
mv /scratch/pobleyef/181629/* /home-nas/pobleyef/Poison-Set/ncwomax/P30-5/GNOFmsta/arina.181629
