G2RC_20_68
/software/eb2024/easybuild/software/common/software/Julia/1.11.3-linux-x86_64/bin/julia
Job runing on na11
Choosing scratch ...
Automatic scratch folder selection
/scratch/pobleyef/181638
/scratch/pobleyef/181638 directory
cp G2RC_20_68.jl G2RC_20_68.jld2 to  /scratch/pobleyef/181638/.
Computing Integrals
Elapsed time:    7.34 Seconds

Number of basis functions                   (NBF)    = 171
Number of auxiliary basis functions         (NBFAUX) = 231
Inactive Doubly occupied orbitals up to     (NO1)    = 0
No. considered Strongly Doubly occupied MOs (NDOC)   = 11
No. considered Strongly Singly occupied MOs (NSOC)   = 0
NO. of Weakly occ. per St. Doubly occ.  MOs (NCWO)   = 14
Dimension of the Nat. Orb. subspace         (NBF5)   = 165
No. of electrons                                     = 22
    No. of alpha electrons                           = 11
    No. of beta electrons                            = 11
Multiplicity                                         = 1

Geometry
========
 N       0.0000000       0.0000000      -0.0211861
 N       0.0000000       0.0000000      -1.1424486
 O       0.0000000       0.0000000       1.1636347

No violations of the orthonormality
No violations of the orthonormality
 
PNOF9/ADABelief Calculation
==================
 
  Nitext  Nit_orb  Time   Nit_occ  Time         Eelec          Etot           Ediff      maxdiff    MaxGrad_orb  Grad_occ
     1      10    4.1e+01    0    2.0e+01  -245.43637007  -184.44942158 -10244.43637007   0.003151   1.3e-02   2.0e-04 0.04
     2      30    7.6e+01    0    9.7e-02  -245.43637007  -184.44942158     0.00000000   0.003151   1.3e-02   2.0e-04 0.04
     3      50    1.2e+02    4    1.9e-01  -245.43642579  -184.44947730    -0.00005573   0.002159   8.6e-03   2.0e-04 0.04
     4      50    1.2e+02    0    8.7e-02  -245.43643493  -184.44948644    -0.00000914   0.002390   9.6e-03   2.2e-04 0.04
     5      60    1.5e+02    1    1.3e-01  -245.43646967  -184.44952118    -0.00003474   0.002024   8.1e-03   1.7e-04 0.04
     6      60    1.5e+02    0    9.6e-02  -245.43647022  -184.44952172    -0.00000055   0.002024   8.1e-03   1.7e-04 0.04
     7      67    1.6e+02    0    9.4e-02  -245.43651644  -184.44956795    -0.00004623   0.000491   2.0e-03   1.7e-04 0.04
 
RESULTS OF THE OCCUPATION OPTIMIZATION
========================================
   1    1.9999897  -20.14431477
   2    1.9999767  -16.10316753
   3    1.9999783  -15.96220336
   4    1.9882701  -1.49233409
   5    1.9873409  -1.26571977
   6    1.9787795  -0.96084431
   7    1.9736788  -0.94656444
   8    1.9814377  -0.74052366
   9    1.9797192  -0.71413615
  10    1.9634936  -0.59697638
  11    1.9636968  -0.57476353
  12    0.0337339  -0.05222444
  13    0.0337528  -0.05228736
  14    0.0061689  -0.01246156
  15    0.0060749  -0.01226331
  16    0.0238784  -0.04660564
  17    0.0147674  -0.02930169
  18    0.0061875  -0.01622204
  19    0.0059116  -0.01830800
  20    0.0000100  -0.00034329
  21    0.0000066  -0.00019218
  22    0.0000056  -0.00023606
  23    0.0020677  -0.00438149
  24    0.0022306  -0.00473451
  25    0.0040972  -0.00858623
  26    0.0042357  -0.00934351
  27    0.0014411  -0.00431716
  28    0.0027164  -0.00622905
  29    0.0027977  -0.00627480
  30    0.0019398  -0.00585865
  31    0.0000026  -0.00003785
  32    0.0000031  -0.00005104
  33    0.0000013  -0.00002605
  34    0.0001432  -0.00043196
  35    0.0001690  -0.00046128
  36    0.0040074  -0.00846706
  37    0.0042264  -0.00864186
  38    0.0004025  -0.00135837
  39    0.0023353  -0.00583423
  40    0.0012095  -0.00524263
  41    0.0016788  -0.00719807
  42    0.0000023  -0.00004099
  43    0.0000029  -0.00004880
  44    0.0000011  -0.00002243
  45    0.0001248  -0.00036952
  46    0.0001134  -0.00035860
  47    0.0036923  -0.00761801
  48    0.0012483  -0.00435783
  49    0.0001517  -0.00056233
  50    0.0008218  -0.00219060
  51    0.0004902  -0.00153504
  52    0.0005015  -0.00173863
  53    0.0000013  -0.00002348
  54    0.0000016  -0.00002730
  55    0.0000005  -0.00001093
  56    0.0000711  -0.00025452
  57    0.0000976  -0.00031383
  58    0.0008748  -0.00278541
  59    0.0009920  -0.00241864
  60    0.0001407  -0.00053523
  61    0.0001604  -0.00051899
  62    0.0004816  -0.00151748
  63    0.0004824  -0.00451720
  64    0.0000011  -0.00002115
  65    0.0000016  -0.00002656
  66    0.0000004  -0.00001009
  67    0.0000640  -0.00023957
  68    0.0000636  -0.00024475
  69    0.0003468  -0.00130226
  70    0.0008919  -0.00280382
  71    0.0000758  -0.00030254
  72    0.0001548  -0.00054254
  73    0.0004626  -0.00338414
  74    0.0003449  -0.00188834
  75    0.0000011  -0.00002334
  76    0.0000014  -0.00003705
  77    0.0000003  -0.00002960
  78    0.0000355  -0.00014863
  79    0.0000255  -0.00009415
  80    0.0003201  -0.00097900
  81    0.0003711  -0.00130339
  82    0.0000587  -0.00027597
  83    0.0001467  -0.00048508
  84    0.0003633  -0.00125040
  85    0.0002343  -0.00086260
  86    0.0000007  -0.00001450
  87    0.0000010  -0.00002959
  88    0.0000002  -0.00000317
  89    0.0000107  -0.00005487
  90    0.0000098  -0.00005442
  91    0.0002012  -0.00064867
  92    0.0003552  -0.00146532
  93    0.0000551  -0.00026031
  94    0.0000316  -0.00016123
  95    0.0002710  -0.00176997
  96    0.0002283  -0.00082639
  97    0.0000005  -0.00002084
  98    0.0000010  -0.00002152
  99    0.0000002  -0.00000304
 100    0.0000102  -0.00005178
 101    0.0000092  -0.00004866
 102    0.0001886  -0.00061515
 103    0.0000467  -0.00020288
 104    0.0000532  -0.00025914
 105    0.0000180  -0.00009787
 106    0.0001304  -0.00098204
 107    0.0001779  -0.00067694
 108    0.0000004  -0.00003504
 109    0.0000009  -0.00001947
 110    0.0000001  -0.00000254
 111    0.0000090  -0.00005448
 112    0.0000079  -0.00004500
 113    0.0001571  -0.00054680
 114    0.0000392  -0.00019785
 115    0.0000218  -0.00010875
 116    0.0000165  -0.00010345
 117    0.0000962  -0.00052593
 118    0.0001061  -0.00047785
 119    0.0000004  -0.00000627
 120    0.0000008  -0.00001893
 121    0.0000001  -0.00000149
 122    0.0000088  -0.00005297
 123    0.0000077  -0.00004593
 124    0.0001073  -0.00042841
 125    0.0000313  -0.00016065
 126    0.0000125  -0.00008533
 127    0.0000138  -0.00009160
 128    0.0000688  -0.00074769
 129    0.0000577  -0.00082402
 130    0.0000004  -0.00000622
 131    0.0000007  -0.00001486
 132    0.0000001  -0.00000143
 133    0.0000085  -0.00004789
 134    0.0000072  -0.00004128
 135    0.0000858  -0.00038907
 136    0.0000183  -0.00008524
 137    0.0000109  -0.00007064
 138    0.0000136  -0.00008628
 139    0.0000522  -0.00030065
 140    0.0000291  -0.00038543
 141    0.0000003  -0.00001878
 142    0.0000007  -0.00001420
 143    0.0000001  -0.00000102
 144    0.0000080  -0.00004118
 145    0.0000066  -0.00003863
 146    0.0000192  -0.00010646
 147    0.0000156  -0.00007890
 148    0.0000101  -0.00006996
 149    0.0000122  -0.00006970
 150    0.0000257  -0.00012726
 151    0.0000223  -0.00011604
 152    0.0000003  -0.00000405
 153    0.0000006  -0.00001228
 154    0.0000001  -0.00000098
 155    0.0000077  -0.00004068
 156    0.0000055  -0.00003841
 157    0.0000141  -0.00007702
 158    0.0000156  -0.00008091
 159    0.0000086  -0.00006801
 160    0.0000116  -0.00007416
 161    0.0000224  -0.00012350
 162    0.0000151  -0.00008993
 163    0.0000002  -0.00000374
 164    0.0000004  -0.00001122
 165    0.0000001  -0.00000111
 
----------------
 Final Energies 
----------------
Final NOF Total Energy =    -184.4495680
 
Total Orbital Internal Iterations = 327
Total Occupation Internal Iterations = 5
 
Elapsed time:  889.67 Seconds

---------------------------------
   Lowdin Population Analysis    
---------------------------------
 Idx  Atom   Population   Charge 
---------------------------------
  1     N     7.137      -0.137
  2     N     6.949       0.051
  3     O     7.914       0.086

---------------------------------
   M Diagnostic: 0.04
---------------------------------

Recovering execution output...
Moving from /scratch/pobleyef/181638 to /home-nas/pobleyef/Poison-Set/ncwomax/P30-5/GNOFmsta/arina.181638
mkdir -p /home-nas/pobleyef/Poison-Set/ncwomax/P30-5/GNOFmsta/arina.181638
mv /scratch/pobleyef/181638/* /home-nas/pobleyef/Poison-Set/ncwomax/P30-5/GNOFmsta/arina.181638
