mg
/software/eb2024/easybuild/software/common/software/Julia/1.11.3-linux-x86_64/bin/julia
Job runing on na16
Choosing scratch ...
Automatic scratch folder selection
/scratch/pobleyef/181642
/scratch/pobleyef/181642 directory
cp mg.jl mg.jld2 to  /scratch/pobleyef/181642/.
Computing Integrals
Elapsed time:    4.01 Seconds

Number of basis functions                   (NBF)    = 51
Number of auxiliary basis functions         (NBFAUX) = 112
Inactive Doubly occupied orbitals up to     (NO1)    = 0
No. considered Strongly Doubly occupied MOs (NDOC)   = 6
No. considered Strongly Singly occupied MOs (NSOC)   = 0
NO. of Weakly occ. per St. Doubly occ.  MOs (NCWO)   = 7
Dimension of the Nat. Orb. subspace         (NBF5)   = 48
No. of electrons                                     = 12
    No. of alpha electrons                           = 6
    No. of beta electrons                            = 6
Multiplicity                                         = 1

Geometry
========
Mg       0.0000000       0.0000000       0.0000000

No violations of the orthonormality
No violations of the orthonormality
 
PNOF9/ADABelief Calculation
==================
 
  Nitext  Nit_orb  Time   Nit_occ  Time         Eelec          Etot           Ediff      maxdiff    MaxGrad_orb  Grad_occ
     1      10    1.7e+01    0    2.0e+01  -199.85748055  -199.85748055 -10198.85748055   0.000842   3.4e-03   1.9e-04 0.02
 
RESULTS OF THE OCCUPATION OPTIMIZATION
========================================
   1    1.9999981  -49.07641470
   2    1.9976037  -3.79800885
   3    1.9962184  -2.31209072
   4    1.9933580  -2.30844706
   5    1.9914875  -2.30680648
   6    1.9681485  -0.26439912
   7    0.0098143  -0.01114952
   8    0.0027026  -0.01348558
   9    0.0061494  -0.02983362
  10    0.0030419  -0.01400259
  11    0.0022468  -0.01301447
  12    0.0000018  -0.00000815
  13    0.0097447  -0.01114082
  14    0.0026825  -0.01340318
  15    0.0001625  -0.00069648
  16    0.0004871  -0.00652855
  17    0.0000711  -0.00193113
  18    0.0000000  -0.00000032
  19    0.0097140  -0.01108978
  20    0.0026613  -0.01334407
  21    0.0001527  -0.00065374
  22    0.0001769  -0.00070959
  23    0.0000272  -0.00009195
  24    0.0000000  -0.00000033
  25    0.0011557  -0.00146231
  26    0.0003150  -0.00097912
  27    0.0001511  -0.00066058
  28    0.0000385  -0.00010914
  29    0.0000253  -0.00008885
  30    0.0000000  -0.00000030
  31    0.0011465  -0.00144870
  32    0.0001332  -0.00056531
  33    0.0000112  -0.00001983
  34    0.0000143  -0.00048562
  35    0.0000122  -0.00022215
  36    0.0000000  -0.00000030
  37    0.0001440  -0.00018007
  38    0.0000091  -0.00001749
  39    0.0000082  -0.00001652
  40    0.0000117  -0.00002548
  41    0.0000077  -0.00013742
  42    0.0000000  -0.00000029
  43    0.0001322  -0.00016849
  44    0.0000089  -0.00001721
  45    0.0000068  -0.00001515
  46    0.0000112  -0.00001950
  47    0.0000061  -0.00014159
  48    0.0000000  -0.00000020
 
----------------
 Final Energies 
----------------
Final NOF Total Energy =    -199.8574806
 
Total Orbital Internal Iterations = 10
Total Occupation Internal Iterations = 0
 
Elapsed time:   47.66 Seconds

---------------------------------
   Lowdin Population Analysis    
---------------------------------
 Idx  Atom   Population   Charge 
---------------------------------
  1    Mg    12.000      -0.000

---------------------------------
   M Diagnostic: 0.02
---------------------------------

Recovering execution output...
Moving from /scratch/pobleyef/181642 to /home-nas/pobleyef/Poison-Set/ncwomax/P30-5/GNOFmsta/arina.181642
mkdir -p /home-nas/pobleyef/Poison-Set/ncwomax/P30-5/GNOFmsta/arina.181642
mv /scratch/pobleyef/181642/* /home-nas/pobleyef/Poison-Set/ncwomax/P30-5/GNOFmsta/arina.181642
