si_C.jld2 not found
si_n.jld2 not found
Computing Integrals
Elapsed time:    2.89 Seconds

Number of basis functions                   (NBF)    = 70
Number of auxiliary basis functions         (NBFAUX) = 128
Inactive Doubly occupied orbitals up to     (NO1)    = 0
No. considered Strongly Doubly occupied MOs (NDOC)   = 6
No. considered Strongly Singly occupied MOs (NSOC)   = 2
NO. of Weakly occ. per St. Doubly occ.  MOs (NCWO)   = 1
Dimension of the Nat. Orb. subspace         (NBF5)   = 14
No. of electrons                                     = 14
    No. of alpha electrons                           = 8
    No. of beta electrons                            = 6
Multiplicity                                         = 3

Geometry
========
Si       0.0000000       0.0000000       0.0000000

No violations of the orthonormality
No violations of the orthonormality
 
PNOF9/ADABelief Calculation
==================
 
  Nitext  Nit_orb  Time   Nit_occ  Time         Eelec          Etot           Ediff      maxdiff    MaxGrad_orb  Grad_occ
     1      10    9.4e+00    5    1.2e+01  -283.91938756  -283.91938756 -10282.91938756   0.977503   3.9e+00   2.3e-05 0.00
     2      10    2.6e-02    5    3.9e-04  -286.96115543  -286.96115543    -3.04176787   0.457491   1.8e+00   1.3e-04 0.00
     3      10    2.0e-02    5    4.0e-04  -288.06876330  -288.06876330    -1.10760786   0.233315   9.3e-01   1.6e-04 0.01
     4      10    8.8e-03    4    3.9e-04  -288.69527587  -288.69527587    -0.62651257   0.216081   8.6e-01   1.4e-04 0.01
     5      10    9.5e-03    3    3.7e-04  -288.90892359  -288.90892359    -0.21364772   0.208302   8.3e-01   1.7e-04 0.01
     6      10    1.1e-02    3    3.3e-04  -288.96727517  -288.96727517    -0.05835158   0.207572   8.3e-01   1.4e-04 0.01
     7      10    1.2e-02    2    3.7e-04  -288.97011198  -288.97011198    -0.00283681   0.246759   9.9e-01   1.6e-04 0.01
     8      10    7.3e-03    2    5.1e-04  -288.98508653  -288.98508653    -0.01497455   0.234004   9.4e-01   1.8e-04 0.01
     9      10    7.9e-03    2    3.3e-04  -288.98871519  -288.98871519    -0.00362866   0.260624   1.0e+00   7.8e-05 0.01
    10      10    1.0e-02    2    3.4e-04  -288.99368086  -288.99368086    -0.00496567   0.189803   7.6e-01   1.6e-04 0.01
    11      10    1.0e-02    0    3.3e-04  -288.99472851  -288.99472851    -0.00104765   0.189803   7.6e-01   1.6e-04 0.01
    12      30    2.3e-02    3    3.6e-04  -289.04662138  -289.04662138    -0.05189287   0.019184   7.7e-02   1.3e-04 0.02
    13      30    3.4e-02    3    1.5e-02  -289.05224845  -289.05224845    -0.00562707   0.016323   6.5e-02   1.1e-04 0.02
    14      30    4.3e-02    4    4.0e-04  -289.05462328  -289.05462328    -0.00237483   0.019349   7.7e-02   4.5e-05 0.02
    15      30    3.0e-02    4    3.9e-04  -289.05656755  -289.05656755    -0.00194428   0.016186   6.5e-02   1.5e-05 0.03
    16      30    2.7e-02    3    3.6e-04  -289.05914239  -289.05914239    -0.00257484   0.020353   8.1e-02   1.7e-04 0.04
    17      30    3.1e-02    3    3.6e-04  -289.06112783  -289.06112783    -0.00198545   0.015567   6.2e-02   1.2e-04 0.04
    18      30    2.2e-02    3    2.0e-03  -289.06188917  -289.06188917    -0.00076134   0.024401   9.8e-02   7.9e-05 0.04
    19      30    3.1e-02    3    6.6e-04  -289.06217234  -289.06217234    -0.00028316   0.018307   7.3e-02   3.7e-05 0.05
    20      30    2.4e-02    0    2.9e-04  -289.06224855  -289.06224855    -0.00007621   0.018307   7.3e-02   3.7e-05 0.05
    21      50    3.8e-02    2    3.4e-04  -289.06296325  -289.06296325    -0.00071471   0.002084   8.3e-03   1.2e-04 0.05
    22      50    3.7e-02    0    3.0e-04  -289.06298857  -289.06298857    -0.00002532   0.002084   8.3e-03   1.2e-04 0.05
    23      70    1.2e-01    2    3.3e-04  -289.06300962  -289.06300962    -0.00002105   0.000767   3.1e-03   4.9e-05 0.05
 
RESULTS OF THE OCCUPATION OPTIMIZATION
========================================
   1    1.9999586  -68.86149611
   2    1.9982758  -6.16377870
   3    1.9967368  -4.26789772
   4    1.9965400  -4.26610088
   5    1.9966987  -4.26592491
   6    1.9510024  -0.55266838
   7    1.0000000  -0.15603994
   8    1.0000000  -0.15601645
   9    0.0489976  -0.03319604
  10    0.0033013  -0.02233727
  11    0.0034600  -0.03152539
  12    0.0032632  -0.02224214
  13    0.0017242  -0.01519477
  14    0.0000414  -0.00542719
 
----------------
 Final Energies 
----------------
Final NOF Total Energy =    -289.0630096
 
Total Orbital Internal Iterations = 550
Total Occupation Internal Iterations = 63
 
Elapsed time:   28.34 Seconds

---------------------------------
   Lowdin Population Analysis    
---------------------------------
 Idx  Atom   Population   Charge 
---------------------------------
  1    Si    14.000      -0.000

---------------------------------
   M Diagnostic: 0.05
---------------------------------

