SIE4x4_7_he2+_1.75_C.jld2 not found
SIE4x4_7_he2+_1.75_n.jld2 not found
Computing Integrals
Elapsed time:    2.70 Seconds

Number of basis functions                   (NBF)    = 60
Number of auxiliary basis functions         (NBFAUX) = 46
Inactive Doubly occupied orbitals up to     (NO1)    = 0
No. considered Strongly Doubly occupied MOs (NDOC)   = 1
No. considered Strongly Singly occupied MOs (NSOC)   = 1
NO. of Weakly occ. per St. Doubly occ.  MOs (NCWO)   = 1
Dimension of the Nat. Orb. subspace         (NBF5)   = 3
No. of electrons                                     = 3
    No. of alpha electrons                           = 2
    No. of beta electrons                            = 1
Multiplicity                                         = 2

Geometry
========
He       0.0000000       0.0000000      -0.9399283
He       0.0000000       0.0000000       0.9399283

No violations of the orthonormality
No violations of the orthonormality
 
PNOF9/ADABelief Calculation
==================
 
  Nitext  Nit_orb  Time   Nit_occ  Time         Eelec          Etot           Ediff      maxdiff    MaxGrad_orb  Grad_occ
     1      10    9.2e+00    3    1.2e+01    -6.00020582    -4.87421325 -10005.00020582   0.020000   8.0e-02   2.3e-05 0.02
     2      10    2.3e-03    2    1.6e-04    -6.02414191    -4.89814934    -0.02393609   0.012918   5.2e-02   6.6e-05 0.03
     3      10    1.9e-03    1    8.3e-05    -6.02512594    -4.89913337    -0.00098403   0.011588   4.6e-02   5.6e-05 0.03
     4      10    1.9e-03    1    8.4e-05    -6.02515238    -4.89915980    -0.00002643   0.011678   4.7e-02   1.3e-06 0.03
     5      10    2.3e-03    0    9.7e-05    -6.02515300    -4.89916043    -0.00000062   0.011678   4.7e-02   1.3e-06 0.03
     6      16    2.8e-03    0    9.2e-05    -6.02579181    -4.89979923    -0.00063881   0.000228   9.1e-04   1.1e-05 0.03
 
RESULTS OF THE OCCUPATION OPTIMIZATION
========================================
   1    1.9699412  -1.40235851
   2    1.0000000  -0.80846709
   3    0.0300588  -0.01986996
 
----------------
 Final Energies 
----------------
Final NOF Total Energy =      -4.8997992
 
Total Orbital Internal Iterations = 66
Total Occupation Internal Iterations = 7
 
Elapsed time:   27.56 Seconds

---------------------------------
   Lowdin Population Analysis    
---------------------------------
 Idx  Atom   Population   Charge 
---------------------------------
  1    He     1.490       0.510
  2    He     1.510       0.490

---------------------------------
   M Diagnostic: 0.03
---------------------------------

