W4-11_136_foof_C.jld2 not found
W4-11_136_foof_n.jld2 not found
Computing Integrals
Elapsed time:    4.51 Seconds

Number of basis functions                   (NBF)    = 228
Number of auxiliary basis functions         (NBFAUX) = 308
Inactive Doubly occupied orbitals up to     (NO1)    = 0
No. considered Strongly Doubly occupied MOs (NDOC)   = 17
No. considered Strongly Singly occupied MOs (NSOC)   = 0
NO. of Weakly occ. per St. Doubly occ.  MOs (NCWO)   = 1
Dimension of the Nat. Orb. subspace         (NBF5)   = 34
No. of electrons                                     = 34
    No. of alpha electrons                           = 17
    No. of beta electrons                            = 17
Multiplicity                                         = 1

Geometry
========
 F       0.5557100       1.3844340      -0.4939860
 O       0.5557100       0.2681810       0.5557340
 O      -0.5557100      -0.2681810       0.5557340
 F      -0.5557100      -1.3844340      -0.4939860

No violations of the orthonormality
No violations of the orthonormality
 
PNOF9/ADABelief Calculation
==================
 
  Nitext  Nit_orb  Time   Nit_occ  Time         Eelec          Etot           Ediff      maxdiff    MaxGrad_orb  Grad_occ
     1      10    1.0e+01    5    1.2e+01  -464.16493196  -338.77714005 -10463.16493196   0.904557   3.6e+00   1.6e-04 0.00
     2      10    1.4e+00   13    2.8e-02  -471.46548143  -346.07768952    -7.30054947   0.358048   1.4e+00   8.6e-05 0.02
     3      10    1.1e+00   13    1.7e-02  -473.85013027  -348.46233835    -2.38464883   0.284111   1.1e+00   2.1e-04 0.04
     4      10    1.1e+00    9    2.5e-02  -474.29229377  -348.90450185    -0.44216350   0.322249   1.3e+00   2.0e-04 0.04
     5      10    1.6e+00    7    1.0e-02  -474.35669960  -348.96890769    -0.06440584   0.246399   9.9e-01   2.0e-04 0.04
     6      10    1.2e+00    0    6.3e-02  -474.35938661  -348.97159470    -0.00268701   0.246399   9.9e-01   2.0e-04 0.04
     7      30    5.5e+00    7    4.5e-02  -474.51791808  -349.13012617    -0.15853147   0.007072   2.8e-02   1.5e-04 0.05
     8      30    3.3e+00    6    2.7e-02  -474.52919235  -349.14140044    -0.01127427   0.009936   4.0e-02   2.0e-04 0.05
     9      30    3.4e+00    3    3.1e-02  -474.53231030  -349.14451839    -0.00311795   0.009518   3.8e-02   1.7e-04 0.05
    10      30    5.2e+00    2    4.5e-02  -474.53277606  -349.14498415    -0.00046576   0.009109   3.6e-02   1.7e-04 0.05
    11      30    3.3e+00    3    1.1e-02  -474.53317759  -349.14538567    -0.00040152   0.008702   3.5e-02   1.6e-04 0.05
    12      30    3.7e+00    2    1.2e-02  -474.53330593  -349.14551401    -0.00012834   0.009159   3.7e-02   1.8e-04 0.05
    13      30    4.7e+00    3    3.0e-02  -474.53380837  -349.14601646    -0.00050244   0.006907   2.8e-02   2.2e-04 0.05
    14      30    4.3e+00    4    3.0e-02  -474.53391030  -349.14611839    -0.00010193   0.008477   3.4e-02   1.7e-04 0.05
    15      30    4.0e+00    4    9.3e-03  -474.53401800  -349.14622609    -0.00010770   0.008279   3.3e-02   7.8e-05 0.05
    16      30    3.7e+00    2    2.1e-02  -474.53407664  -349.14628473    -0.00005864   0.008361   3.3e-02   1.9e-04 0.05
    17      30    4.9e+00    3    1.6e-02  -474.53421251  -349.14642059    -0.00013587   0.007909   3.2e-02   2.3e-04 0.05
    18      30    6.9e+00    0    9.2e-03  -474.53421823  -349.14642632    -0.00000572   0.007909   3.2e-02   2.3e-04 0.05
    19      50    7.3e+00    2    3.6e-02  -474.53525836  -349.14746645    -0.00104013   0.000473   1.9e-03   1.9e-04 0.05
 
RESULTS OF THE OCCUPATION OPTIMIZATION
========================================
   1    1.9998608  -26.10612664
   2    1.9998501  -25.66813236
   3    1.9998165  -21.56049031
   4    1.9998093  -21.15112396
   5    1.9938016  -1.65014194
   6    1.9920929  -1.63609854
   7    1.9928031  -1.54390402
   8    1.9914094  -1.25230863
   9    1.9632538  -0.86226116
  10    1.9877003  -0.85230221
  11    1.9873068  -0.78994838
  12    1.9840796  -0.74986760
  13    1.9836335  -0.72101257
  14    1.9835771  -0.70176661
  15    1.9509407  -0.69664478
  16    1.9511742  -0.69536136
  17    1.9835669  -0.69353295
  18    0.0164331  -0.02356686
  19    0.0488258  -0.08496763
  20    0.0490593  -0.08511653
  21    0.0164229  -0.02419717
  22    0.0163665  -0.02388551
  23    0.0159204  -0.02391916
  24    0.0126932  -0.02617306
  25    0.0122997  -0.02183941
  26    0.0367462  -0.06206419
  27    0.0085906  -0.01768142
  28    0.0071969  -0.01496718
  29    0.0079071  -0.02365888
  30    0.0061984  -0.01894857
  31    0.0001907  -0.00640701
  32    0.0001835  -0.00621830
  33    0.0001499  -0.00615612
  34    0.0001392  -0.00587652
 
----------------
 Final Energies 
----------------
Final NOF Total Energy =    -349.1474665
 
Total Orbital Internal Iterations = 470
Total Occupation Internal Iterations = 88
 
Elapsed time:   99.52 Seconds

---------------------------------
   Lowdin Population Analysis    
---------------------------------
 Idx  Atom   Population   Charge 
---------------------------------
  1     F     9.049      -0.049
  2     O     7.951       0.049
  3     O     7.951       0.049
  4     F     9.049      -0.049

---------------------------------
   M Diagnostic: 0.05
---------------------------------

