BH76_9_hf2ts
/software/eb2024/easybuild/software/common/software/Julia/1.11.3-linux-x86_64/bin/julia
Job runing on na10
Choosing scratch ...
Automatic scratch folder selection
/scratch/pobleyef/203008
/scratch/pobleyef/203008 directory
cp BH76_9_hf2ts.jl BH76_9_hf2ts.jld2 to  /scratch/pobleyef/203008/.
Computing Integrals
Elapsed time:    6.10 Seconds

Number of basis functions                   (NBF)    = 144
Number of auxiliary basis functions         (NBFAUX) = 172
Inactive Doubly occupied orbitals up to     (NO1)    = 0
No. considered Strongly Doubly occupied MOs (NDOC)   = 9
No. considered Strongly Singly occupied MOs (NSOC)   = 1
NO. of Weakly occ. per St. Doubly occ.  MOs (NCWO)   = 1
Dimension of the Nat. Orb. subspace         (NBF5)   = 19
No. of electrons                                     = 19
    No. of alpha electrons                           = 10
    No. of beta electrons                            = 9
Multiplicity                                         = 2

Geometry
========
 H       0.0000000       0.0000000      -1.5701571
 F       0.0000000       0.0000000       0.0449024
 F       0.0000000       0.0000000       1.5252546

No violations of the orthonormality
No violations of the orthonormality
 
PNOF9/ADABelief Calculation
==================
 
  Nitext  Nit_orb  Time   Nit_occ  Time         Eelec          Etot           Ediff      maxdiff    MaxGrad_orb  Grad_occ
     1      10    2.2e+01    2    2.0e+01  -233.07938414  -199.63715261 -10232.07938414   0.000963   3.9e-03   1.8e-04 0.06
 
RESULTS OF THE OCCUPATION OPTIMIZATION
========================================
   1    1.9998750  -26.46122118
   2    1.9998738  -26.44546051
   3    1.9924060  -1.55320360
   4    1.9919245  -1.49402033
   5    1.9866420  -0.82127709
   6    1.9867285  -0.81955272
   7    1.9863283  -0.81144745
   8    1.9864556  -0.81141679
   9    1.9368537  -0.79047825
  10    1.0000000  -0.25026949
  11    0.0631463  -0.09679635
  12    0.0135444  -0.02369912
  13    0.0136717  -0.02349128
  14    0.0132715  -0.02346449
  15    0.0133580  -0.02326298
  16    0.0080755  -0.02187089
  17    0.0075940  -0.02181763
  18    0.0001262  -0.00588950
  19    0.0001250  -0.00579174
 
----------------
 Final Energies 
----------------
Final NOF Total Energy =    -199.6371526
 
Total Orbital Internal Iterations = 10
Total Occupation Internal Iterations = 2
 
Elapsed time:   53.98 Seconds

---------------------------------
   Lowdin Population Analysis    
---------------------------------
 Idx  Atom   Population   Charge 
---------------------------------
  1     H     1.016      -0.016
  2     F     8.970       0.030
  3     F     9.014      -0.014

---------------------------------
   M Diagnostic: 0.06
---------------------------------

Recovering execution output...
Moving from /scratch/pobleyef/203008 to /home-nas/pobleyef/Poison-NOF/ncwo1/P30-5/GNOFmodulated/arina.203008
mkdir -p /home-nas/pobleyef/Poison-NOF/ncwo1/P30-5/GNOFmodulated/arina.203008
mv /scratch/pobleyef/203008/* /home-nas/pobleyef/Poison-NOF/ncwo1/P30-5/GNOFmodulated/arina.203008
