c
/software/eb2024/easybuild/software/common/software/Julia/1.11.3-linux-x86_64/bin/julia
Job runing on na04
Choosing scratch ...
Automatic scratch folder selection
/scratch/pobleyef/203012
/scratch/pobleyef/203012 directory
cp c.jl c.jld2 to  /scratch/pobleyef/203012/.
Computing Integrals
Elapsed time:    3.74 Seconds

Number of basis functions                   (NBF)    = 57
Number of auxiliary basis functions         (NBFAUX) = 75
Inactive Doubly occupied orbitals up to     (NO1)    = 0
No. considered Strongly Doubly occupied MOs (NDOC)   = 2
No. considered Strongly Singly occupied MOs (NSOC)   = 2
NO. of Weakly occ. per St. Doubly occ.  MOs (NCWO)   = 1
Dimension of the Nat. Orb. subspace         (NBF5)   = 6
No. of electrons                                     = 6
    No. of alpha electrons                           = 4
    No. of beta electrons                            = 2
Multiplicity                                         = 3

Geometry
========
 C       0.0000000       0.0000000       0.0000000

No violations of the orthonormality
No violations of the orthonormality
 
PNOF9/ADABelief Calculation
==================
 
  Nitext  Nit_orb  Time   Nit_occ  Time         Eelec          Etot           Ediff      maxdiff    MaxGrad_orb  Grad_occ
     1      10    1.6e+01    1    2.0e+01   -37.77548916   -37.77548916 -10036.77548916   0.000548   2.2e-03   7.1e-05 0.15
 
RESULTS OF THE OCCUPATION OPTIMIZATION
========================================
   1    1.9994407  -11.30587319
   2    1.8542434  -0.70631813
   3    1.0000000  -0.22664011
   4    1.0000000  -0.22663160
   5    0.1457566  -0.06034572
   6    0.0005593  -0.00989489
 
----------------
 Final Energies 
----------------
Final NOF Total Energy =     -37.7754892
 
Total Orbital Internal Iterations = 10
Total Occupation Internal Iterations = 1
 
Elapsed time:   47.18 Seconds

---------------------------------
   Lowdin Population Analysis    
---------------------------------
 Idx  Atom   Population   Charge 
---------------------------------
  1     C     6.000      -0.000

---------------------------------
   M Diagnostic: 0.15
---------------------------------

Recovering execution output...
Moving from /scratch/pobleyef/203012 to /home-nas/pobleyef/Poison-NOF/ncwo1/P30-5/GNOFmodulated/arina.203012
mkdir -p /home-nas/pobleyef/Poison-NOF/ncwo1/P30-5/GNOFmodulated/arina.203012
mv /scratch/pobleyef/203012/* /home-nas/pobleyef/Poison-NOF/ncwo1/P30-5/GNOFmodulated/arina.203012
