ca
/software/eb2024/easybuild/software/common/software/Julia/1.11.3-linux-x86_64/bin/julia
Job runing on na04
Choosing scratch ...
Automatic scratch folder selection
/scratch/pobleyef/203011
/scratch/pobleyef/203011 directory
cp ca.jl ca.jld2 to  /scratch/pobleyef/203011/.
Computing Integrals
Elapsed time:    3.84 Seconds

Number of basis functions                   (NBF)    = 56
Number of auxiliary basis functions         (NBFAUX) = 160
Inactive Doubly occupied orbitals up to     (NO1)    = 0
No. considered Strongly Doubly occupied MOs (NDOC)   = 10
No. considered Strongly Singly occupied MOs (NSOC)   = 0
NO. of Weakly occ. per St. Doubly occ.  MOs (NCWO)   = 1
Dimension of the Nat. Orb. subspace         (NBF5)   = 20
No. of electrons                                     = 20
    No. of alpha electrons                           = 10
    No. of beta electrons                            = 10
Multiplicity                                         = 1

Geometry
========
Ca       0.0000000       0.0000000       0.0000000

No violations of the orthonormality
No violations of the orthonormality
 
PNOF9/ADABelief Calculation
==================
 
  Nitext  Nit_orb  Time   Nit_occ  Time         Eelec          Etot           Ediff      maxdiff    MaxGrad_orb  Grad_occ
     1      10    1.6e+01    2    2.0e+01  -677.12161604  -677.12161604 -10676.12161604   0.000815   3.3e-03   2.0e-04 0.03
 
RESULTS OF THE OCCUPATION OPTIMIZATION
========================================
   1    1.9999985  -149.31923312
   2    1.9999864  -16.22955590
   3    1.9998947  -14.20646013
   4    1.9998774  -13.60303220
   5    1.9986565  -13.59497447
   6    1.9848087  -2.24072544
   7    1.9734777  -1.12652768
   8    1.9733593  -1.11993299
   9    1.9716049  -0.99837185
  10    1.9715296  -0.99687172
  11    0.0284704  -0.04242830
  12    0.0283951  -0.04235843
  13    0.0266407  -0.04274817
  14    0.0265223  -0.04274294
  15    0.0151913  -0.03635720
  16    0.0013435  -0.03211946
  17    0.0001226  -0.00478555
  18    0.0001053  -0.00271858
  19    0.0000136  -0.00234402
  20    0.0000015  -0.00021449
 
----------------
 Final Energies 
----------------
Final NOF Total Energy =    -677.1216160
 
Total Orbital Internal Iterations = 10
Total Occupation Internal Iterations = 2
 
Elapsed time:   47.25 Seconds

---------------------------------
   Lowdin Population Analysis    
---------------------------------
 Idx  Atom   Population   Charge 
---------------------------------
  1    Ca    20.000      -0.000

---------------------------------
   M Diagnostic: 0.03
---------------------------------

Recovering execution output...
Moving from /scratch/pobleyef/203011 to /home-nas/pobleyef/Poison-NOF/ncwo1/P30-5/GNOFmodulated/arina.203011
mkdir -p /home-nas/pobleyef/Poison-NOF/ncwo1/P30-5/GNOFmodulated/arina.203011
mv /scratch/pobleyef/203011/* /home-nas/pobleyef/Poison-NOF/ncwo1/P30-5/GNOFmodulated/arina.203011
