n
/software/eb2024/easybuild/software/common/software/Julia/1.11.3-linux-x86_64/bin/julia
Job runing on nagpu01
Choosing scratch ...
Automatic scratch folder selection
/scratch/pobleyef/203028
/scratch/pobleyef/203028 directory
cp n.jl n.jld2 to  /scratch/pobleyef/203028/.
Computing Integrals
Elapsed time:    3.65 Seconds

Number of basis functions                   (NBF)    = 57
Number of auxiliary basis functions         (NBFAUX) = 77
Inactive Doubly occupied orbitals up to     (NO1)    = 0
No. considered Strongly Doubly occupied MOs (NDOC)   = 2
No. considered Strongly Singly occupied MOs (NSOC)   = 3
NO. of Weakly occ. per St. Doubly occ.  MOs (NCWO)   = 1
Dimension of the Nat. Orb. subspace         (NBF5)   = 7
No. of electrons                                     = 7
    No. of alpha electrons                           = 5
    No. of beta electrons                            = 2
Multiplicity                                         = 4

Geometry
========
 N       0.0000000       0.0000000       0.0000000

No violations of the orthonormality
No violations of the orthonormality
 
PNOF9/ADABelief Calculation
==================
 
  Nitext  Nit_orb  Time   Nit_occ  Time         Eelec          Etot           Ediff      maxdiff    MaxGrad_orb  Grad_occ
     1      10    1.6e+01    2    2.0e+01   -54.46451680   -54.46451680 -10053.46451680   0.001213   4.9e-03   1.7e-04 0.02
     2      20    1.2e-02    0    6.5e-04   -54.46461434   -54.46461434    -0.00009754   0.001213   4.9e-03   1.7e-04 0.02
     3      40    4.2e-02    1    4.8e-04   -54.46462137   -54.46462137    -0.00000703   0.002213   8.9e-03   7.0e-05 0.02
     4      40    2.4e-02    1    3.0e-04   -54.46463518   -54.46463518    -0.00001381   0.001413   5.7e-03   2.5e-05 0.02
     5      40    2.4e-02    0    2.5e-04   -54.46463574   -54.46463574    -0.00000055   0.001413   5.7e-03   2.5e-05 0.02
     6      17    7.5e-03    0    4.2e-04   -54.46464460   -54.46464460    -0.00000886   0.000480   1.9e-03   1.3e-04 0.02
 
RESULTS OF THE OCCUPATION OPTIMIZATION
========================================
   1    1.9997502  -15.64481517
   2    1.9765862  -0.96410960
   3    1.0000000  -0.29263200
   4    1.0000000  -0.29263045
   5    1.0000000  -0.29262900
   6    0.0234138  -0.02105771
   7    0.0002498  -0.00666704
 
----------------
 Final Energies 
----------------
Final NOF Total Energy =     -54.4646446
 
Total Orbital Internal Iterations = 167
Total Occupation Internal Iterations = 4
 
Elapsed time:   46.81 Seconds

---------------------------------
   Lowdin Population Analysis    
---------------------------------
 Idx  Atom   Population   Charge 
---------------------------------
  1     N     7.000       0.000

---------------------------------
   M Diagnostic: 0.02
---------------------------------

Recovering execution output...
Moving from /scratch/pobleyef/203028 to /home-nas/pobleyef/Poison-NOF/ncwo1/P30-5/GNOFmodulated/arina.203028
mkdir -p /home-nas/pobleyef/Poison-NOF/ncwo1/P30-5/GNOFmodulated/arina.203028
mv /scratch/pobleyef/203028/* /home-nas/pobleyef/Poison-NOF/ncwo1/P30-5/GNOFmodulated/arina.203028
