SIE4x4_4_he2+_1.0
/software/eb2024/easybuild/software/common/software/Julia/1.11.3-linux-x86_64/bin/julia
Job runing on na05
Choosing scratch ...
Automatic scratch folder selection
/scratch/pobleyef/203034
/scratch/pobleyef/203034 directory
cp SIE4x4_4_he2+_1.0.jl SIE4x4_4_he2+_1.0.jld2 to  /scratch/pobleyef/203034/.
Computing Integrals
Elapsed time:    4.39 Seconds

Number of basis functions                   (NBF)    = 60
Number of auxiliary basis functions         (NBFAUX) = 46
Inactive Doubly occupied orbitals up to     (NO1)    = 0
No. considered Strongly Doubly occupied MOs (NDOC)   = 1
No. considered Strongly Singly occupied MOs (NSOC)   = 1
NO. of Weakly occ. per St. Doubly occ.  MOs (NCWO)   = 1
Dimension of the Nat. Orb. subspace         (NBF5)   = 3
No. of electrons                                     = 3
    No. of alpha electrons                           = 2
    No. of beta electrons                            = 1
Multiplicity                                         = 2

Geometry
========
He       0.0000000       0.0000000      -0.5371019
He       0.0000000       0.0000000       0.5371019

No violations of the orthonormality
No violations of the orthonormality
 
PNOF9/ADABelief Calculation
==================
 
  Nitext  Nit_orb  Time   Nit_occ  Time         Eelec          Etot           Ediff      maxdiff    MaxGrad_orb  Grad_occ
     1      10    1.6e+01    1    2.0e+01    -6.91493043    -4.94444343 -10005.91493043   0.000221   8.8e-04   9.2e-05 0.01
 
RESULTS OF THE OCCUPATION OPTIMIZATION
========================================
   1    1.9905736  -1.67281280
   2    1.0000000  -0.74442401
   3    0.0094264  -0.00988433
 
----------------
 Final Energies 
----------------
Final NOF Total Energy =      -4.9444434
 
Total Orbital Internal Iterations = 10
Total Occupation Internal Iterations = 1
 
Elapsed time:   47.38 Seconds

---------------------------------
   Lowdin Population Analysis    
---------------------------------
 Idx  Atom   Population   Charge 
---------------------------------
  1    He     1.500       0.500
  2    He     1.500       0.500

---------------------------------
   M Diagnostic: 0.01
---------------------------------

Recovering execution output...
Moving from /scratch/pobleyef/203034 to /home-nas/pobleyef/Poison-NOF/ncwo1/P30-5/GNOFmodulated/arina.203034
mkdir -p /home-nas/pobleyef/Poison-NOF/ncwo1/P30-5/GNOFmodulated/arina.203034
mv /scratch/pobleyef/203034/* /home-nas/pobleyef/Poison-NOF/ncwo1/P30-5/GNOFmodulated/arina.203034
