W4-11_136_foof
/software/eb2024/easybuild/software/common/software/Julia/1.11.3-linux-x86_64/bin/julia
Job runing on na17
Choosing scratch ...
Automatic scratch folder selection
/scratch/pobleyef/203052
/scratch/pobleyef/203052 directory
cp W4-11_136_foof.jl W4-11_136_foof.jld2 to  /scratch/pobleyef/203052/.
Computing Integrals
Elapsed time:    8.32 Seconds

Number of basis functions                   (NBF)    = 228
Number of auxiliary basis functions         (NBFAUX) = 308
Inactive Doubly occupied orbitals up to     (NO1)    = 0
No. considered Strongly Doubly occupied MOs (NDOC)   = 17
No. considered Strongly Singly occupied MOs (NSOC)   = 0
NO. of Weakly occ. per St. Doubly occ.  MOs (NCWO)   = 1
Dimension of the Nat. Orb. subspace         (NBF5)   = 34
No. of electrons                                     = 34
    No. of alpha electrons                           = 17
    No. of beta electrons                            = 17
Multiplicity                                         = 1

Geometry
========
 F       0.5557100       1.3844340      -0.4939860
 O       0.5557100       0.2681810       0.5557340
 O      -0.5557100      -0.2681810       0.5557340
 F      -0.5557100      -1.3844340      -0.4939860

No violations of the orthonormality
No violations of the orthonormality
 
PNOF9/ADABelief Calculation
==================
 
  Nitext  Nit_orb  Time   Nit_occ  Time         Eelec          Etot           Ediff      maxdiff    MaxGrad_orb  Grad_occ
     1      10    4.4e+01    3    2.0e+01  -474.53186455  -349.14407264 -10473.53186455   0.000605   2.4e-03   2.2e-04 0.06
 
RESULTS OF THE OCCUPATION OPTIMIZATION
========================================
   1    1.9998714  -26.40834494
   2    1.9998716  -26.40832233
   3    1.9998412  -20.83133463
   4    1.9998436  -20.83128426
   5    1.9918352  -1.50429540
   6    1.9918089  -1.50098027
   7    1.9928991  -1.40541808
   8    1.9927639  -1.38701714
   9    1.9580761  -0.86590054
  10    1.9885000  -0.84917342
  11    1.9885045  -0.84769332
  12    1.9852692  -0.76695588
  13    1.9846658  -0.76630879
  14    1.9852342  -0.76532822
  15    1.9845977  -0.76335528
  16    1.9415704  -0.69906701
  17    1.9415723  -0.69900260
  18    0.0584277  -0.09160800
  19    0.0584296  -0.09161547
  20    0.0154023  -0.02461367
  21    0.0147658  -0.02435675
  22    0.0153342  -0.02462615
  23    0.0147308  -0.02436781
  24    0.0114955  -0.01938838
  25    0.0115000  -0.01941723
  26    0.0419239  -0.06518912
  27    0.0072361  -0.01805134
  28    0.0071009  -0.01797145
  29    0.0081911  -0.02274675
  30    0.0081648  -0.02274318
  31    0.0001564  -0.00574611
  32    0.0001588  -0.00579325
  33    0.0001284  -0.00593206
  34    0.0001286  -0.00593881
 
----------------
 Final Energies 
----------------
Final NOF Total Energy =    -349.1440726
 
Total Orbital Internal Iterations = 10
Total Occupation Internal Iterations = 3
 
Elapsed time:   77.43 Seconds

---------------------------------
   Lowdin Population Analysis    
---------------------------------
 Idx  Atom   Population   Charge 
---------------------------------
  1     F     9.045      -0.045
  2     O     7.955       0.045
  3     O     7.955       0.045
  4     F     9.045      -0.045

---------------------------------
   M Diagnostic: 0.06
---------------------------------

Recovering execution output...
Moving from /scratch/pobleyef/203052 to /home-nas/pobleyef/Poison-NOF/ncwo1/P30-5/GNOFmodulated/arina.203052
mkdir -p /home-nas/pobleyef/Poison-NOF/ncwo1/P30-5/GNOFmodulated/arina.203052
mv /scratch/pobleyef/203052/* /home-nas/pobleyef/Poison-NOF/ncwo1/P30-5/GNOFmodulated/arina.203052
