ALKBDE10_2_cao
/software/eb2024/easybuild/software/common/software/Julia/1.11.3-linux-x86_64/bin/julia
Job runing on na17
Choosing scratch ...
Automatic scratch folder selection
/scratch/pobleyef/202825
/scratch/pobleyef/202825 directory
cp ALKBDE10_2_cao.jl ALKBDE10_2_cao.jld2 to  /scratch/pobleyef/202825/.
Computing Integrals
Elapsed time:    6.53 Seconds

Number of basis functions                   (NBF)    = 113
Number of auxiliary basis functions         (NBFAUX) = 237
Inactive Doubly occupied orbitals up to     (NO1)    = 0
No. considered Strongly Doubly occupied MOs (NDOC)   = 14
No. considered Strongly Singly occupied MOs (NSOC)   = 0
NO. of Weakly occ. per St. Doubly occ.  MOs (NCWO)   = 7
Dimension of the Nat. Orb. subspace         (NBF5)   = 112
No. of electrons                                     = 28
    No. of alpha electrons                           = 14
    No. of beta electrons                            = 14
Multiplicity                                         = 1

Geometry
========
Ca       0.0000000       0.0000000      -0.8987290
 O       0.0000000       0.0000000       0.8987290

No violations of the orthonormality
No violations of the orthonormality
 
PNOF9/ADABelief Calculation
==================
 
  Nitext  Nit_orb  Time   Nit_occ  Time         Eelec          Etot           Ediff      maxdiff    MaxGrad_orb  Grad_occ
     1      10    2.5e+01    6    2.0e+01  -799.41248476  -752.30808504 -10798.41248476   0.002806   1.1e-02   2.4e-04 0.03
     2      20    1.7e+01    0    1.3e-02  -799.41770065  -752.31330093    -0.00521589   0.002806   1.1e-02   2.4e-04 0.03
     3      40    3.3e+01   10    1.2e-01  -799.41892323  -752.31452351    -0.00122257   0.005430   2.2e-02   1.6e-04 0.04
     4      40    3.4e+01    4    3.5e-02  -799.41970912  -752.31530940    -0.00078589   0.003849   1.5e-02   1.8e-04 0.04
     5      40    3.3e+01    9    1.1e-01  -799.41992002  -752.31552030    -0.00021090   0.003940   1.6e-02   2.2e-04 0.04
     6      40    3.5e+01    3    7.9e-02  -799.42004781  -752.31564809    -0.00012780   0.003861   1.5e-02   1.7e-04 0.04
     7      40    3.6e+01   11    1.1e-01  -799.42010762  -752.31570790    -0.00005980   0.003828   1.5e-02   1.8e-04 0.04
     8      40    3.6e+01    3    7.1e-02  -799.42024558  -752.31584586    -0.00013797   0.004095   1.6e-02   1.6e-04 0.04
     9      40    3.5e+01    0    1.1e-02  -799.42029230  -752.31589258    -0.00004672   0.003541   1.4e-02   2.6e-04 0.04
    10      50    4.3e+01    0    1.2e-02  -799.42039693  -752.31599721    -0.00010463   0.003032   1.2e-02   2.8e-04 0.04
    11      60    5.3e+01   11    1.1e-01  -799.42041962  -752.31601990    -0.00002269   0.004355   1.7e-02   1.7e-04 0.04
    12      60    5.3e+01    0    4.9e-02  -799.42046007  -752.31606035    -0.00004045   0.004355   1.7e-02   1.7e-04 0.04
    13      80    7.0e+01    3    1.0e-01  -799.42055627  -752.31615655    -0.00009620   0.000710   2.8e-03   1.3e-04 0.04
 
RESULTS OF THE OCCUPATION OPTIMIZATION
========================================
   1    1.9999999  -149.25454870
   2    1.9999895  -18.31916080
   3    1.9999832  -17.40719997
   4    1.9999809  -14.84321345
   5    1.9999292  -13.48967086
   6    1.9999813  -13.48941410
   7    1.9899581  -2.12824204
   8    1.9734292  -1.21911916
   9    1.9726031  -1.18477297
  10    1.9727803  -1.18411351
  11    1.9818867  -1.11185945
  12    1.9610147  -0.38967325
  13    1.9617472  -0.35253044
  14    1.9668055  -0.33554100
  15    0.0158848  -0.02052317
  16    0.0301170  -0.03980665
  17    0.0317245  -0.04656722
  18    0.0088949  -0.02079489
  19    0.0237212  -0.04174855
  20    0.0232004  -0.04128101
  21    0.0221443  -0.04005610
  22    0.0079333  -0.03458327
  23    0.0000106  -0.00142515
  24    0.0000599  -0.00403416
  25    0.0000045  -0.00007014
  26    0.0000053  -0.00014542
  27    0.0000083  -0.00031806
  28    0.0000001  -0.00000008
  29    0.0120368  -0.01750266
  30    0.0033164  -0.00613753
  31    0.0034677  -0.00690326
  32    0.0050474  -0.01118815
  33    0.0030094  -0.00721612
  34    0.0030363  -0.00727684
  35    0.0030643  -0.00641133
  36    0.0008079  -0.00840505
  37    0.0000038  -0.00012753
  38    0.0000034  -0.00006179
  39    0.0000042  -0.00006562
  40    0.0000029  -0.00005429
  41    0.0000015  -0.00004037
  42    0.0000000  -0.00000001
  43    0.0043906  -0.00739389
  44    0.0032741  -0.00603963
  45    0.0031399  -0.00628243
  46    0.0012658  -0.00365783
  47    0.0002142  -0.00069552
  48    0.0010129  -0.00254623
  49    0.0010547  -0.00266808
  50    0.0006493  -0.00689545
  51    0.0000028  -0.00004973
  52    0.0000030  -0.00009181
  53    0.0000039  -0.00006367
  54    0.0000028  -0.00005258
  55    0.0000002  -0.00001514
  56    0.0000000  -0.00000001
  57    0.0002782  -0.00076672
  58    0.0007641  -0.00188230
  59    0.0002422  -0.00070395
  60    0.0011179  -0.00351180
  61    0.0001076  -0.00023420
  62    0.0001077  -0.00025788
  63    0.0002000  -0.00064935
  64    0.0003988  -0.00361773
  65    0.0000005  -0.00000452
  66    0.0000025  -0.00004711
  67    0.0000032  -0.00005725
  68    0.0000027  -0.00005110
  69    0.0000002  -0.00000043
  70    0.0000000  -0.00000001
  71    0.0002753  -0.00076116
  72    0.0003134  -0.00081385
  73    0.0002247  -0.00069060
  74    0.0008423  -0.00286069
  75    0.0000809  -0.00022567
  76    0.0000147  -0.00010529
  77    0.0000799  -0.00023245
  78    0.0001487  -0.00105966
  79    0.0000005  -0.00000379
  80    0.0000011  -0.00001708
  81    0.0000028  -0.00005070
  82    0.0000024  -0.00004610
  83    0.0000001  -0.00000041
  84    0.0000000  -0.00000001
  85    0.0002463  -0.00070087
  86    0.0002343  -0.00067843
  87    0.0001086  -0.00030321
  88    0.0006164  -0.00215902
  89    0.0000739  -0.00017151
  90    0.0000127  -0.00008923
  91    0.0000147  -0.00009878
  92    0.0000733  -0.00100311
  93    0.0000002  -0.00000110
  94    0.0000004  -0.00000307
  95    0.0000003  -0.00001305
  96    0.0000005  -0.00000766
  97    0.0000001  -0.00000020
  98    0.0000000  -0.00000000
  99    0.0000825  -0.00017294
 100    0.0002333  -0.00068572
 101    0.0000778  -0.00024505
 102    0.0003287  -0.00098570
 103    0.0000126  -0.00008787
 104    0.0000121  -0.00008429
 105    0.0000129  -0.00008601
 106    0.0000306  -0.00013575
 107    0.0000002  -0.00000051
 108    0.0000004  -0.00001068
 109    0.0000002  -0.00000190
 110    0.0000002  -0.00000217
 111    0.0000001  -0.00000010
 112    0.0000000  -0.00000000
 
----------------
 Final Energies 
----------------
Final NOF Total Energy =    -752.3161566
 
Total Orbital Internal Iterations = 560
Total Occupation Internal Iterations = 60
 
Elapsed time:  536.63 Seconds

---------------------------------
   Lowdin Population Analysis    
---------------------------------
 Idx  Atom   Population   Charge 
---------------------------------
  1    Ca    19.337       0.663
  2     O     8.663      -0.663

---------------------------------
   M Diagnostic: 0.04
---------------------------------

Recovering execution output...
Moving from /scratch/pobleyef/202825 to /home-nas/pobleyef/Poison-NOF/ncwomax/P30-5/GNOFmsta25/arina.202825
mkdir -p /home-nas/pobleyef/Poison-NOF/ncwomax/P30-5/GNOFmsta25/arina.202825
mv /scratch/pobleyef/202825/* /home-nas/pobleyef/Poison-NOF/ncwomax/P30-5/GNOFmsta25/arina.202825
