ALKBDE10_3_ca
/software/eb2024/easybuild/software/common/software/Julia/1.11.3-linux-x86_64/bin/julia
Job runing on nh001
Choosing scratch ...
Automatic scratch folder selection
/scratch/pobleyef/211346
/scratch/pobleyef/211346 directory
cp ALKBDE10_3_ca.jl ALKBDE10_3_ca.jld2 to  /scratch/pobleyef/211346/.
Computing Integrals
Basis Set                                            = def2-qzvp
Auxiliary Basis Set                                  = def2-universal-jkfit
Gaussian Type                                        = Spherical
Elapsed time:    3.77 Seconds

Number of basis functions                   (NBF)    = 56
Number of auxiliary basis functions         (NBFAUX) = 160
Inactive Doubly occupied orbitals up to     (NO1)    = 0
No. considered Strongly Doubly occupied MOs (NDOC)   = 10
No. considered Strongly Singly occupied MOs (NSOC)   = 0
NO. of Weakly occ. per St. Doubly occ.  MOs (NCWO)   = 4
Dimension of the Nat. Orb. subspace         (NBF5)   = 50
No. of electrons                                     = 20
    No. of alpha electrons                           = 10
    No. of beta electrons                            = 10
Multiplicity                                         = 1

Geometry
========
Ca       0.0000000       0.0000000       0.0000000

No violations of the orthonormality
No violations of the orthonormality
 
PNOF8/ADABelief Calculation
==================
 
  Nitext  Nit_orb  Time   Nit_occ  Time         Eelec          Etot           Ediff      maxdiff    MaxGrad_orb  Grad_occ
     1      10    2.9e+01    0    3.6e+01  -677.19821123  -677.19821123 -10676.19821123   0.000493   2.0e-03   1.5e-04 0.03
 
RESULTS OF THE OCCUPATION OPTIMIZATION
========================================
   1    1.9999998  -149.37765004
   2    1.9999900  -16.83128902
   3    1.9999798  -13.62871054
   4    1.9999246  -13.62838371
   5    1.9999864  -13.62834659
   6    1.9837422  -2.25404806
   7    1.9722160  -1.19373586
   8    1.9724146  -1.19214568
   9    1.9676683  -0.94345044
  10    1.9675730  -0.93966975
  11    0.0255526  -0.03938932
  12    0.0248882  -0.03902018
  13    0.0173575  -0.03604729
  14    0.0262396  -0.04349365
  15    0.0146337  -0.03579766
  16    0.0000098  -0.00066022
  17    0.0000726  -0.00468318
  18    0.0000137  -0.00093775
  19    0.0000066  -0.00024377
  20    0.0000002  -0.00000157
  21    0.0054484  -0.00894456
  22    0.0052639  -0.00878000
  23    0.0067657  -0.02953335
  24    0.0011584  -0.00276294
  25    0.0008056  -0.00681494
  26    0.0000017  -0.00003444
  27    0.0000014  -0.00002283
  28    0.0000030  -0.00014993
  29    0.0000017  -0.00003459
  30    0.0000000  -0.00000031
  31    0.0011715  -0.00264507
  32    0.0011628  -0.00265181
  33    0.0033749  -0.00744293
  34    0.0002110  -0.00039479
  35    0.0007470  -0.00829698
  36    0.0000016  -0.00002420
  37    0.0000011  -0.00001932
  38    0.0000028  -0.00004390
  39    0.0000012  -0.00002111
  40    0.0000000  -0.00000030
  41    0.0002544  -0.00042318
  42    0.0010168  -0.00225427
  43    0.0000874  -0.00021345
  44    0.0001751  -0.00034811
  45    0.0000714  -0.00020508
  46    0.0000005  -0.00000670
  47    0.0000004  -0.00000238
  48    0.0000007  -0.00001532
  49    0.0000004  -0.00000237
  50    0.0000000  -0.00000030
 
----------------
 Final Energies 
----------------
Final NOF Total Energy =    -677.1982112
 
Total Orbital Internal Iterations = 10
Total Occupation Internal Iterations = 0
 
Elapsed time:   84.44 Seconds

---------------------------------
   Lowdin Population Analysis    
---------------------------------
 Idx  Atom   Population   Charge 
---------------------------------
  1    Ca    20.000      -0.000

---------------------------------
   M Diagnostic: 0.03
---------------------------------

Recovering execution output...
Moving from /scratch/pobleyef/211346 to /home-nas/pobleyef/Poison-NOF/ncwomax/P30-5/GNOFmsta25/arina.211346
mkdir -p /home-nas/pobleyef/Poison-NOF/ncwomax/P30-5/GNOFmsta25/arina.211346
mv /scratch/pobleyef/211346/* /home-nas/pobleyef/Poison-NOF/ncwomax/P30-5/GNOFmsta25/arina.211346
