ALKBDE10_3_o
/software/eb2024/easybuild/software/common/software/Julia/1.11.3-linux-x86_64/bin/julia
Job runing on na13
Choosing scratch ...
Automatic scratch folder selection
/scratch/pobleyef/211337
/scratch/pobleyef/211337 directory
cp ALKBDE10_3_o.jl ALKBDE10_3_o.jld2 to  /scratch/pobleyef/211337/.
Computing Integrals
Basis Set                                            = def2-qzvp
Auxiliary Basis Set                                  = def2-universal-jkfit
Gaussian Type                                        = Spherical
Elapsed time:    2.32 Seconds

Number of basis functions                   (NBF)    = 57
Number of auxiliary basis functions         (NBFAUX) = 77
Inactive Doubly occupied orbitals up to     (NO1)    = 0
No. considered Strongly Doubly occupied MOs (NDOC)   = 3
No. considered Strongly Singly occupied MOs (NSOC)   = 2
NO. of Weakly occ. per St. Doubly occ.  MOs (NCWO)   = 4
Dimension of the Nat. Orb. subspace         (NBF5)   = 17
No. of electrons                                     = 8
    No. of alpha electrons                           = 5
    No. of beta electrons                            = 3
Multiplicity                                         = 3

Geometry
========
 O       0.0000000       0.0000000       0.0000000

No violations of the orthonormality
No violations of the orthonormality
 
PNOF8/ADABelief Calculation
==================
 
  Nitext  Nit_orb  Time   Nit_occ  Time         Eelec          Etot           Ediff      maxdiff    MaxGrad_orb  Grad_occ
     1      10    1.7e+01    4    2.1e+01   -74.97353365   -74.97353365 -10073.97353365   0.009541   3.8e-02   2.7e-05 0.02
     2      20    6.4e-02    5    8.6e-04   -74.97661858   -74.97661858    -0.00308493   0.058398   2.3e-01   1.7e-04 0.02
     3      20    2.5e-02   10    1.4e-03   -74.97899470   -74.97899470    -0.00237612   0.006815   2.7e-02   1.8e-04 0.02
     4      20    1.9e-02    0    4.5e-04   -74.97934780   -74.97934780    -0.00035310   0.006815   2.7e-02   1.8e-04 0.02
     5      40    3.4e-02   12    1.0e-03   -74.98041037   -74.98041037    -0.00106257   0.002988   1.2e-02   4.3e-05 0.02
     6      40    3.7e-02    3    6.1e-04   -74.98138463   -74.98138463    -0.00097426   0.005140   2.1e-02   1.1e-04 0.02
     7      40    3.3e-02    2    5.2e-04   -74.98213498   -74.98213498    -0.00075036   0.004558   1.8e-02   1.3e-04 0.02
     8      40    3.3e-02    3    7.2e-04   -74.98274891   -74.98274891    -0.00061393   0.004856   1.9e-02   1.6e-04 0.02
     9      40    3.6e-02    3    5.5e-04   -74.98325030   -74.98325030    -0.00050139   0.004686   1.9e-02   1.9e-04 0.02
    10      40    3.3e-02    6    8.0e-04   -74.98360939   -74.98360939    -0.00035908   0.004530   1.8e-02   3.9e-05 0.02
    11      40    3.3e-02    2    5.4e-04   -74.98387291   -74.98387291    -0.00026352   0.004752   1.9e-02   1.2e-04 0.02
    12      40    3.6e-02    2    5.0e-04   -74.98401175   -74.98401175    -0.00013883   0.004487   1.8e-02   9.9e-05 0.02
    13      40    3.3e-02    2    4.3e-04   -74.98409306   -74.98409306    -0.00008132   0.004775   1.9e-02   9.3e-05 0.02
    14      40    3.4e-02    2    5.3e-04   -74.98413920   -74.98413920    -0.00004614   0.004474   1.8e-02   1.4e-04 0.02
    15      40    3.3e-02    4    7.0e-04   -74.98417119   -74.98417119    -0.00003199   0.004783   1.9e-02   7.7e-05 0.02
    16      40    3.3e-02    1    3.8e-04   -74.98421239   -74.98421239    -0.00004120   0.004513   1.8e-02   9.9e-05 0.02
    17      40    3.7e-02    1    4.6e-04   -74.98422366   -74.98422366    -0.00001127   0.005125   2.1e-02   9.6e-05 0.02
    18      40    3.2e-02    1    4.0e-04   -74.98422716   -74.98422716    -0.00000350   0.005149   2.1e-02   1.5e-04 0.02
    19      40    3.5e-02    1    4.6e-04   -74.98423425   -74.98423425    -0.00000709   0.005116   2.0e-02   1.6e-04 0.02
    20      40    3.2e-02    0    5.3e-04   -74.98423480   -74.98423480    -0.00000055   0.005116   2.0e-02   1.6e-04 0.02
    21      34    2.8e-02    0    2.9e-03   -74.98428486   -74.98428486    -0.00005006   0.000491   2.0e-03   1.8e-04 0.02
 
RESULTS OF THE OCCUPATION OPTIMIZATION
========================================
   1    1.9997517  -20.69895675
   2    1.9776950  -1.27816410
   3    1.9707550  -0.60559913
   4    1.0000000  -0.37309470
   5    1.0000000  -0.37305291
   6    0.0148927  -0.01891169
   7    0.0107549  -0.02071067
   8    0.0001571  -0.00562011
   9    0.0048726  -0.00773455
  10    0.0045683  -0.00752627
  11    0.0000409  -0.00080461
  12    0.0047424  -0.00735238
  13    0.0045369  -0.00750932
  14    0.0000355  -0.00077791
  15    0.0047374  -0.00731906
  16    0.0024448  -0.00397112
  17    0.0000148  -0.00035996
 
----------------
 Final Energies 
----------------
Final NOF Total Energy =     -74.9842849
 
Total Orbital Internal Iterations = 744
Total Occupation Internal Iterations = 64
 
Elapsed time:   51.20 Seconds

---------------------------------
   Lowdin Population Analysis    
---------------------------------
 Idx  Atom   Population   Charge 
---------------------------------
  1     O     8.000       0.000

---------------------------------
   M Diagnostic: 0.02
---------------------------------

Recovering execution output...
Moving from /scratch/pobleyef/211337 to /home-nas/pobleyef/Poison-NOF/ncwomax/P30-5/GNOFmsta25/arina.211337
mkdir -p /home-nas/pobleyef/Poison-NOF/ncwomax/P30-5/GNOFmsta25/arina.211337
mv /scratch/pobleyef/211337/* /home-nas/pobleyef/Poison-NOF/ncwomax/P30-5/GNOFmsta25/arina.211337
