c
/software/eb2024/easybuild/software/common/software/Julia/1.11.3-linux-x86_64/bin/julia
Job runing on na11
Choosing scratch ...
Automatic scratch folder selection
/scratch/pobleyef/202836
/scratch/pobleyef/202836 directory
cp c.jl c.jld2 to  /scratch/pobleyef/202836/.
Computing Integrals
Elapsed time:    3.57 Seconds

Number of basis functions                   (NBF)    = 57
Number of auxiliary basis functions         (NBFAUX) = 75
Inactive Doubly occupied orbitals up to     (NO1)    = 0
No. considered Strongly Doubly occupied MOs (NDOC)   = 2
No. considered Strongly Singly occupied MOs (NSOC)   = 2
NO. of Weakly occ. per St. Doubly occ.  MOs (NCWO)   = 26
Dimension of the Nat. Orb. subspace         (NBF5)   = 56
No. of electrons                                     = 6
    No. of alpha electrons                           = 4
    No. of beta electrons                            = 2
Multiplicity                                         = 3

Geometry
========
 C       0.0000000       0.0000000       0.0000000

No violations of the orthonormality
No violations of the orthonormality
 
PNOF9/ADABelief Calculation
==================
 
  Nitext  Nit_orb  Time   Nit_occ  Time         Eelec          Etot           Ediff      maxdiff    MaxGrad_orb  Grad_occ
     1      10    1.6e+01    7    2.0e+01   -37.80282965   -37.80282965 -10036.80282965   0.003534   1.4e-02   1.1e-04 0.11
     2      20    1.4e-01    6    1.1e-02   -37.80394375   -37.80394375    -0.00111410   0.006959   2.8e-02   8.0e-05 0.09
     3      20    3.7e-02    6    1.1e-02   -37.80484040   -37.80484040    -0.00089664   0.007749   3.1e-02   1.4e-04 0.08
     4      20    3.4e-02    4    7.3e-03   -37.80520063   -37.80520063    -0.00036023   0.008323   3.3e-02   1.6e-04 0.07
     5      20    3.9e-02    7    1.2e-02   -37.80563390   -37.80563390    -0.00043327   0.007020   2.8e-02   1.2e-04 0.07
     6      20    3.6e-02    3    6.2e-03   -37.80577070   -37.80577070    -0.00013680   0.008628   3.5e-02   1.2e-04 0.07
     7      20    4.3e-02    0    1.9e-03   -37.80582089   -37.80582089    -0.00005020   0.008628   3.5e-02   1.2e-04 0.07
     8      38    6.4e-02    2    4.0e-03   -37.80606933   -37.80606933    -0.00024843   0.000565   2.3e-03   1.2e-04 0.07
 
RESULTS OF THE OCCUPATION OPTIMIZATION
========================================
   1    1.9995207  -11.32038113
   2    1.9242186  -0.73254814
   3    1.0000000  -0.23114184
   4    1.0000000  -0.23108821
   5    0.0543165  -0.03179984
   6    0.0003410  -0.00655356
   7    0.0072006  -0.00810105
   8    0.0000676  -0.00084898
   9    0.0032955  -0.00348571
  10    0.0000260  -0.00028660
  11    0.0032783  -0.00347905
  12    0.0000258  -0.00028552
  13    0.0022606  -0.00257426
  14    0.0000079  -0.00033208
  15    0.0022581  -0.00257235
  16    0.0000010  -0.00001838
  17    0.0008924  -0.00102183
  18    0.0000008  -0.00001132
  19    0.0008897  -0.00102078
  20    0.0000007  -0.00001142
  21    0.0005987  -0.00069490
  22    0.0000007  -0.00000833
  23    0.0001334  -0.00022847
  24    0.0000006  -0.00000874
  25    0.0001333  -0.00022844
  26    0.0000006  -0.00000800
  27    0.0000748  -0.00013466
  28    0.0000005  -0.00002595
  29    0.0000740  -0.00013364
  30    0.0000005  -0.00000601
  31    0.0000584  -0.00011562
  32    0.0000005  -0.00000518
  33    0.0000572  -0.00011492
  34    0.0000005  -0.00000556
  35    0.0000531  -0.00010816
  36    0.0000005  -0.00000521
  37    0.0000490  -0.00010465
  38    0.0000005  -0.00000465
  39    0.0000430  -0.00007947
  40    0.0000005  -0.00000434
  41    0.0000227  -0.00004332
  42    0.0000004  -0.00000179
  43    0.0000220  -0.00004937
  44    0.0000004  -0.00000183
  45    0.0000180  -0.00004604
  46    0.0000004  -0.00000167
  47    0.0000123  -0.00003173
  48    0.0000004  -0.00000172
  49    0.0000122  -0.00003170
  50    0.0000004  -0.00000101
  51    0.0000098  -0.00002399
  52    0.0000004  -0.00000208
  53    0.0000094  -0.00002392
  54    0.0000004  -0.00000141
  55    0.0000083  -0.00001947
  56    0.0000003  -0.00000133
 
----------------
 Final Energies 
----------------
Final NOF Total Energy =     -37.8060693
 
Total Orbital Internal Iterations = 168
Total Occupation Internal Iterations = 35
 
Elapsed time:   47.16 Seconds

---------------------------------
   Lowdin Population Analysis    
---------------------------------
 Idx  Atom   Population   Charge 
---------------------------------
  1     C     6.000      -0.000

---------------------------------
   M Diagnostic: 0.07
---------------------------------

Recovering execution output...
Moving from /scratch/pobleyef/202836 to /home-nas/pobleyef/Poison-NOF/ncwomax/P30-5/GNOFmsta25/arina.202836
mkdir -p /home-nas/pobleyef/Poison-NOF/ncwomax/P30-5/GNOFmsta25/arina.202836
mv /scratch/pobleyef/202836/* /home-nas/pobleyef/Poison-NOF/ncwomax/P30-5/GNOFmsta25/arina.202836
