ca
/software/eb2024/easybuild/software/common/software/Julia/1.11.3-linux-x86_64/bin/julia
Job runing on na11
Choosing scratch ...
Automatic scratch folder selection
/scratch/pobleyef/202835
/scratch/pobleyef/202835 directory
cp ca.jl ca.jld2 to  /scratch/pobleyef/202835/.
Computing Integrals
Elapsed time:    3.86 Seconds

Number of basis functions                   (NBF)    = 56
Number of auxiliary basis functions         (NBFAUX) = 160
Inactive Doubly occupied orbitals up to     (NO1)    = 0
No. considered Strongly Doubly occupied MOs (NDOC)   = 10
No. considered Strongly Singly occupied MOs (NSOC)   = 0
NO. of Weakly occ. per St. Doubly occ.  MOs (NCWO)   = 4
Dimension of the Nat. Orb. subspace         (NBF5)   = 50
No. of electrons                                     = 20
    No. of alpha electrons                           = 10
    No. of beta electrons                            = 10
Multiplicity                                         = 1

Geometry
========
Ca       0.0000000       0.0000000       0.0000000

No violations of the orthonormality
No violations of the orthonormality
 
PNOF9/ADABelief Calculation
==================
 
  Nitext  Nit_orb  Time   Nit_occ  Time         Eelec          Etot           Ediff      maxdiff    MaxGrad_orb  Grad_occ
     1      10    1.6e+01    8    1.9e+01  -677.19164557  -677.19164557 -10676.19164557   0.002934   1.2e-02   2.0e-04 0.03
     2      20    8.4e-02    0    1.9e-03  -677.19493079  -677.19493079    -0.00328523   0.002934   1.2e-02   2.0e-04 0.03
     3      40    9.6e-02    4    3.0e-03  -677.19498195  -677.19498195    -0.00005116   0.003703   1.5e-02   1.6e-04 0.03
     4      40    9.3e-02    1    1.8e-03  -677.19502125  -677.19502125    -0.00003929   0.003741   1.5e-02   1.9e-04 0.03
     5      40    8.6e-02    0    1.4e-03  -677.19502382  -677.19502382    -0.00000258   0.003741   1.5e-02   1.9e-04 0.03
     6      55    1.2e-01    1    1.8e-03  -677.19509012  -677.19509012    -0.00006629   0.000493   2.0e-03   2.2e-04 0.03
 
RESULTS OF THE OCCUPATION OPTIMIZATION
========================================
   1    1.9999998  -149.37787485
   2    1.9999900  -16.83153009
   3    1.9999798  -13.62896658
   4    1.9999247  -13.62862799
   5    1.9999864  -13.62859217
   6    1.9840348  -2.25393621
   7    1.9725586  -1.19354855
   8    1.9726003  -1.19190805
   9    1.9679891  -0.94323694
  10    1.9678992  -0.93945690
  11    0.0252765  -0.03905861
  12    0.0246216  -0.03869416
  13    0.0172230  -0.03578397
  14    0.0259112  -0.04309658
  15    0.0143617  -0.03534183
  16    0.0000098  -0.00065890
  17    0.0000724  -0.00467456
  18    0.0000137  -0.00093606
  19    0.0000066  -0.00024302
  20    0.0000002  -0.00000157
  21    0.0054093  -0.00888336
  22    0.0052257  -0.00871998
  23    0.0067356  -0.02944011
  24    0.0011474  -0.00273503
  25    0.0007953  -0.00678803
  26    0.0000017  -0.00003414
  27    0.0000014  -0.00002270
  28    0.0000030  -0.00014948
  29    0.0000017  -0.00003428
  30    0.0000000  -0.00000031
  31    0.0011622  -0.00261960
  32    0.0011538  -0.00262629
  33    0.0033542  -0.00739319
  34    0.0002093  -0.00039209
  35    0.0007376  -0.00827365
  36    0.0000016  -0.00002407
  37    0.0000011  -0.00001922
  38    0.0000028  -0.00004354
  39    0.0000012  -0.00002100
  40    0.0000000  -0.00000030
  41    0.0002527  -0.00042075
  42    0.0010098  -0.00223545
  43    0.0000870  -0.00021115
  44    0.0001736  -0.00034558
  45    0.0000706  -0.00020192
  46    0.0000005  -0.00000666
  47    0.0000004  -0.00000237
  48    0.0000007  -0.00001525
  49    0.0000004  -0.00000236
  50    0.0000000  -0.00000029
 
----------------
 Final Energies 
----------------
Final NOF Total Energy =    -677.1950901
 
Total Orbital Internal Iterations = 205
Total Occupation Internal Iterations = 14
 
Elapsed time:   47.17 Seconds

---------------------------------
   Lowdin Population Analysis    
---------------------------------
 Idx  Atom   Population   Charge 
---------------------------------
  1    Ca    20.000      -0.000

---------------------------------
   M Diagnostic: 0.03
---------------------------------

Recovering execution output...
Moving from /scratch/pobleyef/202835 to /home-nas/pobleyef/Poison-NOF/ncwomax/P30-5/GNOFmsta25/arina.202835
mkdir -p /home-nas/pobleyef/Poison-NOF/ncwomax/P30-5/GNOFmsta25/arina.202835
mv /scratch/pobleyef/202835/* /home-nas/pobleyef/Poison-NOF/ncwomax/P30-5/GNOFmsta25/arina.202835
