cl
/software/eb2024/easybuild/software/common/software/Julia/1.11.3-linux-x86_64/bin/julia
Job runing on na11
Choosing scratch ...
Automatic scratch folder selection
/scratch/pobleyef/202837
/scratch/pobleyef/202837 directory
cp cl.jl cl.jld2 to  /scratch/pobleyef/202837/.
Computing Integrals
Elapsed time:    5.60 Seconds

Number of basis functions                   (NBF)    = 70
Number of auxiliary basis functions         (NBFAUX) = 128
Inactive Doubly occupied orbitals up to     (NO1)    = 0
No. considered Strongly Doubly occupied MOs (NDOC)   = 8
No. considered Strongly Singly occupied MOs (NSOC)   = 1
NO. of Weakly occ. per St. Doubly occ.  MOs (NCWO)   = 7
Dimension of the Nat. Orb. subspace         (NBF5)   = 65
No. of electrons                                     = 17
    No. of alpha electrons                           = 9
    No. of beta electrons                            = 8
Multiplicity                                         = 2

Geometry
========
Cl       0.0000000       0.0000000       0.0000000

No violations of the orthonormality
No violations of the orthonormality
 
PNOF9/ADABelief Calculation
==================
 
  Nitext  Nit_orb  Time   Nit_occ  Time         Eelec          Etot           Ediff      maxdiff    MaxGrad_orb  Grad_occ
     1      10    1.7e+01   14    2.0e+01  -459.98151294  -459.98151294 -10458.98151294   0.003366   1.3e-02   9.9e-05 0.03
     2      20    1.8e-01    0    1.0e-02  -459.98424620  -459.98424620    -0.00273326   0.003366   1.3e-02   9.9e-05 0.03
     3      40    2.5e-01    3    1.1e-02  -459.98441583  -459.98441583    -0.00016963   0.005277   2.1e-02   1.9e-04 0.03
     4      40    2.1e-01    3    9.2e-03  -459.98450429  -459.98450429    -0.00008847   0.004617   1.8e-02   1.6e-04 0.03
     5      40    2.0e-01    3    1.1e-02  -459.98452514  -459.98452514    -0.00002085   0.004230   1.7e-02   1.8e-04 0.03
     6      40    1.6e-01    1    9.2e-03  -459.98455376  -459.98455376    -0.00002862   0.003904   1.6e-02   1.7e-04 0.03
     7      40    2.0e-01    0    7.0e-03  -459.98456484  -459.98456484    -0.00001108   0.003390   1.4e-02   1.9e-04 0.03
     8      50    2.1e-01    8    2.0e-02  -459.98459672  -459.98459672    -0.00003188   0.002495   1.0e-02   9.2e-05 0.03
     9      50    2.7e-01    1    4.4e-03  -459.98462141  -459.98462141    -0.00002469   0.002713   1.1e-02   1.9e-04 0.03
    10      50    2.2e-01    3    1.0e-02  -459.98463261  -459.98463261    -0.00001120   0.002430   9.7e-03   1.7e-04 0.03
    11      50    2.7e-01    1    8.0e-03  -459.98464336  -459.98464336    -0.00001075   0.002626   1.1e-02   2.0e-04 0.03
    12      50    2.3e-01    0    2.6e-03  -459.98464379  -459.98464379    -0.00000044   0.002626   1.1e-02   2.0e-04 0.03
    13      57    2.5e-01    0    3.1e-03  -459.98468155  -459.98468155    -0.00003776   0.000490   2.0e-03   1.6e-04 0.03
 
RESULTS OF THE OCCUPATION OPTIMIZATION
========================================
   1    1.9999993  -104.94451776
   2    1.9996309  -10.62758339
   3    1.9994175  -8.10112338
   4    1.9990251  -8.09910406
   5    1.9990625  -8.09843099
   6    1.9780904  -1.09481108
   7    1.9684523  -0.51529088
   8    1.9613345  -0.51462069
   9    1.0000000  -0.30079075
  10    0.0132457  -0.01844704
  11    0.0097983  -0.01654005
  12    0.0063384  -0.02731857
  13    0.0004657  -0.01146755
  14    0.0008108  -0.00914909
  15    0.0004506  -0.01072725
  16    0.0003107  -0.00858016
  17    0.0000004  -0.00001263
  18    0.0127145  -0.01764825
  19    0.0096124  -0.01541655
  20    0.0055495  -0.01900976
  21    0.0003859  -0.00966211
  22    0.0000582  -0.00181650
  23    0.0000588  -0.00180904
  24    0.0000191  -0.00024226
  25    0.0000002  -0.00000839
  26    0.0110372  -0.01538040
  27    0.0081708  -0.01932036
  28    0.0043465  -0.01633009
  29    0.0000592  -0.00067237
  30    0.0000460  -0.00047258
  31    0.0000440  -0.00046392
  32    0.0000173  -0.00019125
  33    0.0000000  -0.00000394
  34    0.0005257  -0.00104018
  35    0.0021385  -0.00887101
  36    0.0018697  -0.00975771
  37    0.0000118  -0.00010701
  38    0.0000403  -0.00044947
  39    0.0000108  -0.00023541
  40    0.0000094  -0.00066402
  41    0.0000000  -0.00000350
  42    0.0004684  -0.00092205
  43    0.0006631  -0.00145218
  44    0.0017672  -0.00931306
  45    0.0000065  -0.00006484
  46    0.0000090  -0.00013613
  47    0.0000071  -0.00007380
  48    0.0000061  -0.00006330
  49    0.0000000  -0.00000269
  50    0.0004327  -0.00084995
  51    0.0006629  -0.00145139
  52    0.0017130  -0.00895296
  53    0.0000059  -0.00005554
  54    0.0000058  -0.00005642
  55    0.0000056  -0.00005533
  56    0.0000033  -0.00004108
  57    0.0000000  -0.00000206
  58    0.0002413  -0.00088626
  59    0.0005017  -0.00109154
  60    0.0003253  -0.00109719
  61    0.0000026  -0.00047421
  62    0.0000049  -0.00004998
  63    0.0000055  -0.00005501
  64    0.0000033  -0.00003810
  65    0.0000000  -0.00000172
 
----------------
 Final Energies 
----------------
Final NOF Total Energy =    -459.9846816
 
Total Orbital Internal Iterations = 537
Total Occupation Internal Iterations = 37
 
Elapsed time:   50.96 Seconds

---------------------------------
   Lowdin Population Analysis    
---------------------------------
 Idx  Atom   Population   Charge 
---------------------------------
  1    Cl    17.000      -0.000

---------------------------------
   M Diagnostic: 0.03
---------------------------------

Recovering execution output...
Moving from /scratch/pobleyef/202837 to /home-nas/pobleyef/Poison-NOF/ncwomax/P30-5/GNOFmsta25/arina.202837
mkdir -p /home-nas/pobleyef/Poison-NOF/ncwomax/P30-5/GNOFmsta25/arina.202837
mv /scratch/pobleyef/202837/* /home-nas/pobleyef/Poison-NOF/ncwomax/P30-5/GNOFmsta25/arina.202837
