f
/software/eb2024/easybuild/software/common/software/Julia/1.11.3-linux-x86_64/bin/julia
Job runing on na01
Choosing scratch ...
Automatic scratch folder selection
/scratch/pobleyef/209566
/scratch/pobleyef/209566 directory
cp f.jl f.jld2 to  /scratch/pobleyef/209566/.
Computing Integrals
Elapsed time:    4.23 Seconds

Number of basis functions                   (NBF)    = 57
Number of auxiliary basis functions         (NBFAUX) = 77
Inactive Doubly occupied orbitals up to     (NO1)    = 0
No. considered Strongly Doubly occupied MOs (NDOC)   = 4
No. considered Strongly Singly occupied MOs (NSOC)   = 1
NO. of Weakly occ. per St. Doubly occ.  MOs (NCWO)   = 13
Dimension of the Nat. Orb. subspace         (NBF5)   = 57
No. of electrons                                     = 9
    No. of alpha electrons                           = 5
    No. of beta electrons                            = 4
Multiplicity                                         = 2

Geometry
========
 F       0.0000000       0.0000000       0.0000000

No violations of the orthonormality
No violations of the orthonormality
 
PNOF9/ADABelief Calculation
==================
 
  Nitext  Nit_orb  Time   Nit_occ  Time         Eelec          Etot           Ediff      maxdiff    MaxGrad_orb  Grad_occ
     1      10    1.8e+01    1    2.2e+01   -99.66425760   -99.66425760 -10098.66425760   0.000542   2.2e-03   1.8e-04 0.02
 
RESULTS OF THE OCCUPATION OPTIMIZATION
========================================
   1    1.9999833  -26.43255874
   2    1.9835144  -1.57944547
   3    1.9772378  -0.77625352
   4    1.9771636  -0.77362447
   5    1.0000000  -0.44741994
   6    0.0114246  -0.02050953
   7    0.0128682  -0.02119128
   8    0.0091707  -0.02244016
   9    0.0000075  -0.00034538
  10    0.0047837  -0.00980153
  11    0.0052212  -0.00993891
  12    0.0028204  -0.00689991
  13    0.0000016  -0.00004189
  14    0.0045849  -0.01022960
  15    0.0034968  -0.00711661
  16    0.0024275  -0.00595339
  17    0.0000010  -0.00003437
  18    0.0007638  -0.00282771
  19    0.0003028  -0.00104196
  20    0.0006750  -0.00425198
  21    0.0000010  -0.00003308
  22    0.0006520  -0.00373216
  23    0.0002973  -0.00102349
  24    0.0003917  -0.00138927
  25    0.0000009  -0.00003192
  26    0.0002190  -0.00078253
  27    0.0002261  -0.00076781
  28    0.0002677  -0.00104569
  29    0.0000009  -0.00003144
  30    0.0001814  -0.00065597
  31    0.0001734  -0.00058655
  32    0.0002625  -0.00102939
  33    0.0000008  -0.00002704
  34    0.0001640  -0.00059280
  35    0.0000981  -0.00044914
  36    0.0001679  -0.00065477
  37    0.0000007  -0.00002643
  38    0.0000141  -0.00008232
  39    0.0000194  -0.00013398
  40    0.0001630  -0.00063468
  41    0.0000007  -0.00002524
  42    0.0000136  -0.00008086
  43    0.0000180  -0.00012245
  44    0.0000890  -0.00143366
  45    0.0000005  -0.00000897
  46    0.0000127  -0.00008404
  47    0.0000149  -0.00010443
  48    0.0000173  -0.00012286
  49    0.0000004  -0.00000684
  50    0.0000116  -0.00007911
  51    0.0000132  -0.00008610
  52    0.0000164  -0.00011402
  53    0.0000004  -0.00004278
  54    0.0000111  -0.00006538
  55    0.0000128  -0.00007972
  56    0.0000164  -0.00010960
  57    0.0000001  -0.00000193
 
----------------
 Final Energies 
----------------
Final NOF Total Energy =     -99.6642576
 
Total Orbital Internal Iterations = 10
Total Occupation Internal Iterations = 1
 
Elapsed time:   51.80 Seconds

---------------------------------
   Lowdin Population Analysis    
---------------------------------
 Idx  Atom   Population   Charge 
---------------------------------
  1     F     9.000      -0.000

---------------------------------
   M Diagnostic: 0.02
---------------------------------

Recovering execution output...
Moving from /scratch/pobleyef/209566 to /home-nas/pobleyef/Poison-NOF/ncwomax/P30-5/GNOFmsta25/arina.209566
mkdir -p /home-nas/pobleyef/Poison-NOF/ncwomax/P30-5/GNOFmsta25/arina.209566
mv /scratch/pobleyef/209566/* /home-nas/pobleyef/Poison-NOF/ncwomax/P30-5/GNOFmsta25/arina.209566
