G2RC_20_13
/software/eb2024/easybuild/software/common/software/Julia/1.11.3-linux-x86_64/bin/julia
Job runing on nh044
Choosing scratch ...
Automatic scratch folder selection
/scratch/pobleyef/202844
/scratch/pobleyef/202844 directory
cp G2RC_20_13.jl G2RC_20_13.jld2 to  /scratch/pobleyef/202844/.
Computing Integrals
Elapsed time:    6.15 Seconds

Number of basis functions                   (NBF)    = 117
Number of auxiliary basis functions         (NBFAUX) = 113
Inactive Doubly occupied orbitals up to     (NO1)    = 0
No. considered Strongly Doubly occupied MOs (NDOC)   = 5
No. considered Strongly Singly occupied MOs (NSOC)   = 0
NO. of Weakly occ. per St. Doubly occ.  MOs (NCWO)   = 22
Dimension of the Nat. Orb. subspace         (NBF5)   = 115
No. of electrons                                     = 10
    No. of alpha electrons                           = 5
    No. of beta electrons                            = 5
Multiplicity                                         = 1

Geometry
========
 O       0.0000000       0.0000000      -0.3906056
 H      -0.7620804       0.0000000       0.1953028
 H       0.7620804       0.0000000       0.1953028

No violations of the orthonormality
No violations of the orthonormality
 
PNOF9/ADABelief Calculation
==================
 
  Nitext  Nit_orb  Time   Nit_occ  Time         Eelec          Etot           Ediff      maxdiff    MaxGrad_orb  Grad_occ
     1      10    2.9e+01    5    3.4e+01   -85.52200236   -76.36693296 -10084.52200236   0.002356   9.4e-03   1.7e-04 0.03
     2      20    2.6e+00    0    5.4e-02   -85.52349953   -76.36843013    -0.00149717   0.002356   9.4e-03   1.7e-04 0.03
     3      40    5.5e+00    4    1.6e-01   -85.52368940   -76.36862000    -0.00018987   0.001624   6.5e-03   1.8e-04 0.03
     4      40    5.4e+00    1    7.2e-02   -85.52371771   -76.36864831    -0.00002831   0.001873   7.5e-03   1.7e-04 0.03
     5      40    5.2e+00    0    4.2e-02   -85.52372432   -76.36865491    -0.00000660   0.001856   7.4e-03   2.0e-04 0.03
     6      50    6.8e+00    0    5.2e-02   -85.52373875   -76.36866935    -0.00001444   0.001216   4.9e-03   2.0e-04 0.03
     7      60    7.9e+00    0    2.4e-02   -85.52374595   -76.36867655    -0.00000720   0.000998   4.0e-03   2.1e-04 0.03
 
RESULTS OF THE OCCUPATION OPTIMIZATION
========================================
   1    1.9999893  -20.59697498
   2    1.9849001  -1.30751708
   3    1.9696659  -0.73287900
   4    1.9681860  -0.72755393
   5    1.9760210  -0.55142419
   6    0.0139908  -0.01940315
   7    0.0228517  -0.03131601
   8    0.0247715  -0.03265197
   9    0.0076153  -0.01835225
  10    0.0000090  -0.00035738
  11    0.0060510  -0.01000693
  12    0.0041408  -0.00779303
  13    0.0043880  -0.00802824
  14    0.0036533  -0.00819962
  15    0.0000006  -0.00000176
  16    0.0012359  -0.00343744
  17    0.0040818  -0.00784255
  18    0.0004196  -0.00105349
  19    0.0011080  -0.00507614
  20    0.0000005  -0.00000576
  21    0.0007159  -0.00261506
  22    0.0003946  -0.00095434
  23    0.0003973  -0.00098466
  24    0.0007861  -0.00270402
  25    0.0000003  -0.00003108
  26    0.0005228  -0.00130570
  27    0.0001189  -0.00040611
  28    0.0000996  -0.00035591
  29    0.0005359  -0.00159079
  30    0.0000000  -0.00000049
  31    0.0003583  -0.00097249
  32    0.0000609  -0.00021595
  33    0.0000717  -0.00024303
  34    0.0005097  -0.00286499
  35    0.0000000  -0.00000037
  36    0.0002887  -0.00079162
  37    0.0000344  -0.00011298
  38    0.0000494  -0.00017841
  39    0.0003068  -0.00101292
  40    0.0000000  -0.00000036
  41    0.0002800  -0.00075751
  42    0.0000315  -0.00011918
  43    0.0000314  -0.00011678
  44    0.0002250  -0.00076097
  45    0.0000000  -0.00000025
  46    0.0002760  -0.00074992
  47    0.0000275  -0.00010639
  48    0.0000294  -0.00012011
  49    0.0001225  -0.00120165
  50    0.0000000  -0.00000025
  51    0.0000875  -0.00030615
  52    0.0000230  -0.00010588
  53    0.0000249  -0.00010625
  54    0.0000761  -0.00046596
  55    0.0000000  -0.00000029
  56    0.0000431  -0.00016894
  57    0.0000105  -0.00003881
  58    0.0000137  -0.00006590
  59    0.0000435  -0.00029562
  60    0.0000000  -0.00000026
  61    0.0000220  -0.00011073
  62    0.0000093  -0.00003203
  63    0.0000113  -0.00004998
  64    0.0000245  -0.00012359
  65    0.0000000  -0.00000021
  66    0.0000170  -0.00008743
  67    0.0000075  -0.00002354
  68    0.0000066  -0.00002645
  69    0.0000174  -0.00009578
  70    0.0000000  -0.00000021
  71    0.0000164  -0.00008175
  72    0.0000050  -0.00001619
  73    0.0000041  -0.00000971
  74    0.0000157  -0.00008990
  75    0.0000000  -0.00000022
  76    0.0000146  -0.00008035
  77    0.0000036  -0.00000827
  78    0.0000030  -0.00001009
  79    0.0000143  -0.00008311
  80    0.0000000  -0.00000017
  81    0.0000118  -0.00004787
  82    0.0000026  -0.00000971
  83    0.0000027  -0.00000602
  84    0.0000105  -0.00005049
  85    0.0000000  -0.00000017
  86    0.0000113  -0.00005055
  87    0.0000022  -0.00000498
  88    0.0000021  -0.00000552
  89    0.0000090  -0.00004760
  90    0.0000000  -0.00000014
  91    0.0000095  -0.00004299
  92    0.0000019  -0.00000488
  93    0.0000019  -0.00000442
  94    0.0000083  -0.00004170
  95    0.0000000  -0.00000018
  96    0.0000084  -0.00003829
  97    0.0000019  -0.00000420
  98    0.0000018  -0.00000260
  99    0.0000064  -0.00003424
 100    0.0000000  -0.00000013
 101    0.0000068  -0.00003174
 102    0.0000017  -0.00000257
 103    0.0000016  -0.00000277
 104    0.0000046  -0.00002499
 105    0.0000000  -0.00000010
 106    0.0000065  -0.00003089
 107    0.0000016  -0.00000228
 108    0.0000014  -0.00000247
 109    0.0000038  -0.00001879
 110    0.0000000  -0.00000012
 111    0.0000047  -0.00001535
 112    0.0000013  -0.00000164
 113    0.0000012  -0.00000164
 114    0.0000033  -0.00001463
 115    0.0000000  -0.00000010
 
----------------
 Final Energies 
----------------
Final NOF Total Energy =     -76.3686765
 
Total Orbital Internal Iterations = 260
Total Occupation Internal Iterations = 10
 
Elapsed time:  117.29 Seconds

---------------------------------
   Lowdin Population Analysis    
---------------------------------
 Idx  Atom   Population   Charge 
---------------------------------
  1     O     7.349       0.651
  2     H     1.325      -0.325
  3     H     1.326      -0.326

---------------------------------
   M Diagnostic: 0.03
---------------------------------

Recovering execution output...
Moving from /scratch/pobleyef/202844 to /home-nas/pobleyef/Poison-NOF/ncwomax/P30-5/GNOFmsta25/arina.202844
mkdir -p /home-nas/pobleyef/Poison-NOF/ncwomax/P30-5/GNOFmsta25/arina.202844
mv /scratch/pobleyef/202844/* /home-nas/pobleyef/Poison-NOF/ncwomax/P30-5/GNOFmsta25/arina.202844
