G2RC_20_34
/software/eb2024/easybuild/software/common/software/Julia/1.11.3-linux-x86_64/bin/julia
Job runing on na05
Choosing scratch ...
Automatic scratch folder selection
/scratch/pobleyef/202846
/scratch/pobleyef/202846 directory
cp G2RC_20_34.jl G2RC_20_34.jld2 to  /scratch/pobleyef/202846/.
Computing Integrals
Elapsed time:    4.30 Seconds

Number of basis functions                   (NBF)    = 114
Number of auxiliary basis functions         (NBFAUX) = 154
Inactive Doubly occupied orbitals up to     (NO1)    = 0
No. considered Strongly Doubly occupied MOs (NDOC)   = 7
No. considered Strongly Singly occupied MOs (NSOC)   = 0
NO. of Weakly occ. per St. Doubly occ.  MOs (NCWO)   = 15
Dimension of the Nat. Orb. subspace         (NBF5)   = 112
No. of electrons                                     = 14
    No. of alpha electrons                           = 7
    No. of beta electrons                            = 7
Multiplicity                                         = 1

Geometry
========
 N       0.0000000       0.0000000      -0.5454291
 N       0.0000000       0.0000000       0.5454291

No violations of the orthonormality
No violations of the orthonormality
 
PNOF9/ADABelief Calculation
==================
 
  Nitext  Nit_orb  Time   Nit_occ  Time         Eelec          Etot           Ediff      maxdiff    MaxGrad_orb  Grad_occ
     1      10    3.1e+01    9    2.0e+01  -133.19741451  -109.42747931 -10132.19741451   0.003201   1.3e-02   1.2e-04 0.04
     2      20    2.6e+01    0    3.9e-02  -133.20070118  -109.43076598    -0.00328667   0.003229   1.3e-02   1.2e-04 0.04
     3      40    5.4e+01    4    1.4e-01  -133.20085930  -109.43092409    -0.00015811   0.002215   8.9e-03   1.4e-04 0.04
     4      40    5.8e+01    1    3.5e-02  -133.20091553  -109.43098032    -0.00005623   0.002324   9.3e-03   1.8e-04 0.04
     5      40    6.0e+01    0    1.2e-01  -133.20091784  -109.43098264    -0.00000231   0.002324   9.3e-03   1.8e-04 0.04
     6      41    5.9e+01    1    6.7e-02  -133.20097845  -109.43104324    -0.00006061   0.000406   1.6e-03   2.2e-04 0.04
 
RESULTS OF THE OCCUPATION OPTIMIZATION
========================================
   1    1.9999675  -15.68378189
   2    1.9999667  -15.68149885
   3    1.9854652  -1.28891325
   4    1.9818022  -0.87754986
   5    1.9734678  -0.79320061
   6    1.9562422  -0.64714564
   7    1.9551838  -0.64622364
   8    0.0356373  -0.04656798
   9    0.0394249  -0.04934833
  10    0.0194131  -0.03245577
  11    0.0084489  -0.01669003
  12    0.0060864  -0.01502370
  13    0.0000245  -0.00076767
  14    0.0000243  -0.00077240
  15    0.0035467  -0.00664314
  16    0.0038019  -0.00688356
  17    0.0049782  -0.00932801
  18    0.0033397  -0.00652592
  19    0.0029103  -0.00650281
  20    0.0000026  -0.00004388
  21    0.0000026  -0.00004004
  22    0.0028192  -0.00520354
  23    0.0002000  -0.00050110
  24    0.0004923  -0.00143493
  25    0.0017117  -0.00392620
  26    0.0015005  -0.00390495
  27    0.0000018  -0.00003695
  28    0.0000019  -0.00003578
  29    0.0026964  -0.00497333
  30    0.0001992  -0.00049897
  31    0.0004630  -0.00128406
  32    0.0015637  -0.00428198
  33    0.0012273  -0.00584449
  34    0.0000016  -0.00004277
  35    0.0000015  -0.00002552
  36    0.0000205  -0.00007991
  37    0.0000214  -0.00007947
  38    0.0002470  -0.00069185
  39    0.0010092  -0.00209597
  40    0.0008770  -0.00206765
  41    0.0000015  -0.00003914
  42    0.0000014  -0.00005723
  43    0.0000156  -0.00007235
  44    0.0000188  -0.00007516
  45    0.0002114  -0.00061417
  46    0.0005433  -0.00147396
  47    0.0005023  -0.00331938
  48    0.0000003  -0.00002451
  49    0.0000002  -0.00001507
  50    0.0000129  -0.00005622
  51    0.0000152  -0.00006860
  52    0.0002089  -0.00059137
  53    0.0005112  -0.00400858
  54    0.0004879  -0.00151953
  55    0.0000002  -0.00001606
  56    0.0000001  -0.00000694
  57    0.0000118  -0.00005745
  58    0.0000140  -0.00006804
  59    0.0001250  -0.00038248
  60    0.0002764  -0.00070729
  61    0.0002935  -0.00145113
  62    0.0000002  -0.00000775
  63    0.0000001  -0.00000517
  64    0.0000103  -0.00005132
  65    0.0000116  -0.00005442
  66    0.0001174  -0.00031812
  67    0.0002201  -0.00086022
  68    0.0002003  -0.00083688
  69    0.0000001  -0.00000728
  70    0.0000001  -0.00000480
  71    0.0000099  -0.00004563
  72    0.0000102  -0.00005419
  73    0.0000820  -0.00026927
  74    0.0001489  -0.00041222
  75    0.0001015  -0.00035192
  76    0.0000001  -0.00000673
  77    0.0000001  -0.00000316
  78    0.0000086  -0.00004318
  79    0.0000092  -0.00004220
  80    0.0000777  -0.00030047
  81    0.0001036  -0.00032555
  82    0.0000977  -0.00042446
  83    0.0000001  -0.00000377
  84    0.0000001  -0.00000101
  85    0.0000078  -0.00003951
  86    0.0000086  -0.00004457
  87    0.0000438  -0.00017685
  88    0.0001015  -0.00030487
  89    0.0000950  -0.00034151
  90    0.0000001  -0.00000277
  91    0.0000001  -0.00000094
  92    0.0000074  -0.00003966
  93    0.0000085  -0.00004162
  94    0.0000256  -0.00011257
  95    0.0000984  -0.00032107
  96    0.0000858  -0.00033096
  97    0.0000001  -0.00000157
  98    0.0000001  -0.00000076
  99    0.0000066  -0.00003522
 100    0.0000074  -0.00004136
 101    0.0000248  -0.00011446
 102    0.0000891  -0.00031416
 103    0.0000400  -0.00021129
 104    0.0000001  -0.00000139
 105    0.0000000  -0.00000032
 106    0.0000054  -0.00003352
 107    0.0000070  -0.00004085
 108    0.0000221  -0.00010377
 109    0.0000320  -0.00017142
 110    0.0000292  -0.00015149
 111    0.0000001  -0.00000072
 112    0.0000000  -0.00000033
 
----------------
 Final Energies 
----------------
Final NOF Total Energy =    -109.4310432
 
Total Orbital Internal Iterations = 191
Total Occupation Internal Iterations = 15
 
Elapsed time:  321.12 Seconds

---------------------------------
   Lowdin Population Analysis    
---------------------------------
 Idx  Atom   Population   Charge 
---------------------------------
  1     N     6.999       0.001
  2     N     7.001      -0.001

---------------------------------
   M Diagnostic: 0.04
---------------------------------

Recovering execution output...
Moving from /scratch/pobleyef/202846 to /home-nas/pobleyef/Poison-NOF/ncwomax/P30-5/GNOFmsta25/arina.202846
mkdir -p /home-nas/pobleyef/Poison-NOF/ncwomax/P30-5/GNOFmsta25/arina.202846
mv /scratch/pobleyef/202846/* /home-nas/pobleyef/Poison-NOF/ncwomax/P30-5/GNOFmsta25/arina.202846
