h
/software/eb2024/easybuild/software/common/software/Julia/1.11.3-linux-x86_64/bin/julia
Job runing on na01
Choosing scratch ...
Automatic scratch folder selection
/scratch/pobleyef/209577
/scratch/pobleyef/209577 directory
cp h.jl h.jld2 to  /scratch/pobleyef/209577/.
Computing Integrals
Elapsed time:    4.82 Seconds

Number of basis functions                   (NBF)    = 30
Number of auxiliary basis functions         (NBFAUX) = 18
Inactive Doubly occupied orbitals up to     (NO1)    = 0
No. considered Strongly Doubly occupied MOs (NDOC)   = 0
No. considered Strongly Singly occupied MOs (NSOC)   = 1
NO. of Weakly occ. per St. Doubly occ.  MOs (NCWO)   = 0
Dimension of the Nat. Orb. subspace         (NBF5)   = 1
No. of electrons                                     = 1
    No. of alpha electrons                           = 1
    No. of beta electrons                            = 0
Multiplicity                                         = 2

Geometry
========
 H       0.0000000       0.0000000       0.0000000

No violations of the orthonormality
No violations of the orthonormality
 
PNOF9/ADABelief Calculation
==================
 
  Nitext  Nit_orb  Time   Nit_occ  Time         Eelec          Etot           Ediff      maxdiff    MaxGrad_orb  Grad_occ
     1      10    1.8e+01    0    2.6e+00    -0.49998330    -0.49998330 -9999.49998330   0.000000   2.7e-15   0.0e+00 0.00
 
RESULTS OF THE OCCUPATION OPTIMIZATION
========================================
   1    1.0000000  -0.24999165
 
----------------
 Final Energies 
----------------
Final NOF Total Energy =      -0.4999833
 
Total Orbital Internal Iterations = 10
Total Occupation Internal Iterations = 0
 
Elapsed time:   50.26 Seconds

---------------------------------
   Lowdin Population Analysis    
---------------------------------
 Idx  Atom   Population   Charge 
---------------------------------
  1     H     1.000       0.000

---------------------------------
   M Diagnostic: 0.00
---------------------------------

Recovering execution output...
Moving from /scratch/pobleyef/209577 to /home-nas/pobleyef/Poison-NOF/ncwomax/P30-5/GNOFmsta25/arina.209577
mkdir -p /home-nas/pobleyef/Poison-NOF/ncwomax/P30-5/GNOFmsta25/arina.209577
mv /scratch/pobleyef/209577/* /home-nas/pobleyef/Poison-NOF/ncwomax/P30-5/GNOFmsta25/arina.209577
