SIE4x4_5_he2+_1.25
/software/eb2024/easybuild/software/common/software/Julia/1.11.3-linux-x86_64/bin/julia
Job runing on nagpu01
Choosing scratch ...
Automatic scratch folder selection
/scratch/pobleyef/209586
/scratch/pobleyef/209586 directory
cp SIE4x4_5_he2+_1.25.jl SIE4x4_5_he2+_1.25.jld2 to  /scratch/pobleyef/209586/.
Computing Integrals
Elapsed time:    4.23 Seconds

Number of basis functions                   (NBF)    = 60
Number of auxiliary basis functions         (NBFAUX) = 46
Inactive Doubly occupied orbitals up to     (NO1)    = 0
No. considered Strongly Doubly occupied MOs (NDOC)   = 1
No. considered Strongly Singly occupied MOs (NSOC)   = 1
NO. of Weakly occ. per St. Doubly occ.  MOs (NCWO)   = 58
Dimension of the Nat. Orb. subspace         (NBF5)   = 60
No. of electrons                                     = 3
    No. of alpha electrons                           = 2
    No. of beta electrons                            = 1
Multiplicity                                         = 2

Geometry
========
He       0.0000000       0.0000000      -0.6713773
He       0.0000000       0.0000000       0.6713773

No violations of the orthonormality
No violations of the orthonormality
 
PNOF9/ADABelief Calculation
==================
 
  Nitext  Nit_orb  Time   Nit_occ  Time         Eelec          Etot           Ediff      maxdiff    MaxGrad_orb  Grad_occ
     1      10    2.0e+01    1    2.5e+01    -6.54255659    -4.96616698 -10005.54255659   0.000635   2.5e-03   1.7e-04 0.02
 
RESULTS OF THE OCCUPATION OPTIMIZATION
========================================
   1    1.9724280  -1.55732665
   2    1.0000000  -0.79505807
   3    0.0105500  -0.01029542
   4    0.0034564  -0.00383257
   5    0.0032494  -0.00347223
   6    0.0032387  -0.00346506
   7    0.0028818  -0.00348753
   8    0.0013799  -0.00192182
   9    0.0013728  -0.00191853
  10    0.0005366  -0.00106886
  11    0.0001422  -0.00025699
  12    0.0001136  -0.00020332
  13    0.0000847  -0.00022834
  14    0.0000835  -0.00022698
  15    0.0000537  -0.00016156
  16    0.0000487  -0.00014143
  17    0.0000420  -0.00011535
  18    0.0000408  -0.00009670
  19    0.0000333  -0.00009033
  20    0.0000312  -0.00008552
  21    0.0000302  -0.00008470
  22    0.0000263  -0.00007517
  23    0.0000228  -0.00007339
  24    0.0000198  -0.00006844
  25    0.0000194  -0.00006785
  26    0.0000144  -0.00006518
  27    0.0000134  -0.00006194
  28    0.0000113  -0.00004143
  29    0.0000111  -0.00004620
  30    0.0000064  -0.00003793
  31    0.0000053  -0.00002811
  32    0.0000050  -0.00002771
  33    0.0000049  -0.00002380
  34    0.0000045  -0.00002345
  35    0.0000040  -0.00001957
  36    0.0000037  -0.00002224
  37    0.0000030  -0.00001746
  38    0.0000028  -0.00001746
  39    0.0000028  -0.00001737
  40    0.0000026  -0.00001564
  41    0.0000026  -0.00001527
  42    0.0000025  -0.00001164
  43    0.0000025  -0.00001270
  44    0.0000023  -0.00001020
  45    0.0000023  -0.00001057
  46    0.0000018  -0.00000205
  47    0.0000004  0.00000397
  48    0.0000004  0.00000391
  49    0.0000004  0.00000358
  50    0.0000004  0.00000358
  51    0.0000003  0.00000351
  52    0.0000003  0.00000351
  53    0.0000003  0.00000354
  54    0.0000003  0.00000355
  55    0.0000003  0.00000343
  56    0.0000003  0.00000343
  57    0.0000003  0.00000342
  58    0.0000003  0.00000342
  59    0.0000003  0.00000347
  60    0.0000003  0.00000348
 
----------------
 Final Energies 
----------------
Final NOF Total Energy =      -4.9661670
 
Total Orbital Internal Iterations = 10
Total Occupation Internal Iterations = 1
 
Elapsed time:   57.95 Seconds

---------------------------------
   Lowdin Population Analysis    
---------------------------------
 Idx  Atom   Population   Charge 
---------------------------------
  1    He     1.500       0.500
  2    He     1.500       0.500

---------------------------------
   M Diagnostic: 0.02
---------------------------------

Recovering execution output...
Moving from /scratch/pobleyef/209586 to /home-nas/pobleyef/Poison-NOF/ncwomax/P30-5/GNOFmsta25/arina.209586
mkdir -p /home-nas/pobleyef/Poison-NOF/ncwomax/P30-5/GNOFmsta25/arina.209586
mv /scratch/pobleyef/209586/* /home-nas/pobleyef/Poison-NOF/ncwomax/P30-5/GNOFmsta25/arina.209586
