SIE4x4_6_he2+_1.5
/software/eb2024/easybuild/software/common/software/Julia/1.11.3-linux-x86_64/bin/julia
Job runing on na10
Choosing scratch ...
Automatic scratch folder selection
/scratch/pobleyef/209587
/scratch/pobleyef/209587 directory
cp SIE4x4_6_he2+_1.5.jl SIE4x4_6_he2+_1.5.jld2 to  /scratch/pobleyef/209587/.
Computing Integrals
Elapsed time:    4.02 Seconds

Number of basis functions                   (NBF)    = 60
Number of auxiliary basis functions         (NBFAUX) = 46
Inactive Doubly occupied orbitals up to     (NO1)    = 0
No. considered Strongly Doubly occupied MOs (NDOC)   = 1
No. considered Strongly Singly occupied MOs (NSOC)   = 1
NO. of Weakly occ. per St. Doubly occ.  MOs (NCWO)   = 58
Dimension of the Nat. Orb. subspace         (NBF5)   = 60
No. of electrons                                     = 3
    No. of alpha electrons                           = 2
    No. of beta electrons                            = 1
Multiplicity                                         = 2

Geometry
========
He       0.0000000       0.0000000      -0.8056528
He       0.0000000       0.0000000       0.8056528

No violations of the orthonormality
No violations of the orthonormality
 
PNOF9/ADABelief Calculation
==================
 
  Nitext  Nit_orb  Time   Nit_occ  Time         Eelec          Etot           Ediff      maxdiff    MaxGrad_orb  Grad_occ
     1      10    1.8e+01    1    2.2e+01    -6.25587659    -4.94221859 -10005.25587659   0.000687   2.7e-03   1.1e-04 0.02
 
RESULTS OF THE OCCUPATION OPTIMIZATION
========================================
   1    1.9684195  -1.47352551
   2    1.0000000  -0.80897784
   3    0.0146767  -0.01200607
   4    0.0032239  -0.00335966
   5    0.0031034  -0.00336943
   6    0.0027809  -0.00287977
   7    0.0027776  -0.00287776
   8    0.0016450  -0.00203955
   9    0.0016426  -0.00203869
  10    0.0008760  -0.00142700
  11    0.0001275  -0.00027676
  12    0.0000861  -0.00018157
  13    0.0000762  -0.00022518
  14    0.0000716  -0.00019638
  15    0.0000716  -0.00019673
  16    0.0000480  -0.00013049
  17    0.0000477  -0.00013031
  18    0.0000355  -0.00008639
  19    0.0000267  -0.00008103
  20    0.0000246  -0.00007334
  21    0.0000238  -0.00007515
  22    0.0000234  -0.00007280
  23    0.0000206  -0.00006863
  24    0.0000204  -0.00006873
  25    0.0000194  -0.00006604
  26    0.0000190  -0.00006519
  27    0.0000178  -0.00006606
  28    0.0000159  -0.00004919
  29    0.0000158  -0.00005822
  30    0.0000135  -0.00003808
  31    0.0000045  -0.00002795
  32    0.0000045  -0.00002795
  33    0.0000043  -0.00002652
  34    0.0000043  -0.00002467
  35    0.0000043  -0.00002455
  36    0.0000035  -0.00001987
  37    0.0000024  -0.00001638
  38    0.0000023  -0.00001555
  39    0.0000023  -0.00001547
  40    0.0000022  -0.00001361
  41    0.0000021  -0.00001392
  42    0.0000021  -0.00001359
  43    0.0000020  -0.00001288
  44    0.0000020  -0.00001276
  45    0.0000020  -0.00001258
  46    0.0000019  -0.00000875
  47    0.0000002  0.00000251
  48    0.0000002  0.00000241
  49    0.0000002  0.00000237
  50    0.0000002  0.00000237
  51    0.0000002  0.00000232
  52    0.0000002  0.00000233
  53    0.0000002  0.00000227
  54    0.0000002  0.00000228
  55    0.0000002  0.00000228
  56    0.0000002  0.00000228
  57    0.0000002  0.00000232
  58    0.0000002  0.00000232
  59    0.0000002  0.00000235
  60    0.0000002  0.00000236
 
----------------
 Final Energies 
----------------
Final NOF Total Energy =      -4.9422186
 
Total Orbital Internal Iterations = 10
Total Occupation Internal Iterations = 1
 
Elapsed time:   53.27 Seconds

---------------------------------
   Lowdin Population Analysis    
---------------------------------
 Idx  Atom   Population   Charge 
---------------------------------
  1    He     1.496       0.504
  2    He     1.504       0.496

---------------------------------
   M Diagnostic: 0.02
---------------------------------

Recovering execution output...
Moving from /scratch/pobleyef/209587 to /home-nas/pobleyef/Poison-NOF/ncwomax/P30-5/GNOFmsta25/arina.209587
mkdir -p /home-nas/pobleyef/Poison-NOF/ncwomax/P30-5/GNOFmsta25/arina.209587
mv /scratch/pobleyef/209587/* /home-nas/pobleyef/Poison-NOF/ncwomax/P30-5/GNOFmsta25/arina.209587
