W4-11_135_cloo
/software/eb2024/easybuild/software/common/software/Julia/1.11.3-linux-x86_64/bin/julia
Job runing on na20
Choosing scratch ...
Automatic scratch folder selection
/scratch/pobleyef/209602
/scratch/pobleyef/209602 directory
cp W4-11_135_cloo.jl W4-11_135_cloo.jld2 to  /scratch/pobleyef/209602/.
Computing Integrals
Elapsed time:   15.99 Seconds

Number of basis functions                   (NBF)    = 184
Number of auxiliary basis functions         (NBFAUX) = 282
Inactive Doubly occupied orbitals up to     (NO1)    = 0
No. considered Strongly Doubly occupied MOs (NDOC)   = 16
No. considered Strongly Singly occupied MOs (NSOC)   = 1
NO. of Weakly occ. per St. Doubly occ.  MOs (NCWO)   = 10
Dimension of the Nat. Orb. subspace         (NBF5)   = 177
No. of electrons                                     = 33
    No. of alpha electrons                           = 17
    No. of beta electrons                            = 16
Multiplicity                                         = 2

Geometry
========
Cl      -0.5609740      -0.9946370       0.0000000
 O       0.0000000       0.9587120       0.0000000
 O       1.1920690       1.1548920       0.0000000

No violations of the orthonormality
No violations of the orthonormality
 
PNOF9/ADABelief Calculation
==================
 
  Nitext  Nit_orb  Time   Nit_occ  Time         Eelec          Etot           Ediff      maxdiff    MaxGrad_orb  Grad_occ
     1      10    1.0e+02    2    2.0e+01  -699.56426019  -610.17269187 -10698.56426019   0.000941   3.8e-03   2.2e-04 0.05
 
RESULTS OF THE OCCUPATION OPTIMIZATION
========================================
   1    1.9999996  -104.93357624
   2    1.9999828  -20.78550406
   3    1.9999834  -20.78514155
   4    1.9998782  -10.62035264
   5    1.9995952  -8.09347025
   6    1.9995392  -8.08947579
   7    1.9994464  -8.08827632
   8    1.9873496  -1.60460486
   9    1.9810158  -1.23060520
  10    1.9809375  -1.09157960
  11    1.9614457  -0.86594808
  12    1.9715942  -0.77677949
  13    1.9766779  -0.76231122
  14    1.9477172  -0.52713120
  15    1.9693076  -0.50886281
  16    1.9636643  -0.50682919
  17    1.0000000  -0.31928816
  18    0.0123466  -0.01826465
  19    0.0096796  -0.01645877
  20    0.0519387  -0.07961816
  21    0.0074352  -0.01403010
  22    0.0092141  -0.01469200
  23    0.0371604  -0.06071741
  24    0.0072419  -0.02813374
  25    0.0083294  -0.01971098
  26    0.0042928  -0.01444998
  27    0.0004491  -0.01051497
  28    0.0003977  -0.00971281
  29    0.0003389  -0.00826693
  30    0.0000919  -0.00406014
  31    0.0000039  -0.00011009
  32    0.0000031  -0.00006316
  33    0.0000002  -0.00002871
  34    0.0119452  -0.01761159
  35    0.0093416  -0.01595290
  36    0.0001179  -0.00042282
  37    0.0054390  -0.01357777
  38    0.0053849  -0.00958991
  39    0.0007651  -0.00240686
  40    0.0060533  -0.01957658
  41    0.0037461  -0.00860290
  42    0.0020165  -0.00724096
  43    0.0000504  -0.00125682
  44    0.0000120  -0.00093564
  45    0.0000235  -0.00046348
  46    0.0000086  -0.00009797
  47    0.0000019  -0.00003797
  48    0.0000021  -0.00004349
  49    0.0000001  -0.00001022
  50    0.0104616  -0.01562888
  51    0.0077631  -0.01902497
  52    0.0000343  -0.00010417
  53    0.0046119  -0.00893957
  54    0.0049985  -0.00896212
  55    0.0001665  -0.00055530
  56    0.0020347  -0.00989438
  57    0.0023534  -0.00618898
  58    0.0018545  -0.00808845
  59    0.0000186  -0.00054972
  60    0.0000084  -0.00013350
  61    0.0000068  -0.00007642
  62    0.0000034  -0.00004805
  63    0.0000017  -0.00003602
  64    0.0000020  -0.00004099
  65    0.0000000  -0.00000388
  66    0.0005344  -0.00111214
  67    0.0021742  -0.00878468
  68    0.0000302  -0.00009983
  69    0.0039274  -0.00797391
  70    0.0043273  -0.00748907
  71    0.0001122  -0.00041576
  72    0.0019075  -0.00930569
  73    0.0019307  -0.00628627
  74    0.0015874  -0.00731336
  75    0.0000079  -0.00009439
  76    0.0000074  -0.00008535
  77    0.0000062  -0.00007420
  78    0.0000030  -0.00011408
  79    0.0000017  -0.00004086
  80    0.0000019  -0.00003719
  81    0.0000000  -0.00000163
  82    0.0004876  -0.00103005
  83    0.0006590  -0.00148189
  84    0.0000301  -0.00010074
  85    0.0006193  -0.00271138
  86    0.0027311  -0.00582712
  87    0.0000990  -0.00040403
  88    0.0004577  -0.00122013
  89    0.0010088  -0.00303660
  90    0.0012705  -0.00654690
  91    0.0000056  -0.00006739
  92    0.0000072  -0.00007842
  93    0.0000060  -0.00007105
  94    0.0000027  -0.00017654
  95    0.0000016  -0.00003480
  96    0.0000018  -0.00003784
  97    0.0000000  -0.00000127
  98    0.0002196  -0.00081477
  99    0.0006574  -0.00147924
 100    0.0000294  -0.00010267
 101    0.0003635  -0.00113712
 102    0.0006520  -0.00186549
 103    0.0000831  -0.00036953
 104    0.0004159  -0.00116897
 105    0.0005997  -0.00394736
 106    0.0007421  -0.00964264
 107    0.0000051  -0.00006275
 108    0.0000065  -0.00007073
 109    0.0000058  -0.00007011
 110    0.0000025  -0.00012400
 111    0.0000016  -0.00003282
 112    0.0000017  -0.00003795
 113    0.0000000  -0.00000107
 114    0.0001316  -0.00051041
 115    0.0001708  -0.00067319
 116    0.0000294  -0.00010000
 117    0.0003249  -0.00102538
 118    0.0003635  -0.00107330
 119    0.0000746  -0.00033578
 120    0.0003801  -0.00110734
 121    0.0004006  -0.00171472
 122    0.0004127  -0.00416374
 123    0.0000046  -0.00006155
 124    0.0000060  -0.00007163
 125    0.0000054  -0.00006430
 126    0.0000025  -0.00007439
 127    0.0000015  -0.00003130
 128    0.0000017  -0.00003761
 129    0.0000000  -0.00000103
 130    0.0001053  -0.00046143
 131    0.0000992  -0.00041219
 132    0.0000279  -0.00009888
 133    0.0002308  -0.00069120
 134    0.0003238  -0.00094116
 135    0.0000388  -0.00020611
 136    0.0002851  -0.00135610
 137    0.0002518  -0.00082888
 138    0.0001984  -0.00075746
 139    0.0000043  -0.00005985
 140    0.0000054  -0.00006795
 141    0.0000046  -0.00006226
 142    0.0000024  -0.00005835
 143    0.0000011  -0.00002402
 144    0.0000014  -0.00004291
 145    0.0000000  -0.00000085
 146    0.0000536  -0.00015242
 147    0.0000907  -0.00037784
 148    0.0000245  -0.00008941
 149    0.0002241  -0.00069418
 150    0.0002363  -0.00071624
 151    0.0000293  -0.00016574
 152    0.0001663  -0.00077364
 153    0.0001984  -0.00066985
 154    0.0001781  -0.00066808
 155    0.0000041  -0.00005510
 156    0.0000051  -0.00005962
 157    0.0000040  -0.00006837
 158    0.0000024  -0.00009717
 159    0.0000009  -0.00001870
 160    0.0000009  -0.00001901
 161    0.0000000  -0.00000072
 162    0.0000502  -0.00014806
 163    0.0000569  -0.00027391
 164    0.0000204  -0.00006794
 165    0.0001460  -0.00051799
 166    0.0001742  -0.00060303
 167    0.0000253  -0.00015709
 168    0.0001201  -0.00081709
 169    0.0001653  -0.00064678
 170    0.0000974  -0.00106618
 171    0.0000038  -0.00005100
 172    0.0000050  -0.00006718
 173    0.0000036  -0.00011844
 174    0.0000023  -0.00003467
 175    0.0000008  -0.00001589
 176    0.0000006  -0.00002893
 177    0.0000000  -0.00000064
 
----------------
 Final Energies 
----------------
Final NOF Total Energy =    -610.1726919
 
Total Orbital Internal Iterations = 10
Total Occupation Internal Iterations = 2
 
Elapsed time:  142.52 Seconds

---------------------------------
   Lowdin Population Analysis    
---------------------------------
 Idx  Atom   Population   Charge 
---------------------------------
  1    Cl    17.005      -0.005
  2     O     8.043      -0.043
  3     O     7.952       0.048

---------------------------------
   M Diagnostic: 0.05
---------------------------------

Recovering execution output...
Moving from /scratch/pobleyef/209602 to /home-nas/pobleyef/Poison-NOF/ncwomax/P30-5/GNOFmsta25/arina.209602
mkdir -p /home-nas/pobleyef/Poison-NOF/ncwomax/P30-5/GNOFmsta25/arina.209602
mv /scratch/pobleyef/209602/* /home-nas/pobleyef/Poison-NOF/ncwomax/P30-5/GNOFmsta25/arina.209602
