W4-11_128_s4-c2v
/software/eb2024/easybuild/software/common/software/Julia/1.11.3-linux-x86_64/bin/julia
Job runing on na11
Choosing scratch ...
Automatic scratch folder selection
/scratch/pobleyef/202924
/scratch/pobleyef/202924 directory
cp W4-11_128_s4-c2v.jl W4-11_128_s4-c2v.jld2 to  /scratch/pobleyef/202924/.
Computing Integrals
Elapsed time:    6.47 Seconds

Number of basis functions                   (NBF)    = 280
Number of auxiliary basis functions         (NBFAUX) = 512
Inactive Doubly occupied orbitals up to     (NO1)    = 0
No. considered Strongly Doubly occupied MOs (NDOC)   = 32
No. considered Strongly Singly occupied MOs (NSOC)   = 0
NO. of Weakly occ. per St. Doubly occ.  MOs (NCWO)   = 7
Dimension of the Nat. Orb. subspace         (NBF5)   = 256
No. of electrons                                     = 64
    No. of alpha electrons                           = 32
    No. of beta electrons                            = 32
Multiplicity                                         = 1

Geometry
========
 S       0.0000000       1.5523430       0.9219610
 S       0.0000000       1.0685080      -0.9219610
 S       0.0000000      -1.0685080      -0.9219610
 S       0.0000000      -1.5523430       0.9219610

No violations of the orthonormality
No violations of the orthonormality
 
PNOF9/ADABelief Calculation
==================
 
  Nitext  Nit_orb  Time   Nit_occ  Time         Eelec          Etot           Ediff      maxdiff    MaxGrad_orb  Grad_occ
     1      10    2.4e+01    0    2.1e+01 -1925.79815157 -1592.09922904 -11924.79815157   0.001296   5.2e-03   3.3e-04 0.05
     2      30    1.8e+01    0    2.0e-01 -1925.79815157 -1592.09922904     0.00000000   0.001296   5.2e-03   3.3e-04 0.05
     3      50    2.5e+01    0    3.5e-01 -1925.79815157 -1592.09922904     0.00000000   0.001296   5.2e-03   3.3e-04 0.05
     4      70    3.4e+01    5    7.2e-01 -1925.79827128 -1592.09934876    -0.00011972   0.001137   4.5e-03   2.6e-04 0.05
     5      70    3.3e+01    5    7.2e-01 -1925.79838223 -1592.09945970    -0.00011095   0.001476   5.9e-03   2.6e-04 0.05
     6      70    3.6e+01    5    7.1e-01 -1925.79848921 -1592.09956668    -0.00010698   0.001298   5.2e-03   2.9e-04 0.05
     7      70    3.3e+01    7    9.3e-01 -1925.79858979 -1592.09966726    -0.00010058   0.001363   5.5e-03   1.8e-04 0.05
     8      70    3.0e+01    3    7.1e-01 -1925.79869242 -1592.09976989    -0.00010263   0.001336   5.3e-03   2.2e-04 0.05
     9      70    3.2e+01    5    6.7e-01 -1925.79877000 -1592.09984748    -0.00007759   0.001633   6.5e-03   2.5e-04 0.05
    10      70    3.0e+01    5    7.7e-01 -1925.79886720 -1592.09994467    -0.00009719   0.001209   4.8e-03   2.2e-04 0.05
    11      70    3.7e+01    3    6.1e-01 -1925.79895921 -1592.10003668    -0.00009201   0.001260   5.0e-03   2.4e-04 0.05
    12      70    3.5e+01    5    6.8e-01 -1925.79903654 -1592.10011401    -0.00007733   0.001319   5.3e-03   2.4e-04 0.05
    13      70    3.6e+01    3    4.7e-01 -1925.79912672 -1592.10020420    -0.00009018   0.001337   5.3e-03   2.3e-04 0.05
    14      70    3.2e+01    5    6.6e-01 -1925.79919697 -1592.10027445    -0.00007025   0.001331   5.3e-03   2.5e-04 0.05
    15      70    3.7e+01    3    5.4e-01 -1925.79927791 -1592.10035538    -0.00008094   0.001347   5.4e-03   2.2e-04 0.05
    16      70    3.3e+01    3    6.2e-01 -1925.79934109 -1592.10041856    -0.00006318   0.001348   5.4e-03   2.5e-04 0.05
    17      70    3.5e+01    3    5.6e-01 -1925.79939980 -1592.10047727    -0.00005871   0.001346   5.4e-03   2.7e-04 0.05
    18      70    3.4e+01    8    9.7e-01 -1925.79945684 -1592.10053431    -0.00005704   0.001300   5.2e-03   1.8e-04 0.05
    19      70    3.1e+01    3    4.6e-01 -1925.79953952 -1592.10061699    -0.00008268   0.001299   5.2e-03   2.0e-04 0.05
    20      70    3.4e+01    5    6.9e-01 -1925.79959176 -1592.10066924    -0.00005224   0.001250   5.0e-03   3.1e-04 0.05
    21      70    3.0e+01    5    7.5e-01 -1925.79966881 -1592.10074628    -0.00007705   0.001494   6.0e-03   2.9e-04 0.05
    22      70    3.3e+01    7    7.6e-01 -1925.79975027 -1592.10082774    -0.00008146   0.001215   4.9e-03   2.2e-04 0.05
    23      70    3.1e+01    3    5.6e-01 -1925.79983316 -1592.10091064    -0.00008289   0.001168   4.7e-03   2.0e-04 0.05
    24      70    3.3e+01    7    8.2e-01 -1925.79990063 -1592.10097810    -0.00006746   0.001209   4.8e-03   1.8e-04 0.05
    25      70    3.2e+01    3    5.8e-01 -1925.79998796 -1592.10106544    -0.00008733   0.001188   4.8e-03   1.9e-04 0.05
    26      70    3.1e+01    3    5.8e-01 -1925.80005606 -1592.10113354    -0.00006810   0.001332   5.3e-03   2.4e-04 0.05
    27      70    3.2e+01    3    6.1e-01 -1925.80013127 -1592.10120874    -0.00007521   0.001160   4.6e-03   2.6e-04 0.05
    28      70    3.5e+01    3    5.6e-01 -1925.80020024 -1592.10127771    -0.00006897   0.001168   4.7e-03   2.6e-04 0.05
    29      70    3.0e+01    3    4.4e-01 -1925.80027120 -1592.10134867    -0.00007096   0.001183   4.7e-03   2.6e-04 0.05
    30      70    3.3e+01    3    5.0e-01 -1925.80033609 -1592.10141357    -0.00006489   0.001121   4.5e-03   2.5e-04 0.05
    31      70    3.3e+01    3    5.4e-01 -1925.80040104 -1592.10147852    -0.00006495   0.001130   4.5e-03   2.4e-04 0.05
    32      70    3.2e+01    3    5.9e-01 -1925.80046795 -1592.10154542    -0.00006690   0.001262   5.0e-03   2.3e-04 0.05
    33      70    3.2e+01    3    5.1e-01 -1925.80053808 -1592.10161556    -0.00007014   0.001201   4.8e-03   2.3e-04 0.05
    34      70    3.7e+01    3    5.7e-01 -1925.80060976 -1592.10168724    -0.00007168   0.001215   4.9e-03   2.2e-04 0.05
    35      70    3.6e+01    3    5.2e-01 -1925.80068125 -1592.10175873    -0.00007149   0.001624   6.5e-03   2.2e-04 0.05
    36      70    3.4e+01    3    6.0e-01 -1925.80075405 -1592.10183152    -0.00007280   0.001409   5.6e-03   2.0e-04 0.05
    37      70    3.4e+01    3    5.9e-01 -1925.80083110 -1592.10190857    -0.00007705   0.001112   4.4e-03   2.0e-04 0.05
    38      70    3.2e+01    3    5.1e-01 -1925.80090667 -1592.10198415    -0.00007557   0.001131   4.5e-03   2.0e-04 0.05
    39      70    3.1e+01    3    5.8e-01 -1925.80098659 -1592.10206407    -0.00007992   0.001144   4.6e-03   2.1e-04 0.05
    40      70    3.2e+01    3    5.3e-01 -1925.80106732 -1592.10214479    -0.00008073   0.001130   4.5e-03   2.2e-04 0.05
 
RESULTS OF THE OCCUPATION OPTIMIZATION
========================================
   1    1.9999993  -92.08189895
   2    1.9999994  -92.08162921
   3    1.9999994  -92.08129386
   4    1.9999993  -92.08107490
   5    1.9997616  -9.01822951
   6    1.9996769  -8.99981128
   7    1.9997728  -8.98285756
   8    1.9997492  -8.95259500
   9    1.9993606  -6.82542822
  10    1.9993657  -6.80309409
  11    1.9994597  -6.77268668
  12    1.9994546  -6.77224338
  13    1.9993600  -6.76605768
  14    1.9993359  -6.76394652
  15    1.9993410  -6.73467744
  16    1.9992961  -6.72414598
  17    1.9992799  -6.70936996
  18    1.9993517  -6.69565004
  19    1.9993722  -6.69328953
  20    1.9992585  -6.69300159
  21    1.9800811  -0.99573147
  22    1.9806179  -0.99398633
  23    1.9794125  -0.93360480
  24    1.9791632  -0.93292813
  25    1.9625715  -0.57341178
  26    1.9605390  -0.57108429
  27    1.9586540  -0.53361787
  28    1.9759923  -0.50975356
  29    1.9721518  -0.50502635
  30    1.9676198  -0.43787100
  31    1.9660363  -0.43609857
  32    1.9518115  -0.32606778
  33    0.0463378  -0.06243858
  34    0.0102384  -0.01808101
  35    0.0091485  -0.01764606
  36    0.0086500  -0.01683954
  37    0.0055651  -0.01725407
  38    0.0319628  -0.05137038
  39    0.0235634  -0.04144187
  40    0.0274251  -0.04464003
  41    0.0062545  -0.02594945
  42    0.0062921  -0.02619760
  43    0.0060685  -0.02554115
  44    0.0060073  -0.02611052
  45    0.0005653  -0.00984392
  46    0.0004678  -0.00823654
  47    0.0004603  -0.00804758
  48    0.0005547  -0.00983240
  49    0.0005077  -0.01022549
  50    0.0004962  -0.00954478
  51    0.0004794  -0.00842430
  52    0.0004687  -0.00827007
  53    0.0003630  -0.00683277
  54    0.0003897  -0.00700755
  55    0.0005060  -0.00981855
  56    0.0004986  -0.00976576
  57    0.0002154  -0.00487508
  58    0.0002013  -0.00409165
  59    0.0002847  -0.00660000
  60    0.0002036  -0.00447582
  61    0.0000002  -0.00000937
  62    0.0000003  -0.00001211
  63    0.0000003  -0.00001042
  64    0.0000002  -0.00000906
  65    0.0003909  -0.00079556
  66    0.0077520  -0.01316503
  67    0.0065691  -0.01239803
  68    0.0058398  -0.01205577
  69    0.0052553  -0.01300902
  70    0.0074577  -0.01249152
  71    0.0079398  -0.01398355
  72    0.0076010  -0.01286295
  73    0.0045598  -0.01606136
  74    0.0042343  -0.01403503
  75    0.0035853  -0.01618746
  76    0.0038733  -0.01525382
  77    0.0000592  -0.00150669
  78    0.0000650  -0.00172764
  79    0.0000679  -0.00156571
  80    0.0000550  -0.00102648
  81    0.0000587  -0.00049625
  82    0.0000577  -0.00050063
  83    0.0000594  -0.00222428
  84    0.0000610  -0.00224951
  85    0.0000685  -0.00053513
  86    0.0000581  -0.00051309
  87    0.0000402  -0.00034494
  88    0.0000417  -0.00038573
  89    0.0000124  -0.00010068
  90    0.0000062  -0.00005948
  91    0.0000172  -0.00017818
  92    0.0000112  -0.00009310
  93    0.0000002  -0.00000802
  94    0.0000001  -0.00000520
  95    0.0000002  -0.00000822
  96    0.0000002  -0.00000681
  97    0.0003602  -0.00074166
  98    0.0070535  -0.01246419
  99    0.0064749  -0.01164601
 100    0.0055763  -0.01509018
 101    0.0041907  -0.01631928
 102    0.0005754  -0.00123863
 103    0.0065837  -0.01180365
 104    0.0005951  -0.00125150
 105    0.0037648  -0.01339686
 106    0.0036545  -0.01249977
 107    0.0034243  -0.01250902
 108    0.0032686  -0.01315816
 109    0.0000514  -0.00043730
 110    0.0000505  -0.00052134
 111    0.0000584  -0.00050927
 112    0.0000397  -0.00037858
 113    0.0000532  -0.00045418
 114    0.0000482  -0.00041408
 115    0.0000543  -0.00047255
 116    0.0000519  -0.00042706
 117    0.0000575  -0.00049571
 118    0.0000462  -0.00038888
 119    0.0000400  -0.00034551
 120    0.0000389  -0.00035616
 121    0.0000077  -0.00006481
 122    0.0000054  -0.00005234
 123    0.0000057  -0.00011281
 124    0.0000095  -0.00010179
 125    0.0000001  -0.00000433
 126    0.0000001  -0.00000430
 127    0.0000000  -0.00000294
 128    0.0000001  -0.00000579
 129    0.0003395  -0.00071777
 130    0.0061905  -0.01385001
 131    0.0060112  -0.01449946
 132    0.0043147  -0.01232306
 133    0.0039008  -0.01197993
 134    0.0004726  -0.00105382
 135    0.0004975  -0.00113317
 136    0.0005544  -0.00121017
 137    0.0019128  -0.00983884
 138    0.0019558  -0.00925322
 139    0.0021142  -0.01005391
 140    0.0023060  -0.01099800
 141    0.0000368  -0.00032624
 142    0.0000140  -0.00028747
 143    0.0000230  -0.00022388
 144    0.0000358  -0.00031276
 145    0.0000504  -0.00045693
 146    0.0000275  -0.00024833
 147    0.0000270  -0.00025836
 148    0.0000296  -0.00030388
 149    0.0000258  -0.00020820
 150    0.0000149  -0.00043525
 151    0.0000197  -0.00023050
 152    0.0000286  -0.00024430
 153    0.0000047  -0.00005028
 154    0.0000046  -0.00005189
 155    0.0000047  -0.00004783
 156    0.0000044  -0.00019129
 157    0.0000001  -0.00000394
 158    0.0000000  -0.00000285
 159    0.0000000  -0.00000219
 160    0.0000001  -0.00000520
 161    0.0002920  -0.00065670
 162    0.0013826  -0.00478642
 163    0.0020740  -0.00836060
 164    0.0018850  -0.00850876
 165    0.0019706  -0.00849425
 166    0.0004347  -0.00098956
 167    0.0004674  -0.00110801
 168    0.0005398  -0.00119212
 169    0.0017864  -0.00833641
 170    0.0018950  -0.01039527
 171    0.0018835  -0.01024725
 172    0.0018425  -0.00976328
 173    0.0000118  -0.00042095
 174    0.0000122  -0.00016967
 175    0.0000155  -0.00011608
 176    0.0000150  -0.00012618
 177    0.0000143  -0.00011199
 178    0.0000113  -0.00018295
 179    0.0000223  -0.00020116
 180    0.0000123  -0.00010473
 181    0.0000139  -0.00024056
 182    0.0000134  -0.00018343
 183    0.0000140  -0.00049919
 184    0.0000132  -0.00031672
 185    0.0000044  -0.00004890
 186    0.0000036  -0.00010866
 187    0.0000044  -0.00004595
 188    0.0000038  -0.00023119
 189    0.0000000  -0.00000274
 190    0.0000000  -0.00000242
 191    0.0000000  -0.00000192
 192    0.0000001  -0.00000383
 193    0.0002620  -0.00059300
 194    0.0008540  -0.00237639
 195    0.0016884  -0.00668791
 196    0.0010284  -0.00371281
 197    0.0019550  -0.00880593
 198    0.0002287  -0.00057418
 199    0.0002168  -0.00063078
 200    0.0004720  -0.00108340
 201    0.0015870  -0.00750592
 202    0.0017614  -0.00811713
 203    0.0012128  -0.00805803
 204    0.0017494  -0.00835636
 205    0.0000090  -0.00007422
 206    0.0000110  -0.00008529
 207    0.0000124  -0.00051512
 208    0.0000125  -0.00049605
 209    0.0000135  -0.00009862
 210    0.0000102  -0.00007899
 211    0.0000126  -0.00019113
 212    0.0000086  -0.00007427
 213    0.0000090  -0.00008518
 214    0.0000104  -0.00008954
 215    0.0000077  -0.00006324
 216    0.0000103  -0.00008424
 217    0.0000032  -0.00030075
 218    0.0000034  -0.00023673
 219    0.0000036  -0.00021419
 220    0.0000034  -0.00004658
 221    0.0000000  -0.00000218
 222    0.0000000  -0.00000246
 223    0.0000000  -0.00000171
 224    0.0000001  -0.00000340
 225    0.0002061  -0.00048715
 226    0.0004926  -0.00106215
 227    0.0004142  -0.00092657
 228    0.0005541  -0.00132794
 229    0.0011703  -0.00482955
 230    0.0002141  -0.00056083
 231    0.0001922  -0.00053260
 232    0.0002410  -0.00062193
 233    0.0009715  -0.00449315
 234    0.0007943  -0.00549060
 235    0.0010935  -0.00555635
 236    0.0008718  -0.00583290
 237    0.0000079  -0.00007077
 238    0.0000073  -0.00006499
 239    0.0000108  -0.00008067
 240    0.0000075  -0.00005950
 241    0.0000060  -0.00005255
 242    0.0000078  -0.00006169
 243    0.0000092  -0.00007055
 244    0.0000079  -0.00009833
 245    0.0000077  -0.00006786
 246    0.0000077  -0.00011863
 247    0.0000067  -0.00005613
 248    0.0000081  -0.00007613
 249    0.0000030  -0.00025037
 250    0.0000027  -0.00024344
 251    0.0000028  -0.00030026
 252    0.0000025  -0.00023291
 253    0.0000000  -0.00000175
 254    0.0000000  -0.00000213
 255    0.0000000  -0.00000145
 256    0.0000000  -0.00000191
 
----------------
 Final Energies 
----------------
Final NOF Total Energy =   -1592.1021448
 
Total Orbital Internal Iterations = 2680
Total Occupation Internal Iterations = 146
 
Elapsed time: 1382.96 Seconds

---------------------------------
   Lowdin Population Analysis    
---------------------------------
 Idx  Atom   Population   Charge 
---------------------------------
  1     S    16.042      -0.042
  2     S    15.959       0.041
  3     S    15.960       0.040
  4     S    16.038      -0.038

---------------------------------
   M Diagnostic: 0.05
---------------------------------

Recovering execution output...
Moving from /scratch/pobleyef/202924 to /home-nas/pobleyef/Poison-NOF/ncwomax/P30-5/GNOFmsta25/arina.202924
mkdir -p /home-nas/pobleyef/Poison-NOF/ncwomax/P30-5/GNOFmsta25/arina.202924
mv /scratch/pobleyef/202924/* /home-nas/pobleyef/Poison-NOF/ncwomax/P30-5/GNOFmsta25/arina.202924
