W4-11_107_so3
/software/eb2024/easybuild/software/common/software/Julia/1.11.3-linux-x86_64/bin/julia
Job runing on na06
Choosing scratch ...
Automatic scratch folder selection
/scratch/pobleyef/209592
/scratch/pobleyef/209592 directory
cp W4-11_107_so3.jl W4-11_107_so3.jld2 to  /scratch/pobleyef/209592/.
Computing Integrals
Elapsed time:   42.00 Seconds

Number of basis functions                   (NBF)    = 241
Number of auxiliary basis functions         (NBFAUX) = 359
Inactive Doubly occupied orbitals up to     (NO1)    = 0
No. considered Strongly Doubly occupied MOs (NDOC)   = 20
No. considered Strongly Singly occupied MOs (NSOC)   = 0
NO. of Weakly occ. per St. Doubly occ.  MOs (NCWO)   = 11
Dimension of the Nat. Orb. subspace         (NBF5)   = 240
No. of electrons                                     = 40
    No. of alpha electrons                           = 20
    No. of beta electrons                            = 20
Multiplicity                                         = 1

Geometry
========
 S       0.0000000       0.0000000       0.0000000
 O       0.0000000       1.4227900       0.0000000
 O       1.2321720      -0.7113950       0.0000000
 O      -1.2321720      -0.7113950       0.0000000

No violations of the orthonormality
No violations of the orthonormality
 
PNOF9/ADABelief Calculation
==================
 
  Nitext  Nit_orb  Time   Nit_occ  Time         Eelec          Etot           Ediff      maxdiff    MaxGrad_orb  Grad_occ
     1      10    2.6e+02    2    2.1e+01  -807.55070206  -623.50140570 -10806.55070206   0.000748   3.0e-03   2.2e-04 0.04
 
RESULTS OF THE OCCUPATION OPTIMIZATION
========================================
   1    1.9999996  -92.28940467
   2    1.9999889  -20.67577883
   3    1.9999915  -20.67531483
   4    1.9999900  -20.67344108
   5    1.9998717  -9.21841441
   6    1.9995168  -6.92178433
   7    1.9994971  -6.92016125
   8    1.9995296  -6.91930541
   9    1.9835553  -1.36986629
  10    1.9835075  -1.36464988
  11    1.9841282  -1.36373316
  12    1.9827921  -1.16954856
  13    1.9773825  -0.80151694
  14    1.9768988  -0.77890754
  15    1.9603883  -0.68126376
  16    1.9703385  -0.66844361
  17    1.9634065  -0.66816637
  18    1.9646179  -0.66372331
  19    1.9700725  -0.65621381
  20    1.9638804  -0.64862069
  21    0.0324835  -0.05196989
  22    0.0165034  -0.02525651
  23    0.0340917  -0.05400825
  24    0.0354639  -0.05611897
  25    0.0135218  -0.02297456
  26    0.0360239  -0.05692999
  27    0.0120698  -0.02354948
  28    0.0101018  -0.02243995
  29    0.0059186  -0.01805319
  30    0.0069361  -0.01958498
  31    0.0066527  -0.01944192
  32    0.0066288  -0.01942086
  33    0.0003752  -0.00626015
  34    0.0004113  -0.00720182
  35    0.0003915  -0.00881632
  36    0.0000800  -0.00211083
  37    0.0000035  -0.00010761
  38    0.0000038  -0.00012734
  39    0.0000034  -0.00010544
  40    0.0000003  -0.00000450
  41    0.0028099  -0.00627311
  42    0.0044277  -0.00830607
  43    0.0002816  -0.00089983
  44    0.0002308  -0.00073979
  45    0.0046032  -0.01008040
  46    0.0030192  -0.00665183
  47    0.0044279  -0.01153611
  48    0.0038377  -0.01309583
  49    0.0046811  -0.01694899
  50    0.0030691  -0.00870879
  51    0.0031436  -0.00858809
  52    0.0029305  -0.00878265
  53    0.0000341  -0.00115243
  54    0.0000355  -0.00118142
  55    0.0000332  -0.00081685
  56    0.0000188  -0.00043360
  57    0.0000019  -0.00003414
  58    0.0000015  -0.00002918
  59    0.0000014  -0.00002637
  60    0.0000000  -0.00000077
  61    0.0001873  -0.00063020
  62    0.0039985  -0.00790402
  63    0.0002316  -0.00077449
  64    0.0002291  -0.00073248
  65    0.0035782  -0.00785288
  66    0.0001825  -0.00059373
  67    0.0031925  -0.00806223
  68    0.0036639  -0.01140435
  69    0.0028494  -0.01088040
  70    0.0025767  -0.00879663
  71    0.0027921  -0.00822779
  72    0.0027393  -0.00797655
  73    0.0000086  -0.00010485
  74    0.0000076  -0.00023732
  75    0.0000074  -0.00008314
  76    0.0000040  -0.00005712
  77    0.0000011  -0.00002574
  78    0.0000009  -0.00001871
  79    0.0000013  -0.00002596
  80    0.0000000  -0.00000048
  81    0.0001742  -0.00059097
  82    0.0038594  -0.00761283
  83    0.0001923  -0.00062313
  84    0.0001806  -0.00058450
  85    0.0035530  -0.00760703
  86    0.0001780  -0.00058297
  87    0.0013885  -0.00461734
  88    0.0027511  -0.00948278
  89    0.0014515  -0.00653362
  90    0.0009784  -0.00487053
  91    0.0021790  -0.01039470
  92    0.0021680  -0.01033931
  93    0.0000084  -0.00044639
  94    0.0000069  -0.00008371
  95    0.0000069  -0.00007956
  96    0.0000038  -0.00005192
  97    0.0000010  -0.00002118
  98    0.0000006  -0.00001344
  99    0.0000012  -0.00002650
 100    0.0000000  -0.00000043
 101    0.0001470  -0.00053498
 102    0.0004828  -0.00140748
 103    0.0001799  -0.00060015
 104    0.0001767  -0.00058881
 105    0.0034818  -0.00746277
 106    0.0000800  -0.00031082
 107    0.0009161  -0.00315857
 108    0.0008771  -0.00300382
 109    0.0009858  -0.00470833
 110    0.0005855  -0.00243118
 111    0.0005253  -0.00203845
 112    0.0005560  -0.00204871
 113    0.0000078  -0.00009184
 114    0.0000066  -0.00008758
 115    0.0000068  -0.00007751
 116    0.0000037  -0.00005066
 117    0.0000007  -0.00001435
 118    0.0000004  -0.00000611
 119    0.0000009  -0.00001832
 120    0.0000000  -0.00000037
 121    0.0001408  -0.00048010
 122    0.0002816  -0.00080218
 123    0.0001740  -0.00059291
 124    0.0001745  -0.00058285
 125    0.0004375  -0.00137521
 126    0.0000447  -0.00016115
 127    0.0005155  -0.00171436
 128    0.0007872  -0.00297683
 129    0.0005057  -0.00504079
 130    0.0005197  -0.00457900
 131    0.0004697  -0.00397928
 132    0.0004690  -0.00392113
 133    0.0000067  -0.00007674
 134    0.0000062  -0.00007228
 135    0.0000067  -0.00008062
 136    0.0000036  -0.00004995
 137    0.0000005  -0.00001160
 138    0.0000003  -0.00002374
 139    0.0000008  -0.00001446
 140    0.0000000  -0.00000019
 141    0.0001019  -0.00035875
 142    0.0002144  -0.00066563
 143    0.0001704  -0.00058082
 144    0.0000794  -0.00031603
 145    0.0003511  -0.00111662
 146    0.0000264  -0.00010661
 147    0.0004530  -0.00138282
 148    0.0004007  -0.00138816
 149    0.0002771  -0.00119969
 150    0.0004916  -0.00167851
 151    0.0002587  -0.00104846
 152    0.0003227  -0.00130082
 153    0.0000063  -0.00007325
 154    0.0000061  -0.00007225
 155    0.0000066  -0.00007633
 156    0.0000032  -0.00004557
 157    0.0000003  -0.00000558
 158    0.0000003  -0.00001072
 159    0.0000006  -0.00001296
 160    0.0000000  -0.00000021
 161    0.0000349  -0.00012191
 162    0.0000612  -0.00025022
 163    0.0000177  -0.00009513
 164    0.0000167  -0.00009412
 165    0.0000481  -0.00017830
 166    0.0000213  -0.00009841
 167    0.0000468  -0.00022528
 168    0.0000756  -0.00036169
 169    0.0001794  -0.00118633
 170    0.0002389  -0.00081620
 171    0.0002322  -0.00100072
 172    0.0002082  -0.00077007
 173    0.0000062  -0.00007096
 174    0.0000060  -0.00006935
 175    0.0000064  -0.00007137
 176    0.0000030  -0.00005537
 177    0.0000003  -0.00002311
 178    0.0000003  -0.00000467
 179    0.0000005  -0.00000955
 180    0.0000000  -0.00000019
 181    0.0000140  -0.00008165
 182    0.0000529  -0.00020053
 183    0.0000147  -0.00008127
 184    0.0000146  -0.00008402
 185    0.0000329  -0.00014410
 186    0.0000121  -0.00007043
 187    0.0000390  -0.00017672
 188    0.0000579  -0.00023154
 189    0.0001466  -0.00068360
 190    0.0002348  -0.00081440
 191    0.0001397  -0.00060161
 192    0.0002028  -0.00076705
 193    0.0000061  -0.00006970
 194    0.0000058  -0.00007352
 195    0.0000063  -0.00007713
 196    0.0000029  -0.00038433
 197    0.0000002  -0.00000977
 198    0.0000002  -0.00000495
 199    0.0000004  -0.00000873
 200    0.0000000  -0.00000010
 201    0.0000132  -0.00007724
 202    0.0000238  -0.00012028
 203    0.0000142  -0.00007983
 204    0.0000139  -0.00008025
 205    0.0000303  -0.00012575
 206    0.0000119  -0.00006845
 207    0.0000285  -0.00014640
 208    0.0000416  -0.00018469
 209    0.0001080  -0.00070872
 210    0.0001860  -0.00086140
 211    0.0000669  -0.00038160
 212    0.0001221  -0.00060016
 213    0.0000057  -0.00006800
 214    0.0000055  -0.00007493
 215    0.0000061  -0.00007001
 216    0.0000027  -0.00004821
 217    0.0000002  -0.00000478
 218    0.0000002  -0.00000360
 219    0.0000003  -0.00002503
 220    0.0000000  -0.00000008
 221    0.0000129  -0.00007578
 222    0.0000218  -0.00010575
 223    0.0000141  -0.00008020
 224    0.0000134  -0.00007589
 225    0.0000237  -0.00010898
 226    0.0000118  -0.00006894
 227    0.0000235  -0.00011695
 228    0.0000229  -0.00011410
 229    0.0001049  -0.00060143
 230    0.0000549  -0.00044692
 231    0.0000325  -0.00017389
 232    0.0000973  -0.00052054
 233    0.0000054  -0.00006615
 234    0.0000054  -0.00007031
 235    0.0000053  -0.00006440
 236    0.0000026  -0.00004107
 237    0.0000001  -0.00000273
 238    0.0000001  -0.00000186
 239    0.0000002  -0.00000457
 240    0.0000000  -0.00000006
 
----------------
 Final Energies 
----------------
Final NOF Total Energy =    -623.5014057
 
Total Orbital Internal Iterations = 10
Total Occupation Internal Iterations = 2
 
Elapsed time:  303.11 Seconds

---------------------------------
   Lowdin Population Analysis    
---------------------------------
 Idx  Atom   Population   Charge 
---------------------------------
  1     S    16.125      -0.125
  2     O     7.962       0.038
  3     O     7.949       0.051
  4     O     7.965       0.035

---------------------------------
   M Diagnostic: 0.04
---------------------------------

Recovering execution output...
Moving from /scratch/pobleyef/209592 to /home-nas/pobleyef/Poison-NOF/ncwomax/P30-5/GNOFmsta25/arina.209592
mkdir -p /home-nas/pobleyef/Poison-NOF/ncwomax/P30-5/GNOFmsta25/arina.209592
mv /scratch/pobleyef/209592/* /home-nas/pobleyef/Poison-NOF/ncwomax/P30-5/GNOFmsta25/arina.209592
