W4-11_109_bn3pi
/software/eb2024/easybuild/software/common/software/Julia/1.11.3-linux-x86_64/bin/julia
Job runing on na11
Choosing scratch ...
Automatic scratch folder selection
/scratch/pobleyef/202866
/scratch/pobleyef/202866 directory
cp W4-11_109_bn3pi.jl W4-11_109_bn3pi.jld2 to  /scratch/pobleyef/202866/.
Computing Integrals
Elapsed time:    3.74 Seconds

Number of basis functions                   (NBF)    = 114
Number of auxiliary basis functions         (NBFAUX) = 152
Inactive Doubly occupied orbitals up to     (NO1)    = 0
No. considered Strongly Doubly occupied MOs (NDOC)   = 5
No. considered Strongly Singly occupied MOs (NSOC)   = 2
NO. of Weakly occ. per St. Doubly occ.  MOs (NCWO)   = 21
Dimension of the Nat. Orb. subspace         (NBF5)   = 112
No. of electrons                                     = 12
    No. of alpha electrons                           = 7
    No. of beta electrons                            = 5
Multiplicity                                         = 3

Geometry
========
 B       0.0000000       0.0000000      -0.7759500
 N       0.0000000       0.0000000       0.5542500

No violations of the orthonormality
No violations of the orthonormality
 
PNOF9/ADABelief Calculation
==================
 
  Nitext  Nit_orb  Time   Nit_occ  Time         Eelec          Etot           Ediff      maxdiff    MaxGrad_orb  Grad_occ
     1      10    2.6e+01    6    2.0e+01   -93.22335866   -79.29976492 -10092.22335866   0.003087   1.2e-02   1.6e-04 0.04
     2      20    2.2e+01    0    1.5e-02   -93.22529859   -79.30170485    -0.00193993   0.003121   1.2e-02   1.6e-04 0.04
     3      40    4.4e+01    3    8.5e-02   -93.22541477   -79.30182103    -0.00011618   0.001671   6.7e-03   1.5e-04 0.04
     4      40    4.3e+01    1    3.4e-02   -93.22544142   -79.30184768    -0.00002665   0.001596   6.4e-03   1.6e-04 0.04
     5      40    4.1e+01    0    2.2e-02   -93.22544343   -79.30184969    -0.00000201   0.001596   6.4e-03   1.6e-04 0.04
     6      24    2.4e+01    0    3.9e-02   -93.22546928   -79.30187554    -0.00002585   0.000492   2.0e-03   1.8e-04 0.04
 
RESULTS OF THE OCCUPATION OPTIMIZATION
========================================
   1    1.9999697  -15.61876209
   2    1.9998464  -7.69743359
   3    1.9803724  -1.05951981
   4    1.9598440  -0.62100825
   5    1.9495791  -0.46475517
   6    1.0000000  -0.27388073
   7    1.0000000  -0.26000325
   8    0.0387882  -0.03470664
   9    0.0160784  -0.01683582
  10    0.0082592  -0.01707799
  11    0.0001217  -0.00187278
  12    0.0000259  -0.00084692
  13    0.0045170  -0.00594320
  14    0.0143455  -0.01994837
  15    0.0023143  -0.00457443
  16    0.0000071  -0.00019659
  17    0.0000014  -0.00001607
  18    0.0030741  -0.00400725
  19    0.0044934  -0.00709212
  20    0.0021973  -0.00741382
  21    0.0000046  -0.00003804
  22    0.0000009  -0.00001393
  23    0.0028157  -0.00372363
  24    0.0025884  -0.00404047
  25    0.0017282  -0.00341350
  26    0.0000037  -0.00003176
  27    0.0000006  -0.00004280
  28    0.0003915  -0.00062831
  29    0.0011163  -0.00215779
  30    0.0011121  -0.00355327
  31    0.0000037  -0.00005483
  32    0.0000002  -0.00000201
  33    0.0002420  -0.00042762
  34    0.0003702  -0.00083640
  35    0.0009976  -0.00253993
  36    0.0000028  -0.00002629
  37    0.0000002  -0.00000157
  38    0.0001476  -0.00032069
  39    0.0002658  -0.00056984
  40    0.0007593  -0.00165681
  41    0.0000015  -0.00001485
  42    0.0000002  -0.00000151
  43    0.0001172  -0.00021811
  44    0.0002159  -0.00050362
  45    0.0005598  -0.00376106
  46    0.0000014  -0.00004654
  47    0.0000001  -0.00000145
  48    0.0000976  -0.00017579
  49    0.0001916  -0.00046323
  50    0.0004237  -0.00110459
  51    0.0000008  -0.00000895
  52    0.0000001  -0.00000100
  53    0.0000625  -0.00011291
  54    0.0001498  -0.00033516
  55    0.0003539  -0.00083957
  56    0.0000007  -0.00000882
  57    0.0000001  -0.00000090
  58    0.0000437  -0.00007331
  59    0.0001265  -0.00033372
  60    0.0001849  -0.00061983
  61    0.0000007  -0.00000643
  62    0.0000001  -0.00000072
  63    0.0000232  -0.00004073
  64    0.0000574  -0.00015435
  65    0.0001584  -0.00040179
  66    0.0000006  -0.00000625
  67    0.0000001  -0.00000065
  68    0.0000159  -0.00003787
  69    0.0000367  -0.00009064
  70    0.0001506  -0.00038573
  71    0.0000006  -0.00000607
  72    0.0000001  -0.00000061
  73    0.0000141  -0.00005253
  74    0.0000208  -0.00006199
  75    0.0001279  -0.00040323
  76    0.0000006  -0.00000600
  77    0.0000001  -0.00000054
  78    0.0000128  -0.00003673
  79    0.0000191  -0.00005824
  80    0.0000510  -0.00015918
  81    0.0000006  -0.00000597
  82    0.0000001  -0.00000044
  83    0.0000115  -0.00003285
  84    0.0000165  -0.00005561
  85    0.0000492  -0.00015481
  86    0.0000005  -0.00000480
  87    0.0000001  -0.00000037
  88    0.0000111  -0.00003094
  89    0.0000149  -0.00005577
  90    0.0000467  -0.00013070
  91    0.0000005  -0.00000425
  92    0.0000001  -0.00000042
  93    0.0000094  -0.00003470
  94    0.0000141  -0.00004783
  95    0.0000446  -0.00012766
  96    0.0000004  -0.00000413
  97    0.0000001  -0.00000009
  98    0.0000090  -0.00003063
  99    0.0000132  -0.00004684
 100    0.0000423  -0.00012061
 101    0.0000004  -0.00000325
 102    0.0000000  -0.00000020
 103    0.0000088  -0.00002921
 104    0.0000111  -0.00003941
 105    0.0000405  -0.00011389
 106    0.0000004  -0.00000306
 107    0.0000000  -0.00000008
 108    0.0000080  -0.00002712
 109    0.0000103  -0.00003757
 110    0.0000260  -0.00011343
 111    0.0000003  -0.00000383
 112    0.0000000  -0.00000007
 
----------------
 Final Energies 
----------------
Final NOF Total Energy =     -79.3018755
 
Total Orbital Internal Iterations = 174
Total Occupation Internal Iterations = 10
 
Elapsed time:  232.99 Seconds

---------------------------------
   Lowdin Population Analysis    
---------------------------------
 Idx  Atom   Population   Charge 
---------------------------------
  1     B     5.184      -0.184
  2     N     6.816       0.184

---------------------------------
   M Diagnostic: 0.04
---------------------------------

Recovering execution output...
Moving from /scratch/pobleyef/202866 to /home-nas/pobleyef/Poison-NOF/ncwomax/P30-5/GNOFmsta25/arina.202866
mkdir -p /home-nas/pobleyef/Poison-NOF/ncwomax/P30-5/GNOFmsta25/arina.202866
mv /scratch/pobleyef/202866/* /home-nas/pobleyef/Poison-NOF/ncwomax/P30-5/GNOFmsta25/arina.202866
