Computing Integrals
Basis Set                                            = def2-qzvp
Auxiliary Basis Set                                  = def2-universal-jkfit
Gaussian Type                                        = Spherical
Elapsed time:    2.35 Seconds

Number of basis functions                   (NBF)    = 56
Number of auxiliary basis functions         (NBFAUX) = 160
Inactive Doubly occupied orbitals up to     (NO1)    = 0
No. considered Strongly Doubly occupied MOs (NDOC)   = 10
No. considered Strongly Singly occupied MOs (NSOC)   = 0
NO. of Weakly occ. per St. Doubly occ.  MOs (NCWO)   = 4
Dimension of the Nat. Orb. subspace         (NBF5)   = 50
No. of electrons                                     = 20
    No. of alpha electrons                           = 10
    No. of beta electrons                            = 10
Multiplicity                                         = 1

Geometry
========
Ca       0.0000000       0.0000000       0.0000000

No violations of the orthonormality
No violations of the orthonormality
 
PNOF8/ADABelief Calculation
==================
 
  Nitext  Nit_orb  Time   Nit_occ  Time         Eelec          Etot           Ediff      maxdiff    MaxGrad_orb  Grad_occ
     1      10    1.9e+01    4    2.3e+01  -677.16403473  -677.16403473 -10676.16403473   0.000569   2.3e-03   2.0e-04 0.15
 
RESULTS OF THE OCCUPATION OPTIMIZATION
========================================
   1    1.9999998  -149.36660984
   2    1.9999856  -16.85684737
   3    1.9999603  -13.63723726
   4    1.9999757  -13.63676337
   5    1.9999875  -13.63664178
   6    1.9855952  -2.26142611
   7    1.9783878  -1.36163835
   8    1.9756602  -1.36094707
   9    1.9699513  -1.35760706
  10    1.7745155  -0.20041208
  11    0.0752191  -0.01192280
  12    0.0142515  -0.03353160
  13    0.0198662  -0.04018659
  14    0.0141870  -0.03451532
  15    0.0128843  -0.03392547
  16    0.0000098  -0.00054455
  17    0.0000093  -0.00010285
  18    0.0000360  -0.00271812
  19    0.0000094  -0.00036886
  20    0.0000001  -0.00000247
  21    0.0751581  -0.01190942
  22    0.0137981  -0.03267763
  23    0.0018764  -0.00432827
  24    0.0059226  -0.03018325
  25    0.0007398  -0.00243044
  26    0.0000012  -0.00001819
  27    0.0000068  -0.00038570
  28    0.0000035  -0.00005009
  29    0.0000022  -0.00005686
  30    0.0000000  -0.00000052
  31    0.0746972  -0.01183768
  32    0.0013506  -0.00356338
  33    0.0017428  -0.00406063
  34    0.0007656  -0.00236760
  35    0.0006663  -0.01149698
  36    0.0000011  -0.00001803
  37    0.0000048  -0.00009156
  38    0.0000001  -0.00000155
  39    0.0000018  -0.00002993
  40    0.0000000  -0.00000037
  41    0.0004102  -0.00011624
  42    0.0006485  -0.00196188
  43    0.0008544  -0.00233420
  44    0.0007370  -0.00227891
  45    0.0001144  -0.00234493
  46    0.0000004  -0.00000929
  47    0.0000034  -0.00005605
  48    0.0000001  -0.00000117
  49    0.0000010  -0.00001675
  50    0.0000000  -0.00000035
 
----------------
 Final Energies 
----------------
Final NOF Total Energy =    -677.1640347
 
Total Orbital Internal Iterations = 10
Total Occupation Internal Iterations = 4
 
Elapsed time:   55.57 Seconds

---------------------------------
   Lowdin Population Analysis    
---------------------------------
 Idx  Atom   Population   Charge 
---------------------------------
  1    Ca    20.000      -0.000

---------------------------------
   M Diagnostic: 0.15
---------------------------------

