Computing Integrals
Basis Set                                            = def2-qzvp
Auxiliary Basis Set                                  = def2-universal-jkfit
Gaussian Type                                        = Spherical
Elapsed time:    2.54 Seconds

Number of basis functions                   (NBF)    = 87
Number of auxiliary basis functions         (NBFAUX) = 95
Inactive Doubly occupied orbitals up to     (NO1)    = 0
No. considered Strongly Doubly occupied MOs (NDOC)   = 4
No. considered Strongly Singly occupied MOs (NSOC)   = 1
NO. of Weakly occ. per St. Doubly occ.  MOs (NCWO)   = 20
Dimension of the Nat. Orb. subspace         (NBF5)   = 85
No. of electrons                                     = 9
    No. of alpha electrons                           = 5
    No. of beta electrons                            = 4
Multiplicity                                         = 2

Geometry
========
 O       0.0000000       0.0000000       0.4844483
 H       0.0000000       0.0000000      -0.4844483

No violations of the orthonormality
No violations of the orthonormality
 
PNOF8/ADABelief Calculation
==================
 
  Nitext  Nit_orb  Time   Nit_occ  Time         Eelec          Etot           Ediff      maxdiff    MaxGrad_orb  Grad_occ
     1      10    2.0e+01    3    2.5e+01   -80.04246003   -75.67315047 -10079.04246003   0.000500   2.0e-03   1.6e-04 0.03
 
RESULTS OF THE OCCUPATION OPTIMIZATION
========================================
   1    1.9999680  -20.64840764
   2    1.9830037  -1.28663232
   3    1.9696745  -0.75703078
   4    1.9763725  -0.57706909
   5    1.0000000  -0.34808160
   6    0.0114347  -0.01804398
   7    0.0235305  -0.03253565
   8    0.0077366  -0.01913987
   9    0.0000283  -0.00104626
  10    0.0047319  -0.00846466
  11    0.0028788  -0.00566018
  12    0.0037803  -0.00824166
  13    0.0000017  -0.00003584
  14    0.0040559  -0.00780354
  15    0.0028698  -0.00560722
  16    0.0026378  -0.00600455
  17    0.0000007  -0.00003195
  18    0.0013145  -0.00409369
  19    0.0003988  -0.00111964
  20    0.0007661  -0.00254890
  21    0.0000002  -0.00001536
  22    0.0005944  -0.00302447
  23    0.0002512  -0.00075130
  24    0.0005594  -0.00286850
  25    0.0000002  -0.00000335
  26    0.0004055  -0.00108211
  27    0.0001781  -0.00059041
  28    0.0004072  -0.00133313
  29    0.0000001  -0.00000197
  30    0.0002462  -0.00071382
  31    0.0000485  -0.00012877
  32    0.0002562  -0.00106116
  33    0.0000001  -0.00000186
  34    0.0002427  -0.00070855
  35    0.0000322  -0.00014046
  36    0.0002445  -0.00080697
  37    0.0000001  -0.00000168
  38    0.0002226  -0.00065900
  39    0.0000307  -0.00010548
  40    0.0001754  -0.00089333
  41    0.0000001  -0.00000171
  42    0.0001618  -0.00051345
  43    0.0000235  -0.00008978
  44    0.0001694  -0.00061364
  45    0.0000001  -0.00000122
  46    0.0000778  -0.00027568
  47    0.0000167  -0.00009353
  48    0.0000833  -0.00033308
  49    0.0000001  -0.00000100
  50    0.0000281  -0.00012056
  51    0.0000136  -0.00008228
  52    0.0000584  -0.00022727
  53    0.0000001  -0.00000082
  54    0.0000180  -0.00009533
  55    0.0000130  -0.00006771
  56    0.0000274  -0.00013177
  57    0.0000001  -0.00000080
  58    0.0000164  -0.00008522
  59    0.0000101  -0.00004554
  60    0.0000184  -0.00009895
  61    0.0000001  -0.00000076
  62    0.0000150  -0.00007380
  63    0.0000073  -0.00003565
  64    0.0000149  -0.00008215
  65    0.0000001  -0.00000060
  66    0.0000144  -0.00006592
  67    0.0000060  -0.00003124
  68    0.0000140  -0.00007314
  69    0.0000001  -0.00000062
  70    0.0000137  -0.00006723
  71    0.0000055  -0.00002936
  72    0.0000133  -0.00007281
  73    0.0000001  -0.00000057
  74    0.0000133  -0.00006290
  75    0.0000049  -0.00002465
  76    0.0000130  -0.00007052
  77    0.0000001  -0.00000051
  78    0.0000110  -0.00005938
  79    0.0000036  -0.00002003
  80    0.0000106  -0.00006401
  81    0.0000001  -0.00000043
  82    0.0000095  -0.00004794
  83    0.0000029  -0.00001335
  84    0.0000101  -0.00005140
  85    0.0000001  -0.00000029
 
----------------
 Final Energies 
----------------
Final NOF Total Energy =     -75.6731505
 
Total Orbital Internal Iterations = 10
Total Occupation Internal Iterations = 3
 
Elapsed time:   59.37 Seconds

---------------------------------
   Lowdin Population Analysis    
---------------------------------
 Idx  Atom   Population   Charge 
---------------------------------
  1     O     7.588       0.412
  2     H     1.412      -0.412

---------------------------------
   M Diagnostic: 0.03
---------------------------------

