Computing Integrals
Basis Set                                            = def2-qzvp
Auxiliary Basis Set                                  = def2-universal-jkfit
Gaussian Type                                        = Spherical
Elapsed time:    2.57 Seconds

Number of basis functions                   (NBF)    = 36
Number of auxiliary basis functions         (NBFAUX) = 51
Inactive Doubly occupied orbitals up to     (NO1)    = 0
No. considered Strongly Doubly occupied MOs (NDOC)   = 2
No. considered Strongly Singly occupied MOs (NSOC)   = 0
NO. of Weakly occ. per St. Doubly occ.  MOs (NCWO)   = 17
Dimension of the Nat. Orb. subspace         (NBF5)   = 36
No. of electrons                                     = 4
    No. of alpha electrons                           = 2
    No. of beta electrons                            = 2
Multiplicity                                         = 1

Geometry
========
Be       0.0000000       0.0000000       0.0000000

No violations of the orthonormality
No violations of the orthonormality
 
PNOF8/ADABelief Calculation
==================
 
  Nitext  Nit_orb  Time   Nit_occ  Time         Eelec          Etot           Ediff      maxdiff    MaxGrad_orb  Grad_occ
     1      10    2.1e+01    1    2.7e+01   -14.64627077   -14.64627077 -10013.64627077   0.000696   2.8e-03   9.4e-05 0.13
 
RESULTS OF THE OCCUPATION OPTIMIZATION
========================================
   1    1.9973381  -4.73483638
   2    1.8090761  -0.31842787
   3    0.0635335  -0.01565620
   4    0.0013480  -0.00983916
   5    0.0631028  -0.01557404
   6    0.0004191  -0.00343877
   7    0.0628681  -0.01552884
   8    0.0004172  -0.00343514
   9    0.0002680  -0.00018270
  10    0.0004170  -0.00343474
  11    0.0002311  -0.00010821
  12    0.0000152  -0.00022390
  13    0.0002085  -0.00006457
  14    0.0000079  -0.00006434
  15    0.0001852  -0.00006078
  16    0.0000056  -0.00005397
  17    0.0001411  -0.00005405
  18    0.0000046  -0.00004896
  19    0.0000955  -0.00004407
  20    0.0000044  -0.00002406
  21    0.0000468  -0.00002310
  22    0.0000034  -0.00001968
  23    0.0000461  -0.00002348
  24    0.0000033  -0.00001950
  25    0.0000450  -0.00002357
  26    0.0000032  -0.00001848
  27    0.0000418  -0.00002342
  28    0.0000032  -0.00001528
  29    0.0000396  -0.00002270
  30    0.0000032  -0.00000436
  31    0.0000371  -0.00002265
  32    0.0000031  -0.00000796
  33    0.0000249  -0.00002020
  34    0.0000027  -0.00000385
  35    0.0000088  -0.00000256
  36    0.0000005  -0.00000576
 
----------------
 Final Energies 
----------------
Final NOF Total Energy =     -14.6462708
 
Total Orbital Internal Iterations = 10
Total Occupation Internal Iterations = 1
 
Elapsed time:   63.12 Seconds

---------------------------------
   Lowdin Population Analysis    
---------------------------------
 Idx  Atom   Population   Charge 
---------------------------------
  1    Be     4.000       0.000

---------------------------------
   M Diagnostic: 0.13
---------------------------------

