Computing Integrals
Basis Set                                            = def2-qzvp
Auxiliary Basis Set                                  = def2-universal-jkfit
Gaussian Type                                        = Spherical
Elapsed time:    2.78 Seconds

Number of basis functions                   (NBF)    = 144
Number of auxiliary basis functions         (NBFAUX) = 204
Inactive Doubly occupied orbitals up to     (NO1)    = 0
No. considered Strongly Doubly occupied MOs (NDOC)   = 8
No. considered Strongly Singly occupied MOs (NSOC)   = 0
NO. of Weakly occ. per St. Doubly occ.  MOs (NCWO)   = 17
Dimension of the Nat. Orb. subspace         (NBF5)   = 144
No. of electrons                                     = 16
    No. of alpha electrons                           = 8
    No. of beta electrons                            = 8
Multiplicity                                         = 1

Geometry
========
Be       0.7279036      -0.7279036       0.7279036
Be      -0.7279036       0.7279036       0.7279036
Be      -0.7279036      -0.7279036      -0.7279036
Be       0.7279036       0.7279036      -0.7279036

No violations of the orthonormality
No violations of the orthonormality
 
PNOF8/ADABelief Calculation
==================
 
  Nitext  Nit_orb  Time   Nit_occ  Time         Eelec          Etot           Ediff      maxdiff    MaxGrad_orb  Grad_occ
     1      10    2.2e+01   15    2.6e+01   -83.30893134   -58.63418967 -10082.30893134   0.000933   3.7e-03   2.1e-04 0.29
 
RESULTS OF THE OCCUPATION OPTIMIZATION
========================================
   1    1.9978568  -4.70917303
   2    1.9978340  -4.70849386
   3    1.9978716  -4.70841669
   4    1.9977510  -4.70835257
   5    1.9680394  -0.56532187
   6    1.6613065  -0.26854877
   7    1.6606624  -0.26845495
   8    1.6603238  -0.26835258
   9    0.2379573  -0.04761512
  10    0.2385884  -0.04772078
  11    0.2379847  -0.04751096
  12    0.0072280  -0.00868929
  13    0.0011005  -0.00743214
  14    0.0009888  -0.00671882
  15    0.0010515  -0.00708651
  16    0.0010205  -0.00690433
  17    0.0888302  -0.01952790
  18    0.0876454  -0.01928818
  19    0.0875043  -0.01926565
  20    0.0071130  -0.00861543
  21    0.0004418  -0.00333123
  22    0.0004403  -0.00331410
  23    0.0004318  -0.00325513
  24    0.0004404  -0.00329132
  25    0.0069678  -0.00241038
  26    0.0069526  -0.00240017
  27    0.0065145  -0.00224901
  28    0.0070908  -0.00857017
  29    0.0004383  -0.00331054
  30    0.0004394  -0.00328743
  31    0.0004196  -0.00318180
  32    0.0004353  -0.00327663
  33    0.0044355  -0.00169960
  34    0.0043446  -0.00166369
  35    0.0042112  -0.00161982
  36    0.0018830  -0.00226278
  37    0.0001718  -0.00147970
  38    0.0001712  -0.00152199
  39    0.0001806  -0.00160082
  40    0.0001736  -0.00155463
  41    0.0004404  -0.00023370
  42    0.0004434  -0.00022606
  43    0.0008059  -0.00039097
  44    0.0017493  -0.00246609
  45    0.0000262  -0.00020573
  46    0.0000291  -0.00027502
  47    0.0000262  -0.00026438
  48    0.0000182  -0.00017175
  49    0.0002806  -0.00016387
  50    0.0004166  -0.00024315
  51    0.0006969  -0.00036134
  52    0.0016720  -0.00255113
  53    0.0000242  -0.00021811
  54    0.0000170  -0.00011943
  55    0.0000188  -0.00014611
  56    0.0000161  -0.00012089
  57    0.0001657  -0.00010203
  58    0.0002286  -0.00014860
  59    0.0003317  -0.00019902
  60    0.0016221  -0.00243557
  61    0.0000220  -0.00015632
  62    0.0000108  -0.00007493
  63    0.0000138  -0.00011099
  64    0.0000142  -0.00010722
  65    0.0001478  -0.00008738
  66    0.0002112  -0.00010922
  67    0.0002005  -0.00012843
  68    0.0012993  -0.00211305
  69    0.0000044  -0.00002134
  70    0.0000061  -0.00002853
  71    0.0000058  -0.00002666
  72    0.0000068  -0.00002963
  73    0.0001022  -0.00006977
  74    0.0001356  -0.00008247
  75    0.0001104  -0.00007169
  76    0.0006373  -0.00084447
  77    0.0000039  -0.00001954
  78    0.0000058  -0.00002576
  79    0.0000041  -0.00001899
  80    0.0000041  -0.00001965
  81    0.0000812  -0.00005100
  82    0.0000951  -0.00005223
  83    0.0000705  -0.00004348
  84    0.0003153  -0.00041398
  85    0.0000033  -0.00001463
  86    0.0000040  -0.00001927
  87    0.0000028  -0.00001131
  88    0.0000026  -0.00001047
  89    0.0000745  -0.00005591
  90    0.0000777  -0.00005451
  91    0.0000602  -0.00004630
  92    0.0002977  -0.00039735
  93    0.0000031  -0.00001437
  94    0.0000039  -0.00001782
  95    0.0000025  -0.00000828
  96    0.0000026  -0.00001021
  97    0.0000651  -0.00004603
  98    0.0000594  -0.00004529
  99    0.0000559  -0.00004419
 100    0.0002844  -0.00037070
 101    0.0000027  -0.00000846
 102    0.0000032  -0.00001325
 103    0.0000023  -0.00000804
 104    0.0000020  -0.00000553
 105    0.0000467  -0.00003311
 106    0.0000482  -0.00003937
 107    0.0000541  -0.00004368
 108    0.0002711  -0.00036920
 109    0.0000020  -0.00000537
 110    0.0000030  -0.00001402
 111    0.0000020  -0.00000525
 112    0.0000018  -0.00000543
 113    0.0000372  -0.00003505
 114    0.0000437  -0.00003531
 115    0.0000449  -0.00003624
 116    0.0001550  -0.00025624
 117    0.0000016  -0.00000275
 118    0.0000019  -0.00000462
 119    0.0000013  -0.00000071
 120    0.0000017  -0.00000266
 121    0.0000344  -0.00003348
 122    0.0000377  -0.00002978
 123    0.0000359  -0.00003141
 124    0.0001506  -0.00024349
 125    0.0000015  -0.00000139
 126    0.0000019  -0.00000412
 127    0.0000012  -0.00000041
 128    0.0000016  -0.00000138
 129    0.0000053  -0.00000264
 130    0.0000050  -0.00000231
 131    0.0000070  -0.00000736
 132    0.0001219  -0.00020916
 133    0.0000013  -0.00000058
 134    0.0000014  -0.00000062
 135    0.0000012  -0.00000024
 136    0.0000012  -0.00000023
 137    0.0000042  -0.00000130
 138    0.0000044  -0.00000116
 139    0.0000048  -0.00000159
 140    0.0000699  -0.00013044
 141    0.0000005  -0.00001067
 142    0.0000005  -0.00001068
 143    0.0000004  -0.00001047
 144    0.0000005  -0.00001032
 
----------------
 Final Energies 
----------------
Final NOF Total Energy =     -58.6341897
 
Total Orbital Internal Iterations = 10
Total Occupation Internal Iterations = 15
 
Elapsed time:   61.42 Seconds

---------------------------------
   Lowdin Population Analysis    
---------------------------------
 Idx  Atom   Population   Charge 
---------------------------------
  1    Be     4.000       0.000
  2    Be     3.999       0.001
  3    Be     4.000      -0.000
  4    Be     4.001      -0.001

---------------------------------
   M Diagnostic: 0.29
---------------------------------

