Computing Integrals
Basis Set                                            = def2-qzvp
Auxiliary Basis Set                                  = def2-universal-jkfit
Gaussian Type                                        = Spherical
Elapsed time:    5.38 Seconds

Number of basis functions                   (NBF)    = 171
Number of auxiliary basis functions         (NBFAUX) = 231
Inactive Doubly occupied orbitals up to     (NO1)    = 0
No. considered Strongly Doubly occupied MOs (NDOC)   = 11
No. considered Strongly Singly occupied MOs (NSOC)   = 0
NO. of Weakly occ. per St. Doubly occ.  MOs (NCWO)   = 14
Dimension of the Nat. Orb. subspace         (NBF5)   = 165
No. of electrons                                     = 22
    No. of alpha electrons                           = 11
    No. of beta electrons                            = 11
Multiplicity                                         = 1

Geometry
========
 N       0.0000000       0.0000000      -0.0211861
 N       0.0000000       0.0000000      -1.1424486
 O       0.0000000       0.0000000       1.1636347

No violations of the orthonormality
No violations of the orthonormality
 
PNOF8/ADABelief Calculation
==================
 
  Nitext  Nit_orb  Time   Nit_occ  Time         Eelec          Etot           Ediff      maxdiff    MaxGrad_orb  Grad_occ
     1      10    4.7e+01    5    2.4e+01  -245.46077072  -184.47382222 -10244.46077072   0.000879   3.5e-03   2.3e-04 0.04
 
RESULTS OF THE OCCUPATION OPTIMIZATION
========================================
   1    1.9999785  -19.27494562
   2    1.9999613  -16.79898319
   3    1.9999568  -16.13547601
   4    1.9872157  -1.52984728
   5    1.9831033  -1.41354555
   6    1.9724338  -0.89589931
   7    1.9816930  -0.83304914
   8    1.9829675  -0.75431396
   9    1.9813519  -0.74267522
  10    1.9630073  -0.57373154
  11    1.9634586  -0.56153513
  12    0.0339970  -0.05372021
  13    0.0309051  -0.05100949
  14    0.0065569  -0.01286786
  15    0.0063467  -0.01277841
  16    0.0068056  -0.01591480
  17    0.0250366  -0.04868741
  18    0.0126040  -0.02860872
  19    0.0061737  -0.01855418
  20    0.0000211  -0.00058586
  21    0.0000137  -0.00042919
  22    0.0000115  -0.00039767
  23    0.0021755  -0.00513211
  24    0.0021177  -0.00498256
  25    0.0046741  -0.01031559
  26    0.0043818  -0.00967265
  27    0.0036732  -0.00805831
  28    0.0019203  -0.00556985
  29    0.0025570  -0.00684311
  30    0.0030389  -0.00783350
  31    0.0000048  -0.00006921
  32    0.0000062  -0.00009397
  33    0.0000029  -0.00004348
  34    0.0001246  -0.00038427
  35    0.0020633  -0.00470453
  36    0.0045927  -0.00926173
  37    0.0020736  -0.00748676
  38    0.0030501  -0.00688288
  39    0.0001827  -0.00062188
  40    0.0004480  -0.00283399
  41    0.0009068  -0.00327895
  42    0.0000045  -0.00007300
  43    0.0000058  -0.00007609
  44    0.0000027  -0.00004166
  45    0.0001227  -0.00038270
  46    0.0017954  -0.00444626
  47    0.0006564  -0.00233402
  48    0.0013624  -0.00487015
  49    0.0013857  -0.00482503
  50    0.0001633  -0.00059842
  51    0.0003910  -0.00137319
  52    0.0008747  -0.00320638
  53    0.0000036  -0.00004832
  54    0.0000043  -0.00006390
  55    0.0000015  -0.00005323
  56    0.0000221  -0.00010245
  57    0.0000143  -0.00007364
  58    0.0005452  -0.00243306
  59    0.0007067  -0.00211282
  60    0.0011108  -0.00309642
  61    0.0000774  -0.00034809
  62    0.0001691  -0.00065429
  63    0.0004522  -0.00309821
  64    0.0000035  -0.00004369
  65    0.0000037  -0.00005327
  66    0.0000010  -0.00002531
  67    0.0000130  -0.00007249
  68    0.0000134  -0.00007194
  69    0.0004155  -0.00130980
  70    0.0005825  -0.00330274
  71    0.0010738  -0.00268726
  72    0.0000656  -0.00028636
  73    0.0001666  -0.00062492
  74    0.0003792  -0.00319392
  75    0.0000012  -0.00004159
  76    0.0000012  -0.00002815
  77    0.0000004  -0.00002747
  78    0.0000128  -0.00007334
  79    0.0000130  -0.00007175
  80    0.0003055  -0.00107379
  81    0.0004976  -0.00164893
  82    0.0002103  -0.00075777
  83    0.0000317  -0.00014404
  84    0.0001273  -0.00095608
  85    0.0003372  -0.00125288
  86    0.0000012  -0.00002691
  87    0.0000010  -0.00002529
  88    0.0000004  -0.00001692
  89    0.0000121  -0.00006872
  90    0.0000121  -0.00006840
  91    0.0002777  -0.00086029
  92    0.0004026  -0.00119753
  93    0.0002066  -0.00063797
  94    0.0000152  -0.00010668
  95    0.0001035  -0.00039574
  96    0.0002215  -0.00088224
  97    0.0000009  -0.00002010
  98    0.0000008  -0.00001913
  99    0.0000003  -0.00000914
 100    0.0000117  -0.00006586
 101    0.0000114  -0.00006756
 102    0.0002170  -0.00074126
 103    0.0003123  -0.00124081
 104    0.0002031  -0.00063790
 105    0.0000145  -0.00010528
 106    0.0001033  -0.00039542
 107    0.0001287  -0.00063779
 108    0.0000006  -0.00001604
 109    0.0000005  -0.00001341
 110    0.0000002  -0.00000394
 111    0.0000115  -0.00006321
 112    0.0000106  -0.00006191
 113    0.0002053  -0.00068556
 114    0.0002205  -0.00072059
 115    0.0001899  -0.00062582
 116    0.0000129  -0.00009016
 117    0.0000853  -0.00064762
 118    0.0001038  -0.00058776
 119    0.0000006  -0.00001595
 120    0.0000005  -0.00002685
 121    0.0000002  -0.00000356
 122    0.0000108  -0.00005603
 123    0.0000101  -0.00005942
 124    0.0000703  -0.00034544
 125    0.0000659  -0.00058614
 126    0.0001223  -0.00048753
 127    0.0000121  -0.00008758
 128    0.0000503  -0.00024743
 129    0.0000887  -0.00085246
 130    0.0000004  -0.00002800
 131    0.0000003  -0.00002690
 132    0.0000001  -0.00000340
 133    0.0000105  -0.00005870
 134    0.0000097  -0.00005506
 135    0.0000580  -0.00029979
 136    0.0000374  -0.00019896
 137    0.0001021  -0.00039005
 138    0.0000118  -0.00008292
 139    0.0000390  -0.00020757
 140    0.0000305  -0.00015954
 141    0.0000003  -0.00001481
 142    0.0000003  -0.00000664
 143    0.0000001  -0.00000189
 144    0.0000092  -0.00005659
 145    0.0000090  -0.00005047
 146    0.0000427  -0.00024222
 147    0.0000235  -0.00014101
 148    0.0000898  -0.00036291
 149    0.0000118  -0.00008243
 150    0.0000263  -0.00013387
 151    0.0000252  -0.00015284
 152    0.0000003  -0.00000567
 153    0.0000002  -0.00000456
 154    0.0000001  -0.00000120
 155    0.0000078  -0.00004437
 156    0.0000077  -0.00004269
 157    0.0000308  -0.00014920
 158    0.0000191  -0.00010230
 159    0.0000837  -0.00037247
 160    0.0000103  -0.00007246
 161    0.0000261  -0.00013349
 162    0.0000232  -0.00013934
 163    0.0000001  -0.00000186
 164    0.0000001  -0.00000118
 165    0.0000001  -0.00000107
 
----------------
 Final Energies 
----------------
Final NOF Total Energy =    -184.4738222
 
Total Orbital Internal Iterations = 10
Total Occupation Internal Iterations = 5
 
Elapsed time:   87.76 Seconds

---------------------------------
   Lowdin Population Analysis    
---------------------------------
 Idx  Atom   Population   Charge 
---------------------------------
  1     N     7.139      -0.139
  2     N     6.950       0.050
  3     O     7.911       0.089

---------------------------------
   M Diagnostic: 0.04
---------------------------------

