Computing Integrals
Basis Set                                            = def2-qzvp
Auxiliary Basis Set                                  = def2-universal-jkfit
Gaussian Type                                        = Spherical
Elapsed time:    5.95 Seconds

Number of basis functions                   (NBF)    = 201
Number of auxiliary basis functions         (NBFAUX) = 249
Inactive Doubly occupied orbitals up to     (NO1)    = 0
No. considered Strongly Doubly occupied MOs (NDOC)   = 12
No. considered Strongly Singly occupied MOs (NSOC)   = 1
NO. of Weakly occ. per St. Doubly occ.  MOs (NCWO)   = 15
Dimension of the Nat. Orb. subspace         (NBF5)   = 193
No. of electrons                                     = 25
    No. of alpha electrons                           = 13
    No. of beta electrons                            = 12
Multiplicity                                         = 2

Geometry
========
 O       1.1439430       0.0753540       0.0000000
 O       0.0000000       0.5769450       0.0000000
 O      -1.0821140      -0.4938720       0.0000000
 H      -0.4946340      -1.2674190       0.0000000

No violations of the orthonormality
No violations of the orthonormality
 
PNOF8/ADABelief Calculation
==================
 
  Nitext  Nit_orb  Time   Nit_occ  Time         Eelec          Etot           Ediff      maxdiff    MaxGrad_orb  Grad_occ
     1      10    5.9e+01   37    2.5e+01  -298.44526592  -225.77175784 -10297.44526592   0.002724   1.1e-02   2.3e-04 0.21
     2      20    7.8e+01    0    1.2e-01  -298.44597639  -225.77246832    -0.00071047   0.002724   1.1e-02   2.3e-04 0.21
     3      40    1.6e+02   21    1.2e+00  -298.44632499  -225.77281691    -0.00034860   0.019924   8.0e-02   1.5e-04 0.04
     4      40    1.6e+02    8    4.6e-01  -298.51445195  -225.84094387    -0.06812696   0.006408   2.6e-02   2.1e-04 0.04
     5      40    1.6e+02   13    7.3e-01  -298.51475707  -225.84124900    -0.00030513   0.004702   1.9e-02   1.9e-04 0.04
     6      40    1.6e+02    7    4.5e-01  -298.51513317  -225.84162510    -0.00037610   0.003798   1.5e-02   1.8e-04 0.04
     7      40    1.6e+02    7    4.3e-01  -298.51533769  -225.84182961    -0.00020452   0.003339   1.3e-02   2.1e-04 0.04
     8      40    1.6e+02   19    1.0e+00  -298.51552294  -225.84201486    -0.00018525   0.004825   1.9e-02   2.0e-04 0.04
     9      40    1.6e+02    5    3.2e-01  -298.51576948  -225.84226141    -0.00024654   0.004174   1.7e-02   2.1e-04 0.04
    10      40    1.6e+02    6    3.5e-01  -298.51592676  -225.84241868    -0.00015728   0.004571   1.8e-02   1.9e-04 0.04
    11      40    1.6e+02   10    5.9e-01  -298.51606773  -225.84255965    -0.00014097   0.003755   1.5e-02   1.6e-04 0.04
    12      40    1.5e+02    3    2.1e-01  -298.51622981  -225.84272173    -0.00016208   0.003978   1.6e-02   2.0e-04 0.04
    13      40    1.6e+02    4    2.5e-01  -298.51629640  -225.84278832    -0.00006659   0.006376   2.6e-02   2.2e-04 0.04
    14      40    1.5e+02    7    4.5e-01  -298.51646392  -225.84295585    -0.00016752   0.005144   2.1e-02   2.6e-04 0.04
    15      40    1.5e+02    7    4.4e-01  -298.51658244  -225.84307436    -0.00011852   0.004197   1.7e-02   2.7e-04 0.04
    16      40    1.6e+02    3    2.7e-01  -298.51677115  -225.84326307    -0.00018871   0.005156   2.1e-02   3.0e-04 0.04
    17      40    1.6e+02   10    5.2e-01  -298.51692352  -225.84341545    -0.00015238   0.004462   1.8e-02   2.5e-04 0.04
    18      40    1.6e+02   11    6.1e-01  -298.51718696  -225.84367889    -0.00026344   0.004091   1.6e-02   2.6e-04 0.04
    19      40    1.6e+02    7    4.3e-01  -298.51750141  -225.84399333    -0.00031445   0.004995   2.0e-02   2.2e-04 0.04
    20      40    1.6e+02    7    3.9e-01  -298.51771944  -225.84421137    -0.00021803   0.004437   1.8e-02   2.4e-04 0.04
    21      40    1.5e+02   14    7.3e-01  -298.51798098  -225.84447290    -0.00026154   0.005045   2.0e-02   2.4e-04 0.04
    22      40    1.6e+02    6    4.3e-01  -298.51822981  -225.84472173    -0.00024883   0.005193   2.1e-02   2.3e-04 0.04
    23      40    1.6e+02    6    4.2e-01  -298.51837190  -225.84486383    -0.00014209   0.003772   1.5e-02   2.2e-04 0.04
    24      40    1.6e+02    6    3.6e-01  -298.51859421  -225.84508614    -0.00022231   0.003606   1.4e-02   2.7e-04 0.04
    25      40    1.6e+02    6    4.0e-01  -298.51873646  -225.84522838    -0.00014224   0.003963   1.6e-02   1.8e-04 0.04
    26      40    1.6e+02    9    5.5e-01  -298.51883534  -225.84532727    -0.00009889   0.004118   1.6e-02   2.3e-04 0.04
    27      40    1.6e+02    4    2.9e-01  -298.51894590  -225.84543782    -0.00011055   0.003663   1.5e-02   1.8e-04 0.04
    28      40    1.6e+02    4    3.0e-01  -298.51899537  -225.84548730    -0.00004948   0.003819   1.5e-02   2.4e-04 0.04
    29      40    1.6e+02    4    3.0e-01  -298.51903476  -225.84552669    -0.00003939   0.003780   1.5e-02   2.6e-04 0.04
    30      40    1.6e+02    0    1.2e-01  -298.51906465  -225.84555657    -0.00002988   0.003554   1.4e-02   2.9e-04 0.04
    31      50    2.0e+02    4    3.0e-01  -298.51916160  -225.84565353    -0.00009695   0.002637   1.1e-02   2.4e-04 0.04
    32      50    2.0e+02    0    1.2e-01  -298.51916916  -225.84566108    -0.00000756   0.002637   1.1e-02   2.4e-04 0.04
    33      46    1.8e+02    0    1.2e-01  -298.51931072  -225.84580264    -0.00014156   0.000486   1.9e-03   2.0e-04 0.04
 
RESULTS OF THE OCCUPATION OPTIMIZATION
========================================
   1    1.9999749  -20.74390991
   2    1.9999773  -20.71975586
   3    1.9999715  -20.71733639
   4    1.9875558  -1.46163891
   5    1.9871705  -1.39579962
   6    1.9834304  -1.24054700
   7    1.9669382  -0.82232576
   8    1.9725065  -0.77346881
   9    1.9769978  -0.73927445
  10    1.9774809  -0.69416740
  11    1.9596455  -0.66475144
  12    1.9760101  -0.60457568
  13    1.0000000  -0.30989435
  14    0.0105694  -0.01808012
  15    0.0403086  -0.06988877
  16    0.0086906  -0.01586621
  17    0.0083360  -0.01459168
  18    0.0203945  -0.03141958
  19    0.0325222  -0.05818994
  20    0.0075860  -0.01919341
  21    0.0065832  -0.01884543
  22    0.0057046  -0.01705182
  23    0.0000084  -0.00032599
  24    0.0000088  -0.00032918
  25    0.0000078  -0.00028833
  26    0.0043541  -0.00863507
  27    0.0000140  -0.00007481
  28    0.0047034  -0.00919118
  29    0.0048587  -0.00904322
  30    0.0034348  -0.00735562
  31    0.0002357  -0.00079335
  32    0.0034680  -0.00786216
  33    0.0026486  -0.00745122
  34    0.0021854  -0.00714207
  35    0.0000036  -0.00005937
  36    0.0000032  -0.00005300
  37    0.0000036  -0.00006377
  38    0.0039185  -0.00808815
  39    0.0000128  -0.00007187
  40    0.0040607  -0.00816634
  41    0.0044734  -0.00834998
  42    0.0030037  -0.00648498
  43    0.0000951  -0.00043910
  44    0.0019306  -0.00519836
  45    0.0010710  -0.00434930
  46    0.0017004  -0.00490696
  47    0.0000031  -0.00005238
  48    0.0000027  -0.00004824
  49    0.0000035  -0.00005880
  50    0.0032979  -0.00682770
  51    0.0000062  -0.00005369
  52    0.0034823  -0.00705216
  53    0.0025045  -0.00588721
  54    0.0003414  -0.00102230
  55    0.0000782  -0.00038158
  56    0.0010828  -0.00331202
  57    0.0006718  -0.00239889
  58    0.0007654  -0.00382141
  59    0.0000030  -0.00005270
  60    0.0000026  -0.00004737
  61    0.0000034  -0.00005607
  62    0.0005125  -0.00140909
  63    0.0000057  -0.00005267
  64    0.0004208  -0.00135407
  65    0.0011999  -0.00331646
  66    0.0000692  -0.00032882
  67    0.0000197  -0.00011765
  68    0.0006413  -0.00221779
  69    0.0005302  -0.00479541
  70    0.0005717  -0.00474248
  71    0.0000023  -0.00004403
  72    0.0000021  -0.00003927
  73    0.0000019  -0.00003898
  74    0.0004028  -0.00118753
  75    0.0000015  -0.00002126
  76    0.0003598  -0.00112496
  77    0.0004447  -0.00160496
  78    0.0000668  -0.00028529
  79    0.0000171  -0.00010913
  80    0.0004783  -0.00307948
  81    0.0003849  -0.00160213
  82    0.0005397  -0.00204424
  83    0.0000020  -0.00003878
  84    0.0000009  -0.00002104
  85    0.0000012  -0.00002775
  86    0.0002394  -0.00074197
  87    0.0000011  -0.00001528
  88    0.0002017  -0.00072815
  89    0.0003162  -0.00094379
  90    0.0000569  -0.00025330
  91    0.0000118  -0.00007825
  92    0.0003336  -0.00110352
  93    0.0002541  -0.00093148
  94    0.0002391  -0.00086829
  95    0.0000017  -0.00003383
  96    0.0000008  -0.00001911
  97    0.0000010  -0.00002492
  98    0.0002208  -0.00066550
  99    0.0000009  -0.00000914
 100    0.0001758  -0.00067370
 101    0.0002388  -0.00073696
 102    0.0000274  -0.00013130
 103    0.0000115  -0.00007585
 104    0.0002982  -0.00118579
 105    0.0002442  -0.00089830
 106    0.0002185  -0.00093225
 107    0.0000014  -0.00003029
 108    0.0000005  -0.00001140
 109    0.0000007  -0.00001643
 110    0.0001784  -0.00062088
 111    0.0000008  -0.00000728
 112    0.0001494  -0.00052743
 113    0.0002009  -0.00065212
 114    0.0000173  -0.00009647
 115    0.0000110  -0.00007378
 116    0.0002247  -0.00080779
 117    0.0002119  -0.00086726
 118    0.0001619  -0.00081110
 119    0.0000011  -0.00002505
 120    0.0000003  -0.00002816
 121    0.0000005  -0.00001245
 122    0.0001726  -0.00060809
 123    0.0000007  -0.00000622
 124    0.0001333  -0.00049511
 125    0.0001816  -0.00061923
 126    0.0000151  -0.00009089
 127    0.0000110  -0.00007163
 128    0.0002080  -0.00075746
 129    0.0000785  -0.00059522
 130    0.0001370  -0.00082597
 131    0.0000005  -0.00001148
 132    0.0000002  -0.00000332
 133    0.0000004  -0.00003216
 134    0.0000386  -0.00019452
 135    0.0000005  -0.00000467
 136    0.0000537  -0.00027912
 137    0.0001274  -0.00050998
 138    0.0000143  -0.00008862
 139    0.0000104  -0.00007048
 140    0.0001379  -0.00066614
 141    0.0000556  -0.00076223
 142    0.0000887  -0.00095643
 143    0.0000004  -0.00001662
 144    0.0000002  -0.00000330
 145    0.0000003  -0.00001220
 146    0.0000339  -0.00016957
 147    0.0000005  -0.00000351
 148    0.0000335  -0.00018741
 149    0.0000571  -0.00026446
 150    0.0000142  -0.00008369
 151    0.0000102  -0.00007100
 152    0.0001129  -0.00063118
 153    0.0000321  -0.00018676
 154    0.0000644  -0.00078411
 155    0.0000003  -0.00002334
 156    0.0000002  -0.00000133
 157    0.0000003  -0.00000316
 158    0.0000183  -0.00010575
 159    0.0000004  -0.00000296
 160    0.0000197  -0.00011370
 161    0.0000284  -0.00013321
 162    0.0000131  -0.00008235
 163    0.0000095  -0.00006593
 164    0.0000260  -0.00015796
 165    0.0000248  -0.00014391
 166    0.0000261  -0.00015508
 167    0.0000002  -0.00000363
 168    0.0000001  -0.00000101
 169    0.0000002  -0.00000488
 170    0.0000167  -0.00010594
 171    0.0000004  -0.00000236
 172    0.0000192  -0.00011609
 173    0.0000174  -0.00010542
 174    0.0000129  -0.00008000
 175    0.0000094  -0.00006425
 176    0.0000227  -0.00013523
 177    0.0000203  -0.00012868
 178    0.0000211  -0.00013253
 179    0.0000002  -0.00000355
 180    0.0000001  -0.00000121
 181    0.0000002  -0.00000171
 182    0.0000158  -0.00009934
 183    0.0000004  -0.00000259
 184    0.0000153  -0.00009687
 185    0.0000171  -0.00010243
 186    0.0000121  -0.00007888
 187    0.0000092  -0.00006314
 188    0.0000185  -0.00011825
 189    0.0000183  -0.00012333
 190    0.0000199  -0.00013212
 191    0.0000001  -0.00000114
 192    0.0000001  -0.00000071
 193    0.0000001  -0.00000106
 
----------------
 Final Energies 
----------------
Final NOF Total Energy =    -225.8458026
 
Total Orbital Internal Iterations = 1296
Total Occupation Internal Iterations = 255
 
Elapsed time: 5214.76 Seconds

---------------------------------
   Lowdin Population Analysis    
---------------------------------
 Idx  Atom   Population   Charge 
---------------------------------
  1     O     8.000       0.000
  2     O     7.965       0.035
  3     O     7.638       0.362
  4     H     1.397      -0.397

---------------------------------
   M Diagnostic: 0.04
---------------------------------

