Computing Integrals
Basis Set                                            = def2-qzvp
Auxiliary Basis Set                                  = def2-universal-jkfit
Gaussian Type                                        = Spherical
Elapsed time:    2.56 Seconds

Number of basis functions                   (NBF)    = 70
Number of auxiliary basis functions         (NBFAUX) = 128
Inactive Doubly occupied orbitals up to     (NO1)    = 0
No. considered Strongly Doubly occupied MOs (NDOC)   = 7
No. considered Strongly Singly occupied MOs (NSOC)   = 2
NO. of Weakly occ. per St. Doubly occ.  MOs (NCWO)   = 8
Dimension of the Nat. Orb. subspace         (NBF5)   = 65
No. of electrons                                     = 16
    No. of alpha electrons                           = 9
    No. of beta electrons                            = 7
Multiplicity                                         = 3

Geometry
========
 S       0.0000000       0.0000000       0.0000000

No violations of the orthonormality
No violations of the orthonormality
 
PNOF8/ADABelief Calculation
==================
 
  Nitext  Nit_orb  Time   Nit_occ  Time         Eelec          Etot           Ediff      maxdiff    MaxGrad_orb  Grad_occ
     1      10    2.1e+01    5    2.6e+01  -397.91671081  -397.91671081 -10396.91671081   0.000990   4.0e-03   2.5e-04 0.02
 
RESULTS OF THE OCCUPATION OPTIMIZATION
========================================
   1    1.9999984  -92.06663651
   2    1.9994091  -9.02574741
   3    1.9981552  -6.70765958
   4    1.9977373  -6.70739394
   5    1.9985670  -6.70723070
   6    1.9772251  -0.90059429
   7    1.9678422  -0.41828618
   8    1.0000000  -0.25118167
   9    1.0000000  -0.25111290
  10    0.0078978  -0.01328383
  11    0.0064267  -0.02484097
  12    0.0006630  -0.00810563
  13    0.0018779  -0.02056001
  14    0.0009598  -0.00945122
  15    0.0004506  -0.00863192
  16    0.0000011  -0.00001989
  17    0.0077850  -0.01784667
  18    0.0045210  -0.01669818
  19    0.0006036  -0.01170882
  20    0.0002545  -0.00399053
  21    0.0006641  -0.00926446
  22    0.0000502  -0.00057692
  23    0.0000002  -0.00000837
  24    0.0070033  -0.01152571
  25    0.0040834  -0.01108143
  26    0.0000697  -0.00070449
  27    0.0000585  -0.00088382
  28    0.0000805  -0.00272979
  29    0.0000447  -0.00036319
  30    0.0000001  -0.00000574
  31    0.0068937  -0.01142105
  32    0.0037619  -0.01144375
  33    0.0000561  -0.00046953
  34    0.0000333  -0.00029626
  35    0.0000550  -0.00044253
  36    0.0000288  -0.00021540
  37    0.0000001  -0.00000352
  38    0.0012972  -0.00413326
  39    0.0016746  -0.00785942
  40    0.0000129  -0.00011097
  41    0.0000133  -0.00086340
  42    0.0000399  -0.00035859
  43    0.0000048  -0.00004555
  44    0.0000001  -0.00000345
  45    0.0004561  -0.00093314
  46    0.0016584  -0.00778957
  47    0.0000111  -0.00008659
  48    0.0000108  -0.00008221
  49    0.0000265  -0.00020562
  50    0.0000048  -0.00004486
  51    0.0000000  -0.00000230
  52    0.0004461  -0.00090930
  53    0.0003482  -0.00094381
  54    0.0000098  -0.00007766
  55    0.0000089  -0.00006860
  56    0.0000106  -0.00008626
  57    0.0000037  -0.00003618
  58    0.0000000  -0.00000230
  59    0.0003785  -0.00077348
  60    0.0003007  -0.00080760
  61    0.0000067  -0.00005221
  62    0.0000055  -0.00004782
  63    0.0000084  -0.00006668
  64    0.0000032  -0.00057092
  65    0.0000000  -0.00000156
 
----------------
 Final Energies 
----------------
Final NOF Total Energy =    -397.9167108
 
Total Orbital Internal Iterations = 10
Total Occupation Internal Iterations = 5
 
Elapsed time:   61.28 Seconds

---------------------------------
   Lowdin Population Analysis    
---------------------------------
 Idx  Atom   Population   Charge 
---------------------------------
  1     S    16.000      -0.000

---------------------------------
   M Diagnostic: 0.02
---------------------------------

