al
/software/eb2024/easybuild/software/common/software/Julia/1.11.3-linux-x86_64/bin/julia
Job runing on nh044
Choosing scratch ...
Automatic scratch folder selection
/scratch/pobleyef/168457
/scratch/pobleyef/168457 directory
cp al.jl al.jld2 to  /scratch/pobleyef/168457/.
Computing Integrals
Elapsed time:    6.06 Seconds

Number of basis functions                   (NBF)    = 70
Number of auxiliary basis functions         (NBFAUX) = 128
Inactive Doubly occupied orbitals up to     (NO1)    = 0
No. considered Strongly Doubly occupied MOs (NDOC)   = 6
No. considered Strongly Singly occupied MOs (NSOC)   = 1
NO. of Weakly occ. per St. Doubly occ.  MOs (NCWO)   = 10
Dimension of the Nat. Orb. subspace         (NBF5)   = 67
No. of electrons                                     = 13
    No. of alpha electrons                           = 7
    No. of beta electrons                            = 6
Multiplicity                                         = 2

Geometry
========
Al       0.0000000       0.0000000       0.0000000

No violations of the orthonormality
No violations of the orthonormality
 
PNOF9/ADABelief Calculation
==================
 
  Nitext  Nit_orb  Time   Nit_occ  Time         Eelec          Etot           Ediff      maxdiff    MaxGrad_orb  Grad_occ
     1      10    2.8e+01   50    3.4e+01  -241.84428783  -241.84428783 -10240.84428783   0.004796   1.9e-02   2.4e-04 0.02
     2      20    1.5e-01   42    1.6e-01  -242.11734802  -242.11734802    -0.27306019   0.081296   3.3e-01   1.7e-04 0.02
     3      20    2.3e-01   25    8.6e-02  -242.13227570  -242.13227570    -0.01492767   0.057275   2.3e-01   1.6e-04 0.02
     4      20    1.8e-01   24    9.5e-02  -242.13843863  -242.13843863    -0.00616293   0.009798   3.9e-02   1.6e-04 0.02
     5      20    1.3e-01    8    3.1e-02  -242.14004761  -242.14004761    -0.00160898   0.033955   1.4e-01   1.9e-04 0.02
     6      20    1.2e-01   13    5.8e-02  -242.14195101  -242.14195101    -0.00190339   0.025435   1.0e-01   1.6e-04 0.02
     7      20    1.5e-01    7    3.4e-02  -242.14330457  -242.14330457    -0.00135356   0.021368   8.5e-02   1.9e-04 0.02
     8      20    1.2e-01    7    3.0e-02  -242.14395306  -242.14395306    -0.00064849   0.033311   1.3e-01   2.1e-04 0.02
     9      20    1.7e-01    7    3.2e-02  -242.14422560  -242.14422560    -0.00027254   0.033750   1.4e-01   1.9e-04 0.02
    10      20    1.1e-01    7    2.7e-02  -242.14455848  -242.14455848    -0.00033288   0.025454   1.0e-01   1.6e-04 0.02
    11      20    1.4e-01    0    1.0e-02  -242.14458511  -242.14458511    -0.00002663   0.025454   1.0e-01   1.6e-04 0.02
    12      40    2.6e-01    3    1.2e-02  -242.14608312  -242.14608312    -0.00149801   0.001911   7.6e-03   2.1e-04 0.02
    13      40    2.3e-01    5    2.3e-02  -242.14613492  -242.14613492    -0.00005180   0.004855   1.9e-02   2.0e-04 0.02
    14      40    2.6e-01    8    3.2e-02  -242.14620148  -242.14620148    -0.00006656   0.003947   1.6e-02   1.4e-04 0.02
    15      40    2.6e-01    0    5.4e-03  -242.14627564  -242.14627564    -0.00007417   0.003307   1.3e-02   1.6e-04 0.02
    16      50    2.7e-01    0    5.5e-03  -242.14631949  -242.14631949    -0.00004385   0.002642   1.1e-02   1.8e-04 0.02
    17      60    3.5e-01    0    5.4e-03  -242.14633635  -242.14633635    -0.00001686   0.001713   6.9e-03   1.9e-04 0.02
    18      70    4.1e-01    0    5.5e-03  -242.14634412  -242.14634412    -0.00000777   0.001527   6.1e-03   1.9e-04 0.02
    19      80    4.4e-01    0    5.6e-03  -242.14634688  -242.14634688    -0.00000276   0.000936   3.7e-03   2.0e-04 0.02
 
RESULTS OF THE OCCUPATION OPTIMIZATION
========================================
   1    1.9999955  -58.57231598
   2    1.9970805  -4.93447648
   3    1.9941723  -3.24904941
   4    1.9930627  -3.24719172
   5    1.9925258  -3.24463892
   6    1.9725089  -0.41347872
   7    1.0000000  -0.11343898
   8    0.0151066  -0.02162355
   9    0.0053177  -0.02471979
  10    0.0044008  -0.02187950
  11    0.0052468  -0.03202806
  12    0.0015660  -0.00848975
  13    0.0000041  -0.00036190
  14    0.0033693  -0.00708241
  15    0.0019325  -0.00905505
  16    0.0019140  -0.00905516
  17    0.0003055  -0.00164397
  18    0.0012921  -0.00833763
  19    0.0000001  -0.00000154
  20    0.0033686  -0.00713767
  21    0.0000817  -0.00202227
  22    0.0004181  -0.00676057
  23    0.0001860  -0.00102334
  24    0.0000154  -0.00080615
  25    0.0000001  -0.00000129
  26    0.0016952  -0.00263633
  27    0.0000494  -0.00018423
  28    0.0000874  -0.00043140
  29    0.0000306  -0.00012834
  30    0.0000127  -0.00011539
  31    0.0000000  -0.00000093
  32    0.0011733  -0.00216446
  33    0.0000347  -0.00027324
  34    0.0000370  -0.00014950
  35    0.0000235  -0.00011396
  36    0.0000122  -0.00006357
  37    0.0000000  -0.00000081
  38    0.0010046  -0.00183097
  39    0.0000261  -0.00012438
  40    0.0000315  -0.00014480
  41    0.0000101  -0.00005989
  42    0.0000049  -0.00002132
  43    0.0000000  -0.00000074
  44    0.0009046  -0.00116741
  45    0.0000120  -0.00005855
  46    0.0000223  -0.00011315
  47    0.0000089  -0.00003293
  48    0.0000046  -0.00001797
  49    0.0000000  -0.00000073
  50    0.0003618  -0.00049977
  51    0.0000075  -0.00002996
  52    0.0000091  -0.00003464
  53    0.0000058  -0.00002511
  54    0.0000042  -0.00001246
  55    0.0000000  -0.00000073
  56    0.0003160  -0.00048271
  57    0.0000068  -0.00002600
  58    0.0000090  -0.00003452
  59    0.0000055  -0.00002309
  60    0.0000037  -0.00001171
  61    0.0000000  -0.00000043
  62    0.0001912  -0.00028623
  63    0.0000058  -0.00002403
  64    0.0000081  -0.00002977
  65    0.0000049  -0.00001735
  66    0.0000036  -0.00001063
  67    0.0000000  -0.00000042
 
----------------
 Final Energies 
----------------
Final NOF Total Energy =    -242.1463469
 
Total Orbital Internal Iterations = 630
Total Occupation Internal Iterations = 206
 
Elapsed time:   84.82 Seconds

---------------------------------
   Lowdin Population Analysis    
---------------------------------
 Idx  Atom   Population   Charge 
---------------------------------
  1    Al    13.000       0.000

---------------------------------
   M Diagnostic: 0.02
---------------------------------

Recovering execution output...
Moving from /scratch/pobleyef/168457 to /home-nas/pobleyef/Poison-Set/ncwomax/P30-5/GNOFm/arina.168457
mkdir -p /home-nas/pobleyef/Poison-Set/ncwomax/P30-5/GNOFm/arina.168457
mv /scratch/pobleyef/168457/* /home-nas/pobleyef/Poison-Set/ncwomax/P30-5/GNOFm/arina.168457
