b
/software/eb2024/easybuild/software/common/software/Julia/1.11.3-linux-x86_64/bin/julia
Job runing on nh003
Choosing scratch ...
Automatic scratch folder selection
/scratch/pobleyef/168467
/scratch/pobleyef/168467 directory
cp b.jl b.jld2 to  /scratch/pobleyef/168467/.
Computing Integrals
Elapsed time:    5.86 Seconds

Number of basis functions                   (NBF)    = 57
Number of auxiliary basis functions         (NBFAUX) = 75
Inactive Doubly occupied orbitals up to     (NO1)    = 0
No. considered Strongly Doubly occupied MOs (NDOC)   = 2
No. considered Strongly Singly occupied MOs (NSOC)   = 1
NO. of Weakly occ. per St. Doubly occ.  MOs (NCWO)   = 27
Dimension of the Nat. Orb. subspace         (NBF5)   = 57
No. of electrons                                     = 5
    No. of alpha electrons                           = 3
    No. of beta electrons                            = 2
Multiplicity                                         = 2

Geometry
========
 B       0.0000000       0.0000000       0.0000000

No violations of the orthonormality
No violations of the orthonormality
 
PNOF9/ADABelief Calculation
==================
 
  Nitext  Nit_orb  Time   Nit_occ  Time         Eelec          Etot           Ediff      maxdiff    MaxGrad_orb  Grad_occ
     1      10    2.8e+01   42    3.3e+01   -24.53569676   -24.53569676 -10023.53569676   0.006260   2.1e-02   1.6e-04 0.06
     2      20    1.3e-01   12    3.7e-02   -24.60485422   -24.60485422    -0.06915746   0.109928   4.4e-01   1.2e-04 0.06
     3      20    8.3e-02   22    7.0e-02   -24.61177112   -24.61177112    -0.00691690   0.001769   7.0e-03   1.5e-04 0.06
     4      20    7.6e-02    8    2.6e-02   -24.61715038   -24.61715038    -0.00537926   0.011357   4.5e-02   1.2e-04 0.06
     5      20    6.4e-02    8    2.5e-02   -24.62004389   -24.62004389    -0.00289351   0.010063   4.0e-02   2.0e-04 0.06
     6      20    7.4e-02   11    3.5e-02   -24.62200088   -24.62200088    -0.00195698   0.007623   3.0e-02   1.3e-04 0.07
     7      20    7.3e-02   11    3.7e-02   -24.62361799   -24.62361799    -0.00161712   0.008227   3.3e-02   1.2e-04 0.11
     8      20    7.2e-02    6    2.4e-02   -24.62583209   -24.62583209    -0.00221410   0.009160   3.7e-02   1.7e-04 0.13
     9      20    6.6e-02   10    2.9e-02   -24.62745519   -24.62745519    -0.00162310   0.006206   2.5e-02   1.7e-04 0.14
    10      20    6.1e-02    8    2.7e-02   -24.62787566   -24.62787566    -0.00042048   0.006381   2.6e-02   7.9e-05 0.14
    11      20    6.1e-02    8    2.5e-02   -24.62817396   -24.62817396    -0.00029830   0.008159   3.3e-02   1.3e-04 0.14
    12      20    5.9e-02    9    3.2e-02   -24.62825750   -24.62825750    -0.00008354   0.009772   3.9e-02   1.6e-04 0.14
    13      20    6.1e-02    3    1.1e-02   -24.62844295   -24.62844295    -0.00018545   0.012580   5.0e-02   9.5e-05 0.14
    14      20    6.2e-02    0    4.4e-03   -24.62854101   -24.62854101    -0.00009805   0.013198   5.3e-02   1.4e-04 0.14
    15      30    8.8e-02    3    1.0e-02   -24.62875210   -24.62875210    -0.00021110   0.004236   1.7e-02   1.3e-04 0.14
    16      30    1.8e-01    0    4.1e-03   -24.62876385   -24.62876385    -0.00001174   0.004236   1.7e-02   1.3e-04 0.14
    17      37    1.0e-01    0    3.5e-03   -24.62889289   -24.62889289    -0.00012904   0.000495   2.0e-03   1.4e-04 0.14
 
RESULTS OF THE OCCUPATION OPTIMIZATION
========================================
   1    1.9988232  -7.67640056
   2    1.8033406  -0.50364545
   3    1.0000000  -0.17710912
   4    0.0925887  -0.03047691
   5    0.0008078  -0.00961214
   6    0.0913257  -0.03017953
   7    0.0001354  -0.00111300
   8    0.0043892  -0.00264160
   9    0.0001287  -0.00108139
  10    0.0028249  -0.00205846
  11    0.0000351  -0.00046884
  12    0.0015527  -0.00103201
  13    0.0000254  -0.00045739
  14    0.0014822  -0.00109122
  15    0.0000073  -0.00008229
  16    0.0014800  -0.00109219
  17    0.0000053  -0.00006010
  18    0.0001563  -0.00016785
  19    0.0000031  -0.00006202
  20    0.0001237  -0.00008768
  21    0.0000026  -0.00003613
  22    0.0001036  -0.00011659
  23    0.0000025  -0.00005690
  24    0.0000956  -0.00011288
  25    0.0000020  -0.00001845
  26    0.0000834  -0.00007652
  27    0.0000020  -0.00001855
  28    0.0000721  -0.00008465
  29    0.0000018  -0.00001422
  30    0.0000608  -0.00006594
  31    0.0000017  -0.00001320
  32    0.0000549  -0.00006678
  33    0.0000016  -0.00001110
  34    0.0000543  -0.00006543
  35    0.0000016  -0.00001153
  36    0.0000480  -0.00006302
  37    0.0000014  -0.00001439
  38    0.0000350  -0.00002032
  39    0.0000014  -0.00001029
  40    0.0000253  -0.00002000
  41    0.0000013  -0.00000933
  42    0.0000202  -0.00001418
  43    0.0000013  -0.00000856
  44    0.0000168  -0.00002283
  45    0.0000012  -0.00001414
  46    0.0000154  -0.00001884
  47    0.0000012  -0.00000726
  48    0.0000123  -0.00001979
  49    0.0000012  -0.00000762
  50    0.0000111  -0.00002039
  51    0.0000011  -0.00000158
  52    0.0000103  -0.00001541
  53    0.0000010  -0.00000209
  54    0.0000091  -0.00001255
  55    0.0000010  -0.00000207
  56    0.0000078  -0.00001273
  57    0.0000009  -0.00000089
 
----------------
 Final Energies 
----------------
Final NOF Total Energy =     -24.6288929
 
Total Orbital Internal Iterations = 367
Total Occupation Internal Iterations = 161
 
Elapsed time:   81.44 Seconds

---------------------------------
   Lowdin Population Analysis    
---------------------------------
 Idx  Atom   Population   Charge 
---------------------------------
  1     B     5.000       0.000

---------------------------------
   M Diagnostic: 0.14
---------------------------------

Recovering execution output...
Moving from /scratch/pobleyef/168467 to /home-nas/pobleyef/Poison-Set/ncwomax/P30-5/GNOFm/arina.168467
mkdir -p /home-nas/pobleyef/Poison-Set/ncwomax/P30-5/GNOFm/arina.168467
mv /scratch/pobleyef/168467/* /home-nas/pobleyef/Poison-Set/ncwomax/P30-5/GNOFm/arina.168467
