o
/software/eb2024/easybuild/software/common/software/Julia/1.11.3-linux-x86_64/bin/julia
Job runing on nh031
Choosing scratch ...
Automatic scratch folder selection
/scratch/pobleyef/168486
/scratch/pobleyef/168486 directory
cp o.jl o.jld2 to  /scratch/pobleyef/168486/.
Computing Integrals
Elapsed time:    5.87 Seconds

Number of basis functions                   (NBF)    = 57
Number of auxiliary basis functions         (NBFAUX) = 77
Inactive Doubly occupied orbitals up to     (NO1)    = 0
No. considered Strongly Doubly occupied MOs (NDOC)   = 3
No. considered Strongly Singly occupied MOs (NSOC)   = 2
NO. of Weakly occ. per St. Doubly occ.  MOs (NCWO)   = 17
Dimension of the Nat. Orb. subspace         (NBF5)   = 56
No. of electrons                                     = 8
    No. of alpha electrons                           = 5
    No. of beta electrons                            = 3
Multiplicity                                         = 3

Geometry
========
 O       0.0000000       0.0000000       0.0000000

No violations of the orthonormality
No violations of the orthonormality
 
PNOF9/ADABelief Calculation
==================
 
  Nitext  Nit_orb  Time   Nit_occ  Time         Eelec          Etot           Ediff      maxdiff    MaxGrad_orb  Grad_occ
     1      10    2.8e+01   61    3.3e+01   -74.82159843   -74.82159843 -10073.82159843   0.014162   5.7e-02   9.7e-05 0.02
     2      20    1.1e-01   34    7.7e-02   -75.02094869   -75.02094869    -0.19935026   0.115514   4.6e-01   1.5e-04 0.02
     3      20    7.3e-02    5    1.6e-02   -75.02980287   -75.02980287    -0.00885418   0.003630   1.5e-02   1.4e-04 0.02
     4      20    5.9e-02    5    1.7e-02   -75.03100576   -75.03100576    -0.00120290   0.013017   5.2e-02   1.3e-04 0.02
     5      20    6.1e-02    3    1.2e-02   -75.03183318   -75.03183318    -0.00082742   0.008203   3.3e-02   1.4e-04 0.02
     6      20    6.2e-02    0    3.7e-03   -75.03186136   -75.03186136    -0.00002818   0.008203   3.3e-02   1.4e-04 0.02
     7      40    1.2e-01    3    8.7e-03   -75.03220601   -75.03220601    -0.00034465   0.001720   6.9e-03   1.7e-04 0.02
     8      40    1.2e-01    1    5.3e-03   -75.03227876   -75.03227876    -0.00007275   0.001645   6.6e-03   1.9e-04 0.02
     9      40    1.2e-01    0    3.7e-03   -75.03231625   -75.03231625    -0.00003749   0.001710   6.8e-03   2.1e-04 0.02
    10      50    1.5e-01    6    1.9e-02   -75.03233006   -75.03233006    -0.00001381   0.001467   5.9e-03   1.2e-04 0.02
    11      50    1.4e-01    2    1.0e-02   -75.03235635   -75.03235635    -0.00002630   0.001261   5.0e-03   1.6e-04 0.02
    12      50    1.5e-01    0    3.3e-03   -75.03235975   -75.03235975    -0.00000340   0.001402   5.6e-03   1.9e-04 0.02
    13      60    1.8e-01    3    1.2e-02   -75.03237163   -75.03237163    -0.00001188   0.001033   4.1e-03   1.7e-04 0.02
    14      60    1.7e-01    4    1.4e-02   -75.03239882   -75.03239882    -0.00002719   0.001176   4.7e-03   1.3e-04 0.02
    15      60    1.8e-01    7    1.8e-02   -75.03248997   -75.03248997    -0.00009116   0.001055   4.2e-03   1.5e-04 0.02
    16      60    1.8e-01    3    9.2e-03   -75.03265824   -75.03265824    -0.00016827   0.000689   2.8e-03   1.8e-04 0.02
 
RESULTS OF THE OCCUPATION OPTIMIZATION
========================================
   1    1.9998489  -20.69720757
   2    1.9738175  -1.28755591
   3    1.9734926  -0.60714962
   4    1.0000000  -0.38232643
   5    1.0000000  -0.38221346
   6    0.0128787  -0.01867262
   7    0.0086174  -0.01997599
   8    0.0001246  -0.00375853
   9    0.0059941  -0.00945253
  10    0.0041190  -0.00824694
  11    0.0000026  -0.00016915
  12    0.0051261  -0.00884759
  13    0.0032251  -0.00668969
  14    0.0000022  -0.00005883
  15    0.0006662  -0.00309611
  16    0.0032118  -0.00669007
  17    0.0000020  -0.00005217
  18    0.0002864  -0.00082522
  19    0.0023457  -0.00486951
  20    0.0000020  -0.00005015
  21    0.0002831  -0.00081752
  22    0.0023438  -0.00486626
  23    0.0000019  -0.00004950
  24    0.0002827  -0.00083436
  25    0.0008028  -0.00246521
  26    0.0000017  -0.00004378
  27    0.0002557  -0.00073595
  28    0.0005011  -0.00151416
  29    0.0000017  -0.00004360
  30    0.0002486  -0.00073951
  31    0.0002834  -0.00097494
  32    0.0000017  -0.00004384
  33    0.0001823  -0.00055010
  34    0.0002116  -0.00068150
  35    0.0000017  -0.00004292
  36    0.0001823  -0.00055009
  37    0.0001876  -0.00065205
  38    0.0000016  -0.00004064
  39    0.0000325  -0.00035444
  40    0.0001315  -0.00045914
  41    0.0000016  -0.00004063
  42    0.0000192  -0.00010163
  43    0.0001267  -0.00045470
  44    0.0000016  -0.00003699
  45    0.0000180  -0.00009367
  46    0.0000271  -0.00009609
  47    0.0000016  -0.00003695
  48    0.0000178  -0.00008818
  49    0.0000164  -0.00008534
  50    0.0000013  -0.00002146
  51    0.0000174  -0.00008984
  52    0.0000160  -0.00008879
  53    0.0000010  -0.00000718
  54    0.0000163  -0.00008840
  55    0.0000157  -0.00008063
  56    0.0000003  -0.00002811
 
----------------
 Final Energies 
----------------
Final NOF Total Energy =     -75.0326582
 
Total Orbital Internal Iterations = 620
Total Occupation Internal Iterations = 137
 
Elapsed time:   80.66 Seconds

---------------------------------
   Lowdin Population Analysis    
---------------------------------
 Idx  Atom   Population   Charge 
---------------------------------
  1     O     8.000       0.000

---------------------------------
   M Diagnostic: 0.02
---------------------------------

Recovering execution output...
Moving from /scratch/pobleyef/168486 to /home-nas/pobleyef/Poison-Set/ncwomax/P30-5/GNOFm/arina.168486
mkdir -p /home-nas/pobleyef/Poison-Set/ncwomax/P30-5/GNOFm/arina.168486
mv /scratch/pobleyef/168486/* /home-nas/pobleyef/Poison-Set/ncwomax/P30-5/GNOFm/arina.168486
