W4-11_113_n2o
/software/eb2024/easybuild/software/common/software/Julia/1.11.3-linux-x86_64/bin/julia
Job runing on na09
Choosing scratch ...
Automatic scratch folder selection
/scratch/pobleyef/168501
/scratch/pobleyef/168501 directory
cp W4-11_113_n2o.jl W4-11_113_n2o.jld2 to  /scratch/pobleyef/168501/.
Computing Integrals
Elapsed time:    7.58 Seconds

Number of basis functions                   (NBF)    = 171
Number of auxiliary basis functions         (NBFAUX) = 231
Inactive Doubly occupied orbitals up to     (NO1)    = 0
No. considered Strongly Doubly occupied MOs (NDOC)   = 11
No. considered Strongly Singly occupied MOs (NSOC)   = 0
NO. of Weakly occ. per St. Doubly occ.  MOs (NCWO)   = 14
Dimension of the Nat. Orb. subspace         (NBF5)   = 165
No. of electrons                                     = 22
    No. of alpha electrons                           = 11
    No. of beta electrons                            = 11
Multiplicity                                         = 1

Geometry
========
 N       0.0000000       0.0000000      -1.2014770
 N       0.0000000       0.0000000      -0.0723770
 O       0.0000000       0.0000000       1.1146230

No violations of the orthonormality
No violations of the orthonormality
 
PNOF9/ADABelief Calculation
==================
 
  Nitext  Nit_orb  Time   Nit_occ  Time         Eelec          Etot           Ediff      maxdiff    MaxGrad_orb  Grad_occ
     1      10    4.2e+01   88    2.3e+01  -244.57754646  -183.85261154 -10243.57754646   0.003885   1.6e-02   2.5e-04 0.04
     2      20    5.1e+01   41    1.1e+00  -245.11081037  -184.38587545    -0.53326391   0.567122   2.3e+00   2.2e-04 0.04
     3      20    5.0e+01   43    1.1e+00  -245.18147245  -184.45653753    -0.07066208   0.136831   5.5e-01   3.0e-04 0.04
     4      20    5.1e+01   41    1.1e+00  -245.20401163  -184.47907671    -0.02253918   0.025847   1.0e-01   1.9e-04 0.04
     5      20    5.0e+01   25    7.1e-01  -245.21154360  -184.48660868    -0.00753197   0.020671   8.3e-02   1.7e-04 0.04
     6      20    5.2e+01   22    6.9e-01  -245.21422709  -184.48929217    -0.00268349   0.023663   9.5e-02   1.7e-04 0.04
     7      20    5.1e+01   15    5.0e-01  -245.21957801  -184.49464309    -0.00535092   0.019881   8.0e-02   2.6e-04 0.04
     8      20    5.2e+01    7    2.3e-01  -245.22186342  -184.49692850    -0.00228541   0.023927   9.6e-02   2.6e-04 0.04
     9      20    5.1e+01   20    6.2e-01  -245.22294239  -184.49800747    -0.00107897   0.020817   8.3e-02   1.7e-04 0.04
    10      20    5.3e+01    7    2.7e-01  -245.22476165  -184.49982673    -0.00181925   0.018649   7.5e-02   2.1e-04 0.04
    11      20    5.0e+01    0    6.9e-02  -245.22486852  -184.49993360    -0.00010688   0.018649   7.5e-02   2.1e-04 0.04
    12      40    1.1e+02    7    2.5e-01  -245.22995625  -184.50502133    -0.00508773   0.003911   1.6e-02   2.2e-04 0.04
    13      40    1.0e+02    7    2.8e-01  -245.23020910  -184.50527418    -0.00025285   0.005268   2.1e-02   2.4e-04 0.04
    14      40    1.0e+02   13    3.9e-01  -245.23045880  -184.50552388    -0.00024969   0.003529   1.4e-02   2.5e-04 0.04
    15      40    1.0e+02    7    2.7e-01  -245.23066610  -184.50573118    -0.00020731   0.004244   1.7e-02   1.7e-04 0.04
    16      40    1.0e+02    7    2.8e-01  -245.23080038  -184.50586546    -0.00013428   0.003849   1.5e-02   1.8e-04 0.04
    17      40    1.0e+02    1    8.3e-02  -245.23099059  -184.50605566    -0.00019021   0.002899   1.2e-02   2.8e-04 0.04
    18      40    9.9e+01   15    4.9e-01  -245.23111779  -184.50618287    -0.00012721   0.002941   1.2e-02   1.9e-04 0.04
    19      40    1.0e+02    6    2.3e-01  -245.23125189  -184.50631697    -0.00013410   0.003602   1.4e-02   1.2e-04 0.04
    20      40    1.1e+02    3    1.6e-01  -245.23138461  -184.50644969    -0.00013272   0.003355   1.3e-02   2.1e-04 0.04
    21      40    1.1e+02    6    2.3e-01  -245.23145414  -184.50651922    -0.00006953   0.003055   1.2e-02   1.5e-04 0.04
    22      40    9.3e+01    0    8.7e-02  -245.23152715  -184.50659223    -0.00007301   0.002777   1.1e-02   1.6e-04 0.04
    23      50    1.1e+02    7    2.8e-01  -245.23162863  -184.50669371    -0.00010149   0.002684   1.1e-02   1.7e-04 0.04
    24      50    1.1e+02    0    6.0e-02  -245.23168082  -184.50674590    -0.00005219   0.002960   1.2e-02   2.2e-04 0.04
    25      60    1.3e+02    6    2.2e-01  -245.23177560  -184.50684068    -0.00009478   0.002718   1.1e-02   2.0e-04 0.04
    26      60    1.4e+02    7    2.7e-01  -245.23187464  -184.50693972    -0.00009904   0.002537   1.0e-02   1.9e-04 0.04
    27      60    1.3e+02    3    1.5e-01  -245.23196365  -184.50702873    -0.00008901   0.001940   7.8e-03   1.9e-04 0.04
    28      60    1.3e+02    4    1.9e-01  -245.23199951  -184.50706459    -0.00003586   0.002031   8.1e-03   2.6e-04 0.04
    29      60    1.3e+02    3    1.7e-01  -245.23205497  -184.50712005    -0.00005546   0.002223   8.9e-03   2.2e-04 0.04
    30      60    1.3e+02    7    2.5e-01  -245.23206322  -184.50712830    -0.00000824   0.002356   9.4e-03   1.6e-04 0.04
    31      60    1.3e+02    1    9.6e-02  -245.23214013  -184.50720521    -0.00007691   0.002262   9.0e-03   1.9e-04 0.04
    32      60    1.3e+02    0    6.0e-02  -245.23215468  -184.50721976    -0.00001455   0.001972   7.9e-03   1.9e-04 0.04
    33      70    1.5e+02    0    6.3e-02  -245.23219245  -184.50725753    -0.00003777   0.001873   7.5e-03   2.2e-04 0.04
    34      80    1.8e+02   10    3.5e-01  -245.23220663  -184.50727171    -0.00001419   0.001419   5.7e-03   2.1e-04 0.04
    35      80    1.7e+02    7    2.5e-01  -245.23229034  -184.50735542    -0.00008370   0.001639   6.6e-03   2.5e-04 0.04
    36      80    1.8e+02    0    9.0e-02  -245.23234524  -184.50741032    -0.00005490   0.001399   5.6e-03   2.7e-04 0.04
    37      90    2.0e+02    6    2.3e-01  -245.23237347  -184.50743855    -0.00002823   0.001279   5.1e-03   2.5e-04 0.04
    38      90    2.0e+02    7    2.3e-01  -245.23241276  -184.50747783    -0.00003929   0.002127   8.5e-03   2.0e-04 0.04
    39      90    2.0e+02    3    1.7e-01  -245.23248328  -184.50754836    -0.00007052   0.001411   5.6e-03   2.3e-04 0.04
    40      90    2.0e+02    0    6.7e-02  -245.23249270  -184.50755778    -0.00000943   0.001667   6.7e-03   2.0e-04 0.04
 
RESULTS OF THE OCCUPATION OPTIMIZATION
========================================
   1    1.9999776  -19.34575356
   2    1.9999550  -16.75686885
   3    1.9999461  -16.10776235
   4    1.9863207  -1.53643657
   5    1.9861186  -1.38517597
   6    1.9810822  -0.87598231
   7    1.9772515  -0.84576373
   8    1.9705681  -0.78597580
   9    1.9785461  -0.76173704
  10    1.9615637  -0.55735585
  11    1.9616039  -0.55301096
  12    0.0375776  -0.05757089
  13    0.0355317  -0.05590193
  14    0.0063088  -0.01313417
  15    0.0243717  -0.04863147
  16    0.0155093  -0.02949954
  17    0.0055698  -0.01235354
  18    0.0066059  -0.01878988
  19    0.0060271  -0.01635289
  20    0.0000245  -0.00066929
  21    0.0000151  -0.00044355
  22    0.0000128  -0.00041115
  23    0.0001943  -0.00057718
  24    0.0023564  -0.00517730
  25    0.0044940  -0.00976133
  26    0.0026508  -0.00703009
  27    0.0026215  -0.00634139
  28    0.0048229  -0.01288016
  29    0.0022719  -0.00759352
  30    0.0031188  -0.00780954
  31    0.0000055  -0.00007916
  32    0.0000068  -0.00010480
  33    0.0000027  -0.00004570
  34    0.0001888  -0.00057025
  35    0.0001220  -0.00040072
  36    0.0042145  -0.00896234
  37    0.0018318  -0.00521569
  38    0.0024048  -0.00584892
  39    0.0034977  -0.00799539
  40    0.0014723  -0.00548686
  41    0.0013181  -0.00543607
  42    0.0000039  -0.00008066
  43    0.0000056  -0.00008044
  44    0.0000015  -0.00003293
  45    0.0001477  -0.00045399
  46    0.0001024  -0.00034802
  47    0.0038569  -0.00801060
  48    0.0001703  -0.00065863
  49    0.0011377  -0.00294695
  50    0.0023190  -0.00691977
  51    0.0010617  -0.00358329
  52    0.0010361  -0.00352100
  53    0.0000036  -0.00004843
  54    0.0000037  -0.00005415
  55    0.0000014  -0.00003163
  56    0.0001259  -0.00038185
  57    0.0000969  -0.00035699
  58    0.0006525  -0.00208295
  59    0.0001475  -0.00052340
  60    0.0004280  -0.00139793
  61    0.0011685  -0.00298815
  62    0.0006817  -0.00219681
  63    0.0005738  -0.00490978
  64    0.0000030  -0.00004208
  65    0.0000030  -0.00004529
  66    0.0000010  -0.00002166
  67    0.0000509  -0.00019520
  68    0.0000779  -0.00030667
  69    0.0004275  -0.00169126
  70    0.0000923  -0.00038619
  71    0.0002007  -0.00071045
  72    0.0005017  -0.00177586
  73    0.0004675  -0.00379619
  74    0.0004984  -0.00171220
  75    0.0000028  -0.00004263
  76    0.0000026  -0.00005745
  77    0.0000005  -0.00002049
  78    0.0000314  -0.00013301
  79    0.0000715  -0.00028475
  80    0.0003985  -0.00123784
  81    0.0000525  -0.00024479
  82    0.0001899  -0.00064479
  83    0.0002957  -0.00111426
  84    0.0004489  -0.00158413
  85    0.0004158  -0.00312469
  86    0.0000021  -0.00006667
  87    0.0000018  -0.00003416
  88    0.0000005  -0.00001294
  89    0.0000135  -0.00007917
  90    0.0000135  -0.00007692
  91    0.0003069  -0.00116881
  92    0.0000248  -0.00013612
  93    0.0001494  -0.00057654
  94    0.0002638  -0.00093773
  95    0.0004069  -0.00142013
  96    0.0002037  -0.00077887
  97    0.0000019  -0.00003420
  98    0.0000016  -0.00002958
  99    0.0000003  -0.00002951
 100    0.0000131  -0.00007657
 101    0.0000129  -0.00007417
 102    0.0002530  -0.00088073
 103    0.0000236  -0.00013292
 104    0.0000204  -0.00012406
 105    0.0002033  -0.00072141
 106    0.0002307  -0.00091364
 107    0.0001600  -0.00068586
 108    0.0000017  -0.00002931
 109    0.0000011  -0.00002219
 110    0.0000003  -0.00000294
 111    0.0000116  -0.00006998
 112    0.0000119  -0.00006816
 113    0.0002199  -0.00074580
 114    0.0000171  -0.00011422
 115    0.0000188  -0.00010599
 116    0.0001411  -0.00095528
 117    0.0000923  -0.00091029
 118    0.0001036  -0.00050582
 119    0.0000013  -0.00002450
 120    0.0000009  -0.00001206
 121    0.0000003  -0.00000288
 122    0.0000110  -0.00006905
 123    0.0000110  -0.00006708
 124    0.0001328  -0.00057895
 125    0.0000141  -0.00008674
 126    0.0000178  -0.00010462
 127    0.0000643  -0.00035315
 128    0.0000457  -0.00027141
 129    0.0000909  -0.00047977
 130    0.0000013  -0.00002417
 131    0.0000008  -0.00000953
 132    0.0000003  -0.00000587
 133    0.0000105  -0.00006318
 134    0.0000104  -0.00005969
 135    0.0001133  -0.00048715
 136    0.0000130  -0.00008445
 137    0.0000170  -0.00009908
 138    0.0000260  -0.00016419
 139    0.0000374  -0.00019453
 140    0.0000704  -0.00085004
 141    0.0000011  -0.00002108
 142    0.0000007  -0.00000854
 143    0.0000003  -0.00000522
 144    0.0000101  -0.00006098
 145    0.0000098  -0.00006127
 146    0.0000460  -0.00022894
 147    0.0000116  -0.00007932
 148    0.0000168  -0.00009948
 149    0.0000244  -0.00014530
 150    0.0000342  -0.00017846
 151    0.0000425  -0.00026108
 152    0.0000009  -0.00001246
 153    0.0000006  -0.00002029
 154    0.0000002  -0.00000233
 155    0.0000097  -0.00006161
 156    0.0000080  -0.00005490
 157    0.0000293  -0.00016047
 158    0.0000108  -0.00007285
 159    0.0000165  -0.00009763
 160    0.0000197  -0.00010751
 161    0.0000244  -0.00015120
 162    0.0000202  -0.00011550
 163    0.0000005  -0.00003064
 164    0.0000005  -0.00002637
 165    0.0000002  -0.00000364
 
----------------
 Final Energies 
----------------
Final NOF Total Energy =    -184.5075578
 
Total Orbital Internal Iterations = 1900
Total Occupation Internal Iterations = 452
 
Elapsed time: 4656.01 Seconds

---------------------------------
   Lowdin Population Analysis    
---------------------------------
 Idx  Atom   Population   Charge 
---------------------------------
  1     N     6.955       0.045
  2     N     7.140      -0.140
  3     O     7.905       0.095

---------------------------------
   M Diagnostic: 0.04
---------------------------------

Recovering execution output...
Moving from /scratch/pobleyef/168501 to /home-nas/pobleyef/Poison-Set/ncwomax/P30-5/GNOFm/arina.168501
mkdir -p /home-nas/pobleyef/Poison-Set/ncwomax/P30-5/GNOFm/arina.168501
mv /scratch/pobleyef/168501/* /home-nas/pobleyef/Poison-Set/ncwomax/P30-5/GNOFm/arina.168501
