W4-11_41_sif4
/software/eb2024/easybuild/software/common/software/Julia/1.11.3-linux-x86_64/bin/julia
Job runing on nh018
Choosing scratch ...
Automatic scratch folder selection
/scratch/pobleyef/168513
/scratch/pobleyef/168513 directory
cp W4-11_41_sif4.jl W4-11_41_sif4.jld2 to  /scratch/pobleyef/168513/.
Computing Integrals
Elapsed time:    7.39 Seconds

Number of basis functions                   (NBF)    = 298
Number of auxiliary basis functions         (NBFAUX) = 436
Inactive Doubly occupied orbitals up to     (NO1)    = 0
No. considered Strongly Doubly occupied MOs (NDOC)   = 25
No. considered Strongly Singly occupied MOs (NSOC)   = 0
NO. of Weakly occ. per St. Doubly occ.  MOs (NCWO)   = 10
Dimension of the Nat. Orb. subspace         (NBF5)   = 275
No. of electrons                                     = 50
    No. of alpha electrons                           = 25
    No. of beta electrons                            = 25
Multiplicity                                         = 1

Geometry
========
 F       0.9009150       0.9009150       0.9009150
Si       0.0000000       0.0000000       0.0000000
 F      -0.9009150      -0.9009150       0.9009150
 F      -0.9009150       0.9009150      -0.9009150
 F       0.9009150      -0.9009150      -0.9009150

No violations of the orthonormality
No violations of the orthonormality
 
PNOF9/ADABelief Calculation
==================
 
  Nitext  Nit_orb  Time   Nit_occ  Time         Eelec          Etot           Ediff      maxdiff    MaxGrad_orb  Grad_occ
     1      10    3.3e+01   86    4.6e+01  -959.15774606  -687.31324601 -10958.15774606   0.004641   1.4e-02   2.4e-04 0.02
     2      20    7.9e+00    0    3.8e-01  -960.26292008  -688.41842002    -1.10517402   0.003479   1.4e-02   2.4e-04 0.02
     3      40    1.5e+01   72    7.6e+00  -960.42249194  -688.57799189    -0.15957187   0.212678   8.5e-01   2.5e-04 0.02
     4      40    1.5e+01   38    4.2e+00  -960.55809033  -688.71359028    -0.13559839   0.004584   1.8e-02   2.7e-04 0.02
     5      40    1.5e+01   20    2.5e+00  -960.59189119  -688.74739114    -0.03380086   0.008061   3.2e-02   3.2e-04 0.02
     6      40    1.5e+01   29    3.4e+00  -960.60538954  -688.76088949    -0.01349835   0.007829   3.1e-02   3.3e-04 0.02
     7      40    1.5e+01   20    2.5e+00  -960.61239091  -688.76789086    -0.00700136   0.007592   3.0e-02   2.5e-04 0.02
     8      40    1.5e+01   14    1.8e+00  -960.61671773  -688.77221768    -0.00432682   0.008231   3.3e-02   2.5e-04 0.02
     9      40    1.5e+01   16    2.0e+00  -960.61944613  -688.77494608    -0.00272840   0.007359   2.9e-02   3.2e-04 0.02
    10      40    1.5e+01   16    2.0e+00  -960.62136630  -688.77686625    -0.00192017   0.006419   2.6e-02   3.1e-04 0.02
    11      40    1.5e+01   20    2.5e+00  -960.62261130  -688.77811125    -0.00124500   0.006303   2.5e-02   3.1e-04 0.02
    12      40    1.5e+01   20    2.5e+00  -960.62353777  -688.77903772    -0.00092646   0.005637   2.3e-02   2.2e-04 0.02
    13      40    1.5e+01    9    1.3e+00  -960.62428744  -688.77978739    -0.00074967   0.005173   2.1e-02   2.5e-04 0.02
    14      40    1.5e+01   20    2.4e+00  -960.62483321  -688.78033316    -0.00054577   0.004826   1.9e-02   1.9e-04 0.02
    15      40    1.4e+01    8    1.2e+00  -960.62532577  -688.78082572    -0.00049255   0.004756   1.9e-02   2.1e-04 0.02
    16      40    1.5e+01   13    1.7e+00  -960.62556967  -688.78106962    -0.00024390   0.004545   1.8e-02   1.7e-04 0.02
    17      40    1.5e+01    8    1.3e+00  -960.62584393  -688.78134388    -0.00027426   0.029416   1.2e-01   2.4e-04 0.02
    18      40    1.4e+01   13    1.7e+00  -960.62608166  -688.78158161    -0.00023773   0.005239   2.1e-02   1.9e-04 0.02
    19      40    1.5e+01    8    1.2e+00  -960.62632755  -688.78182750    -0.00024589   0.005345   2.1e-02   2.5e-04 0.02
    20      40    1.5e+01    8    1.2e+00  -960.62648383  -688.78198378    -0.00015628   0.006864   2.7e-02   2.7e-04 0.02
    21      40    1.5e+01    9    1.4e+00  -960.62667340  -688.78217335    -0.00018956   0.006492   2.6e-02   2.5e-04 0.02
    22      40    1.5e+01   11    1.6e+00  -960.62678951  -688.78228946    -0.00011611   0.005704   2.3e-02   1.8e-04 0.02
    23      40    1.5e+01    8    1.3e+00  -960.62697321  -688.78247316    -0.00018370   0.005549   2.2e-02   2.5e-04 0.02
    24      40    1.5e+01    8    1.2e+00  -960.62708947  -688.78258942    -0.00011626   0.006245   2.5e-02   2.2e-04 0.02
    25      40    1.5e+01   11    1.5e+00  -960.62735783  -688.78285777    -0.00026836   0.005301   2.1e-02   1.8e-04 0.02
    26      40    1.5e+01    8    1.2e+00  -960.62757538  -688.78307533    -0.00021755   0.006900   2.8e-02   2.4e-04 0.02
    27      40    1.5e+01    8    1.2e+00  -960.62769805  -688.78319800    -0.00012268   0.005424   2.2e-02   2.7e-04 0.02
    28      40    1.5e+01    7    1.2e+00  -960.62783203  -688.78333198    -0.00013397   0.006526   2.6e-02   2.4e-04 0.02
    29      40    1.5e+01    3    6.9e-01  -960.62795075  -688.78345070    -0.00011872   0.005452   2.2e-02   2.7e-04 0.02
    30      40    1.5e+01    0    3.8e-01  -960.62795876  -688.78345871    -0.00000801   0.005452   2.2e-02   2.7e-04 0.02
    31      60    2.2e+01    7    1.1e+00  -960.62857396  -688.78407391    -0.00061520   0.000498   2.0e-03   2.5e-04 0.02
 
RESULTS OF THE OCCUPATION OPTIMIZATION
========================================
   1    1.9999970  -68.97143720
   2    1.9999764  -26.37838492
   3    1.9999749  -26.37836678
   4    1.9999709  -26.37834534
   5    1.9999695  -26.37832669
   6    1.9984447  -6.26904275
   7    1.9976454  -4.38268039
   8    1.9975704  -4.38217053
   9    1.9968965  -4.38143802
  10    1.9870230  -1.66196772
  11    1.9855348  -1.64013923
  12    1.9867971  -1.63708991
  13    1.9853915  -1.63399733
  14    1.9822152  -0.84959272
  15    1.9741086  -0.83253202
  16    1.9750115  -0.83197816
  17    1.9737635  -0.82296237
  18    1.9739068  -0.81777930
  19    1.9810817  -0.78867540
  20    1.9799522  -0.78360054
  21    1.9802072  -0.77814448
  22    1.9797407  -0.76938046
  23    1.9790251  -0.76558192
  24    1.9786122  -0.75345642
  25    1.9780718  -0.74479442
  26    0.0086778  -0.01873455
  27    0.0110811  -0.02143811
  28    0.0104150  -0.02076586
  29    0.0132786  -0.02369271
  30    0.0122629  -0.02287497
  31    0.0127196  -0.02335336
  32    0.0112316  -0.02142402
  33    0.0218815  -0.04500904
  34    0.0193588  -0.04152087
  35    0.0183451  -0.04018134
  36    0.0216107  -0.04468156
  37    0.0070686  -0.01636338
  38    0.0069393  -0.02253432
  39    0.0075278  -0.02296064
  40    0.0069301  -0.02255235
  41    0.0073069  -0.02288665
  42    0.0027990  -0.02355074
  43    0.0018371  -0.01169864
  44    0.0018636  -0.01177175
  45    0.0013253  -0.00992061
  46    0.0000054  -0.00027905
  47    0.0000054  -0.00022364
  48    0.0000058  -0.00024390
  49    0.0000065  -0.00023737
  50    0.0000018  -0.00007775
  51    0.0043305  -0.01069966
  52    0.0044026  -0.01115020
  53    0.0043297  -0.01121748
  54    0.0046160  -0.01054646
  55    0.0047101  -0.01242514
  56    0.0046291  -0.01225531
  57    0.0043071  -0.01054994
  58    0.0031811  -0.00918490
  59    0.0031148  -0.00896297
  60    0.0030357  -0.00922029
  61    0.0032225  -0.00930497
  62    0.0046930  -0.01403047
  63    0.0030919  -0.01010682
  64    0.0034346  -0.01047828
  65    0.0031817  -0.01089777
  66    0.0032872  -0.01096854
  67    0.0001312  -0.00115896
  68    0.0003215  -0.00500488
  69    0.0001511  -0.00201919
  70    0.0001145  -0.00225141
  71    0.0000042  -0.00009524
  72    0.0000044  -0.00012726
  73    0.0000045  -0.00012332
  74    0.0000042  -0.00009755
  75    0.0000003  -0.00004673
  76    0.0039572  -0.01007352
  77    0.0042188  -0.01010211
  78    0.0041239  -0.00998313
  79    0.0008931  -0.00341511
  80    0.0010787  -0.00427700
  81    0.0010944  -0.00449323
  82    0.0011701  -0.00584207
  83    0.0002511  -0.00104829
  84    0.0030074  -0.00887968
  85    0.0028251  -0.00908837
  86    0.0002716  -0.00112690
  87    0.0037994  -0.01043571
  88    0.0030359  -0.01046573
  89    0.0006696  -0.00486153
  90    0.0030513  -0.01002645
  91    0.0007068  -0.00416610
  92    0.0000640  -0.00135450
  93    0.0000709  -0.00153072
  94    0.0001268  -0.00111950
  95    0.0000423  -0.00065133
  96    0.0000040  -0.00009924
  97    0.0000043  -0.00009926
  98    0.0000039  -0.00008669
  99    0.0000034  -0.00014690
 100    0.0000002  -0.00004424
 101    0.0038930  -0.00995960
 102    0.0006407  -0.00248991
 103    0.0009750  -0.00366826
 104    0.0006605  -0.00336639
 105    0.0005583  -0.00241391
 106    0.0004845  -0.00173527
 107    0.0010470  -0.00400410
 108    0.0002496  -0.00102386
 109    0.0002399  -0.00100488
 110    0.0002593  -0.00107326
 111    0.0002543  -0.00104334
 112    0.0006714  -0.00418558
 113    0.0006066  -0.00342748
 114    0.0005750  -0.00391048
 115    0.0005882  -0.00435127
 116    0.0005835  -0.00440116
 117    0.0000375  -0.00043967
 118    0.0000659  -0.00130383
 119    0.0001168  -0.00200234
 120    0.0000114  -0.00018379
 121    0.0000038  -0.00008679
 122    0.0000038  -0.00008792
 123    0.0000024  -0.00005285
 124    0.0000024  -0.00005146
 125    0.0000001  -0.00000488
 126    0.0004793  -0.00168289
 127    0.0004149  -0.00151698
 128    0.0005403  -0.00221487
 129    0.0003447  -0.00124632
 130    0.0004505  -0.00157192
 131    0.0004163  -0.00160166
 132    0.0005371  -0.00210337
 133    0.0002319  -0.00096066
 134    0.0002267  -0.00096929
 135    0.0002313  -0.00098242
 136    0.0002269  -0.00096633
 137    0.0006407  -0.00340120
 138    0.0003222  -0.00148435
 139    0.0003438  -0.00146609
 140    0.0003165  -0.00147937
 141    0.0003387  -0.00144567
 142    0.0000174  -0.00018350
 143    0.0000500  -0.00049051
 144    0.0000340  -0.00073723
 145    0.0000108  -0.00015411
 146    0.0000032  -0.00008363
 147    0.0000033  -0.00009241
 148    0.0000020  -0.00004391
 149    0.0000019  -0.00003521
 150    0.0000001  -0.00000445
 151    0.0002628  -0.00103083
 152    0.0002846  -0.00107583
 153    0.0004148  -0.00148701
 154    0.0003191  -0.00115006
 155    0.0003211  -0.00118075
 156    0.0003208  -0.00118052
 157    0.0004317  -0.00168041
 158    0.0002243  -0.00097573
 159    0.0002265  -0.00100481
 160    0.0002291  -0.00098362
 161    0.0002249  -0.00098515
 162    0.0004218  -0.00157382
 163    0.0002580  -0.00115687
 164    0.0002822  -0.00118476
 165    0.0002556  -0.00115017
 166    0.0003004  -0.00128091
 167    0.0000125  -0.00014043
 168    0.0000351  -0.00066782
 169    0.0000150  -0.00031580
 170    0.0000106  -0.00046101
 171    0.0000029  -0.00006451
 172    0.0000025  -0.00005658
 173    0.0000018  -0.00003383
 174    0.0000015  -0.00003083
 175    0.0000001  -0.00000410
 176    0.0002557  -0.00100307
 177    0.0002737  -0.00105427
 178    0.0001088  -0.00045876
 179    0.0000698  -0.00032868
 180    0.0003063  -0.00113383
 181    0.0003071  -0.00113794
 182    0.0001198  -0.00054317
 183    0.0000265  -0.00015489
 184    0.0000171  -0.00012672
 185    0.0000165  -0.00012877
 186    0.0000334  -0.00016467
 187    0.0003005  -0.00119361
 188    0.0002563  -0.00113165
 189    0.0002603  -0.00111896
 190    0.0000795  -0.00044326
 191    0.0002772  -0.00118134
 192    0.0000105  -0.00012648
 193    0.0000124  -0.00013754
 194    0.0000119  -0.00013631
 195    0.0000102  -0.00012670
 196    0.0000028  -0.00006252
 197    0.0000019  -0.00003747
 198    0.0000017  -0.00003215
 199    0.0000013  -0.00002208
 200    0.0000001  -0.00000367
 201    0.0000325  -0.00020012
 202    0.0000288  -0.00018699
 203    0.0000312  -0.00018743
 204    0.0000357  -0.00019150
 205    0.0000623  -0.00030990
 206    0.0000376  -0.00018021
 207    0.0000346  -0.00019290
 208    0.0000158  -0.00012150
 209    0.0000155  -0.00012114
 210    0.0000158  -0.00012502
 211    0.0000159  -0.00011950
 212    0.0001093  -0.00045438
 213    0.0000452  -0.00025874
 214    0.0000627  -0.00035612
 215    0.0000224  -0.00017891
 216    0.0001149  -0.00058913
 217    0.0000105  -0.00012770
 218    0.0000123  -0.00013496
 219    0.0000119  -0.00013528
 220    0.0000102  -0.00013035
 221    0.0000025  -0.00005313
 222    0.0000014  -0.00002867
 223    0.0000015  -0.00003130
 224    0.0000012  -0.00002199
 225    0.0000001  -0.00000344
 226    0.0000210  -0.00016327
 227    0.0000224  -0.00017137
 228    0.0000181  -0.00013342
 229    0.0000221  -0.00016248
 230    0.0000222  -0.00016719
 231    0.0000195  -0.00015159
 232    0.0000202  -0.00014236
 233    0.0000158  -0.00012175
 234    0.0000149  -0.00011468
 235    0.0000153  -0.00011835
 236    0.0000156  -0.00011938
 237    0.0000503  -0.00025301
 238    0.0000329  -0.00020752
 239    0.0000243  -0.00018880
 240    0.0000211  -0.00017574
 241    0.0000397  -0.00023090
 242    0.0000104  -0.00012643
 243    0.0000122  -0.00013341
 244    0.0000118  -0.00014163
 245    0.0000101  -0.00015100
 246    0.0000011  -0.00002260
 247    0.0000010  -0.00001839
 248    0.0000010  -0.00001780
 249    0.0000008  -0.00001254
 250    0.0000001  -0.00000297
 251    0.0000186  -0.00014619
 252    0.0000203  -0.00015282
 253    0.0000181  -0.00013567
 254    0.0000198  -0.00014952
 255    0.0000204  -0.00015660
 256    0.0000189  -0.00014066
 257    0.0000192  -0.00013412
 258    0.0000155  -0.00011917
 259    0.0000149  -0.00011397
 260    0.0000153  -0.00011669
 261    0.0000156  -0.00011865
 262    0.0000297  -0.00018464
 263    0.0000202  -0.00017426
 264    0.0000226  -0.00018494
 265    0.0000188  -0.00015929
 266    0.0000216  -0.00018139
 267    0.0000104  -0.00012444
 268    0.0000122  -0.00013439
 269    0.0000116  -0.00014006
 270    0.0000100  -0.00012630
 271    0.0000007  -0.00001241
 272    0.0000010  -0.00001744
 273    0.0000005  -0.00005561
 274    0.0000004  -0.00005487
 275    0.0000001  -0.00000288
 
----------------
 Final Energies 
----------------
Final NOF Total Energy =    -688.7840739
 
Total Orbital Internal Iterations = 1210
Total Occupation Internal Iterations = 518
 
Elapsed time:  632.30 Seconds

---------------------------------
   Lowdin Population Analysis    
---------------------------------
 Idx  Atom   Population   Charge 
---------------------------------
  1     F     8.684       0.316
  2    Si    15.266      -1.266
  3     F     8.683       0.317
  4     F     8.682       0.318
  5     F     8.684       0.316

---------------------------------
   M Diagnostic: 0.02
---------------------------------

Recovering execution output...
Moving from /scratch/pobleyef/168513 to /home-nas/pobleyef/Poison-Set/ncwomax/P30-5/GNOFm/arina.168513
mkdir -p /home-nas/pobleyef/Poison-Set/ncwomax/P30-5/GNOFm/arina.168513
mv /scratch/pobleyef/168513/* /home-nas/pobleyef/Poison-Set/ncwomax/P30-5/GNOFm/arina.168513
