al
/software/eb2024/easybuild/software/common/software/Julia/1.11.3-linux-x86_64/bin/julia
Job runing on na14
Choosing scratch ...
Automatic scratch folder selection
/scratch/pobleyef/203118
/scratch/pobleyef/203118 directory
cp al.jl al.jld2 to  /scratch/pobleyef/203118/.
Computing Integrals
Elapsed time:    3.76 Seconds

Number of basis functions                   (NBF)    = 70
Number of auxiliary basis functions         (NBFAUX) = 128
Inactive Doubly occupied orbitals up to     (NO1)    = 0
No. considered Strongly Doubly occupied MOs (NDOC)   = 6
No. considered Strongly Singly occupied MOs (NSOC)   = 1
NO. of Weakly occ. per St. Doubly occ.  MOs (NCWO)   = 10
Dimension of the Nat. Orb. subspace         (NBF5)   = 67
No. of electrons                                     = 13
    No. of alpha electrons                           = 7
    No. of beta electrons                            = 6
Multiplicity                                         = 2

Geometry
========
Al       0.0000000       0.0000000       0.0000000

No violations of the orthonormality
No violations of the orthonormality
 
PNOF9/ADABelief Calculation
==================
 
  Nitext  Nit_orb  Time   Nit_occ  Time         Eelec          Etot           Ediff      maxdiff    MaxGrad_orb  Grad_occ
     1      10    1.7e+01    6    2.0e+01  -242.13116460  -242.13116460 -10241.13116460   0.003216   1.3e-02   1.5e-04 0.02
     2      20    9.0e-02    0    5.4e-03  -242.13207930  -242.13207930    -0.00091470   0.003216   1.3e-02   1.5e-04 0.02
     3      40    2.0e-01    4    1.2e-02  -242.13208694  -242.13208694    -0.00000764   0.003731   1.5e-02   1.6e-04 0.02
     4      40    1.6e-01    1    7.8e-03  -242.13213306  -242.13213306    -0.00004613   0.002629   1.1e-02   1.6e-04 0.02
     5      40    2.2e-01    0    3.2e-03  -242.13213528  -242.13213528    -0.00000221   0.002629   1.1e-02   1.6e-04 0.02
     6      49    1.6e-01    2    9.6e-03  -242.13215970  -242.13215970    -0.00002442   0.000498   2.0e-03   1.6e-04 0.02
 
RESULTS OF THE OCCUPATION OPTIMIZATION
========================================
   1    1.9999994  -58.57036383
   2    1.9987815  -4.93851218
   3    1.9950602  -3.24733771
   4    1.9937642  -3.24607407
   5    1.9932842  -3.24539497
   6    1.9751266  -0.40903237
   7    1.0000000  -0.11025162
   8    0.0122140  -0.01983357
   9    0.0048354  -0.02314627
  10    0.0044310  -0.02959528
  11    0.0042441  -0.02088857
  12    0.0010742  -0.00703313
  13    0.0000006  -0.00000420
  14    0.0028562  -0.00676254
  15    0.0016986  -0.00829467
  16    0.0017114  -0.00836702
  17    0.0003572  -0.00633284
  18    0.0001124  -0.00071457
  19    0.0000000  -0.00000042
  20    0.0028029  -0.00679624
  21    0.0000663  -0.00034138
  22    0.0000255  -0.00013518
  23    0.0002441  -0.00132132
  24    0.0000101  -0.00064802
  25    0.0000000  -0.00000028
  26    0.0027208  -0.00669428
  27    0.0000615  -0.00179916
  28    0.0000199  -0.00010677
  29    0.0000334  -0.00014254
  30    0.0000060  -0.00003630
  31    0.0000000  -0.00000028
  32    0.0013298  -0.00235036
  33    0.0000167  -0.00008648
  34    0.0000166  -0.00008182
  35    0.0000192  -0.00022539
  36    0.0000045  -0.00024406
  37    0.0000000  -0.00000025
  38    0.0008655  -0.00158042
  39    0.0000145  -0.00007970
  40    0.0000121  -0.00007305
  41    0.0000166  -0.00008125
  42    0.0000028  -0.00001230
  43    0.0000000  -0.00000017
  44    0.0007265  -0.00131533
  45    0.0000093  -0.00004967
  46    0.0000064  -0.00003705
  47    0.0000101  -0.00005238
  48    0.0000024  -0.00001147
  49    0.0000000  -0.00000018
  50    0.0007264  -0.00128027
  51    0.0000051  -0.00002260
  52    0.0000051  -0.00002237
  53    0.0000052  -0.00002211
  54    0.0000022  -0.00000972
  55    0.0000000  -0.00000019
  56    0.0003209  -0.00046119
  57    0.0000047  -0.00002027
  58    0.0000043  -0.00001825
  59    0.0000050  -0.00002050
  60    0.0000021  -0.00000789
  61    0.0000000  -0.00000015
  62    0.0003105  -0.00044660
  63    0.0000036  -0.00001667
  64    0.0000035  -0.00001637
  65    0.0000048  -0.00001955
  66    0.0000019  -0.00000679
  67    0.0000000  -0.00000015
 
----------------
 Final Energies 
----------------
Final NOF Total Energy =    -242.1321597
 
Total Orbital Internal Iterations = 199
Total Occupation Internal Iterations = 13
 
Elapsed time:   48.83 Seconds

---------------------------------
   Lowdin Population Analysis    
---------------------------------
 Idx  Atom   Population   Charge 
---------------------------------
  1    Al    13.000      -0.000

---------------------------------
   M Diagnostic: 0.02
---------------------------------

Recovering execution output...
Moving from /scratch/pobleyef/203118 to /home-nas/pobleyef/Poison-NOF/ncwomax/P30-5/GNOFmodulated20/arina.203118
mkdir -p /home-nas/pobleyef/Poison-NOF/ncwomax/P30-5/GNOFmodulated20/arina.203118
mv /scratch/pobleyef/203118/* /home-nas/pobleyef/Poison-NOF/ncwomax/P30-5/GNOFmodulated20/arina.203118
