ALKBDE10_8_o
/software/eb2024/easybuild/software/common/software/Julia/1.11.3-linux-x86_64/bin/julia
Job runing on nh005
Choosing scratch ...
Automatic scratch folder selection
/scratch/pobleyef/211814
/scratch/pobleyef/211814 directory
cp ALKBDE10_8_o.jl ALKBDE10_8_o.jld2 to  /scratch/pobleyef/211814/.
Computing Integrals
Basis Set                                            = def2-qzvp
Auxiliary Basis Set                                  = def2-universal-jkfit
Gaussian Type                                        = Spherical
Elapsed time:    3.57 Seconds

Number of basis functions                   (NBF)    = 57
Number of auxiliary basis functions         (NBFAUX) = 77
Inactive Doubly occupied orbitals up to     (NO1)    = 0
No. considered Strongly Doubly occupied MOs (NDOC)   = 3
No. considered Strongly Singly occupied MOs (NSOC)   = 2
NO. of Weakly occ. per St. Doubly occ.  MOs (NCWO)   = 7
Dimension of the Nat. Orb. subspace         (NBF5)   = 26
No. of electrons                                     = 8
    No. of alpha electrons                           = 5
    No. of beta electrons                            = 3
Multiplicity                                         = 3

Geometry
========
 O       0.0000000       0.0000000       0.0000000

No violations of the orthonormality
No violations of the orthonormality
 
PNOF8/ADABelief Calculation
==================
 
  Nitext  Nit_orb  Time   Nit_occ  Time         Eelec          Etot           Ediff      maxdiff    MaxGrad_orb  Grad_occ
     1      10    2.8e+01    3    3.4e+01   -74.99040219   -74.99040219 -10073.99040219   0.000927   3.7e-03   1.3e-04 0.02
 
RESULTS OF THE OCCUPATION OPTIMIZATION
========================================
   1    1.9999582  -20.70110057
   2    1.9791074  -1.23353136
   3    1.9752177  -0.64630460
   4    1.0000000  -0.37185314
   5    1.0000000  -0.37174818
   6    0.0120694  -0.01835692
   7    0.0090610  -0.01843242
   8    0.0000341  -0.00132068
   9    0.0040208  -0.00725471
  10    0.0037535  -0.00715389
  11    0.0000024  -0.00004799
  12    0.0038614  -0.00676457
  13    0.0034489  -0.00681055
  14    0.0000020  -0.00004527
  15    0.0035858  -0.00644254
  16    0.0018180  -0.00371836
  17    0.0000015  -0.00006763
  18    0.0006388  -0.00299701
  19    0.0018164  -0.00371663
  20    0.0000007  -0.00002591
  21    0.0003927  -0.00103818
  22    0.0006381  -0.00429898
  23    0.0000006  -0.00002394
  24    0.0002134  -0.00061887
  25    0.0003567  -0.00100914
  26    0.0000006  -0.00002270
 
----------------
 Final Energies 
----------------
Final NOF Total Energy =     -74.9904022
 
Total Orbital Internal Iterations = 10
Total Occupation Internal Iterations = 3
 
Elapsed time:   80.59 Seconds

---------------------------------
   Lowdin Population Analysis    
---------------------------------
 Idx  Atom   Population   Charge 
---------------------------------
  1     O     8.000       0.000

---------------------------------
   M Diagnostic: 0.02
---------------------------------

Recovering execution output...
Moving from /scratch/pobleyef/211814 to /home-nas/pobleyef/Poison-NOF/ncwomax/P30-5/GNOFmodulated20/arina.211814
mkdir -p /home-nas/pobleyef/Poison-NOF/ncwomax/P30-5/GNOFmodulated20/arina.211814
mv /scratch/pobleyef/211814/* /home-nas/pobleyef/Poison-NOF/ncwomax/P30-5/GNOFmodulated20/arina.211814
