ALKBDE10_7_mgo
/software/eb2024/easybuild/software/common/software/Julia/1.11.3-linux-x86_64/bin/julia
Job runing on na17
Choosing scratch ...
Automatic scratch folder selection
/scratch/pobleyef/203120
/scratch/pobleyef/203120 directory
cp ALKBDE10_7_mgo.jl ALKBDE10_7_mgo.jld2 to  /scratch/pobleyef/203120/.
Computing Integrals
Elapsed time:    9.25 Seconds

Number of basis functions                   (NBF)    = 108
Number of auxiliary basis functions         (NBFAUX) = 189
Inactive Doubly occupied orbitals up to     (NO1)    = 0
No. considered Strongly Doubly occupied MOs (NDOC)   = 10
No. considered Strongly Singly occupied MOs (NSOC)   = 0
NO. of Weakly occ. per St. Doubly occ.  MOs (NCWO)   = 9
Dimension of the Nat. Orb. subspace         (NBF5)   = 100
No. of electrons                                     = 20
    No. of alpha electrons                           = 10
    No. of beta electrons                            = 10
Multiplicity                                         = 1

Geometry
========
Mg       0.0000000       0.0000000       0.8639034
 O       0.0000000       0.0000000      -0.8639034

No violations of the orthonormality
No violations of the orthonormality
 
PNOF9/ADABelief Calculation
==================
 
  Nitext  Nit_orb  Time   Nit_occ  Time         Eelec          Etot           Ediff      maxdiff    MaxGrad_orb  Grad_occ
     1      10    2.6e+01    7    2.0e+01  -304.31579328  -274.91383233 -10303.31579328   0.003140   1.3e-02   1.7e-04 0.99
     2      20    1.6e+01    0    6.8e-02  -304.31730268  -274.91534173    -0.00150940   0.003140   1.3e-02   1.7e-04 0.99
     3      40    3.4e+01    3    3.0e-02  -304.31748456  -274.91552361    -0.00018189   0.002197   8.8e-03   1.8e-04 0.99
     4      40    3.0e+01    3    5.2e-02  -304.31752449  -274.91556353    -0.00003992   0.002875   1.2e-02   1.9e-04 0.99
     5      40    3.1e+01    0    4.0e-02  -304.31753032  -274.91556937    -0.00000583   0.002875   1.2e-02   1.9e-04 0.99
     6      48    3.8e+01    1    1.8e-02  -304.31760292  -274.91564196    -0.00007260   0.000492   2.0e-03   1.8e-04 0.99
 
RESULTS OF THE OCCUPATION OPTIMIZATION
========================================
   1    1.9999991  -49.09003159
   2    1.9999847  -20.55338615
   3    1.9975262  -3.81756750
   4    1.9939940  -2.33611386
   5    1.9919530  -2.33317684
   6    1.9905773  -2.33072949
   7    1.9824294  -1.12867215
   8    1.9734813  -0.57249030
   9    1.9732204  -0.54476276
  10    1.0062456  -0.22582855
  11    0.9937170  -0.22336858
  12    0.0165082  -0.02405688
  13    0.0180789  -0.02612933
  14    0.0081178  -0.01851707
  15    0.0026877  -0.01237136
  16    0.0050852  -0.02708077
  17    0.0029882  -0.01247205
  18    0.0020058  -0.01000344
  19    0.0000081  -0.00028959
  20    0.0000007  -0.00002424
  21    0.0000092  -0.00000633
  22    0.0052756  -0.00903919
  23    0.0038375  -0.00694883
  24    0.0043109  -0.00879172
  25    0.0026070  -0.01273473
  26    0.0026695  -0.01223202
  27    0.0028897  -0.01312687
  28    0.0003209  -0.00577944
  29    0.0000018  -0.00004137
  30    0.0000002  -0.00000547
  31    0.0000085  -0.00000487
  32    0.0033613  -0.00633115
  33    0.0030172  -0.00562082
  34    0.0024482  -0.00545911
  35    0.0024581  -0.01080784
  36    0.0001251  -0.00063741
  37    0.0000454  -0.00138344
  38    0.0000838  -0.00130793
  39    0.0000016  -0.00003697
  40    0.0000000  -0.00000061
  41    0.0000062  -0.00000207
  42    0.0006869  -0.00217945
  43    0.0004849  -0.00138839
  44    0.0009068  -0.00290297
  45    0.0013115  -0.00604516
  46    0.0000928  -0.00051803
  47    0.0000175  -0.00011471
  48    0.0000156  -0.00012869
  49    0.0000015  -0.00003497
  50    0.0000000  -0.00000052
  51    0.0000051  -0.00000098
  52    0.0002643  -0.00071001
  53    0.0002857  -0.00082790
  54    0.0007249  -0.00498322
  55    0.0001200  -0.00055317
  56    0.0000367  -0.00019753
  57    0.0000150  -0.00011549
  58    0.0000132  -0.00011000
  59    0.0000013  -0.00003189
  60    0.0000000  -0.00000041
  61    0.0000035  -0.00000095
  62    0.0002246  -0.00061859
  63    0.0002687  -0.00078555
  64    0.0003380  -0.00110188
  65    0.0001163  -0.00065943
  66    0.0000102  -0.00008552
  67    0.0000138  -0.00010826
  68    0.0000093  -0.00047102
  69    0.0000004  -0.00003598
  70    0.0000000  -0.00000033
  71    0.0000032  -0.00000051
  72    0.0001938  -0.00058780
  73    0.0002035  -0.00052300
  74    0.0002764  -0.00099089
  75    0.0001026  -0.00051880
  76    0.0000097  -0.00008231
  77    0.0000124  -0.00009853
  78    0.0000087  -0.00017593
  79    0.0000003  -0.00001349
  80    0.0000000  -0.00000030
  81    0.0000008  -0.00000050
  82    0.0001900  -0.00057018
  83    0.0001745  -0.00050541
  84    0.0002445  -0.00078353
  85    0.0000117  -0.00009313
  86    0.0000092  -0.00007731
  87    0.0000122  -0.00009747
  88    0.0000086  -0.00009720
  89    0.0000002  -0.00000590
  90    0.0000000  -0.00000027
  91    0.0000008  -0.00000031
  92    0.0000750  -0.00022589
  93    0.0001679  -0.00047284
  94    0.0002033  -0.00069340
  95    0.0000077  -0.00006439
  96    0.0000086  -0.00007233
  97    0.0000117  -0.00020407
  98    0.0000079  -0.00007129
  99    0.0000001  -0.00000193
 100    0.0000000  -0.00000028
 
----------------
 Final Energies 
----------------
Final NOF Total Energy =    -274.9156420
 
Total Orbital Internal Iterations = 198
Total Occupation Internal Iterations = 14
 
Elapsed time:  207.03 Seconds

---------------------------------
   Lowdin Population Analysis    
---------------------------------
 Idx  Atom   Population   Charge 
---------------------------------
  1    Mg    11.920       0.080
  2     O     8.080      -0.080

---------------------------------
   M Diagnostic: 0.99
---------------------------------

Recovering execution output...
Moving from /scratch/pobleyef/203120 to /home-nas/pobleyef/Poison-NOF/ncwomax/P30-5/GNOFmodulated20/arina.203120
mkdir -p /home-nas/pobleyef/Poison-NOF/ncwomax/P30-5/GNOFmodulated20/arina.203120
mv /scratch/pobleyef/203120/* /home-nas/pobleyef/Poison-NOF/ncwomax/P30-5/GNOFmodulated20/arina.203120
