BH76_9_hf
/software/eb2024/easybuild/software/common/software/Julia/1.11.3-linux-x86_64/bin/julia
Job runing on na09
Choosing scratch ...
Automatic scratch folder selection
/scratch/pobleyef/203127
/scratch/pobleyef/203127 directory
cp BH76_9_hf.jl BH76_9_hf.jld2 to  /scratch/pobleyef/203127/.
Computing Integrals
Elapsed time:    3.71 Seconds

Number of basis functions                   (NBF)    = 87
Number of auxiliary basis functions         (NBFAUX) = 95
Inactive Doubly occupied orbitals up to     (NO1)    = 0
No. considered Strongly Doubly occupied MOs (NDOC)   = 5
No. considered Strongly Singly occupied MOs (NSOC)   = 0
NO. of Weakly occ. per St. Doubly occ.  MOs (NCWO)   = 16
Dimension of the Nat. Orb. subspace         (NBF5)   = 85
No. of electrons                                     = 10
    No. of alpha electrons                           = 5
    No. of beta electrons                            = 5
Multiplicity                                         = 1

Geometry
========
 F       0.0000000       0.0000000       0.4576912
 H       0.0000000       0.0000000      -0.4576912

No violations of the orthonormality
No violations of the orthonormality
 
PNOF9/ADABelief Calculation
==================
 
  Nitext  Nit_orb  Time   Nit_occ  Time         Eelec          Etot           Ediff      maxdiff    MaxGrad_orb  Grad_occ
     1      10    1.7e+01    7    2.0e+01  -105.57493042  -100.37209396 -10104.57493042   0.003116   1.2e-02   1.7e-04 0.02
     2      20    1.0e-01    0    1.0e-02  -105.57629240  -100.37345595    -0.00136198   0.003116   1.2e-02   1.7e-04 0.02
     3      40    1.7e-01    4    2.1e-02  -105.57643635  -100.37359990    -0.00014395   0.001208   4.8e-03   1.3e-04 0.02
     4      40    1.8e-01    1    1.2e-02  -105.57646613  -100.37362968    -0.00002978   0.001416   5.7e-03   1.4e-04 0.02
     5      40    1.9e-01    0    8.7e-03  -105.57647126  -100.37363480    -0.00000513   0.001358   5.4e-03   1.7e-04 0.02
     6      50    2.4e-01    0    8.2e-03  -105.57648233  -100.37364587    -0.00001107   0.000950   3.8e-03   1.9e-04 0.02
 
RESULTS OF THE OCCUPATION OPTIMIZATION
========================================
   1    1.9999924  -26.33954340
   2    1.9887474  -1.58295230
   3    1.9749078  -0.87248427
   4    1.9819361  -0.69789046
   5    1.9800821  -0.69768579
   6    0.0104788  -0.01997645
   7    0.0109999  -0.02042121
   8    0.0206509  -0.03516386
   9    0.0065146  -0.02143400
  10    0.0000068  -0.00031102
  11    0.0039853  -0.00936485
  12    0.0041212  -0.00947822
  13    0.0034238  -0.00842152
  14    0.0029654  -0.00893574
  15    0.0000003  -0.00004570
  16    0.0039124  -0.00945419
  17    0.0011837  -0.00437798
  18    0.0003402  -0.00117183
  19    0.0005041  -0.00518943
  20    0.0000001  -0.00000200
  21    0.0007444  -0.00267323
  22    0.0007574  -0.00269955
  23    0.0002901  -0.00102010
  24    0.0004229  -0.00159748
  25    0.0000000  -0.00000101
  26    0.0002667  -0.00097488
  27    0.0002970  -0.00114472
  28    0.0002318  -0.00090671
  29    0.0002363  -0.00101362
  30    0.0000000  -0.00000099
  31    0.0002277  -0.00085252
  32    0.0002749  -0.00102147
  33    0.0000480  -0.00023648
  34    0.0002321  -0.00100925
  35    0.0000000  -0.00000077
  36    0.0001268  -0.00056899
  37    0.0002489  -0.00096314
  38    0.0000296  -0.00011180
  39    0.0002114  -0.00093304
  40    0.0000000  -0.00000060
  41    0.0000670  -0.00031519
  42    0.0000716  -0.00041676
  43    0.0000209  -0.00011768
  44    0.0000644  -0.00098991
  45    0.0000000  -0.00000052
  46    0.0000317  -0.00012893
  47    0.0000217  -0.00013814
  48    0.0000177  -0.00008177
  49    0.0000252  -0.00015494
  50    0.0000000  -0.00000049
  51    0.0000147  -0.00010485
  52    0.0000166  -0.00011134
  53    0.0000149  -0.00009890
  54    0.0000150  -0.00013965
  55    0.0000000  -0.00000053
  56    0.0000141  -0.00010241
  57    0.0000149  -0.00010274
  58    0.0000082  -0.00002842
  59    0.0000135  -0.00011147
  60    0.0000000  -0.00000047
  61    0.0000141  -0.00010194
  62    0.0000141  -0.00010500
  63    0.0000052  -0.00000783
  64    0.0000125  -0.00010575
  65    0.0000000  -0.00000043
  66    0.0000112  -0.00006793
  67    0.0000135  -0.00010336
  68    0.0000033  -0.00001219
  69    0.0000111  -0.00010724
  70    0.0000000  -0.00000034
  71    0.0000095  -0.00005521
  72    0.0000133  -0.00010085
  73    0.0000030  -0.00001088
  74    0.0000108  -0.00010095
  75    0.0000000  -0.00000035
  76    0.0000069  -0.00003007
  77    0.0000085  -0.00005670
  78    0.0000025  -0.00000956
  79    0.0000070  -0.00004377
  80    0.0000000  -0.00000032
  81    0.0000067  -0.00003396
  82    0.0000066  -0.00003889
  83    0.0000021  -0.00000403
  84    0.0000062  -0.00003789
  85    0.0000000  -0.00000034
 
----------------
 Final Energies 
----------------
Final NOF Total Energy =    -100.3736459
 
Total Orbital Internal Iterations = 200
Total Occupation Internal Iterations = 12
 
Elapsed time:   48.73 Seconds

---------------------------------
   Lowdin Population Analysis    
---------------------------------
 Idx  Atom   Population   Charge 
---------------------------------
  1     F     8.511       0.489
  2     H     1.489      -0.489

---------------------------------
   M Diagnostic: 0.02
---------------------------------

Recovering execution output...
Moving from /scratch/pobleyef/203127 to /home-nas/pobleyef/Poison-NOF/ncwomax/P30-5/GNOFmodulated20/arina.203127
mkdir -p /home-nas/pobleyef/Poison-NOF/ncwomax/P30-5/GNOFmodulated20/arina.203127
mv /scratch/pobleyef/203127/* /home-nas/pobleyef/Poison-NOF/ncwomax/P30-5/GNOFmodulated20/arina.203127
