BH76_9_hf2ts
/software/eb2024/easybuild/software/common/software/Julia/1.11.3-linux-x86_64/bin/julia
Job runing on na09
Choosing scratch ...
Automatic scratch folder selection
/scratch/pobleyef/203126
/scratch/pobleyef/203126 directory
cp BH76_9_hf2ts.jl BH76_9_hf2ts.jld2 to  /scratch/pobleyef/203126/.
Computing Integrals
Elapsed time:    6.82 Seconds

Number of basis functions                   (NBF)    = 144
Number of auxiliary basis functions         (NBFAUX) = 172
Inactive Doubly occupied orbitals up to     (NO1)    = 0
No. considered Strongly Doubly occupied MOs (NDOC)   = 9
No. considered Strongly Singly occupied MOs (NSOC)   = 1
NO. of Weakly occ. per St. Doubly occ.  MOs (NCWO)   = 14
Dimension of the Nat. Orb. subspace         (NBF5)   = 136
No. of electrons                                     = 19
    No. of alpha electrons                           = 10
    No. of beta electrons                            = 9
Multiplicity                                         = 2

Geometry
========
 H       0.0000000       0.0000000      -1.5701571
 F       0.0000000       0.0000000       0.0449024
 F       0.0000000       0.0000000       1.5252546

No violations of the orthonormality
No violations of the orthonormality
 
PNOF9/ADABelief Calculation
==================
 
  Nitext  Nit_orb  Time   Nit_occ  Time         Eelec          Etot           Ediff      maxdiff    MaxGrad_orb  Grad_occ
     1      10    3.4e+01    8    2.0e+01  -233.28051657  -199.83828504 -10232.28051657   0.002851   1.1e-02   1.7e-04 0.04
     2      20    2.7e+01    0    5.2e-02  -233.28451196  -199.84228043    -0.00399539   0.002851   1.1e-02   1.7e-04 0.04
     3      40    5.4e+01    2    8.0e-02  -233.28477270  -199.84254118    -0.00026075   0.004451   1.8e-02   2.4e-04 0.04
     4      40    5.6e+01    4    1.6e-01  -233.28486152  -199.84262999    -0.00008881   0.003458   1.4e-02   2.0e-04 0.04
     5      40    5.5e+01    0    3.8e-02  -233.28486969  -199.84263817    -0.00000818   0.003458   1.4e-02   2.0e-04 0.04
     6      40    5.7e+01    2    6.2e-02  -233.28498072  -199.84274919    -0.00011102   0.000480   1.9e-03   2.0e-04 0.04
 
RESULTS OF THE OCCUPATION OPTIMIZATION
========================================
   1    1.9999918  -26.45644349
   2    1.9999922  -26.45636968
   3    1.9886388  -1.65413214
   4    1.9893036  -1.59440092
   5    1.9844070  -0.82271201
   6    1.9571110  -0.80508797
   7    1.9838371  -0.79351152
   8    1.9797159  -0.77437995
   9    1.9796716  -0.75763336
  10    1.0000000  -0.25223807
  11    0.0087959  -0.01840378
  12    0.0089021  -0.01868709
  13    0.0099087  -0.01981936
  14    0.0425121  -0.08149342
  15    0.0100209  -0.02124315
  16    0.0068368  -0.02063357
  17    0.0059013  -0.02084893
  18    0.0000029  -0.00006323
  19    0.0000038  -0.00018808
  20    0.0038967  -0.00984706
  21    0.0038459  -0.00984723
  22    0.0039433  -0.00980038
  23    0.0001343  -0.00038222
  24    0.0031222  -0.00757589
  25    0.0021388  -0.00658742
  26    0.0019628  -0.00635704
  27    0.0000013  -0.00003637
  28    0.0000012  -0.00002940
  29    0.0037530  -0.00935613
  30    0.0037105  -0.00955266
  31    0.0007039  -0.00252526
  32    0.0000797  -0.00025024
  33    0.0006383  -0.00231181
  34    0.0005742  -0.00451538
  35    0.0018800  -0.00600394
  36    0.0000011  -0.00002829
  37    0.0000008  -0.00001363
  38    0.0028579  -0.00709547
  39    0.0026635  -0.00684205
  40    0.0005325  -0.00440717
  41    0.0000796  -0.00025028
  42    0.0005601  -0.00310361
  43    0.0002395  -0.00106179
  44    0.0007380  -0.00391908
  45    0.0000006  -0.00001383
  46    0.0000008  -0.00001350
  47    0.0002980  -0.00101673
  48    0.0006562  -0.00240392
  49    0.0002782  -0.00107376
  50    0.0000219  -0.00004220
  51    0.0002800  -0.00108366
  52    0.0002365  -0.00103945
  53    0.0002407  -0.00108893
  54    0.0000005  -0.00001250
  55    0.0000004  -0.00001452
  56    0.0002390  -0.00092902
  57    0.0002219  -0.00080866
  58    0.0002475  -0.00092286
  59    0.0000140  -0.00003686
  60    0.0002790  -0.00108101
  61    0.0001942  -0.00088405
  62    0.0002167  -0.00099073
  63    0.0000005  -0.00005654
  64    0.0000003  -0.00001198
  65    0.0001726  -0.00066422
  66    0.0001949  -0.00069378
  67    0.0002305  -0.00088127
  68    0.0000086  -0.00005971
  69    0.0002609  -0.00100564
  70    0.0001719  -0.00075767
  71    0.0002098  -0.00095251
  72    0.0000003  -0.00002339
  73    0.0000003  -0.00001521
  74    0.0001715  -0.00067601
  75    0.0000152  -0.00011355
  76    0.0002149  -0.00075179
  77    0.0000074  -0.00005783
  78    0.0002148  -0.00083215
  79    0.0001561  -0.00101274
  80    0.0000800  -0.00048979
  81    0.0000002  -0.00000384
  82    0.0000002  -0.00000432
  83    0.0000769  -0.00042152
  84    0.0000143  -0.00010655
  85    0.0000308  -0.00019967
  86    0.0000070  -0.00005440
  87    0.0001405  -0.00071337
  88    0.0000756  -0.00115381
  89    0.0000605  -0.00120721
  90    0.0000001  -0.00000356
  91    0.0000001  -0.00000208
  92    0.0000171  -0.00013500
  93    0.0000139  -0.00010271
  94    0.0000171  -0.00012651
  95    0.0000067  -0.00005497
  96    0.0000205  -0.00016924
  97    0.0000174  -0.00014835
  98    0.0000161  -0.00014035
  99    0.0000001  -0.00000277
 100    0.0000001  -0.00000148
 101    0.0000139  -0.00009902
 102    0.0000135  -0.00010825
 103    0.0000154  -0.00011600
 104    0.0000063  -0.00005387
 105    0.0000157  -0.00012598
 106    0.0000157  -0.00012356
 107    0.0000155  -0.00013053
 108    0.0000001  -0.00000116
 109    0.0000001  -0.00000148
 110    0.0000131  -0.00009541
 111    0.0000127  -0.00009191
 112    0.0000148  -0.00011354
 113    0.0000055  -0.00005348
 114    0.0000153  -0.00011790
 115    0.0000151  -0.00012065
 116    0.0000141  -0.00012505
 117    0.0000001  -0.00000062
 118    0.0000001  -0.00000108
 119    0.0000126  -0.00010378
 120    0.0000110  -0.00008239
 121    0.0000138  -0.00009891
 122    0.0000051  -0.00004967
 123    0.0000133  -0.00009702
 124    0.0000129  -0.00030215
 125    0.0000137  -0.00014279
 126    0.0000001  -0.00000077
 127    0.0000000  -0.00000027
 128    0.0000105  -0.00007981
 129    0.0000085  -0.00007383
 130    0.0000118  -0.00008876
 131    0.0000009  -0.00001266
 132    0.0000115  -0.00008643
 133    0.0000118  -0.00012021
 134    0.0000121  -0.00009730
 135    0.0000000  -0.00000028
 136    0.0000000  -0.00000013
 
----------------
 Final Energies 
----------------
Final NOF Total Energy =    -199.8427492
 
Total Orbital Internal Iterations = 190
Total Occupation Internal Iterations = 16
 
Elapsed time:  316.76 Seconds

---------------------------------
   Lowdin Population Analysis    
---------------------------------
 Idx  Atom   Population   Charge 
---------------------------------
  1     H     1.010      -0.010
  2     F     8.969       0.031
  3     F     9.021      -0.021

---------------------------------
   M Diagnostic: 0.04
---------------------------------

Recovering execution output...
Moving from /scratch/pobleyef/203126 to /home-nas/pobleyef/Poison-NOF/ncwomax/P30-5/GNOFmodulated20/arina.203126
mkdir -p /home-nas/pobleyef/Poison-NOF/ncwomax/P30-5/GNOFmodulated20/arina.203126
mv /scratch/pobleyef/203126/* /home-nas/pobleyef/Poison-NOF/ncwomax/P30-5/GNOFmodulated20/arina.203126
