c
/software/eb2024/easybuild/software/common/software/Julia/1.11.3-linux-x86_64/bin/julia
Job runing on na10
Choosing scratch ...
Automatic scratch folder selection
/scratch/pobleyef/203130
/scratch/pobleyef/203130 directory
cp c.jl c.jld2 to  /scratch/pobleyef/203130/.
Computing Integrals
Elapsed time:    3.67 Seconds

Number of basis functions                   (NBF)    = 57
Number of auxiliary basis functions         (NBFAUX) = 75
Inactive Doubly occupied orbitals up to     (NO1)    = 0
No. considered Strongly Doubly occupied MOs (NDOC)   = 2
No. considered Strongly Singly occupied MOs (NSOC)   = 2
NO. of Weakly occ. per St. Doubly occ.  MOs (NCWO)   = 26
Dimension of the Nat. Orb. subspace         (NBF5)   = 56
No. of electrons                                     = 6
    No. of alpha electrons                           = 4
    No. of beta electrons                            = 2
Multiplicity                                         = 3

Geometry
========
 C       0.0000000       0.0000000       0.0000000

No violations of the orthonormality
No violations of the orthonormality
 
PNOF9/ADABelief Calculation
==================
 
  Nitext  Nit_orb  Time   Nit_occ  Time         Eelec          Etot           Ediff      maxdiff    MaxGrad_orb  Grad_occ
     1      10    1.7e+01    5    2.0e+01   -37.80315155   -37.80315155 -10036.80315155   0.002860   1.1e-02   1.1e-04 0.05
     2      20    1.6e-01    0    1.1e-02   -37.80373572   -37.80373572    -0.00058417   0.002860   1.1e-02   1.1e-04 0.05
     3      40    1.2e-01    1    6.2e-03   -37.80375597   -37.80375597    -0.00002024   0.001630   6.5e-03   1.4e-04 0.05
     4      40    1.4e-01    2    5.3e-03   -37.80376762   -37.80376762    -0.00001165   0.001371   5.5e-03   1.0e-04 0.05
     5      40    1.3e-01    1    5.5e-03   -37.80377540   -37.80377540    -0.00000779   0.001352   5.4e-03   9.0e-05 0.05
     6      40    1.2e-01    0    4.9e-03   -37.80377894   -37.80377894    -0.00000354   0.001118   4.5e-03   9.7e-05 0.05
     7      50    1.5e-01    0    5.3e-03   -37.80378395   -37.80378395    -0.00000501   0.000682   2.7e-03   1.0e-04 0.05
 
RESULTS OF THE OCCUPATION OPTIMIZATION
========================================
   1    1.9995848  -11.32360194
   2    1.9441892  -0.73293968
   3    1.0000000  -0.23043467
   4    1.0000000  -0.23042357
   5    0.0358397  -0.02479326
   6    0.0003077  -0.00601980
   7    0.0063462  -0.00866823
   8    0.0000762  -0.00092156
   9    0.0029206  -0.00364117
  10    0.0000089  -0.00029942
  11    0.0029164  -0.00363400
  12    0.0000077  -0.00007301
  13    0.0020077  -0.00267132
  14    0.0000069  -0.00009343
  15    0.0020006  -0.00266962
  16    0.0000007  -0.00004613
  17    0.0008745  -0.00117705
  18    0.0000006  -0.00001082
  19    0.0008687  -0.00117879
  20    0.0000005  -0.00001015
  21    0.0006370  -0.00085539
  22    0.0000005  -0.00000917
  23    0.0002862  -0.00053748
  24    0.0000004  -0.00000851
  25    0.0002802  -0.00053385
  26    0.0000004  -0.00000820
  27    0.0001487  -0.00029279
  28    0.0000004  -0.00000779
  29    0.0001292  -0.00028358
  30    0.0000004  -0.00000757
  31    0.0001036  -0.00018749
  32    0.0000004  -0.00000579
  33    0.0000950  -0.00018386
  34    0.0000003  -0.00000550
  35    0.0000681  -0.00012813
  36    0.0000003  -0.00000521
  37    0.0000658  -0.00012849
  38    0.0000003  -0.00000424
  39    0.0000583  -0.00013586
  40    0.0000003  -0.00000382
  41    0.0000382  -0.00012274
  42    0.0000003  -0.00000360
  43    0.0000342  -0.00010318
  44    0.0000003  -0.00000376
  45    0.0000269  -0.00005798
  46    0.0000003  -0.00000298
  47    0.0000155  -0.00004507
  48    0.0000003  -0.00000281
  49    0.0000152  -0.00004302
  50    0.0000003  -0.00000279
  51    0.0000121  -0.00004143
  52    0.0000003  -0.00000151
  53    0.0000116  -0.00003213
  54    0.0000002  -0.00000152
  55    0.0000105  -0.00003194
  56    0.0000002  -0.00000146
 
----------------
 Final Energies 
----------------
Final NOF Total Energy =     -37.8037839
 
Total Orbital Internal Iterations = 240
Total Occupation Internal Iterations = 9
 
Elapsed time:   48.78 Seconds

---------------------------------
   Lowdin Population Analysis    
---------------------------------
 Idx  Atom   Population   Charge 
---------------------------------
  1     C     6.000      -0.000

---------------------------------
   M Diagnostic: 0.05
---------------------------------

Recovering execution output...
Moving from /scratch/pobleyef/203130 to /home-nas/pobleyef/Poison-NOF/ncwomax/P30-5/GNOFmodulated20/arina.203130
mkdir -p /home-nas/pobleyef/Poison-NOF/ncwomax/P30-5/GNOFmodulated20/arina.203130
mv /scratch/pobleyef/203130/* /home-nas/pobleyef/Poison-NOF/ncwomax/P30-5/GNOFmodulated20/arina.203130
