ca
/software/eb2024/easybuild/software/common/software/Julia/1.11.3-linux-x86_64/bin/julia
Job runing on na10
Choosing scratch ...
Automatic scratch folder selection
/scratch/pobleyef/203129
/scratch/pobleyef/203129 directory
cp ca.jl ca.jld2 to  /scratch/pobleyef/203129/.
Computing Integrals
Elapsed time:    3.64 Seconds

Number of basis functions                   (NBF)    = 56
Number of auxiliary basis functions         (NBFAUX) = 160
Inactive Doubly occupied orbitals up to     (NO1)    = 0
No. considered Strongly Doubly occupied MOs (NDOC)   = 10
No. considered Strongly Singly occupied MOs (NSOC)   = 0
NO. of Weakly occ. per St. Doubly occ.  MOs (NCWO)   = 4
Dimension of the Nat. Orb. subspace         (NBF5)   = 50
No. of electrons                                     = 20
    No. of alpha electrons                           = 10
    No. of beta electrons                            = 10
Multiplicity                                         = 1

Geometry
========
Ca       0.0000000       0.0000000       0.0000000

No violations of the orthonormality
No violations of the orthonormality
 
PNOF9/ADABelief Calculation
==================
 
  Nitext  Nit_orb  Time   Nit_occ  Time         Eelec          Etot           Ediff      maxdiff    MaxGrad_orb  Grad_occ
     1      10    1.7e+01    7    2.0e+01  -677.16765385  -677.16765385 -10676.16765385   0.002943   1.2e-02   1.6e-04 0.02
     2      20    8.8e-02    0    1.6e-03  -677.17147375  -677.17147375    -0.00381990   0.002943   1.2e-02   1.6e-04 0.02
     3      40    1.0e-01    4    5.2e-03  -677.17148483  -677.17148483    -0.00001107   0.003957   1.6e-02   1.7e-04 0.02
     4      40    9.1e-02    1    4.2e-03  -677.17158568  -677.17158568    -0.00010086   0.002836   1.1e-02   1.6e-04 0.02
     5      40    9.1e-02    0    1.5e-03  -677.17158713  -677.17158713    -0.00000144   0.002836   1.1e-02   1.6e-04 0.02
     6      47    1.1e-01    1    2.2e-03  -677.17162038  -677.17162038    -0.00003326   0.000479   1.9e-03   1.7e-04 0.02
 
RESULTS OF THE OCCUPATION OPTIMIZATION
========================================
   1    1.9999998  -149.37319357
   2    1.9999897  -16.84012073
   3    1.9999801  -13.63112631
   4    1.9999231  -13.63079145
   5    1.9999860  -13.63062815
   6    1.9865146  -2.25499963
   7    1.9776391  -1.20724427
   8    1.9770664  -1.17772319
   9    1.9736742  -0.94343815
  10    1.9736160  -0.93947849
  11    0.0207008  -0.03552492
  12    0.0201472  -0.03517587
  13    0.0215262  -0.03912385
  14    0.0135649  -0.03202200
  15    0.0119443  -0.03214374
  16    0.0000101  -0.00063724
  17    0.0000740  -0.00472437
  18    0.0000132  -0.00100842
  19    0.0000068  -0.00022120
  20    0.0000002  -0.00000159
  21    0.0044286  -0.00805415
  22    0.0042752  -0.00790338
  23    0.0010476  -0.00258888
  24    0.0060268  -0.02906228
  25    0.0007611  -0.00656544
  26    0.0000018  -0.00003775
  27    0.0000015  -0.00002378
  28    0.0000032  -0.00016760
  29    0.0000018  -0.00003784
  30    0.0000000  -0.00000032
  31    0.0010317  -0.00246423
  32    0.0010167  -0.00246244
  33    0.0001940  -0.00037518
  34    0.0026929  -0.00666887
  35    0.0007131  -0.00795608
  36    0.0000017  -0.00002550
  37    0.0000011  -0.00002022
  38    0.0000029  -0.00004731
  39    0.0000013  -0.00002227
  40    0.0000000  -0.00000031
  41    0.0002230  -0.00039300
  42    0.0008868  -0.00211594
  43    0.0001658  -0.00033808
  44    0.0000763  -0.00020701
  45    0.0000669  -0.00020499
  46    0.0000005  -0.00000715
  47    0.0000004  -0.00000248
  48    0.0000007  -0.00001618
  49    0.0000004  -0.00000249
  50    0.0000000  -0.00000031
 
----------------
 Final Energies 
----------------
Final NOF Total Energy =    -677.1716204
 
Total Orbital Internal Iterations = 197
Total Occupation Internal Iterations = 13
 
Elapsed time:   48.05 Seconds

---------------------------------
   Lowdin Population Analysis    
---------------------------------
 Idx  Atom   Population   Charge 
---------------------------------
  1    Ca    20.000      -0.000

---------------------------------
   M Diagnostic: 0.02
---------------------------------

Recovering execution output...
Moving from /scratch/pobleyef/203129 to /home-nas/pobleyef/Poison-NOF/ncwomax/P30-5/GNOFmodulated20/arina.203129
mkdir -p /home-nas/pobleyef/Poison-NOF/ncwomax/P30-5/GNOFmodulated20/arina.203129
mv /scratch/pobleyef/203129/* /home-nas/pobleyef/Poison-NOF/ncwomax/P30-5/GNOFmodulated20/arina.203129
