G2RC_10_67
/software/eb2024/easybuild/software/common/software/Julia/1.11.3-linux-x86_64/bin/julia
Job runing on na03
Choosing scratch ...
Automatic scratch folder selection
/scratch/pobleyef/204630
/scratch/pobleyef/204630 directory
cp G2RC_10_67.jl G2RC_10_67.jld2 to  /scratch/pobleyef/204630/.
Computing Integrals
Elapsed time:   52.09 Seconds

Number of basis functions                   (NBF)    = 170
Number of auxiliary basis functions         (NBFAUX) = 605
Inactive Doubly occupied orbitals up to     (NO1)    = 0
No. considered Strongly Doubly occupied MOs (NDOC)   = 41
No. considered Strongly Singly occupied MOs (NSOC)   = 0
NO. of Weakly occ. per St. Doubly occ.  MOs (NCWO)   = 3
Dimension of the Nat. Orb. subspace         (NBF5)   = 164
No. of electrons                                     = 82
    No. of alpha electrons                           = 41
    No. of beta electrons                            = 41
Multiplicity                                         = 1

Geometry
========
Si       0.0000000       0.0000000       0.0000000
Cl       1.1825283      -1.1825283       1.1825283
Cl      -1.1825283       1.1825283       1.1825283
Cl      -1.1825283      -1.1825283      -1.1825283
Cl       1.1825283       1.1825283      -1.1825283

No violations of the orthonormality
No violations of the orthonormality
 
PNOF9/ADABelief Calculation
==================
 
  Nitext  Nit_orb  Time   Nit_occ  Time         Eelec          Etot           Ediff      maxdiff    MaxGrad_orb  Grad_occ
     1      10    6.8e+01    0    2.1e+01 -2648.78048857 -2128.47786564 -12647.78048857   0.000997   4.0e-03   2.1e-04 0.03
 
RESULTS OF THE OCCUPATION OPTIMIZATION
========================================
   1    1.9999995  -104.88256626
   2    1.9999996  -104.88253996
   3    1.9999996  -104.88253301
   4    1.9999996  -104.88252929
   5    1.9999991  -68.96162585
   6    1.9999215  -10.59847411
   7    1.9999155  -10.59822416
   8    1.9999125  -10.59813410
   9    1.9999097  -10.59800894
  10    1.9998055  -8.06241047
  11    1.9998051  -8.06203856
  12    1.9998058  -8.06151214
  13    1.9997857  -7.98942360
  14    1.9997833  -7.98381318
  15    1.9997690  -7.88893398
  16    1.9997690  -7.88378449
  17    1.9997663  -7.86472643
  18    1.9997644  -7.85397896
  19    1.9997607  -7.83749238
  20    1.9997444  -7.74910295
  21    1.9997392  -7.71618151
  22    1.9996688  -6.84555431
  23    1.9994969  -5.48649625
  24    1.9992841  -4.51897558
  25    1.9992211  -4.38631054
  26    1.9834860  -1.12073213
  27    1.9834560  -1.12051175
  28    1.9818690  -1.11972253
  29    1.9826186  -1.11898881
  30    1.9737541  -0.65664069
  31    1.9734994  -0.65646498
  32    1.9737445  -0.65637584
  33    1.9738128  -0.65607977
  34    1.9730906  -0.52693929
  35    1.9715594  -0.52686016
  36    1.9715683  -0.52680028
  37    1.9741466  -0.52671586
  38    1.9721749  -0.52656273
  39    1.9718851  -0.52633617
  40    1.9694261  -0.52592187
  41    1.9694919  -0.52585294
  42    0.0110301  -0.01535313
  43    0.0110280  -0.01535798
  44    0.0110832  -0.01663467
  45    0.0111080  -0.01666530
  46    0.0113596  -0.01674104
  47    0.0109586  -0.01635426
  48    0.0109740  -0.01642464
  49    0.0112643  -0.01655119
  50    0.0241102  -0.03945709
  51    0.0241541  -0.03942064
  52    0.0241055  -0.03931197
  53    0.0241109  -0.03943321
  54    0.0069881  -0.01879274
  55    0.0069004  -0.01849989
  56    0.0067101  -0.01854350
  57    0.0066980  -0.01855814
  58    0.0004482  -0.00269182
  59    0.0003627  -0.00217876
  60    0.0001818  -0.00113958
  61    0.0001137  -0.00079466
  62    0.0001000  -0.00075968
  63    0.0000930  -0.00071026
  64    0.0000917  -0.00070121
  65    0.0000890  -0.00068897
  66    0.0000903  -0.00069741
  67    0.0000886  -0.00068819
  68    0.0000942  -0.00072460
  69    0.0000859  -0.00068016
  70    0.0000863  -0.00068086
  71    0.0000868  -0.00068207
  72    0.0000875  -0.00068447
  73    0.0000754  -0.00059824
  74    0.0000359  -0.00034912
  75    0.0000364  -0.00035297
  76    0.0000365  -0.00035097
  77    0.0000351  -0.00034178
  78    0.0000005  -0.00002891
  79    0.0000002  -0.00001588
  80    0.0000002  -0.00001683
  81    0.0000002  -0.00001427
  82    0.0000003  -0.00001901
  83    0.0097645  -0.01364939
  84    0.0097732  -0.01365262
  85    0.0092608  -0.01385491
  86    0.0086628  -0.01366645
  87    0.0100408  -0.01435564
  88    0.0097416  -0.01413907
  89    0.0097111  -0.01413396
  90    0.0099313  -0.01420565
  91    0.0011998  -0.00254134
  92    0.0012168  -0.00259117
  93    0.0012466  -0.00259355
  94    0.0012369  -0.00260235
  95    0.0055617  -0.01277428
  96    0.0056813  -0.01323759
  97    0.0059777  -0.01413917
  98    0.0059831  -0.01415669
  99    0.0001774  -0.00108965
 100    0.0001768  -0.00103653
 101    0.0001644  -0.00104492
 102    0.0001093  -0.00076710
 103    0.0000826  -0.00065676
 104    0.0000912  -0.00070012
 105    0.0000779  -0.00060291
 106    0.0000772  -0.00060367
 107    0.0000752  -0.00059005
 108    0.0000766  -0.00060615
 109    0.0000700  -0.00053687
 110    0.0000670  -0.00051847
 111    0.0000726  -0.00056459
 112    0.0000743  -0.00057982
 113    0.0000697  -0.00053095
 114    0.0000682  -0.00052827
 115    0.0000349  -0.00033749
 116    0.0000345  -0.00032985
 117    0.0000332  -0.00029887
 118    0.0000245  -0.00021620
 119    0.0000002  -0.00001705
 120    0.0000001  -0.00000714
 121    0.0000001  -0.00000652
 122    0.0000001  -0.00000727
 123    0.0000001  -0.00001034
 124    0.0097134  -0.01383563
 125    0.0097727  -0.01389014
 126    0.0077709  -0.01389494
 127    0.0080542  -0.01385978
 128    0.0044529  -0.00992758
 129    0.0077316  -0.01387324
 130    0.0077554  -0.01388324
 131    0.0057138  -0.01119962
 132    0.0008772  -0.00213526
 133    0.0008846  -0.00217341
 134    0.0011485  -0.00243102
 135    0.0008982  -0.00203010
 136    0.0048315  -0.01146409
 137    0.0055493  -0.01201598
 138    0.0038562  -0.01060384
 139    0.0038329  -0.01058297
 140    0.0001533  -0.00091538
 141    0.0001764  -0.00103862
 142    0.0001568  -0.00096516
 143    0.0001082  -0.00075777
 144    0.0000781  -0.00059837
 145    0.0000715  -0.00055080
 146    0.0000697  -0.00053178
 147    0.0000694  -0.00052903
 148    0.0000681  -0.00052152
 149    0.0000657  -0.00050648
 150    0.0000668  -0.00051194
 151    0.0000638  -0.00049643
 152    0.0000554  -0.00044696
 153    0.0000331  -0.00025782
 154    0.0000377  -0.00033037
 155    0.0000509  -0.00040908
 156    0.0000194  -0.00019150
 157    0.0000166  -0.00016272
 158    0.0000148  -0.00015019
 159    0.0000189  -0.00017939
 160    0.0000002  -0.00001206
 161    0.0000001  -0.00000560
 162    0.0000001  -0.00000468
 163    0.0000001  -0.00000348
 164    0.0000001  -0.00000484
 
----------------
 Final Energies 
----------------
Final NOF Total Energy =   -2128.4778656
 
Total Orbital Internal Iterations = 10
Total Occupation Internal Iterations = 0
 
Elapsed time:  101.95 Seconds

---------------------------------
   Lowdin Population Analysis    
---------------------------------
 Idx  Atom   Population   Charge 
---------------------------------
  1    Si    14.548      -0.548
  2    Cl    16.862       0.138
  3    Cl    16.864       0.136
  4    Cl    16.864       0.136
  5    Cl    16.862       0.138

---------------------------------
   M Diagnostic: 0.03
---------------------------------

Recovering execution output...
Moving from /scratch/pobleyef/204630 to /home-nas/pobleyef/Poison-NOF/ncwomax/P30-5/GNOFmodulated20/arina.204630
mkdir -p /home-nas/pobleyef/Poison-NOF/ncwomax/P30-5/GNOFmodulated20/arina.204630
mv /scratch/pobleyef/204630/* /home-nas/pobleyef/Poison-NOF/ncwomax/P30-5/GNOFmodulated20/arina.204630
