G2RC_20_68
/software/eb2024/easybuild/software/common/software/Julia/1.11.3-linux-x86_64/bin/julia
Job runing on na05
Choosing scratch ...
Automatic scratch folder selection
/scratch/pobleyef/203141
/scratch/pobleyef/203141 directory
cp G2RC_20_68.jl G2RC_20_68.jld2 to  /scratch/pobleyef/203141/.
Computing Integrals
Elapsed time:   10.56 Seconds

Number of basis functions                   (NBF)    = 171
Number of auxiliary basis functions         (NBFAUX) = 231
Inactive Doubly occupied orbitals up to     (NO1)    = 0
No. considered Strongly Doubly occupied MOs (NDOC)   = 11
No. considered Strongly Singly occupied MOs (NSOC)   = 0
NO. of Weakly occ. per St. Doubly occ.  MOs (NCWO)   = 14
Dimension of the Nat. Orb. subspace         (NBF5)   = 165
No. of electrons                                     = 22
    No. of alpha electrons                           = 11
    No. of beta electrons                            = 11
Multiplicity                                         = 1

Geometry
========
 N       0.0000000       0.0000000      -0.0211861
 N       0.0000000       0.0000000      -1.1424486
 O       0.0000000       0.0000000       1.1636347

No violations of the orthonormality
No violations of the orthonormality
 
PNOF9/ADABelief Calculation
==================
 
  Nitext  Nit_orb  Time   Nit_occ  Time         Eelec          Etot           Ediff      maxdiff    MaxGrad_orb  Grad_occ
     1      10    4.2e+01   10    2.0e+01  -245.42914953  -184.44220104 -10244.42914953   0.003293   1.3e-02   2.2e-04 0.03
     2      20    8.1e+01    0    8.6e-02  -245.43577723  -184.44882874    -0.00662770   0.003293   1.3e-02   2.2e-04 0.03
     3      40    1.7e+02    4    2.2e-01  -245.43623872  -184.44929022    -0.00046149   0.003291   1.3e-02   2.0e-04 0.03
     4      40    1.7e+02    4    1.7e-01  -245.43629484  -184.44934635    -0.00005613   0.003533   1.4e-02   2.5e-04 0.03
     5      40    1.8e+02    1    1.1e-01  -245.43631650  -184.44936801    -0.00002166   0.003107   1.2e-02   1.7e-04 0.03
     6      40    1.7e+02    0    1.3e-01  -245.43632511  -184.44937662    -0.00000861   0.002932   1.2e-02   2.2e-04 0.03
     7      50    2.1e+02    0    9.4e-02  -245.43636578  -184.44941728    -0.00004066   0.002381   9.5e-03   1.8e-04 0.03
     8      60    2.6e+02    0    7.9e-02  -245.43638747  -184.44943898    -0.00002170   0.002200   8.8e-03   2.1e-04 0.03
     9      70    3.2e+02    0    1.5e-01  -245.43640127  -184.44945277    -0.00001379   0.002057   8.2e-03   1.9e-04 0.03
    10      80    3.7e+02    0    1.5e-01  -245.43641671  -184.44946822    -0.00001545   0.001573   6.3e-03   2.1e-04 0.03
    11      90    4.5e+02    0    1.3e-01  -245.43641192  -184.44946343     0.00000479   0.014735   5.9e-02   1.9e-04 0.03
    12      65    3.2e+02    0    7.5e-02  -245.43644038  -184.44949189    -0.00002846   0.000490   2.0e-03   2.0e-04 0.03
 
RESULTS OF THE OCCUPATION OPTIMIZATION
========================================
   1    1.9999886  -19.77336251
   2    1.9999731  -16.24004661
   3    1.9999750  -16.19724636
   4    1.9884647  -1.48988111
   5    1.9876159  -1.26417497
   6    1.9792382  -0.96121673
   7    1.9742769  -0.94969848
   8    1.9817468  -0.73526614
   9    1.9800637  -0.70968597
  10    1.9642568  -0.60064523
  11    1.9643394  -0.57965342
  12    0.0330133  -0.05158853
  13    0.0329440  -0.05160027
  14    0.0060370  -0.01247353
  15    0.0059697  -0.01231049
  16    0.0232416  -0.04597549
  17    0.0144150  -0.02917043
  18    0.0059914  -0.01617555
  19    0.0057603  -0.01830574
  20    0.0000112  -0.00036742
  21    0.0000069  -0.00020127
  22    0.0000062  -0.00025243
  23    0.0021111  -0.00454434
  24    0.0022420  -0.00482159
  25    0.0040016  -0.00867499
  26    0.0041861  -0.00938601
  27    0.0014489  -0.00443725
  28    0.0025920  -0.00611868
  29    0.0026923  -0.00624893
  30    0.0018929  -0.00591233
  31    0.0000030  -0.00004429
  32    0.0000037  -0.00005952
  33    0.0000015  -0.00003014
  34    0.0001547  -0.00046879
  35    0.0001691  -0.00048554
  36    0.0039194  -0.00845088
  37    0.0041225  -0.00865507
  38    0.0004118  -0.00141608
  39    0.0022988  -0.00593767
  40    0.0011835  -0.00525053
  41    0.0016582  -0.00733128
  42    0.0000027  -0.00004697
  43    0.0000035  -0.00005700
  44    0.0000012  -0.00002540
  45    0.0001286  -0.00039257
  46    0.0001250  -0.00039493
  47    0.0036123  -0.00764879
  48    0.0012298  -0.00444397
  49    0.0001595  -0.00061641
  50    0.0008377  -0.00227182
  51    0.0004857  -0.00157495
  52    0.0005065  -0.00178435
  53    0.0000016  -0.00003178
  54    0.0000020  -0.00003225
  55    0.0000006  -0.00001303
  56    0.0000770  -0.00027816
  57    0.0001091  -0.00034662
  58    0.0008717  -0.00285431
  59    0.0009777  -0.00245731
  60    0.0001519  -0.00057600
  61    0.0001722  -0.00054698
  62    0.0004790  -0.00157484
  63    0.0004812  -0.00453522
  64    0.0000014  -0.00002534
  65    0.0000019  -0.00003177
  66    0.0000005  -0.00002085
  67    0.0000699  -0.00026368
  68    0.0000701  -0.00026798
  69    0.0003605  -0.00137376
  70    0.0008903  -0.00287668
  71    0.0000706  -0.00031724
  72    0.0001610  -0.00058188
  73    0.0004656  -0.00337048
  74    0.0003540  -0.00154327
  75    0.0000013  -0.00002479
  76    0.0000017  -0.00004390
  77    0.0000003  -0.00003125
  78    0.0000382  -0.00016836
  79    0.0000247  -0.00010219
  80    0.0003244  -0.00109807
  81    0.0003721  -0.00138226
  82    0.0000623  -0.00030329
  83    0.0001589  -0.00052363
  84    0.0003872  -0.00130909
  85    0.0002332  -0.00091988
  86    0.0000008  -0.00001696
  87    0.0000013  -0.00003635
  88    0.0000002  -0.00000370
  89    0.0000115  -0.00006452
  90    0.0000107  -0.00006143
  91    0.0002071  -0.00068997
  92    0.0003407  -0.00152639
  93    0.0000590  -0.00030044
  94    0.0000336  -0.00017629
  95    0.0002906  -0.00212252
  96    0.0002290  -0.00086009
  97    0.0000006  -0.00001331
  98    0.0000012  -0.00002515
  99    0.0000002  -0.00000340
 100    0.0000109  -0.00005935
 101    0.0000100  -0.00005645
 102    0.0001947  -0.00063960
 103    0.0000485  -0.00033656
 104    0.0000505  -0.00020827
 105    0.0000199  -0.00011193
 106    0.0001292  -0.00109772
 107    0.0001834  -0.00071242
 108    0.0000005  -0.00003563
 109    0.0000011  -0.00002390
 110    0.0000002  -0.00000346
 111    0.0000099  -0.00006143
 112    0.0000086  -0.00005061
 113    0.0001634  -0.00058148
 114    0.0000371  -0.00020570
 115    0.0000221  -0.00011645
 116    0.0000177  -0.00011521
 117    0.0000998  -0.00035947
 118    0.0001096  -0.00050952
 119    0.0000004  -0.00000929
 120    0.0000010  -0.00002290
 121    0.0000001  -0.00000173
 122    0.0000095  -0.00005788
 123    0.0000084  -0.00005206
 124    0.0001123  -0.00046123
 125    0.0000325  -0.00017756
 126    0.0000135  -0.00009910
 127    0.0000152  -0.00010094
 128    0.0000692  -0.00047550
 129    0.0000577  -0.00076249
 130    0.0000004  -0.00000839
 131    0.0000009  -0.00001832
 132    0.0000001  -0.00000168
 133    0.0000091  -0.00005393
 134    0.0000079  -0.00005059
 135    0.0000986  -0.00049582
 136    0.0000166  -0.00008790
 137    0.0000115  -0.00008009
 138    0.0000146  -0.00009760
 139    0.0000612  -0.00066849
 140    0.0000322  -0.00037888
 141    0.0000004  -0.00001430
 142    0.0000009  -0.00001729
 143    0.0000001  -0.00000121
 144    0.0000087  -0.00004863
 145    0.0000072  -0.00004439
 146    0.0000192  -0.00011581
 147    0.0000149  -0.00008857
 148    0.0000107  -0.00007677
 149    0.0000129  -0.00008261
 150    0.0000258  -0.00013848
 151    0.0000224  -0.00013151
 152    0.0000003  -0.00000475
 153    0.0000007  -0.00001498
 154    0.0000001  -0.00000113
 155    0.0000083  -0.00004592
 156    0.0000062  -0.00004465
 157    0.0000141  -0.00008910
 158    0.0000147  -0.00008736
 159    0.0000091  -0.00007563
 160    0.0000124  -0.00008274
 161    0.0000238  -0.00013569
 162    0.0000149  -0.00009479
 163    0.0000003  -0.00000440
 164    0.0000004  -0.00002172
 165    0.0000001  -0.00000134
 
----------------
 Final Energies 
----------------
Final NOF Total Energy =    -184.4494919
 
Total Orbital Internal Iterations = 605
Total Occupation Internal Iterations = 19
 
Elapsed time: 2859.65 Seconds

---------------------------------
   Lowdin Population Analysis    
---------------------------------
 Idx  Atom   Population   Charge 
---------------------------------
  1     N     7.136      -0.136
  2     N     6.949       0.051
  3     O     7.915       0.085

---------------------------------
   M Diagnostic: 0.03
---------------------------------

Recovering execution output...
Moving from /scratch/pobleyef/203141 to /home-nas/pobleyef/Poison-NOF/ncwomax/P30-5/GNOFmodulated20/arina.203141
mkdir -p /home-nas/pobleyef/Poison-NOF/ncwomax/P30-5/GNOFmodulated20/arina.203141
mv /scratch/pobleyef/203141/* /home-nas/pobleyef/Poison-NOF/ncwomax/P30-5/GNOFmodulated20/arina.203141
