G2RC_20_13
/software/eb2024/easybuild/software/common/software/Julia/1.11.3-linux-x86_64/bin/julia
Job runing on na04
Choosing scratch ...
Automatic scratch folder selection
/scratch/pobleyef/203138
/scratch/pobleyef/203138 directory
cp G2RC_20_13.jl G2RC_20_13.jld2 to  /scratch/pobleyef/203138/.
Computing Integrals
Elapsed time:    4.03 Seconds

Number of basis functions                   (NBF)    = 117
Number of auxiliary basis functions         (NBFAUX) = 113
Inactive Doubly occupied orbitals up to     (NO1)    = 0
No. considered Strongly Doubly occupied MOs (NDOC)   = 5
No. considered Strongly Singly occupied MOs (NSOC)   = 0
NO. of Weakly occ. per St. Doubly occ.  MOs (NCWO)   = 22
Dimension of the Nat. Orb. subspace         (NBF5)   = 115
No. of electrons                                     = 10
    No. of alpha electrons                           = 5
    No. of beta electrons                            = 5
Multiplicity                                         = 1

Geometry
========
 O       0.0000000       0.0000000      -0.3906056
 H      -0.7620804       0.0000000       0.1953028
 H       0.7620804       0.0000000       0.1953028

No violations of the orthonormality
No violations of the orthonormality
 
PNOF9/ADABelief Calculation
==================
 
  Nitext  Nit_orb  Time   Nit_occ  Time         Eelec          Etot           Ediff      maxdiff    MaxGrad_orb  Grad_occ
     1      10    4.0e+01    5    2.0e+01   -85.51052759   -76.35545818 -10084.51052759   0.002208   8.8e-03   1.8e-04 0.02
     2      20    3.3e+01    0    1.1e-01   -85.51231180   -76.35724239    -0.00178421   0.002208   8.8e-03   1.8e-04 0.02
     3      40    5.5e+01    3    5.4e-02   -85.51245557   -76.35738616    -0.00014377   0.002044   8.2e-03   1.8e-04 0.02
     4      40    5.3e+01    1    6.9e-02   -85.51247922   -76.35740981    -0.00002365   0.002331   9.3e-03   1.5e-04 0.02
     5      40    5.6e+01    0    1.3e-01   -85.51248213   -76.35741272    -0.00000291   0.002120   8.5e-03   1.6e-04 0.02
     6      50    7.2e+01    0    2.4e-02   -85.51250098   -76.35743158    -0.00001885   0.001616   6.5e-03   1.8e-04 0.02
     7      60    8.3e+01    0    5.0e-02   -85.51251092   -76.35744151    -0.00000994   0.001034   4.1e-03   1.9e-04 0.02
     8      70    1.1e+02    0    2.5e-02   -85.51251872   -76.35744932    -0.00000781   0.000821   3.3e-03   2.4e-04 0.02
 
RESULTS OF THE OCCUPATION OPTIMIZATION
========================================
   1    1.9999896  -20.59413987
   2    1.9867130  -1.28322192
   3    1.9745794  -0.74024625
   4    1.9733118  -0.73393615
   5    1.9796234  -0.54775290
   6    0.0116093  -0.01821955
   7    0.0188035  -0.02887251
   8    0.0204896  -0.03018400
   9    0.0066886  -0.01797201
  10    0.0000088  -0.00036835
  11    0.0050731  -0.00932458
  12    0.0036505  -0.00747977
  13    0.0038813  -0.00771663
  14    0.0030842  -0.00771617
  15    0.0000006  -0.00000528
  16    0.0011155  -0.00333647
  17    0.0036034  -0.00752792
  18    0.0003806  -0.00106475
  19    0.0010023  -0.00487327
  20    0.0000005  -0.00000756
  21    0.0006657  -0.00263767
  22    0.0003117  -0.00088248
  23    0.0003333  -0.00096408
  24    0.0007024  -0.00254680
  25    0.0000003  -0.00002722
  26    0.0004970  -0.00132070
  27    0.0001126  -0.00040347
  28    0.0000958  -0.00037248
  29    0.0005052  -0.00272586
  30    0.0000000  -0.00000056
  31    0.0003695  -0.00109222
  32    0.0000554  -0.00021646
  33    0.0000658  -0.00025219
  34    0.0004847  -0.00159010
  35    0.0000000  -0.00000046
  36    0.0002777  -0.00086855
  37    0.0000317  -0.00012303
  38    0.0000469  -0.00019540
  39    0.0002643  -0.00085156
  40    0.0000000  -0.00000044
  41    0.0002636  -0.00077027
  42    0.0000288  -0.00011870
  43    0.0000294  -0.00012526
  44    0.0002119  -0.00075901
  45    0.0000000  -0.00000035
  46    0.0002546  -0.00075216
  47    0.0000256  -0.00012309
  48    0.0000273  -0.00012553
  49    0.0001188  -0.00116762
  50    0.0000000  -0.00000033
  51    0.0000846  -0.00031765
  52    0.0000215  -0.00010803
  53    0.0000233  -0.00010315
  54    0.0000682  -0.00052521
  55    0.0000000  -0.00000034
  56    0.0000420  -0.00016519
  57    0.0000094  -0.00004218
  58    0.0000128  -0.00007597
  59    0.0000460  -0.00026358
  60    0.0000000  -0.00000029
  61    0.0000221  -0.00011643
  62    0.0000082  -0.00003292
  63    0.0000104  -0.00005063
  64    0.0000236  -0.00013272
  65    0.0000000  -0.00000027
  66    0.0000163  -0.00009372
  67    0.0000066  -0.00002569
  68    0.0000061  -0.00003083
  69    0.0000162  -0.00009280
  70    0.0000000  -0.00000026
  71    0.0000157  -0.00008888
  72    0.0000044  -0.00001015
  73    0.0000037  -0.00000955
  74    0.0000146  -0.00009244
  75    0.0000000  -0.00000029
  76    0.0000141  -0.00008749
  77    0.0000032  -0.00001062
  78    0.0000027  -0.00001055
  79    0.0000135  -0.00008662
  80    0.0000000  -0.00000023
  81    0.0000111  -0.00005639
  82    0.0000023  -0.00000690
  83    0.0000025  -0.00000810
  84    0.0000097  -0.00005401
  85    0.0000000  -0.00000021
  86    0.0000107  -0.00005411
  87    0.0000020  -0.00000603
  88    0.0000019  -0.00000672
  89    0.0000083  -0.00005156
  90    0.0000000  -0.00000019
  91    0.0000090  -0.00004677
  92    0.0000017  -0.00000449
  93    0.0000017  -0.00000426
  94    0.0000077  -0.00004468
  95    0.0000000  -0.00000024
  96    0.0000079  -0.00004027
  97    0.0000017  -0.00000326
  98    0.0000017  -0.00000356
  99    0.0000060  -0.00003666
 100    0.0000000  -0.00000017
 101    0.0000064  -0.00003458
 102    0.0000015  -0.00000270
 103    0.0000015  -0.00000291
 104    0.0000043  -0.00002535
 105    0.0000000  -0.00000013
 106    0.0000062  -0.00003285
 107    0.0000015  -0.00000280
 108    0.0000013  -0.00000276
 109    0.0000035  -0.00001891
 110    0.0000000  -0.00000016
 111    0.0000044  -0.00002705
 112    0.0000011  -0.00000229
 113    0.0000011  -0.00000177
 114    0.0000030  -0.00001466
 115    0.0000000  -0.00000014
 
----------------
 Final Energies 
----------------
Final NOF Total Energy =     -76.3574493
 
Total Orbital Internal Iterations = 330
Total Occupation Internal Iterations = 9
 
Elapsed time:  533.51 Seconds

---------------------------------
   Lowdin Population Analysis    
---------------------------------
 Idx  Atom   Population   Charge 
---------------------------------
  1     O     7.351       0.649
  2     H     1.324      -0.324
  3     H     1.325      -0.325

---------------------------------
   M Diagnostic: 0.02
---------------------------------

Recovering execution output...
Moving from /scratch/pobleyef/203138 to /home-nas/pobleyef/Poison-NOF/ncwomax/P30-5/GNOFmodulated20/arina.203138
mkdir -p /home-nas/pobleyef/Poison-NOF/ncwomax/P30-5/GNOFmodulated20/arina.203138
mv /scratch/pobleyef/203138/* /home-nas/pobleyef/Poison-NOF/ncwomax/P30-5/GNOFmodulated20/arina.203138
