G2RC_20_34
/software/eb2024/easybuild/software/common/software/Julia/1.11.3-linux-x86_64/bin/julia
Job runing on na05
Choosing scratch ...
Automatic scratch folder selection
/scratch/pobleyef/203140
/scratch/pobleyef/203140 directory
cp G2RC_20_34.jl G2RC_20_34.jld2 to  /scratch/pobleyef/203140/.
Computing Integrals
Elapsed time:    3.71 Seconds

Number of basis functions                   (NBF)    = 114
Number of auxiliary basis functions         (NBFAUX) = 154
Inactive Doubly occupied orbitals up to     (NO1)    = 0
No. considered Strongly Doubly occupied MOs (NDOC)   = 7
No. considered Strongly Singly occupied MOs (NSOC)   = 0
NO. of Weakly occ. per St. Doubly occ.  MOs (NCWO)   = 15
Dimension of the Nat. Orb. subspace         (NBF5)   = 112
No. of electrons                                     = 14
    No. of alpha electrons                           = 7
    No. of beta electrons                            = 7
Multiplicity                                         = 1

Geometry
========
 N       0.0000000       0.0000000      -0.5454291
 N       0.0000000       0.0000000       0.5454291

No violations of the orthonormality
No violations of the orthonormality
 
PNOF9/ADABelief Calculation
==================
 
  Nitext  Nit_orb  Time   Nit_occ  Time         Eelec          Etot           Ediff      maxdiff    MaxGrad_orb  Grad_occ
     1      10    2.5e+01   11    2.0e+01  -133.17512189  -109.40518668 -10132.17512189   0.003508   1.4e-02   2.5e-04 0.03
     2      20    1.6e+01    0    1.6e-02  -133.17887441  -109.40893921    -0.00375252   0.003511   1.4e-02   2.5e-04 0.03
     3      40    4.0e+01    2    8.0e-02  -133.17903373  -109.40909852    -0.00015931   0.002988   1.2e-02   1.9e-04 0.03
     4      40    5.8e+01    4    9.6e-02  -133.17908841  -109.40915321    -0.00005469   0.002782   1.1e-02   1.5e-04 0.03
     5      40    5.2e+01    0    1.5e-02  -133.17909691  -109.40916170    -0.00000849   0.002778   1.1e-02   1.5e-04 0.03
     6      36    4.7e+01    1    1.9e-02  -133.17914815  -109.40921294    -0.00005124   0.000489   2.0e-03   1.2e-04 0.03
 
RESULTS OF THE OCCUPATION OPTIMIZATION
========================================
   1    1.9999672  -15.68577329
   2    1.9999662  -15.68301360
   3    1.9871356  -1.25804574
   4    1.9844696  -0.87654587
   5    1.9776795  -0.81993768
   6    1.9649318  -0.64521197
   7    1.9638475  -0.64438658
   8    0.0281080  -0.04126678
   9    0.0312225  -0.04382854
  10    0.0160996  -0.03044203
  11    0.0070811  -0.01597132
  12    0.0053327  -0.01477655
  13    0.0000243  -0.00075326
  14    0.0000241  -0.00076658
  15    0.0031099  -0.00639223
  16    0.0033298  -0.00663535
  17    0.0042243  -0.00887815
  18    0.0028187  -0.00624226
  19    0.0024856  -0.00619646
  20    0.0000027  -0.00004344
  21    0.0000027  -0.00004102
  22    0.0024729  -0.00500309
  23    0.0001932  -0.00052011
  24    0.0004466  -0.00141006
  25    0.0014732  -0.00379726
  26    0.0013131  -0.00376782
  27    0.0000019  -0.00003859
  28    0.0000020  -0.00003913
  29    0.0023514  -0.00476021
  30    0.0001924  -0.00051833
  31    0.0004189  -0.00125216
  32    0.0013706  -0.00408935
  33    0.0011413  -0.00577163
  34    0.0000018  -0.00004735
  35    0.0000016  -0.00003002
  36    0.0000190  -0.00008744
  37    0.0000204  -0.00008933
  38    0.0002288  -0.00070736
  39    0.0008493  -0.00203279
  40    0.0007546  -0.00200951
  41    0.0000016  -0.00004520
  42    0.0000015  -0.00006493
  43    0.0000148  -0.00007812
  44    0.0000181  -0.00008146
  45    0.0002059  -0.00063601
  46    0.0004868  -0.00146197
  47    0.0004806  -0.00318445
  48    0.0000003  -0.00002814
  49    0.0000002  -0.00001593
  50    0.0000121  -0.00006082
  51    0.0000152  -0.00007636
  52    0.0001966  -0.00059633
  53    0.0004713  -0.00387489
  54    0.0004456  -0.00151756
  55    0.0000002  -0.00001675
  56    0.0000001  -0.00000809
  57    0.0000112  -0.00006091
  58    0.0000142  -0.00007553
  59    0.0001252  -0.00039886
  60    0.0002326  -0.00068356
  61    0.0002825  -0.00146129
  62    0.0000002  -0.00000954
  63    0.0000001  -0.00000583
  64    0.0000098  -0.00005552
  65    0.0000115  -0.00006204
  66    0.0001094  -0.00031858
  67    0.0002057  -0.00088214
  68    0.0001971  -0.00078872
  69    0.0000002  -0.00000845
  70    0.0000001  -0.00000542
  71    0.0000093  -0.00004957
  72    0.0000103  -0.00005850
  73    0.0000782  -0.00027967
  74    0.0001400  -0.00042432
  75    0.0000952  -0.00035801
  76    0.0000001  -0.00000787
  77    0.0000001  -0.00000346
  78    0.0000081  -0.00004736
  79    0.0000091  -0.00004704
  80    0.0000760  -0.00031622
  81    0.0000994  -0.00033869
  82    0.0000939  -0.00042431
  83    0.0000001  -0.00000457
  84    0.0000001  -0.00000115
  85    0.0000074  -0.00004340
  86    0.0000086  -0.00004901
  87    0.0000419  -0.00018523
  88    0.0000932  -0.00032052
  89    0.0000900  -0.00035307
  90    0.0000001  -0.00000320
  91    0.0000001  -0.00000108
  92    0.0000070  -0.00004288
  93    0.0000085  -0.00004607
  94    0.0000241  -0.00011874
  95    0.0000928  -0.00033996
  96    0.0000821  -0.00034122
  97    0.0000001  -0.00000169
  98    0.0000001  -0.00000081
  99    0.0000062  -0.00003865
 100    0.0000074  -0.00004534
 101    0.0000236  -0.00012346
 102    0.0000828  -0.00032003
 103    0.0000416  -0.00026157
 104    0.0000001  -0.00000152
 105    0.0000000  -0.00000037
 106    0.0000052  -0.00003673
 107    0.0000071  -0.00004470
 108    0.0000213  -0.00010663
 109    0.0000328  -0.00018259
 110    0.0000286  -0.00015447
 111    0.0000001  -0.00000087
 112    0.0000000  -0.00000037
 
----------------
 Final Energies 
----------------
Final NOF Total Energy =    -109.4092129
 
Total Orbital Internal Iterations = 186
Total Occupation Internal Iterations = 18
 
Elapsed time:  269.32 Seconds

---------------------------------
   Lowdin Population Analysis    
---------------------------------
 Idx  Atom   Population   Charge 
---------------------------------
  1     N     7.000       0.000
  2     N     7.000      -0.000

---------------------------------
   M Diagnostic: 0.03
---------------------------------

Recovering execution output...
Moving from /scratch/pobleyef/203140 to /home-nas/pobleyef/Poison-NOF/ncwomax/P30-5/GNOFmodulated20/arina.203140
mkdir -p /home-nas/pobleyef/Poison-NOF/ncwomax/P30-5/GNOFmodulated20/arina.203140
mv /scratch/pobleyef/203140/* /home-nas/pobleyef/Poison-NOF/ncwomax/P30-5/GNOFmodulated20/arina.203140
