W4-11_137_o3
/software/eb2024/easybuild/software/common/software/Julia/1.11.3-linux-x86_64/bin/julia
Job runing on na11
Choosing scratch ...
Automatic scratch folder selection
/scratch/pobleyef/203171
/scratch/pobleyef/203171 directory
cp W4-11_137_o3.jl W4-11_137_o3.jld2 to  /scratch/pobleyef/203171/.
Computing Integrals
Elapsed time:    7.30 Seconds

Number of basis functions                   (NBF)    = 171
Number of auxiliary basis functions         (NBFAUX) = 231
Inactive Doubly occupied orbitals up to     (NO1)    = 0
No. considered Strongly Doubly occupied MOs (NDOC)   = 12
No. considered Strongly Singly occupied MOs (NSOC)   = 0
NO. of Weakly occ. per St. Doubly occ.  MOs (NCWO)   = 13
Dimension of the Nat. Orb. subspace         (NBF5)   = 168
No. of electrons                                     = 24
    No. of alpha electrons                           = 12
    No. of beta electrons                            = 12
Multiplicity                                         = 1

Geometry
========
 O       0.0000000       0.0000000       0.4412240
 O       0.0000000       1.0825250      -0.2206120
 O       0.0000000      -1.0825250      -0.2206120

No violations of the orthonormality
No violations of the orthonormality
 
PNOF9/ADABelief Calculation
==================
 
  Nitext  Nit_orb  Time   Nit_occ  Time         Eelec          Etot           Ediff      maxdiff    MaxGrad_orb  Grad_occ
     1      10    3.7e+01    8    2.0e+01  -294.18486346  -225.15797486 -10293.18486346   0.002849   1.1e-02   2.5e-04 0.04
     2      20    4.4e+01    0    7.7e-02  -294.19290729  -225.16601868    -0.00804383   0.002849   1.1e-02   2.5e-04 0.04
     3      40    8.8e+01    3    1.3e-01  -294.19327436  -225.16638576    -0.00036707   0.004383   1.8e-02   3.0e-04 0.04
     4      40    8.8e+01    3    1.2e-01  -294.19340988  -225.16652128    -0.00013552   0.003608   1.4e-02   2.5e-04 0.04
     5      40    8.9e+01    0    5.2e-02  -294.19342075  -225.16653215    -0.00001087   0.003608   1.4e-02   2.5e-04 0.04
     6      60    1.3e+02    5    1.8e-01  -294.19357425  -225.16668565    -0.00015350   0.000647   2.6e-03   1.7e-04 0.04
 
RESULTS OF THE OCCUPATION OPTIMIZATION
========================================
   1    1.9999829  -20.81217540
   2    1.9999843  -20.79522673
   3    1.9999788  -20.75423202
   4    1.9894414  -1.57820249
   5    1.9871735  -1.31670855
   6    1.9870994  -1.31567140
   7    1.9684817  -0.85109482
   8    1.9685754  -0.84858021
   9    1.9833429  -0.82180321
  10    1.9785189  -0.66647880
  11    1.9766018  -0.65421123
  12    1.9583030  -0.52462823
  13    0.0413776  -0.07588556
  14    0.0080802  -0.01589406
  15    0.0088985  -0.01680219
  16    0.0054388  -0.01106218
  17    0.0309463  -0.05750034
  18    0.0310672  -0.05767098
  19    0.0062411  -0.01850873
  20    0.0061823  -0.01812757
  21    0.0052209  -0.01657537
  22    0.0000052  -0.00021677
  23    0.0000057  -0.00022557
  24    0.0000044  -0.00016813
  25    0.0000840  -0.00033665
  26    0.0045433  -0.00969493
  27    0.0042441  -0.00870188
  28    0.0033851  -0.00715320
  29    0.0001085  -0.00044296
  30    0.0001251  -0.00048591
  31    0.0023767  -0.00611924
  32    0.0023345  -0.00611462
  33    0.0020392  -0.00776052
  34    0.0000022  -0.00004812
  35    0.0000022  -0.00004597
  36    0.0000024  -0.00005046
  37    0.0000812  -0.00033577
  38    0.0038689  -0.00834467
  39    0.0035027  -0.00757511
  40    0.0029519  -0.00644796
  41    0.0001068  -0.00044637
  42    0.0000908  -0.00039864
  43    0.0017158  -0.00494865
  44    0.0017093  -0.00498525
  45    0.0012922  -0.00440862
  46    0.0000021  -0.00004404
  47    0.0000021  -0.00004288
  48    0.0000021  -0.00004464
  49    0.0000777  -0.00031970
  50    0.0031881  -0.00725142
  51    0.0032570  -0.00690703
  52    0.0021242  -0.00635000
  53    0.0000834  -0.00036980
  54    0.0000767  -0.00037583
  55    0.0008290  -0.00282219
  56    0.0008515  -0.00289258
  57    0.0005066  -0.00463391
  58    0.0000020  -0.00004389
  59    0.0000016  -0.00003645
  60    0.0000019  -0.00004065
  61    0.0000114  -0.00006461
  62    0.0029198  -0.00656965
  63    0.0004865  -0.00187117
  64    0.0010656  -0.00336589
  65    0.0000677  -0.00032661
  66    0.0000634  -0.00031373
  67    0.0005703  -0.00211684
  68    0.0005288  -0.00360166
  69    0.0003987  -0.00326288
  70    0.0000020  -0.00004346
  71    0.0000014  -0.00003293
  72    0.0000017  -0.00003824
  73    0.0000093  -0.00006084
  74    0.0002221  -0.00074880
  75    0.0004491  -0.00136760
  76    0.0004751  -0.00149508
  77    0.0000356  -0.00017356
  78    0.0000214  -0.00011589
  79    0.0004205  -0.00232434
  80    0.0004446  -0.00264240
  81    0.0002970  -0.00109993
  82    0.0000019  -0.00004020
  83    0.0000010  -0.00002273
  84    0.0000016  -0.00003484
  85    0.0000089  -0.00005990
  86    0.0001828  -0.00062140
  87    0.0002007  -0.00067527
  88    0.0003922  -0.00173069
  89    0.0000152  -0.00009589
  90    0.0000160  -0.00010072
  91    0.0002239  -0.00081047
  92    0.0002426  -0.00092466
  93    0.0002716  -0.00114221
  94    0.0000016  -0.00003626
  95    0.0000004  -0.00001119
  96    0.0000009  -0.00002102
  97    0.0000089  -0.00006006
  98    0.0001797  -0.00060311
  99    0.0001817  -0.00061518
 100    0.0003251  -0.00102404
 101    0.0000116  -0.00008140
 102    0.0000108  -0.00007630
 103    0.0001975  -0.00088112
 104    0.0002208  -0.00081296
 105    0.0001668  -0.00069740
 106    0.0000012  -0.00002721
 107    0.0000003  -0.00003078
 108    0.0000006  -0.00001271
 109    0.0000084  -0.00005877
 110    0.0001583  -0.00056910
 111    0.0001788  -0.00060361
 112    0.0001952  -0.00069814
 113    0.0000108  -0.00007666
 114    0.0000101  -0.00007270
 115    0.0001701  -0.00081296
 116    0.0001948  -0.00077998
 117    0.0001581  -0.00065833
 118    0.0000011  -0.00002503
 119    0.0000003  -0.00002357
 120    0.0000005  -0.00000950
 121    0.0000082  -0.00005781
 122    0.0000143  -0.00009502
 123    0.0000315  -0.00017774
 124    0.0001894  -0.00069391
 125    0.0000103  -0.00007582
 126    0.0000096  -0.00006901
 127    0.0000905  -0.00106221
 128    0.0000581  -0.00083742
 129    0.0000978  -0.00055687
 130    0.0000006  -0.00001080
 131    0.0000003  -0.00000391
 132    0.0000004  -0.00001009
 133    0.0000075  -0.00005474
 134    0.0000138  -0.00008874
 135    0.0000202  -0.00011809
 136    0.0000530  -0.00027704
 137    0.0000098  -0.00006644
 138    0.0000093  -0.00006458
 139    0.0000297  -0.00023793
 140    0.0000236  -0.00017306
 141    0.0000575  -0.00091472
 142    0.0000004  -0.00000627
 143    0.0000002  -0.00000363
 144    0.0000002  -0.00001202
 145    0.0000070  -0.00004924
 146    0.0000136  -0.00008952
 147    0.0000155  -0.00009965
 148    0.0000455  -0.00028861
 149    0.0000096  -0.00006602
 150    0.0000092  -0.00006581
 151    0.0000185  -0.00012513
 152    0.0000196  -0.00012612
 153    0.0000335  -0.00038212
 154    0.0000004  -0.00000773
 155    0.0000002  -0.00000163
 156    0.0000002  -0.00000247
 157    0.0000069  -0.00004962
 158    0.0000132  -0.00008646
 159    0.0000148  -0.00009731
 160    0.0000159  -0.00010259
 161    0.0000090  -0.00006399
 162    0.0000087  -0.00006316
 163    0.0000170  -0.00011763
 164    0.0000162  -0.00011846
 165    0.0000187  -0.00019587
 166    0.0000003  -0.00002426
 167    0.0000002  -0.00000220
 168    0.0000002  -0.00000330
 
----------------
 Final Energies 
----------------
Final NOF Total Energy =    -225.1666857
 
Total Orbital Internal Iterations = 210
Total Occupation Internal Iterations = 19
 
Elapsed time:  528.10 Seconds

---------------------------------
   Lowdin Population Analysis    
---------------------------------
 Idx  Atom   Population   Charge 
---------------------------------
  1     O     7.919       0.081
  2     O     8.043      -0.043
  3     O     8.038      -0.038

---------------------------------
   M Diagnostic: 0.04
---------------------------------

Recovering execution output...
Moving from /scratch/pobleyef/203171 to /home-nas/pobleyef/Poison-NOF/ncwomax/P30-5/GNOFmodulated20/arina.203171
mkdir -p /home-nas/pobleyef/Poison-NOF/ncwomax/P30-5/GNOFmodulated20/arina.203171
mv /scratch/pobleyef/203171/* /home-nas/pobleyef/Poison-NOF/ncwomax/P30-5/GNOFmodulated20/arina.203171
