W4-11_134_fo2
/software/eb2024/easybuild/software/common/software/Julia/1.11.3-linux-x86_64/bin/julia
Job runing on nh045
Choosing scratch ...
Automatic scratch folder selection
/scratch/pobleyef/203168
/scratch/pobleyef/203168 directory
cp W4-11_134_fo2.jl W4-11_134_fo2.jld2 to  /scratch/pobleyef/203168/.
Computing Integrals
Elapsed time:    6.46 Seconds

Number of basis functions                   (NBF)    = 171
Number of auxiliary basis functions         (NBFAUX) = 231
Inactive Doubly occupied orbitals up to     (NO1)    = 0
No. considered Strongly Doubly occupied MOs (NDOC)   = 12
No. considered Strongly Singly occupied MOs (NSOC)   = 1
NO. of Weakly occ. per St. Doubly occ.  MOs (NCWO)   = 13
Dimension of the Nat. Orb. subspace         (NBF5)   = 169
No. of electrons                                     = 25
    No. of alpha electrons                           = 13
    No. of beta electrons                            = 12
Multiplicity                                         = 2

Geometry
========
 F      -1.0111950      -0.7062760       0.0000000
 O       0.0000000       0.5752150       0.0000000
 O       1.1375950       0.2193450       0.0000000

No violations of the orthonormality
No violations of the orthonormality
 
PNOF9/ADABelief Calculation
==================
 
  Nitext  Nit_orb  Time   Nit_occ  Time         Eelec          Etot           Ediff      maxdiff    MaxGrad_orb  Grad_occ
     1      10    3.0e+01    8    3.6e+01  -317.82751878  -249.78951866 -10316.82751878   0.003186   1.3e-02   2.2e-04 0.04
     2      20    3.3e+00    0    1.4e-01  -317.83378790  -249.79578777    -0.00626912   0.003186   1.3e-02   2.2e-04 0.04
     3      40    6.5e+00   12    6.4e-01  -317.83424412  -249.79624400    -0.00045622   0.003641   1.5e-02   2.6e-04 0.04
     4      40    6.4e+00    2    1.4e-01  -317.83434013  -249.79634001    -0.00009601   0.004037   1.6e-02   2.0e-04 0.04
     5      40    6.3e+00    4    2.8e-01  -317.83435023  -249.79635010    -0.00001009   0.003516   1.4e-02   1.2e-04 0.04
     6      40    6.3e+00    0    1.3e-01  -317.83436329  -249.79636316    -0.00001306   0.003439   1.4e-02   1.8e-04 0.04
     7      50    7.9e+00    1    1.8e-01  -317.83443249  -249.79643236    -0.00006920   0.002388   9.6e-03   1.8e-04 0.04
     8      50    8.0e+00    0    1.7e-01  -317.83443289  -249.79643277    -0.00000040   0.002388   9.6e-03   1.8e-04 0.04
     9      59    9.1e+00    0    7.3e-02  -317.83450958  -249.79650946    -0.00007669   0.000487   1.9e-03   1.6e-04 0.04
 
RESULTS OF THE OCCUPATION OPTIMIZATION
========================================
   1    1.9999907  -25.84508470
   2    1.9999774  -21.26865101
   3    1.9999711  -20.89210729
   4    1.9891772  -1.57334763
   5    1.9883237  -1.53688976
   6    1.9849068  -1.32211336
   7    1.9699969  -0.92099812
   8    1.9777766  -0.80749379
   9    1.9813114  -0.76253144
  10    1.9806363  -0.70316512
  11    1.9802648  -0.69738090
  12    1.9585508  -0.64833720
  13    1.0000000  -0.32666624
  14    0.0412899  -0.08049779
  15    0.0099371  -0.01943643
  16    0.0106233  -0.02021848
  17    0.0066398  -0.01304976
  18    0.0079574  -0.01384763
  19    0.0282868  -0.05380502
  20    0.0070052  -0.01848669
  21    0.0053236  -0.01709840
  22    0.0067073  -0.02211931
  23    0.0000051  -0.00021495
  24    0.0000049  -0.00018307
  25    0.0000058  -0.00027665
  26    0.0000507  -0.00024455
  27    0.0039098  -0.00956227
  28    0.0035241  -0.00827166
  29    0.0042417  -0.00862065
  30    0.0049163  -0.00903805
  31    0.0012146  -0.00381020
  32    0.0031731  -0.00744084
  33    0.0029541  -0.00820840
  34    0.0021648  -0.00676425
  35    0.0000028  -0.00005599
  36    0.0000026  -0.00005236
  37    0.0000013  -0.00003046
  38    0.0000245  -0.00005122
  39    0.0036032  -0.00860560
  40    0.0032807  -0.00768602
  41    0.0035746  -0.00757535
  42    0.0045352  -0.00839813
  43    0.0000980  -0.00041324
  44    0.0017308  -0.00519453
  45    0.0017323  -0.00658117
  46    0.0006172  -0.00269683
  47    0.0000026  -0.00005122
  48    0.0000025  -0.00004774
  49    0.0000005  -0.00001551
  50    0.0000153  -0.00005493
  51    0.0010510  -0.00406840
  52    0.0006770  -0.00245618
  53    0.0023755  -0.00543913
  54    0.0036598  -0.00673319
  55    0.0000912  -0.00041446
  56    0.0009352  -0.00301411
  57    0.0004364  -0.00441830
  58    0.0004987  -0.00510662
  59    0.0000024  -0.00004917
  60    0.0000023  -0.00004442
  61    0.0000003  -0.00004270
  62    0.0000108  -0.00007704
  63    0.0002585  -0.00095847
  64    0.0002745  -0.00103462
  65    0.0005741  -0.00395189
  66    0.0003482  -0.00102308
  67    0.0000836  -0.00037465
  68    0.0008193  -0.00275539
  69    0.0003322  -0.00167076
  70    0.0002770  -0.00115853
  71    0.0000023  -0.00004893
  72    0.0000020  -0.00004059
  73    0.0000003  -0.00001192
  74    0.0000085  -0.00006812
  75    0.0002557  -0.00090689
  76    0.0002742  -0.00103398
  77    0.0005298  -0.00165178
  78    0.0003248  -0.00099946
  79    0.0000773  -0.00038094
  80    0.0005101  -0.00172053
  81    0.0002705  -0.00099867
  82    0.0001903  -0.00084043
  83    0.0000023  -0.00004493
  84    0.0000019  -0.00004071
  85    0.0000002  -0.00000731
  86    0.0000077  -0.00006709
  87    0.0002227  -0.00088101
  88    0.0002553  -0.00097783
  89    0.0002127  -0.00068516
  90    0.0002099  -0.00064050
  91    0.0000666  -0.00033233
  92    0.0003308  -0.00141563
  93    0.0001896  -0.00076532
  94    0.0001782  -0.00086285
  95    0.0000022  -0.00004285
  96    0.0000017  -0.00003777
  97    0.0000002  -0.00000357
  98    0.0000074  -0.00006440
  99    0.0002067  -0.00080856
 100    0.0002299  -0.00085583
 101    0.0001792  -0.00062318
 102    0.0001611  -0.00057929
 103    0.0000188  -0.00011244
 104    0.0002242  -0.00077038
 105    0.0001647  -0.00066532
 106    0.0000773  -0.00122751
 107    0.0000020  -0.00004165
 108    0.0000016  -0.00003519
 109    0.0000002  -0.00000273
 110    0.0000074  -0.00006435
 111    0.0001818  -0.00070208
 112    0.0001660  -0.00071867
 113    0.0001604  -0.00057836
 114    0.0000379  -0.00021204
 115    0.0000177  -0.00010763
 116    0.0002048  -0.00072265
 117    0.0001487  -0.00059715
 118    0.0000481  -0.00083302
 119    0.0000019  -0.00003958
 120    0.0000013  -0.00003085
 121    0.0000001  -0.00000256
 122    0.0000069  -0.00006272
 123    0.0000666  -0.00038339
 124    0.0000152  -0.00011440
 125    0.0001529  -0.00060584
 126    0.0000322  -0.00018917
 127    0.0000165  -0.00010205
 128    0.0000950  -0.00054262
 129    0.0000691  -0.00113189
 130    0.0000175  -0.00013933
 131    0.0000017  -0.00003798
 132    0.0000009  -0.00002091
 133    0.0000001  -0.00000229
 134    0.0000069  -0.00006272
 135    0.0000148  -0.00010483
 136    0.0000150  -0.00010895
 137    0.0000185  -0.00013138
 138    0.0000141  -0.00009169
 139    0.0000115  -0.00008029
 140    0.0000290  -0.00020542
 141    0.0000237  -0.00019879
 142    0.0000166  -0.00011955
 143    0.0000016  -0.00003663
 144    0.0000004  -0.00001111
 145    0.0000001  -0.00000152
 146    0.0000066  -0.00006032
 147    0.0000139  -0.00009252
 148    0.0000146  -0.00010767
 149    0.0000156  -0.00011477
 150    0.0000137  -0.00008922
 151    0.0000105  -0.00007455
 152    0.0000194  -0.00012705
 153    0.0000168  -0.00015774
 154    0.0000150  -0.00012351
 155    0.0000012  -0.00002705
 156    0.0000004  -0.00002626
 157    0.0000001  -0.00000122
 158    0.0000065  -0.00005440
 159    0.0000136  -0.00009248
 160    0.0000137  -0.00010201
 161    0.0000137  -0.00010102
 162    0.0000127  -0.00008367
 163    0.0000099  -0.00006617
 164    0.0000163  -0.00010797
 165    0.0000146  -0.00013409
 166    0.0000147  -0.00012262
 167    0.0000008  -0.00001853
 168    0.0000003  -0.00002886
 169    0.0000001  -0.00000087
 
----------------
 Final Energies 
----------------
Final NOF Total Energy =    -249.7965095
 
Total Orbital Internal Iterations = 349
Total Occupation Internal Iterations = 27
 
Elapsed time:  144.22 Seconds

---------------------------------
   Lowdin Population Analysis    
---------------------------------
 Idx  Atom   Population   Charge 
---------------------------------
  1     F     9.162      -0.162
  2     O     7.929       0.071
  3     O     7.909       0.091

---------------------------------
   M Diagnostic: 0.04
---------------------------------

Recovering execution output...
Moving from /scratch/pobleyef/203168 to /home-nas/pobleyef/Poison-NOF/ncwomax/P30-5/GNOFmodulated20/arina.203168
mkdir -p /home-nas/pobleyef/Poison-NOF/ncwomax/P30-5/GNOFmodulated20/arina.203168
mv /scratch/pobleyef/203168/* /home-nas/pobleyef/Poison-NOF/ncwomax/P30-5/GNOFmodulated20/arina.203168
