W4-11_135_cloo
/software/eb2024/easybuild/software/common/software/Julia/1.11.3-linux-x86_64/bin/julia
Job runing on na11
Choosing scratch ...
Automatic scratch folder selection
/scratch/pobleyef/203438
/scratch/pobleyef/203438 directory
cp W4-11_135_cloo.jl W4-11_135_cloo.jld2 to  /scratch/pobleyef/203438/.
Computing Integrals
Elapsed time:    8.65 Seconds

Number of basis functions                   (NBF)    = 184
Number of auxiliary basis functions         (NBFAUX) = 282
Inactive Doubly occupied orbitals up to     (NO1)    = 0
No. considered Strongly Doubly occupied MOs (NDOC)   = 16
No. considered Strongly Singly occupied MOs (NSOC)   = 1
NO. of Weakly occ. per St. Doubly occ.  MOs (NCWO)   = 10
Dimension of the Nat. Orb. subspace         (NBF5)   = 177
No. of electrons                                     = 33
    No. of alpha electrons                           = 17
    No. of beta electrons                            = 16
Multiplicity                                         = 2

Geometry
========
Cl      -0.5609740      -0.9946370       0.0000000
 O       0.0000000       0.9587120       0.0000000
 O       1.1920690       1.1548920       0.0000000

No violations of the orthonormality
No violations of the orthonormality
 
PNOF9/ADABelief Calculation
==================
 
  Nitext  Nit_orb  Time   Nit_occ  Time         Eelec          Etot           Ediff      maxdiff    MaxGrad_orb  Grad_occ
     1      10    3.3e+01    0    2.5e+01  -699.50662267  -610.11505434 -10698.50662267   0.001195   4.8e-03   2.2e-04 0.04
     2      30    5.1e+01    0    1.8e-01  -699.50662267  -610.11505434     0.00000000   0.001195   4.8e-03   2.2e-04 0.04
     3      50    8.9e+01    0    2.4e-01  -699.50662267  -610.11505434     0.00000000   0.001195   4.8e-03   2.2e-04 0.04
     4      70    1.2e+02    0    2.0e-01  -699.50662803  -610.11505970    -0.00000536   0.001765   7.1e-03   1.9e-04 0.04
     5      80    1.5e+02    6    4.8e-01  -699.50665676  -610.11508844    -0.00002874   0.001346   5.4e-03   1.6e-04 0.04
     6      80    1.4e+02    0    1.8e-01  -699.50668436  -610.11511603    -0.00002759   0.001436   5.7e-03   1.5e-04 0.04
     7      90    1.4e+02    0    1.4e-01  -699.50670800  -610.11513967    -0.00002364   0.001209   4.8e-03   1.7e-04 0.04
     8     100    1.5e+02    0    1.5e-01  -699.50672656  -610.11515824    -0.00001856   0.001197   4.8e-03   2.0e-04 0.04
     9     110    1.7e+02    3    2.5e-01  -699.50674112  -610.11517280    -0.00001456   0.001062   4.2e-03   2.2e-04 0.04
    10     110    1.7e+02    6    4.4e-01  -699.50675727  -610.11518895    -0.00001615   0.001275   5.1e-03   1.7e-04 0.04
    11     110    1.8e+02    0    2.0e-01  -699.50677755  -610.11520922    -0.00002028   0.001177   4.7e-03   1.8e-04 0.04
    12     120    1.9e+02    0    1.5e-01  -699.50678591  -610.11521758    -0.00000836   0.001151   4.6e-03   2.2e-04 0.04
    13     130    2.0e+02    8    6.0e-01  -699.50679288  -610.11522455    -0.00000697   0.001024   4.1e-03   1.7e-04 0.04
    14     130    1.9e+02    0    1.4e-01  -699.50682922  -610.11526089    -0.00003634   0.001052   4.2e-03   1.9e-04 0.04
    15     140    2.2e+02    4    3.8e-01  -699.50684207  -610.11527374    -0.00001285   0.001064   4.3e-03   2.8e-04 0.04
    16     140    2.2e+02    3    5.3e-01  -699.50686691  -610.11529858    -0.00002484   0.001045   4.2e-03   2.7e-04 0.04
    17     140    2.2e+02    6    4.7e-01  -699.50688526  -610.11531693    -0.00001835   0.001031   4.1e-03   2.0e-04 0.04
    18     140    2.3e+02    0    1.3e-01  -699.50691348  -610.11534516    -0.00002823   0.001057   4.2e-03   1.9e-04 0.04
    19     150    2.4e+02    0    1.5e-01  -699.50692389  -610.11535557    -0.00001041   0.000936   3.7e-03   2.0e-04 0.04
 
RESULTS OF THE OCCUPATION OPTIMIZATION
========================================
   1    1.9999995  -104.93519678
   2    1.9999797  -20.78436952
   3    1.9999793  -20.78388917
   4    1.9998642  -10.62124575
   5    1.9996058  -8.09485719
   6    1.9995475  -8.09090400
   7    1.9994772  -8.08985011
   8    1.9881999  -1.54912155
   9    1.9840780  -1.25604485
  10    1.9837365  -1.08631637
  11    1.9691933  -0.88733647
  12    1.9769274  -0.77233330
  13    1.9806823  -0.73980341
  14    1.9598976  -0.54302095
  15    1.9750598  -0.50787449
  16    1.9708006  -0.50587284
  17    1.0000000  -0.31629157
  18    0.0098646  -0.01679733
  19    0.0075518  -0.01508156
  20    0.0397419  -0.06943350
  21    0.0064521  -0.01324764
  22    0.0070142  -0.01339499
  23    0.0300004  -0.05501272
  24    0.0061507  -0.02804245
  25    0.0066128  -0.01826996
  26    0.0046420  -0.01693890
  27    0.0004317  -0.01032853
  28    0.0003832  -0.00952858
  29    0.0003193  -0.00788167
  30    0.0000967  -0.00451833
  31    0.0000034  -0.00005522
  32    0.0000040  -0.00009624
  33    0.0000002  -0.00002915
  34    0.0095694  -0.01623228
  35    0.0073234  -0.01505811
  36    0.0001278  -0.00047776
  37    0.0039819  -0.00865473
  38    0.0043155  -0.00892254
  39    0.0002662  -0.00090581
  40    0.0050588  -0.01886447
  41    0.0032346  -0.01018781
  42    0.0016519  -0.00708800
  43    0.0000377  -0.00103263
  44    0.0000126  -0.00050541
  45    0.0000234  -0.00069162
  46    0.0000093  -0.00010352
  47    0.0000025  -0.00005557
  48    0.0000024  -0.00010874
  49    0.0000001  -0.00001289
  50    0.0083142  -0.01443919
  51    0.0065828  -0.01800239
  52    0.0000323  -0.00011700
  53    0.0037404  -0.01015914
  54    0.0038612  -0.00777269
  55    0.0001208  -0.00045675
  56    0.0018039  -0.00955292
  57    0.0020600  -0.00609446
  58    0.0014301  -0.00663953
  59    0.0000156  -0.00080232
  60    0.0000089  -0.00010209
  61    0.0000081  -0.00009033
  62    0.0000047  -0.00006011
  63    0.0000024  -0.00011436
  64    0.0000022  -0.00004691
  65    0.0000001  -0.00000425
  66    0.0004773  -0.00110155
  67    0.0019463  -0.00858910
  68    0.0000309  -0.00010995
  69    0.0034100  -0.00774368
  70    0.0034022  -0.00705249
  71    0.0000989  -0.00042828
  72    0.0017006  -0.00890701
  73    0.0016800  -0.00563278
  74    0.0014273  -0.00687168
  75    0.0000079  -0.00008938
  76    0.0000082  -0.00010274
  77    0.0000076  -0.00008541
  78    0.0000042  -0.00005515
  79    0.0000023  -0.00004904
  80    0.0000021  -0.00004979
  81    0.0000000  -0.00000198
  82    0.0004492  -0.00103564
  83    0.0005680  -0.00143229
  84    0.0000309  -0.00011104
  85    0.0005068  -0.00402141
  86    0.0023153  -0.00653424
  87    0.0000874  -0.00040486
  88    0.0003795  -0.00116128
  89    0.0009124  -0.00300744
  90    0.0011244  -0.00600535
  91    0.0000060  -0.00007384
  92    0.0000079  -0.00008971
  93    0.0000074  -0.00008759
  94    0.0000038  -0.00005370
  95    0.0000022  -0.00005540
  96    0.0000021  -0.00004727
  97    0.0000000  -0.00000149
  98    0.0002022  -0.00078250
  99    0.0005677  -0.00143190
 100    0.0000304  -0.00011131
 101    0.0003194  -0.00109879
 102    0.0009501  -0.00285177
 103    0.0000754  -0.00038161
 104    0.0003498  -0.00112935
 105    0.0005205  -0.00182519
 106    0.0006888  -0.00894932
 107    0.0000055  -0.00006871
 108    0.0000073  -0.00008444
 109    0.0000070  -0.00008229
 110    0.0000037  -0.00005308
 111    0.0000022  -0.00005001
 112    0.0000020  -0.00004417
 113    0.0000000  -0.00000135
 114    0.0001179  -0.00050434
 115    0.0001465  -0.00063510
 116    0.0000303  -0.00011455
 117    0.0002977  -0.00097769
 118    0.0005037  -0.00163319
 119    0.0000691  -0.00035610
 120    0.0003231  -0.00112224
 121    0.0003432  -0.00179452
 122    0.0004095  -0.00446856
 123    0.0000050  -0.00006268
 124    0.0000068  -0.00008232
 125    0.0000067  -0.00007631
 126    0.0000036  -0.00005106
 127    0.0000021  -0.00004350
 128    0.0000019  -0.00004005
 129    0.0000000  -0.00000120
 130    0.0001041  -0.00045449
 131    0.0000985  -0.00046912
 132    0.0000293  -0.00011100
 133    0.0002329  -0.00077750
 134    0.0003058  -0.00096826
 135    0.0000358  -0.00020755
 136    0.0002337  -0.00119085
 137    0.0002291  -0.00084571
 138    0.0001700  -0.00075404
 139    0.0000047  -0.00006323
 140    0.0000063  -0.00007588
 141    0.0000056  -0.00006765
 142    0.0000035  -0.00004716
 143    0.0000017  -0.00004879
 144    0.0000013  -0.00004370
 145    0.0000000  -0.00000096
 146    0.0000506  -0.00015746
 147    0.0000851  -0.00037657
 148    0.0000273  -0.00010901
 149    0.0002187  -0.00071459
 150    0.0002382  -0.00078060
 151    0.0000273  -0.00017942
 152    0.0001518  -0.00074435
 153    0.0001744  -0.00068490
 154    0.0001657  -0.00072000
 155    0.0000045  -0.00005905
 156    0.0000058  -0.00007247
 157    0.0000050  -0.00006282
 158    0.0000033  -0.00004702
 159    0.0000012  -0.00002928
 160    0.0000011  -0.00002280
 161    0.0000000  -0.00000082
 162    0.0000500  -0.00015697
 163    0.0000701  -0.00033238
 164    0.0000210  -0.00007685
 165    0.0001576  -0.00057949
 166    0.0001664  -0.00059276
 167    0.0000256  -0.00017537
 168    0.0001117  -0.00077308
 169    0.0001550  -0.00065898
 170    0.0000904  -0.00068218
 171    0.0000042  -0.00005817
 172    0.0000056  -0.00006881
 173    0.0000042  -0.00024260
 174    0.0000031  -0.00023231
 175    0.0000007  -0.00003017
 176    0.0000010  -0.00003023
 177    0.0000000  -0.00000072
 
----------------
 Final Energies 
----------------
Final NOF Total Energy =    -610.1153556
 
Total Orbital Internal Iterations = 1930
Total Occupation Internal Iterations = 36
 
Elapsed time: 3229.96 Seconds

---------------------------------
   Lowdin Population Analysis    
---------------------------------
 Idx  Atom   Population   Charge 
---------------------------------
  1    Cl    17.001      -0.001
  2     O     8.045      -0.045
  3     O     7.954       0.046

---------------------------------
   M Diagnostic: 0.04
---------------------------------

Recovering execution output...
Moving from /scratch/pobleyef/203438 to /home-nas/pobleyef/Poison-NOF/ncwomax/P30-5/GNOFmodulated20/arina.203438
mkdir -p /home-nas/pobleyef/Poison-NOF/ncwomax/P30-5/GNOFmodulated20/arina.203438
mv /scratch/pobleyef/203438/* /home-nas/pobleyef/Poison-NOF/ncwomax/P30-5/GNOFmodulated20/arina.203438
