W4-11_120_t-hooo
/software/eb2024/easybuild/software/common/software/Julia/1.11.3-linux-x86_64/bin/julia
Job runing on nagpu01
Choosing scratch ...
Automatic scratch folder selection
/scratch/pobleyef/204657
/scratch/pobleyef/204657 directory
cp W4-11_120_t-hooo.jl W4-11_120_t-hooo.jld2 to  /scratch/pobleyef/204657/.
Computing Integrals
Elapsed time:   11.55 Seconds

Number of basis functions                   (NBF)    = 104
Number of auxiliary basis functions         (NBFAUX) = 267
Inactive Doubly occupied orbitals up to     (NO1)    = 0
No. considered Strongly Doubly occupied MOs (NDOC)   = 12
No. considered Strongly Singly occupied MOs (NSOC)   = 1
NO. of Weakly occ. per St. Doubly occ.  MOs (NCWO)   = 7
Dimension of the Nat. Orb. subspace         (NBF5)   = 97
No. of electrons                                     = 25
    No. of alpha electrons                           = 13
    No. of beta electrons                            = 12
Multiplicity                                         = 2

Geometry
========
 O       1.1743930       0.1943130       0.0000000
 O       0.0000000       0.5531800       0.0000000
 O      -0.9504710      -0.7177150       0.0000000
 H      -1.7913740      -0.2382290       0.0000000

No violations of the orthonormality
No violations of the orthonormality
 
PNOF9/ADABelief Calculation
==================
 
  Nitext  Nit_orb  Time   Nit_occ  Time         Eelec          Etot           Ediff      maxdiff    MaxGrad_orb  Grad_occ
     1      10    2.6e+01    0    2.0e+01  -297.24139371  -225.72783079 -10296.24139371   0.000706   2.8e-03   2.0e-04 0.04
 
RESULTS OF THE OCCUPATION OPTIMIZATION
========================================
   1    1.9999567  -20.73074817
   2    1.9999625  -20.71739329
   3    1.9999498  -20.70050547
   4    1.9895292  -1.47599622
   5    1.9880853  -1.30213818
   6    1.9839652  -1.20993779
   7    1.9682380  -0.84479845
   8    1.9733530  -0.76941787
   9    1.9819709  -0.73638009
  10    1.9783518  -0.73525039
  11    1.9600265  -0.62601470
  12    1.9786799  -0.59087256
  13    1.0000000  -0.30342724
  14    0.0110791  -0.01794292
  15    0.0379330  -0.06748203
  16    0.0082820  -0.01416452
  17    0.0093279  -0.01711413
  18    0.0196521  -0.02995723
  19    0.0294254  -0.05411069
  20    0.0076408  -0.01739126
  21    0.0069556  -0.01839328
  22    0.0066942  -0.01803619
  23    0.0000124  -0.00022955
  24    0.0000130  -0.00023399
  25    0.0000126  -0.00023956
  26    0.0044566  -0.00831177
  27    0.0009241  -0.00276318
  28    0.0048781  -0.00881736
  29    0.0041217  -0.00811212
  30    0.0032209  -0.00685538
  31    0.0015595  -0.00461276
  32    0.0033889  -0.00757624
  33    0.0024550  -0.00639544
  34    0.0014511  -0.00423773
  35    0.0000108  -0.00021387
  36    0.0000091  -0.00018769
  37    0.0000114  -0.00021639
  38    0.0040768  -0.00795625
  39    0.0006743  -0.00224635
  40    0.0040113  -0.00769943
  41    0.0025874  -0.00624220
  42    0.0030381  -0.00644465
  43    0.0002730  -0.00095335
  44    0.0026410  -0.00665547
  45    0.0010526  -0.00394509
  46    0.0010213  -0.00384080
  47    0.0000089  -0.00017827
  48    0.0000054  -0.00011237
  49    0.0000058  -0.00012593
  50    0.0007804  -0.00224507
  51    0.0001681  -0.00063973
  52    0.0033793  -0.00688180
  53    0.0008712  -0.00311091
  54    0.0002201  -0.00075560
  55    0.0001809  -0.00072082
  56    0.0017189  -0.00488441
  57    0.0006315  -0.00201793
  58    0.0005090  -0.00197679
  59    0.0000072  -0.00014825
  60    0.0000046  -0.00010452
  61    0.0000042  -0.00008610
  62    0.0005669  -0.00188731
  63    0.0001009  -0.00043617
  64    0.0006633  -0.00234167
  65    0.0005956  -0.00192081
  66    0.0001833  -0.00066536
  67    0.0001341  -0.00054541
  68    0.0002495  -0.00088086
  69    0.0003787  -0.00133453
  70    0.0004139  -0.00171572
  71    0.0000045  -0.00009349
  72    0.0000028  -0.00004212
  73    0.0000039  -0.00007021
  74    0.0001960  -0.00066863
  75    0.0000986  -0.00043349
  76    0.0002356  -0.00079026
  77    0.0003434  -0.00118596
  78    0.0001825  -0.00069444
  79    0.0000975  -0.00045746
  80    0.0002023  -0.00075022
  81    0.0002749  -0.00097012
  82    0.0002275  -0.00086586
  83    0.0000043  -0.00008859
  84    0.0000016  -0.00002322
  85    0.0000036  -0.00006744
  86    0.0001644  -0.00059913
  87    0.0000744  -0.00035202
  88    0.0001985  -0.00069232
  89    0.0001819  -0.00065717
  90    0.0001500  -0.00058315
  91    0.0000915  -0.00042057
  92    0.0001936  -0.00073928
  93    0.0001664  -0.00067563
  94    0.0001539  -0.00063809
  95    0.0000021  -0.00003190
  96    0.0000011  -0.00001368
  97    0.0000018  -0.00002136
 
----------------
 Final Energies 
----------------
Final NOF Total Energy =    -225.7278308
 
Total Orbital Internal Iterations = 10
Total Occupation Internal Iterations = 0
 
Elapsed time:   57.61 Seconds

---------------------------------
   Lowdin Population Analysis    
---------------------------------
 Idx  Atom   Population   Charge 
---------------------------------
  1     O     8.023      -0.023
  2     O     7.940       0.060
  3     O     7.969       0.031
  4     H     1.067      -0.067

---------------------------------
   M Diagnostic: 0.04
---------------------------------

Recovering execution output...
Moving from /scratch/pobleyef/204657 to /home-nas/pobleyef/Poison-NOF/ncwomax/P30-5/GNOFmodulated20/arina.204657
mkdir -p /home-nas/pobleyef/Poison-NOF/ncwomax/P30-5/GNOFmodulated20/arina.204657
mv /scratch/pobleyef/204657/* /home-nas/pobleyef/Poison-NOF/ncwomax/P30-5/GNOFmodulated20/arina.204657
