W4-11_116_p4
/software/eb2024/easybuild/software/common/software/Julia/1.11.3-linux-x86_64/bin/julia
Job runing on nh031
Choosing scratch ...
Automatic scratch folder selection
/scratch/pobleyef/204836
/scratch/pobleyef/204836 directory
cp W4-11_116_p4.jl W4-11_116_p4.jld2 to  /scratch/pobleyef/204836/.
Computing Integrals
Elapsed time:    6.33 Seconds

Number of basis functions                   (NBF)    = 136
Number of auxiliary basis functions         (NBFAUX) = 484
Inactive Doubly occupied orbitals up to     (NO1)    = 0
No. considered Strongly Doubly occupied MOs (NDOC)   = 30
No. considered Strongly Singly occupied MOs (NSOC)   = 0
NO. of Weakly occ. per St. Doubly occ.  MOs (NCWO)   = 3
Dimension of the Nat. Orb. subspace         (NBF5)   = 120
No. of electrons                                     = 60
    No. of alpha electrons                           = 30
    No. of beta electrons                            = 30
Multiplicity                                         = 1

Geometry
========
 P       0.7773750       0.7773750       0.7773750
 P      -0.7773750      -0.7773750       0.7773750
 P      -0.7773750       0.7773750      -0.7773750
 P       0.7773750      -0.7773750      -0.7773750

No violations of the orthonormality
No violations of the orthonormality
 
PNOF9/ADABelief Calculation
==================
 
  Nitext  Nit_orb  Time   Nit_occ  Time         Eelec          Etot           Ediff      maxdiff    MaxGrad_orb  Grad_occ
     1      10    3.0e+01   58    3.5e+01 -1688.21816277 -1363.31162710 -11687.21816277   0.019244   7.7e-02   2.3e-04 0.03
     2      20    3.5e+00   39    6.9e-01 -1688.61898552 -1363.71244985    -0.40082275   0.004483   1.8e-02   2.0e-04 0.03
     3      20    3.1e+00   20    3.5e-01 -1688.66982184 -1363.76328617    -0.05083632   0.004516   2.0e-02   2.9e-04 0.03
     4      20    3.1e+00   20    3.6e-01 -1688.70442403 -1363.79788836    -0.03460219   0.002060   8.2e-03   3.2e-04 0.03
     5      20    3.1e+00   18    3.8e-01 -1688.72733068 -1363.82079500    -0.02290664   0.001431   5.7e-03   2.5e-04 0.03
     6      20    3.0e+00   10    1.9e-01 -1688.73860244 -1363.83206677    -0.01127176   0.000910   3.6e-03   2.6e-04 0.03
 
RESULTS OF THE OCCUPATION OPTIMIZATION
========================================
   1    1.9999992  -79.99354288
   2    1.9999992  -79.99353369
   3    1.9999991  -79.99352265
   4    1.9999991  -79.99349776
   5    1.9998320  -7.51941235
   6    1.9998046  -7.51223052
   7    1.9997938  -7.50188623
   8    1.9997923  -7.45560573
   9    1.9996191  -5.48071478
  10    1.9995208  -5.42795498
  11    1.9994085  -5.41193102
  12    1.9994595  -5.41182606
  13    1.9995293  -5.41121288
  14    1.9994576  -5.41115554
  15    1.9994956  -5.41108249
  16    1.9995414  -5.41101359
  17    1.9994532  -5.41099683
  18    1.9994186  -5.41096736
  19    1.9992515  -5.41052689
  20    1.9993216  -5.41040053
  21    1.9821570  -0.85062189
  22    1.9821630  -0.76622337
  23    1.9812849  -0.76281387
  24    1.9798318  -0.72570853
  25    1.9682468  -0.43322759
  26    1.9689115  -0.43195336
  27    1.9678903  -0.43143770
  28    1.9688977  -0.42916787
  29    1.9685120  -0.42647979
  30    1.9690883  -0.42636156
  31    0.0253963  -0.03530043
  32    0.0261033  -0.03569046
  33    0.0266985  -0.03618629
  34    0.0244912  -0.03460184
  35    0.0250149  -0.03515640
  36    0.0241520  -0.03439810
  37    0.0080911  -0.01510398
  38    0.0075801  -0.01520864
  39    0.0082672  -0.01673373
  40    0.0066322  -0.01337216
  41    0.0005326  -0.00298569
  42    0.0006213  -0.00341538
  43    0.0004229  -0.00234446
  44    0.0003617  -0.00197285
  45    0.0003175  -0.00167739
  46    0.0003913  -0.00213936
  47    0.0004007  -0.00213241
  48    0.0002950  -0.00159950
  49    0.0004165  -0.00237185
  50    0.0004853  -0.00267395
  51    0.0002924  -0.00164169
  52    0.0002740  -0.00146732
  53    0.0001360  -0.00093498
  54    0.0001562  -0.00109044
  55    0.0001453  -0.00100616
  56    0.0001182  -0.00077008
  57    0.0000004  -0.00002103
  58    0.0000004  -0.00002495
  59    0.0000004  -0.00002319
  60    0.0000004  -0.00002479
  61    0.0031333  -0.00549025
  62    0.0044912  -0.00721862
  63    0.0030257  -0.00491768
  64    0.0044415  -0.00680796
  65    0.0048082  -0.00820482
  66    0.0046364  -0.00722559
  67    0.0063496  -0.01284860
  68    0.0065255  -0.01298481
  69    0.0061649  -0.01229306
  70    0.0066219  -0.01438868
  71    0.0000822  -0.00046049
  72    0.0000794  -0.00045373
  73    0.0000932  -0.00052743
  74    0.0001031  -0.00057662
  75    0.0000972  -0.00054042
  76    0.0000621  -0.00034945
  77    0.0000894  -0.00050485
  78    0.0001183  -0.00064746
  79    0.0000654  -0.00037392
  80    0.0000581  -0.00032963
  81    0.0001043  -0.00057991
  82    0.0000568  -0.00030916
  83    0.0000424  -0.00030190
  84    0.0000279  -0.00020723
  85    0.0000299  -0.00021726
  86    0.0000250  -0.00019478
  87    0.0000003  -0.00001794
  88    0.0000003  -0.00001788
  89    0.0000002  -0.00001492
  90    0.0000002  -0.00001491
  91    0.0023821  -0.00405331
  92    0.0008934  -0.00166567
  93    0.0013781  -0.00236195
  94    0.0031770  -0.00544321
  95    0.0012653  -0.00226279
  96    0.0029648  -0.00530696
  97    0.0057275  -0.01137709
  98    0.0046096  -0.00839057
  99    0.0034049  -0.00635617
 100    0.0045889  -0.00859666
 101    0.0000637  -0.00036548
 102    0.0000478  -0.00028112
 103    0.0000652  -0.00037288
 104    0.0000819  -0.00046162
 105    0.0000439  -0.00025730
 106    0.0000510  -0.00029531
 107    0.0000523  -0.00030423
 108    0.0000574  -0.00033220
 109    0.0000586  -0.00032575
 110    0.0000481  -0.00028162
 111    0.0000825  -0.00045248
 112    0.0000501  -0.00027671
 113    0.0000293  -0.00022172
 114    0.0000221  -0.00018629
 115    0.0000202  -0.00017003
 116    0.0000247  -0.00019479
 117    0.0000002  -0.00001566
 118    0.0000002  -0.00001616
 119    0.0000002  -0.00001235
 120    0.0000002  -0.00001239
 
----------------
 Final Energies 
----------------
Final NOF Total Energy =   -1363.8320668
 
Total Orbital Internal Iterations = 110
Total Occupation Internal Iterations = 165
 
Elapsed time:  104.00 Seconds

---------------------------------
   Lowdin Population Analysis    
---------------------------------
 Idx  Atom   Population   Charge 
---------------------------------
  1     P    14.999       0.001
  2     P    15.001      -0.001
  3     P    14.999       0.001
  4     P    15.001      -0.001

---------------------------------
   M Diagnostic: 0.03
---------------------------------

Recovering execution output...
Moving from /scratch/pobleyef/204836 to /home-nas/pobleyef/Poison-NOF/ncwomax/P30-5/GNOFmodulated20/arina.204836
mkdir -p /home-nas/pobleyef/Poison-NOF/ncwomax/P30-5/GNOFmodulated20/arina.204836
mv /scratch/pobleyef/204836/* /home-nas/pobleyef/Poison-NOF/ncwomax/P30-5/GNOFmodulated20/arina.204836
