Computing Integrals
Elapsed time:    2.83 Seconds

Number of basis functions                   (NBF)    = 70
Number of auxiliary basis functions         (NBFAUX) = 128
Inactive Doubly occupied orbitals up to     (NO1)    = 0
No. considered Strongly Doubly occupied MOs (NDOC)   = 6
No. considered Strongly Singly occupied MOs (NSOC)   = 1
NO. of Weakly occ. per St. Doubly occ.  MOs (NCWO)   = 1
Dimension of the Nat. Orb. subspace         (NBF5)   = 13
No. of electrons                                     = 13
    No. of alpha electrons                           = 7
    No. of beta electrons                            = 6
Multiplicity                                         = 2

Geometry
========
Al       0.0000000       0.0000000       0.0000000

No violations of the orthonormality
No violations of the orthonormality
 
PNOF7/ADABelief Calculation
==================
 
  Nitext  Nit_orb  Time   Nit_occ  Time         Eelec          Etot           Ediff      maxdiff    MaxGrad_orb  Grad_occ
     1      10    9.0e+00    7    1.2e+01  -241.78645306  -241.78645306 -10240.78645306   0.060114   2.4e-01   1.3e-04 0.00
     2      20    6.7e-02    8    4.7e-04  -241.89973214  -241.89973214    -0.11327908   0.091510   3.7e-01   5.4e-05 0.01
     3      20    1.3e-02    6    4.9e-04  -241.92815852  -241.92815852    -0.02842638   0.023684   9.5e-02   4.0e-05 0.05
     4      20    1.8e-02    4    3.5e-04  -241.94300569  -241.94300569    -0.01484717   0.019376   7.8e-02   5.0e-05 0.09
     5      20    1.6e-02    3    3.1e-04  -241.94921658  -241.94921658    -0.00621088   0.020355   8.1e-02   1.3e-04 0.11
     6      20    1.6e-02    2    4.2e-04  -241.95069692  -241.95069692    -0.00148035   0.017951   7.2e-02   1.1e-04 0.12
     7      20    2.3e-02    0    2.7e-04  -241.95106470  -241.95106470    -0.00036778   0.020313   8.1e-02   2.2e-04 0.12
     8      30    2.1e-02    1    3.0e-04  -241.95160036  -241.95160036    -0.00053566   0.012957   5.2e-02   1.0e-04 0.13
     9      30    2.8e-02    0    4.0e-03  -241.95160551  -241.95160551    -0.00000515   0.012957   5.2e-02   1.0e-04 0.13
    10      50    3.5e-02    0    2.7e-04  -241.95192598  -241.95192598    -0.00032047   0.000978   3.9e-03   1.5e-04 0.13
 
RESULTS OF THE OCCUPATION OPTIMIZATION
========================================
   1    1.9999479  -58.33024407
   2    1.9985887  -3.70099828
   3    1.9985456  -3.69849317
   4    1.9984785  -3.67939691
   5    1.9984135  -3.67217310
   6    1.8721702  -0.39148963
   7    1.0000000  -0.11581044
   8    0.1278298  -0.03252204
   9    0.0015865  -0.00764992
  10    0.0015215  -0.00741037
  11    0.0014544  -0.00719320
  12    0.0014113  -0.00698552
  13    0.0000521  -0.00601293
 
----------------
 Final Energies 
----------------
Final NOF Total Energy =    -241.9519260
 
Total Orbital Internal Iterations = 240
Total Occupation Internal Iterations = 31
 
Elapsed time:   27.11 Seconds

---------------------------------
   Lowdin Population Analysis    
---------------------------------
 Idx  Atom   Population   Charge 
---------------------------------
  1    Al    13.000       0.000

---------------------------------
   M Diagnostic: 0.13
---------------------------------

