BH76-n2ohts
/software/eb2024/easybuild/software/common/software/Julia/1.11.3-linux-x86_64/bin/julia
Job runing on nh012
Choosing scratch ...
Automatic scratch folder selection
/scratch/pobleyef/283242
/scratch/pobleyef/283242 directory
cp BH76-n2ohts.jl BH76-n2ohts.jld2 to  /scratch/pobleyef/283242/.
BH76-n2ohts_C.jld2 not found
BH76-n2ohts_n.jld2 not found
Computing Integrals
Basis Set                                            = def2-qzvp
Auxiliary Basis Set                                  = def2-universal-jkfit
Gaussian Type                                        = Spherical
Elapsed time:    4.44 Seconds

Number of basis functions                   (NBF)    = 201
Number of auxiliary basis functions         (NBFAUX) = 249
Inactive Doubly occupied orbitals up to     (NO1)    = 0
No. considered Strongly Doubly occupied MOs (NDOC)   = 11
No. considered Strongly Singly occupied MOs (NSOC)   = 1
NO. of Weakly occ. per St. Doubly occ.  MOs (NCWO)   = 1
Dimension of the Nat. Orb. subspace         (NBF5)   = 23
No. of electrons                                     = 23
    No. of alpha electrons                           = 12
    No. of beta electrons                            = 11
Multiplicity                                         = 2

Geometry
========
 H      -0.2690454      -1.5391876       0.0000000
 O      -0.8267685      -0.2299978       0.0000000
 N       0.0342399       0.6485534       0.0000000
 N       1.0615740       1.1206319       0.0000000

No violations of the orthonormality
No violations of the orthonormality
 
PNOF7/ADABelief Calculation
==================
 
  Nitext  Nit_orb  Time   Nit_occ  Time         Eelec          Etot           Ediff      maxdiff    MaxGrad_orb  Grad_occ
     1      10    2.9e+01   11    3.3e+01  -242.83295454  -177.14671272 -10241.83295454   0.667532   2.7e+00   2.1e-04 0.03
     2      10    8.0e-01   10    1.6e-02  -248.15860539  -182.47236356    -5.32565084   0.328968   1.3e+00   5.8e-05 0.22
     3      10    9.2e-01    6    4.8e-02  -249.43361754  -183.74737572    -1.27501216   0.225733   9.0e-01   1.0e-04 0.11
     4      10    9.8e-01    4    6.8e-02  -249.80882715  -184.12258533    -0.37520961   0.208412   8.3e-01   2.1e-04 0.06
     5      10    8.6e-01    3    1.4e-02  -249.93429045  -184.24804863    -0.12546330   0.213903   8.6e-01   2.1e-04 0.06
     6      10    1.0e+00    5    4.0e-02  -249.98374636  -184.29750453    -0.04945590   0.212453   8.5e-01   1.0e-04 0.09
     7      10    1.0e+00    5    2.5e-02  -250.03436860  -184.34812677    -0.05062224   0.220394   8.8e-01   4.6e-05 0.12
     8      10    7.5e-01    4    7.2e-02  -250.04627143  -184.36002960    -0.01190283   0.198027   7.9e-01   1.1e-04 0.13
     9      10    7.0e-01    4    1.4e-02  -250.05723697  -184.37099515    -0.01096555   0.238118   9.5e-01   1.0e-04 0.15
    10      10    1.1e+00    0    2.8e-02  -250.05812436  -184.37188254    -0.00088739   0.238118   9.5e-01   1.0e-04 0.15
    11      30    2.2e+00    3    1.0e-02  -250.13260098  -184.44635915    -0.07447661   0.008272   3.3e-02   1.5e-04 0.17
    12      30    2.5e+00    3    8.3e-03  -250.13650745  -184.45026562    -0.00390647   0.002634   1.1e-02   9.7e-05 0.18
    13      30    2.5e+00    2    1.6e-02  -250.13722572  -184.45098390    -0.00071827   0.001726   6.9e-03   1.2e-04 0.19
    14      30    2.5e+00    1    7.7e-02  -250.13727652  -184.45103469    -0.00005080   0.001638   6.6e-03   2.2e-04 0.19
    15      30    2.3e+00    0    2.1e-02  -250.13728468  -184.45104286    -0.00000817   0.001638   6.6e-03   2.2e-04 0.19
    16      31    2.5e+00    0    4.3e-03  -250.13736379  -184.45112197    -0.00007911   0.000460   1.8e-03   2.0e-04 0.19
 
RESULTS OF THE OCCUPATION OPTIMIZATION
========================================
   1    1.9997790  -20.67776528
   2    1.9996795  -15.74554434
   3    1.9996968  -15.65037541
   4    1.9866575  -1.34800293
   5    1.9683981  -1.10563606
   6    1.9892736  -0.98828457
   7    1.9892217  -0.98671724
   8    1.9806997  -0.83395869
   9    1.9808060  -0.75704108
  10    1.8655112  -0.59684016
  11    1.8109843  -0.55012568
  12    1.0000000  -0.19935854
  13    0.1890157  -0.07984358
  14    0.1344888  -0.06282120
  15    0.0191940  -0.01284038
  16    0.0193003  -0.00844524
  17    0.0107783  -0.01059985
  18    0.0107264  -0.01056112
  19    0.0316019  -0.03107796
  20    0.0133425  -0.01648359
  21    0.0003032  -0.00792463
  22    0.0003205  -0.00826528
  23    0.0002210  -0.00762618
 
----------------
 Final Energies 
----------------
Final NOF Total Energy =    -184.4511220
 
Total Orbital Internal Iterations = 281
Total Occupation Internal Iterations = 61
 
Elapsed time:  107.90 Seconds

---------------------------------
   Lowdin Population Analysis    
---------------------------------
 Idx  Atom   Population   Charge 
---------------------------------
  1     H     1.092      -0.092
  2     O     7.783       0.217
  3     N     7.167      -0.167
  4     N     6.959       0.041

---------------------------------
   M Diagnostic: 0.19
---------------------------------

Recovering execution output...
Moving from /scratch/pobleyef/283242 to /home-nas/pobleyef/Poison-NOF/ncwo1/P30-5/PNOF7/arina.283242
mkdir -p /home-nas/pobleyef/Poison-NOF/ncwo1/P30-5/PNOF7/arina.283242
mv /scratch/pobleyef/283242/* /home-nas/pobleyef/Poison-NOF/ncwo1/P30-5/PNOF7/arina.283242
