Computing Integrals
Elapsed time:    3.71 Seconds

Number of basis functions                   (NBF)    = 201
Number of auxiliary basis functions         (NBFAUX) = 249
Inactive Doubly occupied orbitals up to     (NO1)    = 0
No. considered Strongly Doubly occupied MOs (NDOC)   = 11
No. considered Strongly Singly occupied MOs (NSOC)   = 1
NO. of Weakly occ. per St. Doubly occ.  MOs (NCWO)   = 1
Dimension of the Nat. Orb. subspace         (NBF5)   = 23
No. of electrons                                     = 23
    No. of alpha electrons                           = 12
    No. of beta electrons                            = 11
Multiplicity                                         = 2

Geometry
========
 H      -0.2690454      -1.5391876       0.0000000
 O      -0.8267685      -0.2299978       0.0000000
 N       0.0342399       0.6485534       0.0000000
 N       1.0615740       1.1206319       0.0000000

No violations of the orthonormality
No violations of the orthonormality
 
PNOF7/ADABelief Calculation
==================
 
  Nitext  Nit_orb  Time   Nit_occ  Time         Eelec          Etot           Ediff      maxdiff    MaxGrad_orb  Grad_occ
     1      10    1.0e+01    7    1.2e+01  -250.01660687  -184.33036505 -10249.01660687   0.424826   1.7e+00   2.0e-04 0.12
     2      10    1.1e+00    6    3.3e-02  -250.04448614  -184.35824432    -0.02787927   0.425169   1.7e+00   1.3e-04 0.15
     3      10    2.3e+00    4    5.3e-02  -250.05334501  -184.36710319    -0.00885887   0.428584   1.7e+00   2.3e-04 0.16
     4      10    9.6e-01    0    1.1e-02  -250.05385884  -184.36761702    -0.00051383   0.428584   1.7e+00   2.3e-04 0.16
     5      30    3.1e+00    4    3.6e-02  -250.13299997  -184.44675814    -0.07914112   0.014265   5.7e-02   1.5e-04 0.16
     6      30    3.0e+00    3    3.0e-02  -250.13399870  -184.44775687    -0.00099873   0.010767   4.3e-02   1.5e-04 0.17
     7      30    3.9e+00    3    2.6e-02  -250.13427400  -184.44803217    -0.00027530   0.006942   2.8e-02   6.7e-05 0.17
     8      30    4.5e+00    0    4.0e-02  -250.13431506  -184.44807324    -0.00004107   0.006942   2.8e-02   6.7e-05 0.17
     9      50    5.2e+00    2    2.1e-02  -250.13458307  -184.44834124    -0.00026801   0.001241   5.0e-03   4.7e-05 0.17
    10      50    5.0e+00    2    4.6e-02  -250.13460712  -184.44836530    -0.00002405   0.001460   5.8e-03   3.4e-05 0.17
    11      50    7.0e+00    1    3.8e-02  -250.13461636  -184.44837454    -0.00000924   0.001449   5.8e-03   1.5e-04 0.18
    12      50    5.8e+00    1    1.6e-02  -250.13462069  -184.44837887    -0.00000433   0.001484   5.9e-03   7.7e-05 0.18
    13      50    6.8e+00    0    4.6e-03  -250.13462326  -184.44838143    -0.00000256   0.001479   5.9e-03   1.2e-04 0.18
    14      60    6.2e+00    0    3.5e-02  -250.13462772  -184.44838590    -0.00000447   0.000854   3.4e-03   1.2e-04 0.18
 
RESULTS OF THE OCCUPATION OPTIMIZATION
========================================
   1    1.9997796  -20.65506081
   2    1.9996659  -15.78177974
   3    1.9996991  -15.68147800
   4    1.9867752  -1.42966023
   5    1.9679445  -1.07037829
   6    1.9888180  -0.93964259
   7    1.9887423  -0.93612084
   8    1.9868693  -0.88664706
   9    1.9813683  -0.78488648
  10    1.8627630  -0.61255195
  11    1.8247450  -0.57270207
  12    1.0000000  -0.19054314
  13    0.1752550  -0.07664404
  14    0.1372370  -0.06493354
  15    0.0186317  -0.01282927
  16    0.0131307  -0.00783610
  17    0.0112577  -0.01044518
  18    0.0111820  -0.01037543
  19    0.0320555  -0.03030571
  20    0.0132248  -0.01674835
  21    0.0003009  -0.00789453
  22    0.0003341  -0.00851772
  23    0.0002204  -0.00764569
 
----------------
 Final Energies 
----------------
Final NOF Total Energy =    -184.4483859
 
Total Orbital Internal Iterations = 470
Total Occupation Internal Iterations = 33
 
Elapsed time:   85.38 Seconds

---------------------------------
   Lowdin Population Analysis    
---------------------------------
 Idx  Atom   Population   Charge 
---------------------------------
  1     H     1.181      -0.181
  2     O     7.825       0.175
  3     N     7.096      -0.096
  4     N     6.898       0.102

---------------------------------
   M Diagnostic: 0.18
---------------------------------

