Computing Integrals
Elapsed time:    2.90 Seconds

Number of basis functions                   (NBF)    = 144
Number of auxiliary basis functions         (NBFAUX) = 172
Inactive Doubly occupied orbitals up to     (NO1)    = 0
No. considered Strongly Doubly occupied MOs (NDOC)   = 9
No. considered Strongly Singly occupied MOs (NSOC)   = 1
NO. of Weakly occ. per St. Doubly occ.  MOs (NCWO)   = 1
Dimension of the Nat. Orb. subspace         (NBF5)   = 19
No. of electrons                                     = 19
    No. of alpha electrons                           = 10
    No. of beta electrons                            = 9
Multiplicity                                         = 2

Geometry
========
 H       0.0000000       0.0000000      -1.5701571
 F       0.0000000       0.0000000       0.0449024
 F       0.0000000       0.0000000       1.5252546

No violations of the orthonormality
No violations of the orthonormality
 
PNOF7/ADABelief Calculation
==================
 
  Nitext  Nit_orb  Time   Nit_occ  Time         Eelec          Etot           Ediff      maxdiff    MaxGrad_orb  Grad_occ
     1      10    9.6e+00    9    1.2e+01  -232.78666695  -199.34443543 -10231.78666695   0.709296   2.8e+00   1.0e-04 0.19
     2      10    3.5e-01    6    2.2e-02  -232.85070861  -199.40847708    -0.06404166   0.432352   1.7e+00   2.2e-04 0.22
     3      10    6.4e-01    0    3.8e-02  -232.85284663  -199.41061511    -0.00213802   0.432352   1.7e+00   2.2e-04 0.22
     4      30    1.4e+00    3    1.6e-02  -232.91485698  -199.47262545    -0.06201034   0.007864   3.1e-02   1.5e-04 0.22
     5      30    2.0e+00    2    1.9e-03  -232.91611356  -199.47388203    -0.00125658   0.003412   1.4e-02   1.2e-04 0.22
     6      30    2.5e+00    0    2.3e-02  -232.91622287  -199.47399135    -0.00010932   0.003412   1.4e-02   1.2e-04 0.22
     7      46    3.0e+00    2    2.1e-03  -232.91640374  -199.47417222    -0.00018087   0.000470   1.9e-03   3.2e-05 0.22
 
RESULTS OF THE OCCUPATION OPTIMIZATION
========================================
   1    1.9998385  -26.37337501
   2    1.9998392  -26.35469008
   3    1.9903910  -1.04916340
   4    1.9902758  -1.04203698
   5    1.9902240  -1.03927859
   6    1.9904105  -1.03183795
   7    1.9902477  -1.02282207
   8    1.9902292  -1.02175133
   9    1.7763478  -0.75434502
  10    1.0000000  -0.27170163
  11    0.2236522  -0.13230622
  12    0.0097708  -0.01234282
  13    0.0097523  -0.01233234
  14    0.0095895  -0.01223512
  15    0.0097760  -0.01243617
  16    0.0097242  -0.01240140
  17    0.0096090  -0.01233407
  18    0.0001608  -0.00714294
  19    0.0001615  -0.00717126
 
----------------
 Final Energies 
----------------
Final NOF Total Energy =    -199.4741722
 
Total Orbital Internal Iterations = 166
Total Occupation Internal Iterations = 22
 
Elapsed time:   37.97 Seconds

---------------------------------
   Lowdin Population Analysis    
---------------------------------
 Idx  Atom   Population   Charge 
---------------------------------
  1     H     0.964       0.036
  2     F     9.003      -0.003
  3     F     9.033      -0.033

---------------------------------
   M Diagnostic: 0.22
---------------------------------

