Computing Integrals
Elapsed time:    2.85 Seconds

Number of basis functions                   (NBF)    = 87
Number of auxiliary basis functions         (NBFAUX) = 95
Inactive Doubly occupied orbitals up to     (NO1)    = 0
No. considered Strongly Doubly occupied MOs (NDOC)   = 4
No. considered Strongly Singly occupied MOs (NSOC)   = 1
NO. of Weakly occ. per St. Doubly occ.  MOs (NCWO)   = 1
Dimension of the Nat. Orb. subspace         (NBF5)   = 9
No. of electrons                                     = 9
    No. of alpha electrons                           = 5
    No. of beta electrons                            = 4
Multiplicity                                         = 2

Geometry
========
 O       0.0000000       0.0000000       0.4844483
 H       0.0000000       0.0000000      -0.4844483

No violations of the orthonormality
No violations of the orthonormality
 
PNOF7/ADABelief Calculation
==================
 
  Nitext  Nit_orb  Time   Nit_occ  Time         Eelec          Etot           Ediff      maxdiff    MaxGrad_orb  Grad_occ
     1      10    9.2e+00    2    1.2e+01   -79.85785631   -75.48854675 -10078.85785631   0.233247   9.3e-01   1.3e-04 0.04
     2      10    4.0e-02    3    2.8e-04   -79.86560430   -75.49629473    -0.00774799   0.251288   1.0e+00   9.9e-05 0.03
     3      10    5.3e-02    2    4.1e-04   -79.86765429   -75.49834472    -0.00204999   0.264762   1.1e+00   1.9e-04 0.03
     4      10    8.1e-03    0    4.0e-04   -79.86784138   -75.49853181    -0.00018709   0.264762   1.1e+00   1.9e-04 0.03
     5      30    2.5e-02    1    2.7e-04   -79.87845999   -75.50915042    -0.01061861   0.004078   1.6e-02   1.8e-04 0.03
     6      30    4.7e-02    1    2.7e-04   -79.87875146   -75.50944189    -0.00029147   0.002303   9.2e-03   7.9e-05 0.03
     7      30    3.0e-02    1    4.7e-04   -79.87877271   -75.50946314    -0.00002125   0.002527   1.0e-02   2.7e-05 0.03
     8      30    5.1e-02    1    4.5e-04   -79.87877819   -75.50946863    -0.00000548   0.002575   1.0e-02   2.5e-05 0.03
     9      30    2.2e-02    0    4.3e-04   -79.87877878   -75.50946922    -0.00000059   0.002575   1.0e-02   2.5e-05 0.03
    10      36    2.8e-02    0    2.5e-04   -79.87880770   -75.50949813    -0.00002892   0.000476   1.9e-03   4.3e-05 0.03
 
RESULTS OF THE OCCUPATION OPTIMIZATION
========================================
   1    1.9997734  -20.61545188
   2    1.9679070  -0.90371746
   3    1.9836483  -0.84009315
   4    1.9836046  -0.83974244
   5    1.0000000  -0.34511749
   6    0.0163954  -0.01447153
   7    0.0163517  -0.01445520
   8    0.0320930  -0.02769535
   9    0.0002266  -0.00773210
 
----------------
 Final Energies 
----------------
Final NOF Total Energy =     -75.5094981
 
Total Orbital Internal Iterations = 226
Total Occupation Internal Iterations = 11
 
Elapsed time:   27.30 Seconds

---------------------------------
   Lowdin Population Analysis    
---------------------------------
 Idx  Atom   Population   Charge 
---------------------------------
  1     O     7.587       0.413
  2     H     1.413      -0.413

---------------------------------
   M Diagnostic: 0.03
---------------------------------

