Computing Integrals
Elapsed time:    8.56 Seconds

Number of basis functions                   (NBF)    = 337
Number of auxiliary basis functions         (NBFAUX) = 587
Inactive Doubly occupied orbitals up to     (NO1)    = 0
No. considered Strongly Doubly occupied MOs (NDOC)   = 37
No. considered Strongly Singly occupied MOs (NSOC)   = 0
NO. of Weakly occ. per St. Doubly occ.  MOs (NCWO)   = 1
Dimension of the Nat. Orb. subspace         (NBF5)   = 74
No. of electrons                                     = 74
    No. of alpha electrons                           = 37
    No. of beta electrons                            = 37
Multiplicity                                         = 1

Geometry
========
 C       0.0000000       0.0000000       0.0000000
Cl       1.0334459      -1.0334459       1.0334459
Cl      -1.0334459       1.0334459       1.0334459
Cl      -1.0334459      -1.0334459      -1.0334459
Cl       1.0334459       1.0334459      -1.0334459

No violations of the orthonormality
No violations of the orthonormality
 
PNOF7/ADABelief Calculation
==================
 
  Nitext  Nit_orb  Time   Nit_occ  Time         Eelec          Etot           Ediff      maxdiff    MaxGrad_orb  Grad_occ
     1      10    1.3e+01   16    1.2e+01 -2309.97371735 -1875.43745798 -12308.97371735   0.044051   1.8e-01   2.3e-04 0.02
     2      20    5.4e+00    0    1.2e-01 -2310.54795844 -1876.01169907    -0.57424109   0.044051   1.8e-01   2.3e-04 0.02
     3      40    1.1e+01   20    2.2e-01 -2310.63872529 -1876.10246591    -0.09076684   0.037028   1.5e-01   1.8e-04 0.04
     4      40    1.2e+01    9    1.5e-01 -2310.73266316 -1876.19640379    -0.09393787   0.008856   3.5e-02   2.4e-04 0.05
     5      40    1.2e+01    7    1.3e-01 -2310.75817968 -1876.22192031    -0.02551652   0.010679   4.3e-02   2.1e-04 0.06
     6      40    1.1e+01    7    1.5e-01 -2310.77284469 -1876.23658532    -0.01466501   0.012656   5.1e-02   9.5e-05 0.06
     7      40    1.1e+01    5    1.3e-01 -2310.78222655 -1876.24596718    -0.00938186   0.010111   4.0e-02   1.6e-04 0.06
     8      40    1.0e+01    4    1.2e-01 -2310.78846093 -1876.25220156    -0.00623439   0.010704   4.3e-02   2.5e-04 0.06
     9      40    1.1e+01    3    1.2e-01 -2310.79217103 -1876.25591166    -0.00371010   0.008260   3.3e-02   2.2e-04 0.06
    10      40    1.1e+01    3    1.4e-01 -2310.79432001 -1876.25806064    -0.00214898   0.008958   3.6e-02   1.1e-04 0.06
    11      40    1.3e+01    2    1.1e-01 -2310.79548186 -1876.25922249    -0.00116185   0.008839   3.5e-02   1.2e-04 0.06
    12      40    1.2e+01    2    1.1e-01 -2310.79616765 -1876.25990828    -0.00068579   0.009599   3.8e-02   7.7e-05 0.06
    13      40    1.0e+01    2    1.3e-01 -2310.79655767 -1876.26029830    -0.00039002   0.009186   3.7e-02   7.3e-05 0.06
    14      40    1.1e+01    2    1.3e-01 -2310.79683824 -1876.26057887    -0.00028057   0.010100   4.0e-02   4.6e-05 0.06
    15      40    1.1e+01    2    1.3e-01 -2310.79695612 -1876.26069674    -0.00011787   0.009619   3.8e-02   4.8e-05 0.06
    16      40    1.1e+01    1    1.2e-01 -2310.79702569 -1876.26076632    -0.00006957   0.009161   3.7e-02   1.2e-04 0.06
    17      40    1.2e+01    1    1.3e-01 -2310.79713091 -1876.26087154    -0.00010522   0.010461   4.2e-02   8.8e-05 0.06
    18      40    1.2e+01    0    1.3e-01 -2310.79716321 -1876.26090384    -0.00003230   0.008303   3.3e-02   1.9e-04 0.06
    19      50    1.4e+01    0    1.3e-01 -2310.79787797 -1876.26161860    -0.00071477   0.006788   2.7e-02   1.9e-04 0.06
    20      60    1.6e+01    0    1.1e-01 -2310.79830396 -1876.26204459    -0.00042599   0.005202   2.1e-02   2.6e-04 0.06
    21      70    1.9e+01    2    1.3e-01 -2310.79869047 -1876.26243109    -0.00038651   0.005046   2.0e-02   5.6e-05 0.06
    22      70    2.1e+01    1    1.1e-01 -2310.79893721 -1876.26267784    -0.00024675   0.005224   2.1e-02   2.2e-04 0.06
    23      70    1.9e+01    2    1.1e-01 -2310.79909181 -1876.26283244    -0.00015460   0.006092   2.4e-02   6.5e-05 0.06
    24      70    2.1e+01    1    1.7e-01 -2310.79926951 -1876.26301013    -0.00017769   0.005013   2.0e-02   1.5e-04 0.06
    25      70    2.0e+01    0    1.1e-01 -2310.79930341 -1876.26304404    -0.00003390   0.004607   1.8e-02   2.1e-04 0.06
    26      80    2.3e+01    0    1.1e-01 -2310.79947110 -1876.26321173    -0.00016770   0.004158   1.7e-02   2.1e-04 0.06
    27      90    2.4e+01    0    1.2e-01 -2310.79962913 -1876.26336975    -0.00015802   0.003750   1.5e-02   2.2e-04 0.06
    28     100    2.7e+01    0    1.3e-01 -2310.79968001 -1876.26342064    -0.00005088   0.003754   1.5e-02   2.2e-04 0.06
    29     110    3.1e+01    0    1.1e-01 -2310.79977872 -1876.26351934    -0.00009871   0.003587   1.4e-02   2.4e-04 0.06
    30     120    3.4e+01    0    1.3e-01 -2310.79979970 -1876.26354033    -0.00002099   0.003141   1.3e-02   2.2e-04 0.06
    31     130    3.5e+01    0    1.3e-01 -2310.79983507 -1876.26357569    -0.00003536   0.003199   1.3e-02   2.3e-04 0.06
    32     140    3.9e+01    0    1.2e-01 -2310.79984583 -1876.26358646    -0.00001077   0.003055   1.2e-02   2.3e-04 0.06
    33     150    4.1e+01    0    1.3e-01 -2310.79986949 -1876.26361012    -0.00002365   0.003224   1.3e-02   2.3e-04 0.06
    34     160    4.5e+01    0    1.1e-01 -2310.79988877 -1876.26362940    -0.00001929   0.002825   1.1e-02   2.3e-04 0.06
    35     170    4.8e+01    0    1.2e-01 -2310.79991842 -1876.26365905    -0.00002964   0.002281   9.1e-03   2.3e-04 0.06
    36     180    5.1e+01    0    1.2e-01 -2310.79992803 -1876.26366866    -0.00000962   0.002364   9.5e-03   2.2e-04 0.06
    37     190    5.4e+01    0    1.2e-01 -2310.79994832 -1876.26368895    -0.00002028   0.001880   7.5e-03   2.3e-04 0.06
    38     200    5.5e+01    0    1.2e-01 -2310.79995528 -1876.26369591    -0.00000696   0.001885   7.5e-03   2.2e-04 0.06
    39     210    6.0e+01    0    1.3e-01 -2310.79996431 -1876.26370494    -0.00000903   0.001736   6.9e-03   2.2e-04 0.06
    40     220    6.3e+01    0    1.1e-01 -2310.79997747 -1876.26371810    -0.00001316   0.001681   6.7e-03   2.2e-04 0.06
 
RESULTS OF THE OCCUPATION OPTIMIZATION
========================================
   1    1.9999732  -103.75092929
   2    1.9999733  -103.74024667
   3    1.9999731  -103.73656048
   4    1.9999730  -103.73211001
   5    1.9995396  -11.45690609
   6    1.9997222  -9.01211788
   7    1.9997220  -9.01091387
   8    1.9997202  -9.00662968
   9    1.9997162  -9.00165670
  10    1.9997299  -8.96366448
  11    1.9997290  -8.96281020
  12    1.9997296  -8.96185385
  13    1.9997289  -8.96048805
  14    1.9997290  -8.96038001
  15    1.9997291  -8.96027058
  16    1.9997294  -8.95998841
  17    1.9997287  -8.95939827
  18    1.9997266  -8.95852172
  19    1.9997259  -8.95818012
  20    1.9997230  -8.95568966
  21    1.9997227  -8.95295881
  22    1.9890993  -0.73210322
  23    1.9890955  -0.73091988
  24    1.9890853  -0.73016842
  25    1.9890672  -0.72978543
  26    1.9891109  -0.72970586
  27    1.9891079  -0.72942556
  28    1.9890661  -0.72923543
  29    1.9890355  -0.72920709
  30    1.9888852  -0.72841654
  31    1.9890003  -0.72837453
  32    1.9890109  -0.72824429
  33    1.9888151  -0.72672003
  34    1.9444151  -0.72068736
  35    1.9442170  -0.72016070
  36    1.9441925  -0.72014771
  37    1.9440130  -0.71997916
  38    0.0559870  -0.03314435
  39    0.0558075  -0.03307954
  40    0.0557830  -0.03306587
  41    0.0555849  -0.03300891
  42    0.0111849  -0.00831251
  43    0.0109891  -0.00825006
  44    0.0109997  -0.00825135
  45    0.0111148  -0.00828823
  46    0.0109645  -0.00824091
  47    0.0109339  -0.00823514
  48    0.0108921  -0.00821922
  49    0.0108891  -0.00821789
  50    0.0109328  -0.00822907
  51    0.0109147  -0.00822424
  52    0.0109045  -0.00822019
  53    0.0109007  -0.00822388
  54    0.0002773  -0.00358738
  55    0.0002770  -0.00358500
  56    0.0002741  -0.00357201
  57    0.0002734  -0.00356846
  58    0.0002713  -0.00355930
  59    0.0002706  -0.00355585
  60    0.0002709  -0.00355783
  61    0.0002710  -0.00355778
  62    0.0002711  -0.00355895
  63    0.0002704  -0.00355501
  64    0.0002710  -0.00355694
  65    0.0002701  -0.00355336
  66    0.0002838  -0.00363437
  67    0.0002798  -0.00361515
  68    0.0002780  -0.00360640
  69    0.0002778  -0.00360532
  70    0.0004604  -0.00857216
  71    0.0000270  -0.00575045
  72    0.0000269  -0.00574190
  73    0.0000267  -0.00572768
  74    0.0000268  -0.00573082
 
----------------
 Final Energies 
----------------
Final NOF Total Energy =   -1876.2637181
 
Total Orbital Internal Iterations = 3380
Total Occupation Internal Iterations = 92
 
Elapsed time: 1010.46 Seconds

---------------------------------
   Lowdin Population Analysis    
---------------------------------
 Idx  Atom   Population   Charge 
---------------------------------
  1     C     7.640      -1.640
  2    Cl    16.590       0.410
  3    Cl    16.590       0.410
  4    Cl    16.590       0.410
  5    Cl    16.590       0.410

---------------------------------
   M Diagnostic: 0.06
---------------------------------

