G2RC_10_61
/software/eb2024/easybuild/software/common/software/Julia/1.11.3-linux-x86_64/bin/julia
Job runing on na06
Choosing scratch ...
Automatic scratch folder selection
/scratch/pobleyef/204141
/scratch/pobleyef/204141 directory
cp G2RC_10_61.jl G2RC_10_61.jld2 to  /scratch/pobleyef/204141/.
Computing Integrals
Elapsed time:   44.96 Seconds

Number of basis functions                   (NBF)    = 150
Number of auxiliary basis functions         (NBFAUX) = 395
Inactive Doubly occupied orbitals up to     (NO1)    = 0
No. considered Strongly Doubly occupied MOs (NDOC)   = 21
No. considered Strongly Singly occupied MOs (NSOC)   = 0
NO. of Weakly occ. per St. Doubly occ.  MOs (NCWO)   = 1
Dimension of the Nat. Orb. subspace         (NBF5)   = 42
No. of electrons                                     = 42
    No. of alpha electrons                           = 21
    No. of beta electrons                            = 21
Multiplicity                                         = 1

Geometry
========
 C       0.0000000       0.0000000       0.0000000
 F       0.7665641      -0.7665641       0.7665641
 F      -0.7665641       0.7665641       0.7665641
 F      -0.7665641      -0.7665641      -0.7665641
 F       0.7665641       0.7665641      -0.7665641

No violations of the orthonormality
No violations of the orthonormality
 
PNOF7/ADABelief Calculation
==================
 
  Nitext  Nit_orb  Time   Nit_occ  Time         Eelec          Etot           Ediff      maxdiff    MaxGrad_orb  Grad_occ
     1      10    1.0e+02   12    2.1e+01  -632.77150694  -428.06710960 -10631.77150694   0.463965   1.9e+00   1.9e-04 0.00
     2      10    8.8e+01   20    2.1e-02  -639.85911175  -435.15471442    -7.08760481   0.219753   8.8e-01   2.2e-04 0.01
     3      10    8.6e+01   11    4.0e-02  -640.70364584  -435.99924851    -0.84453409   0.058969   2.4e-01   2.2e-04 0.02
     4      10    8.8e+01    6    1.2e-02  -640.76026466  -436.05586732    -0.05661881   0.037539   1.5e-01   6.2e-05 0.03
     5      10    9.1e+01    3    8.4e-03  -640.77097317  -436.06657584    -0.01070852   0.032735   1.3e-01   1.9e-04 0.03
     6      10    9.0e+01    2    3.1e-02  -640.77332819  -436.06893085    -0.00235501   0.033224   1.3e-01   2.2e-04 0.03
     7      10    9.4e+01    0    8.2e-02  -640.77350852  -436.06911118    -0.00018033   0.033224   1.3e-01   2.2e-04 0.03
     8      20    1.8e+02    1    7.7e-03  -640.80664911  -436.10225177    -0.03314059   0.000755   3.0e-03   2.5e-04 0.03
 
RESULTS OF THE OCCUPATION OPTIMIZATION
========================================
   1    1.9999107  -26.36082286
   2    1.9999077  -26.36068645
   3    1.9999074  -26.36066857
   4    1.9999090  -26.36006854
   5    1.9996474  -11.57499334
   6    1.9734858  -1.04377461
   7    1.9734413  -1.04267432
   8    1.9732544  -1.03858652
   9    1.9924498  -1.03594427
  10    1.9730741  -1.03418387
  11    1.9924188  -1.03388664
  12    1.9923472  -1.03147448
  13    1.9922920  -1.03045927
  14    1.9922958  -1.03003878
  15    1.9923164  -1.02943487
  16    1.9922621  -1.02939206
  17    1.9922422  -1.02864650
  18    1.9922919  -1.02835366
  19    1.9922790  -1.02789995
  20    1.9922208  -1.02665330
  21    1.9921987  -1.02623445
  22    0.0078013  -0.01093823
  23    0.0077792  -0.01092747
  24    0.0077210  -0.01089973
  25    0.0077081  -0.01088999
  26    0.0077578  -0.01091149
  27    0.0077379  -0.01090348
  28    0.0076836  -0.01087320
  29    0.0077042  -0.01088447
  30    0.0077080  -0.01088321
  31    0.0076528  -0.01086096
  32    0.0075812  -0.01081911
  33    0.0269259  -0.02763028
  34    0.0075502  -0.01079693
  35    0.0267456  -0.02753682
  36    0.0265587  -0.02744840
  37    0.0265142  -0.02744105
  38    0.0003526  -0.00515507
  39    0.0000910  -0.00279513
  40    0.0000926  -0.00281455
  41    0.0000923  -0.00280999
  42    0.0000893  -0.00276572
 
----------------
 Final Energies 
----------------
Final NOF Total Energy =    -436.1022518
 
Total Orbital Internal Iterations = 90
Total Occupation Internal Iterations = 55
 
Elapsed time:  856.46 Seconds

---------------------------------
   Lowdin Population Analysis    
---------------------------------
 Idx  Atom   Population   Charge 
---------------------------------
  1     C     6.428      -0.428
  2     F     8.893       0.107
  3     F     8.892       0.108
  4     F     8.893       0.107
  5     F     8.893       0.107

---------------------------------
   M Diagnostic: 0.03
---------------------------------

Recovering execution output...
Moving from /scratch/pobleyef/204141 to /home-nas/pobleyef/Poison-NOF/ncwo1/P30-5/PNOF7/arina.204141
mkdir -p /home-nas/pobleyef/Poison-NOF/ncwo1/P30-5/PNOF7/arina.204141
mv /scratch/pobleyef/204141/* /home-nas/pobleyef/Poison-NOF/ncwo1/P30-5/PNOF7/arina.204141
