G2RC-13
/software/eb2024/easybuild/software/common/software/Julia/1.11.3-linux-x86_64/bin/julia
Job runing on nh014
Choosing scratch ...
Automatic scratch folder selection
/scratch/pobleyef/283247
/scratch/pobleyef/283247 directory
cp G2RC-13.jl G2RC-13.jld2 to  /scratch/pobleyef/283247/.
G2RC-13_C.jld2 not found
G2RC-13_n.jld2 not found
Computing Integrals
Basis Set                                            = def2-qzvp
Auxiliary Basis Set                                  = def2-universal-jkfit
Gaussian Type                                        = Spherical
Elapsed time:    3.50 Seconds

Number of basis functions                   (NBF)    = 117
Number of auxiliary basis functions         (NBFAUX) = 113
Inactive Doubly occupied orbitals up to     (NO1)    = 0
No. considered Strongly Doubly occupied MOs (NDOC)   = 5
No. considered Strongly Singly occupied MOs (NSOC)   = 0
NO. of Weakly occ. per St. Doubly occ.  MOs (NCWO)   = 1
Dimension of the Nat. Orb. subspace         (NBF5)   = 10
No. of electrons                                     = 10
    No. of alpha electrons                           = 5
    No. of beta electrons                            = 5
Multiplicity                                         = 1

Geometry
========
 O       0.0000000       0.0000000      -0.3906056
 H      -0.7620804       0.0000000       0.1953028
 H       0.7620804       0.0000000       0.1953028

No violations of the orthonormality
No violations of the orthonormality
 
PNOF7/ADABelief Calculation
==================
 
  Nitext  Nit_orb  Time   Nit_occ  Time         Eelec          Etot           Ediff      maxdiff    MaxGrad_orb  Grad_occ
     1      10    2.8e+01    8    3.3e+01   -81.58122711   -72.42615771 -10080.58122711   0.557835   2.2e+00   8.1e-05 0.01
     2      10    1.1e-01    4    2.7e-03   -84.24252089   -75.08745149    -2.66129378   0.347900   1.4e+00   8.1e-05 0.02
     3      10    4.8e-01    3    2.5e-03   -85.10331088   -75.94824148    -0.86078999   0.202889   8.1e-01   4.3e-05 0.03
     4      10    1.6e-01    3    1.5e-03   -85.28240011   -76.12733071    -0.17908923   0.196978   7.9e-01   4.4e-05 0.02
     5      10    1.1e-01    2    2.5e-03   -85.29677318   -76.14170378    -0.01437307   0.204493   8.2e-01   7.9e-05 0.02
     6      10    6.8e-02    2    2.6e-03   -85.29941962   -76.14435021    -0.00264644   0.184674   7.4e-01   3.5e-05 0.02
     7      10    2.7e-01    0    1.5e-03   -85.29952364   -76.14445424    -0.00010402   0.184674   7.4e-01   3.5e-05 0.02
     8      30    5.1e-01    1    1.8e-02   -85.30965675   -76.15458734    -0.01013311   0.000636   2.5e-03   1.9e-04 0.02
 
RESULTS OF THE OCCUPATION OPTIMIZATION
========================================
   1    1.9997791  -20.55850342
   2    1.9761578  -0.87889900
   3    1.9760621  -0.87654361
   4    1.9873512  -0.75270161
   5    1.9869698  -0.74280733
   6    0.0130302  -0.01266503
   7    0.0126488  -0.01248508
   8    0.0239379  -0.02206301
   9    0.0238422  -0.02203572
  10    0.0002209  -0.00764256
 
----------------
 Final Energies 
----------------
Final NOF Total Energy =     -76.1545873
 
Total Orbital Internal Iterations = 100
Total Occupation Internal Iterations = 23
 
Elapsed time:   81.70 Seconds

---------------------------------
   Lowdin Population Analysis    
---------------------------------
 Idx  Atom   Population   Charge 
---------------------------------
  1     O     7.350       0.650
  2     H     1.325      -0.325
  3     H     1.325      -0.325

---------------------------------
   M Diagnostic: 0.02
---------------------------------

Recovering execution output...
Moving from /scratch/pobleyef/283247 to /home-nas/pobleyef/Poison-NOF/ncwo1/P30-5/PNOF7/arina.283247
mkdir -p /home-nas/pobleyef/Poison-NOF/ncwo1/P30-5/PNOF7/arina.283247
mv /scratch/pobleyef/283247/* /home-nas/pobleyef/Poison-NOF/ncwo1/P30-5/PNOF7/arina.283247
