Computing Integrals
Elapsed time:    2.86 Seconds

Number of basis functions                   (NBF)    = 114
Number of auxiliary basis functions         (NBFAUX) = 154
Inactive Doubly occupied orbitals up to     (NO1)    = 0
No. considered Strongly Doubly occupied MOs (NDOC)   = 7
No. considered Strongly Singly occupied MOs (NSOC)   = 0
NO. of Weakly occ. per St. Doubly occ.  MOs (NCWO)   = 1
Dimension of the Nat. Orb. subspace         (NBF5)   = 14
No. of electrons                                     = 14
    No. of alpha electrons                           = 7
    No. of beta electrons                            = 7
Multiplicity                                         = 1

Geometry
========
 N       0.0000000       0.0000000      -0.5454291
 N       0.0000000       0.0000000       0.5454291

No violations of the orthonormality
No violations of the orthonormality
 
PNOF7/ADABelief Calculation
==================
 
  Nitext  Nit_orb  Time   Nit_occ  Time         Eelec          Etot           Ediff      maxdiff    MaxGrad_orb  Grad_occ
     1      10    9.9e+00    5    1.2e+01  -132.85235086  -109.08241565 -10131.85235086   0.251832   1.0e+00   7.5e-05 0.09
     2      10    4.1e-01    4    6.9e-03  -132.88246671  -109.11253151    -0.03011585   0.242296   9.7e-01   1.4e-04 0.10
     3      10    9.6e-01    0    1.4e-03  -132.88355082  -109.11361561    -0.00108411   0.242296   9.7e-01   1.4e-04 0.10
     4      30    1.1e+00    3    8.6e-04  -132.90414932  -109.13421412    -0.02059850   0.003154   1.3e-02   1.6e-04 0.10
     5      30    1.4e+00    3    3.5e-02  -132.90614873  -109.13621353    -0.00199941   0.003439   1.4e-02   4.3e-05 0.10
     6      30    1.7e+00    2    1.2e-03  -132.90694060  -109.13700540    -0.00079187   0.002788   1.1e-02   1.7e-04 0.10
     7      30    9.3e-01    1    3.6e-03  -132.90713343  -109.13719823    -0.00019283   0.003027   1.2e-02   1.3e-04 0.10
     8      30    9.6e-01    0    3.6e-03  -132.90715321  -109.13721800    -0.00001977   0.003027   1.2e-02   1.3e-04 0.10
     9      41    1.4e+00    1    6.8e-03  -132.90719010  -109.13725489    -0.00003689   0.000465   1.9e-03   5.6e-05 0.10
 
RESULTS OF THE OCCUPATION OPTIMIZATION
========================================
   1    1.9997109  -15.64498960
   2    1.9997115  -15.64478413
   3    1.9895521  -1.38996353
   4    1.9844703  -0.76211034
   5    1.9843828  -0.76099622
   6    1.8971655  -0.62873712
   7    1.8970316  -0.62869432
   8    0.1029684  -0.05184421
   9    0.1028345  -0.05182237
  10    0.0156172  -0.01170311
  11    0.0155297  -0.01165966
  12    0.0104479  -0.01421942
  13    0.0002885  -0.00769821
  14    0.0002891  -0.00770290
 
----------------
 Final Energies 
----------------
Final NOF Total Energy =    -109.1372549
 
Total Orbital Internal Iterations = 221
Total Occupation Internal Iterations = 19
 
Elapsed time:   37.67 Seconds

---------------------------------
   Lowdin Population Analysis    
---------------------------------
 Idx  Atom   Population   Charge 
---------------------------------
  1     N     7.000       0.000
  2     N     7.000      -0.000

---------------------------------
   M Diagnostic: 0.10
---------------------------------

