G2RC-61
/software/eb2024/easybuild/software/common/software/Julia/1.11.3-linux-x86_64/bin/julia
Job runing on na16
Choosing scratch ...
Automatic scratch folder selection
/scratch/pobleyef/283381
/scratch/pobleyef/283381 directory
cp G2RC-61.jl G2RC-61.jld2 to  /scratch/pobleyef/283381/.
Computing Integrals
Basis Set                                            = def2-qzvp
Auxiliary Basis Set                                  = def2-universal-jkfit
Gaussian Type                                        = Spherical
Elapsed time:    9.03 Seconds

Number of basis functions                   (NBF)    = 285
Number of auxiliary basis functions         (NBFAUX) = 383
Inactive Doubly occupied orbitals up to     (NO1)    = 0
No. considered Strongly Doubly occupied MOs (NDOC)   = 21
No. considered Strongly Singly occupied MOs (NSOC)   = 0
NO. of Weakly occ. per St. Doubly occ.  MOs (NCWO)   = 1
Dimension of the Nat. Orb. subspace         (NBF5)   = 42
No. of electrons                                     = 42
    No. of alpha electrons                           = 21
    No. of beta electrons                            = 21
Multiplicity                                         = 1

Geometry
========
 C       0.0000000       0.0000000       0.0000000
 F       0.7665641      -0.7665641       0.7665641
 F      -0.7665641       0.7665641       0.7665641
 F      -0.7665641      -0.7665641      -0.7665641
 F       0.7665641       0.7665641      -0.7665641

No violations of the orthonormality
No violations of the orthonormality
 
PNOF7/ADABelief Calculation
==================
 
  Nitext  Nit_orb  Time   Nit_occ  Time         Eelec          Etot           Ediff      maxdiff    MaxGrad_orb  Grad_occ
     1      10    5.5e+01    3    2.0e+01  -640.40241491  -435.69801757 -10639.40241491   0.378226   1.5e+00   2.0e-04 0.03
     2      10    3.7e+01    0    2.7e-02  -640.40388259  -435.69948526    -0.00146769   0.378226   1.5e+00   2.0e-04 0.03
     3      30    1.1e+02    3    9.4e-02  -640.88054460  -436.17614727    -0.47666201   0.029655   1.2e-01   7.8e-05 0.03
     4      30    1.2e+02    2    1.9e-02  -640.88182998  -436.17743264    -0.00128538   0.024791   9.9e-02   1.6e-04 0.03
     5      30    1.1e+02    2    3.5e-02  -640.88256875  -436.17817141    -0.00073877   0.028439   1.1e-01   8.3e-05 0.03
     6      30    1.1e+02    0    1.8e-01  -640.88264553  -436.17824819    -0.00007678   0.028439   1.1e-01   8.3e-05 0.03
     7      50    1.4e+02    1    1.7e-02  -640.88908273  -436.18468539    -0.00643720   0.002603   1.0e-02   1.6e-04 0.03
     8      50    1.3e+02    0    3.8e-02  -640.88909795  -436.18470061    -0.00001522   0.002603   1.0e-02   1.6e-04 0.03
     9      70    1.8e+02    1    4.5e-02  -640.88913646  -436.18473913    -0.00003852   0.000808   3.2e-03   9.1e-05 0.03
 
RESULTS OF THE OCCUPATION OPTIMIZATION
========================================
   1    1.9998430  -26.34844157
   2    1.9998428  -26.34843150
   3    1.9998430  -26.34838731
   4    1.9998433  -26.34800611
   5    1.9995572  -11.57977070
   6    1.9921905  -1.04100786
   7    1.9921667  -1.04031374
   8    1.9729146  -1.04027329
   9    1.9921509  -1.03966474
  10    1.9921523  -1.03937576
  11    1.9921501  -1.03920794
  12    1.9921399  -1.03902951
  13    1.9728730  -1.03893616
  14    1.9921082  -1.03883923
  15    1.9921313  -1.03883787
  16    1.9921175  -1.03879946
  17    1.9728578  -1.03868818
  18    1.9728639  -1.03847908
  19    1.9920936  -1.03837982
  20    1.9921145  -1.03829258
  21    1.9920990  -1.03798984
  22    0.0079010  -0.01116376
  23    0.0078855  -0.01115364
  24    0.0079064  -0.01116619
  25    0.0271361  -0.02788693
  26    0.0271422  -0.02788936
  27    0.0078825  -0.01115358
  28    0.0078687  -0.01114116
  29    0.0078918  -0.01115568
  30    0.0271270  -0.02788021
  31    0.0078601  -0.01113953
  32    0.0078499  -0.01113103
  33    0.0078477  -0.01113106
  34    0.0078491  -0.01113350
  35    0.0270854  -0.02785560
  36    0.0078333  -0.01112405
  37    0.0078095  -0.01110903
  38    0.0004428  -0.00844231
  39    0.0001567  -0.00707146
  40    0.0001570  -0.00707412
  41    0.0001572  -0.00707706
  42    0.0001570  -0.00707524
 
----------------
 Final Energies 
----------------
Final NOF Total Energy =    -436.1847391
 
Total Orbital Internal Iterations = 310
Total Occupation Internal Iterations = 12
 
Elapsed time: 1054.42 Seconds

---------------------------------
   Lowdin Population Analysis    
---------------------------------
 Idx  Atom   Population   Charge 
---------------------------------
  1     C     7.510      -1.510
  2     F     8.623       0.377
  3     F     8.623       0.377
  4     F     8.623       0.377
  5     F     8.622       0.378

---------------------------------
   M Diagnostic: 0.03
---------------------------------

Recovering execution output...
Moving from /scratch/pobleyef/283381 to /home-nas/pobleyef/Poison-NOF/ncwo1/P30-5/PNOF7/arina.283381
mkdir -p /home-nas/pobleyef/Poison-NOF/ncwo1/P30-5/PNOF7/arina.283381
mv /scratch/pobleyef/283381/* /home-nas/pobleyef/Poison-NOF/ncwo1/P30-5/PNOF7/arina.283381
