Computing Integrals
Elapsed time:    2.78 Seconds

Number of basis functions                   (NBF)    = 57
Number of auxiliary basis functions         (NBFAUX) = 77
Inactive Doubly occupied orbitals up to     (NO1)    = 0
No. considered Strongly Doubly occupied MOs (NDOC)   = 3
No. considered Strongly Singly occupied MOs (NSOC)   = 2
NO. of Weakly occ. per St. Doubly occ.  MOs (NCWO)   = 1
Dimension of the Nat. Orb. subspace         (NBF5)   = 8
No. of electrons                                     = 8
    No. of alpha electrons                           = 5
    No. of beta electrons                            = 3
Multiplicity                                         = 3

Geometry
========
 O       0.0000000       0.0000000       0.0000000

No violations of the orthonormality
No violations of the orthonormality
 
PNOF7/ADABelief Calculation
==================
 
  Nitext  Nit_orb  Time   Nit_occ  Time         Eelec          Etot           Ediff      maxdiff    MaxGrad_orb  Grad_occ
     1      10    9.3e+00    4    1.2e+01   -74.86969435   -74.86969435 -10073.86969435   0.043051   1.7e-01   1.3e-05 0.01
     2      20    5.6e-03    3    2.0e-04   -74.88087398   -74.88087398    -0.01117963   0.007896   3.2e-02   1.1e-04 0.02
     3      20    1.7e-02    3    1.9e-04   -74.88506712   -74.88506712    -0.00419315   0.007429   3.0e-02   6.8e-05 0.02
     4      20    6.3e-03    2    1.8e-04   -74.88620147   -74.88620147    -0.00113435   0.009071   3.6e-02   7.6e-05 0.02
     5      20    5.3e-03    1    1.7e-04   -74.88631304   -74.88631304    -0.00011157   0.009581   3.8e-02   1.2e-04 0.02
     6      20    6.6e-03    1    1.5e-04   -74.88635252   -74.88635252    -0.00003948   0.008516   3.4e-02   7.3e-05 0.02
     7      20    6.6e-03    0    1.4e-04   -74.88635602   -74.88635602    -0.00000350   0.008516   3.4e-02   7.3e-05 0.02
     8      30    8.9e-03    1    1.7e-04   -74.88664922   -74.88664922    -0.00029320   0.000490   2.0e-03   5.0e-05 0.02
 
RESULTS OF THE OCCUPATION OPTIMIZATION
========================================
   1    1.9997657  -20.67409772
   2    1.9786599  -0.93655479
   3    1.9786086  -0.93496525
   4    1.0000000  -0.37138793
   5    1.0000000  -0.37134758
   6    0.0213914  -0.01687598
   7    0.0213401  -0.01684716
   8    0.0002343  -0.00784781
 
----------------
 Final Energies 
----------------
Final NOF Total Energy =     -74.8866492
 
Total Orbital Internal Iterations = 160
Total Occupation Internal Iterations = 15
 
Elapsed time:   27.81 Seconds

---------------------------------
   Lowdin Population Analysis    
---------------------------------
 Idx  Atom   Population   Charge 
---------------------------------
  1     O     8.000       0.000

---------------------------------
   M Diagnostic: 0.02
---------------------------------

