SIE4x4-he2+_1.75
/software/eb2024/easybuild/software/common/software/Julia/1.11.3-linux-x86_64/bin/julia
Job runing on nh020
Choosing scratch ...
Automatic scratch folder selection
/scratch/pobleyef/283260
/scratch/pobleyef/283260 directory
cp SIE4x4-he2+_1.75.jl SIE4x4-he2+_1.75.jld2 to  /scratch/pobleyef/283260/.
SIE4x4-he2+_1.75_C.jld2 not found
SIE4x4-he2+_1.75_n.jld2 not found
Computing Integrals
Basis Set                                            = def2-qzvp
Auxiliary Basis Set                                  = def2-universal-jkfit
Gaussian Type                                        = Spherical
Elapsed time:    3.26 Seconds

Number of basis functions                   (NBF)    = 60
Number of auxiliary basis functions         (NBFAUX) = 46
Inactive Doubly occupied orbitals up to     (NO1)    = 0
No. considered Strongly Doubly occupied MOs (NDOC)   = 1
No. considered Strongly Singly occupied MOs (NSOC)   = 1
NO. of Weakly occ. per St. Doubly occ.  MOs (NCWO)   = 1
Dimension of the Nat. Orb. subspace         (NBF5)   = 3
No. of electrons                                     = 3
    No. of alpha electrons                           = 2
    No. of beta electrons                            = 1
Multiplicity                                         = 2

Geometry
========
He       0.0000000       0.0000000      -0.9399283
He       0.0000000       0.0000000       0.9399283

No violations of the orthonormality
No violations of the orthonormality
 
PNOF7/ADABelief Calculation
==================
 
  Nitext  Nit_orb  Time   Nit_occ  Time         Eelec          Etot           Ediff      maxdiff    MaxGrad_orb  Grad_occ
     1      10    2.8e+01    3    3.4e+01    -5.99962666    -4.87363409 -10004.99962666   0.021736   8.7e-02   2.0e-05 0.02
     2      10    5.5e-03    2    2.6e-04    -6.02432042    -4.89832785    -0.02469376   0.011363   4.5e-02   4.6e-05 0.03
     3      10    3.3e-02    1    2.2e-04    -6.02507273    -4.89908016    -0.00075231   0.011000   4.4e-02   3.1e-05 0.03
     4      10    4.9e-03    1    1.9e-04    -6.02511418    -4.89912160    -0.00004145   0.010348   4.1e-02   7.4e-07 0.03
     5      10    4.8e-03    0    1.7e-04    -6.02511454    -4.89912197    -0.00000037   0.010348   4.1e-02   7.4e-07 0.03
     6      16    7.2e-03    1    1.8e-04    -6.02575407    -4.89976150    -0.00063953   0.000422   1.7e-03   1.1e-06 0.03
 
RESULTS OF THE OCCUPATION OPTIMIZATION
========================================
   1    1.9701290  -1.40147938
   2    1.0000000  -0.80942802
   3    0.0298710  -0.01983693
 
----------------
 Final Energies 
----------------
Final NOF Total Energy =      -4.8997615
 
Total Orbital Internal Iterations = 66
Total Occupation Internal Iterations = 8
 
Elapsed time:   81.63 Seconds

---------------------------------
   Lowdin Population Analysis    
---------------------------------
 Idx  Atom   Population   Charge 
---------------------------------
  1    He     1.463       0.537
  2    He     1.537       0.463

---------------------------------
   M Diagnostic: 0.03
---------------------------------

Recovering execution output...
Moving from /scratch/pobleyef/283260 to /home-nas/pobleyef/Poison-NOF/ncwo1/P30-5/PNOF7/arina.283260
mkdir -p /home-nas/pobleyef/Poison-NOF/ncwo1/P30-5/PNOF7/arina.283260
mv /scratch/pobleyef/283260/* /home-nas/pobleyef/Poison-NOF/ncwo1/P30-5/PNOF7/arina.283260
