Computing Integrals
Elapsed time:    2.86 Seconds

Number of basis functions                   (NBF)    = 114
Number of auxiliary basis functions         (NBFAUX) = 152
Inactive Doubly occupied orbitals up to     (NO1)    = 0
No. considered Strongly Doubly occupied MOs (NDOC)   = 6
No. considered Strongly Singly occupied MOs (NSOC)   = 0
NO. of Weakly occ. per St. Doubly occ.  MOs (NCWO)   = 1
Dimension of the Nat. Orb. subspace         (NBF5)   = 12
No. of electrons                                     = 12
    No. of alpha electrons                           = 6
    No. of beta electrons                            = 6
Multiplicity                                         = 1

Geometry
========
 B       0.0000000       0.0000000      -0.7484170
 N       0.0000000       0.0000000       0.5345830

No violations of the orthonormality
No violations of the orthonormality
 
PNOF7/ADABelief Calculation
==================
 
  Nitext  Nit_orb  Time   Nit_occ  Time         Eelec          Etot           Ediff      maxdiff    MaxGrad_orb  Grad_occ
     1      10    9.5e+00    5    1.2e+01   -93.53871357   -79.10288784 -10092.53871357   0.040656   1.6e-01   9.0e-05 0.66
     2      20    5.4e-01    6    1.0e-03   -93.56163437   -79.12580865    -0.02292080   0.007052   2.8e-02   7.7e-05 0.67
     3      20    2.0e+00    5    6.8e-02   -93.56885605   -79.13303033    -0.00722168   0.006555   2.6e-02   1.1e-04 0.65
     4      20    1.2e+00    5    3.3e-03   -93.57052732   -79.13470160    -0.00167126   0.005155   2.1e-02   7.6e-05 0.63
     5      20    7.5e-01    2    7.5e-04   -93.57086610   -79.13504038    -0.00033879   0.008916   3.6e-02   1.4e-04 0.61
     6      20    5.9e-01    2    1.5e-02   -93.57108214   -79.13525642    -0.00021603   0.010961   4.4e-02   1.4e-04 0.60
     7      20    5.8e-01    0    1.4e-02   -93.57113032   -79.13530460    -0.00004818   0.010961   4.4e-02   1.4e-04 0.60
     8      40    1.6e+00    2    2.3e-03   -93.57157966   -79.13575394    -0.00044934   0.000633   2.5e-03   1.1e-04 0.59
 
RESULTS OF THE OCCUPATION OPTIMIZATION
========================================
   1    1.9996336  -15.61151514
   2    1.9991606  -7.65243714
   3    1.9798699  -1.11049017
   4    1.8696510  -0.47403984
   5    1.8688095  -0.47314086
   6    1.4061440  -0.41662438
   7    0.5938560  -0.19326249
   8    0.1311905  -0.05234315
   9    0.1303490  -0.05211380
  10    0.0201301  -0.01479496
  11    0.0008394  -0.00997582
  12    0.0003664  -0.00902558
 
----------------
 Final Energies 
----------------
Final NOF Total Energy =     -79.1357539
 
Total Orbital Internal Iterations = 170
Total Occupation Internal Iterations = 27
 
Elapsed time:   34.84 Seconds

---------------------------------
   Lowdin Population Analysis    
---------------------------------
 Idx  Atom   Population   Charge 
---------------------------------
  1     B     5.351      -0.351
  2     N     6.649       0.351

---------------------------------
   M Diagnostic: 0.59
---------------------------------

