Computing Integrals
Elapsed time:    5.60 Seconds

Number of basis functions                   (NBF)    = 298
Number of auxiliary basis functions         (NBFAUX) = 436
Inactive Doubly occupied orbitals up to     (NO1)    = 0
No. considered Strongly Doubly occupied MOs (NDOC)   = 25
No. considered Strongly Singly occupied MOs (NSOC)   = 0
NO. of Weakly occ. per St. Doubly occ.  MOs (NCWO)   = 1
Dimension of the Nat. Orb. subspace         (NBF5)   = 50
No. of electrons                                     = 50
    No. of alpha electrons                           = 25
    No. of beta electrons                            = 25
Multiplicity                                         = 1

Geometry
========
 F       0.9009150       0.9009150       0.9009150
Si       0.0000000       0.0000000       0.0000000
 F      -0.9009150      -0.9009150       0.9009150
 F      -0.9009150       0.9009150      -0.9009150
 F       0.9009150      -0.9009150      -0.9009150

No violations of the orthonormality
No violations of the orthonormality
 
PNOF7/ADABelief Calculation
==================
 
  Nitext  Nit_orb  Time   Nit_occ  Time         Eelec          Etot           Ediff      maxdiff    MaxGrad_orb  Grad_occ
     1      10    1.1e+01    8    1.2e+01  -958.98302973  -687.13852968 -10957.98302973   0.051499   2.1e-01   2.2e-04 0.01
     2      20    4.2e+00    9    4.1e-02  -959.28809279  -687.44359273    -0.30506306   0.229710   9.2e-01   1.8e-04 0.01
     3      20    4.8e+00    5    5.2e-02  -959.35643706  -687.51193701    -0.06834427   0.038198   1.5e-01   1.8e-04 0.01
     4      20    3.2e+00    4    6.4e-02  -959.36975953  -687.52525948    -0.01332247   0.040740   1.6e-01   9.6e-05 0.01
     5      20    3.2e+00    3    3.8e-02  -959.37884153  -687.53434148    -0.00908200   0.041754   1.7e-01   1.1e-04 0.01
     6      20    5.4e+00    0    1.0e-01  -959.37950507  -687.53500501    -0.00066353   0.041754   1.7e-01   1.1e-04 0.01
     7      40    6.6e+00    2    3.8e-02  -959.39024867  -687.54574861    -0.01074360   0.003535   1.4e-02   8.7e-05 0.01
     8      40    7.7e+00    1    4.6e-02  -959.39058307  -687.54608302    -0.00033440   0.006268   2.5e-02   1.4e-04 0.01
     9      40    6.3e+00    1    4.2e-02  -959.39070209  -687.54620204    -0.00011902   0.006410   2.6e-02   6.9e-05 0.01
    10      40    7.7e+00    1    3.7e-02  -959.39078842  -687.54628837    -0.00008633   0.007124   2.8e-02   5.7e-05 0.01
    11      40    6.2e+00    0    3.1e-02  -959.39090814  -687.54640809    -0.00011972   0.006001   2.4e-02   1.7e-04 0.01
    12      50    9.2e+00    0    4.1e-02  -959.39113564  -687.54663559    -0.00022750   0.004331   1.7e-02   2.4e-04 0.01
    13      60    9.3e+00    0    1.0e-01  -959.39128564  -687.54678559    -0.00015000   0.004075   1.6e-02   2.9e-04 0.01
    14      70    1.2e+01    0    4.3e-02  -959.39138197  -687.54688192    -0.00009633   0.003854   1.5e-02   3.5e-04 0.01
    15      80    1.4e+01    1    3.7e-02  -959.39144013  -687.54694008    -0.00005816   0.002978   1.2e-02   7.3e-05 0.01
    16      80    1.4e+01    0    3.7e-02  -959.39146235  -687.54696230    -0.00002223   0.002924   1.2e-02   2.2e-04 0.01
    17      90    1.5e+01    0    4.2e-02  -959.39146187  -687.54696181     0.00000049   0.003125   1.2e-02   2.4e-04 0.01
    18      90    1.5e+01    0    3.7e-02  -959.39151730  -687.54701725    -0.00005544   0.000492   2.0e-03   2.7e-04 0.01
 
RESULTS OF THE OCCUPATION OPTIMIZATION
========================================
   1    1.9999586  -68.61363224
   2    1.9998415  -26.32403726
   3    1.9998416  -26.32394420
   4    1.9998416  -26.32391383
   5    1.9998416  -26.32374421
   6    1.9991882  -4.92426782
   7    1.9991795  -4.92349539
   8    1.9991857  -4.92334929
   9    1.9991787  -4.92114388
  10    1.9878380  -1.09863108
  11    1.9878372  -1.09834214
  12    1.9879314  -1.09715493
  13    1.9880127  -1.08343587
  14    1.9894659  -0.97683735
  15    1.9897275  -0.96423630
  16    1.9900405  -0.96315528
  17    1.9898244  -0.96163191
  18    1.9900517  -0.95447526
  19    1.9900776  -0.95406530
  20    1.9903235  -0.95274185
  21    1.9905897  -0.95249499
  22    1.9902109  -0.95215101
  23    1.9905016  -0.95211669
  24    1.9905334  -0.95183232
  25    1.9904564  -0.94901508
  26    0.0095436  -0.01238351
  27    0.0094666  -0.01234965
  28    0.0094984  -0.01237939
  29    0.0097891  -0.01261549
  30    0.0094103  -0.01229762
  31    0.0096765  -0.01250701
  32    0.0099224  -0.01274046
  33    0.0099483  -0.01276094
  34    0.0101756  -0.01299640
  35    0.0099595  -0.01285637
  36    0.0102725  -0.01309403
  37    0.0105341  -0.01338945
  38    0.0119873  -0.01551465
  39    0.0120686  -0.01571387
  40    0.0121628  -0.01579748
  41    0.0121620  -0.01579241
  42    0.0008213  -0.00574448
  43    0.0008143  -0.00572594
  44    0.0008205  -0.00574867
  45    0.0008118  -0.00571499
  46    0.0001584  -0.00712275
  47    0.0001584  -0.00712166
  48    0.0001584  -0.00712232
  49    0.0001585  -0.00712393
  50    0.0000414  -0.00573099
 
----------------
 Final Energies 
----------------
Final NOF Total Energy =    -687.5470172
 
Total Orbital Internal Iterations = 830
Total Occupation Internal Iterations = 35
 
Elapsed time:  179.70 Seconds

---------------------------------
   Lowdin Population Analysis    
---------------------------------
 Idx  Atom   Population   Charge 
---------------------------------
  1     F     8.684       0.316
  2    Si    15.264      -1.264
  3     F     8.684       0.316
  4     F     8.684       0.316
  5     F     8.684       0.316

---------------------------------
   M Diagnostic: 0.01
---------------------------------

