W4-11_113_n2o
/software/eb2024/easybuild/software/common/software/Julia/1.11.3-linux-x86_64/bin/julia
Job runing on na01
Choosing scratch ...
Automatic scratch folder selection
/scratch/pobleyef/204169
/scratch/pobleyef/204169 directory
cp W4-11_113_n2o.jl W4-11_113_n2o.jld2 to  /scratch/pobleyef/204169/.
Computing Integrals
Elapsed time:   12.95 Seconds

Number of basis functions                   (NBF)    = 90
Number of auxiliary basis functions         (NBFAUX) = 237
Inactive Doubly occupied orbitals up to     (NO1)    = 0
No. considered Strongly Doubly occupied MOs (NDOC)   = 11
No. considered Strongly Singly occupied MOs (NSOC)   = 0
NO. of Weakly occ. per St. Doubly occ.  MOs (NCWO)   = 1
Dimension of the Nat. Orb. subspace         (NBF5)   = 22
No. of electrons                                     = 22
    No. of alpha electrons                           = 11
    No. of beta electrons                            = 11
Multiplicity                                         = 1

Geometry
========
 N       0.0000000       0.0000000      -1.2014770
 N       0.0000000       0.0000000      -0.0723770
 O       0.0000000       0.0000000       1.1146230

No violations of the orthonormality
No violations of the orthonormality
 
PNOF7/ADABelief Calculation
==================
 
  Nitext  Nit_orb  Time   Nit_occ  Time         Eelec          Etot           Ediff      maxdiff    MaxGrad_orb  Grad_occ
     1      10    2.0e+01    9    2.1e+01  -238.31934053  -177.59440561 -10237.31934053   0.525134   2.1e+00   1.4e-04 0.01
     2      10    5.4e-02   11    5.0e-03  -242.97695094  -182.25201602    -4.65761041   0.193258   7.7e-01   2.2e-04 0.05
     3      10    3.4e-02    8    1.7e-03  -243.72021163  -182.99527671    -0.74326069   0.035141   1.4e-01   1.6e-04 0.04
     4      10    3.2e-02    4    1.2e-03  -244.13081630  -183.40588138    -0.41060467   0.053593   2.1e-01   3.0e-04 0.04
     5      10    4.3e-02    5    1.4e-03  -244.54749553  -183.82256060    -0.41667923   0.052426   2.1e-01   9.8e-05 0.05
     6      10    9.4e-02    4    1.2e-03  -244.60556910  -183.88063418    -0.05807357   0.033391   1.3e-01   1.5e-04 0.05
     7      10    3.2e-02    4    1.2e-03  -244.61663124  -183.89169632    -0.01106214   0.035277   1.4e-01   9.2e-05 0.06
     8      10    3.2e-02    4    4.1e-03  -244.62441876  -183.89948384    -0.00778752   0.044196   1.8e-01   5.2e-05 0.07
     9      10    3.3e-02    4    1.3e-03  -244.63098223  -183.90604731    -0.00656347   0.052272   2.1e-01   7.0e-05 0.10
    10      10    3.3e-02    3    1.4e-02  -244.63670713  -183.91177221    -0.00572490   0.053214   2.1e-01   1.9e-04 0.12
    11      10    6.3e-02    3    1.3e-03  -244.63853713  -183.91360221    -0.00183000   0.052360   2.1e-01   1.6e-04 0.13
    12      10    3.9e-02    3    1.4e-03  -244.64003798  -183.91510306    -0.00150086   0.050312   2.0e-01   6.5e-05 0.14
    13      10    3.2e-02    3    3.8e-03  -244.64157425  -183.91663933    -0.00153626   0.055476   2.2e-01   7.5e-05 0.15
    14      10    6.0e-02    2    1.1e-03  -244.64348471  -183.91854979    -0.00191046   0.048725   1.9e-01   8.6e-05 0.15
    15      10    3.2e-02    2    2.9e-02  -244.64464909  -183.91971417    -0.00116438   0.047044   1.9e-01   1.2e-04 0.15
    16      10    3.3e-02    2    1.2e-03  -244.64614581  -183.92121089    -0.00149672   0.039314   1.6e-01   1.5e-04 0.15
    17      10    3.4e-02    3    1.2e-03  -244.64844351  -183.92350859    -0.00229770   0.043395   1.7e-01   6.3e-05 0.14
    18      10    3.5e-02    3    1.6e-03  -244.64898686  -183.92405194    -0.00054335   0.035815   1.4e-01   6.3e-05 0.13
    19      10    3.2e-02    0    1.2e-03  -244.64908725  -183.92415233    -0.00010039   0.035815   1.4e-01   6.3e-05 0.13
    20      19    7.0e-02    2    4.0e-03  -244.65834752  -183.93341260    -0.00926027   0.000397   1.6e-03   9.4e-05 0.13
 
RESULTS OF THE OCCUPATION OPTIMIZATION
========================================
   1    1.9998452  -20.61465297
   2    1.9997547  -15.79891956
   3    1.9997896  -15.67613036
   4    1.9875857  -1.43017997
   5    1.9770501  -1.12612726
   6    1.9901185  -0.86998425
   7    1.9900527  -0.86683014
   8    1.9898647  -0.86134219
   9    1.9837152  -0.77908414
  10    1.8714173  -0.58412122
  11    1.8706456  -0.58269834
  12    0.1293544  -0.05885775
  13    0.1285827  -0.05871730
  14    0.0162848  -0.01157484
  15    0.0101353  -0.00899108
  16    0.0099473  -0.00891398
  17    0.0098815  -0.00887592
  18    0.0229499  -0.02425901
  19    0.0124143  -0.01592809
  20    0.0002104  -0.00407699
  21    0.0002453  -0.00477751
  22    0.0001548  -0.00387993
 
----------------
 Final Energies 
----------------
Final NOF Total Energy =    -183.9334126
 
Total Orbital Internal Iterations = 209
Total Occupation Internal Iterations = 79
 
Elapsed time:   57.49 Seconds

---------------------------------
   Lowdin Population Analysis    
---------------------------------
 Idx  Atom   Population   Charge 
---------------------------------
  1     N     6.982       0.018
  2     N     6.845       0.155
  3     O     8.173      -0.173

---------------------------------
   M Diagnostic: 0.13
---------------------------------

Recovering execution output...
Moving from /scratch/pobleyef/204169 to /home-nas/pobleyef/Poison-NOF/ncwo1/P30-5/PNOF7/arina.204169
mkdir -p /home-nas/pobleyef/Poison-NOF/ncwo1/P30-5/PNOF7/arina.204169
mv /scratch/pobleyef/204169/* /home-nas/pobleyef/Poison-NOF/ncwo1/P30-5/PNOF7/arina.204169
