W4-11-sif4
/software/eb2024/easybuild/software/common/software/Julia/1.11.3-linux-x86_64/bin/julia
Job runing on na10
Choosing scratch ...
Automatic scratch folder selection
/scratch/pobleyef/283375
/scratch/pobleyef/283375 directory
cp W4-11-sif4.jl W4-11-sif4.jld2 to  /scratch/pobleyef/283375/.
Computing Integrals
Basis Set                                            = def2-qzvp
Auxiliary Basis Set                                  = def2-universal-jkfit
Gaussian Type                                        = Spherical
Elapsed time:   16.90 Seconds

Number of basis functions                   (NBF)    = 298
Number of auxiliary basis functions         (NBFAUX) = 436
Inactive Doubly occupied orbitals up to     (NO1)    = 0
No. considered Strongly Doubly occupied MOs (NDOC)   = 25
No. considered Strongly Singly occupied MOs (NSOC)   = 0
NO. of Weakly occ. per St. Doubly occ.  MOs (NCWO)   = 1
Dimension of the Nat. Orb. subspace         (NBF5)   = 50
No. of electrons                                     = 50
    No. of alpha electrons                           = 25
    No. of beta electrons                            = 25
Multiplicity                                         = 1

Geometry
========
 F       0.9009150       0.9009150       0.9009150
Si       0.0000000       0.0000000       0.0000000
 F      -0.9009150      -0.9009150       0.9009150
 F      -0.9009150       0.9009150      -0.9009150
 F       0.9009150      -0.9009150      -0.9009150

No violations of the orthonormality
No violations of the orthonormality
 
PNOF7/ADABelief Calculation
==================
 
  Nitext  Nit_orb  Time   Nit_occ  Time         Eelec          Etot           Ediff      maxdiff    MaxGrad_orb  Grad_occ
     1      10    7.3e+01    7    2.0e+01  -957.30922894  -685.46472889 -10956.30922894   0.528822   2.1e+00   1.5e-04 0.04
     2      10    5.8e+01    5    3.3e-02  -958.01908865  -686.17458860    -0.70985971   0.392983   1.6e+00   9.5e-05 0.02
     3      10    5.2e+01    5    3.3e-02  -958.09767496  -686.25317491    -0.07858631   0.969732   3.9e+00   1.2e-04 0.02
     4      10    4.9e+01    0    3.4e-02  -958.10283882  -686.25833877    -0.00516386   0.969732   3.9e+00   1.2e-04 0.02
     5      30    1.8e+02    4    2.2e-01  -959.33615734  -687.49165729    -1.23331852   0.126425   5.1e-01   9.2e-05 0.02
     6      30    1.7e+02    3    8.2e-02  -959.38000800  -687.53550795    -0.04385066   0.025296   1.0e-01   1.8e-05 0.01
     7      30    1.5e+02    0    2.8e-02  -959.38138697  -687.53688692    -0.00137897   0.025296   1.0e-01   1.8e-05 0.01
     8      50    2.7e+02    2    7.2e-02  -959.38972219  -687.54522213    -0.00833522   0.005356   2.1e-02   5.2e-05 0.01
     9      50    1.9e+02    1    6.1e-02  -959.39057097  -687.54607092    -0.00084879   0.006233   2.5e-02   1.6e-04 0.01
    10      50    2.9e+02    1    4.4e-02  -959.39074446  -687.54624440    -0.00017348   0.007356   2.9e-02   6.9e-05 0.01
    11      50    2.8e+02    1    4.8e-02  -959.39087025  -687.54637020    -0.00012579   0.007540   3.0e-02   3.9e-05 0.01
    12      50    2.8e+02    1    4.1e-02  -959.39088142  -687.54638137    -0.00001117   0.007718   3.1e-02   2.5e-05 0.01
    13      50    3.2e+02    1    6.7e-02  -959.39093768  -687.54643763    -0.00005626   0.007665   3.1e-02   1.9e-05 0.01
    14      50    2.9e+02    0    1.2e-01  -959.39096909  -687.54646904    -0.00003141   0.007802   3.1e-02   2.0e-04 0.01
    15      60    2.2e+02    0    7.2e-02  -959.39112914  -687.54662909    -0.00016004   0.005790   2.3e-02   2.0e-04 0.01
    16      70    2.4e+02    1    3.3e-02  -959.39122652  -687.54672647    -0.00009738   0.005275   2.1e-02   2.8e-05 0.01
    17      70    3.7e+02    0    3.4e-02  -959.39122878  -687.54672873    -0.00000226   0.005275   2.1e-02   2.8e-05 0.01
    18      90    4.8e+02    0    2.6e-02  -959.39140635  -687.54690630    -0.00017757   0.000631   2.5e-03   1.7e-04 0.01
 
RESULTS OF THE OCCUPATION OPTIMIZATION
========================================
   1    1.9999588  -68.62072637
   2    1.9998414  -26.32437168
   3    1.9998415  -26.32433322
   4    1.9998415  -26.32411592
   5    1.9998415  -26.32339913
   6    1.9991631  -4.92474995
   7    1.9991675  -4.92209442
   8    1.9991667  -4.92168649
   9    1.9991672  -4.91980972
  10    1.9880088  -1.09645998
  11    1.9879616  -1.08086790
  12    1.9879726  -1.07553011
  13    1.9886511  -1.03108120
  14    1.9886531  -1.02731064
  15    1.9895338  -0.98313525
  16    1.9896270  -0.97099625
  17    1.9898051  -0.96884810
  18    1.9899574  -0.96298627
  19    1.9904486  -0.95887211
  20    1.9902209  -0.95771589
  21    1.9902897  -0.95364912
  22    1.9906394  -0.95141575
  23    1.9905605  -0.94941292
  24    1.9905079  -0.94878059
  25    1.9903780  -0.94568891
  26    0.0096220  -0.01242490
  27    0.0094921  -0.01228229
  28    0.0094395  -0.01226058
  29    0.0093606  -0.01219063
  30    0.0097103  -0.01257862
  31    0.0097791  -0.01263509
  32    0.0095514  -0.01244231
  33    0.0100426  -0.01289444
  34    0.0101949  -0.01306560
  35    0.0103730  -0.01323287
  36    0.0104662  -0.01339033
  37    0.0113469  -0.01447060
  38    0.0113489  -0.01450180
  39    0.0120274  -0.01548557
  40    0.0120384  -0.01554574
  41    0.0119912  -0.01562783
  42    0.0008328  -0.00580348
  43    0.0008333  -0.00580441
  44    0.0008325  -0.00579987
  45    0.0008369  -0.00582803
  46    0.0001585  -0.00712450
  47    0.0001585  -0.00712502
  48    0.0001585  -0.00712531
  49    0.0001586  -0.00712675
  50    0.0000412  -0.00572461
 
----------------
 Final Energies 
----------------
Final NOF Total Energy =    -687.5469063
 
Total Orbital Internal Iterations = 770
Total Occupation Internal Iterations = 32
 
Elapsed time: 4031.26 Seconds

---------------------------------
   Lowdin Population Analysis    
---------------------------------
 Idx  Atom   Population   Charge 
---------------------------------
  1     F     8.683       0.317
  2    Si    15.265      -1.265
  3     F     8.684       0.316
  4     F     8.683       0.317
  5     F     8.684       0.316

---------------------------------
   M Diagnostic: 0.01
---------------------------------

Recovering execution output...
Moving from /scratch/pobleyef/283375 to /home-nas/pobleyef/Poison-NOF/ncwo1/P30-5/PNOF7/arina.283375
mkdir -p /home-nas/pobleyef/Poison-NOF/ncwo1/P30-5/PNOF7/arina.283375
mv /scratch/pobleyef/283375/* /home-nas/pobleyef/Poison-NOF/ncwo1/P30-5/PNOF7/arina.283375
