Computing Integrals
Elapsed time:    7.61 Seconds

Number of basis functions                   (NBF)    = 280
Number of auxiliary basis functions         (NBFAUX) = 512
Inactive Doubly occupied orbitals up to     (NO1)    = 0
No. considered Strongly Doubly occupied MOs (NDOC)   = 30
No. considered Strongly Singly occupied MOs (NSOC)   = 0
NO. of Weakly occ. per St. Doubly occ.  MOs (NCWO)   = 1
Dimension of the Nat. Orb. subspace         (NBF5)   = 60
No. of electrons                                     = 60
    No. of alpha electrons                           = 30
    No. of beta electrons                            = 30
Multiplicity                                         = 1

Geometry
========
 P       0.7773750       0.7773750       0.7773750
 P      -0.7773750      -0.7773750       0.7773750
 P      -0.7773750       0.7773750      -0.7773750
 P       0.7773750      -0.7773750      -0.7773750

No violations of the orthonormality
No violations of the orthonormality
 
PNOF7/ADABelief Calculation
==================
 
  Nitext  Nit_orb  Time   Nit_occ  Time         Eelec          Etot           Ediff      maxdiff    MaxGrad_orb  Grad_occ
     1      10    1.2e+01   11    1.2e+01 -1687.56137002 -1362.65483435 -11686.56137002   0.056340   2.3e-01   1.9e-04 0.02
     2      20    4.1e+00   15    7.7e-02 -1688.08845841 -1363.18192273    -0.52708838   0.235045   9.4e-01   2.0e-04 0.06
     3      20    3.4e+00    8    5.2e-02 -1688.19618079 -1363.28964511    -0.10772238   0.088199   3.5e-01   1.6e-04 0.09
     4      20    4.8e+00    6    5.1e-02 -1688.21679426 -1363.31025859    -0.02061348   0.050445   2.0e-01   2.1e-04 0.11
     5      20    5.6e+00    5    4.7e-02 -1688.23194105 -1363.32540538    -0.01514679   0.479360   1.9e+00   1.8e-04 0.13
     6      20    4.3e+00    3    6.4e-02 -1688.24313838 -1363.33660271    -0.01119733   0.050699   2.0e-01   2.9e-04 0.13
     7      20    5.0e+00    3    7.4e-02 -1688.24383000 -1363.33729433    -0.00069162   0.154793   6.2e-01   1.5e-04 0.14
     8      20    3.8e+00    0    5.7e-02 -1688.24389868 -1363.33736301    -0.00006868   0.154793   6.2e-01   1.5e-04 0.14
     9      40    9.1e+00    2    5.2e-02 -1688.27592980 -1363.36939412    -0.03203112   0.005613   2.2e-02   2.0e-04 0.14
    10      40    7.5e+00    2    4.6e-02 -1688.27631207 -1363.36977640    -0.00038227   0.008595   3.4e-02   1.4e-04 0.14
    11      40    8.7e+00    2    5.6e-02 -1688.27696342 -1363.37042774    -0.00065135   0.008020   3.2e-02   1.1e-04 0.14
    12      40    7.9e+00    2    4.9e-02 -1688.27736456 -1363.37082889    -0.00040115   0.008526   3.4e-02   9.6e-05 0.14
    13      40    9.2e+00    2    4.9e-02 -1688.27782558 -1363.37128990    -0.00046101   0.008307   3.3e-02   7.1e-05 0.14
    14      40    8.3e+00    2    6.4e-02 -1688.27810014 -1363.37156447    -0.00027456   0.007909   3.2e-02   6.2e-05 0.14
    15      40    7.5e+00    2    5.6e-02 -1688.27828928 -1363.37175360    -0.00018914   0.008078   3.2e-02   4.5e-05 0.14
    16      40    8.3e+00    1    4.5e-02 -1688.27847608 -1363.37194041    -0.00018680   0.008884   3.6e-02   2.0e-04 0.14
    17      40    7.2e+00    2    6.1e-02 -1688.27858435 -1363.37204868    -0.00010827   0.008358   3.3e-02   4.8e-05 0.14
    18      40    8.9e+00    1    8.0e-02 -1688.27864203 -1363.37210636    -0.00005768   0.008555   3.4e-02   1.5e-04 0.14
    19      40    8.4e+00    1    6.4e-02 -1688.27873040 -1363.37219473    -0.00008837   0.008403   3.4e-02   1.6e-04 0.14
    20      40    8.2e+00    1    5.6e-02 -1688.27879236 -1363.37225668    -0.00006196   0.008569   3.4e-02   1.6e-04 0.14
    21      40    8.8e+00    1    4.7e-02 -1688.27884028 -1363.37230461    -0.00004792   0.008680   3.5e-02   1.5e-04 0.14
    22      40    9.2e+00    1    6.0e-02 -1688.27889459 -1363.37235892    -0.00005431   0.008347   3.3e-02   1.5e-04 0.14
    23      40    8.1e+00    1    4.9e-02 -1688.27893723 -1363.37240156    -0.00004264   0.008718   3.5e-02   1.5e-04 0.14
    24      40    8.7e+00    1    3.9e-02 -1688.27898366 -1363.37244799    -0.00004643   0.008451   3.4e-02   1.5e-04 0.14
    25      40    6.7e+00    1    4.8e-02 -1688.27901438 -1363.37247871    -0.00003072   0.043143   1.7e-01   1.5e-04 0.14
    26      40    9.2e+00    1    5.5e-02 -1688.27912383 -1363.37258815    -0.00010945   0.008945   3.6e-02   1.5e-04 0.14
    27      40    7.1e+00    1    4.3e-02 -1688.27914347 -1363.37260780    -0.00001965   0.008425   3.4e-02   1.6e-04 0.14
    28      40    7.6e+00    1    4.7e-02 -1688.27916208 -1363.37262641    -0.00001861   0.008423   3.4e-02   1.4e-04 0.14
    29      40    7.8e+00    0    5.2e-02 -1688.27916373 -1363.37262806    -0.00000165   0.008423   3.4e-02   1.4e-04 0.14
    30      60    1.2e+01    1    4.8e-02 -1688.28009590 -1363.37356023    -0.00093217   0.000586   2.3e-03   1.3e-04 0.14
 
RESULTS OF THE OCCUPATION OPTIMIZATION
========================================
   1    1.9999645  -79.55814214
   2    1.9999645  -79.55777906
   3    1.9999645  -79.55562776
   4    1.9999645  -79.55538037
   5    1.9993042  -6.03992480
   6    1.9993017  -6.03963079
   7    1.9993028  -6.03862433
   8    1.9992980  -6.03675670
   9    1.9992961  -6.03039099
  10    1.9992941  -6.03016199
  11    1.9992944  -6.02990099
  12    1.9992944  -6.02976723
  13    1.9992941  -6.02899921
  14    1.9992930  -6.02768520
  15    1.9992926  -6.02698894
  16    1.9992902  -6.02601970
  17    1.9992886  -6.02526624
  18    1.9992899  -6.02471291
  19    1.9992869  -6.02375871
  20    1.9992855  -6.02200227
  21    1.9822687  -0.85810617
  22    1.9801899  -0.81329108
  23    1.9796290  -0.79874517
  24    1.9734955  -0.71558941
  25    1.8606547  -0.39176473
  26    1.8613057  -0.39163003
  27    1.8617509  -0.39162106
  28    1.8619825  -0.39160789
  29    1.8608116  -0.39158334
  30    1.8614931  -0.39156613
  31    0.1385069  -0.03786840
  32    0.1391884  -0.03811697
  33    0.1380175  -0.03783747
  34    0.1382491  -0.03788917
  35    0.1386943  -0.03792376
  36    0.1393453  -0.03806965
  37    0.0265045  -0.00862425
  38    0.0203710  -0.00791470
  39    0.0198101  -0.00793036
  40    0.0177313  -0.00760633
  41    0.0007145  -0.00592373
  42    0.0007131  -0.00591908
  43    0.0007101  -0.00590655
  44    0.0007114  -0.00591616
  45    0.0007098  -0.00590691
  46    0.0007074  -0.00589497
  47    0.0007070  -0.00589181
  48    0.0007059  -0.00588897
  49    0.0007056  -0.00588818
  50    0.0007056  -0.00588329
  51    0.0007059  -0.00588930
  52    0.0007039  -0.00588150
  53    0.0007020  -0.00585654
  54    0.0006972  -0.00583135
  55    0.0006983  -0.00582561
  56    0.0006958  -0.00582025
  57    0.0000355  -0.00573087
  58    0.0000355  -0.00572958
  59    0.0000355  -0.00572954
  60    0.0000355  -0.00573000
 
----------------
 Final Energies 
----------------
Final NOF Total Energy =   -1363.3735602
 
Total Orbital Internal Iterations = 1050
Total Occupation Internal Iterations = 80
 
Elapsed time:  259.61 Seconds

---------------------------------
   Lowdin Population Analysis    
---------------------------------
 Idx  Atom   Population   Charge 
---------------------------------
  1     P    14.999       0.001
  2     P    15.000       0.000
  3     P    15.001      -0.001
  4     P    15.000      -0.000

---------------------------------
   M Diagnostic: 0.14
---------------------------------

