W4-11_135_cloo
/software/eb2024/easybuild/software/common/software/Julia/1.11.3-linux-x86_64/bin/julia
Job runing on na18
Choosing scratch ...
Automatic scratch folder selection
/scratch/pobleyef/204177
/scratch/pobleyef/204177 directory
cp W4-11_135_cloo.jl W4-11_135_cloo.jld2 to  /scratch/pobleyef/204177/.
Computing Integrals
Elapsed time:   12.59 Seconds

Number of basis functions                   (NBF)    = 94
Number of auxiliary basis functions         (NBFAUX) = 279
Inactive Doubly occupied orbitals up to     (NO1)    = 0
No. considered Strongly Doubly occupied MOs (NDOC)   = 16
No. considered Strongly Singly occupied MOs (NSOC)   = 1
NO. of Weakly occ. per St. Doubly occ.  MOs (NCWO)   = 1
Dimension of the Nat. Orb. subspace         (NBF5)   = 33
No. of electrons                                     = 33
    No. of alpha electrons                           = 17
    No. of beta electrons                            = 16
Multiplicity                                         = 2

Geometry
========
Cl      -0.5609740      -0.9946370       0.0000000
 O       0.0000000       0.9587120       0.0000000
 O       1.1920690       1.1548920       0.0000000

No violations of the orthonormality
No violations of the orthonormality
 
PNOF7/ADABelief Calculation
==================
 
  Nitext  Nit_orb  Time   Nit_occ  Time         Eelec          Etot           Ediff      maxdiff    MaxGrad_orb  Grad_occ
     1      10    1.7e+01    8    2.0e+01  -686.34560522  -596.95403690 -10685.34560522   1.731912   6.9e+00   2.1e-04 0.00
     2      10    3.4e-01   23    7.9e-03  -692.75044916  -603.35888084    -6.40484394   0.237635   9.5e-01   2.2e-04 0.06
     3      10    7.5e-02   13    3.1e-03  -697.41320397  -608.02163564    -4.66275481   0.126200   5.0e-01   2.4e-04 0.14
     4      10    5.9e-02   10    2.6e-03  -698.28048094  -608.88891262    -0.86727697   0.105681   4.2e-01   2.9e-04 0.15
     5      10    5.6e-02   12    5.1e-03  -698.45792778  -609.06635946    -0.17744684   0.092812   3.7e-01   1.7e-04 0.18
     6      10    4.4e-02    6    4.6e-03  -698.55755759  -609.16598927    -0.09962981   0.093085   3.7e-01   2.2e-04 0.22
     7      10    6.8e-02    8    5.1e-03  -698.61767002  -609.22610170    -0.06011243   0.103320   4.1e-01   2.1e-04 0.25
     8      10    7.2e-02    4    4.3e-03  -698.63583016  -609.24426184    -0.01816014   0.100124   4.0e-01   1.7e-04 0.25
     9      10    6.8e-02    3    4.2e-03  -698.63789355  -609.24632523    -0.00206339   0.092832   3.7e-01   9.9e-05 0.25
    10      10    4.4e-02    3    4.2e-03  -698.63827150  -609.24670318    -0.00037795   0.090547   3.6e-01   9.3e-05 0.25
    11      10    5.6e-02    0    1.4e-03  -698.63828725  -609.24671893    -0.00001575   0.090547   3.6e-01   9.3e-05 0.25
    12      30    1.6e-01    2    1.6e-03  -698.65989884  -609.26833052    -0.02161159   0.000899   3.6e-03   9.7e-05 0.26
 
RESULTS OF THE OCCUPATION OPTIMIZATION
========================================
   1    1.9999992  -104.82798516
   2    1.9998493  -20.75962197
   3    1.9998651  -20.73736255
   4    1.9997961  -8.69603025
   5    1.9997751  -8.66849732
   6    1.9998219  -8.65060213
   7    1.9998230  -8.63271074
   8    1.9897745  -1.07689463
   9    1.9566338  -1.05368579
  10    1.9890070  -0.98742803
  11    1.9887592  -0.97474392
  12    1.9874666  -0.96340168
  13    1.9856344  -0.69810801
  14    1.9850765  -0.69524100
  15    1.7423426  -0.68967877
  16    1.9811897  -0.62662916
  17    1.0000000  -0.24724226
  18    0.0188103  -0.01110147
  19    0.2576574  -0.13186360
  20    0.0149235  -0.00977348
  21    0.0143656  -0.00939678
  22    0.0125334  -0.01210643
  23    0.0112408  -0.01166537
  24    0.0109930  -0.01144606
  25    0.0433662  -0.04003886
  26    0.0102255  -0.00912375
  27    0.0001770  -0.00164581
  28    0.0001781  -0.00167444
  29    0.0002249  -0.00206507
  30    0.0002039  -0.00187432
  31    0.0001349  -0.00318792
  32    0.0001507  -0.00352213
  33    0.0000008  -0.00006548
 
----------------
 Final Energies 
----------------
Final NOF Total Energy =    -609.2683305
 
Total Orbital Internal Iterations = 140
Total Occupation Internal Iterations = 92
 
Elapsed time:   50.70 Seconds

---------------------------------
   Lowdin Population Analysis    
---------------------------------
 Idx  Atom   Population   Charge 
---------------------------------
  1    Cl    17.115      -0.115
  2     O     7.936       0.064
  3     O     7.950       0.050

---------------------------------
   M Diagnostic: 0.26
---------------------------------

Recovering execution output...
Moving from /scratch/pobleyef/204177 to /home-nas/pobleyef/Poison-NOF/ncwo1/P30-5/PNOF7/arina.204177
mkdir -p /home-nas/pobleyef/Poison-NOF/ncwo1/P30-5/PNOF7/arina.204177
mv /scratch/pobleyef/204177/* /home-nas/pobleyef/Poison-NOF/ncwo1/P30-5/PNOF7/arina.204177
