Computing Integrals
Basis Set                                            = def2-qzvp
Auxiliary Basis Set                                  = def2-universal-jkfit
Gaussian Type                                        = Spherical
Elapsed time:    3.48 Seconds

Number of basis functions                   (NBF)    = 201
Number of auxiliary basis functions         (NBFAUX) = 249
Inactive Doubly occupied orbitals up to     (NO1)    = 0
No. considered Strongly Doubly occupied MOs (NDOC)   = 11
No. considered Strongly Singly occupied MOs (NSOC)   = 1
NO. of Weakly occ. per St. Doubly occ.  MOs (NCWO)   = 1
Dimension of the Nat. Orb. subspace         (NBF5)   = 23
No. of electrons                                     = 23
    No. of alpha electrons                           = 12
    No. of beta electrons                            = 11
Multiplicity                                         = 2

Geometry
========
 H      -0.2690454      -1.5391876       0.0000000
 O      -0.8267685      -0.2299978       0.0000000
 N       0.0342399       0.6485534       0.0000000
 N       1.0615740       1.1206319       0.0000000

No violations of the orthonormality
No violations of the orthonormality
 
PNOF8/ADABelief Calculation
==================
 
  Nitext  Nit_orb  Time   Nit_occ  Time         Eelec          Etot           Ediff      maxdiff    MaxGrad_orb  Grad_occ
     1      10    2.3e+01    4    2.6e+01  -250.37513176  -184.68888993 -10249.37513176   0.001403   5.6e-03   2.0e-04 0.04
     2      20    2.9e+00    0    2.3e-02  -250.37525169  -184.68900987    -0.00011994   0.001403   5.6e-03   2.0e-04 0.04
     3      40    1.0e+01    2    2.0e-02  -250.37547589  -184.68923406    -0.00022419   0.000776   3.1e-03   2.4e-04 0.04
 
RESULTS OF THE OCCUPATION OPTIMIZATION
========================================
   1    1.9998390  -20.53993250
   2    1.9997504  -15.87856114
   3    1.9996345  -15.80087207
   4    1.9932807  -1.50350630
   5    1.9906245  -1.24039837
   6    1.9789202  -0.95485882
   7    1.9687898  -0.90847695
   8    1.9873769  -0.75229938
   9    1.9874108  -0.75207283
  10    1.9573257  -0.59784023
  11    1.9568003  -0.58438349
  12    1.0000000  -0.17978334
  13    0.0431997  -0.05763236
  14    0.0426743  -0.05736693
  15    0.0125892  -0.01835013
  16    0.0126231  -0.01851269
  17    0.0312102  -0.05207699
  18    0.0210798  -0.03499836
  19    0.0093755  -0.01919236
  20    0.0067193  -0.01659375
  21    0.0003655  -0.00889034
  22    0.0002496  -0.00639703
  23    0.0001610  -0.00566458
 
----------------
 Final Energies 
----------------
Final NOF Total Energy =    -184.6892341
 
Total Orbital Internal Iterations = 70
Total Occupation Internal Iterations = 6
 
Elapsed time:   77.76 Seconds

---------------------------------
   Lowdin Population Analysis    
---------------------------------
 Idx  Atom   Population   Charge 
---------------------------------
  1     H     1.199      -0.199
  2     O     7.803       0.197
  3     N     7.096      -0.096
  4     N     6.903       0.097

---------------------------------
   M Diagnostic: 0.04
---------------------------------

