Computing Integrals
Basis Set                                            = def2-qzvp
Auxiliary Basis Set                                  = def2-universal-jkfit
Gaussian Type                                        = Spherical
Elapsed time:    4.71 Seconds

Number of basis functions                   (NBF)    = 285
Number of auxiliary basis functions         (NBFAUX) = 383
Inactive Doubly occupied orbitals up to     (NO1)    = 0
No. considered Strongly Doubly occupied MOs (NDOC)   = 21
No. considered Strongly Singly occupied MOs (NSOC)   = 0
NO. of Weakly occ. per St. Doubly occ.  MOs (NCWO)   = 1
Dimension of the Nat. Orb. subspace         (NBF5)   = 42
No. of electrons                                     = 42
    No. of alpha electrons                           = 21
    No. of beta electrons                            = 21
Multiplicity                                         = 1

Geometry
========
 C       0.0000000       0.0000000       0.0000000
 F       0.7665641      -0.7665641       0.7665641
 F      -0.7665641       0.7665641       0.7665641
 F      -0.7665641      -0.7665641      -0.7665641
 F       0.7665641       0.7665641      -0.7665641

No violations of the orthonormality
No violations of the orthonormality
 
PNOF8/ADABelief Calculation
==================
 
  Nitext  Nit_orb  Time   Nit_occ  Time         Eelec          Etot           Ediff      maxdiff    MaxGrad_orb  Grad_occ
     1      10    2.2e+01    3    2.5e+01  -641.38475580  -436.68035846 -10640.38475580   0.000816   3.3e-03   3.0e-04 0.03
 
RESULTS OF THE OCCUPATION OPTIMIZATION
========================================
   1    1.9998590  -26.41025140
   2    1.9998540  -26.40932015
   3    1.9998525  -26.40931712
   4    1.9998512  -26.40907288
   5    1.9994809  -11.56197648
   6    1.9933247  -1.66690894
   7    1.9929795  -1.63098009
   8    1.9922638  -1.63030701
   9    1.9926754  -1.61289544
  10    1.9880473  -0.86769942
  11    1.9684437  -0.86489453
  12    1.9685019  -0.86260609
  13    1.9878693  -0.86249172
  14    1.9685586  -0.85950521
  15    1.9884056  -0.85352325
  16    1.9685336  -0.85291528
  17    1.9864675  -0.82948400
  18    1.9868626  -0.81870346
  19    1.9862331  -0.79692334
  20    1.9861140  -0.79598002
  21    1.9846431  -0.74631573
  22    0.0153569  -0.02377648
  23    0.0138860  -0.02237815
  24    0.0137669  -0.02260113
  25    0.0131374  -0.02160775
  26    0.0135325  -0.02311476
  27    0.0314664  -0.05383955
  28    0.0115944  -0.02398034
  29    0.0314414  -0.05386339
  30    0.0121307  -0.02382687
  31    0.0314981  -0.05403964
  32    0.0315563  -0.05429326
  33    0.0119527  -0.02388894
  34    0.0073246  -0.02028182
  35    0.0077362  -0.02290310
  36    0.0070205  -0.01941838
  37    0.0066753  -0.01818065
  38    0.0005191  -0.00933796
  39    0.0001488  -0.00634765
  40    0.0001475  -0.00627932
  41    0.0001460  -0.00623444
  42    0.0001410  -0.00604741
 
----------------
 Final Energies 
----------------
Final NOF Total Energy =    -436.6803585
 
Total Orbital Internal Iterations = 10
Total Occupation Internal Iterations = 3
 
Elapsed time:   62.01 Seconds

---------------------------------
   Lowdin Population Analysis    
---------------------------------
 Idx  Atom   Population   Charge 
---------------------------------
  1     C     7.556      -1.556
  2     F     8.611       0.389
  3     F     8.611       0.389
  4     F     8.611       0.389
  5     F     8.610       0.390

---------------------------------
   M Diagnostic: 0.03
---------------------------------

