Computing Integrals
Basis Set                                            = def2-qzvp
Auxiliary Basis Set                                  = def2-universal-jkfit
Gaussian Type                                        = Spherical
Elapsed time:    2.85 Seconds

Number of basis functions                   (NBF)    = 171
Number of auxiliary basis functions         (NBFAUX) = 231
Inactive Doubly occupied orbitals up to     (NO1)    = 0
No. considered Strongly Doubly occupied MOs (NDOC)   = 11
No. considered Strongly Singly occupied MOs (NSOC)   = 0
NO. of Weakly occ. per St. Doubly occ.  MOs (NCWO)   = 1
Dimension of the Nat. Orb. subspace         (NBF5)   = 22
No. of electrons                                     = 22
    No. of alpha electrons                           = 11
    No. of beta electrons                            = 11
Multiplicity                                         = 1

Geometry
========
 N       0.0000000       0.0000000      -1.2014770
 N       0.0000000       0.0000000      -0.0723770
 O       0.0000000       0.0000000       1.1146230

No violations of the orthonormality
No violations of the orthonormality
 
PNOF8/ADABelief Calculation
==================
 
  Nitext  Nit_orb  Time   Nit_occ  Time         Eelec          Etot           Ediff      maxdiff    MaxGrad_orb  Grad_occ
     1      10    2.1e+01    4    2.5e+01  -244.96236246  -184.23742754 -10243.96236246   0.000828   3.3e-03   1.9e-04 0.04
 
RESULTS OF THE OCCUPATION OPTIMIZATION
========================================
   1    1.9998290  -20.45981862
   2    1.9997239  -15.91454109
   3    1.9996409  -15.79008316
   4    1.9923071  -1.40740344
   5    1.9914166  -1.34927926
   6    1.9792580  -0.89146585
   7    1.9706783  -0.81733004
   8    1.9896848  -0.80702738
   9    1.9884239  -0.78452831
  10    1.9582526  -0.54905845
  11    1.9582767  -0.54649184
  12    0.0417233  -0.05736526
  13    0.0417474  -0.05725993
  14    0.0115761  -0.01945206
  15    0.0103152  -0.01542683
  16    0.0293217  -0.05061439
  17    0.0207420  -0.03395222
  18    0.0085834  -0.01872303
  19    0.0076929  -0.01725215
  20    0.0003591  -0.00872425
  21    0.0002761  -0.00683403
  22    0.0001710  -0.00597372
 
----------------
 Final Energies 
----------------
Final NOF Total Energy =    -184.2374275
 
Total Orbital Internal Iterations = 10
Total Occupation Internal Iterations = 4
 
Elapsed time:   60.91 Seconds

---------------------------------
   Lowdin Population Analysis    
---------------------------------
 Idx  Atom   Population   Charge 
---------------------------------
  1     N     6.948       0.052
  2     N     7.145      -0.145
  3     O     7.907       0.093

---------------------------------
   M Diagnostic: 0.04
---------------------------------

