Computing Integrals
Basis Set                                            = def2-qzvp
Auxiliary Basis Set                                  = def2-universal-jkfit
Gaussian Type                                        = Spherical
Elapsed time:    4.17 Seconds

Number of basis functions                   (NBF)    = 171
Number of auxiliary basis functions         (NBFAUX) = 231
Inactive Doubly occupied orbitals up to     (NO1)    = 0
No. considered Strongly Doubly occupied MOs (NDOC)   = 11
No. considered Strongly Singly occupied MOs (NSOC)   = 1
NO. of Weakly occ. per St. Doubly occ.  MOs (NCWO)   = 1
Dimension of the Nat. Orb. subspace         (NBF5)   = 23
No. of electrons                                     = 23
    No. of alpha electrons                           = 12
    No. of beta electrons                            = 11
Multiplicity                                         = 2

Geometry
========
 N       0.0000000       0.0000000       0.3239670
 O       0.0000000       1.1012340      -0.1417350
 O       0.0000000      -1.1012340      -0.1417350

No violations of the orthonormality
No violations of the orthonormality
 
PNOF8/ADABelief Calculation
==================
 
  Nitext  Nit_orb  Time   Nit_occ  Time         Eelec          Etot           Ediff      maxdiff    MaxGrad_orb  Grad_occ
     1      10    4.2e+01    5    2.4e+01  -269.53242220  -204.58626988 -10268.53242220   0.000969   3.9e-03   1.1e-04 0.04
 
RESULTS OF THE OCCUPATION OPTIMIZATION
========================================
   1    1.9998122  -20.66972391
   2    1.9998042  -20.54824483
   3    1.9996206  -15.99914974
   4    1.9936008  -1.64624406
   5    1.9927272  -1.48055956
   6    1.9879307  -0.86599397
   7    1.9880440  -0.83310681
   8    1.9715772  -0.78850448
   9    1.9873774  -0.76541895
  10    1.9686449  -0.61577924
  11    1.9574068  -0.54602544
  12    1.0000000  -0.26811758
  13    0.0425932  -0.06407336
  14    0.0313551  -0.04835198
  15    0.0126226  -0.01835494
  16    0.0284228  -0.04355413
  17    0.0119560  -0.02160238
  18    0.0120693  -0.02189694
  19    0.0072728  -0.01373920
  20    0.0063992  -0.01468413
  21    0.0003794  -0.00927203
  22    0.0001958  -0.00656894
  23    0.0001878  -0.00640323
 
----------------
 Final Energies 
----------------
Final NOF Total Energy =    -204.5862699
 
Total Orbital Internal Iterations = 10
Total Occupation Internal Iterations = 5
 
Elapsed time:   82.04 Seconds

---------------------------------
   Lowdin Population Analysis    
---------------------------------
 Idx  Atom   Population   Charge 
---------------------------------
  1     N     7.273      -0.273
  2     O     7.860       0.140
  3     O     7.867       0.133

---------------------------------
   M Diagnostic: 0.04
---------------------------------

