Computing Integrals
Basis Set                                            = def2-qzvp
Auxiliary Basis Set                                  = def2-universal-jkfit
Gaussian Type                                        = Spherical
Elapsed time:    2.95 Seconds

Number of basis functions                   (NBF)    = 171
Number of auxiliary basis functions         (NBFAUX) = 231
Inactive Doubly occupied orbitals up to     (NO1)    = 0
No. considered Strongly Doubly occupied MOs (NDOC)   = 12
No. considered Strongly Singly occupied MOs (NSOC)   = 0
NO. of Weakly occ. per St. Doubly occ.  MOs (NCWO)   = 1
Dimension of the Nat. Orb. subspace         (NBF5)   = 24
No. of electrons                                     = 24
    No. of alpha electrons                           = 12
    No. of beta electrons                            = 12
Multiplicity                                         = 1

Geometry
========
 O       0.0000000       0.0000000       0.4412240
 O       0.0000000       1.0825250      -0.2206120
 O       0.0000000      -1.0825250      -0.2206120

No violations of the orthonormality
No violations of the orthonormality
 
PNOF8/ADABelief Calculation
==================
 
  Nitext  Nit_orb  Time   Nit_occ  Time         Eelec          Etot           Ediff      maxdiff    MaxGrad_orb  Grad_occ
     1      10    2.1e+01    4    2.6e+01  -293.94650110  -224.91961250 -10292.94650110   0.000798   3.2e-03   2.2e-04 0.05
 
RESULTS OF THE OCCUPATION OPTIMIZATION
========================================
   1    1.9998132  -20.86616804
   2    1.9998351  -20.73797991
   3    1.9998279  -20.72695787
   4    1.9936824  -1.59229855
   5    1.9917363  -1.28969938
   6    1.9905815  -1.24340842
   7    1.9888496  -0.80546492
   8    1.9627053  -0.79684792
   9    1.9628316  -0.79033212
  10    1.9864532  -0.74886708
  11    1.9843901  -0.66605931
  12    1.9502528  -0.50903083
  13    0.0497472  -0.08107459
  14    0.0156099  -0.02198125
  15    0.0135468  -0.02077757
  16    0.0371684  -0.06169652
  17    0.0372947  -0.06196044
  18    0.0111504  -0.01525837
  19    0.0094185  -0.02148912
  20    0.0082637  -0.01974800
  21    0.0063176  -0.01807260
  22    0.0001721  -0.00593201
  23    0.0001649  -0.00576355
  24    0.0001868  -0.00616255
 
----------------
 Final Energies 
----------------
Final NOF Total Energy =    -224.9196125
 
Total Orbital Internal Iterations = 10
Total Occupation Internal Iterations = 4
 
Elapsed time:   61.56 Seconds

---------------------------------
   Lowdin Population Analysis    
---------------------------------
 Idx  Atom   Population   Charge 
---------------------------------
  1     O     7.929       0.071
  2     O     8.034      -0.034
  3     O     8.037      -0.037

---------------------------------
   M Diagnostic: 0.05
---------------------------------

