ALKBDE10_7_mgo
/software/eb2024/easybuild/software/common/software/Julia/1.11.3-linux-x86_64/bin/julia
Job runing on na06
Choosing scratch ...
Automatic scratch folder selection
/scratch/pobleyef/168161
/scratch/pobleyef/168161 directory
cp ALKBDE10_7_mgo.jl ALKBDE10_7_mgo.jld2 to  /scratch/pobleyef/168161/.
Computing Integrals
Elapsed time:   11.63 Seconds

Number of basis functions                   (NBF)    = 108
Number of auxiliary basis functions         (NBFAUX) = 189
Inactive Doubly occupied orbitals up to     (NO1)    = 0
No. considered Strongly Doubly occupied MOs (NDOC)   = 10
No. considered Strongly Singly occupied MOs (NSOC)   = 0
NO. of Weakly occ. per St. Doubly occ.  MOs (NCWO)   = 1
Dimension of the Nat. Orb. subspace         (NBF5)   = 20
No. of electrons                                     = 20
    No. of alpha electrons                           = 10
    No. of beta electrons                            = 10
Multiplicity                                         = 1

Geometry
========
Mg       0.0000000       0.0000000       0.8639034
 O       0.0000000       0.0000000      -0.8639034

No violations of the orthonormality
No violations of the orthonormality
 
PNOF9/ADABelief Calculation
==================
 
  Nitext  Nit_orb  Time   Nit_occ  Time         Eelec          Etot           Ediff      maxdiff    MaxGrad_orb  Grad_occ
     1      10    2.7e+01    4    2.5e+01  -304.05733578  -274.65537483 -10303.05733578   0.010637   4.3e-02   2.0e-04 0.02
     2      20    2.0e+01    0    3.3e-03  -304.07628081  -274.67431986    -0.01894503   0.010637   4.3e-02   2.0e-04 0.02
     3      40    3.6e+01    3    4.1e-03  -304.07757572  -274.67561477    -0.00129491   0.006078   2.4e-02   1.7e-04 0.02
     4      40    3.9e+01    2    8.2e-03  -304.07801023  -274.67604928    -0.00043451   0.004785   1.9e-02   1.3e-04 0.02
     5      40    4.6e+01    2    2.7e-02  -304.07815688  -274.67619592    -0.00014664   0.005747   2.3e-02   1.3e-04 0.02
     6      40    4.3e+01    1    2.1e-03  -304.07822720  -274.67626625    -0.00007033   0.004826   1.9e-02   1.7e-04 0.02
     7      40    3.8e+01    2    1.6e-03  -304.07828265  -274.67632170    -0.00005545   0.005621   2.2e-02   2.1e-04 0.02
     8      40    4.5e+01    1    3.3e-03  -304.07830455  -274.67634360    -0.00002189   0.004864   1.9e-02   1.9e-04 0.02
     9      40    4.0e+01    2    2.0e-02  -304.07834185  -274.67638090    -0.00003730   0.005086   2.0e-02   2.1e-04 0.02
    10      40    4.2e+01    1    4.2e-03  -304.07835662  -274.67639567    -0.00001477   0.005021   2.0e-02   1.7e-04 0.02
    11      40    4.5e+01    1    4.3e-03  -304.07837722  -274.67641626    -0.00002060   0.005044   2.0e-02   2.2e-04 0.02
    12      40    4.4e+01    1    1.1e-01  -304.07838412  -274.67642317    -0.00000690   0.005046   2.0e-02   2.2e-04 0.02
    13      40    4.7e+01    1    2.8e-02  -304.07839542  -274.67643447    -0.00001130   0.005034   2.0e-02   2.1e-04 0.02
    14      40    4.4e+01    1    5.7e-03  -304.07840182  -274.67644087    -0.00000640   0.005113   2.0e-02   2.0e-04 0.02
    15      40    4.4e+01    0    3.3e-03  -304.07840386  -274.67644291    -0.00000204   0.005113   2.0e-02   2.0e-04 0.02
    16      48    5.4e+01    1    3.9e-02  -304.07862212  -274.67666116    -0.00021826   0.000473   1.9e-03   1.9e-04 0.02
 
RESULTS OF THE OCCUPATION OPTIMIZATION
========================================
   1    1.9999512  -49.06752960
   2    1.9997756  -20.46764822
   3    1.9978933  -3.80328907
   4    1.9970892  -2.31704096
   5    1.9965847  -2.31679502
   6    1.9970946  -2.31473854
   7    1.9940169  -1.11316188
   8    1.9865918  -0.38119855
   9    1.9866883  -0.37969005
  10    1.9830935  -0.35142013
  11    0.0169065  -0.02797842
  12    0.0133117  -0.02116659
  13    0.0134082  -0.02147226
  14    0.0059831  -0.02026698
  15    0.0029054  -0.01590514
  16    0.0034153  -0.02251090
  17    0.0029108  -0.01589621
  18    0.0021067  -0.01305291
  19    0.0002244  -0.00696445
  20    0.0000488  -0.00476646
 
----------------
 Final Energies 
----------------
Final NOF Total Energy =    -274.6766612
 
Total Orbital Internal Iterations = 598
Total Occupation Internal Iterations = 23
 
Elapsed time:  692.72 Seconds

---------------------------------
   Lowdin Population Analysis    
---------------------------------
 Idx  Atom   Population   Charge 
---------------------------------
  1    Mg    11.654       0.346
  2     O     8.346      -0.346

---------------------------------
   M Diagnostic: 0.02
---------------------------------

Recovering execution output...
Moving from /scratch/pobleyef/168161 to /home-nas/pobleyef/Poison-Set/ncwo1/P30-5/GNOFm01/arina.168161
mkdir -p /home-nas/pobleyef/Poison-Set/ncwo1/P30-5/GNOFm01/arina.168161
mv /scratch/pobleyef/168161/* /home-nas/pobleyef/Poison-Set/ncwo1/P30-5/GNOFm01/arina.168161
