BH76_9_hf
/software/eb2024/easybuild/software/common/software/Julia/1.11.3-linux-x86_64/bin/julia
Job runing on nh005
Choosing scratch ...
Automatic scratch folder selection
/scratch/pobleyef/168168
/scratch/pobleyef/168168 directory
cp BH76_9_hf.jl BH76_9_hf.jld2 to  /scratch/pobleyef/168168/.
Computing Integrals
Elapsed time:    5.97 Seconds

Number of basis functions                   (NBF)    = 87
Number of auxiliary basis functions         (NBFAUX) = 95
Inactive Doubly occupied orbitals up to     (NO1)    = 0
No. considered Strongly Doubly occupied MOs (NDOC)   = 5
No. considered Strongly Singly occupied MOs (NSOC)   = 0
NO. of Weakly occ. per St. Doubly occ.  MOs (NCWO)   = 1
Dimension of the Nat. Orb. subspace         (NBF5)   = 10
No. of electrons                                     = 10
    No. of alpha electrons                           = 5
    No. of beta electrons                            = 5
Multiplicity                                         = 1

Geometry
========
 F       0.0000000       0.0000000       0.4576912
 H       0.0000000       0.0000000      -0.4576912

No violations of the orthonormality
No violations of the orthonormality
 
PNOF9/ADABelief Calculation
==================
 
  Nitext  Nit_orb  Time   Nit_occ  Time         Eelec          Etot           Ediff      maxdiff    MaxGrad_orb  Grad_occ
     1      10    2.7e+01    4    3.2e+01  -105.42338287  -100.22054642 -10104.42338287   0.009316   3.7e-02   1.3e-04 0.01
     2      20    6.8e-02    3    9.2e-04  -105.43489908  -100.23206262    -0.01151621   0.005699   2.3e-02   1.2e-04 0.01
     3      20    5.7e-02    1    8.3e-04  -105.43502829  -100.23219184    -0.00012921   0.018295   7.3e-02   1.8e-04 0.01
     4      20    1.1e-01    0    1.6e-03  -105.43503380  -100.23219734    -0.00000550   0.018295   7.3e-02   1.8e-04 0.01
     5      40    1.4e-01    1    8.0e-04  -105.43518904  -100.23235259    -0.00015525   0.000483   1.9e-03   1.5e-04 0.01
 
RESULTS OF THE OCCUPATION OPTIMIZATION
========================================
   1    1.9998758  -26.32960667
   2    1.9943872  -1.52712633
   3    1.9866958  -0.88669693
   4    1.9907797  -0.67451103
   5    1.9907794  -0.67430690
   6    0.0092206  -0.01964556
   7    0.0092203  -0.01964780
   8    0.0133042  -0.02893243
   9    0.0056128  -0.02207873
  10    0.0001242  -0.00547011
 
----------------
 Final Energies 
----------------
Final NOF Total Energy =    -100.2323526
 
Total Orbital Internal Iterations = 110
Total Occupation Internal Iterations = 9
 
Elapsed time:   78.80 Seconds

---------------------------------
   Lowdin Population Analysis    
---------------------------------
 Idx  Atom   Population   Charge 
---------------------------------
  1     F     8.511       0.489
  2     H     1.489      -0.489

---------------------------------
   M Diagnostic: 0.01
---------------------------------

Recovering execution output...
Moving from /scratch/pobleyef/168168 to /home-nas/pobleyef/Poison-Set/ncwo1/P30-5/GNOFm01/arina.168168
mkdir -p /home-nas/pobleyef/Poison-Set/ncwo1/P30-5/GNOFm01/arina.168168
mv /scratch/pobleyef/168168/* /home-nas/pobleyef/Poison-Set/ncwo1/P30-5/GNOFm01/arina.168168
