ca
/software/eb2024/easybuild/software/common/software/Julia/1.11.3-linux-x86_64/bin/julia
Job runing on nh002
Choosing scratch ...
Automatic scratch folder selection
/scratch/pobleyef/168170
/scratch/pobleyef/168170 directory
cp ca.jl ca.jld2 to  /scratch/pobleyef/168170/.
Computing Integrals
Elapsed time:    5.89 Seconds

Number of basis functions                   (NBF)    = 56
Number of auxiliary basis functions         (NBFAUX) = 160
Inactive Doubly occupied orbitals up to     (NO1)    = 0
No. considered Strongly Doubly occupied MOs (NDOC)   = 10
No. considered Strongly Singly occupied MOs (NSOC)   = 0
NO. of Weakly occ. per St. Doubly occ.  MOs (NCWO)   = 1
Dimension of the Nat. Orb. subspace         (NBF5)   = 20
No. of electrons                                     = 20
    No. of alpha electrons                           = 10
    No. of beta electrons                            = 10
Multiplicity                                         = 1

Geometry
========
Ca       0.0000000       0.0000000       0.0000000

No violations of the orthonormality
No violations of the orthonormality
 
PNOF9/ADABelief Calculation
==================
 
  Nitext  Nit_orb  Time   Nit_occ  Time         Eelec          Etot           Ediff      maxdiff    MaxGrad_orb  Grad_occ
     1      10    2.8e+01    5    3.4e+01  -677.00331246  -677.00331246 -10676.00331246   0.002627   1.1e-02   1.3e-04 0.01
     2      20    8.9e-02    0    1.0e-03  -677.04538197  -677.04538197    -0.04206950   0.002627   1.1e-02   1.3e-04 0.01
     3      40    9.2e-02    1    1.1e-03  -677.04603130  -677.04603130    -0.00064933   0.003678   1.5e-02   2.1e-04 0.01
     4      40    8.9e-02    0    1.2e-03  -677.04605141  -677.04605141    -0.00002011   0.003678   1.5e-02   2.1e-04 0.01
     5      58    1.3e-01    0    9.4e-04  -677.04610186  -677.04610186    -0.00005045   0.000499   2.0e-03   2.7e-04 0.01
 
RESULTS OF THE OCCUPATION OPTIMIZATION
========================================
   1    1.9999935  -149.36921397
   2    1.9998987  -16.81907529
   3    1.9998735  -13.62225119
   4    1.9998720  -13.62082495
   5    1.9986614  -13.61220272
   6    1.9923732  -2.25012261
   7    1.9896611  -1.13216201
   8    1.9896365  -1.12917371
   9    1.9891433  -0.99597014
  10    1.9891352  -0.99548316
  11    0.0108648  -0.02720996
  12    0.0108567  -0.02720665
  13    0.0103635  -0.02749665
  14    0.0103389  -0.02749467
  15    0.0076268  -0.02556119
  16    0.0013386  -0.03200058
  17    0.0001280  -0.00312872
  18    0.0001265  -0.00317677
  19    0.0001013  -0.00328477
  20    0.0000065  -0.00195328
 
----------------
 Final Energies 
----------------
Final NOF Total Energy =    -677.0461019
 
Total Orbital Internal Iterations = 168
Total Occupation Internal Iterations = 6
 
Elapsed time:   80.69 Seconds

---------------------------------
   Lowdin Population Analysis    
---------------------------------
 Idx  Atom   Population   Charge 
---------------------------------
  1    Ca    20.000      -0.000

---------------------------------
   M Diagnostic: 0.01
---------------------------------

Recovering execution output...
Moving from /scratch/pobleyef/168170 to /home-nas/pobleyef/Poison-Set/ncwo1/P30-5/GNOFm01/arina.168170
mkdir -p /home-nas/pobleyef/Poison-Set/ncwo1/P30-5/GNOFm01/arina.168170
mv /scratch/pobleyef/168170/* /home-nas/pobleyef/Poison-Set/ncwo1/P30-5/GNOFm01/arina.168170
