cl
/software/eb2024/easybuild/software/common/software/Julia/1.11.3-linux-x86_64/bin/julia
Job runing on nh039
Choosing scratch ...
Automatic scratch folder selection
/scratch/pobleyef/168172
/scratch/pobleyef/168172 directory
cp cl.jl cl.jld2 to  /scratch/pobleyef/168172/.
Computing Integrals
Elapsed time:    6.00 Seconds

Number of basis functions                   (NBF)    = 70
Number of auxiliary basis functions         (NBFAUX) = 128
Inactive Doubly occupied orbitals up to     (NO1)    = 0
No. considered Strongly Doubly occupied MOs (NDOC)   = 8
No. considered Strongly Singly occupied MOs (NSOC)   = 1
NO. of Weakly occ. per St. Doubly occ.  MOs (NCWO)   = 1
Dimension of the Nat. Orb. subspace         (NBF5)   = 17
No. of electrons                                     = 17
    No. of alpha electrons                           = 9
    No. of beta electrons                            = 8
Multiplicity                                         = 2

Geometry
========
Cl       0.0000000       0.0000000       0.0000000

No violations of the orthonormality
No violations of the orthonormality
 
PNOF9/ADABelief Calculation
==================
 
  Nitext  Nit_orb  Time   Nit_occ  Time         Eelec          Etot           Ediff      maxdiff    MaxGrad_orb  Grad_occ
     1      10    2.8e+01    3    3.3e+01  -459.72473549  -459.72473549 -10458.72473549   0.007665   3.1e-02   2.2e-04 0.01
     2      20    1.0e-01    0    1.0e-03  -459.73690356  -459.73690356    -0.01216808   0.007665   3.1e-02   2.2e-04 0.01
     3      40    1.1e-01    2    1.3e-03  -459.73825538  -459.73825538    -0.00135182   0.004932   2.0e-02   1.2e-04 0.01
     4      40    1.1e-01    2    1.2e-03  -459.73893397  -459.73893397    -0.00067858   0.008708   3.5e-02   6.1e-05 0.01
     5      40    1.0e-01    2    1.4e-03  -459.73916914  -459.73916914    -0.00023517   0.005467   2.2e-02   5.4e-05 0.01
     6      40    1.0e-01    1    1.3e-03  -459.73922416  -459.73922416    -0.00005502   0.005950   2.4e-02   1.6e-04 0.01
     7      40    1.0e-01    1    1.1e-03  -459.73925653  -459.73925653    -0.00003237   0.005443   2.2e-02   1.0e-04 0.01
     8      40    9.7e-02    0    7.9e-03  -459.73926055  -459.73926055    -0.00000402   0.005443   2.2e-02   1.0e-04 0.01
     9      60    1.6e-01    1    1.4e-03  -459.73934063  -459.73934063    -0.00008008   0.000600   2.4e-03   3.9e-05 0.01
 
RESULTS OF THE OCCUPATION OPTIMIZATION
========================================
   1    1.9999669  -104.93331352
   2    1.9992199  -10.61205408
   3    1.9989873  -8.08626452
   4    1.9985777  -8.08578713
   5    1.9989982  -8.08346592
   6    1.9943316  -1.08882292
   7    1.9916392  -0.49928343
   8    1.9916331  -0.49888306
   9    1.0000000  -0.29051745
  10    0.0083669  -0.01801075
  11    0.0083608  -0.01801963
  12    0.0056684  -0.02750064
  13    0.0010018  -0.01876526
  14    0.0014223  -0.01967791
  15    0.0010127  -0.01879687
  16    0.0007801  -0.01714955
  17    0.0000331  -0.00622869
 
----------------
 Final Energies 
----------------
Final NOF Total Energy =    -459.7393406
 
Total Orbital Internal Iterations = 330
Total Occupation Internal Iterations = 12
 
Elapsed time:   79.90 Seconds

---------------------------------
   Lowdin Population Analysis    
---------------------------------
 Idx  Atom   Population   Charge 
---------------------------------
  1    Cl    17.000      -0.000

---------------------------------
   M Diagnostic: 0.01
---------------------------------

Recovering execution output...
Moving from /scratch/pobleyef/168172 to /home-nas/pobleyef/Poison-Set/ncwo1/P30-5/GNOFm01/arina.168172
mkdir -p /home-nas/pobleyef/Poison-Set/ncwo1/P30-5/GNOFm01/arina.168172
mv /scratch/pobleyef/168172/* /home-nas/pobleyef/Poison-Set/ncwo1/P30-5/GNOFm01/arina.168172
