G2RC_10_62
/software/eb2024/easybuild/software/common/software/Julia/1.11.3-linux-x86_64/bin/julia
Job runing on nh043
Choosing scratch ...
Automatic scratch folder selection
/scratch/pobleyef/168176
/scratch/pobleyef/168176 directory
cp G2RC_10_62.jl G2RC_10_62.jld2 to  /scratch/pobleyef/168176/.
Computing Integrals
Elapsed time:    9.43 Seconds

Number of basis functions                   (NBF)    = 337
Number of auxiliary basis functions         (NBFAUX) = 587
Inactive Doubly occupied orbitals up to     (NO1)    = 0
No. considered Strongly Doubly occupied MOs (NDOC)   = 37
No. considered Strongly Singly occupied MOs (NSOC)   = 0
NO. of Weakly occ. per St. Doubly occ.  MOs (NCWO)   = 1
Dimension of the Nat. Orb. subspace         (NBF5)   = 74
No. of electrons                                     = 74
    No. of alpha electrons                           = 37
    No. of beta electrons                            = 37
Multiplicity                                         = 1

Geometry
========
 C       0.0000000       0.0000000       0.0000000
Cl       1.0334459      -1.0334459       1.0334459
Cl      -1.0334459       1.0334459       1.0334459
Cl      -1.0334459      -1.0334459      -1.0334459
Cl       1.0334459       1.0334459      -1.0334459

No violations of the orthonormality
No violations of the orthonormality
 
PNOF9/ADABelief Calculation
==================
 
  Nitext  Nit_orb  Time   Nit_occ  Time         Eelec          Etot           Ediff      maxdiff    MaxGrad_orb  Grad_occ
     1      10    3.0e+01    5    3.5e+01 -2311.56706763 -1877.03080826 -12310.56706763   0.010097   4.0e-02   8.1e-05 0.01
     2      20    4.4e+00    0    6.8e-02 -2311.66172533 -1877.12546596    -0.09465770   0.010097   4.0e-02   8.1e-05 0.01
     3      40    8.4e+00    3    7.4e-02 -2311.66997532 -1877.13371595    -0.00824999   0.009908   4.0e-02   2.5e-04 0.01
     4      40    8.4e+00    3    8.0e-02 -2311.67421636 -1877.13795699    -0.00424103   0.008897   3.6e-02   1.4e-04 0.01
     5      40    8.5e+00    2    1.0e-01 -2311.67496682 -1877.13870745    -0.00075046   0.010230   4.1e-02   1.5e-04 0.01
     6      40    8.5e+00    2    7.6e-02 -2311.67556742 -1877.13930805    -0.00060060   0.009048   3.6e-02   2.5e-04 0.01
     7      40    8.3e+00    2    8.4e-02 -2311.67569939 -1877.13944002    -0.00013196   0.008888   3.6e-02   2.8e-04 0.01
     8      40    8.4e+00    3    8.4e-02 -2311.67600055 -1877.13974118    -0.00030116   0.008992   3.6e-02   3.2e-04 0.01
     9      40    8.4e+00    4    9.1e-02 -2311.67605063 -1877.13979126    -0.00005008   0.010580   4.2e-02   8.0e-05 0.01
    10      40    8.4e+00    2    1.1e-01 -2311.67615613 -1877.13989675    -0.00010550   0.011396   4.6e-02   2.7e-04 0.01
    11      40    8.4e+00    2    8.4e-02 -2311.67643028 -1877.14017091    -0.00027415   0.009728   3.9e-02   2.5e-04 0.01
    12      40    8.6e+00    3    8.4e-02 -2311.67653061 -1877.14027124    -0.00010033   0.009917   4.0e-02   2.4e-04 0.01
    13      40    8.6e+00    2    9.4e-02 -2311.67655141 -1877.14029204    -0.00002079   0.009681   3.9e-02   2.4e-04 0.01
    14      40    8.6e+00    3    9.5e-02 -2311.67685109 -1877.14059172    -0.00029968   0.017337   6.9e-02   1.9e-04 0.01
    15      40    8.5e+00    1    8.0e-02 -2311.67687253 -1877.14061316    -0.00002144   0.010302   4.1e-02   2.1e-04 0.01
    16      40    8.5e+00    2    7.7e-02 -2311.67716383 -1877.14090446    -0.00029130   0.010143   4.1e-02   2.3e-04 0.01
    17      40    8.4e+00    1    7.4e-02 -2311.67720174 -1877.14094236    -0.00003791   0.010694   4.3e-02   2.1e-04 0.01
    18      40    8.3e+00    1    6.7e-02 -2311.67732270 -1877.14106333    -0.00012096   0.010993   4.4e-02   2.7e-04 0.01
    19      40    8.4e+00    1    8.2e-02 -2311.67733183 -1877.14107245    -0.00000913   0.010580   4.2e-02   2.4e-04 0.01
    20      40    8.5e+00    2    1.1e-01 -2311.67745809 -1877.14119872    -0.00012627   0.009961   4.0e-02   2.0e-04 0.01
    21      40    8.4e+00    0    7.0e-02 -2311.67746171 -1877.14120233    -0.00000361   0.009961   4.0e-02   2.0e-04 0.01
    22      60    1.3e+01    1    7.5e-02 -2311.67933790 -1877.14307853    -0.00187619   0.001003   4.0e-03   1.9e-04 0.01
    23      60    1.3e+01    0    6.9e-02 -2311.67933912 -1877.14307975    -0.00000122   0.001003   4.0e-03   1.9e-04 0.01
    24      64    1.3e+01    0    6.6e-02 -2311.67939374 -1877.14313437    -0.00005462   0.000498   2.0e-03   2.8e-04 0.01
 
RESULTS OF THE OCCUPATION OPTIMIZATION
========================================
   1    1.9999685  -104.92938211
   2    1.9999677  -104.92866018
   3    1.9999673  -104.92860573
   4    1.9999677  -104.92830483
   5    1.9994306  -10.85236075
   6    1.9993892  -10.77630002
   7    1.9993890  -10.77168637
   8    1.9994078  -10.76454454
   9    1.9992165  -10.71361779
  10    1.9989959  -8.08942918
  11    1.9990161  -8.08484876
  12    1.9986529  -8.08332877
  13    1.9986565  -8.08290544
  14    1.9990112  -8.08160633
  15    1.9990137  -8.08152685
  16    1.9990184  -8.08151190
  17    1.9990114  -8.08139685
  18    1.9985842  -8.08122235
  19    1.9990188  -8.08084902
  20    1.9986139  -8.08064057
  21    1.9986347  -8.08040759
  22    1.9952952  -1.15076567
  23    1.9952164  -1.15071285
  24    1.9952474  -1.14975367
  25    1.9952639  -1.14939127
  26    1.9870458  -0.69070681
  27    1.9870151  -0.68975320
  28    1.9870222  -0.68822899
  29    1.9869530  -0.68727820
  30    1.9927579  -0.52158041
  31    1.9928475  -0.52106457
  32    1.9925974  -0.51949669
  33    1.9926265  -0.51817743
  34    1.9927537  -0.51803426
  35    1.9927439  -0.51792117
  36    1.9926035  -0.51770008
  37    1.9924432  -0.51686826
  38    0.0075568  -0.01833820
  39    0.0073965  -0.01859542
  40    0.0072561  -0.01820892
  41    0.0072463  -0.01835654
  42    0.0073735  -0.01817597
  43    0.0074026  -0.01838098
  44    0.0071525  -0.01861196
  45    0.0072421  -0.01880638
  46    0.0130470  -0.03301645
  47    0.0129778  -0.03302146
  48    0.0129849  -0.03294533
  49    0.0129542  -0.03293234
  50    0.0047361  -0.02798602
  51    0.0047526  -0.02827464
  52    0.0047836  -0.02751126
  53    0.0047048  -0.02828425
  54    0.0013653  -0.01765406
  55    0.0013861  -0.01814203
  56    0.0009812  -0.01809591
  57    0.0014158  -0.01905145
  58    0.0009886  -0.01829359
  59    0.0009816  -0.01819206
  60    0.0009863  -0.01814623
  61    0.0009888  -0.01820063
  62    0.0013435  -0.01573843
  63    0.0013471  -0.01579204
  64    0.0009839  -0.01815047
  65    0.0010041  -0.01843267
  66    0.0007835  -0.01672719
  67    0.0005922  -0.01439335
  68    0.0006110  -0.01460258
  69    0.0006108  -0.01459727
  70    0.0005694  -0.01402696
  71    0.0000323  -0.00608914
  72    0.0000327  -0.00616841
  73    0.0000323  -0.00611090
  74    0.0000315  -0.00598597
 
----------------
 Final Energies 
----------------
Final NOF Total Energy =   -1877.1431344
 
Total Orbital Internal Iterations = 974
Total Occupation Internal Iterations = 45
 
Elapsed time:  299.50 Seconds

---------------------------------
   Lowdin Population Analysis    
---------------------------------
 Idx  Atom   Population   Charge 
---------------------------------
  1     C     7.628      -1.628
  2    Cl    16.592       0.408
  3    Cl    16.592       0.408
  4    Cl    16.594       0.406
  5    Cl    16.593       0.407

---------------------------------
   M Diagnostic: 0.01
---------------------------------

Recovering execution output...
Moving from /scratch/pobleyef/168176 to /home-nas/pobleyef/Poison-Set/ncwo1/P30-5/GNOFm01/arina.168176
mkdir -p /home-nas/pobleyef/Poison-Set/ncwo1/P30-5/GNOFm01/arina.168176
mv /scratch/pobleyef/168176/* /home-nas/pobleyef/Poison-Set/ncwo1/P30-5/GNOFm01/arina.168176
