G2RC_20_68
/software/eb2024/easybuild/software/common/software/Julia/1.11.3-linux-x86_64/bin/julia
Job runing on nh020
Choosing scratch ...
Automatic scratch folder selection
/scratch/pobleyef/168182
/scratch/pobleyef/168182 directory
cp G2RC_20_68.jl G2RC_20_68.jld2 to  /scratch/pobleyef/168182/.
Computing Integrals
Elapsed time:    6.35 Seconds

Number of basis functions                   (NBF)    = 171
Number of auxiliary basis functions         (NBFAUX) = 231
Inactive Doubly occupied orbitals up to     (NO1)    = 0
No. considered Strongly Doubly occupied MOs (NDOC)   = 11
No. considered Strongly Singly occupied MOs (NSOC)   = 0
NO. of Weakly occ. per St. Doubly occ.  MOs (NCWO)   = 1
Dimension of the Nat. Orb. subspace         (NBF5)   = 22
No. of electrons                                     = 22
    No. of alpha electrons                           = 11
    No. of beta electrons                            = 11
Multiplicity                                         = 1

Geometry
========
 N       0.0000000       0.0000000      -0.0211861
 N       0.0000000       0.0000000      -1.1424486
 O       0.0000000       0.0000000       1.1636347

No violations of the orthonormality
No violations of the orthonormality
 
PNOF9/ADABelief Calculation
==================
 
  Nitext  Nit_orb  Time   Nit_occ  Time         Eelec          Etot           Ediff      maxdiff    MaxGrad_orb  Grad_occ
     1      10    2.9e+01    5    3.3e+01  -245.06664078  -184.07969229 -10244.06664078   0.008522   3.4e-02   2.4e-04 0.02
     2      20    2.4e+00    4    6.6e-03  -245.11874712  -184.13179862    -0.05210634   0.007914   3.2e-02   2.0e-04 0.02
     3      20    2.4e+00    0    4.2e-02  -245.11881113  -184.13186264    -0.00006402   0.007914   3.2e-02   2.0e-04 0.02
     4      40    4.5e+00    4    4.9e-02  -245.12013966  -184.13319116    -0.00132852   0.000937   3.7e-03   9.7e-05 0.02
 
RESULTS OF THE OCCUPATION OPTIMIZATION
========================================
   1    1.9998441  -20.25451705
   2    1.9997729  -16.13037488
   3    1.9996503  -15.80901415
   4    1.9945724  -1.34753290
   5    1.9941802  -1.18423737
   6    1.9895817  -1.01710890
   7    1.9874284  -0.90027869
   8    1.9930958  -0.78977092
   9    1.9927328  -0.69291938
  10    1.9843976  -0.62907711
  11    1.9841355  -0.59883419
  12    0.0158645  -0.03491901
  13    0.0156024  -0.03497703
  14    0.0072672  -0.01490642
  15    0.0069042  -0.01817560
  16    0.0125716  -0.03364458
  17    0.0104183  -0.02669787
  18    0.0058198  -0.01697006
  19    0.0054276  -0.01544111
  20    0.0003497  -0.00850845
  21    0.0002271  -0.00574715
  22    0.0001559  -0.00540575
 
----------------
 Final Energies 
----------------
Final NOF Total Energy =    -184.1331912
 
Total Orbital Internal Iterations = 90
Total Occupation Internal Iterations = 13
 
Elapsed time:   91.82 Seconds

---------------------------------
   Lowdin Population Analysis    
---------------------------------
 Idx  Atom   Population   Charge 
---------------------------------
  1     N     7.132      -0.132
  2     N     6.944       0.056
  3     O     7.924       0.076

---------------------------------
   M Diagnostic: 0.02
---------------------------------

Recovering execution output...
Moving from /scratch/pobleyef/168182 to /home-nas/pobleyef/Poison-Set/ncwo1/P30-5/GNOFm01/arina.168182
mkdir -p /home-nas/pobleyef/Poison-Set/ncwo1/P30-5/GNOFm01/arina.168182
mv /scratch/pobleyef/168182/* /home-nas/pobleyef/Poison-Set/ncwo1/P30-5/GNOFm01/arina.168182
