W4-11_138_bn
/software/eb2024/easybuild/software/common/software/Julia/1.11.3-linux-x86_64/bin/julia
Job runing on nh024
Choosing scratch ...
Automatic scratch folder selection
/scratch/pobleyef/168214
/scratch/pobleyef/168214 directory
cp W4-11_138_bn.jl W4-11_138_bn.jld2 to  /scratch/pobleyef/168214/.
Computing Integrals
Elapsed time:    6.35 Seconds

Number of basis functions                   (NBF)    = 114
Number of auxiliary basis functions         (NBFAUX) = 152
Inactive Doubly occupied orbitals up to     (NO1)    = 0
No. considered Strongly Doubly occupied MOs (NDOC)   = 6
No. considered Strongly Singly occupied MOs (NSOC)   = 0
NO. of Weakly occ. per St. Doubly occ.  MOs (NCWO)   = 1
Dimension of the Nat. Orb. subspace         (NBF5)   = 12
No. of electrons                                     = 12
    No. of alpha electrons                           = 6
    No. of beta electrons                            = 6
Multiplicity                                         = 1

Geometry
========
 B       0.0000000       0.0000000      -0.7484170
 N       0.0000000       0.0000000       0.5345830

No violations of the orthonormality
No violations of the orthonormality
 
PNOF9/ADABelief Calculation
==================
 
  Nitext  Nit_orb  Time   Nit_occ  Time         Eelec          Etot           Ediff      maxdiff    MaxGrad_orb  Grad_occ
     1      10    3.0e+01    4    3.4e+01   -93.57149404   -79.13566832 -10092.57149404   0.009092   3.6e-02   1.6e-04 0.68
     2      20    4.8e-01    2    1.1e-03   -93.58068023   -79.14485451    -0.00918619   0.006173   2.5e-02   1.4e-04 0.70
     3      20    4.2e-01    0    1.4e-02   -93.58082982   -79.14500410    -0.00014959   0.006173   2.5e-02   1.4e-04 0.70
     4      40    4.7e-01    2    6.1e-03   -93.58119892   -79.14537320    -0.00036910   0.000931   3.7e-03   1.6e-04 0.72
 
RESULTS OF THE OCCUPATION OPTIMIZATION
========================================
   1    1.9996735  -15.58912871
   2    1.9991571  -7.68718689
   3    1.9898684  -1.09784692
   4    1.9823852  -0.50396164
   5    1.9809961  -0.48170489
   6    1.2820849  -0.33468272
   7    0.7179151  -0.20104875
   8    0.0190039  -0.02284805
   9    0.0176148  -0.02147030
  10    0.0101316  -0.02064436
  11    0.0008429  -0.01026151
  12    0.0003265  -0.00790932
 
----------------
 Final Energies 
----------------
Final NOF Total Energy =     -79.1453732
 
Total Orbital Internal Iterations = 90
Total Occupation Internal Iterations = 8
 
Elapsed time:   84.74 Seconds

---------------------------------
   Lowdin Population Analysis    
---------------------------------
 Idx  Atom   Population   Charge 
---------------------------------
  1     B     5.203      -0.203
  2     N     6.797       0.203

---------------------------------
   M Diagnostic: 0.72
---------------------------------

Recovering execution output...
Moving from /scratch/pobleyef/168214 to /home-nas/pobleyef/Poison-Set/ncwo1/P30-5/GNOFm01/arina.168214
mkdir -p /home-nas/pobleyef/Poison-Set/ncwo1/P30-5/GNOFm01/arina.168214
mv /scratch/pobleyef/168214/* /home-nas/pobleyef/Poison-Set/ncwo1/P30-5/GNOFm01/arina.168214
