W4-11_135_cloo
/software/eb2024/easybuild/software/common/software/Julia/1.11.3-linux-x86_64/bin/julia
Job runing on nh031
Choosing scratch ...
Automatic scratch folder selection
/scratch/pobleyef/168211
/scratch/pobleyef/168211 directory
cp W4-11_135_cloo.jl W4-11_135_cloo.jld2 to  /scratch/pobleyef/168211/.
Computing Integrals
Elapsed time:    6.49 Seconds

Number of basis functions                   (NBF)    = 184
Number of auxiliary basis functions         (NBFAUX) = 282
Inactive Doubly occupied orbitals up to     (NO1)    = 0
No. considered Strongly Doubly occupied MOs (NDOC)   = 16
No. considered Strongly Singly occupied MOs (NSOC)   = 1
NO. of Weakly occ. per St. Doubly occ.  MOs (NCWO)   = 1
Dimension of the Nat. Orb. subspace         (NBF5)   = 33
No. of electrons                                     = 33
    No. of alpha electrons                           = 17
    No. of beta electrons                            = 16
Multiplicity                                         = 2

Geometry
========
Cl      -0.5609740      -0.9946370       0.0000000
 O       0.0000000       0.9587120       0.0000000
 O       1.1920690       1.1548920       0.0000000

No violations of the orthonormality
No violations of the orthonormality
 
PNOF9/ADABelief Calculation
==================
 
  Nitext  Nit_orb  Time   Nit_occ  Time         Eelec          Etot           Ediff      maxdiff    MaxGrad_orb  Grad_occ
     1      10    2.9e+01    6    3.3e+01  -698.98145897  -609.58989065 -10697.98145897   0.007310   2.9e-02   2.0e-04 0.02
     2      20    2.7e+00    0    3.9e-02  -699.03074142  -609.63917310    -0.04928245   0.007310   2.9e-02   2.0e-04 0.02
     3      40    5.5e+00    3    1.5e-02  -699.03461760  -609.64304928    -0.00387618   0.012607   5.0e-02   1.3e-04 0.02
     4      40    5.4e+00    3    3.6e-02  -699.03602965  -609.64446133    -0.00141205   0.009784   3.9e-02   1.1e-04 0.02
     5      40    5.5e+00    3    1.3e-02  -699.03641347  -609.64484514    -0.00038381   0.008686   3.5e-02   1.4e-04 0.02
     6      40    5.3e+00    2    9.4e-03  -699.03647039  -609.64490206    -0.00005692   0.008488   3.4e-02   1.4e-04 0.02
     7      40    5.2e+00    0    3.3e-02  -699.03648246  -609.64491413    -0.00001207   0.008488   3.4e-02   1.4e-04 0.02
     8      60    7.8e+00    2    7.4e-03  -699.03683670  -609.64526838    -0.00035424   0.001722   6.9e-03   2.0e-04 0.02
     9      60    8.0e+00    2    1.5e-02  -699.03686307  -609.64529474    -0.00002637   0.001653   6.6e-03   1.9e-04 0.02
    10      60    8.0e+00    2    1.3e-02  -699.03689857  -609.64533024    -0.00003550   0.002110   8.4e-03   1.9e-04 0.02
    11      60    7.8e+00    2    1.3e-02  -699.03693687  -609.64536854    -0.00003830   0.001808   7.2e-03   1.8e-04 0.02
    12      60    8.3e+00    2    8.1e-03  -699.03697697  -609.64540865    -0.00004011   0.002331   9.3e-03   1.8e-04 0.02
    13      60    7.8e+00    2    7.2e-03  -699.03702023  -609.64545190    -0.00004325   0.002030   8.1e-03   1.9e-04 0.02
    14      60    8.1e+00    2    1.3e-02  -699.03706689  -609.64549857    -0.00004667   0.001654   6.6e-03   1.9e-04 0.02
    15      60    7.8e+00    3    1.2e-02  -699.03710970  -609.64554137    -0.00004280   0.001750   7.0e-03   4.8e-05 0.02
    16      60    8.0e+00    1    5.5e-02  -699.03715482  -609.64558649    -0.00004512   0.001788   7.2e-03   1.4e-04 0.02
    17      60    7.8e+00    1    1.1e-02  -699.03719743  -609.64562911    -0.00004262   0.001736   6.9e-03   2.2e-04 0.02
    18      60    7.5e+00    2    6.1e-02  -699.03724175  -609.64567343    -0.00004432   0.001768   7.1e-03   1.5e-04 0.02
    19      60    7.8e+00    1    1.2e-02  -699.03728561  -609.64571728    -0.00004385   0.001774   7.1e-03   1.7e-04 0.02
    20      60    7.8e+00    2    8.1e-03  -699.03732748  -609.64575916    -0.00004187   0.001765   7.1e-03   1.2e-04 0.02
    21      60    7.7e+00    2    6.7e-03  -699.03736719  -609.64579887    -0.00003971   0.001742   7.0e-03   1.3e-04 0.02
    22      60    7.8e+00    2    5.8e-02  -699.03740643  -609.64583811    -0.00003924   0.001711   6.8e-03   1.1e-04 0.02
    23      60    8.0e+00    2    1.1e-02  -699.03744192  -609.64587360    -0.00003549   0.001751   7.0e-03   1.1e-04 0.02
    24      60    8.0e+00    1    1.6e-02  -699.03747796  -609.64590964    -0.00003604   0.001720   6.9e-03   1.7e-04 0.02
    25      60    8.0e+00    2    1.2e-02  -699.03750889  -609.64594057    -0.00003093   0.001705   6.8e-03   1.3e-04 0.02
    26      60    7.8e+00    1    5.2e-02  -699.03754162  -609.64597330    -0.00003273   0.001639   6.6e-03   1.8e-04 0.02
    27      60    8.2e+00    2    3.0e-02  -699.03757147  -609.64600314    -0.00002984   0.001669   6.7e-03   1.3e-04 0.02
    28      60    7.8e+00    1    1.3e-02  -699.03760337  -609.64603505    -0.00003191   0.001682   6.7e-03   1.9e-04 0.02
    29      60    7.8e+00    2    1.5e-02  -699.03763767  -609.64606934    -0.00003430   0.001713   6.9e-03   1.7e-04 0.02
    30      60    7.9e+00    2    6.2e-03  -699.03768350  -609.64611518    -0.00004584   0.001746   7.0e-03   1.6e-04 0.02
    31      60    7.7e+00    2    1.1e-02  -699.03774583  -609.64617750    -0.00006232   0.001713   6.9e-03   2.0e-04 0.02
    32      60    7.9e+00    2    1.1e-02  -699.03783201  -609.64626369    -0.00008618   0.001777   7.1e-03   2.2e-04 0.02
    33      60    7.7e+00    2    1.4e-02  -699.03792317  -609.64635485    -0.00009116   0.001951   7.8e-03   2.3e-04 0.02
    34      60    7.8e+00    2    3.7e-02  -699.03801621  -609.64644788    -0.00009303   0.001690   6.8e-03   2.1e-04 0.02
    35      60    7.8e+00    2    6.1e-02  -699.03809872  -609.64653039    -0.00008251   0.001700   6.8e-03   2.0e-04 0.02
    36      60    7.4e+00    2    1.1e-02  -699.03816344  -609.64659511    -0.00006472   0.001673   6.7e-03   1.7e-04 0.02
    37      60    8.0e+00    2    1.1e-02  -699.03822414  -609.64665582    -0.00006071   0.001643   6.6e-03   1.9e-04 0.02
    38      60    8.1e+00    2    7.2e-03  -699.03826814  -609.64669981    -0.00004399   0.001613   6.5e-03   1.5e-04 0.02
    39      60    7.6e+00    2    3.3e-02  -699.03830751  -609.64673919    -0.00003937   0.001539   6.2e-03   1.5e-04 0.02
    40      60    8.2e+00    2    1.4e-02  -699.03833248  -609.64676416    -0.00002497   0.001850   7.4e-03   1.2e-04 0.02
 
RESULTS OF THE OCCUPATION OPTIMIZATION
========================================
   1    1.9999671  -104.92949038
   2    1.9996587  -20.77497658
   3    1.9997524  -20.77397667
   4    1.9992964  -10.60085247
   5    1.9989813  -8.08374913
   6    1.9986806  -8.07746049
   7    1.9987701  -8.07613539
   8    1.9954136  -1.52017000
   9    1.9943834  -1.18341898
  10    1.9952975  -1.07340727
  11    1.9839666  -0.91050965
  12    1.9891194  -0.75149183
  13    1.9929300  -0.62834098
  14    1.9933362  -0.58593768
  15    1.9932082  -0.57509942
  16    1.9834884  -0.49872990
  17    1.0000000  -0.30817358
  18    0.0165116  -0.04428312
  19    0.0067918  -0.01697378
  20    0.0066638  -0.01703788
  21    0.0070700  -0.02085717
  22    0.0108806  -0.01766488
  23    0.0160334  -0.04006670
  24    0.0047025  -0.02514630
  25    0.0056166  -0.02112289
  26    0.0045864  -0.01959921
  27    0.0012299  -0.01583340
  28    0.0013194  -0.01697689
  29    0.0010187  -0.01678418
  30    0.0007036  -0.01570222
  31    0.0002476  -0.00905219
  32    0.0003413  -0.01069031
  33    0.0000329  -0.00619631
 
----------------
 Final Energies 
----------------
Final NOF Total Energy =    -609.6467642
 
Total Orbital Internal Iterations = 2210
Total Occupation Internal Iterations = 78
 
Elapsed time:  378.05 Seconds

---------------------------------
   Lowdin Population Analysis    
---------------------------------
 Idx  Atom   Population   Charge 
---------------------------------
  1    Cl    17.009      -0.009
  2     O     8.045      -0.045
  3     O     7.946       0.054

---------------------------------
   M Diagnostic: 0.02
---------------------------------

Recovering execution output...
Moving from /scratch/pobleyef/168211 to /home-nas/pobleyef/Poison-Set/ncwo1/P30-5/GNOFm01/arina.168211
mkdir -p /home-nas/pobleyef/Poison-Set/ncwo1/P30-5/GNOFm01/arina.168211
mv /scratch/pobleyef/168211/* /home-nas/pobleyef/Poison-Set/ncwo1/P30-5/GNOFm01/arina.168211
