al
/software/eb2024/easybuild/software/common/software/Julia/1.11.3-linux-x86_64/bin/julia
Job runing on na10
Choosing scratch ...
Automatic scratch folder selection
/scratch/pobleyef/211000
/scratch/pobleyef/211000 directory
cp al.jl al.jld2 to  /scratch/pobleyef/211000/.
Computing Integrals
Elapsed time:    7.05 Seconds

Number of basis functions                   (NBF)    = 70
Number of auxiliary basis functions         (NBFAUX) = 128
Inactive Doubly occupied orbitals up to     (NO1)    = 0
No. considered Strongly Doubly occupied MOs (NDOC)   = 6
No. considered Strongly Singly occupied MOs (NSOC)   = 1
NO. of Weakly occ. per St. Doubly occ.  MOs (NCWO)   = 10
Dimension of the Nat. Orb. subspace         (NBF5)   = 67
No. of electrons                                     = 13
    No. of alpha electrons                           = 7
    No. of beta electrons                            = 6
Multiplicity                                         = 2

Geometry
========
Al       0.0000000       0.0000000       0.0000000

No violations of the orthonormality
No violations of the orthonormality
 
PNOF9/ADABelief Calculation
==================
 
  Nitext  Nit_orb  Time   Nit_occ  Time         Eelec          Etot           Ediff      maxdiff    MaxGrad_orb  Grad_occ
     1      10    1.9e+01   10    2.3e+01  -242.14578325  -242.14578325 -10241.14578325   0.002720   1.1e-02   2.4e-04 0.02
     2      20    1.5e-01    0    8.3e-03  -242.14663167  -242.14663167    -0.00084842   0.002720   1.1e-02   2.4e-04 0.02
     3      40    2.4e-01   13    3.4e-02  -242.14682190  -242.14682190    -0.00019023   0.005267   2.1e-02   1.6e-04 0.02
     4      40    2.7e-01    3    1.2e-02  -242.14700402  -242.14700402    -0.00018212   0.002883   1.2e-02   1.8e-04 0.02
     5      40    2.5e-01    4    1.4e-02  -242.14708020  -242.14708020    -0.00007618   0.003084   1.2e-02   1.4e-04 0.02
     6      40    2.5e-01    1    7.9e-03  -242.14714638  -242.14714638    -0.00006618   0.002888   1.2e-02   1.2e-04 0.02
     7      40    2.2e-01    1    8.9e-03  -242.14719308  -242.14719308    -0.00004670   0.002920   1.2e-02   1.5e-04 0.02
     8      40    1.9e-01    3    1.2e-02  -242.14723130  -242.14723130    -0.00003822   0.002777   1.1e-02   1.2e-04 0.02
     9      40    2.2e-01    1    1.7e-02  -242.14726502  -242.14726502    -0.00003372   0.002849   1.1e-02   1.4e-04 0.02
    10      40    2.0e-01    1    9.4e-03  -242.14728833  -242.14728833    -0.00002331   0.002772   1.1e-02   1.4e-04 0.02
    11      40    2.1e-01    1    5.5e-03  -242.14731048  -242.14731048    -0.00002215   0.002843   1.1e-02   1.8e-04 0.02
    12      40    2.2e-01    1    5.0e-03  -242.14733068  -242.14733068    -0.00002020   0.002891   1.2e-02   2.2e-04 0.02
    13      40    2.3e-01    3    8.5e-03  -242.14735746  -242.14735746    -0.00002678   0.002799   1.1e-02   9.8e-05 0.02
    14      40    1.6e-01    1    2.7e-02  -242.14738640  -242.14738640    -0.00002895   0.002887   1.2e-02   1.2e-04 0.02
    15      40    1.4e-01    1    4.9e-03  -242.14741739  -242.14741739    -0.00003099   0.002955   1.2e-02   1.5e-04 0.02
    16      40    2.1e-01    1    9.2e-03  -242.14744592  -242.14744592    -0.00002853   0.003090   1.2e-02   1.8e-04 0.02
    17      40    2.0e-01    3    1.2e-02  -242.14747968  -242.14747968    -0.00003376   0.003163   1.3e-02   1.1e-04 0.02
    18      40    2.2e-01    1    5.6e-03  -242.14751358  -242.14751358    -0.00003390   0.002954   1.2e-02   1.1e-04 0.02
    19      40    2.5e-01    0    7.9e-03  -242.14754286  -242.14754286    -0.00002929   0.003009   1.2e-02   1.6e-04 0.02
    20      50    3.4e-01    1    5.1e-03  -242.14757642  -242.14757642    -0.00003355   0.002335   9.3e-03   1.2e-04 0.02
    21      50    2.4e-01    0    3.7e-03  -242.14759174  -242.14759174    -0.00001532   0.002374   9.5e-03   1.2e-04 0.02
    22      60    2.8e-01    0    3.7e-03  -242.14760520  -242.14760520    -0.00001346   0.001784   7.1e-03   1.2e-04 0.02
    23      70    3.5e-01    0    7.0e-03  -242.14761382  -242.14761382    -0.00000861   0.001395   5.6e-03   1.2e-04 0.02
    24      80    3.5e-01    0    7.3e-03  -242.14761634  -242.14761634    -0.00000252   0.000981   3.9e-03   1.2e-04 0.02
 
RESULTS OF THE OCCUPATION OPTIMIZATION
========================================
   1    1.9999992  -58.57028484
   2    1.9983365  -4.93765993
   3    1.9937241  -3.24715911
   4    1.9933475  -3.24687249
   5    1.9929482  -3.24481656
   6    1.9731891  -0.41254971
   7    1.0000000  -0.11309087
   8    0.0130301  -0.02061873
   9    0.0050359  -0.03150635
  10    0.0044658  -0.02200534
  11    0.0053953  -0.02483100
  12    0.0014566  -0.00863764
  13    0.0000007  -0.00000560
  14    0.0031024  -0.00711791
  15    0.0018617  -0.00888875
  16    0.0019361  -0.00905851
  17    0.0004134  -0.00673410
  18    0.0001655  -0.00094940
  19    0.0000000  -0.00000051
  20    0.0029935  -0.00712544
  21    0.0000393  -0.00015826
  22    0.0000957  -0.00046916
  23    0.0003128  -0.00165973
  24    0.0000129  -0.00071447
  25    0.0000000  -0.00000044
  26    0.0028829  -0.00698322
  27    0.0000346  -0.00014522
  28    0.0000745  -0.00207009
  29    0.0000552  -0.00021427
  30    0.0000086  -0.00004813
  31    0.0000000  -0.00000030
  32    0.0014702  -0.00259203
  33    0.0000288  -0.00015114
  34    0.0000259  -0.00012076
  35    0.0000318  -0.00025412
  36    0.0000054  -0.00036650
  37    0.0000000  -0.00000028
  38    0.0010340  -0.00200707
  39    0.0000223  -0.00011783
  40    0.0000231  -0.00011667
  41    0.0000292  -0.00012999
  42    0.0000036  -0.00001541
  43    0.0000000  -0.00000022
  44    0.0008462  -0.00159100
  45    0.0000102  -0.00005356
  46    0.0000137  -0.00006966
  47    0.0000166  -0.00007517
  48    0.0000031  -0.00001450
  49    0.0000000  -0.00000023
  50    0.0008413  -0.00154134
  51    0.0000075  -0.00003203
  52    0.0000067  -0.00002984
  53    0.0000075  -0.00003056
  54    0.0000028  -0.00001392
  55    0.0000000  -0.00000024
  56    0.0003065  -0.00048045
  57    0.0000063  -0.00002699
  58    0.0000061  -0.00002662
  59    0.0000071  -0.00002739
  60    0.0000027  -0.00001008
  61    0.0000000  -0.00000018
  62    0.0003039  -0.00047391
  63    0.0000051  -0.00002285
  64    0.0000048  -0.00002193
  65    0.0000069  -0.00002757
  66    0.0000024  -0.00000954
  67    0.0000000  -0.00000016
 
----------------
 Final Energies 
----------------
Final NOF Total Energy =    -242.1476163
 
Total Orbital Internal Iterations = 1020
Total Occupation Internal Iterations = 50
 
Elapsed time:   60.27 Seconds

---------------------------------
   Lowdin Population Analysis    
---------------------------------
 Idx  Atom   Population   Charge 
---------------------------------
  1    Al    13.000      -0.000

---------------------------------
   M Diagnostic: 0.02
---------------------------------

Recovering execution output...
Moving from /scratch/pobleyef/211000 to /home-nas/pobleyef/Poison-NOF/ncwomax/P30-5/GNOFm25/arina.211000
mkdir -p /home-nas/pobleyef/Poison-NOF/ncwomax/P30-5/GNOFm25/arina.211000
mv /scratch/pobleyef/211000/* /home-nas/pobleyef/Poison-NOF/ncwomax/P30-5/GNOFm25/arina.211000
