ALKBDE10_8_o
/software/eb2024/easybuild/software/common/software/Julia/1.11.3-linux-x86_64/bin/julia
Job runing on nh006
Choosing scratch ...
Automatic scratch folder selection
/scratch/pobleyef/211813
/scratch/pobleyef/211813 directory
cp ALKBDE10_8_o.jl ALKBDE10_8_o.jld2 to  /scratch/pobleyef/211813/.
Computing Integrals
Basis Set                                            = def2-qzvp
Auxiliary Basis Set                                  = def2-universal-jkfit
Gaussian Type                                        = Spherical
Elapsed time:    3.44 Seconds

Number of basis functions                   (NBF)    = 57
Number of auxiliary basis functions         (NBFAUX) = 77
Inactive Doubly occupied orbitals up to     (NO1)    = 0
No. considered Strongly Doubly occupied MOs (NDOC)   = 3
No. considered Strongly Singly occupied MOs (NSOC)   = 2
NO. of Weakly occ. per St. Doubly occ.  MOs (NCWO)   = 7
Dimension of the Nat. Orb. subspace         (NBF5)   = 26
No. of electrons                                     = 8
    No. of alpha electrons                           = 5
    No. of beta electrons                            = 3
Multiplicity                                         = 3

Geometry
========
 O       0.0000000       0.0000000       0.0000000

No violations of the orthonormality
No violations of the orthonormality
 
PNOF8/ADABelief Calculation
==================
 
  Nitext  Nit_orb  Time   Nit_occ  Time         Eelec          Etot           Ediff      maxdiff    MaxGrad_orb  Grad_occ
     1      10    2.8e+01    2    3.4e+01   -75.02054656   -75.02054656 -10074.02054656   0.001032   4.1e-03   2.2e-04 0.02
     2      20    6.7e-02   12    4.0e-03   -75.02076499   -75.02076499    -0.00021843   0.073180   2.9e-01   2.0e-04 0.02
     3      20    3.5e-02   10    4.0e-03   -75.02224266   -75.02224266    -0.00147767   0.016459   6.6e-02   1.9e-04 0.02
     4      20    3.5e-02    7    2.8e-03   -75.02254236   -75.02254236    -0.00029970   0.014571   5.8e-02   2.1e-04 0.02
     5      20    3.4e-02    2    1.6e-03   -75.02285786   -75.02285786    -0.00031550   0.013324   5.3e-02   1.5e-04 0.02
     6      20    3.8e-02    4    2.1e-03   -75.02307233   -75.02307233    -0.00021447   0.012803   5.1e-02   2.1e-04 0.02
     7      20    3.8e-02    4    1.9e-03   -75.02313270   -75.02313270    -0.00006037   0.011913   4.8e-02   1.4e-04 0.02
     8      20    3.8e-02    0    1.3e-03   -75.02314188   -75.02314188    -0.00000918   0.011913   4.8e-02   1.4e-04 0.02
     9      40    7.0e-02    1    1.3e-03   -75.02388314   -75.02388314    -0.00074126   0.001900   7.6e-03   1.5e-04 0.02
    10      40    7.3e-02    0    5.9e-03   -75.02388356   -75.02388356    -0.00000042   0.001900   7.6e-03   1.5e-04 0.02
    11      50    8.4e-02    0    5.8e-03   -75.02389915   -75.02389915    -0.00001559   0.000496   2.0e-03   1.3e-04 0.02
 
RESULTS OF THE OCCUPATION OPTIMIZATION
========================================
   1    1.9998552  -20.69704247
   2    1.9750280  -1.28461634
   3    1.9728144  -0.60565027
   4    1.0000000  -0.38039698
   5    1.0000000  -0.38033043
   6    0.0121834  -0.01824320
   7    0.0102216  -0.02085561
   8    0.0000356  -0.00153509
   9    0.0051207  -0.00881141
  10    0.0046305  -0.00851294
  11    0.0000238  -0.00045994
  12    0.0043452  -0.00800668
  13    0.0038995  -0.00766650
  14    0.0000215  -0.00042374
  15    0.0041653  -0.00800543
  16    0.0024547  -0.00500873
  17    0.0000176  -0.00038773
  18    0.0006793  -0.00526214
  19    0.0024457  -0.00500439
  20    0.0000167  -0.00038049
  21    0.0004511  -0.00126025
  22    0.0008483  -0.00253547
  23    0.0000155  -0.00034718
  24    0.0002406  -0.00076105
  25    0.0004716  -0.00135485
  26    0.0000141  -0.00031960
 
----------------
 Final Energies 
----------------
Final NOF Total Energy =     -75.0238991
 
Total Orbital Internal Iterations = 280
Total Occupation Internal Iterations = 42
 
Elapsed time:   82.12 Seconds

---------------------------------
   Lowdin Population Analysis    
---------------------------------
 Idx  Atom   Population   Charge 
---------------------------------
  1     O     8.000       0.000

---------------------------------
   M Diagnostic: 0.02
---------------------------------

Recovering execution output...
Moving from /scratch/pobleyef/211813 to /home-nas/pobleyef/Poison-NOF/ncwomax/P30-5/GNOFm25/arina.211813
mkdir -p /home-nas/pobleyef/Poison-NOF/ncwomax/P30-5/GNOFm25/arina.211813
mv /scratch/pobleyef/211813/* /home-nas/pobleyef/Poison-NOF/ncwomax/P30-5/GNOFm25/arina.211813
