ALKBDE10_3_ca
/software/eb2024/easybuild/software/common/software/Julia/1.11.3-linux-x86_64/bin/julia
Job runing on na16
Choosing scratch ...
Automatic scratch folder selection
/scratch/pobleyef/211342
/scratch/pobleyef/211342 directory
cp ALKBDE10_3_ca.jl ALKBDE10_3_ca.jld2 to  /scratch/pobleyef/211342/.
Computing Integrals
Basis Set                                            = def2-qzvp
Auxiliary Basis Set                                  = def2-universal-jkfit
Gaussian Type                                        = Spherical
Elapsed time:    2.44 Seconds

Number of basis functions                   (NBF)    = 56
Number of auxiliary basis functions         (NBFAUX) = 160
Inactive Doubly occupied orbitals up to     (NO1)    = 0
No. considered Strongly Doubly occupied MOs (NDOC)   = 10
No. considered Strongly Singly occupied MOs (NSOC)   = 0
NO. of Weakly occ. per St. Doubly occ.  MOs (NCWO)   = 4
Dimension of the Nat. Orb. subspace         (NBF5)   = 50
No. of electrons                                     = 20
    No. of alpha electrons                           = 10
    No. of beta electrons                            = 10
Multiplicity                                         = 1

Geometry
========
Ca       0.0000000       0.0000000       0.0000000

No violations of the orthonormality
No violations of the orthonormality
 
PNOF8/ADABelief Calculation
==================
 
  Nitext  Nit_orb  Time   Nit_occ  Time         Eelec          Etot           Ediff      maxdiff    MaxGrad_orb  Grad_occ
     1      10    1.7e+01    0    2.1e+01  -677.19610206  -677.19610206 -10676.19610206   0.000587   2.3e-03   2.1e-04 0.03
 
RESULTS OF THE OCCUPATION OPTIMIZATION
========================================
   1    1.9999999  -149.36829127
   2    1.9999815  -16.84201671
   3    1.9999699  -13.62953137
   4    1.9999118  -13.62934818
   5    1.9999748  -13.62930573
   6    1.9845477  -2.25633099
   7    1.9758816  -1.18239883
   8    1.9748851  -1.16408804
   9    1.9717377  -0.96546757
  10    1.9717881  -0.96257927
  11    0.0214843  -0.03749022
  12    0.0221258  -0.03797836
  13    0.0235822  -0.04175274
  14    0.0146266  -0.03387958
  15    0.0137341  -0.03543408
  16    0.0000114  -0.00071762
  17    0.0000836  -0.00509626
  18    0.0000135  -0.00095714
  19    0.0000072  -0.00008315
  20    0.0000001  -0.00000133
  21    0.0045834  -0.00849351
  22    0.0047417  -0.00866351
  23    0.0011286  -0.00287253
  24    0.0063914  -0.02945229
  25    0.0008400  -0.00666959
  26    0.0000079  -0.00008648
  27    0.0000024  -0.00003288
  28    0.0000095  -0.00009449
  29    0.0000072  -0.00030519
  30    0.0000000  -0.00000030
  31    0.0011537  -0.00281146
  32    0.0011791  -0.00281938
  33    0.0002091  -0.00039315
  34    0.0029920  -0.00723712
  35    0.0007743  -0.00858501
  36    0.0000050  -0.00004753
  37    0.0000018  -0.00002815
  38    0.0000055  -0.00020074
  39    0.0000035  -0.00003943
  40    0.0000000  -0.00000029
  41    0.0009905  -0.00238477
  42    0.0002157  -0.00039923
  43    0.0001951  -0.00038779
  44    0.0001083  -0.00026575
  45    0.0001039  -0.00028028
  46    0.0000010  -0.00001172
  47    0.0000005  -0.00000292
  48    0.0000016  -0.00002651
  49    0.0000007  -0.00000353
  50    0.0000000  -0.00000029
 
----------------
 Final Energies 
----------------
Final NOF Total Energy =    -677.1961021
 
Total Orbital Internal Iterations = 10
Total Occupation Internal Iterations = 0
 
Elapsed time:   49.27 Seconds

---------------------------------
   Lowdin Population Analysis    
---------------------------------
 Idx  Atom   Population   Charge 
---------------------------------
  1    Ca    20.000      -0.000

---------------------------------
   M Diagnostic: 0.03
---------------------------------

Recovering execution output...
Moving from /scratch/pobleyef/211342 to /home-nas/pobleyef/Poison-NOF/ncwomax/P30-5/GNOFm25/arina.211342
mkdir -p /home-nas/pobleyef/Poison-NOF/ncwomax/P30-5/GNOFm25/arina.211342
mv /scratch/pobleyef/211342/* /home-nas/pobleyef/Poison-NOF/ncwomax/P30-5/GNOFm25/arina.211342
