BH76_1_oh
/software/eb2024/easybuild/software/common/software/Julia/1.11.3-linux-x86_64/bin/julia
Job runing on na14
Choosing scratch ...
Automatic scratch folder selection
/scratch/pobleyef/211007
/scratch/pobleyef/211007 directory
cp BH76_1_oh.jl BH76_1_oh.jld2 to  /scratch/pobleyef/211007/.
Computing Integrals
Elapsed time:    5.92 Seconds

Number of basis functions                   (NBF)    = 87
Number of auxiliary basis functions         (NBFAUX) = 95
Inactive Doubly occupied orbitals up to     (NO1)    = 0
No. considered Strongly Doubly occupied MOs (NDOC)   = 4
No. considered Strongly Singly occupied MOs (NSOC)   = 1
NO. of Weakly occ. per St. Doubly occ.  MOs (NCWO)   = 20
Dimension of the Nat. Orb. subspace         (NBF5)   = 85
No. of electrons                                     = 9
    No. of alpha electrons                           = 5
    No. of beta electrons                            = 4
Multiplicity                                         = 2

Geometry
========
 O       0.0000000       0.0000000       0.4844483
 H       0.0000000       0.0000000      -0.4844483

No violations of the orthonormality
No violations of the orthonormality
 
PNOF9/ADABelief Calculation
==================
 
  Nitext  Nit_orb  Time   Nit_occ  Time         Eelec          Etot           Ediff      maxdiff    MaxGrad_orb  Grad_occ
     1      10    1.9e+01   10    2.5e+01   -80.06077883   -75.69146926 -10079.06077883   0.002130   8.5e-03   2.0e-04 0.03
     2      20    3.4e-01    0    1.6e-02   -80.06133032   -75.69202076    -0.00055149   0.002130   8.5e-03   2.0e-04 0.03
     3      40    3.5e-01    3    3.3e-02   -80.06164203   -75.69233247    -0.00031171   0.001618   6.5e-03   2.3e-04 0.03
     4      40    4.2e-01    5    6.1e-02   -80.06171675   -75.69240718    -0.00007472   0.001973   7.9e-03   1.4e-04 0.03
     5      40    4.5e-01    1    1.5e-02   -80.06178076   -75.69247120    -0.00006401   0.002456   9.8e-03   1.6e-04 0.03
     6      40    6.3e-01    5    1.3e-01   -80.06180067   -75.69249111    -0.00001991   0.002673   1.1e-02   1.6e-04 0.03
     7      40    8.0e-01    1    2.0e-02   -80.06184997   -75.69254040    -0.00004929   0.002512   1.0e-02   1.6e-04 0.03
     8      40    3.9e-01    0    4.2e-02   -80.06186197   -75.69255240    -0.00001200   0.002630   1.1e-02   1.7e-04 0.03
     9      50    5.5e-01    2    2.8e-02   -80.06187368   -75.69256411    -0.00001171   0.001975   7.9e-03   1.7e-04 0.03
    10      50    1.1e+00    0    7.4e-03   -80.06188450   -75.69257493    -0.00001082   0.001764   7.1e-03   1.6e-04 0.03
    11      60    6.6e-01    5    6.1e-02   -80.06189179   -75.69258223    -0.00000729   0.001287   5.1e-03   1.5e-04 0.03
    12      60    8.8e-01    0    2.3e-02   -80.06191488   -75.69260531    -0.00002309   0.001995   8.0e-03   1.2e-04 0.03
    13      70    1.1e+00    0    1.5e-02   -80.06192120   -75.69261164    -0.00000632   0.001120   4.5e-03   1.3e-04 0.03
    14      80    6.6e-01    0    1.3e-02   -80.06192291   -75.69261334    -0.00000171   0.000753   3.0e-03   1.2e-04 0.03
 
RESULTS OF THE OCCUPATION OPTIMIZATION
========================================
   1    1.9999798  -20.64774110
   2    1.9812564  -1.29677072
   3    1.9679068  -0.75202861
   4    1.9749884  -0.57884218
   5    1.0000000  -0.35568581
   6    0.0116695  -0.01858927
   7    0.0240413  -0.03344288
   8    0.0084626  -0.02016932
   9    0.0000173  -0.00063386
  10    0.0054269  -0.00961244
  11    0.0032654  -0.00639514
  12    0.0042766  -0.00912363
  13    0.0000009  -0.00001963
  14    0.0042540  -0.00824932
  15    0.0032505  -0.00635824
  16    0.0030746  -0.00682942
  17    0.0000003  -0.00004028
  18    0.0013720  -0.00432325
  19    0.0004391  -0.00122497
  20    0.0008351  -0.00271183
  21    0.0000003  -0.00000546
  22    0.0007106  -0.00370198
  23    0.0002727  -0.00082556
  24    0.0006355  -0.00230730
  25    0.0000002  -0.00000340
  26    0.0004482  -0.00122294
  27    0.0002436  -0.00078041
  28    0.0005022  -0.00157208
  29    0.0000002  -0.00000291
  30    0.0002689  -0.00080520
  31    0.0002033  -0.00069690
  32    0.0002662  -0.00103394
  33    0.0000001  -0.00000261
  34    0.0002616  -0.00079650
  35    0.0001757  -0.00059544
  36    0.0002303  -0.00068339
  37    0.0000001  -0.00000238
  38    0.0002564  -0.00076263
  39    0.0000459  -0.00013989
  40    0.0001793  -0.00136560
  41    0.0000001  -0.00000168
  42    0.0000988  -0.00041667
  43    0.0000341  -0.00012139
  44    0.0000916  -0.00055324
  45    0.0000001  -0.00000150
  46    0.0000831  -0.00030291
  47    0.0000289  -0.00009678
  48    0.0000601  -0.00025503
  49    0.0000001  -0.00000125
  50    0.0000339  -0.00015124
  51    0.0000174  -0.00010304
  52    0.0000223  -0.00013253
  53    0.0000001  -0.00000096
  54    0.0000336  -0.00014101
  55    0.0000151  -0.00009852
  56    0.0000197  -0.00011481
  57    0.0000001  -0.00000090
  58    0.0000167  -0.00008284
  59    0.0000131  -0.00005739
  60    0.0000178  -0.00011237
  61    0.0000001  -0.00000085
  62    0.0000163  -0.00008571
  63    0.0000119  -0.00007123
  64    0.0000169  -0.00009577
  65    0.0000001  -0.00000066
  66    0.0000152  -0.00008504
  67    0.0000102  -0.00004855
  68    0.0000150  -0.00009373
  69    0.0000000  -0.00000063
  70    0.0000140  -0.00007794
  71    0.0000094  -0.00004221
  72    0.0000127  -0.00008198
  73    0.0000000  -0.00000051
  74    0.0000133  -0.00007640
  75    0.0000073  -0.00003595
  76    0.0000100  -0.00006377
  77    0.0000000  -0.00000047
  78    0.0000121  -0.00006595
  79    0.0000048  -0.00002439
  80    0.0000085  -0.00005012
  81    0.0000000  -0.00000047
  82    0.0000064  -0.00003714
  83    0.0000032  -0.00001443
  84    0.0000066  -0.00004333
  85    0.0000000  -0.00000026
 
----------------
 Final Energies 
----------------
Final NOF Total Energy =     -75.6926133
 
Total Orbital Internal Iterations = 640
Total Occupation Internal Iterations = 32
 
Elapsed time:   67.70 Seconds

---------------------------------
   Lowdin Population Analysis    
---------------------------------
 Idx  Atom   Population   Charge 
---------------------------------
  1     O     7.589       0.411
  2     H     1.411      -0.411

---------------------------------
   M Diagnostic: 0.03
---------------------------------

Recovering execution output...
Moving from /scratch/pobleyef/211007 to /home-nas/pobleyef/Poison-NOF/ncwomax/P30-5/GNOFm25/arina.211007
mkdir -p /home-nas/pobleyef/Poison-NOF/ncwomax/P30-5/GNOFm25/arina.211007
mv /scratch/pobleyef/211007/* /home-nas/pobleyef/Poison-NOF/ncwomax/P30-5/GNOFm25/arina.211007
