BH76_1_n2ohts
/software/eb2024/easybuild/software/common/software/Julia/1.11.3-linux-x86_64/bin/julia
Job runing on na11
Choosing scratch ...
Automatic scratch folder selection
/scratch/pobleyef/211092
/scratch/pobleyef/211092 directory
cp BH76_1_n2ohts.jl BH76_1_n2ohts.jld2 to  /scratch/pobleyef/211092/.
Computing Integrals
Elapsed time:   19.69 Seconds

Number of basis functions                   (NBF)    = 201
Number of auxiliary basis functions         (NBFAUX) = 249
Inactive Doubly occupied orbitals up to     (NO1)    = 0
No. considered Strongly Doubly occupied MOs (NDOC)   = 11
No. considered Strongly Singly occupied MOs (NSOC)   = 1
NO. of Weakly occ. per St. Doubly occ.  MOs (NCWO)   = 17
Dimension of the Nat. Orb. subspace         (NBF5)   = 199
No. of electrons                                     = 23
    No. of alpha electrons                           = 12
    No. of beta electrons                            = 11
Multiplicity                                         = 2

Geometry
========
 H      -0.2690454      -1.5391876       0.0000000
 O      -0.8267685      -0.2299978       0.0000000
 N       0.0342399       0.6485534       0.0000000
 N       1.0615740       1.1206319       0.0000000

No violations of the orthonormality
No violations of the orthonormality
 
PNOF9/ADABelief Calculation
==================
 
  Nitext  Nit_orb  Time   Nit_occ  Time         Eelec          Etot           Ediff      maxdiff    MaxGrad_orb  Grad_occ
     1      10    1.1e+02    0    2.2e+01  -250.66106050  -184.97481868 -10249.66106050   0.004006   1.6e-02   2.2e-04 0.04
     2      30    2.9e+02    0    1.3e-01  -250.66106050  -184.97481868     0.00000000   0.004006   1.6e-02   2.2e-04 0.04
     3      50    4.8e+02    6    5.0e-01  -250.66116409  -184.97492226    -0.00010358   0.003741   1.5e-02   1.8e-04 0.04
     4      50    4.7e+02    3    2.4e-01  -250.66122500  -184.97498317    -0.00006091   0.003215   1.3e-02   1.8e-04 0.04
     5      50    4.7e+02    0    1.9e-01  -250.66122910  -184.97498727    -0.00000410   0.003682   1.5e-02   2.3e-04 0.04
     6      60    5.6e+02    0    1.4e-01  -250.66128401  -184.97504218    -0.00005491   0.002788   1.1e-02   2.9e-04 0.04
     7      70    7.9e+02    4    2.9e-01  -250.66132494  -184.97508312    -0.00004094   0.002376   9.5e-03   2.2e-04 0.04
     8      70    8.4e+02    4    2.9e-01  -250.66134767  -184.97510584    -0.00002272   0.002590   1.0e-02   2.2e-04 0.04
     9      70    8.4e+02    0    1.7e-01  -250.66135525  -184.97511342    -0.00000758   0.002590   1.0e-02   2.2e-04 0.04
    10      68    8.0e+02    1    1.9e-01  -250.66146010  -184.97521828    -0.00010486   0.000495   2.0e-03   2.0e-04 0.04
 
RESULTS OF THE OCCUPATION OPTIMIZATION
========================================
   1    1.9999820  -19.33063126
   2    1.9999705  -16.54398994
   3    1.9999651  -16.36986094
   4    1.9860178  -1.52003127
   5    1.9833066  -1.29987621
   6    1.9778689  -0.97924742
   7    1.9698485  -0.90105004
   8    1.9771244  -0.79165088
   9    1.9771964  -0.74113814
  10    1.9609692  -0.59619175
  11    1.9589671  -0.58395445
  12    1.0000000  -0.18679180
  13    0.0402404  -0.05952277
  14    0.0360272  -0.05548904
  15    0.0069752  -0.01404373
  16    0.0057403  -0.01207001
  17    0.0292640  -0.05352455
  18    0.0159916  -0.03092780
  19    0.0058195  -0.01689057
  20    0.0057333  -0.01725523
  21    0.0000177  -0.00049758
  22    0.0000114  -0.00034216
  23    0.0000129  -0.00045486
  24    0.0001784  -0.00052896
  25    0.0024468  -0.00529005
  26    0.0045211  -0.00935637
  27    0.0046775  -0.01118949
  28    0.0002121  -0.00072187
  29    0.0031046  -0.00750385
  30    0.0032373  -0.00783169
  31    0.0022021  -0.00754743
  32    0.0000039  -0.00005407
  33    0.0000041  -0.00006329
  34    0.0000023  -0.00003726
  35    0.0001680  -0.00047778
  36    0.0001342  -0.00042789
  37    0.0041200  -0.00872562
  38    0.0038749  -0.00830381
  39    0.0001995  -0.00070501
  40    0.0011371  -0.00291229
  41    0.0022058  -0.00643399
  42    0.0015184  -0.00529183
  43    0.0000028  -0.00004234
  44    0.0000038  -0.00005877
  45    0.0000007  -0.00002454
  46    0.0001350  -0.00041291
  47    0.0001260  -0.00039323
  48    0.0040078  -0.00830298
  49    0.0027414  -0.00627086
  50    0.0001234  -0.00046278
  51    0.0004968  -0.00194994
  52    0.0020881  -0.00595717
  53    0.0010284  -0.00355210
  54    0.0000024  -0.00003632
  55    0.0000030  -0.00004925
  56    0.0000004  -0.00002623
  57    0.0001242  -0.00038583
  58    0.0001023  -0.00035894
  59    0.0010466  -0.00344332
  60    0.0026452  -0.00606944
  61    0.0000829  -0.00037776
  62    0.0004500  -0.00177521
  63    0.0012887  -0.00521535
  64    0.0006745  -0.00223534
  65    0.0000022  -0.00003434
  66    0.0000020  -0.00003048
  67    0.0000004  -0.00000586
  68    0.0000472  -0.00011936
  69    0.0000803  -0.00029041
  70    0.0007569  -0.00218014
  71    0.0011928  -0.00303132
  72    0.0000822  -0.00037806
  73    0.0003317  -0.00111374
  74    0.0005358  -0.00186533
  75    0.0005912  -0.00395848
  76    0.0000017  -0.00002820
  77    0.0000017  -0.00002650
  78    0.0000004  -0.00000558
  79    0.0000339  -0.00009853
  80    0.0000244  -0.00008018
  81    0.0004207  -0.00154695
  82    0.0008114  -0.00197393
  83    0.0000552  -0.00021417
  84    0.0002018  -0.00065767
  85    0.0005178  -0.00296966
  86    0.0004415  -0.00303688
  87    0.0000008  -0.00001366
  88    0.0000008  -0.00001203
  89    0.0000001  -0.00000116
  90    0.0000243  -0.00008081
  91    0.0000142  -0.00007065
  92    0.0003529  -0.00126979
  93    0.0003737  -0.00102500
  94    0.0000307  -0.00015103
  95    0.0001910  -0.00065170
  96    0.0002183  -0.00081088
  97    0.0004143  -0.00213532
  98    0.0000007  -0.00003758
  99    0.0000006  -0.00003391
 100    0.0000001  -0.00000087
 101    0.0000198  -0.00006800
 102    0.0000127  -0.00005967
 103    0.0001647  -0.00059595
 104    0.0002918  -0.00103373
 105    0.0000189  -0.00012013
 106    0.0000666  -0.00028144
 107    0.0002144  -0.00079185
 108    0.0003780  -0.00126730
 109    0.0000005  -0.00001843
 110    0.0000004  -0.00001698
 111    0.0000001  -0.00000088
 112    0.0000117  -0.00005866
 113    0.0000118  -0.00005898
 114    0.0001537  -0.00067614
 115    0.0002367  -0.00086640
 116    0.0000151  -0.00009287
 117    0.0000329  -0.00017961
 118    0.0001332  -0.00061117
 119    0.0002989  -0.00141317
 120    0.0000004  -0.00000811
 121    0.0000003  -0.00000898
 122    0.0000001  -0.00000068
 123    0.0000099  -0.00005616
 124    0.0000112  -0.00005841
 125    0.0001308  -0.00053931
 126    0.0001024  -0.00042557
 127    0.0000132  -0.00008761
 128    0.0000270  -0.00014176
 129    0.0001221  -0.00059110
 130    0.0002501  -0.00098835
 131    0.0000003  -0.00000785
 132    0.0000003  -0.00000353
 133    0.0000001  -0.00000058
 134    0.0000096  -0.00005420
 135    0.0000100  -0.00005720
 136    0.0000481  -0.00025516
 137    0.0000563  -0.00027509
 138    0.0000114  -0.00007355
 139    0.0000205  -0.00012091
 140    0.0000955  -0.00077772
 141    0.0002424  -0.00100036
 142    0.0000003  -0.00000444
 143    0.0000003  -0.00000331
 144    0.0000001  -0.00000040
 145    0.0000086  -0.00004983
 146    0.0000091  -0.00005141
 147    0.0000257  -0.00014612
 148    0.0000468  -0.00022755
 149    0.0000107  -0.00007107
 150    0.0000188  -0.00010565
 151    0.0000758  -0.00082402
 152    0.0000937  -0.00086073
 153    0.0000003  -0.00000313
 154    0.0000003  -0.00000335
 155    0.0000001  -0.00000033
 156    0.0000084  -0.00004675
 157    0.0000078  -0.00004947
 158    0.0000234  -0.00013326
 159    0.0000282  -0.00015471
 160    0.0000102  -0.00006893
 161    0.0000168  -0.00010461
 162    0.0000638  -0.00035881
 163    0.0000404  -0.00024745
 164    0.0000002  -0.00000308
 165    0.0000002  -0.00000334
 166    0.0000001  -0.00000032
 167    0.0000075  -0.00004578
 168    0.0000058  -0.00003457
 169    0.0000191  -0.00010076
 170    0.0000204  -0.00011097
 171    0.0000094  -0.00006459
 172    0.0000163  -0.00010240
 173    0.0000314  -0.00017247
 174    0.0000303  -0.00019987
 175    0.0000002  -0.00000481
 176    0.0000002  -0.00000185
 177    0.0000001  -0.00000029
 178    0.0000044  -0.00003040
 179    0.0000051  -0.00003298
 180    0.0000188  -0.00009984
 181    0.0000182  -0.00010491
 182    0.0000075  -0.00005494
 183    0.0000151  -0.00009700
 184    0.0000261  -0.00014479
 185    0.0000258  -0.00015995
 186    0.0000002  -0.00000225
 187    0.0000001  -0.00000113
 188    0.0000000  -0.00000026
 189    0.0000016  -0.00001427
 190    0.0000020  -0.00002098
 191    0.0000181  -0.00009381
 192    0.0000175  -0.00009421
 193    0.0000050  -0.00004282
 194    0.0000125  -0.00009074
 195    0.0000199  -0.00011948
 196    0.0000190  -0.00011240
 197    0.0000001  -0.00000074
 198    0.0000001  -0.00000032
 199    0.0000000  -0.00000012
 
----------------
 Final Energies 
----------------
Final NOF Total Energy =    -184.9752183
 
Total Orbital Internal Iterations = 528
Total Occupation Internal Iterations = 18
 
Elapsed time: 5771.64 Seconds

---------------------------------
   Lowdin Population Analysis    
---------------------------------
 Idx  Atom   Population   Charge 
---------------------------------
  1     H     1.176      -0.176
  2     O     7.797       0.203
  3     N     7.105      -0.105
  4     N     6.922       0.078

---------------------------------
   M Diagnostic: 0.04
---------------------------------

Recovering execution output...
Moving from /scratch/pobleyef/211092 to /home-nas/pobleyef/Poison-NOF/ncwomax/P30-5/GNOFm25/arina.211092
mkdir -p /home-nas/pobleyef/Poison-NOF/ncwomax/P30-5/GNOFm25/arina.211092
mv /scratch/pobleyef/211092/* /home-nas/pobleyef/Poison-NOF/ncwomax/P30-5/GNOFm25/arina.211092
