BH76-hf
/software/eb2024/easybuild/software/common/software/Julia/1.11.3-linux-x86_64/bin/julia
Job runing on na14
Choosing scratch ...
Automatic scratch folder selection
/scratch/pobleyef/284298
/scratch/pobleyef/284298 directory
cp BH76-hf.jl BH76-hf.jld2 to  /scratch/pobleyef/284298/.
Computing Integrals
Basis Set                                            = def2-qzvp
Auxiliary Basis Set                                  = def2-universal-jkfit
Gaussian Type                                        = Spherical
Elapsed time:    2.09 Seconds

Number of basis functions                   (NBF)    = 87
Number of auxiliary basis functions         (NBFAUX) = 95
Inactive Doubly occupied orbitals up to     (NO1)    = 0
No. considered Strongly Doubly occupied MOs (NDOC)   = 5
No. considered Strongly Singly occupied MOs (NSOC)   = 0
NO. of Weakly occ. per St. Doubly occ.  MOs (NCWO)   = 16
Dimension of the Nat. Orb. subspace         (NBF5)   = 85
No. of electrons                                     = 10
    No. of alpha electrons                           = 5
    No. of beta electrons                            = 5
Multiplicity                                         = 1

Geometry
========
 F       0.0000000       0.0000000       0.4576912
 H       0.0000000       0.0000000      -0.4576912

No violations of the orthonormality
No violations of the orthonormality
 
PNOF8/ADABelief Calculation
==================
 
  Nitext  Nit_orb  Time   Nit_occ  Time         Eelec          Etot           Ediff      maxdiff    MaxGrad_orb  Grad_occ
     1      10    1.6e+01   31    2.0e+01  -105.52899937  -100.32616291 -10104.52899937   0.025243   1.0e-01   1.9e-04 0.03
     2      20    1.2e-01   14    6.7e-02  -105.57980886  -100.37697241    -0.05080949   0.126566   5.1e-01   2.6e-04 0.03
     3      20    2.0e-01   22    1.2e-01  -105.59291334  -100.39007688    -0.01310448   0.045854   1.8e-01   2.2e-04 0.03
     4      20    9.8e-02   14    7.6e-02  -105.59959681  -100.39676035    -0.00668347   0.029311   1.2e-01   2.0e-04 0.03
     5      20    1.6e-01   13    1.0e-01  -105.60317174  -100.40033529    -0.00357493   0.022733   9.1e-02   1.5e-04 0.03
     6      20    1.2e-01    7    3.1e-02  -105.60536783  -100.40253137    -0.00219608   0.030904   1.2e-01   1.8e-04 0.03
     7      20    7.5e-02   10    4.7e-02  -105.60621204  -100.40337559    -0.00084422   0.016526   6.6e-02   1.6e-04 0.03
     8      20    7.9e-02    5    3.3e-02  -105.60674706  -100.40391060    -0.00053502   0.018460   7.4e-02   1.4e-04 0.03
     9      20    9.6e-02    4    2.5e-02  -105.60706610  -100.40422964    -0.00031904   0.017959   7.2e-02   1.9e-04 0.03
    10      20    8.3e-02    5    2.8e-02  -105.60711615  -100.40427970    -0.00005005   0.019569   7.8e-02   1.2e-04 0.03
    11      20    1.3e-01    3    1.1e-02  -105.60717125  -100.40433479    -0.00005509   0.019095   7.6e-02   1.5e-04 0.03
    12      20    9.2e-02    5    3.0e-02  -105.60751801  -100.40468156    -0.00034677   0.020457   8.2e-02   1.6e-04 0.03
    13      20    9.8e-02    7    3.2e-02  -105.60758832  -100.40475186    -0.00007030   0.018175   7.3e-02   2.0e-04 0.03
    14      20    1.1e-01    7    3.9e-02  -105.60799229  -100.40515583    -0.00040398   0.017959   7.2e-02   1.5e-04 0.03
    15      20    9.5e-02    3    1.9e-02  -105.60810212  -100.40526566    -0.00010983   0.014754   5.9e-02   1.4e-04 0.03
    16      20    1.0e-01    0    5.0e-03  -105.60810711  -100.40527065    -0.00000499   0.014754   5.9e-02   1.4e-04 0.03
    17      40    1.9e-01    3    1.8e-02  -105.60860384  -100.40576738    -0.00049673   0.002881   1.2e-02   1.6e-04 0.03
    18      40    1.7e-01    0    1.0e-02  -105.60860699  -100.40577054    -0.00000316   0.002881   1.2e-02   1.6e-04 0.03
    19      36    1.6e-01    0    9.9e-03  -105.60861911  -100.40578265    -0.00001211   0.000491   2.0e-03   1.7e-04 0.03
 
RESULTS OF THE OCCUPATION OPTIMIZATION
========================================
   1    1.9999851  -26.34611851
   2    1.9867345  -1.62312965
   3    1.9671546  -0.84990842
   4    1.9776114  -0.70631437
   5    1.9755173  -0.70499280
   6    0.0133857  -0.02262900
   7    0.0141705  -0.02318195
   8    0.0240136  -0.03843119
   9    0.0088988  -0.02438387
  10    0.0000135  -0.00052201
  11    0.0048278  -0.01075214
  12    0.0052005  -0.01068629
  13    0.0041199  -0.00938998
  14    0.0013462  -0.00561082
  15    0.0000006  -0.00002913
  16    0.0047979  -0.01071458
  17    0.0010032  -0.00339015
  18    0.0039285  -0.00929760
  19    0.0009002  -0.00350610
  20    0.0000003  -0.00003447
  21    0.0007380  -0.00321910
  22    0.0006965  -0.00411855
  23    0.0003062  -0.00119048
  24    0.0005053  -0.00179044
  25    0.0000001  -0.00000241
  26    0.0003097  -0.00110244
  27    0.0003522  -0.00123541
  28    0.0002971  -0.00116530
  29    0.0004673  -0.00162483
  30    0.0000001  -0.00000169
  31    0.0001701  -0.00087535
  32    0.0003313  -0.00114738
  33    0.0000606  -0.00014657
  34    0.0003066  -0.00122526
  35    0.0000001  -0.00000127
  36    0.0000810  -0.00033483
  37    0.0003154  -0.00109318
  38    0.0000402  -0.00010390
  39    0.0003048  -0.00122893
  40    0.0000001  -0.00000146
  41    0.0000378  -0.00017575
  42    0.0001089  -0.00048629
  43    0.0000178  -0.00015682
  44    0.0002961  -0.00119988
  45    0.0000000  -0.00000112
  46    0.0000332  -0.00017989
  47    0.0000763  -0.00036133
  48    0.0000165  -0.00013667
  49    0.0001033  -0.00141199
  50    0.0000000  -0.00000092
  51    0.0000205  -0.00013241
  52    0.0000326  -0.00016906
  53    0.0000146  -0.00010469
  54    0.0000397  -0.00019560
  55    0.0000000  -0.00000088
  56    0.0000186  -0.00013227
  57    0.0000220  -0.00015624
  58    0.0000097  -0.00004039
  59    0.0000195  -0.00014604
  60    0.0000000  -0.00000085
  61    0.0000171  -0.00012082
  62    0.0000194  -0.00012670
  63    0.0000067  -0.00000637
  64    0.0000191  -0.00014185
  65    0.0000000  -0.00000072
  66    0.0000137  -0.00006875
  67    0.0000187  -0.00012501
  68    0.0000045  -0.00000846
  69    0.0000184  -0.00013638
  70    0.0000000  -0.00000056
  71    0.0000124  -0.00007098
  72    0.0000174  -0.00011060
  73    0.0000035  -0.00001574
  74    0.0000166  -0.00012779
  75    0.0000000  -0.00000065
  76    0.0000113  -0.00004949
  77    0.0000145  -0.00007990
  78    0.0000032  -0.00001366
  79    0.0000151  -0.00012767
  80    0.0000000  -0.00000061
  81    0.0000080  -0.00004575
  82    0.0000091  -0.00005755
  83    0.0000028  -0.00000914
  84    0.0000086  -0.00005162
  85    0.0000000  -0.00000055
 
----------------
 Final Energies 
----------------
Final NOF Total Energy =    -100.4057826
 
Total Orbital Internal Iterations = 426
Total Occupation Internal Iterations = 153
 
Elapsed time:   51.29 Seconds

---------------------------------
   Lowdin Population Analysis    
---------------------------------
 Idx  Atom   Population   Charge 
---------------------------------
  1     F     8.510       0.490
  2     H     1.490      -0.490

---------------------------------
   M Diagnostic: 0.03
---------------------------------

Recovering execution output...
Moving from /scratch/pobleyef/284298 to /home-nas/pobleyef/Poison-NOF/ncwomax/P30-5/GNOFm25/arina.284298
mkdir -p /home-nas/pobleyef/Poison-NOF/ncwomax/P30-5/GNOFm25/arina.284298
mv /scratch/pobleyef/284298/* /home-nas/pobleyef/Poison-NOF/ncwomax/P30-5/GNOFm25/arina.284298
