G2RC_20_1
/software/eb2024/easybuild/software/common/software/Julia/1.11.3-linux-x86_64/bin/julia
Job runing on na10
Choosing scratch ...
Automatic scratch folder selection
/scratch/pobleyef/211021
/scratch/pobleyef/211021 directory
cp G2RC_20_1.jl G2RC_20_1.jld2 to  /scratch/pobleyef/211021/.
Computing Integrals
Elapsed time:    5.11 Seconds

Number of basis functions                   (NBF)    = 60
Number of auxiliary basis functions         (NBFAUX) = 36
Inactive Doubly occupied orbitals up to     (NO1)    = 0
No. considered Strongly Doubly occupied MOs (NDOC)   = 1
No. considered Strongly Singly occupied MOs (NSOC)   = 0
NO. of Weakly occ. per St. Doubly occ.  MOs (NCWO)   = 59
Dimension of the Nat. Orb. subspace         (NBF5)   = 60
No. of electrons                                     = 2
    No. of alpha electrons                           = 1
    No. of beta electrons                            = 1
Multiplicity                                         = 1

Geometry
========
 H       0.0000000       0.0000000      -0.3715911
 H       0.0000000       0.0000000       0.3715911

No violations of the orthonormality
No violations of the orthonormality
 
PNOF9/ADABelief Calculation
==================
 
  Nitext  Nit_orb  Time   Nit_occ  Time         Eelec          Etot           Ediff      maxdiff    MaxGrad_orb  Grad_occ
     1      10    1.9e+01    0    2.3e+01    -1.88506715    -1.17302634 -10000.88506715   0.000213   8.5e-04   1.1e-04 0.03
 
RESULTS OF THE OCCUPATION OPTIMIZATION
========================================
   1    1.9636992  -0.62011227
   2    0.0203020  -0.01392995
   3    0.0061976  -0.00533654
   4    0.0043314  -0.00374954
   5    0.0043189  -0.00374847
   6    0.0001812  -0.00024496
   7    0.0001439  -0.00023654
   8    0.0001401  -0.00022931
   9    0.0001231  -0.00018869
  10    0.0001019  -0.00021111
  11    0.0000821  -0.00016296
  12    0.0000818  -0.00016266
  13    0.0000642  -0.00012697
  14    0.0000561  -0.00010733
  15    0.0000441  -0.00004209
  16    0.0000232  -0.00003005
  17    0.0000112  -0.00003197
  18    0.0000089  -0.00002622
  19    0.0000080  -0.00002716
  20    0.0000071  -0.00002585
  21    0.0000070  -0.00002577
  22    0.0000070  -0.00002520
  23    0.0000056  -0.00002405
  24    0.0000054  -0.00001862
  25    0.0000043  -0.00000413
  26    0.0000038  -0.00000948
  27    0.0000038  -0.00000796
  28    0.0000035  -0.00000532
  29    0.0000029  -0.00000443
  30    0.0000028  -0.00000388
  31    0.0000026  -0.00000455
  32    0.0000017  -0.00000466
  33    0.0000016  -0.00000384
  34    0.0000016  -0.00000095
  35    0.0000014  -0.00000034
  36    0.0000013  0.00000075
  37    0.0000013  0.00000038
  38    0.0000011  0.00000160
  39    0.0000011  0.00000131
  40    0.0000010  0.00000144
  41    0.0000010  0.00000218
  42    0.0000009  0.00000153
  43    0.0000009  0.00000269
  44    0.0000009  0.00000176
  45    0.0000009  0.00000264
  46    0.0000009  0.00000462
  47    0.0000007  0.00000388
  48    0.0000007  0.00000373
  49    0.0000007  0.00000354
  50    0.0000006  0.00000394
  51    0.0000006  0.00000378
  52    0.0000006  0.00000321
  53    0.0000006  0.00000335
  54    0.0000005  0.00000285
  55    0.0000005  0.00000297
  56    0.0000004  0.00000315
  57    0.0000004  0.00000312
  58    0.0000004  0.00000230
  59    0.0000004  0.00000236
  60    0.0000003  0.00000319
 
----------------
 Final Energies 
----------------
Final NOF Total Energy =      -1.1730263
 
Total Orbital Internal Iterations = 10
Total Occupation Internal Iterations = 0
 
Elapsed time:   53.99 Seconds

---------------------------------
   Lowdin Population Analysis    
---------------------------------
 Idx  Atom   Population   Charge 
---------------------------------
  1     H     1.000      -0.000
  2     H     1.000       0.000

---------------------------------
   M Diagnostic: 0.03
---------------------------------

Recovering execution output...
Moving from /scratch/pobleyef/211021 to /home-nas/pobleyef/Poison-NOF/ncwomax/P30-5/GNOFm25/arina.211021
mkdir -p /home-nas/pobleyef/Poison-NOF/ncwomax/P30-5/GNOFm25/arina.211021
mv /scratch/pobleyef/211021/* /home-nas/pobleyef/Poison-NOF/ncwomax/P30-5/GNOFm25/arina.211021
