Computing Integrals
Basis Set                                            = def2-qzvp
Auxiliary Basis Set                                  = def2-universal-jkfit
Gaussian Type                                        = Spherical
Elapsed time:    5.20 Seconds

Number of basis functions                   (NBF)    = 298
Number of auxiliary basis functions         (NBFAUX) = 436
Inactive Doubly occupied orbitals up to     (NO1)    = 0
No. considered Strongly Doubly occupied MOs (NDOC)   = 25
No. considered Strongly Singly occupied MOs (NSOC)   = 0
NO. of Weakly occ. per St. Doubly occ.  MOs (NCWO)   = 10
Dimension of the Nat. Orb. subspace         (NBF5)   = 275
No. of electrons                                     = 50
    No. of alpha electrons                           = 25
    No. of beta electrons                            = 25
Multiplicity                                         = 1

Geometry
========
Si       0.0000000       0.0000000       0.0000000
 F       0.9102019      -0.9102019       0.9102019
 F      -0.9102019       0.9102019       0.9102019
 F      -0.9102019      -0.9102019      -0.9102019
 F       0.9102019       0.9102019      -0.9102019

No violations of the orthonormality
No violations of the orthonormality
 
PNOF8/ADABelief Calculation
==================
 
  Nitext  Nit_orb  Time   Nit_occ  Time         Eelec          Etot           Ediff      maxdiff    MaxGrad_orb  Grad_occ
     1      10    2.6e+01    0    2.8e+01  -957.92062369  -688.84977410 -10956.92062369   0.000651   2.6e-03   3.4e-04 0.03
 
RESULTS OF THE OCCUPATION OPTIMIZATION
========================================
   1    1.9999960  -68.97777352
   2    1.9999750  -26.38310436
   3    1.9999709  -26.38310373
   4    1.9999681  -26.38309645
   5    1.9999718  -26.38309027
   6    1.9984787  -6.27397099
   7    1.9976193  -4.38789269
   8    1.9974262  -4.38723272
   9    1.9977186  -4.38711598
  10    1.9855074  -1.66272625
  11    1.9853321  -1.66042427
  12    1.9854918  -1.65766444
  13    1.9838374  -1.64604839
  14    1.9777291  -0.83695670
  15    1.9681368  -0.80999564
  16    1.9687897  -0.80408544
  17    1.9689342  -0.80045913
  18    1.9772917  -0.80039184
  19    1.9781777  -0.80003325
  20    1.9773023  -0.79493537
  21    1.9680154  -0.79346226
  22    1.9766429  -0.78624884
  23    1.9764771  -0.78056536
  24    1.9755149  -0.75311606
  25    1.9745288  -0.74655497
  26    0.0137326  -0.02338514
  27    0.0129301  -0.02249822
  28    0.0086781  -0.01781535
  29    0.0112300  -0.02073377
  30    0.0243951  -0.04565386
  31    0.0143623  -0.02406872
  32    0.0124449  -0.02187145
  33    0.0099417  -0.01925363
  34    0.0235221  -0.04446248
  35    0.0268280  -0.04847232
  36    0.0271713  -0.04922062
  37    0.0135102  -0.02350366
  38    0.0076847  -0.02323033
  39    0.0084851  -0.02385337
  40    0.0081060  -0.02357405
  41    0.0082915  -0.02381051
  42    0.0018627  -0.01163284
  43    0.0018348  -0.01148287
  44    0.0020233  -0.01240497
  45    0.0013378  -0.00992523
  46    0.0000073  -0.00026248
  47    0.0000070  -0.00024595
  48    0.0000064  -0.00022926
  49    0.0000074  -0.00028788
  50    0.0000027  -0.00027330
  51    0.0049445  -0.01080802
  52    0.0048981  -0.01051255
  53    0.0047243  -0.01122728
  54    0.0052629  -0.01266188
  55    0.0034922  -0.00914522
  56    0.0053722  -0.01320220
  57    0.0050808  -0.01183668
  58    0.0052892  -0.01358396
  59    0.0034449  -0.00939289
  60    0.0032062  -0.00930835
  61    0.0035170  -0.00929990
  62    0.0056473  -0.01449764
  63    0.0034700  -0.01134271
  64    0.0037763  -0.01038540
  65    0.0037230  -0.01156610
  66    0.0037905  -0.01147549
  67    0.0001509  -0.00164318
  68    0.0005081  -0.00767402
  69    0.0001344  -0.00130947
  70    0.0000952  -0.00210703
  71    0.0000044  -0.00009820
  72    0.0000043  -0.00010576
  73    0.0000044  -0.00011780
  74    0.0000043  -0.00011607
  75    0.0000003  -0.00004871
  76    0.0048542  -0.01048175
  77    0.0048834  -0.01149827
  78    0.0046473  -0.01166847
  79    0.0046924  -0.01058436
  80    0.0033622  -0.00919054
  81    0.0008718  -0.00335385
  82    0.0013158  -0.00552791
  83    0.0048672  -0.01157286
  84    0.0031987  -0.00908587
  85    0.0002751  -0.00107505
  86    0.0002747  -0.00104839
  87    0.0012852  -0.00534556
  88    0.0032713  -0.01122285
  89    0.0007369  -0.00472481
  90    0.0007447  -0.00380458
  91    0.0006878  -0.00462827
  92    0.0001431  -0.00214088
  93    0.0000757  -0.00167409
  94    0.0000761  -0.00167993
  95    0.0000118  -0.00015442
  96    0.0000037  -0.00008698
  97    0.0000041  -0.00010611
  98    0.0000042  -0.00009475
  99    0.0000035  -0.00008632
 100    0.0000002  -0.00004476
 101    0.0009383  -0.00339358
 102    0.0006096  -0.00237312
 103    0.0043599  -0.01115694
 104    0.0009873  -0.00375643
 105    0.0002561  -0.00105948
 106    0.0007098  -0.00367293
 107    0.0012906  -0.00553249
 108    0.0012447  -0.00485627
 109    0.0002536  -0.00103684
 110    0.0002737  -0.00108527
 111    0.0002624  -0.00106175
 112    0.0005275  -0.00194883
 113    0.0006947  -0.00344191
 114    0.0005416  -0.00333470
 115    0.0007127  -0.00315186
 116    0.0005928  -0.00390648
 117    0.0000412  -0.00112428
 118    0.0000433  -0.00039669
 119    0.0000646  -0.00153100
 120    0.0000116  -0.00013624
 121    0.0000030  -0.00006880
 122    0.0000034  -0.00008114
 123    0.0000041  -0.00009735
 124    0.0000031  -0.00007031
 125    0.0000002  -0.00002003
 126    0.0004619  -0.00162475
 127    0.0004633  -0.00160879
 128    0.0006056  -0.00220425
 129    0.0004077  -0.00146823
 130    0.0002500  -0.00102237
 131    0.0005065  -0.00171516
 132    0.0007218  -0.00384867
 133    0.0005689  -0.00194815
 134    0.0002515  -0.00104964
 135    0.0002643  -0.00107671
 136    0.0002594  -0.00102489
 137    0.0004888  -0.00171859
 138    0.0003932  -0.00185385
 139    0.0003620  -0.00151857
 140    0.0006236  -0.00547796
 141    0.0004041  -0.00172485
 142    0.0000211  -0.00020953
 143    0.0000389  -0.00056008
 144    0.0000170  -0.00026555
 145    0.0000113  -0.00013156
 146    0.0000025  -0.00005355
 147    0.0000033  -0.00007254
 148    0.0000033  -0.00007892
 149    0.0000017  -0.00003437
 150    0.0000002  -0.00000868
 151    0.0003106  -0.00112272
 152    0.0003263  -0.00116700
 153    0.0003009  -0.00111385
 154    0.0003181  -0.00115184
 155    0.0000957  -0.00038797
 156    0.0004609  -0.00160267
 157    0.0005015  -0.00178585
 158    0.0003262  -0.00119852
 159    0.0002488  -0.00101796
 160    0.0002592  -0.00105218
 161    0.0002550  -0.00104262
 162    0.0003718  -0.00130438
 163    0.0003032  -0.00126210
 164    0.0003026  -0.00121497
 165    0.0003638  -0.00150246
 166    0.0003088  -0.00124476
 167    0.0000136  -0.00017142
 168    0.0000231  -0.00022021
 169    0.0000145  -0.00015036
 170    0.0000111  -0.00012996
 171    0.0000020  -0.00003812
 172    0.0000028  -0.00006442
 173    0.0000026  -0.00005674
 174    0.0000015  -0.00003058
 175    0.0000001  -0.00000455
 176    0.0001378  -0.00059220
 177    0.0003126  -0.00112833
 178    0.0001134  -0.00051369
 179    0.0003177  -0.00114969
 180    0.0000845  -0.00033216
 181    0.0003381  -0.00119239
 182    0.0003565  -0.00124279
 183    0.0003116  -0.00115468
 184    0.0000968  -0.00042570
 185    0.0000522  -0.00020961
 186    0.0000697  -0.00030596
 187    0.0003266  -0.00119075
 188    0.0002709  -0.00118930
 189    0.0002154  -0.00116404
 190    0.0002889  -0.00119109
 191    0.0003029  -0.00121820
 192    0.0000127  -0.00015823
 193    0.0000131  -0.00013996
 194    0.0000130  -0.00013975
 195    0.0000107  -0.00013121
 196    0.0000017  -0.00003449
 197    0.0000023  -0.00005125
 198    0.0000013  -0.00002684
 199    0.0000011  -0.00002142
 200    0.0000001  -0.00000408
 201    0.0000499  -0.00021305
 202    0.0000241  -0.00017660
 203    0.0000469  -0.00023732
 204    0.0000895  -0.00043017
 205    0.0000165  -0.00012277
 206    0.0000359  -0.00021402
 207    0.0000636  -0.00032159
 208    0.0001163  -0.00048591
 209    0.0000167  -0.00012032
 210    0.0000179  -0.00012976
 211    0.0000214  -0.00015665
 212    0.0000519  -0.00024140
 213    0.0000346  -0.00022405
 214    0.0000360  -0.00021681
 215    0.0000617  -0.00034614
 216    0.0000587  -0.00032278
 217    0.0000121  -0.00013378
 218    0.0000123  -0.00013372
 219    0.0000127  -0.00013606
 220    0.0000107  -0.00014227
 221    0.0000015  -0.00003046
 222    0.0000022  -0.00004917
 223    0.0000012  -0.00002366
 224    0.0000010  -0.00001781
 225    0.0000001  -0.00000402
 226    0.0000214  -0.00016924
 227    0.0000192  -0.00015117
 228    0.0000235  -0.00017412
 229    0.0000281  -0.00018054
 230    0.0000163  -0.00012231
 231    0.0000207  -0.00014879
 232    0.0000241  -0.00017345
 233    0.0000222  -0.00016972
 234    0.0000166  -0.00012402
 235    0.0000171  -0.00012614
 236    0.0000165  -0.00012394
 237    0.0000343  -0.00021213
 238    0.0000205  -0.00017996
 239    0.0000264  -0.00020209
 240    0.0000226  -0.00018587
 241    0.0000299  -0.00021225
 242    0.0000120  -0.00013352
 243    0.0000123  -0.00013267
 244    0.0000126  -0.00018441
 245    0.0000107  -0.00021052
 246    0.0000013  -0.00002480
 247    0.0000017  -0.00003246
 248    0.0000010  -0.00001858
 249    0.0000008  -0.00001656
 250    0.0000001  -0.00000319
 251    0.0000199  -0.00014880
 252    0.0000182  -0.00013527
 253    0.0000230  -0.00017814
 254    0.0000234  -0.00017314
 255    0.0000160  -0.00011818
 256    0.0000195  -0.00013651
 257    0.0000226  -0.00016059
 258    0.0000202  -0.00015112
 259    0.0000162  -0.00011956
 260    0.0000168  -0.00012378
 261    0.0000158  -0.00011991
 262    0.0000274  -0.00017883
 263    0.0000195  -0.00017758
 264    0.0000260  -0.00020534
 265    0.0000209  -0.00017339
 266    0.0000256  -0.00019945
 267    0.0000120  -0.00013396
 268    0.0000122  -0.00013201
 269    0.0000123  -0.00029910
 270    0.0000105  -0.00034268
 271    0.0000009  -0.00001403
 272    0.0000009  -0.00001790
 273    0.0000006  -0.00004244
 274    0.0000005  -0.00005317
 275    0.0000001  -0.00000311
 
----------------
 Final Energies 
----------------
Final NOF Total Energy =    -688.8497741
 
Total Orbital Internal Iterations = 10
Total Occupation Internal Iterations = 0
 
Elapsed time:   70.75 Seconds

---------------------------------
   Lowdin Population Analysis    
---------------------------------
 Idx  Atom   Population   Charge 
---------------------------------
  1    Si    15.197      -1.197
  2     F     8.702       0.298
  3     F     8.701       0.299
  4     F     8.700       0.300
  5     F     8.700       0.300

---------------------------------
   M Diagnostic: 0.03
---------------------------------

