G2RC-34
/software/eb2024/easybuild/software/common/software/Julia/1.11.3-linux-x86_64/bin/julia
Job runing on na11
Choosing scratch ...
Automatic scratch folder selection
/scratch/pobleyef/284307
/scratch/pobleyef/284307 directory
cp G2RC-34.jl G2RC-34.jld2 to  /scratch/pobleyef/284307/.
Computing Integrals
Basis Set                                            = def2-qzvp
Auxiliary Basis Set                                  = def2-universal-jkfit
Gaussian Type                                        = Spherical
Elapsed time:    3.51 Seconds

Number of basis functions                   (NBF)    = 114
Number of auxiliary basis functions         (NBFAUX) = 154
Inactive Doubly occupied orbitals up to     (NO1)    = 0
No. considered Strongly Doubly occupied MOs (NDOC)   = 7
No. considered Strongly Singly occupied MOs (NSOC)   = 0
NO. of Weakly occ. per St. Doubly occ.  MOs (NCWO)   = 15
Dimension of the Nat. Orb. subspace         (NBF5)   = 112
No. of electrons                                     = 14
    No. of alpha electrons                           = 7
    No. of beta electrons                            = 7
Multiplicity                                         = 1

Geometry
========
 N       0.0000000       0.0000000      -0.5454291
 N       0.0000000       0.0000000       0.5454291

No violations of the orthonormality
No violations of the orthonormality
 
PNOF8/ADABelief Calculation
==================
 
  Nitext  Nit_orb  Time   Nit_occ  Time         Eelec          Etot           Ediff      maxdiff    MaxGrad_orb  Grad_occ
     1      10    3.3e+01   48    2.2e+01  -133.08043025  -109.31049505 -10132.08043025   0.025037   1.0e-01   2.6e-04 0.05
     2      20    2.4e+01   36    5.1e-01  -133.20859091  -109.43865570    -0.12816065   0.011379   4.6e-02   1.8e-04 0.05
     3      20    2.9e+01   16    3.0e-01  -133.22079265  -109.45085744    -0.01220174   0.128460   5.1e-01   2.3e-04 0.05
     4      20    2.6e+01   16    3.8e-01  -133.22703937  -109.45710417    -0.00624673   0.021095   8.4e-02   1.9e-04 0.04
     5      20    2.8e+01   15    4.3e-01  -133.22837151  -109.45843630    -0.00133213   0.023316   9.3e-02   1.9e-04 0.04
     6      20    2.7e+01   10    2.6e-01  -133.22972705  -109.45979184    -0.00135554   0.020329   8.1e-02   2.5e-04 0.04
     7      20    3.0e+01   23    4.4e-01  -133.23124960  -109.46131440    -0.00152256   0.017853   7.1e-02   1.6e-04 0.04
     8      20    3.0e+01    6    1.2e-01  -133.23221111  -109.46227590    -0.00096150   0.015157   6.1e-02   2.1e-04 0.04
     9      20    2.7e+01    6    1.7e-01  -133.23386139  -109.46392619    -0.00165029   0.016177   6.5e-02   1.9e-04 0.04
    10      20    2.7e+01    6    1.7e-01  -133.23442413  -109.46448893    -0.00056274   0.014789   5.9e-02   1.9e-04 0.04
    11      20    2.8e+01    3    9.2e-02  -133.23472156  -109.46478635    -0.00029743   0.017853   7.1e-02   2.2e-04 0.04
    12      20    2.7e+01    6    2.2e-01  -133.23483531  -109.46490010    -0.00011375   0.017933   7.2e-02   1.9e-04 0.04
    13      20    2.4e+01    3    7.6e-02  -133.23528610  -109.46535089    -0.00045079   0.015573   6.2e-02   1.8e-04 0.04
    14      20    2.3e+01    0    2.8e-02  -133.23529236  -109.46535715    -0.00000626   0.015573   6.2e-02   1.8e-04 0.04
    15      40    5.3e+01    0    4.8e-02  -133.23647424  -109.46653904    -0.00118188   0.001238   5.0e-03   2.2e-04 0.04
    16      50    6.3e+01    0    4.0e-02  -133.23647424  -109.46653904     0.00000000   0.001238   5.0e-03   2.2e-04 0.04
    17      58    7.3e+01    0    1.6e-02  -133.23648997  -109.46655476    -0.00001573   0.000489   2.0e-03   2.4e-04 0.04
 
RESULTS OF THE OCCUPATION OPTIMIZATION
========================================
   1    1.9999380  -15.68526641
   2    1.9999378  -15.68216052
   3    1.9791107  -1.46898556
   4    1.9797463  -0.80872818
   5    1.9761583  -0.69175105
   6    1.9535828  -0.65140018
   7    1.9524474  -0.65017391
   8    0.0373142  -0.04975087
   9    0.0415667  -0.05299856
  10    0.0104209  -0.01957225
  11    0.0072792  -0.01512659
  12    0.0156942  -0.03350336
  13    0.0000435  -0.00113092
  14    0.0000428  -0.00111537
  15    0.0039287  -0.00746767
  16    0.0041831  -0.00775289
  17    0.0060526  -0.01069540
  18    0.0043061  -0.00788440
  19    0.0030051  -0.00765193
  20    0.0000047  -0.00010214
  21    0.0000057  -0.00010026
  22    0.0031218  -0.00586191
  23    0.0002441  -0.00063641
  24    0.0020739  -0.00467971
  25    0.0020302  -0.00476685
  26    0.0005634  -0.00444751
  27    0.0000038  -0.00006384
  28    0.0000040  -0.00008322
  29    0.0030262  -0.00566497
  30    0.0002437  -0.00063499
  31    0.0017699  -0.00421712
  32    0.0015270  -0.00641472
  33    0.0005111  -0.00172392
  34    0.0000037  -0.00006682
  35    0.0000039  -0.00005315
  36    0.0000265  -0.00011884
  37    0.0000266  -0.00012442
  38    0.0007037  -0.00301090
  39    0.0015146  -0.00326807
  40    0.0002436  -0.00080424
  41    0.0000033  -0.00004959
  42    0.0000027  -0.00004522
  43    0.0000239  -0.00011783
  44    0.0000227  -0.00011171
  45    0.0006596  -0.00190179
  46    0.0013583  -0.00273483
  47    0.0001873  -0.00058065
  48    0.0000007  -0.00002541
  49    0.0000006  -0.00001976
  50    0.0000214  -0.00010815
  51    0.0000199  -0.00009554
  52    0.0005817  -0.00173490
  53    0.0006957  -0.00209649
  54    0.0001190  -0.00044312
  55    0.0000005  -0.00001650
  56    0.0000006  -0.00001904
  57    0.0000152  -0.00008156
  58    0.0000195  -0.00010477
  59    0.0003345  -0.00101335
  60    0.0004195  -0.00192459
  61    0.0001106  -0.00041946
  62    0.0000005  -0.00002583
  63    0.0000004  -0.00003661
  64    0.0000134  -0.00006648
  65    0.0000164  -0.00008962
  66    0.0003301  -0.00090086
  67    0.0003420  -0.00088476
  68    0.0001089  -0.00041447
  69    0.0000004  -0.00003640
  70    0.0000003  -0.00001250
  71    0.0000130  -0.00006655
  72    0.0000148  -0.00007624
  73    0.0002454  -0.00118078
  74    0.0003013  -0.00079458
  75    0.0000936  -0.00042097
  76    0.0000003  -0.00001139
  77    0.0000002  -0.00001015
  78    0.0000105  -0.00006244
  79    0.0000136  -0.00006778
  80    0.0002171  -0.00058958
  81    0.0001472  -0.00046389
  82    0.0000935  -0.00040637
  83    0.0000002  -0.00000599
  84    0.0000002  -0.00000265
  85    0.0000104  -0.00005990
  86    0.0000132  -0.00006843
  87    0.0001657  -0.00049289
  88    0.0001435  -0.00045701
  89    0.0000537  -0.00026222
  90    0.0000002  -0.00000568
  91    0.0000002  -0.00000216
  92    0.0000101  -0.00005514
  93    0.0000112  -0.00006050
  94    0.0001314  -0.00046343
  95    0.0001112  -0.00040381
  96    0.0000503  -0.00025636
  97    0.0000002  -0.00000283
  98    0.0000002  -0.00000201
  99    0.0000096  -0.00005476
 100    0.0000108  -0.00005907
 101    0.0001240  -0.00040950
 102    0.0000423  -0.00020224
 103    0.0000310  -0.00017997
 104    0.0000002  -0.00000232
 105    0.0000001  -0.00000109
 106    0.0000076  -0.00004682
 107    0.0000107  -0.00005870
 108    0.0000312  -0.00013685
 109    0.0000356  -0.00013662
 110    0.0000240  -0.00012683
 111    0.0000001  -0.00000079
 112    0.0000001  -0.00000071
 
----------------
 Final Energies 
----------------
Final NOF Total Energy =    -109.4665548
 
Total Orbital Internal Iterations = 418
Total Occupation Internal Iterations = 194
 
Elapsed time:  611.17 Seconds

---------------------------------
   Lowdin Population Analysis    
---------------------------------
 Idx  Atom   Population   Charge 
---------------------------------
  1     N     7.000      -0.000
  2     N     7.000       0.000

---------------------------------
   M Diagnostic: 0.04
---------------------------------

Recovering execution output...
Moving from /scratch/pobleyef/284307 to /home-nas/pobleyef/Poison-NOF/ncwomax/P30-5/GNOFm25/arina.284307
mkdir -p /home-nas/pobleyef/Poison-NOF/ncwomax/P30-5/GNOFm25/arina.284307
mv /scratch/pobleyef/284307/* /home-nas/pobleyef/Poison-NOF/ncwomax/P30-5/GNOFm25/arina.284307
