G2RC_20_13
/software/eb2024/easybuild/software/common/software/Julia/1.11.3-linux-x86_64/bin/julia
Job runing on na22
Choosing scratch ...
Automatic scratch folder selection
/scratch/pobleyef/211020
/scratch/pobleyef/211020 directory
cp G2RC_20_13.jl G2RC_20_13.jld2 to  /scratch/pobleyef/211020/.
Computing Integrals
Elapsed time:    6.62 Seconds

Number of basis functions                   (NBF)    = 117
Number of auxiliary basis functions         (NBFAUX) = 113
Inactive Doubly occupied orbitals up to     (NO1)    = 0
No. considered Strongly Doubly occupied MOs (NDOC)   = 5
No. considered Strongly Singly occupied MOs (NSOC)   = 0
NO. of Weakly occ. per St. Doubly occ.  MOs (NCWO)   = 22
Dimension of the Nat. Orb. subspace         (NBF5)   = 115
No. of electrons                                     = 10
    No. of alpha electrons                           = 5
    No. of beta electrons                            = 5
Multiplicity                                         = 1

Geometry
========
 O       0.0000000       0.0000000      -0.3906056
 H      -0.7620804       0.0000000       0.1953028
 H       0.7620804       0.0000000       0.1953028

No violations of the orthonormality
No violations of the orthonormality
 
PNOF9/ADABelief Calculation
==================
 
  Nitext  Nit_orb  Time   Nit_occ  Time         Eelec          Etot           Ediff      maxdiff    MaxGrad_orb  Grad_occ
     1      10    6.0e+01   15    2.1e+01   -85.53200575   -76.37693635 -10084.53200575   0.001817   7.3e-03   1.5e-04 0.03
     2      20    8.6e+01    0    9.0e-02   -85.53279291   -76.37772351    -0.00078716   0.001817   7.3e-03   1.5e-04 0.03
     3      40    1.7e+02    3    5.4e-02   -85.53306780   -76.37799840    -0.00027489   0.001857   7.4e-03   1.7e-04 0.03
     4      40    1.7e+02    1    4.2e-02   -85.53314603   -76.37807663    -0.00007823   0.001909   7.6e-03   2.4e-04 0.03
     5      40    1.9e+02    5    7.7e-02   -85.53318114   -76.37811174    -0.00003511   0.001932   7.7e-03   1.2e-04 0.03
     6      40    1.7e+02    0    7.7e-02   -85.53322919   -76.37815979    -0.00004805   0.002116   8.5e-03   1.7e-04 0.03
     7      50    2.1e+02    1    3.6e-02   -85.53327018   -76.37820078    -0.00004099   0.001411   5.6e-03   1.8e-04 0.03
     8      50    2.1e+02    0    2.4e-02   -85.53328543   -76.37821602    -0.00001525   0.001583   6.3e-03   2.3e-04 0.03
     9      60    2.6e+02    4    7.5e-02   -85.53330544   -76.37823604    -0.00002002   0.001142   4.6e-03   9.1e-05 0.03
    10      60    2.8e+02    0    4.9e-02   -85.53334048   -76.37827108    -0.00003504   0.001059   4.2e-03   1.5e-04 0.03
    11      70    3.3e+02    0    2.8e-02   -85.53335048   -76.37828107    -0.00000999   0.000769   3.1e-03   1.7e-04 0.03
 
RESULTS OF THE OCCUPATION OPTIMIZATION
========================================
   1    1.9999843  -20.59458907
   2    1.9847954  -1.32331571
   3    1.9725608  -0.72596807
   4    1.9714157  -0.71830737
   5    1.9777850  -0.55093715
   6    0.0123221  -0.01943564
   7    0.0199139  -0.03055833
   8    0.0218903  -0.03209400
   9    0.0074244  -0.01908434
  10    0.0000137  -0.00055075
  11    0.0055541  -0.01036702
  12    0.0040023  -0.00821408
  13    0.0042716  -0.00847710
  14    0.0035755  -0.00864816
  15    0.0000007  -0.00000705
  16    0.0012823  -0.00371695
  17    0.0039440  -0.00819937
  18    0.0004533  -0.00122235
  19    0.0011711  -0.00520709
  20    0.0000006  -0.00000412
  21    0.0007444  -0.00332266
  22    0.0003264  -0.00096034
  23    0.0003937  -0.00115360
  24    0.0008107  -0.00289342
  25    0.0000004  -0.00003695
  26    0.0005781  -0.00151616
  27    0.0001401  -0.00050395
  28    0.0001225  -0.00041987
  29    0.0006086  -0.00201758
  30    0.0000000  -0.00000082
  31    0.0004529  -0.00133570
  32    0.0000706  -0.00026224
  33    0.0000827  -0.00036337
  34    0.0006068  -0.00250417
  35    0.0000000  -0.00000068
  36    0.0003390  -0.00099904
  37    0.0000398  -0.00014421
  38    0.0000621  -0.00024529
  39    0.0003103  -0.00110081
  40    0.0000000  -0.00000064
  41    0.0003152  -0.00091586
  42    0.0000360  -0.00015073
  43    0.0000382  -0.00016035
  44    0.0002654  -0.00094912
  45    0.0000000  -0.00000053
  46    0.0003057  -0.00088115
  47    0.0000325  -0.00014714
  48    0.0000351  -0.00016558
  49    0.0001403  -0.00154558
  50    0.0000000  -0.00000046
  51    0.0001082  -0.00038962
  52    0.0000275  -0.00013556
  53    0.0000305  -0.00014309
  54    0.0000813  -0.00035162
  55    0.0000000  -0.00000050
  56    0.0000553  -0.00021803
  57    0.0000113  -0.00006105
  58    0.0000168  -0.00011133
  59    0.0000681  -0.00031489
  60    0.0000000  -0.00000042
  61    0.0000304  -0.00013743
  62    0.0000097  -0.00004696
  63    0.0000134  -0.00007410
  64    0.0000319  -0.00016038
  65    0.0000000  -0.00000039
  66    0.0000205  -0.00010089
  67    0.0000077  -0.00002998
  68    0.0000075  -0.00004841
  69    0.0000207  -0.00011280
  70    0.0000000  -0.00000036
  71    0.0000198  -0.00009793
  72    0.0000052  -0.00002036
  73    0.0000044  -0.00001393
  74    0.0000187  -0.00010624
  75    0.0000000  -0.00000040
  76    0.0000180  -0.00011090
  77    0.0000037  -0.00001235
  78    0.0000033  -0.00001359
  79    0.0000175  -0.00010621
  80    0.0000000  -0.00000036
  81    0.0000138  -0.00006417
  82    0.0000026  -0.00001014
  83    0.0000030  -0.00001169
  84    0.0000124  -0.00006807
  85    0.0000000  -0.00000032
  86    0.0000132  -0.00006475
  87    0.0000023  -0.00000767
  88    0.0000023  -0.00000834
  89    0.0000105  -0.00006095
  90    0.0000000  -0.00000027
  91    0.0000112  -0.00005772
  92    0.0000020  -0.00000502
  93    0.0000021  -0.00000530
  94    0.0000096  -0.00005641
  95    0.0000000  -0.00000035
  96    0.0000098  -0.00005425
  97    0.0000019  -0.00000624
  98    0.0000020  -0.00000654
  99    0.0000075  -0.00004427
 100    0.0000000  -0.00000026
 101    0.0000080  -0.00004092
 102    0.0000017  -0.00000460
 103    0.0000018  -0.00000363
 104    0.0000054  -0.00003212
 105    0.0000000  -0.00000021
 106    0.0000077  -0.00004026
 107    0.0000017  -0.00000345
 108    0.0000016  -0.00000408
 109    0.0000043  -0.00002696
 110    0.0000000  -0.00000025
 111    0.0000053  -0.00002452
 112    0.0000013  -0.00000319
 113    0.0000013  -0.00000235
 114    0.0000037  -0.00001840
 115    0.0000000  -0.00000023
 
----------------
 Final Energies 
----------------
Final NOF Total Energy =     -76.3782811
 
Total Orbital Internal Iterations = 480
Total Occupation Internal Iterations = 29
 
Elapsed time: 2180.57 Seconds

---------------------------------
   Lowdin Population Analysis    
---------------------------------
 Idx  Atom   Population   Charge 
---------------------------------
  1     O     7.351       0.649
  2     H     1.323      -0.323
  3     H     1.325      -0.325

---------------------------------
   M Diagnostic: 0.03
---------------------------------

Recovering execution output...
Moving from /scratch/pobleyef/211020 to /home-nas/pobleyef/Poison-NOF/ncwomax/P30-5/GNOFm25/arina.211020
mkdir -p /home-nas/pobleyef/Poison-NOF/ncwomax/P30-5/GNOFm25/arina.211020
mv /scratch/pobleyef/211020/* /home-nas/pobleyef/Poison-NOF/ncwomax/P30-5/GNOFm25/arina.211020
