G2RC_10_67
/software/eb2024/easybuild/software/common/software/Julia/1.11.3-linux-x86_64/bin/julia
Job runing on na22
Choosing scratch ...
Automatic scratch folder selection
/scratch/pobleyef/211132
/scratch/pobleyef/211132 directory
cp G2RC_10_67.jl G2RC_10_67.jld2 to  /scratch/pobleyef/211132/.
Computing Integrals
Elapsed time:   13.08 Seconds

Number of basis functions                   (NBF)    = 350
Number of auxiliary basis functions         (NBFAUX) = 640
Inactive Doubly occupied orbitals up to     (NO1)    = 0
No. considered Strongly Doubly occupied MOs (NDOC)   = 41
No. considered Strongly Singly occupied MOs (NSOC)   = 0
NO. of Weakly occ. per St. Doubly occ.  MOs (NCWO)   = 7
Dimension of the Nat. Orb. subspace         (NBF5)   = 328
No. of electrons                                     = 82
    No. of alpha electrons                           = 41
    No. of beta electrons                            = 41
Multiplicity                                         = 1

Geometry
========
Si       0.0000000       0.0000000       0.0000000
Cl       1.1825283      -1.1825283       1.1825283
Cl      -1.1825283       1.1825283       1.1825283
Cl      -1.1825283      -1.1825283      -1.1825283
Cl       1.1825283       1.1825283      -1.1825283

No violations of the orthonormality
No violations of the orthonormality
 
PNOF9/ADABelief Calculation
==================
 
  Nitext  Nit_orb  Time   Nit_occ  Time         Eelec          Etot           Ediff      maxdiff    MaxGrad_orb  Grad_occ
     1      10    7.3e+01    0    2.0e+01 -2650.08865417 -2129.78603124 -12649.08865417   0.006772   2.7e-02   2.1e-04 0.03
     2      30    1.9e+02    0    3.5e-01 -2650.08865417 -2129.78603124     0.00000000   0.006772   2.7e-02   2.1e-04 0.03
     3      50    3.2e+02    0    3.6e-01 -2650.08865417 -2129.78603124     0.00000000   0.006772   2.7e-02   2.1e-04 0.03
     4      70    4.3e+02   10    1.5e+00 -2650.09004080 -2129.78741787    -0.00138663   0.001092   4.4e-03   2.0e-04 0.03
     5      70    4.3e+02    4    7.9e-01 -2650.09021567 -2129.78759274    -0.00017487   0.002305   9.2e-03   2.6e-04 0.03
     6      70    4.4e+02    6    1.1e+00 -2650.09041079 -2129.78778786    -0.00019512   0.002081   8.3e-03   3.0e-04 0.03
     7      70    4.3e+02    9    1.3e+00 -2650.09055308 -2129.78793014    -0.00014229   0.002202   8.8e-03   1.9e-04 0.03
     8      70    4.4e+02    3    6.9e-01 -2650.09071545 -2129.78809251    -0.00016237   0.001591   6.4e-03   1.8e-04 0.03
     9      70    4.7e+02    3    6.7e-01 -2650.09083742 -2129.78821449    -0.00012197   0.001565   6.3e-03   2.1e-04 0.03
    10      70    4.9e+02    6    1.4e+00 -2650.09096708 -2129.78834415    -0.00012966   0.001539   6.2e-03   3.3e-04 0.03
    11      70    4.7e+02    3    7.6e-01 -2650.09110157 -2129.78847864    -0.00013449   0.002133   8.5e-03   1.8e-04 0.03
    12      70    4.8e+02    3    7.6e-01 -2650.09122468 -2129.78860175    -0.00012311   0.001434   5.7e-03   2.0e-04 0.03
    13      70    4.9e+02    3    7.2e-01 -2650.09134695 -2129.78872402    -0.00012227   0.001615   6.5e-03   2.0e-04 0.03
    14      70    4.7e+02    3    7.4e-01 -2650.09147003 -2129.78884710    -0.00012308   0.001726   6.9e-03   2.4e-04 0.03
    15      70    4.7e+02    1    5.8e-01 -2650.09158345 -2129.78896052    -0.00011342   0.001981   7.9e-03   2.9e-04 0.03
    16      70    4.6e+02    3    6.5e-01 -2650.09168063 -2129.78905770    -0.00009718   0.001916   7.7e-03   2.4e-04 0.03
    17      70    4.2e+02    3    8.9e-01 -2650.09178403 -2129.78916109    -0.00010339   0.001909   7.6e-03   2.5e-04 0.03
    18      70    4.3e+02    3    6.8e-01 -2650.09188162 -2129.78925868    -0.00009759   0.002034   8.1e-03   2.5e-04 0.03
    19      70    4.4e+02    3    6.9e-01 -2650.09197598 -2129.78935305    -0.00009437   0.002047   8.2e-03   2.9e-04 0.03
    20      70    4.4e+02    9    1.5e+00 -2650.09205939 -2129.78943645    -0.00008340   0.002103   8.4e-03   1.8e-04 0.03
    21      70    4.5e+02    3    6.9e-01 -2650.09215597 -2129.78953304    -0.00009659   0.001926   7.7e-03   1.2e-04 0.03
    22      70    4.3e+02    3    8.0e-01 -2650.09221178 -2129.78958885    -0.00005580   0.002122   8.5e-03   1.4e-04 0.03
    23      70    4.2e+02    1    4.9e-01 -2650.09228116 -2129.78965823    -0.00006938   0.002079   8.3e-03   2.5e-04 0.03
    24      70    4.4e+02    3    7.4e-01 -2650.09231701 -2129.78969408    -0.00003585   0.001945   7.8e-03   1.8e-04 0.03
    25      70    4.2e+02    1    5.4e-01 -2650.09235159 -2129.78972865    -0.00003457   0.010348   4.1e-02   2.8e-04 0.03
    26      70    4.3e+02    2    6.3e-01 -2650.09237509 -2129.78975216    -0.00002351   0.002378   9.5e-03   2.2e-04 0.03
    27      70    4.2e+02    3    7.4e-01 -2650.09239905 -2129.78977611    -0.00002395   0.002029   8.1e-03   2.2e-04 0.03
    28      70    4.1e+02    1    5.8e-01 -2650.09242009 -2129.78979716    -0.00002105   0.002085   8.3e-03   1.9e-04 0.03
    29      70    4.5e+02    0    4.1e-01 -2650.09243241 -2129.78980948    -0.00001231   0.002020   8.1e-03   2.4e-04 0.03
    30      80    4.9e+02    8    1.1e+00 -2650.09246002 -2129.78983709    -0.00002761   0.001757   7.0e-03   1.6e-04 0.03
    31      80    5.3e+02    1    5.2e-01 -2650.09248561 -2129.78986268    -0.00002559   0.002064   8.3e-03   1.8e-04 0.03
    32      80    5.2e+02    0    4.1e-01 -2650.09249844 -2129.78987551    -0.00001283   0.001948   7.8e-03   1.9e-04 0.03
    33      90    5.8e+02    0    3.6e-01 -2650.09252026 -2129.78989733    -0.00002182   0.001662   6.6e-03   2.2e-04 0.03
    34     100    6.6e+02    0    3.6e-01 -2650.09253780 -2129.78991486    -0.00001754   0.001574   6.3e-03   2.7e-04 0.03
    35     110    7.2e+02    3    7.6e-01 -2650.09255563 -2129.78993270    -0.00001783   0.001359   5.4e-03   2.7e-04 0.03
    36     110    7.3e+02    6    1.0e+00 -2650.09257653 -2129.78995360    -0.00002090   0.001407   5.6e-03   2.9e-04 0.03
    37     110    7.2e+02    1    4.9e-01 -2650.09260653 -2129.78998359    -0.00003000   0.001436   5.7e-03   1.8e-04 0.03
    38     110    7.4e+02    0    3.5e-01 -2650.09261268 -2129.78998975    -0.00000616   0.001372   5.5e-03   2.0e-04 0.03
    39     120    7.6e+02    6    1.1e+00 -2650.09262436 -2129.79000143    -0.00001168   0.001230   4.9e-03   2.1e-04 0.03
    40     120    7.6e+02    0    4.3e-01 -2650.09264526 -2129.79002233    -0.00002090   0.001354   5.4e-03   2.0e-04 0.03
 
RESULTS OF THE OCCUPATION OPTIMIZATION
========================================
   1    1.9999991  -104.56041441
   2    1.9999991  -104.20173911
   3    1.9999991  -103.92943027
   4    1.9999991  -103.52210400
   5    1.9999978  -72.47651866
   6    1.9998336  -10.61161873
   7    1.9996918  -10.60793971
   8    1.9996611  -10.60570232
   9    1.9996937  -10.60381955
  10    1.9994697  -8.08152648
  11    1.9994337  -8.07559338
  12    1.9994200  -8.06485147
  13    1.9994353  -8.06476829
  14    1.9994122  -8.03378028
  15    1.9994033  -8.01873514
  16    1.9993601  -7.95933692
  17    1.9993587  -7.91445956
  18    1.9993338  -7.91225034
  19    1.9993574  -7.90127809
  20    1.9993272  -7.83482967
  21    1.9993116  -7.74179692
  22    1.9992420  -7.71815545
  23    1.9973138  -4.40165602
  24    1.9964606  -4.40016362
  25    1.9960659  -4.39958679
  26    1.9836093  -1.15121989
  27    1.9831107  -1.14733923
  28    1.9830115  -1.14285167
  29    1.9816428  -1.13272109
  30    1.9733280  -0.63843744
  31    1.9713121  -0.63040930
  32    1.9693070  -0.62144907
  33    1.9691353  -0.61326153
  34    1.9765789  -0.54661600
  35    1.9763004  -0.54449736
  36    1.9749197  -0.52851086
  37    1.9723624  -0.52667562
  38    1.9727770  -0.52650371
  39    1.9736430  -0.52648979
  40    1.9684374  -0.52544177
  41    1.9682965  -0.52529519
  42    0.0103392  -0.01808624
  43    0.0083501  -0.01731697
  44    0.0079922  -0.01782832
  45    0.0115841  -0.02021968
  46    0.0083867  -0.01715650
  47    0.0091335  -0.01766762
  48    0.0094276  -0.01968463
  49    0.0080406  -0.01817639
  50    0.0202272  -0.04029248
  51    0.0202229  -0.04025016
  52    0.0174241  -0.03755264
  53    0.0154467  -0.03575313
  54    0.0052290  -0.02648160
  55    0.0058723  -0.02866124
  56    0.0057016  -0.02844961
  57    0.0056875  -0.02865356
  58    0.0033629  -0.02852581
  59    0.0028944  -0.02062291
  60    0.0018878  -0.01118759
  61    0.0005343  -0.01098465
  62    0.0003747  -0.00812760
  63    0.0005339  -0.01090581
  64    0.0005327  -0.01099521
  65    0.0005007  -0.01045627
  66    0.0005306  -0.01096917
  67    0.0004680  -0.01005812
  68    0.0004135  -0.00928971
  69    0.0004177  -0.00932819
  70    0.0004622  -0.00996830
  71    0.0004779  -0.01029854
  72    0.0004705  -0.01007920
  73    0.0004169  -0.00929210
  74    0.0002640  -0.00647255
  75    0.0002990  -0.00735157
  76    0.0002721  -0.00669826
  77    0.0000833  -0.00158377
  78    0.0000007  -0.00003698
  79    0.0000004  -0.00001600
  80    0.0000004  -0.00001291
  81    0.0000003  -0.00001235
  82    0.0000004  -0.00001662
  83    0.0098931  -0.01741383
  84    0.0078699  -0.01631555
  85    0.0073027  -0.01686924
  86    0.0102510  -0.01874831
  87    0.0083465  -0.01699297
  88    0.0090068  -0.01856336
  89    0.0069327  -0.01907171
  90    0.0065771  -0.01977766
  91    0.0084159  -0.01687788
  92    0.0085125  -0.01691997
  93    0.0076699  -0.01642447
  94    0.0059206  -0.01540658
  95    0.0042609  -0.01853441
  96    0.0046251  -0.01921825
  97    0.0039992  -0.01856889
  98    0.0019644  -0.01048914
  99    0.0001565  -0.00137295
 100    0.0001782  -0.00172440
 101    0.0002610  -0.00586995
 102    0.0000468  -0.00037043
 103    0.0001053  -0.00122064
 104    0.0000433  -0.00032536
 105    0.0000269  -0.00020844
 106    0.0000789  -0.00240795
 107    0.0000224  -0.00017291
 108    0.0000800  -0.00316415
 109    0.0000810  -0.00322267
 110    0.0000803  -0.00317272
 111    0.0000203  -0.00017481
 112    0.0000205  -0.00015877
 113    0.0000190  -0.00031165
 114    0.0000309  -0.00028278
 115    0.0000096  -0.00016478
 116    0.0000092  -0.00026301
 117    0.0000087  -0.00009123
 118    0.0000214  -0.00033277
 119    0.0000005  -0.00001875
 120    0.0000002  -0.00001044
 121    0.0000002  -0.00001031
 122    0.0000003  -0.00001237
 123    0.0000003  -0.00001062
 124    0.0096236  -0.01695830
 125    0.0078143  -0.01558963
 126    0.0061533  -0.01818571
 127    0.0029953  -0.01003043
 128    0.0066105  -0.01857133
 129    0.0026650  -0.01005649
 130    0.0028075  -0.01062955
 131    0.0048022  -0.01781836
 132    0.0006739  -0.00175568
 133    0.0006747  -0.00175970
 134    0.0019574  -0.00853391
 135    0.0020273  -0.00916092
 136    0.0040365  -0.01822388
 137    0.0018966  -0.01039707
 138    0.0019341  -0.01043272
 139    0.0019420  -0.01074482
 140    0.0001022  -0.00103981
 141    0.0001620  -0.00154279
 142    0.0001176  -0.00122760
 143    0.0000455  -0.00035175
 144    0.0000852  -0.00096121
 145    0.0000254  -0.00025450
 146    0.0000214  -0.00020332
 147    0.0000224  -0.00020384
 148    0.0000215  -0.00017335
 149    0.0000230  -0.00017764
 150    0.0000297  -0.00026060
 151    0.0000213  -0.00016524
 152    0.0000201  -0.00017462
 153    0.0000204  -0.00016148
 154    0.0000171  -0.00015400
 155    0.0000203  -0.00019474
 156    0.0000080  -0.00012317
 157    0.0000080  -0.00009176
 158    0.0000071  -0.00014524
 159    0.0000175  -0.00014845
 160    0.0000003  -0.00001258
 161    0.0000001  -0.00000689
 162    0.0000002  -0.00000785
 163    0.0000001  -0.00000453
 164    0.0000001  -0.00000480
 165    0.0007006  -0.00174421
 166    0.0062982  -0.01703750
 167    0.0019423  -0.00890767
 168    0.0007398  -0.00174990
 169    0.0027450  -0.00957017
 170    0.0023117  -0.00976156
 171    0.0024979  -0.01049751
 172    0.0021156  -0.00978332
 173    0.0006489  -0.00169557
 174    0.0006517  -0.00168736
 175    0.0006398  -0.00174482
 176    0.0019641  -0.00881796
 177    0.0017464  -0.00994342
 178    0.0018966  -0.01029333
 179    0.0018761  -0.01022369
 180    0.0019086  -0.01049699
 181    0.0000866  -0.00076098
 182    0.0000887  -0.00078010
 183    0.0001161  -0.00117584
 184    0.0000425  -0.00031949
 185    0.0000361  -0.00028397
 186    0.0000216  -0.00016906
 187    0.0000203  -0.00015964
 188    0.0000208  -0.00019149
 189    0.0000204  -0.00015864
 190    0.0000206  -0.00017853
 191    0.0000211  -0.00015833
 192    0.0000210  -0.00016507
 193    0.0000192  -0.00035829
 194    0.0000193  -0.00073747
 195    0.0000169  -0.00032153
 196    0.0000201  -0.00015381
 197    0.0000076  -0.00009489
 198    0.0000071  -0.00009021
 199    0.0000068  -0.00007470
 200    0.0000164  -0.00013068
 201    0.0000003  -0.00001071
 202    0.0000001  -0.00000463
 203    0.0000000  -0.00000280
 204    0.0000001  -0.00000341
 205    0.0000001  -0.00000350
 206    0.0006459  -0.00160888
 207    0.0005619  -0.00148930
 208    0.0019114  -0.00893901
 209    0.0006931  -0.00162882
 210    0.0006548  -0.00171300
 211    0.0008439  -0.00282217
 212    0.0007278  -0.00211141
 213    0.0006576  -0.00178048
 214    0.0004682  -0.00127912
 215    0.0002284  -0.00086592
 216    0.0005864  -0.00162187
 217    0.0005691  -0.00161800
 218    0.0017340  -0.00976051
 219    0.0014237  -0.01024948
 220    0.0018686  -0.01022208
 221    0.0018887  -0.01029088
 222    0.0000774  -0.00059340
 223    0.0000876  -0.00081033
 224    0.0001116  -0.00107803
 225    0.0000406  -0.00030723
 226    0.0000313  -0.00022948
 227    0.0000197  -0.00015911
 228    0.0000158  -0.00013740
 229    0.0000204  -0.00015426
 230    0.0000204  -0.00015347
 231    0.0000206  -0.00016117
 232    0.0000204  -0.00016326
 233    0.0000188  -0.00017343
 234    0.0000152  -0.00058475
 235    0.0000158  -0.00037211
 236    0.0000163  -0.00060929
 237    0.0000169  -0.00089685
 238    0.0000075  -0.00011534
 239    0.0000064  -0.00007460
 240    0.0000059  -0.00006603
 241    0.0000162  -0.00014943
 242    0.0000002  -0.00000927
 243    0.0000000  -0.00000230
 244    0.0000000  -0.00000222
 245    0.0000000  -0.00000277
 246    0.0000000  -0.00000215
 247    0.0002572  -0.00092523
 248    0.0005171  -0.00140184
 249    0.0005674  -0.00153526
 250    0.0006929  -0.00163588
 251    0.0006327  -0.00167447
 252    0.0007286  -0.00191212
 253    0.0006650  -0.00172827
 254    0.0006289  -0.00172427
 255    0.0002232  -0.00089981
 256    0.0002085  -0.00089028
 257    0.0002158  -0.00092368
 258    0.0005432  -0.00155991
 259    0.0010934  -0.00809659
 260    0.0009256  -0.00484875
 261    0.0011751  -0.00802521
 262    0.0018427  -0.01014354
 263    0.0000746  -0.00058054
 264    0.0000649  -0.00045499
 265    0.0000974  -0.00079744
 266    0.0000254  -0.00017268
 267    0.0000295  -0.00044995
 268    0.0000158  -0.00015492
 269    0.0000130  -0.00012396
 270    0.0000140  -0.00010622
 271    0.0000150  -0.00012564
 272    0.0000151  -0.00012215
 273    0.0000191  -0.00014865
 274    0.0000150  -0.00012253
 275    0.0000151  -0.00023166
 276    0.0000142  -0.00012178
 277    0.0000138  -0.00010513
 278    0.0000135  -0.00010762
 279    0.0000065  -0.00012314
 280    0.0000061  -0.00019968
 281    0.0000047  -0.00044250
 282    0.0000086  -0.00010514
 283    0.0000001  -0.00000724
 284    0.0000000  -0.00000209
 285    0.0000000  -0.00000197
 286    0.0000000  -0.00000257
 287    0.0000000  -0.00000204
 288    0.0002439  -0.00089778
 289    0.0001511  -0.00058409
 290    0.0004876  -0.00143121
 291    0.0002667  -0.00101886
 292    0.0002615  -0.00103957
 293    0.0003908  -0.00143295
 294    0.0006411  -0.00164495
 295    0.0005992  -0.00159860
 296    0.0002074  -0.00086510
 297    0.0001943  -0.00082655
 298    0.0001946  -0.00085741
 299    0.0002009  -0.00090982
 300    0.0002570  -0.00137958
 301    0.0003485  -0.00184017
 302    0.0003347  -0.00169151
 303    0.0011567  -0.00836138
 304    0.0000739  -0.00057618
 305    0.0000636  -0.00134962
 306    0.0000947  -0.00079884
 307    0.0000231  -0.00025620
 308    0.0000264  -0.00022035
 309    0.0000132  -0.00010748
 310    0.0000124  -0.00010484
 311    0.0000092  -0.00009648
 312    0.0000111  -0.00010760
 313    0.0000125  -0.00010021
 314    0.0000120  -0.00009531
 315    0.0000139  -0.00010794
 316    0.0000127  -0.00011530
 317    0.0000120  -0.00011955
 318    0.0000126  -0.00009731
 319    0.0000116  -0.00010476
 320    0.0000029  -0.00058382
 321    0.0000032  -0.00062422
 322    0.0000030  -0.00058838
 323    0.0000031  -0.00060228
 324    0.0000001  -0.00000652
 325    0.0000000  -0.00000165
 326    0.0000000  -0.00000153
 327    0.0000000  -0.00000166
 328    0.0000000  -0.00000159
 
----------------
 Final Energies 
----------------
Final NOF Total Energy =   -2129.7900223
 
Total Orbital Internal Iterations = 3020
Total Occupation Internal Iterations = 117
 
Elapsed time: 19587.10 Seconds

---------------------------------
   Lowdin Population Analysis    
---------------------------------
 Idx  Atom   Population   Charge 
---------------------------------
  1    Si    15.797      -1.797
  2    Cl    16.552       0.448
  3    Cl    16.553       0.447
  4    Cl    16.549       0.451
  5    Cl    16.549       0.451

---------------------------------
   M Diagnostic: 0.03
---------------------------------

Recovering execution output...
Moving from /scratch/pobleyef/211132 to /home-nas/pobleyef/Poison-NOF/ncwomax/P30-5/GNOFm25/arina.211132
mkdir -p /home-nas/pobleyef/Poison-NOF/ncwomax/P30-5/GNOFm25/arina.211132
mv /scratch/pobleyef/211132/* /home-nas/pobleyef/Poison-NOF/ncwomax/P30-5/GNOFm25/arina.211132
