si
/software/eb2024/easybuild/software/common/software/Julia/1.11.3-linux-x86_64/bin/julia
Job runing on na10
Choosing scratch ...
Automatic scratch folder selection
/scratch/pobleyef/211038
/scratch/pobleyef/211038 directory
cp si.jl si.jld2 to  /scratch/pobleyef/211038/.
Computing Integrals
Elapsed time:    7.29 Seconds

Number of basis functions                   (NBF)    = 70
Number of auxiliary basis functions         (NBFAUX) = 128
Inactive Doubly occupied orbitals up to     (NO1)    = 0
No. considered Strongly Doubly occupied MOs (NDOC)   = 6
No. considered Strongly Singly occupied MOs (NSOC)   = 2
NO. of Weakly occ. per St. Doubly occ.  MOs (NCWO)   = 10
Dimension of the Nat. Orb. subspace         (NBF5)   = 68
No. of electrons                                     = 14
    No. of alpha electrons                           = 8
    No. of beta electrons                            = 6
Multiplicity                                         = 3

Geometry
========
Si       0.0000000       0.0000000       0.0000000

No violations of the orthonormality
No violations of the orthonormality
 
PNOF9/ADABelief Calculation
==================
 
  Nitext  Nit_orb  Time   Nit_occ  Time         Eelec          Etot           Ediff      maxdiff    MaxGrad_orb  Grad_occ
     1      10    1.9e+01   19    2.3e+01  -289.16340807  -289.16340807 -10288.16340807   0.003575   1.4e-02   2.7e-04 0.03
     2      20    5.9e-01    0    5.5e-03  -289.16465820  -289.16465820    -0.00125013   0.003570   1.4e-02   2.7e-04 0.03
     3      40    5.6e-01   12    3.2e-02  -289.16540570  -289.16540570    -0.00074749   0.006258   2.5e-02   1.6e-04 0.03
     4      40    5.6e-01    4    3.1e-02  -289.16569164  -289.16569164    -0.00028594   0.003291   1.3e-02   2.1e-04 0.03
     5      40    2.4e-01    6    1.4e-02  -289.16585599  -289.16585599    -0.00016435   0.003500   1.4e-02   1.4e-04 0.03
     6      40    2.6e-01    4    1.3e-02  -289.16597724  -289.16597724    -0.00012126   0.003156   1.3e-02   1.5e-04 0.03
     7      40    2.8e-01    4    1.4e-02  -289.16603334  -289.16603334    -0.00005609   0.003343   1.3e-02   1.8e-04 0.03
     8      40    1.7e-01    6    1.8e-02  -289.16606810  -289.16606810    -0.00003476   0.003230   1.3e-02   1.1e-04 0.03
     9      40    2.3e-01    2    6.6e-03  -289.16608640  -289.16608640    -0.00001830   0.003312   1.3e-02   1.8e-04 0.03
    10      40    1.9e-01    1    8.3e-03  -289.16609765  -289.16609765    -0.00001125   0.003724   1.5e-02   1.6e-04 0.03
    11      40    1.7e-01    2    1.0e-02  -289.16610248  -289.16610248    -0.00000483   0.003379   1.4e-02   1.5e-04 0.03
    12      40    2.4e-01    1    8.0e-03  -289.16610521  -289.16610521    -0.00000274   0.004046   1.6e-02   1.3e-04 0.03
    13      40    2.4e-01    0    2.6e-03  -289.16610557  -289.16610557    -0.00000036   0.004046   1.6e-02   1.3e-04 0.03
    14      55    2.5e-01    0    7.2e-03  -289.16615344  -289.16615344    -0.00004786   0.000497   2.0e-03   1.5e-04 0.03
 
RESULTS OF THE OCCUPATION OPTIMIZATION
========================================
   1    1.9999989  -68.87267469
   2    1.9986143  -6.18629842
   3    1.9944053  -4.28054403
   4    1.9942976  -4.27813956
   5    1.9931797  -4.27612533
   6    1.9628956  -0.55883075
   7    1.0000000  -0.16032064
   8    1.0000000  -0.16016887
   9    0.0194480  -0.02420592
  10    0.0038539  -0.03137342
  11    0.0034545  -0.02253571
  12    0.0033779  -0.02253598
  13    0.0011456  -0.00748500
  14    0.0000008  -0.00000752
  15    0.0051108  -0.00702128
  16    0.0016860  -0.01034990
  17    0.0017682  -0.01334395
  18    0.0018010  -0.01074333
  19    0.0000984  -0.00077909
  20    0.0000001  -0.00000278
  21    0.0051078  -0.00688368
  22    0.0010897  -0.00703208
  23    0.0003366  -0.00640530
  24    0.0002731  -0.00204389
  25    0.0000686  -0.00212730
  26    0.0000000  -0.00000154
  27    0.0033319  -0.00715689
  28    0.0001093  -0.00081157
  29    0.0000441  -0.00023289
  30    0.0000380  -0.00022006
  31    0.0000284  -0.00017205
  32    0.0000000  -0.00000146
  33    0.0010804  -0.00251278
  34    0.0000270  -0.00016706
  35    0.0000434  -0.00023139
  36    0.0000312  -0.00016895
  37    0.0000182  -0.00027836
  38    0.0000000  -0.00000109
  39    0.0010433  -0.00147687
  40    0.0000260  -0.00016199
  41    0.0000352  -0.00020733
  42    0.0000281  -0.00015364
  43    0.0000129  -0.00050100
  44    0.0000000  -0.00000088
  45    0.0007658  -0.00111975
  46    0.0000088  -0.00005465
  47    0.0000058  -0.00003254
  48    0.0000235  -0.00025612
  49    0.0000038  -0.00010457
  50    0.0000000  -0.00000071
  51    0.0005596  -0.00129709
  52    0.0000080  -0.00004512
  53    0.0000049  -0.00002918
  54    0.0000098  -0.00005830
  55    0.0000035  -0.00002540
  56    0.0000000  -0.00000065
  57    0.0003286  -0.00052295
  58    0.0000064  -0.00003591
  59    0.0000049  -0.00002850
  60    0.0000072  -0.00004349
  61    0.0000032  -0.00001599
  62    0.0000000  -0.00000057
  63    0.0003280  -0.00052278
  64    0.0000054  -0.00003216
  65    0.0000048  -0.00002855
  66    0.0000048  -0.00042010
  67    0.0000030  -0.00001571
  68    0.0000000  -0.00000051
 
----------------
 Final Energies 
----------------
Final NOF Total Energy =    -289.1661534
 
Total Orbital Internal Iterations = 525
Total Occupation Internal Iterations = 61
 
Elapsed time:   59.52 Seconds

---------------------------------
   Lowdin Population Analysis    
---------------------------------
 Idx  Atom   Population   Charge 
---------------------------------
  1    Si    14.000      -0.000

---------------------------------
   M Diagnostic: 0.03
---------------------------------

Recovering execution output...
Moving from /scratch/pobleyef/211038 to /home-nas/pobleyef/Poison-NOF/ncwomax/P30-5/GNOFm25/arina.211038
mkdir -p /home-nas/pobleyef/Poison-NOF/ncwomax/P30-5/GNOFm25/arina.211038
mv /scratch/pobleyef/211038/* /home-nas/pobleyef/Poison-NOF/ncwomax/P30-5/GNOFm25/arina.211038
