SIE4x4_5_he2+_1.25
/software/eb2024/easybuild/software/common/software/Julia/1.11.3-linux-x86_64/bin/julia
Job runing on nh001
Choosing scratch ...
Automatic scratch folder selection
/scratch/pobleyef/211035
/scratch/pobleyef/211035 directory
cp SIE4x4_5_he2+_1.25.jl SIE4x4_5_he2+_1.25.jld2 to  /scratch/pobleyef/211035/.
Computing Integrals
Elapsed time:    5.80 Seconds

Number of basis functions                   (NBF)    = 60
Number of auxiliary basis functions         (NBFAUX) = 46
Inactive Doubly occupied orbitals up to     (NO1)    = 0
No. considered Strongly Doubly occupied MOs (NDOC)   = 1
No. considered Strongly Singly occupied MOs (NSOC)   = 1
NO. of Weakly occ. per St. Doubly occ.  MOs (NCWO)   = 58
Dimension of the Nat. Orb. subspace         (NBF5)   = 60
No. of electrons                                     = 3
    No. of alpha electrons                           = 2
    No. of beta electrons                            = 1
Multiplicity                                         = 2

Geometry
========
He       0.0000000       0.0000000      -0.6713773
He       0.0000000       0.0000000       0.6713773

No violations of the orthonormality
No violations of the orthonormality
 
PNOF9/ADABelief Calculation
==================
 
  Nitext  Nit_orb  Time   Nit_occ  Time         Eelec          Etot           Ediff      maxdiff    MaxGrad_orb  Grad_occ
     1      10    2.8e+01    3    3.3e+01    -6.55698337    -4.98059376 -10005.55698337   0.002312   9.2e-03   2.0e-04 0.02
     2      16    4.4e-02    2    1.0e-02    -6.55728862    -4.98089901    -0.00030525   0.000255   1.0e-03   1.4e-04 0.02
 
RESULTS OF THE OCCUPATION OPTIMIZATION
========================================
   1    1.9696110  -1.56042667
   2    1.0000000  -0.80437586
   3    0.0114538  -0.01157476
   4    0.0037574  -0.00425630
   5    0.0035395  -0.00386959
   6    0.0035351  -0.00386626
   7    0.0032754  -0.00412259
   8    0.0015961  -0.00234427
   9    0.0015910  -0.00234180
  10    0.0006341  -0.00137705
  11    0.0001543  -0.00034878
  12    0.0001224  -0.00028017
  13    0.0000956  -0.00030558
  14    0.0000943  -0.00030097
  15    0.0000606  -0.00023461
  16    0.0000545  -0.00019370
  17    0.0000469  -0.00016246
  18    0.0000453  -0.00013058
  19    0.0000372  -0.00012030
  20    0.0000350  -0.00011594
  21    0.0000338  -0.00011496
  22    0.0000295  -0.00010286
  23    0.0000257  -0.00010042
  24    0.0000223  -0.00009563
  25    0.0000218  -0.00009512
  26    0.0000163  -0.00009099
  27    0.0000152  -0.00008811
  28    0.0000126  -0.00005646
  29    0.0000124  -0.00005826
  30    0.0000071  -0.00004909
  31    0.0000059  -0.00004171
  32    0.0000055  -0.00004109
  33    0.0000054  -0.00003456
  34    0.0000050  -0.00003359
  35    0.0000044  -0.00002646
  36    0.0000041  -0.00003039
  37    0.0000033  -0.00002481
  38    0.0000031  -0.00002420
  39    0.0000031  -0.00002411
  40    0.0000029  -0.00002201
  41    0.0000029  -0.00002161
  42    0.0000028  -0.00001671
  43    0.0000028  -0.00001812
  44    0.0000026  -0.00001424
  45    0.0000026  -0.00001479
  46    0.0000020  -0.00000364
  47    0.0000005  0.00000402
  48    0.0000004  0.00000431
  49    0.0000004  0.00000382
  50    0.0000004  0.00000384
  51    0.0000004  0.00000387
  52    0.0000004  0.00000387
  53    0.0000004  0.00000392
  54    0.0000004  0.00000393
  55    0.0000004  0.00000382
  56    0.0000004  0.00000382
  57    0.0000004  0.00000381
  58    0.0000004  0.00000380
  59    0.0000004  0.00000386
  60    0.0000004  0.00000386
 
----------------
 Final Energies 
----------------
Final NOF Total Energy =      -4.9808990
 
Total Orbital Internal Iterations = 26
Total Occupation Internal Iterations = 5
 
Elapsed time:   79.39 Seconds

---------------------------------
   Lowdin Population Analysis    
---------------------------------
 Idx  Atom   Population   Charge 
---------------------------------
  1    He     1.500       0.500
  2    He     1.500       0.500

---------------------------------
   M Diagnostic: 0.02
---------------------------------

Recovering execution output...
Moving from /scratch/pobleyef/211035 to /home-nas/pobleyef/Poison-NOF/ncwomax/P30-5/GNOFm25/arina.211035
mkdir -p /home-nas/pobleyef/Poison-NOF/ncwomax/P30-5/GNOFm25/arina.211035
mv /scratch/pobleyef/211035/* /home-nas/pobleyef/Poison-NOF/ncwomax/P30-5/GNOFm25/arina.211035
