SIE4x4_4_he2+_1.0
/software/eb2024/easybuild/software/common/software/Julia/1.11.3-linux-x86_64/bin/julia
Job runing on nagpu01
Choosing scratch ...
Automatic scratch folder selection
/scratch/pobleyef/211034
/scratch/pobleyef/211034 directory
cp SIE4x4_4_he2+_1.0.jl SIE4x4_4_he2+_1.0.jld2 to  /scratch/pobleyef/211034/.
Computing Integrals
Elapsed time:    4.01 Seconds

Number of basis functions                   (NBF)    = 60
Number of auxiliary basis functions         (NBFAUX) = 46
Inactive Doubly occupied orbitals up to     (NO1)    = 0
No. considered Strongly Doubly occupied MOs (NDOC)   = 1
No. considered Strongly Singly occupied MOs (NSOC)   = 1
NO. of Weakly occ. per St. Doubly occ.  MOs (NCWO)   = 58
Dimension of the Nat. Orb. subspace         (NBF5)   = 60
No. of electrons                                     = 3
    No. of alpha electrons                           = 2
    No. of beta electrons                            = 1
Multiplicity                                         = 2

Geometry
========
He       0.0000000       0.0000000      -0.5371019
He       0.0000000       0.0000000       0.5371019

No violations of the orthonormality
No violations of the orthonormality
 
PNOF9/ADABelief Calculation
==================
 
  Nitext  Nit_orb  Time   Nit_occ  Time         Eelec          Etot           Ediff      maxdiff    MaxGrad_orb  Grad_occ
     1      10    1.9e+01    5    2.2e+01    -6.96626021    -4.99577321 -10005.96626021   0.002553   1.0e-02   1.5e-04 0.02
     2      20    6.7e-02    1    4.2e-03    -6.96663138    -4.99614438    -0.00037117   0.000244   9.8e-04   1.1e-04 0.02
 
RESULTS OF THE OCCUPATION OPTIMIZATION
========================================
   1    1.9744532  -1.69604166
   2    1.0000000  -0.76784316
   3    0.0064387  -0.00862226
   4    0.0041483  -0.00488335
   5    0.0040492  -0.00492315
   6    0.0040159  -0.00498670
   7    0.0031080  -0.00458200
   8    0.0012710  -0.00218337
   9    0.0012695  -0.00218535
  10    0.0003711  -0.00099624
  11    0.0001188  -0.00036176
  12    0.0000915  -0.00031967
  13    0.0000865  -0.00029197
  14    0.0000717  -0.00025561
  15    0.0000613  -0.00020321
  16    0.0000513  -0.00015778
  17    0.0000480  -0.00015234
  18    0.0000444  -0.00014215
  19    0.0000352  -0.00012551
  20    0.0000337  -0.00012726
  21    0.0000277  -0.00012080
  22    0.0000268  -0.00013261
  23    0.0000223  -0.00010924
  24    0.0000219  -0.00010150
  25    0.0000200  -0.00009790
  26    0.0000148  -0.00008219
  27    0.0000135  -0.00008128
  28    0.0000109  -0.00004394
  29    0.0000101  -0.00003827
  30    0.0000066  -0.00004595
  31    0.0000059  -0.00004216
  32    0.0000057  -0.00003993
  33    0.0000056  -0.00003590
  34    0.0000052  -0.00003553
  35    0.0000049  -0.00003262
  36    0.0000030  -0.00002547
  37    0.0000030  -0.00002709
  38    0.0000030  -0.00002366
  39    0.0000029  -0.00002367
  40    0.0000025  -0.00001614
  41    0.0000025  -0.00001682
  42    0.0000021  -0.00001637
  43    0.0000020  -0.00001413
  44    0.0000014  -0.00000869
  45    0.0000013  -0.00000900
  46    0.0000011  0.00000073
  47    0.0000009  0.00000570
  48    0.0000009  0.00000487
  49    0.0000005  0.00000334
  50    0.0000005  0.00000352
  51    0.0000004  0.00000379
  52    0.0000004  0.00000379
  53    0.0000003  0.00000364
  54    0.0000003  0.00000364
  55    0.0000003  0.00000358
  56    0.0000003  0.00000357
  57    0.0000003  0.00000353
  58    0.0000003  0.00000353
  59    0.0000003  0.00000342
  60    0.0000003  0.00000341
 
----------------
 Final Energies 
----------------
Final NOF Total Energy =      -4.9961444
 
Total Orbital Internal Iterations = 30
Total Occupation Internal Iterations = 6
 
Elapsed time:   53.85 Seconds

---------------------------------
   Lowdin Population Analysis    
---------------------------------
 Idx  Atom   Population   Charge 
---------------------------------
  1    He     1.500       0.500
  2    He     1.500       0.500

---------------------------------
   M Diagnostic: 0.02
---------------------------------

Recovering execution output...
Moving from /scratch/pobleyef/211034 to /home-nas/pobleyef/Poison-NOF/ncwomax/P30-5/GNOFm25/arina.211034
mkdir -p /home-nas/pobleyef/Poison-NOF/ncwomax/P30-5/GNOFm25/arina.211034
mv /scratch/pobleyef/211034/* /home-nas/pobleyef/Poison-NOF/ncwomax/P30-5/GNOFm25/arina.211034
