SIE4x4-he2+_1.0
/software/eb2024/easybuild/software/common/software/Julia/1.11.3-linux-x86_64/bin/julia
Job runing on nagpu01
Choosing scratch ...
Automatic scratch folder selection
/scratch/pobleyef/284315
/scratch/pobleyef/284315 directory
cp SIE4x4-he2+_1.0.jl SIE4x4-he2+_1.0.jld2 to  /scratch/pobleyef/284315/.
Computing Integrals
Basis Set                                            = def2-qzvp
Auxiliary Basis Set                                  = def2-universal-jkfit
Gaussian Type                                        = Spherical
Elapsed time:    2.72 Seconds

Number of basis functions                   (NBF)    = 60
Number of auxiliary basis functions         (NBFAUX) = 46
Inactive Doubly occupied orbitals up to     (NO1)    = 0
No. considered Strongly Doubly occupied MOs (NDOC)   = 1
No. considered Strongly Singly occupied MOs (NSOC)   = 1
NO. of Weakly occ. per St. Doubly occ.  MOs (NCWO)   = 58
Dimension of the Nat. Orb. subspace         (NBF5)   = 60
No. of electrons                                     = 3
    No. of alpha electrons                           = 2
    No. of beta electrons                            = 1
Multiplicity                                         = 2

Geometry
========
He       0.0000000       0.0000000      -0.5371019
He       0.0000000       0.0000000       0.5371019

No violations of the orthonormality
No violations of the orthonormality
 
PNOF8/ADABelief Calculation
==================
 
  Nitext  Nit_orb  Time   Nit_occ  Time         Eelec          Etot           Ediff      maxdiff    MaxGrad_orb  Grad_occ
     1      10    1.6e+01    6    2.0e+01    -6.96502625    -4.99453925 -10005.96502625   0.018040   7.2e-02   1.4e-04 0.02
     2      10    8.1e-02    5    2.8e-02    -6.96548260    -4.99499561    -0.00045635   0.017903   7.2e-02   1.5e-04 0.02
     3      10    2.8e-02    0    5.0e-03    -6.96553126    -4.99504426    -0.00004865   0.017898   7.2e-02   1.5e-04 0.02
     4      16    3.5e-02    2    1.3e-02    -6.96645952    -4.99597252    -0.00092826   0.000491   2.0e-03   1.3e-04 0.02
 
RESULTS OF THE OCCUPATION OPTIMIZATION
========================================
   1    1.9744229  -1.69594677
   2    1.0000000  -0.76782526
   3    0.0066294  -0.00873011
   4    0.0040637  -0.00484107
   5    0.0040499  -0.00484016
   6    0.0039040  -0.00499884
   7    0.0031564  -0.00460761
   8    0.0012476  -0.00217339
   9    0.0012475  -0.00217095
  10    0.0002982  -0.00084822
  11    0.0001824  -0.00046522
  12    0.0000922  -0.00031935
  13    0.0000874  -0.00027798
  14    0.0000786  -0.00026808
  15    0.0000605  -0.00019391
  16    0.0000596  -0.00017370
  17    0.0000488  -0.00014714
  18    0.0000472  -0.00015083
  19    0.0000354  -0.00012899
  20    0.0000332  -0.00012004
  21    0.0000289  -0.00011797
  22    0.0000277  -0.00013404
  23    0.0000245  -0.00010630
  24    0.0000234  -0.00010066
  25    0.0000223  -0.00009018
  26    0.0000170  -0.00007303
  27    0.0000157  -0.00007916
  28    0.0000133  -0.00008381
  29    0.0000121  -0.00004476
  30    0.0000075  -0.00004641
  31    0.0000056  -0.00004218
  32    0.0000053  -0.00004021
  33    0.0000051  -0.00003660
  34    0.0000051  -0.00003666
  35    0.0000047  -0.00003366
  36    0.0000030  -0.00002186
  37    0.0000030  -0.00002553
  38    0.0000029  -0.00002607
  39    0.0000029  -0.00002357
  40    0.0000027  -0.00002142
  41    0.0000026  -0.00001780
  42    0.0000022  -0.00001675
  43    0.0000021  -0.00001470
  44    0.0000018  -0.00000979
  45    0.0000016  -0.00000841
  46    0.0000015  0.00000014
  47    0.0000014  0.00000804
  48    0.0000011  0.00000627
  49    0.0000009  0.00000550
  50    0.0000009  0.00000578
  51    0.0000007  0.00000626
  52    0.0000007  0.00000626
  53    0.0000007  0.00000606
  54    0.0000007  0.00000606
  55    0.0000007  0.00000591
  56    0.0000007  0.00000591
  57    0.0000006  0.00000590
  58    0.0000006  0.00000588
  59    0.0000006  0.00000574
  60    0.0000006  0.00000574
 
----------------
 Final Energies 
----------------
Final NOF Total Energy =      -4.9959725
 
Total Orbital Internal Iterations = 46
Total Occupation Internal Iterations = 13
 
Elapsed time:   48.01 Seconds

---------------------------------
   Lowdin Population Analysis    
---------------------------------
 Idx  Atom   Population   Charge 
---------------------------------
  1    He     1.500       0.500
  2    He     1.500       0.500

---------------------------------
   M Diagnostic: 0.02
---------------------------------

Recovering execution output...
Moving from /scratch/pobleyef/284315 to /home-nas/pobleyef/Poison-NOF/ncwomax/P30-5/GNOFm25/arina.284315
mkdir -p /home-nas/pobleyef/Poison-NOF/ncwomax/P30-5/GNOFm25/arina.284315
mv /scratch/pobleyef/284315/* /home-nas/pobleyef/Poison-NOF/ncwomax/P30-5/GNOFm25/arina.284315
