W4-11_109_bn3pi
/software/eb2024/easybuild/software/common/software/Julia/1.11.3-linux-x86_64/bin/julia
Job runing on nh001
Choosing scratch ...
Automatic scratch folder selection
/scratch/pobleyef/211043
/scratch/pobleyef/211043 directory
cp W4-11_109_bn3pi.jl W4-11_109_bn3pi.jld2 to  /scratch/pobleyef/211043/.
Computing Integrals
Elapsed time:    5.99 Seconds

Number of basis functions                   (NBF)    = 114
Number of auxiliary basis functions         (NBFAUX) = 152
Inactive Doubly occupied orbitals up to     (NO1)    = 0
No. considered Strongly Doubly occupied MOs (NDOC)   = 5
No. considered Strongly Singly occupied MOs (NSOC)   = 2
NO. of Weakly occ. per St. Doubly occ.  MOs (NCWO)   = 21
Dimension of the Nat. Orb. subspace         (NBF5)   = 112
No. of electrons                                     = 12
    No. of alpha electrons                           = 7
    No. of beta electrons                            = 5
Multiplicity                                         = 3

Geometry
========
 B       0.0000000       0.0000000      -0.7759500
 N       0.0000000       0.0000000       0.5542500

No violations of the orthonormality
No violations of the orthonormality
 
PNOF9/ADABelief Calculation
==================
 
  Nitext  Nit_orb  Time   Nit_occ  Time         Eelec          Etot           Ediff      maxdiff    MaxGrad_orb  Grad_occ
     1      10    2.9e+01   13    3.4e+01   -93.24745878   -79.32386504 -10092.24745878   0.002723   1.1e-02   1.9e-04 0.04
     2      20    2.6e+00    0    8.3e-02   -93.24868849   -79.32509475    -0.00122971   0.002723   1.1e-02   1.9e-04 0.04
     3      40    4.4e+00    5    1.2e-01   -93.24933183   -79.32573809    -0.00064334   0.006123   2.4e-02   1.5e-04 0.04
     4      40    4.4e+00    5    1.1e-01   -93.24952271   -79.32592897    -0.00019088   0.001326   5.3e-03   1.3e-04 0.04
     5      40    4.1e+00    5    1.8e-01   -93.24956822   -79.32597448    -0.00004551   0.003125   1.2e-02   1.2e-04 0.04
     6      40    4.3e+00    1    4.8e-02   -93.24962141   -79.32602766    -0.00005319   0.005316   2.1e-02   1.9e-04 0.04
     7      40    4.8e+00    5    1.3e-01   -93.24965927   -79.32606553    -0.00003786   0.001962   7.8e-03   1.3e-04 0.04
     8      40    4.8e+00    1    2.6e-02   -93.24968364   -79.32608990    -0.00002437   0.003239   1.3e-02   1.4e-04 0.04
     9      40    4.9e+00    0    8.9e-02   -93.24969302   -79.32609928    -0.00000938   0.002555   1.0e-02   1.7e-04 0.04
    10      50    5.8e+00    5    1.0e-01   -93.24971697   -79.32612322    -0.00002395   0.002288   9.2e-03   1.5e-04 0.04
    11      50    5.9e+00    1    7.3e-02   -93.24973176   -79.32613801    -0.00001479   0.002259   9.0e-03   1.3e-04 0.04
    12      50    5.9e+00    0    7.6e-02   -93.24973603   -79.32614229    -0.00000427   0.002364   9.5e-03   1.6e-04 0.04
    13      60    6.9e+00    0    2.8e-02   -93.24974889   -79.32615515    -0.00001286   0.001793   7.2e-03   1.2e-04 0.04
    14      70    8.2e+00    0    1.5e-02   -93.24975643   -79.32616268    -0.00000754   0.001583   6.3e-03   1.6e-04 0.04
    15      80    9.4e+00    0    2.5e-02   -93.24976244   -79.32616870    -0.00000601   0.001325   5.3e-03   1.3e-04 0.04
    16      90    9.9e+00    0    1.1e-02   -93.24976637   -79.32617262    -0.00000393   0.001204   4.8e-03   1.5e-04 0.04
    17     100    1.2e+01    0    9.3e-02   -93.24976975   -79.32617601    -0.00000338   0.000974   3.9e-03   1.3e-04 0.04
 
RESULTS OF THE OCCUPATION OPTIMIZATION
========================================
   1    1.9999455  -15.61438197
   2    1.9997376  -7.69569077
   3    1.9791738  -1.07137578
   4    1.9628101  -0.60911561
   5    1.9555880  -0.46494182
   6    1.0000000  -0.28203432
   7    1.0000000  -0.26374261
   8    0.0322603  -0.03323119
   9    0.0149696  -0.01843470
  10    0.0081756  -0.01837739
  11    0.0002091  -0.00287215
  12    0.0000481  -0.00135468
  13    0.0042342  -0.00620543
  14    0.0121624  -0.01890417
  15    0.0025258  -0.00745569
  16    0.0000114  -0.00026972
  17    0.0000021  -0.00006053
  18    0.0032812  -0.00483166
  19    0.0043078  -0.00752267
  20    0.0023171  -0.00516863
  21    0.0000076  -0.00006968
  22    0.0000013  -0.00004173
  23    0.0030531  -0.00448342
  24    0.0027806  -0.00513011
  25    0.0018666  -0.00419114
  26    0.0000063  -0.00006344
  27    0.0000008  -0.00003056
  28    0.0004142  -0.00079991
  29    0.0011763  -0.00248448
  30    0.0011948  -0.00396906
  31    0.0000059  -0.00006192
  32    0.0000003  -0.00000411
  33    0.0003867  -0.00076765
  34    0.0004199  -0.00103556
  35    0.0010468  -0.00306949
  36    0.0000049  -0.00010331
  37    0.0000002  -0.00000352
  38    0.0001976  -0.00044118
  39    0.0003034  -0.00072500
  40    0.0008072  -0.00192311
  41    0.0000027  -0.00003986
  42    0.0000002  -0.00000247
  43    0.0001468  -0.00033429
  44    0.0002412  -0.00060758
  45    0.0006246  -0.00372341
  46    0.0000024  -0.00002977
  47    0.0000002  -0.00000236
  48    0.0001408  -0.00032757
  49    0.0002330  -0.00057770
  50    0.0005493  -0.00127038
  51    0.0000014  -0.00002092
  52    0.0000002  -0.00000224
  53    0.0000798  -0.00018791
  54    0.0001944  -0.00048623
  55    0.0005159  -0.00139194
  56    0.0000012  -0.00001902
  57    0.0000002  -0.00000202
  58    0.0000565  -0.00016464
  59    0.0001503  -0.00044142
  60    0.0002312  -0.00068031
  61    0.0000011  -0.00001734
  62    0.0000001  -0.00000174
  63    0.0000327  -0.00008674
  64    0.0000663  -0.00014664
  65    0.0002043  -0.00055126
  66    0.0000011  -0.00001548
  67    0.0000001  -0.00000161
  68    0.0000206  -0.00007346
  69    0.0000449  -0.00012687
  70    0.0001983  -0.00054983
  71    0.0000011  -0.00001502
  72    0.0000001  -0.00000147
  73    0.0000175  -0.00007351
  74    0.0000236  -0.00009926
  75    0.0001773  -0.00051497
  76    0.0000010  -0.00001454
  77    0.0000001  -0.00000138
  78    0.0000165  -0.00006264
  79    0.0000226  -0.00009309
  80    0.0000657  -0.00022989
  81    0.0000010  -0.00001395
  82    0.0000001  -0.00000108
  83    0.0000147  -0.00005482
  84    0.0000192  -0.00007967
  85    0.0000646  -0.00021307
  86    0.0000008  -0.00001055
  87    0.0000001  -0.00000099
  88    0.0000142  -0.00006073
  89    0.0000176  -0.00007775
  90    0.0000635  -0.00023046
  91    0.0000008  -0.00001019
  92    0.0000001  -0.00000096
  93    0.0000120  -0.00005669
  94    0.0000161  -0.00006708
  95    0.0000576  -0.00019344
  96    0.0000007  -0.00001039
  97    0.0000001  -0.00000028
  98    0.0000114  -0.00004943
  99    0.0000153  -0.00006125
 100    0.0000544  -0.00018398
 101    0.0000007  -0.00000835
 102    0.0000001  -0.00000037
 103    0.0000111  -0.00004762
 104    0.0000132  -0.00006078
 105    0.0000515  -0.00018779
 106    0.0000006  -0.00000796
 107    0.0000001  -0.00000021
 108    0.0000101  -0.00004435
 109    0.0000122  -0.00005411
 110    0.0000339  -0.00017286
 111    0.0000006  -0.00003204
 112    0.0000001  -0.00000016
 
----------------
 Final Energies 
----------------
Final NOF Total Energy =     -79.3261760
 
Total Orbital Internal Iterations = 860
Total Occupation Internal Iterations = 41
 
Elapsed time:  182.62 Seconds

---------------------------------
   Lowdin Population Analysis    
---------------------------------
 Idx  Atom   Population   Charge 
---------------------------------
  1     B     5.181      -0.181
  2     N     6.819       0.181

---------------------------------
   M Diagnostic: 0.04
---------------------------------

Recovering execution output...
Moving from /scratch/pobleyef/211043 to /home-nas/pobleyef/Poison-NOF/ncwomax/P30-5/GNOFm25/arina.211043
mkdir -p /home-nas/pobleyef/Poison-NOF/ncwomax/P30-5/GNOFm25/arina.211043
mv /scratch/pobleyef/211043/* /home-nas/pobleyef/Poison-NOF/ncwomax/P30-5/GNOFm25/arina.211043
