Computing Integrals
Basis Set                                            = def2-qzvp
Auxiliary Basis Set                                  = def2-universal-jkfit
Gaussian Type                                        = Spherical
Elapsed time:   44.86 Seconds

Number of basis functions                   (NBF)    = 280
Number of auxiliary basis functions         (NBFAUX) = 512
Inactive Doubly occupied orbitals up to     (NO1)    = 0
No. considered Strongly Doubly occupied MOs (NDOC)   = 30
No. considered Strongly Singly occupied MOs (NSOC)   = 0
NO. of Weakly occ. per St. Doubly occ.  MOs (NCWO)   = 8
Dimension of the Nat. Orb. subspace         (NBF5)   = 270
No. of electrons                                     = 60
    No. of alpha electrons                           = 30
    No. of beta electrons                            = 30
Multiplicity                                         = 1

Geometry
========
 P       0.7773750       0.7773750       0.7773750
 P      -0.7773750      -0.7773750       0.7773750
 P      -0.7773750       0.7773750      -0.7773750
 P       0.7773750      -0.7773750      -0.7773750

No violations of the orthonormality
No violations of the orthonormality
 
PNOF8/ADABelief Calculation
==================
 
  Nitext  Nit_orb  Time   Nit_occ  Time         Eelec          Etot           Ediff      maxdiff    MaxGrad_orb  Grad_occ
     1      10    1.2e+02    0    2.5e+01 -1689.76821242 -1364.86167674 -11688.76821242   0.010963   4.4e-02   3.0e-04 0.04
     2      30    2.8e+02    0    3.9e-01 -1689.76821242 -1364.86167674     0.00000000   0.010963   4.4e-02   3.0e-04 0.04
     3      50    4.4e+02    8    1.2e+00 -1689.76919880 -1364.86266312    -0.00098638   0.008074   3.2e-02   3.4e-04 0.04
     4      50    4.5e+02    8    1.1e+00 -1689.76929973 -1364.86276406    -0.00010093   0.009004   3.6e-02   2.9e-04 0.04
     5      50    4.5e+02    4    7.1e-01 -1689.76960546 -1364.86306978    -0.00030573   0.009215   3.7e-02   2.5e-04 0.04
     6      50    4.4e+02    8    1.1e+00 -1689.76965855 -1364.86312288    -0.00005309   0.009506   3.8e-02   2.9e-04 0.04
     7      50    4.4e+02    2    4.9e-01 -1689.76992361 -1364.86338794    -0.00026506   0.009484   3.8e-02   2.8e-04 0.04
     8      50    4.4e+02    0    3.5e-01 -1689.76993025 -1364.86339458    -0.00000664   0.009484   3.8e-02   2.8e-04 0.04
     9      70    6.3e+02    4    6.8e-01 -1689.77096460 -1364.86442893    -0.00103435   0.000837   3.3e-03   2.5e-04 0.04
 
RESULTS OF THE OCCUPATION OPTIMIZATION
========================================
   1    1.9999987  -80.02521543
   2    1.9999988  -80.02517069
   3    1.9999987  -80.02515561
   4    1.9999987  -80.02504889
   5    1.9994757  -7.53522420
   6    1.9994755  -7.53520084
   7    1.9994819  -7.53511361
   8    1.9994499  -7.53497401
   9    1.9975398  -5.42840477
  10    1.9976341  -5.42837872
  11    1.9975586  -5.42831227
  12    1.9975908  -5.42823515
  13    1.9976501  -5.42819809
  14    1.9974227  -5.42811470
  15    1.9975343  -5.42810126
  16    1.9974033  -5.42806879
  17    1.9974299  -5.42768060
  18    1.9972310  -5.42730716
  19    1.9970901  -5.42702679
  20    1.9969447  -5.42677166
  21    1.9754186  -0.79726313
  22    1.9756801  -0.78824151
  23    1.9755585  -0.78753871
  24    1.9748257  -0.78374109
  25    1.9604764  -0.42966717
  26    1.9601395  -0.42950445
  27    1.9570469  -0.42582457
  28    1.9577690  -0.42505341
  29    1.9578951  -0.42462607
  30    1.9577709  -0.42389233
  31    0.0298998  -0.04163688
  32    0.0295003  -0.04139666
  33    0.0299281  -0.04164797
  34    0.0261547  -0.03924254
  35    0.0284368  -0.04137229
  36    0.0286667  -0.04160138
  37    0.0061604  -0.02539266
  38    0.0057261  -0.02514261
  39    0.0063789  -0.02566467
  40    0.0067348  -0.02773862
  41    0.0014748  -0.01086117
  42    0.0025766  -0.02074331
  43    0.0012200  -0.00895780
  44    0.0013057  -0.00873873
  45    0.0015784  -0.01332166
  46    0.0014972  -0.01038827
  47    0.0015884  -0.01303164
  48    0.0016726  -0.01453562
  49    0.0015513  -0.01101815
  50    0.0016475  -0.01423143
  51    0.0016174  -0.01367810
  52    0.0016593  -0.01446331
  53    0.0003570  -0.00295274
  54    0.0003894  -0.00332035
  55    0.0003590  -0.00290985
  56    0.0004393  -0.00507280
  57    0.0000008  -0.00001307
  58    0.0000008  -0.00001761
  59    0.0000008  -0.00001259
  60    0.0000008  -0.00001688
  61    0.0105095  -0.01472834
  62    0.0102557  -0.01450186
  63    0.0102661  -0.01432883
  64    0.0089042  -0.01324645
  65    0.0070921  -0.01167019
  66    0.0071473  -0.01182550
  67    0.0047000  -0.01882173
  68    0.0051289  -0.02018035
  69    0.0049428  -0.01945483
  70    0.0045394  -0.01831103
  71    0.0014287  -0.01010507
  72    0.0001489  -0.00127686
  73    0.0010667  -0.00928711
  74    0.0006815  -0.00791652
  75    0.0005063  -0.00596537
  76    0.0007022  -0.00704373
  77    0.0006262  -0.00653131
  78    0.0005307  -0.00673620
  79    0.0004450  -0.00374320
  80    0.0005351  -0.00669412
  81    0.0006363  -0.00864836
  82    0.0006620  -0.00845086
  83    0.0001239  -0.00275161
  84    0.0000645  -0.00096250
  85    0.0000832  -0.00173490
  86    0.0000367  -0.00022397
  87    0.0000004  -0.00000772
  88    0.0000004  -0.00000848
  89    0.0000004  -0.00000852
  90    0.0000003  -0.00000781
  91    0.0006813  -0.00125165
  92    0.0006766  -0.00124332
  93    0.0006906  -0.00126756
  94    0.0064738  -0.01050671
  95    0.0012801  -0.00302017
  96    0.0012827  -0.00305324
  97    0.0039964  -0.01289725
  98    0.0051273  -0.02023615
  99    0.0043395  -0.01400630
 100    0.0032882  -0.01182170
 101    0.0000699  -0.00113539
 102    0.0000772  -0.00109296
 103    0.0003720  -0.00300863
 104    0.0004290  -0.00429175
 105    0.0003959  -0.00332051
 106    0.0001356  -0.00230416
 107    0.0001539  -0.00130998
 108    0.0000568  -0.00036278
 109    0.0002701  -0.00315402
 110    0.0001450  -0.00177080
 111    0.0000348  -0.00020281
 112    0.0000651  -0.00043843
 113    0.0000237  -0.00031573
 114    0.0000363  -0.00023240
 115    0.0000371  -0.00022377
 116    0.0000118  -0.00015545
 117    0.0000000  -0.00000216
 118    0.0000000  -0.00000207
 119    0.0000000  -0.00000158
 120    0.0000000  -0.00000134
 121    0.0005495  -0.00107078
 122    0.0005498  -0.00108510
 123    0.0005309  -0.00102274
 124    0.0006006  -0.00116653
 125    0.0012361  -0.00298462
 126    0.0012507  -0.00308092
 127    0.0032926  -0.01164094
 128    0.0032524  -0.01161860
 129    0.0034168  -0.01176354
 130    0.0032584  -0.01184767
 131    0.0000309  -0.00019326
 132    0.0000578  -0.00046323
 133    0.0000547  -0.00035215
 134    0.0000934  -0.00262631
 135    0.0000348  -0.00020413
 136    0.0000712  -0.00118319
 137    0.0001330  -0.00200465
 138    0.0000274  -0.00057632
 139    0.0000584  -0.00036503
 140    0.0000378  -0.00022388
 141    0.0000269  -0.00023474
 142    0.0000314  -0.00019054
 143    0.0000221  -0.00033062
 144    0.0000086  -0.00011175
 145    0.0000179  -0.00036441
 146    0.0000114  -0.00032343
 147    0.0000000  -0.00000104
 148    0.0000000  -0.00000107
 149    0.0000000  -0.00000077
 150    0.0000000  -0.00000108
 151    0.0002677  -0.00059236
 152    0.0005058  -0.00102867
 153    0.0003234  -0.00064871
 154    0.0002951  -0.00063207
 155    0.0008583  -0.00148878
 156    0.0005481  -0.00123567
 157    0.0032172  -0.01167355
 158    0.0032348  -0.01188113
 159    0.0033927  -0.01188130
 160    0.0031996  -0.01178336
 161    0.0000226  -0.00039392
 162    0.0000201  -0.00019899
 163    0.0000191  -0.00043653
 164    0.0000166  -0.00009299
 165    0.0000336  -0.00021951
 166    0.0000246  -0.00014324
 167    0.0000301  -0.00017698
 168    0.0000251  -0.00015260
 169    0.0000329  -0.00019252
 170    0.0000297  -0.00018238
 171    0.0000210  -0.00012737
 172    0.0000173  -0.00018060
 173    0.0000103  -0.00007013
 174    0.0000070  -0.00004607
 175    0.0000144  -0.00008988
 176    0.0000089  -0.00022739
 177    0.0000000  -0.00000097
 178    0.0000000  -0.00000082
 179    0.0000000  -0.00000074
 180    0.0000000  -0.00000065
 181    0.0001126  -0.00030955
 182    0.0002844  -0.00061511
 183    0.0002614  -0.00057926
 184    0.0002275  -0.00050611
 185    0.0004800  -0.00107187
 186    0.0003601  -0.00071469
 187    0.0031901  -0.01148639
 188    0.0014771  -0.00596277
 189    0.0014159  -0.00549384
 190    0.0031970  -0.01160189
 191    0.0000134  -0.00007989
 192    0.0000134  -0.00008291
 193    0.0000153  -0.00009508
 194    0.0000161  -0.00009092
 195    0.0000184  -0.00027437
 196    0.0000164  -0.00009673
 197    0.0000179  -0.00026719
 198    0.0000152  -0.00008937
 199    0.0000246  -0.00042027
 200    0.0000229  -0.00033290
 201    0.0000180  -0.00016629
 202    0.0000106  -0.00007611
 203    0.0000047  -0.00004616
 204    0.0000048  -0.00013731
 205    0.0000058  -0.00003915
 206    0.0000063  -0.00004240
 207    0.0000000  -0.00000073
 208    0.0000000  -0.00000062
 209    0.0000000  -0.00000039
 210    0.0000000  -0.00000058
 211    0.0001063  -0.00028942
 212    0.0002277  -0.00052004
 213    0.0001237  -0.00036570
 214    0.0001909  -0.00046973
 215    0.0002823  -0.00062535
 216    0.0001457  -0.00040983
 217    0.0004032  -0.00139076
 218    0.0003265  -0.00106152
 219    0.0002477  -0.00068002
 220    0.0002322  -0.00069752
 221    0.0000097  -0.00020020
 222    0.0000103  -0.00006840
 223    0.0000109  -0.00007576
 224    0.0000150  -0.00008873
 225    0.0000168  -0.00011558
 226    0.0000108  -0.00006693
 227    0.0000142  -0.00008385
 228    0.0000118  -0.00007270
 229    0.0000161  -0.00011303
 230    0.0000121  -0.00007476
 231    0.0000060  -0.00004373
 232    0.0000083  -0.00009032
 233    0.0000044  -0.00004166
 234    0.0000043  -0.00034179
 235    0.0000036  -0.00020665
 236    0.0000056  -0.00005029
 237    0.0000000  -0.00000061
 238    0.0000000  -0.00000046
 239    0.0000000  -0.00000036
 240    0.0000000  -0.00000043
 241    0.0001024  -0.00030930
 242    0.0001046  -0.00030545
 243    0.0001067  -0.00028976
 244    0.0001062  -0.00030770
 245    0.0001948  -0.00049090
 246    0.0001222  -0.00032962
 247    0.0002144  -0.00064408
 248    0.0001684  -0.00052832
 249    0.0001857  -0.00058031
 250    0.0001318  -0.00047544
 251    0.0000053  -0.00008941
 252    0.0000056  -0.00010110
 253    0.0000102  -0.00018213
 254    0.0000128  -0.00007617
 255    0.0000126  -0.00012804
 256    0.0000077  -0.00004589
 257    0.0000135  -0.00007955
 258    0.0000103  -0.00011705
 259    0.0000107  -0.00015784
 260    0.0000113  -0.00007187
 261    0.0000054  -0.00006381
 262    0.0000060  -0.00007590
 263    0.0000040  -0.00046919
 264    0.0000033  -0.00021746
 265    0.0000036  -0.00030244
 266    0.0000041  -0.00038722
 267    0.0000000  -0.00000046
 268    0.0000000  -0.00000028
 269    0.0000000  -0.00000026
 270    0.0000000  -0.00000035
 
----------------
 Final Energies 
----------------
Final NOF Total Energy =   -1364.8644289
 
Total Orbital Internal Iterations = 410
Total Occupation Internal Iterations = 34
 
Elapsed time: 3790.34 Seconds

---------------------------------
   Lowdin Population Analysis    
---------------------------------
 Idx  Atom   Population   Charge 
---------------------------------
  1     P    15.000       0.000
  2     P    15.000      -0.000
  3     P    14.999       0.001
  4     P    15.001      -0.001

---------------------------------
   M Diagnostic: 0.04
---------------------------------

