W4-11-hnnn
/software/eb2024/easybuild/software/common/software/Julia/1.11.3-linux-x86_64/bin/julia
Job runing on nagpu01
Choosing scratch ...
Automatic scratch folder selection
/scratch/pobleyef/284336
/scratch/pobleyef/284336 directory
cp W4-11-hnnn.jl W4-11-hnnn.jld2 to  /scratch/pobleyef/284336/.
Computing Integrals
Basis Set                                            = def2-qzvp
Auxiliary Basis Set                                  = def2-universal-jkfit
Gaussian Type                                        = Spherical
Elapsed time:    8.01 Seconds

Number of basis functions                   (NBF)    = 201
Number of auxiliary basis functions         (NBFAUX) = 249
Inactive Doubly occupied orbitals up to     (NO1)    = 0
No. considered Strongly Doubly occupied MOs (NDOC)   = 11
No. considered Strongly Singly occupied MOs (NSOC)   = 0
NO. of Weakly occ. per St. Doubly occ.  MOs (NCWO)   = 17
Dimension of the Nat. Orb. subspace         (NBF5)   = 198
No. of electrons                                     = 22
    No. of alpha electrons                           = 11
    No. of beta electrons                            = 11
Multiplicity                                         = 1

Geometry
========
 H       1.0789720      -1.3818100       0.0000000
 N       0.0937700      -1.1298800       0.0000000
 N       0.0000000       0.1110980       0.0000000
 N      -0.2479090       1.2161830       0.0000000

No violations of the orthonormality
No violations of the orthonormality
 
PNOF8/ADABelief Calculation
==================
 
  Nitext  Nit_orb  Time   Nit_occ  Time         Eelec          Etot           Ediff      maxdiff    MaxGrad_orb  Grad_occ
     1      10    5.0e+01   68    2.4e+01  -226.01492458  -164.42446918 -10225.01492458   0.030795   1.2e-01   2.5e-04 0.05
     2      20    6.8e+01   43    2.1e+00  -226.21336442  -164.62290902    -0.19843984   0.032823   1.3e-01   2.2e-04 0.05
     3      20    6.9e+01   23    1.3e+00  -226.24186400  -164.65140860    -0.02849958   0.024890   1.0e-01   2.8e-04 0.05
     4      20    7.1e+01   20    1.1e+00  -226.25120720  -164.66075180    -0.00934321   0.030158   1.2e-01   2.1e-04 0.05
     5      20    7.0e+01   17    1.7e+00  -226.25380749  -164.66335209    -0.00260028   0.025932   1.0e-01   2.2e-04 0.05
     6      20    6.9e+01   11    7.9e-01  -226.25726045  -164.66680505    -0.00345296   0.021201   8.5e-02   2.5e-04 0.05
     7      20    6.9e+01   13    9.3e-01  -226.26015476  -164.66969936    -0.00289431   0.020263   8.1e-02   2.5e-04 0.05
     8      20    7.1e+01    7    1.0e+00  -226.26206518  -164.67160978    -0.00191042   0.025738   1.0e-01   2.8e-04 0.05
     9      20    6.9e+01    6    4.7e-01  -226.26519088  -164.67473548    -0.00312570   0.017241   6.9e-02   2.8e-04 0.05
    10      20    7.0e+01   15    1.1e+00  -226.26572874  -164.67527334    -0.00053786   0.014115   5.6e-02   2.0e-04 0.05
    11      20    7.3e+01    7    5.9e-01  -226.26692724  -164.67647184    -0.00119850   0.017247   6.9e-02   1.6e-04 0.05
    12      20    7.8e+01    0    1.3e-01  -226.26696872  -164.67651332    -0.00004148   0.017247   6.9e-02   1.6e-04 0.05
    13      40    1.5e+02    6    5.3e-01  -226.26969659  -164.67924119    -0.00272787   0.002222   8.9e-03   2.0e-04 0.05
    14      40    1.5e+02    6    4.6e-01  -226.26980672  -164.67935132    -0.00011013   0.003944   1.6e-02   1.7e-04 0.05
    15      40    1.5e+02    1    4.5e-01  -226.26995404  -164.67949864    -0.00014732   0.003047   1.2e-02   2.6e-04 0.05
    16      40    1.5e+02    6    5.1e-01  -226.27001038  -164.67955498    -0.00005635   0.003691   1.5e-02   2.0e-04 0.05
    17      40    1.5e+02    7    5.0e-01  -226.27014999  -164.67969458    -0.00013960   0.003158   1.3e-02   1.8e-04 0.05
    18      40    1.5e+02    3    4.0e-01  -226.27019972  -164.67974431    -0.00004973   0.003515   1.4e-02   2.2e-04 0.05
    19      40    1.4e+02    7    6.2e-01  -226.27030006  -164.67984466    -0.00010034   0.013710   5.5e-02   2.0e-04 0.05
    20      40    1.3e+02    3    3.1e-01  -226.27036416  -164.67990875    -0.00006410   0.003343   1.3e-02   1.8e-04 0.05
    21      40    1.4e+02    1    6.6e-01  -226.27039645  -164.67994105    -0.00003229   0.002542   1.0e-02   2.5e-04 0.05
    22      40    1.3e+02    6    5.0e-01  -226.27042744  -164.67997204    -0.00003099   0.002324   9.3e-03   2.2e-04 0.05
    23      40    1.4e+02    1    2.6e-01  -226.27049963  -164.68004423    -0.00007219   0.002058   8.2e-03   2.5e-04 0.05
    24      40    1.3e+02    3    3.7e-01  -226.27052559  -164.68007019    -0.00002596   0.002155   8.6e-03   3.0e-04 0.05
    25      40    1.3e+02    6    4.7e-01  -226.27055494  -164.68009954    -0.00002935   0.002119   8.5e-03   2.0e-04 0.05
    26      40    1.3e+02    0    1.3e-01  -226.27057746  -164.68012206    -0.00002252   0.002133   8.5e-03   1.8e-04 0.05
    27      50    1.6e+02    1    1.7e-01  -226.27063198  -164.68017658    -0.00005453   0.001513   6.1e-03   2.0e-04 0.05
    28      50    1.6e+02    0    1.3e-01  -226.27063250  -164.68017709    -0.00000051   0.001513   6.1e-03   2.0e-04 0.05
    29      41    1.3e+02    0    2.4e-01  -226.27067804  -164.68022264    -0.00004554   0.000483   1.9e-03   1.9e-04 0.05
 
RESULTS OF THE OCCUPATION OPTIMIZATION
========================================
   1    1.9999653  -15.72301145
   2    1.9999503  -15.70468174
   3    1.9999631  -15.65790024
   4    1.9803779  -1.49668961
   5    1.9821445  -1.27731871
   6    1.9762049  -0.81433213
   7    1.9691162  -0.72406105
   8    1.9750874  -0.71546137
   9    1.9662036  -0.70506388
  10    1.9519988  -0.59063047
  11    1.9512631  -0.48515348
  12    0.0485499  -0.06222719
  13    0.0445495  -0.05901037
  14    0.0291678  -0.04724250
  15    0.0085222  -0.01619190
  16    0.0187140  -0.02538320
  17    0.0067395  -0.01513880
  18    0.0053170  -0.01294284
  19    0.0134148  -0.02859463
  20    0.0000271  -0.00067652
  21    0.0000354  -0.00095818
  22    0.0000216  -0.00054169
  23    0.0000256  -0.00008121
  24    0.0029960  -0.00573227
  25    0.0024958  -0.00541679
  26    0.0064875  -0.01154127
  27    0.0054641  -0.00916099
  28    0.0039475  -0.00781928
  29    0.0040072  -0.00843682
  30    0.0032095  -0.00792439
  31    0.0000030  -0.00008898
  32    0.0000049  -0.00008031
  33    0.0000040  -0.00008810
  34    0.0000171  -0.00007296
  35    0.0001958  -0.00056386
  36    0.0006892  -0.00192202
  37    0.0061151  -0.01145367
  38    0.0042574  -0.00734193
  39    0.0030819  -0.00645511
  40    0.0022821  -0.00727764
  41    0.0009554  -0.00322508
  42    0.0000026  -0.00003809
  43    0.0000027  -0.00003816
  44    0.0000035  -0.00004696
  45    0.0000160  -0.00007384
  46    0.0001510  -0.00043195
  47    0.0004391  -0.00126821
  48    0.0014433  -0.00383996
  49    0.0008148  -0.00215019
  50    0.0027462  -0.00597352
  51    0.0015281  -0.00536831
  52    0.0005386  -0.00376596
  53    0.0000018  -0.00002637
  54    0.0000026  -0.00004206
  55    0.0000030  -0.00005705
  56    0.0000151  -0.00006612
  57    0.0000193  -0.00007491
  58    0.0003953  -0.00117560
  59    0.0006226  -0.00171244
  60    0.0004270  -0.00121083
  61    0.0024350  -0.00629214
  62    0.0013273  -0.00480388
  63    0.0004226  -0.00318288
  64    0.0000016  -0.00003044
  65    0.0000026  -0.00003844
  66    0.0000018  -0.00004921
  67    0.0000141  -0.00006557
  68    0.0000152  -0.00006285
  69    0.0001773  -0.00053163
  70    0.0006133  -0.00170717
  71    0.0002359  -0.00071892
  72    0.0013982  -0.00323974
  73    0.0010484  -0.00327583
  74    0.0002346  -0.00073253
  75    0.0000002  -0.00000542
  76    0.0000003  -0.00004215
  77    0.0000003  -0.00003077
  78    0.0000133  -0.00006231
  79    0.0000116  -0.00005716
  80    0.0001073  -0.00038083
  81    0.0003543  -0.00120982
  82    0.0002338  -0.00065547
  83    0.0013243  -0.00386181
  84    0.0006486  -0.00266123
  85    0.0002115  -0.00083300
  86    0.0000001  -0.00000388
  87    0.0000003  -0.00003652
  88    0.0000001  -0.00000324
  89    0.0000129  -0.00006083
  90    0.0000110  -0.00005200
  91    0.0000961  -0.00036424
  92    0.0002799  -0.00078695
  93    0.0002168  -0.00064583
  94    0.0004769  -0.00138835
  95    0.0005697  -0.00346104
  96    0.0002075  -0.00073108
  97    0.0000001  -0.00000355
  98    0.0000002  -0.00000564
  99    0.0000001  -0.00000278
 100    0.0000114  -0.00006031
 101    0.0000094  -0.00004840
 102    0.0000700  -0.00026401
 103    0.0001202  -0.00054594
 104    0.0001577  -0.00051342
 105    0.0004393  -0.00146577
 106    0.0002951  -0.00110202
 107    0.0001376  -0.00064174
 108    0.0000001  -0.00000195
 109    0.0000002  -0.00000444
 110    0.0000001  -0.00000216
 111    0.0000105  -0.00005400
 112    0.0000079  -0.00004510
 113    0.0000351  -0.00016440
 114    0.0000703  -0.00027725
 115    0.0001059  -0.00042106
 116    0.0002816  -0.00085196
 117    0.0002609  -0.00087095
 118    0.0000836  -0.00047828
 119    0.0000001  -0.00000102
 120    0.0000001  -0.00000261
 121    0.0000001  -0.00000151
 122    0.0000093  -0.00004758
 123    0.0000068  -0.00004239
 124    0.0000307  -0.00013803
 125    0.0000580  -0.00024394
 126    0.0000928  -0.00037571
 127    0.0002473  -0.00080736
 128    0.0001626  -0.00083808
 129    0.0000706  -0.00036783
 130    0.0000001  -0.00000103
 131    0.0000001  -0.00000185
 132    0.0000001  -0.00000123
 133    0.0000089  -0.00004877
 134    0.0000058  -0.00003717
 135    0.0000234  -0.00010635
 136    0.0000512  -0.00020898
 137    0.0000678  -0.00025685
 138    0.0001795  -0.00059782
 139    0.0001473  -0.00057622
 140    0.0000345  -0.00017116
 141    0.0000000  -0.00000048
 142    0.0000001  -0.00000151
 143    0.0000000  -0.00000078
 144    0.0000077  -0.00004596
 145    0.0000054  -0.00003450
 146    0.0000163  -0.00009049
 147    0.0000460  -0.00019390
 148    0.0000264  -0.00014280
 149    0.0001560  -0.00059614
 150    0.0001060  -0.00062110
 151    0.0000260  -0.00013266
 152    0.0000000  -0.00000050
 153    0.0000001  -0.00000146
 154    0.0000000  -0.00000067
 155    0.0000067  -0.00003899
 156    0.0000046  -0.00003119
 157    0.0000147  -0.00007982
 158    0.0000421  -0.00017490
 159    0.0000220  -0.00012004
 160    0.0001325  -0.00047235
 161    0.0000645  -0.00030190
 162    0.0000211  -0.00011655
 163    0.0000000  -0.00000031
 164    0.0000001  -0.00000130
 165    0.0000000  -0.00000051
 166    0.0000067  -0.00003909
 167    0.0000044  -0.00002905
 168    0.0000136  -0.00007648
 169    0.0000327  -0.00015282
 170    0.0000174  -0.00008967
 171    0.0001135  -0.00046084
 172    0.0000385  -0.00018474
 173    0.0000195  -0.00010551
 174    0.0000000  -0.00000034
 175    0.0000001  -0.00000075
 176    0.0000000  -0.00000045
 177    0.0000060  -0.00003491
 178    0.0000040  -0.00002642
 179    0.0000128  -0.00007324
 180    0.0000280  -0.00013803
 181    0.0000157  -0.00008734
 182    0.0000495  -0.00020513
 183    0.0000289  -0.00014970
 184    0.0000184  -0.00010229
 185    0.0000000  -0.00000030
 186    0.0000000  -0.00000069
 187    0.0000000  -0.00000043
 188    0.0000055  -0.00003427
 189    0.0000035  -0.00002139
 190    0.0000119  -0.00007558
 191    0.0000259  -0.00010912
 192    0.0000145  -0.00007727
 193    0.0000464  -0.00018589
 194    0.0000232  -0.00012038
 195    0.0000164  -0.00009763
 196    0.0000000  -0.00000019
 197    0.0000000  -0.00000055
 198    0.0000000  -0.00000038
 
----------------
 Final Energies 
----------------
Final NOF Total Energy =    -164.6802226
 
Total Orbital Internal Iterations = 931
Total Occupation Internal Iterations = 287
 
Elapsed time: 3396.21 Seconds

---------------------------------
   Lowdin Population Analysis    
---------------------------------
 Idx  Atom   Population   Charge 
---------------------------------
  1     H     1.251      -0.251
  2     N     6.832       0.168
  3     N     6.979       0.021
  4     N     6.938       0.062

---------------------------------
   M Diagnostic: 0.05
---------------------------------

Recovering execution output...
Moving from /scratch/pobleyef/284336 to /home-nas/pobleyef/Poison-NOF/ncwomax/P30-5/GNOFm25/arina.284336
mkdir -p /home-nas/pobleyef/Poison-NOF/ncwomax/P30-5/GNOFm25/arina.284336
mv /scratch/pobleyef/284336/* /home-nas/pobleyef/Poison-NOF/ncwomax/P30-5/GNOFm25/arina.284336
