W4-11-f
/software/eb2024/easybuild/software/common/software/Julia/1.11.3-linux-x86_64/bin/julia
Job runing on nagpu01
Choosing scratch ...
Automatic scratch folder selection
/scratch/pobleyef/284332
/scratch/pobleyef/284332 directory
cp W4-11-f.jl W4-11-f.jld2 to  /scratch/pobleyef/284332/.
Computing Integrals
Basis Set                                            = def2-qzvp
Auxiliary Basis Set                                  = def2-universal-jkfit
Gaussian Type                                        = Spherical
Elapsed time:    2.47 Seconds

Number of basis functions                   (NBF)    = 57
Number of auxiliary basis functions         (NBFAUX) = 77
Inactive Doubly occupied orbitals up to     (NO1)    = 0
No. considered Strongly Doubly occupied MOs (NDOC)   = 4
No. considered Strongly Singly occupied MOs (NSOC)   = 1
NO. of Weakly occ. per St. Doubly occ.  MOs (NCWO)   = 13
Dimension of the Nat. Orb. subspace         (NBF5)   = 57
No. of electrons                                     = 9
    No. of alpha electrons                           = 5
    No. of beta electrons                            = 4
Multiplicity                                         = 2

Geometry
========
 F       0.0000000       0.0000000       0.0000000

No violations of the orthonormality
No violations of the orthonormality
 
PNOF8/ADABelief Calculation
==================
 
  Nitext  Nit_orb  Time   Nit_occ  Time         Eelec          Etot           Ediff      maxdiff    MaxGrad_orb  Grad_occ
     1      10    1.6e+01   17    2.0e+01   -99.64898216   -99.64898216 -10098.64898216   0.122879   4.9e-01   2.1e-04 0.02
     2      10    3.0e-02   19    3.1e-02   -99.66386711   -99.66386711    -0.01488495   0.147407   5.9e-01   1.6e-04 0.02
     3      10    1.8e-02    0    1.8e-03   -99.66476331   -99.66476331    -0.00089620   0.147407   5.9e-01   1.6e-04 0.02
     4      30    5.1e-02   15    2.4e-02   -99.68927927   -99.68927927    -0.02451596   0.014747   5.9e-02   2.4e-04 0.02
     5      30    5.9e-02   13    2.0e-02   -99.69191812   -99.69191812    -0.00263885   0.004747   1.9e-02   2.0e-04 0.02
     6      30    5.8e-02    9    1.8e-02   -99.69297079   -99.69297079    -0.00105267   0.003585   1.4e-02   1.7e-04 0.02
     7      30    6.1e-02    3    7.4e-03   -99.69326726   -99.69326726    -0.00029647   0.006790   2.7e-02   2.2e-04 0.02
     8      30    6.3e-02    0    3.9e-03   -99.69329812   -99.69329812    -0.00003086   0.006790   2.7e-02   2.2e-04 0.02
     9      50    9.2e-02    8    2.2e-02   -99.69351088   -99.69351088    -0.00021276   0.001499   6.0e-03   1.4e-04 0.02
    10      50    9.6e-02    2    5.6e-03   -99.69359090   -99.69359090    -0.00008001   0.000717   2.9e-03   1.8e-04 0.02
 
RESULTS OF THE OCCUPATION OPTIMIZATION
========================================
   1    1.9999408  -26.43169932
   2    1.9811389  -1.62272145
   3    1.9747875  -0.75941039
   4    1.9753384  -0.75922035
   5    1.0000000  -0.45762987
   6    0.0123697  -0.02132045
   7    0.0134594  -0.02187267
   8    0.0099677  -0.02538252
   9    0.0000391  -0.00171432
  10    0.0055383  -0.01137710
  11    0.0057783  -0.01140799
  12    0.0033119  -0.00820922
  13    0.0000043  -0.00011494
  14    0.0049679  -0.01107957
  15    0.0039340  -0.00827065
  16    0.0029597  -0.00732827
  17    0.0000023  -0.00006888
  18    0.0006927  -0.00602030
  19    0.0009007  -0.00303744
  20    0.0008709  -0.00319940
  21    0.0000020  -0.00006138
  22    0.0002778  -0.00100040
  23    0.0003374  -0.00119315
  24    0.0004936  -0.00182224
  25    0.0000020  -0.00007142
  26    0.0002535  -0.00092629
  27    0.0002629  -0.00093637
  28    0.0003267  -0.00139066
  29    0.0000017  -0.00006194
  30    0.0002325  -0.00087272
  31    0.0002479  -0.00088895
  32    0.0003149  -0.00124788
  33    0.0000016  -0.00005388
  34    0.0002236  -0.00083501
  35    0.0002012  -0.00077585
  36    0.0003086  -0.00122570
  37    0.0000015  -0.00005022
  38    0.0000376  -0.00008906
  39    0.0000203  -0.00013889
  40    0.0002323  -0.00092919
  41    0.0000014  -0.00004989
  42    0.0000214  -0.00017062
  43    0.0000200  -0.00013565
  44    0.0000226  -0.00016795
  45    0.0000012  -0.00005040
  46    0.0000164  -0.00012278
  47    0.0000180  -0.00013165
  48    0.0000184  -0.00013494
  49    0.0000010  -0.00001419
  50    0.0000159  -0.00012588
  51    0.0000165  -0.00010674
  52    0.0000176  -0.00013369
  53    0.0000008  -0.00000928
  54    0.0000142  -0.00010858
  55    0.0000160  -0.00010225
  56    0.0000162  -0.00011216
  57    0.0000003  -0.00004310
 
----------------
 Final Energies 
----------------
Final NOF Total Energy =     -99.6935909
 
Total Orbital Internal Iterations = 280
Total Occupation Internal Iterations = 86
 
Elapsed time:   48.98 Seconds

---------------------------------
   Lowdin Population Analysis    
---------------------------------
 Idx  Atom   Population   Charge 
---------------------------------
  1     F     9.000       0.000

---------------------------------
   M Diagnostic: 0.02
---------------------------------

Recovering execution output...
Moving from /scratch/pobleyef/284332 to /home-nas/pobleyef/Poison-NOF/ncwomax/P30-5/GNOFm25/arina.284332
mkdir -p /home-nas/pobleyef/Poison-NOF/ncwomax/P30-5/GNOFm25/arina.284332
mv /scratch/pobleyef/284332/* /home-nas/pobleyef/Poison-NOF/ncwomax/P30-5/GNOFm25/arina.284332
