Computing Integrals
Basis Set                                            = def2-qzvp
Auxiliary Basis Set                                  = def2-universal-jkfit
Gaussian Type                                        = Spherical
Elapsed time:    3.41 Seconds

Number of basis functions                   (NBF)    = 228
Number of auxiliary basis functions         (NBFAUX) = 308
Inactive Doubly occupied orbitals up to     (NO1)    = 0
No. considered Strongly Doubly occupied MOs (NDOC)   = 17
No. considered Strongly Singly occupied MOs (NSOC)   = 0
NO. of Weakly occ. per St. Doubly occ.  MOs (NCWO)   = 12
Dimension of the Nat. Orb. subspace         (NBF5)   = 221
No. of electrons                                     = 34
    No. of alpha electrons                           = 17
    No. of beta electrons                            = 17
Multiplicity                                         = 1

Geometry
========
 F       0.5557100       1.3844340      -0.4939860
 O       0.5557100       0.2681810       0.5557340
 O      -0.5557100      -0.2681810       0.5557340
 F      -0.5557100      -1.3844340      -0.4939860

No violations of the orthonormality
No violations of the orthonormality
 
PNOF8/ADABelief Calculation
==================
 
  Nitext  Nit_orb  Time   Nit_occ  Time         Eelec          Etot           Ediff      maxdiff    MaxGrad_orb  Grad_occ
     1      10    2.2e+01    0    2.5e+01  -475.04497846  -349.65718655 -10474.04497846   0.006711   2.7e-02   2.0e-04 0.05
     2      30    5.0e+00    0    1.5e-01  -475.04497846  -349.65718655     0.00000000   0.006711   2.7e-02   2.0e-04 0.05
     3      50    8.2e+00   14    1.0e+00  -475.04514926  -349.65735734    -0.00017080   0.001839   7.4e-03   1.8e-04 0.05
     4      50    8.2e+00    4    3.6e-01  -475.04522181  -349.65742989    -0.00007255   0.002143   8.6e-03   2.3e-04 0.05
     5      50    8.4e+00    7    4.6e-01  -475.04527969  -349.65748778    -0.00005789   0.002280   9.1e-03   2.6e-04 0.05
     6      50    8.3e+00    8    5.6e-01  -475.04534422  -349.65755231    -0.00006453   0.002039   8.2e-03   1.8e-04 0.05
     7      50    7.9e+00    7    4.2e-01  -475.04542103  -349.65762912    -0.00007681   0.001943   7.8e-03   2.3e-04 0.05
     8      50    7.9e+00    8    5.5e-01  -475.04549991  -349.65770800    -0.00007889   0.001820   7.3e-03   2.7e-04 0.05
     9      50    7.8e+00    0    1.5e-01  -475.04559912  -349.65780721    -0.00009920   0.001861   7.4e-03   3.0e-04 0.05
    10      60    9.5e+00   21    1.2e+00  -475.04569128  -349.65789936    -0.00009216   0.001168   4.7e-03   1.8e-04 0.05
    11      60    9.4e+00    4    2.5e-01  -475.04581920  -349.65802729    -0.00012793   0.001452   5.8e-03   1.9e-04 0.05
    12      60    9.6e+00    7    4.7e-01  -475.04586722  -349.65807531    -0.00004802   0.001937   7.7e-03   2.5e-04 0.05
    13      60    9.4e+00    2    1.8e-01  -475.04591159  -349.65811967    -0.00004437   0.001734   6.9e-03   2.6e-04 0.05
    14      60    9.6e+00    0    1.0e-01  -475.04592410  -349.65813219    -0.00001251   0.001787   7.1e-03   2.9e-04 0.05
    15      70    1.1e+01   16    8.8e-01  -475.04598122  -349.65818931    -0.00005712   0.001375   5.5e-03   1.7e-04 0.05
    16      70    1.1e+01    4    3.0e-01  -475.04605431  -349.65826239    -0.00007309   0.001584   6.3e-03   2.1e-04 0.05
    17      70    1.1e+01    5    4.0e-01  -475.04608282  -349.65829090    -0.00002851   0.001629   6.5e-03   2.5e-04 0.05
    18      70    1.2e+01    8    5.5e-01  -475.04610432  -349.65831241    -0.00002150   0.001563   6.3e-03   1.7e-04 0.05
    19      70    1.1e+01    1    1.9e-01  -475.04613471  -349.65834280    -0.00003039   0.001570   6.3e-03   1.5e-04 0.05
    20      70    1.1e+01    0    1.5e-01  -475.04614014  -349.65834822    -0.00000542   0.001472   5.9e-03   1.9e-04 0.05
    21      80    1.3e+01    0    1.5e-01  -475.04617747  -349.65838555    -0.00003733   0.001184   4.7e-03   1.9e-04 0.05
    22      90    1.4e+01    0    1.5e-01  -475.04619089  -349.65839898    -0.00001343   0.001054   4.2e-03   2.2e-04 0.05
    23     100    1.6e+01    0    9.1e-02  -475.04620656  -349.65841465    -0.00001567   0.001058   4.2e-03   2.2e-04 0.05
    24     110    1.8e+01    7    4.8e-01  -475.04621256  -349.65842065    -0.00000600   0.001053   4.2e-03   2.4e-04 0.05
    25     110    1.8e+01    0    1.5e-01  -475.04623875  -349.65844684    -0.00002619   0.000927   3.7e-03   2.1e-04 0.05
 
RESULTS OF THE OCCUPATION OPTIMIZATION
========================================
   1    1.9999699  -24.21145042
   2    1.9999676  -24.19240561
   3    1.9999578  -23.06545975
   4    1.9999598  -23.04604502
   5    1.9872760  -1.76794926
   6    1.9844347  -1.54404208
   7    1.9849713  -1.47379293
   8    1.9840641  -1.43696060
   9    1.9602674  -0.87292306
  10    1.9773058  -0.84048933
  11    1.9789398  -0.83961005
  12    1.9757531  -0.74971657
  13    1.9754564  -0.73771551
  14    1.9754118  -0.73085086
  15    1.9752462  -0.72443216
  16    1.9461160  -0.70317454
  17    1.9461310  -0.70279357
  18    0.0537117  -0.09386419
  19    0.0537347  -0.09389559
  20    0.0132551  -0.02221748
  21    0.0129786  -0.02201289
  22    0.0127932  -0.02185182
  23    0.0128991  -0.02193601
  24    0.0074879  -0.01425503
  25    0.0078474  -0.01676336
  26    0.0377505  -0.06497447
  27    0.0099846  -0.02510921
  28    0.0055144  -0.01590681
  29    0.0091797  -0.02462473
  30    0.0055133  -0.01568399
  31    0.0000063  -0.00024869
  32    0.0000068  -0.00028593
  33    0.0000092  -0.00039636
  34    0.0000091  -0.00037696
  35    0.0000301  -0.00007012
  36    0.0000274  -0.00006839
  37    0.0051227  -0.01107404
  38    0.0050576  -0.01097504
  39    0.0049618  -0.01092515
  40    0.0050198  -0.01098523
  41    0.0054331  -0.01073821
  42    0.0049721  -0.01014302
  43    0.0015240  -0.00460726
  44    0.0030662  -0.00777267
  45    0.0037933  -0.00890770
  46    0.0027121  -0.00742367
  47    0.0031101  -0.00825229
  48    0.0000045  -0.00008844
  49    0.0000045  -0.00009259
  50    0.0000047  -0.00009410
  51    0.0000052  -0.00010012
  52    0.0000212  -0.00006806
  53    0.0000175  -0.00010350
  54    0.0047018  -0.01001466
  55    0.0042929  -0.00902960
  56    0.0046430  -0.01014957
  57    0.0043765  -0.00921407
  58    0.0038336  -0.00821908
  59    0.0043726  -0.00935511
  60    0.0001082  -0.00049817
  61    0.0008268  -0.00369720
  62    0.0025566  -0.00751746
  63    0.0009926  -0.00421375
  64    0.0018275  -0.00564843
  65    0.0000044  -0.00008714
  66    0.0000043  -0.00008319
  67    0.0000037  -0.00007110
  68    0.0000044  -0.00008933
  69    0.0000162  -0.00010151
  70    0.0000150  -0.00009981
  71    0.0003768  -0.00126864
  72    0.0009442  -0.00326335
  73    0.0008744  -0.00305965
  74    0.0008647  -0.00296546
  75    0.0020357  -0.00536196
  76    0.0025804  -0.00726483
  77    0.0000939  -0.00044503
  78    0.0004454  -0.00187938
  79    0.0011471  -0.00478569
  80    0.0009296  -0.00409497
  81    0.0007188  -0.00521406
  82    0.0000043  -0.00008418
  83    0.0000041  -0.00007948
  84    0.0000035  -0.00007082
  85    0.0000037  -0.00007263
  86    0.0000140  -0.00009592
  87    0.0000131  -0.00009077
  88    0.0003100  -0.00108651
  89    0.0003459  -0.00119841
  90    0.0003748  -0.00129108
  91    0.0002957  -0.00106248
  92    0.0005338  -0.00168085
  93    0.0012698  -0.00372039
  94    0.0000762  -0.00039283
  95    0.0003534  -0.00139413
  96    0.0006784  -0.00384228
  97    0.0005202  -0.00410419
  98    0.0006736  -0.00506894
  99    0.0000042  -0.00008205
 100    0.0000038  -0.00007217
 101    0.0000031  -0.00006009
 102    0.0000032  -0.00006051
 103    0.0000129  -0.00009044
 104    0.0000122  -0.00008826
 105    0.0002705  -0.00097574
 106    0.0003109  -0.00112063
 107    0.0002677  -0.00095480
 108    0.0002566  -0.00094604
 109    0.0005210  -0.00222309
 110    0.0005367  -0.00171701
 111    0.0000628  -0.00033042
 112    0.0003169  -0.00122409
 113    0.0004878  -0.00287686
 114    0.0003277  -0.00127524
 115    0.0004377  -0.00172041
 116    0.0000036  -0.00006656
 117    0.0000034  -0.00006325
 118    0.0000025  -0.00005073
 119    0.0000018  -0.00003667
 120    0.0000112  -0.00008723
 121    0.0000116  -0.00008737
 122    0.0002632  -0.00093421
 123    0.0002422  -0.00089138
 124    0.0002630  -0.00094230
 125    0.0002460  -0.00094087
 126    0.0004303  -0.00143003
 127    0.0004246  -0.00135463
 128    0.0000444  -0.00020952
 129    0.0003112  -0.00126271
 130    0.0003229  -0.00123458
 131    0.0002936  -0.00119180
 132    0.0002024  -0.00095340
 133    0.0000033  -0.00006281
 134    0.0000033  -0.00006233
 135    0.0000018  -0.00003350
 136    0.0000007  -0.00001332
 137    0.0000110  -0.00008616
 138    0.0000113  -0.00008619
 139    0.0002389  -0.00088619
 140    0.0002321  -0.00086965
 141    0.0002451  -0.00089279
 142    0.0001794  -0.00074268
 143    0.0002602  -0.00097299
 144    0.0003641  -0.00121913
 145    0.0000178  -0.00012175
 146    0.0002876  -0.00115987
 147    0.0001992  -0.00092185
 148    0.0002757  -0.00109541
 149    0.0000997  -0.00145193
 150    0.0000030  -0.00005670
 151    0.0000031  -0.00006031
 152    0.0000017  -0.00003326
 153    0.0000005  -0.00001157
 154    0.0000108  -0.00008452
 155    0.0000110  -0.00008260
 156    0.0001388  -0.00057221
 157    0.0001105  -0.00051804
 158    0.0000495  -0.00033861
 159    0.0000450  -0.00026879
 160    0.0002076  -0.00095178
 161    0.0001902  -0.00077312
 162    0.0000153  -0.00011343
 163    0.0001986  -0.00088603
 164    0.0001929  -0.00098723
 165    0.0002691  -0.00108612
 166    0.0000730  -0.00115435
 167    0.0000028  -0.00005521
 168    0.0000028  -0.00005541
 169    0.0000007  -0.00001263
 170    0.0000004  -0.00000954
 171    0.0000102  -0.00007915
 172    0.0000104  -0.00007798
 173    0.0000299  -0.00019783
 174    0.0000293  -0.00018868
 175    0.0000269  -0.00016349
 176    0.0000232  -0.00016571
 177    0.0001777  -0.00069613
 178    0.0000972  -0.00049352
 179    0.0000136  -0.00011228
 180    0.0000830  -0.00117376
 181    0.0000899  -0.00128104
 182    0.0000249  -0.00024631
 183    0.0000288  -0.00022686
 184    0.0000019  -0.00003679
 185    0.0000026  -0.00005288
 186    0.0000006  -0.00000960
 187    0.0000004  -0.00004291
 188    0.0000100  -0.00007705
 189    0.0000100  -0.00007738
 190    0.0000241  -0.00016653
 191    0.0000228  -0.00015984
 192    0.0000232  -0.00016585
 193    0.0000210  -0.00014789
 194    0.0001191  -0.00061059
 195    0.0000196  -0.00013448
 196    0.0000132  -0.00011363
 197    0.0000311  -0.00022731
 198    0.0000266  -0.00021278
 199    0.0000204  -0.00015961
 200    0.0000196  -0.00015733
 201    0.0000011  -0.00001945
 202    0.0000018  -0.00003684
 203    0.0000005  -0.00001457
 204    0.0000003  -0.00003199
 205    0.0000096  -0.00007393
 206    0.0000099  -0.00007317
 207    0.0000219  -0.00015238
 208    0.0000213  -0.00014698
 209    0.0000210  -0.00014978
 210    0.0000200  -0.00014440
 211    0.0000202  -0.00013717
 212    0.0000196  -0.00013455
 213    0.0000128  -0.00010733
 214    0.0000311  -0.00021926
 215    0.0000195  -0.00014240
 216    0.0000197  -0.00015702
 217    0.0000196  -0.00015846
 218    0.0000009  -0.00001512
 219    0.0000016  -0.00003167
 220    0.0000004  -0.00004652
 221    0.0000003  -0.00003620
 
----------------
 Final Energies 
----------------
Final NOF Total Energy =    -349.6584468
 
Total Orbital Internal Iterations = 1600
Total Occupation Internal Iterations = 123
 
Elapsed time:  334.01 Seconds

---------------------------------
   Lowdin Population Analysis    
---------------------------------
 Idx  Atom   Population   Charge 
---------------------------------
  1     F     9.052      -0.052
  2     O     7.948       0.052
  3     O     7.948       0.052
  4     F     9.051      -0.051

---------------------------------
   M Diagnostic: 0.05
---------------------------------

