W4-11_138_bn
/software/eb2024/easybuild/software/common/software/Julia/1.11.3-linux-x86_64/bin/julia
Job runing on na22
Choosing scratch ...
Automatic scratch folder selection
/scratch/pobleyef/211078
/scratch/pobleyef/211078 directory
cp W4-11_138_bn.jl W4-11_138_bn.jld2 to  /scratch/pobleyef/211078/.
Computing Integrals
Elapsed time:    4.38 Seconds

Number of basis functions                   (NBF)    = 114
Number of auxiliary basis functions         (NBFAUX) = 152
Inactive Doubly occupied orbitals up to     (NO1)    = 0
No. considered Strongly Doubly occupied MOs (NDOC)   = 6
No. considered Strongly Singly occupied MOs (NSOC)   = 0
NO. of Weakly occ. per St. Doubly occ.  MOs (NCWO)   = 18
Dimension of the Nat. Orb. subspace         (NBF5)   = 114
No. of electrons                                     = 12
    No. of alpha electrons                           = 6
    No. of beta electrons                            = 6
Multiplicity                                         = 1

Geometry
========
 B       0.0000000       0.0000000      -0.7484170
 N       0.0000000       0.0000000       0.5345830

No violations of the orthonormality
No violations of the orthonormality
 
PNOF9/ADABelief Calculation
==================
 
  Nitext  Nit_orb  Time   Nit_occ  Time         Eelec          Etot           Ediff      maxdiff    MaxGrad_orb  Grad_occ
     1      10    5.5e+01    0    2.3e+01   -93.74473748   -79.30891176 -10092.74473748   0.001300   5.2e-03   1.2e-04 1.00
     2      30    1.2e+02    0    3.0e-02   -93.74473748   -79.30891176     0.00000000   0.001300   5.2e-03   1.2e-04 1.00
     3      50    2.0e+02    0    1.9e-02   -93.74473748   -79.30891176     0.00000000   0.001300   5.2e-03   1.2e-04 1.00
     4      52    2.0e+02    0    3.2e-02   -93.74475760   -79.30893188    -0.00002011   0.000487   1.9e-03   1.1e-04 1.00
 
RESULTS OF THE OCCUPATION OPTIMIZATION
========================================
   1    1.9999375  -15.59535722
   2    1.9997368  -7.69152529
   3    1.9775139  -1.05451158
   4    1.9664778  -0.63286013
   5    1.9562248  -0.46964196
   6    1.0015776  -0.27140433
   7    0.9983476  -0.27058789
   8    0.0353764  -0.03514043
   9    0.0126954  -0.02054747
  10    0.0067336  -0.01650277
  11    0.0002033  -0.00286345
  12    0.0000453  -0.00130371
  13    0.0000298  -0.00002707
  14    0.0034787  -0.00498967
  15    0.0119839  -0.01570781
  16    0.0032277  -0.00656689
  17    0.0000152  -0.00021810
  18    0.0000043  -0.00006550
  19    0.0000218  -0.00001872
  20    0.0032855  -0.00471688
  21    0.0046018  -0.00868720
  22    0.0025731  -0.00542049
  23    0.0000103  -0.00014057
  24    0.0000040  -0.00005627
  25    0.0000077  -0.00001104
  26    0.0003814  -0.00078939
  27    0.0011837  -0.00250691
  28    0.0021975  -0.00702717
  29    0.0000095  -0.00011598
  30    0.0000036  -0.00010055
  31    0.0000042  -0.00000851
  32    0.0002746  -0.00060490
  33    0.0011130  -0.00240318
  34    0.0021128  -0.00488762
  35    0.0000089  -0.00008360
  36    0.0000034  -0.00005306
  37    0.0000020  -0.00000437
  38    0.0002405  -0.00052866
  39    0.0003960  -0.00101398
  40    0.0016263  -0.00370306
  41    0.0000034  -0.00005201
  42    0.0000005  -0.00001949
  43    0.0000015  -0.00000380
  44    0.0002328  -0.00050882
  45    0.0003427  -0.00082855
  46    0.0010431  -0.00428447
  47    0.0000024  -0.00003955
  48    0.0000003  -0.00000716
  49    0.0000014  -0.00000329
  50    0.0001400  -0.00031346
  51    0.0003199  -0.00079248
  52    0.0006430  -0.00161942
  53    0.0000017  -0.00004150
  54    0.0000002  -0.00000599
  55    0.0000011  -0.00000289
  56    0.0000779  -0.00018249
  57    0.0002064  -0.00054947
  58    0.0005530  -0.00318907
  59    0.0000015  -0.00004384
  60    0.0000002  -0.00000440
  61    0.0000010  -0.00000160
  62    0.0000695  -0.00018483
  63    0.0002028  -0.00054631
  64    0.0005077  -0.00126986
  65    0.0000013  -0.00003945
  66    0.0000001  -0.00000386
  67    0.0000008  -0.00000102
  68    0.0000582  -0.00016569
  69    0.0001875  -0.00049684
  70    0.0004950  -0.00144000
  71    0.0000011  -0.00002434
  72    0.0000001  -0.00000353
  73    0.0000007  -0.00000099
  74    0.0000429  -0.00013473
  75    0.0000741  -0.00021202
  76    0.0001949  -0.00055410
  77    0.0000009  -0.00001983
  78    0.0000001  -0.00000272
  79    0.0000006  -0.00000078
  80    0.0000283  -0.00008001
  81    0.0000508  -0.00015626
  82    0.0001933  -0.00055310
  83    0.0000008  -0.00001566
  84    0.0000001  -0.00000251
  85    0.0000005  -0.00000020
  86    0.0000228  -0.00008335
  87    0.0000449  -0.00015439
  88    0.0001310  -0.00043947
  89    0.0000007  -0.00001520
  90    0.0000001  -0.00000157
  91    0.0000005  -0.00000011
  92    0.0000195  -0.00007809
  93    0.0000432  -0.00014064
  94    0.0001203  -0.00035534
  95    0.0000007  -0.00001436
  96    0.0000001  -0.00000154
  97    0.0000004  -0.00000014
  98    0.0000163  -0.00006135
  99    0.0000367  -0.00011151
 100    0.0000685  -0.00024505
 101    0.0000006  -0.00001167
 102    0.0000001  -0.00000136
 103    0.0000003  -0.00000009
 104    0.0000154  -0.00006135
 105    0.0000202  -0.00008479
 106    0.0000383  -0.00016999
 107    0.0000005  -0.00002052
 108    0.0000001  -0.00000100
 109    0.0000003  -0.00000007
 110    0.0000144  -0.00006022
 111    0.0000192  -0.00008462
 112    0.0000270  -0.00015489
 113    0.0000005  -0.00002323
 114    0.0000000  -0.00000050
 
----------------
 Final Energies 
----------------
Final NOF Total Energy =     -79.3089319
 
Total Orbital Internal Iterations = 142
Total Occupation Internal Iterations = 0
 
Elapsed time:  621.95 Seconds

---------------------------------
   Lowdin Population Analysis    
---------------------------------
 Idx  Atom   Population   Charge 
---------------------------------
  1     B     5.186      -0.186
  2     N     6.814       0.186

---------------------------------
   M Diagnostic: 1.00
---------------------------------

Recovering execution output...
Moving from /scratch/pobleyef/211078 to /home-nas/pobleyef/Poison-NOF/ncwomax/P30-5/GNOFm25/arina.211078
mkdir -p /home-nas/pobleyef/Poison-NOF/ncwomax/P30-5/GNOFm25/arina.211078
mv /scratch/pobleyef/211078/* /home-nas/pobleyef/Poison-NOF/ncwomax/P30-5/GNOFm25/arina.211078
