W4-11-cl
/software/eb2024/easybuild/software/common/software/Julia/1.11.3-linux-x86_64/bin/julia
Job runing on nh012
Choosing scratch ...
Automatic scratch folder selection
/scratch/pobleyef/284330
/scratch/pobleyef/284330 directory
cp W4-11-cl.jl W4-11-cl.jld2 to  /scratch/pobleyef/284330/.
Computing Integrals
Basis Set                                            = def2-qzvp
Auxiliary Basis Set                                  = def2-universal-jkfit
Gaussian Type                                        = Spherical
Elapsed time:    3.58 Seconds

Number of basis functions                   (NBF)    = 70
Number of auxiliary basis functions         (NBFAUX) = 128
Inactive Doubly occupied orbitals up to     (NO1)    = 0
No. considered Strongly Doubly occupied MOs (NDOC)   = 8
No. considered Strongly Singly occupied MOs (NSOC)   = 1
NO. of Weakly occ. per St. Doubly occ.  MOs (NCWO)   = 7
Dimension of the Nat. Orb. subspace         (NBF5)   = 65
No. of electrons                                     = 17
    No. of alpha electrons                           = 9
    No. of beta electrons                            = 8
Multiplicity                                         = 2

Geometry
========
Cl       0.0000000       0.0000000       0.0000000

No violations of the orthonormality
No violations of the orthonormality
 
PNOF8/ADABelief Calculation
==================
 
  Nitext  Nit_orb  Time   Nit_occ  Time         Eelec          Etot           Ediff      maxdiff    MaxGrad_orb  Grad_occ
     1      10    2.8e+01   37    3.4e+01  -459.83040526  -459.83040526 -10458.83040526   0.017799   7.1e-02   2.4e-04 0.03
     2      20    1.7e-01   23    8.2e-02  -459.95017489  -459.95017489    -0.11976963   0.357662   1.4e+00   1.5e-04 0.03
     3      20    1.5e-01   18    7.0e-02  -459.98105313  -459.98105313    -0.03087823   0.046436   1.9e-01   2.4e-04 0.03
     4      20    1.4e-01   14    6.4e-02  -459.98537086  -459.98537086    -0.00431773   0.096924   3.9e-01   1.6e-04 0.03
     5      20    1.4e-01   13    5.2e-02  -459.99290871  -459.99290871    -0.00753785   0.043786   1.8e-01   1.8e-04 0.03
     6      20    1.4e-01   14    6.5e-02  -459.99565790  -459.99565790    -0.00274919   0.060321   2.4e-01   1.4e-04 0.03
     7      20    1.6e-01   14    9.7e-02  -459.99887059  -459.99887059    -0.00321269   0.048682   1.9e-01   1.6e-04 0.03
     8      20    1.2e-01    9    4.2e-02  -460.00026855  -460.00026855    -0.00139796   0.045428   1.8e-01   2.4e-04 0.03
     9      20    1.3e-01   14    5.6e-02  -460.00064150  -460.00064150    -0.00037294   0.077531   3.1e-01   1.3e-04 0.03
    10      20    1.3e-01   14    5.8e-02  -460.00325718  -460.00325718    -0.00261568   0.039718   1.6e-01   1.2e-04 0.03
    11      20    1.3e-01   13    6.0e-02  -460.00429591  -460.00429591    -0.00103873   0.043280   1.7e-01   1.2e-04 0.03
    12      20    1.4e-01    6    3.5e-02  -460.00500393  -460.00500393    -0.00070803   0.040571   1.6e-01   2.1e-04 0.03
    13      20    1.3e-01    4    2.4e-02  -460.00528829  -460.00528829    -0.00028436   0.044181   1.8e-01   2.7e-04 0.03
    14      20    1.3e-01    0    5.5e-03  -460.00530291  -460.00530291    -0.00001461   0.044181   1.8e-01   2.7e-04 0.03
    15      40    2.3e-01   10    3.9e-02  -460.00855178  -460.00855178    -0.00324887   0.002545   1.0e-02   1.4e-04 0.03
    16      40    2.6e-01    0    1.1e-02  -460.00858105  -460.00858105    -0.00002927   0.002545   1.0e-02   1.4e-04 0.03
    17      60    3.5e-01    4    2.2e-02  -460.00865801  -460.00865801    -0.00007697   0.000876   3.5e-03   1.3e-04 0.03
 
RESULTS OF THE OCCUPATION OPTIMIZATION
========================================
   1    1.9999975  -104.94482746
   2    1.9998906  -10.63811552
   3    1.9980081  -8.09760279
   4    1.9981224  -8.09581056
   5    1.9979203  -8.09530294
   6    1.9782376  -1.09870391
   7    1.9645615  -0.51955516
   8    1.9604977  -0.51789813
   9    1.0000000  -0.30955810
  10    0.0110715  -0.01822055
  11    0.0128354  -0.01974929
  12    0.0096407  -0.02951311
  13    0.0008868  -0.00975525
  14    0.0008944  -0.00973087
  15    0.0009520  -0.01024051
  16    0.0001046  -0.00245980
  17    0.0000009  -0.00006963
  18    0.0102398  -0.01750581
  19    0.0117225  -0.01782844
  20    0.0067375  -0.01908737
  21    0.0006458  -0.01241670
  22    0.0004818  -0.01129964
  23    0.0008720  -0.01146025
  24    0.0000034  -0.00058318
  25    0.0000004  -0.00001985
  26    0.0095263  -0.01616380
  27    0.0092230  -0.02045942
  28    0.0024846  -0.01076465
  29    0.0004651  -0.01110993
  30    0.0004019  -0.01007447
  31    0.0000699  -0.00109336
  32    0.0000004  -0.00001820
  33    0.0000003  -0.00001697
  34    0.0078238  -0.01901130
  35    0.0006078  -0.00131963
  36    0.0007967  -0.00188295
  37    0.0000455  -0.00049231
  38    0.0000661  -0.00162485
  39    0.0000657  -0.00103384
  40    0.0000003  -0.00001334
  41    0.0000003  -0.00001375
  42    0.0005357  -0.00126334
  43    0.0006059  -0.00131525
  44    0.0007938  -0.00187414
  45    0.0000145  -0.00014505
  46    0.0000127  -0.00042084
  47    0.0000140  -0.00070917
  48    0.0000002  -0.00001246
  49    0.0000002  -0.00001330
  50    0.0001542  -0.00053735
  51    0.0002545  -0.00105035
  52    0.0006753  -0.00159010
  53    0.0000127  -0.00015128
  54    0.0000110  -0.00011731
  55    0.0000103  -0.00012707
  56    0.0000002  -0.00001066
  57    0.0000002  -0.00001220
  58    0.0001511  -0.00051582
  59    0.0001894  -0.00061865
  60    0.0006339  -0.00149614
  61    0.0000093  -0.00010127
  62    0.0000096  -0.00010028
  63    0.0000080  -0.00009223
  64    0.0000002  -0.00000977
  65    0.0000002  -0.00001078
 
----------------
 Final Energies 
----------------
Final NOF Total Energy =    -460.0086580
 
Total Orbital Internal Iterations = 410
Total Occupation Internal Iterations = 207
 
Elapsed time:   85.49 Seconds

---------------------------------
   Lowdin Population Analysis    
---------------------------------
 Idx  Atom   Population   Charge 
---------------------------------
  1    Cl    17.000      -0.000

---------------------------------
   M Diagnostic: 0.03
---------------------------------

Recovering execution output...
Moving from /scratch/pobleyef/284330 to /home-nas/pobleyef/Poison-NOF/ncwomax/P30-5/GNOFm25/arina.284330
mkdir -p /home-nas/pobleyef/Poison-NOF/ncwomax/P30-5/GNOFm25/arina.284330
mv /scratch/pobleyef/284330/* /home-nas/pobleyef/Poison-NOF/ncwomax/P30-5/GNOFm25/arina.284330
