W4-11-bn
/software/eb2024/easybuild/software/common/software/Julia/1.11.3-linux-x86_64/bin/julia
Job runing on nh040
Choosing scratch ...
Automatic scratch folder selection
/scratch/pobleyef/284326
/scratch/pobleyef/284326 directory
cp W4-11-bn.jl W4-11-bn.jld2 to  /scratch/pobleyef/284326/.
Computing Integrals
Basis Set                                            = def2-qzvp
Auxiliary Basis Set                                  = def2-universal-jkfit
Gaussian Type                                        = Spherical
Elapsed time:    3.80 Seconds

Number of basis functions                   (NBF)    = 114
Number of auxiliary basis functions         (NBFAUX) = 152
Inactive Doubly occupied orbitals up to     (NO1)    = 0
No. considered Strongly Doubly occupied MOs (NDOC)   = 6
No. considered Strongly Singly occupied MOs (NSOC)   = 0
NO. of Weakly occ. per St. Doubly occ.  MOs (NCWO)   = 18
Dimension of the Nat. Orb. subspace         (NBF5)   = 114
No. of electrons                                     = 12
    No. of alpha electrons                           = 6
    No. of beta electrons                            = 6
Multiplicity                                         = 1

Geometry
========
 B       0.0000000       0.0000000      -0.7484170
 N       0.0000000       0.0000000       0.5345830

No violations of the orthonormality
No violations of the orthonormality
 
PNOF8/ADABelief Calculation
==================
 
  Nitext  Nit_orb  Time   Nit_occ  Time         Eelec          Etot           Ediff      maxdiff    MaxGrad_orb  Grad_occ
     1      10    2.9e+01   25    3.7e+01   -93.66430915   -79.22848343 -10092.66430915   0.026343   1.1e-01   1.8e-04 0.64
     2      20    2.8e+00   22    4.9e-01   -93.72452119   -79.28869547    -0.06021204   0.050531   2.0e-01   2.3e-04 0.66
     3      20    2.9e+00   22    5.2e-01   -93.73685676   -79.30103103    -0.01233556   0.009562   3.8e-02   1.8e-04 0.68
     4      20    2.8e+00   18    3.8e-01   -93.74073409   -79.30490837    -0.00387734   0.014820   5.9e-02   2.5e-04 0.68
     5      20    2.7e+00   16    3.7e-01   -93.74250401   -79.30667829    -0.00176992   0.016117   6.4e-02   2.1e-04 0.69
     6      20    2.7e+00    7    3.0e-01   -93.74372657   -79.30790085    -0.00122256   0.022003   8.8e-02   2.1e-04 0.69
     7      20    2.7e+00   15    3.2e-01   -93.74510842   -79.30928270    -0.00138185   0.021735   8.7e-02   2.4e-04 0.71
     8      20    2.8e+00    8    2.4e-01   -93.74694060   -79.31111488    -0.00183218   0.027330   1.1e-01   2.1e-04 0.72
     9      20    2.8e+00   20    4.5e-01   -93.74798484   -79.31215912    -0.00104424   0.022624   9.0e-02   1.7e-04 0.74
    10      20    2.7e+00    8    2.5e-01   -93.74921982   -79.31339410    -0.00123498   0.033310   1.3e-01   1.9e-04 0.75
    11      20    2.7e+00    6    1.7e-01   -93.75079510   -79.31496938    -0.00157528   0.031454   1.3e-01   2.3e-04 0.77
    12      20    2.7e+00   12    3.0e-01   -93.75238076   -79.31655504    -0.00158565   0.019889   8.0e-02   1.7e-04 0.79
    13      20    2.8e+00    7    2.2e-01   -93.75384817   -79.31802245    -0.00146741   0.013851   5.5e-02   2.0e-04 0.80
    14      20    2.7e+00    7    2.8e-01   -93.75449323   -79.31866751    -0.00064506   0.018748   7.5e-02   2.0e-04 0.81
    15      20    2.7e+00    5    2.0e-01   -93.75515665   -79.31933093    -0.00066342   0.017941   7.2e-02   1.9e-04 0.82
    16      20    2.6e+00   11    2.9e-01   -93.75546957   -79.31964385    -0.00031292   0.014454   5.8e-02   2.4e-04 0.83
    17      20    2.7e+00    3    7.2e-02   -93.75594555   -79.32011983    -0.00047598   0.015607   6.2e-02   1.7e-04 0.84
    18      20    2.7e+00    0    3.0e-02   -93.75595646   -79.32013074    -0.00001091   0.015607   6.2e-02   1.7e-04 0.84
    19      40    5.3e+00    3    6.4e-02   -93.75949198   -79.32366626    -0.00353552   0.002824   1.1e-02   1.6e-04 0.87
    20      40    5.5e+00    3    9.5e-02   -93.76048690   -79.32466117    -0.00099492   0.003178   1.3e-02   1.7e-04 0.90
    21      40    5.4e+00    3    1.2e-01   -93.76117412   -79.32534840    -0.00068722   0.002833   1.1e-02   1.6e-04 0.93
    22      40    5.6e+00    3    1.8e-01   -93.76158919   -79.32576347    -0.00041508   0.002443   9.8e-03   1.8e-04 0.96
    23      40    5.3e+00    3    1.7e-01   -93.76180300   -79.32597728    -0.00021381   0.002404   9.6e-03   2.0e-04 0.97
    24      40    5.5e+00    1    1.1e-01   -93.76190190   -79.32607618    -0.00009890   0.002286   9.1e-03   1.6e-04 0.98
    25      40    5.5e+00    1    5.7e-02   -93.76193756   -79.32611184    -0.00003565   0.002305   9.2e-03   1.8e-04 0.99
    26      40    5.4e+00    1    1.0e-01   -93.76194799   -79.32612227    -0.00001044   0.002165   8.7e-03   1.7e-04 0.99
    27      40    5.4e+00    7    2.7e-01   -93.76195552   -79.32612980    -0.00000753   0.001967   7.9e-03   2.1e-04 1.00
    28      40    5.4e+00    1    4.4e-02   -93.76200562   -79.32617990    -0.00005009   0.001835   7.3e-03   2.1e-04 1.00
    29      40    5.5e+00    3    8.1e-02   -93.76201458   -79.32618886    -0.00000896   0.001460   5.8e-03   1.6e-04 1.00
    30      40    5.3e+00    0    2.3e-02   -93.76202112   -79.32619540    -0.00000654   0.001460   5.8e-03   1.6e-04 1.00
    31      30    3.9e+00    1    8.6e-02   -93.76205912   -79.32623340    -0.00003800   0.000500   2.0e-03   1.6e-04 1.00
 
RESULTS OF THE OCCUPATION OPTIMIZATION
========================================
   1    1.9999274  -15.59933819
   2    1.9997280  -7.69157704
   3    1.9727335  -1.10444022
   4    1.9609533  -0.58912381
   5    1.9476229  -0.47331137
   6    1.0015544  -0.27312868
   7    0.9983083  -0.27227568
   8    0.0421937  -0.03859293
   9    0.0156740  -0.01787753
  10    0.0119862  -0.02305154
  11    0.0002103  -0.00282352
  12    0.0000572  -0.00160449
  13    0.0000483  -0.00003355
  14    0.0037610  -0.00510287
  15    0.0103203  -0.01619939
  16    0.0039229  -0.00716621
  17    0.0000143  -0.00017679
  18    0.0000037  -0.00012266
  19    0.0000297  -0.00002975
  20    0.0036293  -0.00489766
  21    0.0054132  -0.00881547
  22    0.0025926  -0.00739517
  23    0.0000119  -0.00012952
  24    0.0000032  -0.00007327
  25    0.0000217  -0.00001700
  26    0.0009800  -0.00164924
  27    0.0033696  -0.00600191
  28    0.0025268  -0.00541410
  29    0.0000112  -0.00018135
  30    0.0000032  -0.00005112
  31    0.0000105  -0.00001412
  32    0.0004022  -0.00084851
  33    0.0014233  -0.00280396
  34    0.0019595  -0.00428749
  35    0.0000094  -0.00008546
  36    0.0000031  -0.00004961
  37    0.0000052  -0.00000994
  38    0.0002837  -0.00059790
  39    0.0012252  -0.00398295
  40    0.0010163  -0.00311472
  41    0.0000031  -0.00004528
  42    0.0000005  -0.00001209
  43    0.0000034  -0.00000574
  44    0.0002733  -0.00058723
  45    0.0004785  -0.00112106
  46    0.0007488  -0.00393832
  47    0.0000022  -0.00003574
  48    0.0000004  -0.00001035
  49    0.0000030  -0.00000485
  50    0.0002445  -0.00052082
  51    0.0003927  -0.00088084
  52    0.0005765  -0.00130735
  53    0.0000016  -0.00005045
  54    0.0000002  -0.00000600
  55    0.0000026  -0.00000406
  56    0.0001568  -0.00036354
  57    0.0002512  -0.00063020
  58    0.0005436  -0.00127558
  59    0.0000015  -0.00003284
  60    0.0000002  -0.00000414
  61    0.0000022  -0.00000423
  62    0.0001484  -0.00032855
  63    0.0001392  -0.00035878
  64    0.0003380  -0.00088121
  65    0.0000012  -0.00003539
  66    0.0000001  -0.00000362
  67    0.0000021  -0.00000189
  68    0.0000818  -0.00017797
  69    0.0000899  -0.00025164
  70    0.0002645  -0.00077624
  71    0.0000011  -0.00002255
  72    0.0000001  -0.00000320
  73    0.0000017  -0.00000139
  74    0.0000715  -0.00019614
  75    0.0000764  -0.00020613
  76    0.0002231  -0.00060122
  77    0.0000008  -0.00001716
  78    0.0000001  -0.00000244
  79    0.0000015  -0.00000134
  80    0.0000500  -0.00014837
  81    0.0000619  -0.00018461
  82    0.0002136  -0.00057708
  83    0.0000008  -0.00001525
  84    0.0000001  -0.00000205
  85    0.0000014  -0.00000079
  86    0.0000252  -0.00008201
  87    0.0000370  -0.00013871
  88    0.0001961  -0.00056495
  89    0.0000007  -0.00001334
  90    0.0000001  -0.00000176
  91    0.0000013  -0.00000073
  92    0.0000223  -0.00006915
  93    0.0000301  -0.00011444
  94    0.0000559  -0.00021421
  95    0.0000006  -0.00001358
  96    0.0000001  -0.00000161
  97    0.0000012  -0.00000097
  98    0.0000210  -0.00008529
  99    0.0000252  -0.00009740
 100    0.0000473  -0.00018864
 101    0.0000005  -0.00001488
 102    0.0000001  -0.00000117
 103    0.0000009  -0.00000037
 104    0.0000173  -0.00007228
 105    0.0000220  -0.00009137
 106    0.0000295  -0.00017072
 107    0.0000005  -0.00003318
 108    0.0000001  -0.00000092
 109    0.0000007  -0.00000029
 110    0.0000152  -0.00006010
 111    0.0000168  -0.00006610
 112    0.0000252  -0.00010133
 113    0.0000004  -0.00001128
 114    0.0000001  -0.00000034
 
----------------
 Final Energies 
----------------
Final NOF Total Energy =     -79.3262334
 
Total Orbital Internal Iterations = 860
Total Occupation Internal Iterations = 242
 
Elapsed time:  210.12 Seconds

---------------------------------
   Lowdin Population Analysis    
---------------------------------
 Idx  Atom   Population   Charge 
---------------------------------
  1     B     5.190      -0.190
  2     N     6.810       0.190

---------------------------------
   M Diagnostic: 1.00
---------------------------------

Recovering execution output...
Moving from /scratch/pobleyef/284326 to /home-nas/pobleyef/Poison-NOF/ncwomax/P30-5/GNOFm25/arina.284326
mkdir -p /home-nas/pobleyef/Poison-NOF/ncwomax/P30-5/GNOFm25/arina.284326
mv /scratch/pobleyef/284326/* /home-nas/pobleyef/Poison-NOF/ncwomax/P30-5/GNOFm25/arina.284326
