W4-11-c2
/software/eb2024/easybuild/software/common/software/Julia/1.11.3-linux-x86_64/bin/julia
Job runing on nh044
Choosing scratch ...
Automatic scratch folder selection
/scratch/pobleyef/284327
/scratch/pobleyef/284327 directory
cp W4-11-c2.jl W4-11-c2.jld2 to  /scratch/pobleyef/284327/.
Computing Integrals
Basis Set                                            = def2-qzvp
Auxiliary Basis Set                                  = def2-universal-jkfit
Gaussian Type                                        = Spherical
Elapsed time:    3.65 Seconds

Number of basis functions                   (NBF)    = 114
Number of auxiliary basis functions         (NBFAUX) = 150
Inactive Doubly occupied orbitals up to     (NO1)    = 0
No. considered Strongly Doubly occupied MOs (NDOC)   = 6
No. considered Strongly Singly occupied MOs (NSOC)   = 0
NO. of Weakly occ. per St. Doubly occ.  MOs (NCWO)   = 18
Dimension of the Nat. Orb. subspace         (NBF5)   = 114
No. of electrons                                     = 12
    No. of alpha electrons                           = 6
    No. of beta electrons                            = 6
Multiplicity                                         = 1

Geometry
========
 C       0.0000000       0.0000000       0.6200000
 C       0.0000000       0.0000000      -0.6200000

No violations of the orthonormality
No violations of the orthonormality
 
PNOF8/ADABelief Calculation
==================
 
  Nitext  Nit_orb  Time   Nit_occ  Time         Eelec          Etot           Ediff      maxdiff    MaxGrad_orb  Grad_occ
     1      10    2.9e+01   17    3.5e+01   -91.11904367   -75.75586583 -10090.11904367   0.017275   6.9e-02   2.2e-04 0.66
     2      20    2.7e+00   35    8.6e-01   -91.12937152   -75.76619368    -0.01032784   0.013857   5.5e-02   2.2e-04 0.62
     3      20    2.7e+00   27    5.3e-01   -91.16275068   -75.79957284    -0.03337917   0.013267   5.3e-02   2.0e-04 0.60
     4      20    2.8e+00   25    5.6e-01   -91.16914168   -75.80596384    -0.00639100   0.017663   7.1e-02   2.4e-04 0.60
     5      20    2.8e+00    8    2.1e-01   -91.17290986   -75.80973202    -0.00376818   0.012718   5.1e-02   3.1e-04 0.60
     6      20    2.7e+00   27    6.1e-01   -91.17386981   -75.81069196    -0.00095995   0.019420   7.8e-02   1.9e-04 0.60
     7      20    2.7e+00   17    4.0e-01   -91.17559355   -75.81241570    -0.00172374   0.009677   3.9e-02   2.1e-04 0.60
     8      20    2.8e+00   17    5.4e-01   -91.17591776   -75.81273992    -0.00032421   0.015054   6.0e-02   2.2e-04 0.60
     9      20    2.7e+00    0    3.1e-02   -91.17602893   -75.81285109    -0.00011117   0.015054   6.0e-02   2.2e-04 0.60
    10      40    5.3e+00    8    2.1e-01   -91.17779828   -75.81462044    -0.00176935   0.001342   5.4e-03   1.6e-04 0.60
    11      40    5.4e+00    3    9.9e-02   -91.17804156   -75.81486372    -0.00024328   0.001956   7.8e-03   2.1e-04 0.60
    12      40    5.5e+00   17    3.8e-01   -91.17816614   -75.81498829    -0.00012458   0.002545   1.0e-02   2.2e-04 0.60
    13      40    5.4e+00    1    4.4e-02   -91.17840464   -75.81522680    -0.00023851   0.001788   7.2e-03   2.1e-04 0.60
    14      40    5.6e+00    3    6.0e-02   -91.17846172   -75.81528388    -0.00005707   0.002011   8.0e-03   1.6e-04 0.60
    15      40    5.5e+00    3    7.8e-02   -91.17851777   -75.81533992    -0.00005605   0.001869   7.5e-03   2.2e-04 0.60
    16      40    5.7e+00    0    3.5e-02   -91.17856059   -75.81538274    -0.00004282   0.001673   6.7e-03   1.9e-04 0.60
    17      50    6.9e+00    8    2.2e-01   -91.17859523   -75.81541739    -0.00003464   0.001248   5.0e-03   2.0e-04 0.60
    18      50    6.7e+00    3    1.2e-01   -91.17863917   -75.81546133    -0.00004394   0.001614   6.5e-03   1.9e-04 0.60
    19      50    6.8e+00    1    5.1e-02   -91.17866035   -75.81548251    -0.00002118   0.001023   4.1e-03   1.5e-04 0.60
    20      50    7.0e+00    0    3.1e-02   -91.17866062   -75.81548278    -0.00000027   0.001023   4.1e-03   1.5e-04 0.60
    21      47    6.4e+00    0    9.0e-02   -91.17866991   -75.81549207    -0.00000929   0.000488   2.0e-03   1.2e-04 0.60
 
RESULTS OF THE OCCUPATION OPTIMIZATION
========================================
   1    1.9997841  -11.32159962
   2    1.9997798  -11.31937674
   3    1.9735107  -1.04969847
   4    1.9411328  -0.46385732
   5    1.9430387  -0.46378075
   6    1.4007623  -0.45529526
   7    0.5991574  -0.21173446
   8    0.0424644  -0.03684675
   9    0.0435408  -0.03719986
  10    0.0115088  -0.02139423
  11    0.0001837  -0.00325676
  12    0.0001798  -0.00322763
  13    0.0000274  -0.00001224
  14    0.0048314  -0.00603063
  15    0.0048139  -0.00595679
  16    0.0041448  -0.01149637
  17    0.0000098  -0.00028941
  18    0.0000111  -0.00031058
  19    0.0000158  -0.00000813
  20    0.0043030  -0.00552884
  21    0.0043678  -0.00553695
  22    0.0026030  -0.00772442
  23    0.0000068  -0.00006701
  24    0.0000066  -0.00005944
  25    0.0000121  -0.00000688
  26    0.0027990  -0.00410478
  27    0.0038163  -0.00472408
  28    0.0023235  -0.00490145
  29    0.0000060  -0.00005344
  30    0.0000061  -0.00005044
  31    0.0000056  -0.00001494
  32    0.0009910  -0.00176761
  33    0.0014108  -0.00238824
  34    0.0012452  -0.00295575
  35    0.0000057  -0.00004881
  36    0.0000055  -0.00004641
  37    0.0000047  -0.00001511
  38    0.0003901  -0.00079543
  39    0.0002140  -0.00046076
  40    0.0009545  -0.00351787
  41    0.0000016  -0.00002978
  42    0.0000010  -0.00002275
  43    0.0000045  -0.00001394
  44    0.0002588  -0.00047896
  45    0.0001511  -0.00028264
  46    0.0008079  -0.00188398
  47    0.0000013  -0.00002688
  48    0.0000010  -0.00005466
  49    0.0000024  -0.00001095
  50    0.0002582  -0.00047905
  51    0.0001163  -0.00022665
  52    0.0007602  -0.00156753
  53    0.0000009  -0.00004124
  54    0.0000008  -0.00001739
  55    0.0000020  -0.00001042
  56    0.0002129  -0.00043368
  57    0.0000943  -0.00019834
  58    0.0004089  -0.00102965
  59    0.0000009  -0.00002353
  60    0.0000008  -0.00001634
  61    0.0000012  -0.00000715
  62    0.0001001  -0.00020853
  63    0.0000775  -0.00020840
  64    0.0003627  -0.00096291
  65    0.0000008  -0.00002402
  66    0.0000006  -0.00001787
  67    0.0000011  -0.00000458
  68    0.0000828  -0.00018395
  69    0.0000637  -0.00018060
  70    0.0003585  -0.00086377
  71    0.0000006  -0.00001551
  72    0.0000006  -0.00001406
  73    0.0000008  -0.00000293
  74    0.0000721  -0.00018929
  75    0.0000556  -0.00015568
  76    0.0002079  -0.00054650
  77    0.0000005  -0.00001052
  78    0.0000005  -0.00001063
  79    0.0000008  -0.00000276
  80    0.0000653  -0.00019250
  81    0.0000406  -0.00014549
  82    0.0001923  -0.00051585
  83    0.0000004  -0.00000750
  84    0.0000004  -0.00000673
  85    0.0000006  -0.00000282
  86    0.0000540  -0.00016474
  87    0.0000333  -0.00010794
  88    0.0001859  -0.00050437
  89    0.0000003  -0.00000623
  90    0.0000003  -0.00000595
  91    0.0000005  -0.00000027
  92    0.0000252  -0.00009038
  93    0.0000234  -0.00008775
  94    0.0001782  -0.00048482
  95    0.0000003  -0.00000410
  96    0.0000003  -0.00000472
  97    0.0000004  -0.00000030
  98    0.0000222  -0.00005751
  99    0.0000190  -0.00005506
 100    0.0001285  -0.00039393
 101    0.0000003  -0.00000379
 102    0.0000003  -0.00000243
 103    0.0000003  -0.00000016
 104    0.0000160  -0.00005637
 105    0.0000170  -0.00005579
 106    0.0000933  -0.00026334
 107    0.0000002  -0.00000210
 108    0.0000002  -0.00000141
 109    0.0000001  -0.00000003
 110    0.0000150  -0.00004789
 111    0.0000118  -0.00004973
 112    0.0000252  -0.00012404
 113    0.0000001  -0.00000071
 114    0.0000001  -0.00000076
 
----------------
 Final Energies 
----------------
Final NOF Total Energy =     -75.8154921
 
Total Orbital Internal Iterations = 697
Total Occupation Internal Iterations = 220
 
Elapsed time:  184.42 Seconds

---------------------------------
   Lowdin Population Analysis    
---------------------------------
 Idx  Atom   Population   Charge 
---------------------------------
  1     C     6.000       0.000
  2     C     6.000      -0.000

---------------------------------
   M Diagnostic: 0.60
---------------------------------

Recovering execution output...
Moving from /scratch/pobleyef/284327 to /home-nas/pobleyef/Poison-NOF/ncwomax/P30-5/GNOFm25/arina.284327
mkdir -p /home-nas/pobleyef/Poison-NOF/ncwomax/P30-5/GNOFm25/arina.284327
mv /scratch/pobleyef/284327/* /home-nas/pobleyef/Poison-NOF/ncwomax/P30-5/GNOFm25/arina.284327
