Computing Integrals
Basis Set                                            = def2-qzvp
Auxiliary Basis Set                                  = def2-universal-jkfit
Gaussian Type                                        = Spherical
Elapsed time:    6.05 Seconds

Number of basis functions                   (NBF)    = 171
Number of auxiliary basis functions         (NBFAUX) = 231
Inactive Doubly occupied orbitals up to     (NO1)    = 0
No. considered Strongly Doubly occupied MOs (NDOC)   = 12
No. considered Strongly Singly occupied MOs (NSOC)   = 0
NO. of Weakly occ. per St. Doubly occ.  MOs (NCWO)   = 13
Dimension of the Nat. Orb. subspace         (NBF5)   = 168
No. of electrons                                     = 24
    No. of alpha electrons                           = 12
    No. of beta electrons                            = 12
Multiplicity                                         = 1

Geometry
========
 O       0.0000000       0.0000000       0.4412240
 O       0.0000000       1.0825250      -0.2206120
 O       0.0000000      -1.0825250      -0.2206120

No violations of the orthonormality
No violations of the orthonormality
 
PNOF8/ADABelief Calculation
==================
 
  Nitext  Nit_orb  Time   Nit_occ  Time         Eelec          Etot           Ediff      maxdiff    MaxGrad_orb  Grad_occ
     1      10    6.0e+01    0    2.5e+01  -294.30816489  -225.28127629 -10293.30816489   0.000492   2.0e-03   2.2e-04 0.63
 
RESULTS OF THE OCCUPATION OPTIMIZATION
========================================
   1    1.9999510  -20.76252444
   2    1.9999517  -20.75591609
   3    1.9999494  -20.73173304
   4    1.9843747  -1.70375011
   5    1.9810411  -1.37083033
   6    1.9777129  -1.14389691
   7    1.9556701  -0.77442413
   8    1.9560248  -0.75900294
   9    1.9722031  -0.74761457
  10    1.9735596  -0.74244657
  11    1.9737092  -0.71591982
  12    1.3705951  -0.45428078
  13    0.6293863  -0.24418644
  14    0.0111443  -0.01804435
  15    0.0119468  -0.01916494
  16    0.0105959  -0.01682517
  17    0.0420126  -0.06793853
  18    0.0437175  -0.06996654
  19    0.0103044  -0.02179606
  20    0.0078458  -0.01885814
  21    0.0053521  -0.01602305
  22    0.0000114  -0.00043213
  23    0.0000106  -0.00038969
  24    0.0000134  -0.00041987
  25    0.0000031  -0.00000446
  26    0.0063932  -0.01106857
  27    0.0046959  -0.00862232
  28    0.0071475  -0.01257196
  29    0.0015682  -0.00448661
  30    0.0002333  -0.00074149
  31    0.0050383  -0.00982454
  32    0.0035732  -0.00798792
  33    0.0031448  -0.00801982
  34    0.0000057  -0.00009947
  35    0.0000059  -0.00009899
  36    0.0000047  -0.00008571
  37    0.0000023  -0.00000444
  38    0.0046631  -0.00863230
  39    0.0042951  -0.00808111
  40    0.0056564  -0.00956548
  41    0.0001245  -0.00052608
  42    0.0001226  -0.00053509
  43    0.0030530  -0.00713085
  44    0.0032025  -0.00742103
  45    0.0027738  -0.00881367
  46    0.0000047  -0.00007530
  47    0.0000052  -0.00009230
  48    0.0000041  -0.00007357
  49    0.0000018  -0.00000340
  50    0.0014691  -0.00381211
  51    0.0034031  -0.00680192
  52    0.0019208  -0.00480322
  53    0.0001064  -0.00048038
  54    0.0001072  -0.00048408
  55    0.0013890  -0.00377978
  56    0.0013323  -0.00401704
  57    0.0024070  -0.00771631
  58    0.0000047  -0.00007614
  59    0.0000048  -0.00008178
  60    0.0000040  -0.00007196
  61    0.0000017  -0.00000309
  62    0.0008368  -0.00360464
  63    0.0005408  -0.00218099
  64    0.0007746  -0.00276007
  65    0.0000248  -0.00013748
  66    0.0000225  -0.00013348
  67    0.0008278  -0.00312648
  68    0.0008292  -0.00384447
  69    0.0005866  -0.00416233
  70    0.0000041  -0.00006973
  71    0.0000046  -0.00007744
  72    0.0000037  -0.00006592
  73    0.0000016  -0.00000184
  74    0.0004934  -0.00138997
  75    0.0003794  -0.00112705
  76    0.0005193  -0.00150816
  77    0.0000212  -0.00012670
  78    0.0000194  -0.00012341
  79    0.0004528  -0.00142801
  80    0.0006293  -0.00423441
  81    0.0004705  -0.00242469
  82    0.0000040  -0.00006844
  83    0.0000037  -0.00006770
  84    0.0000034  -0.00006395
  85    0.0000014  -0.00000150
  86    0.0003650  -0.00107354
  87    0.0003011  -0.00090487
  88    0.0003215  -0.00096173
  89    0.0000208  -0.00012503
  90    0.0000193  -0.00012228
  91    0.0004128  -0.00137082
  92    0.0004878  -0.00209835
  93    0.0002928  -0.00116925
  94    0.0000038  -0.00006828
  95    0.0000030  -0.00005682
  96    0.0000033  -0.00006151
  97    0.0000014  -0.00000160
  98    0.0003056  -0.00092293
  99    0.0002466  -0.00086332
 100    0.0002854  -0.00087673
 101    0.0000195  -0.00012127
 102    0.0000160  -0.00010969
 103    0.0002553  -0.00088200
 104    0.0003207  -0.00109959
 105    0.0001737  -0.00082318
 106    0.0000034  -0.00006217
 107    0.0000028  -0.00005538
 108    0.0000032  -0.00006115
 109    0.0000012  -0.00000074
 110    0.0002595  -0.00081013
 111    0.0002327  -0.00079336
 112    0.0002604  -0.00088509
 113    0.0000165  -0.00010520
 114    0.0000158  -0.00010293
 115    0.0002250  -0.00082121
 116    0.0002819  -0.00096971
 117    0.0001392  -0.00148797
 118    0.0000032  -0.00005957
 119    0.0000026  -0.00005338
 120    0.0000031  -0.00005932
 121    0.0000012  -0.00000293
 122    0.0002381  -0.00076459
 123    0.0001732  -0.00063075
 124    0.0002044  -0.00068262
 125    0.0000157  -0.00009805
 126    0.0000144  -0.00009425
 127    0.0001878  -0.00071430
 128    0.0002154  -0.00089847
 129    0.0001233  -0.00113406
 130    0.0000031  -0.00005653
 131    0.0000024  -0.00004844
 132    0.0000027  -0.00005284
 133    0.0000010  -0.00000265
 134    0.0000672  -0.00033599
 135    0.0001507  -0.00065326
 136    0.0000647  -0.00033681
 137    0.0000154  -0.00009585
 138    0.0000144  -0.00009256
 139    0.0000881  -0.00068663
 140    0.0001410  -0.00072895
 141    0.0000761  -0.00082447
 142    0.0000014  -0.00003125
 143    0.0000015  -0.00003462
 144    0.0000017  -0.00003667
 145    0.0000010  -0.00000259
 146    0.0000299  -0.00016751
 147    0.0000497  -0.00027541
 148    0.0000237  -0.00014689
 149    0.0000150  -0.00009556
 150    0.0000139  -0.00008903
 151    0.0000277  -0.00017498
 152    0.0000508  -0.00034986
 153    0.0000560  -0.00040190
 154    0.0000009  -0.00001781
 155    0.0000008  -0.00001830
 156    0.0000014  -0.00003231
 157    0.0000009  -0.00000284
 158    0.0000256  -0.00015502
 159    0.0000251  -0.00015458
 160    0.0000223  -0.00012717
 161    0.0000145  -0.00009038
 162    0.0000136  -0.00008815
 163    0.0000252  -0.00015508
 164    0.0000487  -0.00034229
 165    0.0000296  -0.00017331
 166    0.0000004  -0.00004309
 167    0.0000004  -0.00004222
 168    0.0000004  -0.00004292
 
----------------
 Final Energies 
----------------
Final NOF Total Energy =    -225.2812763
 
Total Orbital Internal Iterations = 10
Total Occupation Internal Iterations = 0
 
Elapsed time:  104.57 Seconds

---------------------------------
   Lowdin Population Analysis    
---------------------------------
 Idx  Atom   Population   Charge 
---------------------------------
  1     O     8.079      -0.079
  2     O     7.959       0.041
  3     O     7.962       0.038

---------------------------------
   M Diagnostic: 0.63
---------------------------------

