W4-11-bn3pi
/software/eb2024/easybuild/software/common/software/Julia/1.11.3-linux-x86_64/bin/julia
Job runing on nh031
Choosing scratch ...
Automatic scratch folder selection
/scratch/pobleyef/284325
/scratch/pobleyef/284325 directory
cp W4-11-bn3pi.jl W4-11-bn3pi.jld2 to  /scratch/pobleyef/284325/.
Computing Integrals
Basis Set                                            = def2-qzvp
Auxiliary Basis Set                                  = def2-universal-jkfit
Gaussian Type                                        = Spherical
Elapsed time:    3.69 Seconds

Number of basis functions                   (NBF)    = 114
Number of auxiliary basis functions         (NBFAUX) = 152
Inactive Doubly occupied orbitals up to     (NO1)    = 0
No. considered Strongly Doubly occupied MOs (NDOC)   = 5
No. considered Strongly Singly occupied MOs (NSOC)   = 2
NO. of Weakly occ. per St. Doubly occ.  MOs (NCWO)   = 21
Dimension of the Nat. Orb. subspace         (NBF5)   = 112
No. of electrons                                     = 12
    No. of alpha electrons                           = 7
    No. of beta electrons                            = 5
Multiplicity                                         = 3

Geometry
========
 B       0.0000000       0.0000000      -0.7759500
 N       0.0000000       0.0000000       0.5542500

No violations of the orthonormality
No violations of the orthonormality
 
PNOF8/ADABelief Calculation
==================
 
  Nitext  Nit_orb  Time   Nit_occ  Time         Eelec          Etot           Ediff      maxdiff    MaxGrad_orb  Grad_occ
     1      10    2.9e+01   33    3.6e+01   -93.18960332   -79.26600958 -10092.18960332   0.027980   1.1e-01   1.4e-04 0.06
     2      20    2.7e+00   26    6.4e-01   -93.24436230   -79.32076855    -0.05475898   0.175280   7.0e-01   2.0e-04 0.05
     3      20    2.6e+00   21    6.7e-01   -93.25659401   -79.33300026    -0.01223171   0.011523   4.6e-02   1.8e-04 0.05
     4      20    2.6e+00    0    1.1e-01   -93.25727877   -79.33368503    -0.00068476   0.011521   4.6e-02   1.8e-04 0.05
     5      40    5.3e+00   11    3.0e-01   -93.26014082   -79.33654708    -0.00286205   0.003223   1.3e-02   2.0e-04 0.05
     6      40    5.4e+00    8    2.2e-01   -93.26146760   -79.33787385    -0.00132677   0.002894   1.2e-02   1.9e-04 0.05
     7      40    5.2e+00   17    3.1e-01   -93.26240015   -79.33880640    -0.00093255   0.002176   8.7e-03   1.3e-04 0.05
     8      40    5.2e+00    6    1.4e-01   -93.26311970   -79.33952596    -0.00071955   0.003115   1.2e-02   2.0e-04 0.05
     9      40    5.2e+00    6    1.0e-01   -93.26370046   -79.34010672    -0.00058076   0.001981   7.9e-03   2.1e-04 0.05
    10      40    5.2e+00   12    2.6e-01   -93.26413675   -79.34054300    -0.00043628   0.002431   9.7e-03   1.4e-04 0.05
    11      40    5.3e+00    4    1.6e-01   -93.26455269   -79.34095894    -0.00041594   0.002351   9.4e-03   2.0e-04 0.05
    12      40    5.1e+00    7    1.1e-01   -93.26492871   -79.34133497    -0.00037603   0.003534   1.4e-02   2.3e-04 0.05
    13      40    5.6e+00    7    2.3e-01   -93.26537228   -79.34177854    -0.00044357   0.003311   1.3e-02   2.3e-04 0.05
    14      40    5.4e+00    9    2.2e-01   -93.26582449   -79.34223074    -0.00045220   0.003119   1.2e-02   1.8e-04 0.05
    15      40    5.4e+00    4    7.3e-02   -93.26617876   -79.34258502    -0.00035427   0.003090   1.2e-02   1.9e-04 0.05
    16      40    5.4e+00    4    8.1e-02   -93.26639157   -79.34279783    -0.00021281   0.002704   1.1e-02   1.8e-04 0.05
    17      40    5.4e+00    4    8.3e-02   -93.26649576   -79.34290202    -0.00010419   0.005247   2.1e-02   1.7e-04 0.05
    18      40    5.7e+00    2    9.1e-02   -93.26659001   -79.34299627    -0.00009425   0.003149   1.3e-02   2.2e-04 0.05
    19      40    5.2e+00    2    1.2e-01   -93.26662125   -79.34302750    -0.00003123   0.003314   1.3e-02   1.8e-04 0.05
    20      40    5.4e+00    0    2.6e-02   -93.26666515   -79.34307140    -0.00004390   0.002658   1.1e-02   1.7e-04 0.05
    21      50    7.2e+00    0    2.7e-02   -93.26670180   -79.34310805    -0.00003665   0.001576   6.3e-03   1.9e-04 0.05
    22      60    8.1e+00    0    2.2e-02   -93.26672024   -79.34312650    -0.00001844   0.001039   4.2e-03   2.0e-04 0.05
    23      70    9.3e+00    0    2.5e-02   -93.26672818   -79.34313443    -0.00000794   0.000926   3.7e-03   2.1e-04 0.05
 
RESULTS OF THE OCCUPATION OPTIMIZATION
========================================
   1    1.9999330  -15.61793039
   2    1.9997256  -7.69389010
   3    1.9716167  -1.10275665
   4    1.9608962  -0.58356752
   5    1.9456158  -0.46876242
   6    1.0000000  -0.27830630
   7    1.0000000  -0.27072495
   8    0.0407298  -0.03750365
   9    0.0200439  -0.02164190
  10    0.0130221  -0.02378363
  11    0.0002251  -0.00306455
  12    0.0000563  -0.00150447
  13    0.0050171  -0.00666831
  14    0.0095963  -0.01555153
  15    0.0041136  -0.00874995
  16    0.0000137  -0.00027247
  17    0.0000029  -0.00006686
  18    0.0038133  -0.00518633
  19    0.0032409  -0.00589002
  20    0.0025697  -0.00628024
  21    0.0000108  -0.00010950
  22    0.0000024  -0.00003781
  23    0.0034771  -0.00470486
  24    0.0014863  -0.00292315
  25    0.0025270  -0.00543940
  26    0.0000091  -0.00009173
  27    0.0000019  -0.00003016
  28    0.0004191  -0.00083265
  29    0.0012900  -0.00383189
  30    0.0019552  -0.00420968
  31    0.0000070  -0.00011641
  32    0.0000017  -0.00008207
  33    0.0002069  -0.00044161
  34    0.0012495  -0.00282122
  35    0.0008616  -0.00200642
  36    0.0000010  -0.00001969
  37    0.0000004  -0.00000891
  38    0.0001635  -0.00033589
  39    0.0005005  -0.00116441
  40    0.0007234  -0.00424912
  41    0.0000009  -0.00001778
  42    0.0000003  -0.00000360
  43    0.0001243  -0.00033356
  44    0.0003709  -0.00078003
  45    0.0005880  -0.00130916
  46    0.0000007  -0.00001787
  47    0.0000001  -0.00000220
  48    0.0000894  -0.00019480
  49    0.0003106  -0.00070693
  50    0.0005343  -0.00126212
  51    0.0000007  -0.00001437
  52    0.0000001  -0.00000189
  53    0.0000819  -0.00018757
  54    0.0002600  -0.00066171
  55    0.0003617  -0.00095497
  56    0.0000006  -0.00001139
  57    0.0000001  -0.00000176
  58    0.0000642  -0.00017166
  59    0.0002234  -0.00052700
  60    0.0002447  -0.00083867
  61    0.0000005  -0.00001113
  62    0.0000001  -0.00000155
  63    0.0000550  -0.00011916
  64    0.0001627  -0.00045733
  65    0.0002144  -0.00057440
  66    0.0000005  -0.00001868
  67    0.0000001  -0.00000126
  68    0.0000221  -0.00007707
  69    0.0000785  -0.00017865
  70    0.0002063  -0.00056782
  71    0.0000005  -0.00001952
  72    0.0000001  -0.00000104
  73    0.0000201  -0.00006299
  74    0.0000698  -0.00019147
  75    0.0002051  -0.00055943
  76    0.0000005  -0.00001934
  77    0.0000001  -0.00000114
  78    0.0000188  -0.00006988
  79    0.0000680  -0.00019315
  80    0.0000739  -0.00023728
  81    0.0000005  -0.00001461
  82    0.0000001  -0.00000102
  83    0.0000172  -0.00006670
  84    0.0000376  -0.00013215
  85    0.0000588  -0.00019083
  86    0.0000004  -0.00000816
  87    0.0000001  -0.00000089
  88    0.0000147  -0.00005403
  89    0.0000322  -0.00011046
  90    0.0000360  -0.00016092
  91    0.0000004  -0.00000712
  92    0.0000001  -0.00000068
  93    0.0000134  -0.00005938
  94    0.0000230  -0.00009198
  95    0.0000279  -0.00014097
  96    0.0000004  -0.00000718
  97    0.0000001  -0.00000052
  98    0.0000126  -0.00005567
  99    0.0000219  -0.00007732
 100    0.0000225  -0.00009630
 101    0.0000003  -0.00000595
 102    0.0000001  -0.00000023
 103    0.0000121  -0.00004464
 104    0.0000207  -0.00007082
 105    0.0000202  -0.00009035
 106    0.0000003  -0.00000463
 107    0.0000001  -0.00000020
 108    0.0000114  -0.00004867
 109    0.0000172  -0.00006078
 110    0.0000169  -0.00007343
 111    0.0000003  -0.00000349
 112    0.0000000  -0.00000014
 
----------------
 Final Energies 
----------------
Final NOF Total Energy =     -79.3431344
 
Total Orbital Internal Iterations = 890
Total Occupation Internal Iterations = 183
 
Elapsed time:  208.55 Seconds

---------------------------------
   Lowdin Population Analysis    
---------------------------------
 Idx  Atom   Population   Charge 
---------------------------------
  1     B     5.188      -0.188
  2     N     6.812       0.188

---------------------------------
   M Diagnostic: 0.05
---------------------------------

Recovering execution output...
Moving from /scratch/pobleyef/284325 to /home-nas/pobleyef/Poison-NOF/ncwomax/P30-5/GNOFm25/arina.284325
mkdir -p /home-nas/pobleyef/Poison-NOF/ncwomax/P30-5/GNOFm25/arina.284325
mv /scratch/pobleyef/284325/* /home-nas/pobleyef/Poison-NOF/ncwomax/P30-5/GNOFm25/arina.284325
