W4-11_137_o3
/software/eb2024/easybuild/software/common/software/Julia/1.11.3-linux-x86_64/bin/julia
Job runing on na09
Choosing scratch ...
Automatic scratch folder selection
/scratch/pobleyef/211087
/scratch/pobleyef/211087 directory
cp W4-11_137_o3.jl W4-11_137_o3.jld2 to  /scratch/pobleyef/211087/.
Computing Integrals
Elapsed time:   14.24 Seconds

Number of basis functions                   (NBF)    = 171
Number of auxiliary basis functions         (NBFAUX) = 231
Inactive Doubly occupied orbitals up to     (NO1)    = 0
No. considered Strongly Doubly occupied MOs (NDOC)   = 12
No. considered Strongly Singly occupied MOs (NSOC)   = 0
NO. of Weakly occ. per St. Doubly occ.  MOs (NCWO)   = 13
Dimension of the Nat. Orb. subspace         (NBF5)   = 168
No. of electrons                                     = 24
    No. of alpha electrons                           = 12
    No. of beta electrons                            = 12
Multiplicity                                         = 1

Geometry
========
 O       0.0000000       0.0000000       0.4412240
 O       0.0000000       1.0825250      -0.2206120
 O       0.0000000      -1.0825250      -0.2206120

No violations of the orthonormality
No violations of the orthonormality
 
PNOF9/ADABelief Calculation
==================
 
  Nitext  Nit_orb  Time   Nit_occ  Time         Eelec          Etot           Ediff      maxdiff    MaxGrad_orb  Grad_occ
     1      10    1.1e+02    0    2.2e+01  -294.26037125  -225.23348264 -10293.26037125   0.002662   1.1e-02   1.7e-04 0.04
     2      30    2.9e+02    0    1.5e-01  -294.26037125  -225.23348264     0.00000000   0.002662   1.1e-02   1.7e-04 0.04
     3      50    4.7e+02    1    2.0e-01  -294.26041644  -225.23352784    -0.00004519   0.003082   1.2e-02   2.7e-04 0.04
     4      50    4.8e+02    0    1.0e-01  -294.26041752  -225.23352891    -0.00000108   0.003082   1.2e-02   2.7e-04 0.04
     5      54    5.0e+02    7    3.2e-01  -294.26054025  -225.23365165    -0.00012274   0.000492   2.0e-03   2.0e-04 0.04
 
RESULTS OF THE OCCUPATION OPTIMIZATION
========================================
   1    1.9999687  -20.80338933
   2    1.9999706  -20.80203386
   3    1.9999634  -20.75261544
   4    1.9885229  -1.72255697
   5    1.9856859  -1.37045540
   6    1.9836552  -1.16656155
   7    1.9804745  -0.82264362
   8    1.9658455  -0.80784178
   9    1.9657639  -0.80635875
  10    1.9772868  -0.72352096
  11    1.9751140  -0.66064489
  12    1.9553862  -0.52925997
  13    0.0442310  -0.08173642
  14    0.0082426  -0.01640136
  15    0.0093355  -0.01758955
  16    0.0337273  -0.06184574
  17    0.0336228  -0.06179747
  18    0.0062581  -0.01264983
  19    0.0078643  -0.02073015
  20    0.0066762  -0.01933630
  21    0.0047935  -0.01613589
  22    0.0000068  -0.00027756
  23    0.0000086  -0.00032917
  24    0.0000062  -0.00023629
  25    0.0001043  -0.00042775
  26    0.0053344  -0.01128353
  27    0.0046880  -0.00959881
  28    0.0001413  -0.00058269
  29    0.0001267  -0.00048296
  30    0.0039413  -0.00834088
  31    0.0033752  -0.00777016
  32    0.0022054  -0.00601012
  33    0.0026005  -0.00912769
  34    0.0000042  -0.00006823
  35    0.0000046  -0.00007593
  36    0.0000047  -0.00007585
  37    0.0001027  -0.00042508
  38    0.0041911  -0.00905423
  39    0.0036603  -0.00806647
  40    0.0001019  -0.00047548
  41    0.0001134  -0.00050163
  42    0.0037476  -0.00790844
  43    0.0018148  -0.00519641
  44    0.0020989  -0.00589862
  45    0.0014696  -0.00491413
  46    0.0000039  -0.00006459
  47    0.0000045  -0.00007051
  48    0.0000042  -0.00006988
  49    0.0000780  -0.00031327
  50    0.0033102  -0.00768882
  51    0.0033510  -0.00724417
  52    0.0000909  -0.00044207
  53    0.0000958  -0.00047070
  54    0.0024626  -0.00734730
  55    0.0011397  -0.00371926
  56    0.0010533  -0.00347731
  57    0.0006190  -0.00487522
  58    0.0000038  -0.00006382
  59    0.0000036  -0.00006029
  60    0.0000038  -0.00006448
  61    0.0000125  -0.00007805
  62    0.0030041  -0.00688597
  63    0.0005625  -0.00172970
  64    0.0000553  -0.00027017
  65    0.0000680  -0.00033188
  66    0.0011323  -0.00348738
  67    0.0006609  -0.00294238
  68    0.0006853  -0.00314571
  69    0.0005271  -0.00378611
  70    0.0000038  -0.00006362
  71    0.0000030  -0.00005269
  72    0.0000035  -0.00006099
  73    0.0000117  -0.00007578
  74    0.0002112  -0.00073872
  75    0.0003981  -0.00128929
  76    0.0000224  -0.00012870
  77    0.0000289  -0.00014807
  78    0.0005272  -0.00173754
  79    0.0004660  -0.00234703
  80    0.0005536  -0.00390036
  81    0.0003830  -0.00138841
  82    0.0000037  -0.00006273
  83    0.0000020  -0.00003589
  84    0.0000032  -0.00005464
  85    0.0000115  -0.00007517
  86    0.0001872  -0.00072138
  87    0.0002195  -0.00078026
  88    0.0000198  -0.00011779
  89    0.0000188  -0.00011796
  90    0.0004283  -0.00138110
  91    0.0003011  -0.00105690
  92    0.0003283  -0.00124097
  93    0.0003491  -0.00136819
  94    0.0000032  -0.00005651
  95    0.0000007  -0.00000945
  96    0.0000018  -0.00003322
  97    0.0000113  -0.00007296
  98    0.0001866  -0.00069994
  99    0.0002092  -0.00077229
 100    0.0000143  -0.00009481
 101    0.0000156  -0.00010312
 102    0.0003973  -0.00218416
 103    0.0002509  -0.00094449
 104    0.0002806  -0.00104308
 105    0.0002171  -0.00088364
 106    0.0000023  -0.00004022
 107    0.0000005  -0.00000606
 108    0.0000011  -0.00002050
 109    0.0000112  -0.00007228
 110    0.0001500  -0.00057699
 111    0.0001830  -0.00066683
 112    0.0000136  -0.00009157
 113    0.0000141  -0.00009436
 114    0.0002357  -0.00083653
 115    0.0002464  -0.00090192
 116    0.0002426  -0.00095462
 117    0.0002116  -0.00087670
 118    0.0000021  -0.00003761
 119    0.0000005  -0.00000833
 120    0.0000009  -0.00001682
 121    0.0000109  -0.00007097
 122    0.0000177  -0.00012444
 123    0.0000429  -0.00024813
 124    0.0000130  -0.00008830
 125    0.0000137  -0.00009089
 126    0.0002164  -0.00079791
 127    0.0001216  -0.00106555
 128    0.0000995  -0.00106072
 129    0.0001666  -0.00084607
 130    0.0000011  -0.00001667
 131    0.0000005  -0.00000758
 132    0.0000008  -0.00001247
 133    0.0000102  -0.00006751
 134    0.0000175  -0.00011792
 135    0.0000247  -0.00014473
 136    0.0000123  -0.00008477
 137    0.0000126  -0.00008556
 138    0.0000980  -0.00057599
 139    0.0000496  -0.00034185
 140    0.0000417  -0.00032013
 141    0.0000667  -0.00094399
 142    0.0000007  -0.00000958
 143    0.0000004  -0.00001536
 144    0.0000004  -0.00001470
 145    0.0000093  -0.00006095
 146    0.0000168  -0.00010923
 147    0.0000195  -0.00012390
 148    0.0000123  -0.00008286
 149    0.0000124  -0.00008418
 150    0.0000599  -0.00033789
 151    0.0000290  -0.00018244
 152    0.0000264  -0.00018609
 153    0.0000491  -0.00067584
 154    0.0000007  -0.00001000
 155    0.0000003  -0.00001887
 156    0.0000004  -0.00002704
 157    0.0000092  -0.00006262
 158    0.0000166  -0.00011073
 159    0.0000190  -0.00012547
 160    0.0000118  -0.00007932
 161    0.0000119  -0.00008037
 162    0.0000207  -0.00012602
 163    0.0000254  -0.00015908
 164    0.0000221  -0.00014590
 165    0.0000243  -0.00018453
 166    0.0000005  -0.00000915
 167    0.0000003  -0.00001521
 168    0.0000003  -0.00002129
 
----------------
 Final Energies 
----------------
Final NOF Total Energy =    -225.2336516
 
Total Orbital Internal Iterations = 194
Total Occupation Internal Iterations = 8
 
Elapsed time: 1947.55 Seconds

---------------------------------
   Lowdin Population Analysis    
---------------------------------
 Idx  Atom   Population   Charge 
---------------------------------
  1     O     7.919       0.081
  2     O     8.043      -0.043
  3     O     8.038      -0.038

---------------------------------
   M Diagnostic: 0.04
---------------------------------

Recovering execution output...
Moving from /scratch/pobleyef/211087 to /home-nas/pobleyef/Poison-NOF/ncwomax/P30-5/GNOFm25/arina.211087
mkdir -p /home-nas/pobleyef/Poison-NOF/ncwomax/P30-5/GNOFm25/arina.211087
mv /scratch/pobleyef/211087/* /home-nas/pobleyef/Poison-NOF/ncwomax/P30-5/GNOFm25/arina.211087
