W4-11_46_alf3
/software/eb2024/easybuild/software/common/software/Julia/1.11.3-linux-x86_64/bin/julia
Job runing on nh001
Choosing scratch ...
Automatic scratch folder selection
/scratch/pobleyef/211057
/scratch/pobleyef/211057 directory
cp W4-11_46_alf3.jl W4-11_46_alf3.jld2 to  /scratch/pobleyef/211057/.
Computing Integrals
Elapsed time:    7.33 Seconds

Number of basis functions                   (NBF)    = 241
Number of auxiliary basis functions         (NBFAUX) = 359
Inactive Doubly occupied orbitals up to     (NO1)    = 0
No. considered Strongly Doubly occupied MOs (NDOC)   = 20
No. considered Strongly Singly occupied MOs (NSOC)   = 0
NO. of Weakly occ. per St. Doubly occ.  MOs (NCWO)   = 11
Dimension of the Nat. Orb. subspace         (NBF5)   = 240
No. of electrons                                     = 40
    No. of alpha electrons                           = 20
    No. of beta electrons                            = 20
Multiplicity                                         = 1

Geometry
========
Al       0.0000000       0.0000000       0.0000000
 F       0.0000000       1.6317660       0.0000000
 F       1.4131500      -0.8158830       0.0000000
 F      -1.4131500      -0.8158830       0.0000000

No violations of the orthonormality
No violations of the orthonormality
 
PNOF9/ADABelief Calculation
==================
 
  Nitext  Nit_orb  Time   Nit_occ  Time         Eelec          Etot           Ediff      maxdiff    MaxGrad_orb  Grad_occ
     1      10    3.1e+01   28    3.6e+01  -701.16704437  -541.84135101 -10700.16704437   0.001436   5.7e-03   2.4e-04 0.02
     2      20    5.5e+00    0    2.0e-01  -701.16945536  -541.84376200    -0.00241099   0.001436   5.7e-03   2.4e-04 0.02
     3      40    1.0e+01   12    1.1e+00  -701.17228517  -541.84659182    -0.00282981   0.094309   3.8e-01   2.0e-04 0.02
     4      40    1.0e+01    8    8.2e-01  -701.17325639  -541.84756304    -0.00097122   0.026797   1.1e-01   2.2e-04 0.02
     5      40    1.0e+01    4    4.6e-01  -701.17355497  -541.84786161    -0.00029857   0.007083   2.8e-02   2.6e-04 0.02
     6      40    1.0e+01    4    4.6e-01  -701.17371146  -541.84801811    -0.00015649   0.004595   1.8e-02   2.7e-04 0.02
     7      40    1.1e+01    6    6.2e-01  -701.17382091  -541.84812756    -0.00010945   0.006732   2.7e-02   2.5e-04 0.02
     8      40    1.1e+01    6    6.4e-01  -701.17400059  -541.84830723    -0.00017967   0.006786   2.7e-02   2.6e-04 0.02
     9      40    1.0e+01    0    2.4e-01  -701.17411484  -541.84842149    -0.00011426   0.006230   2.5e-02   3.1e-04 0.02
    10      50    1.3e+01    7    7.1e-01  -701.17434366  -541.84865031    -0.00022882   0.004599   1.8e-02   2.1e-04 0.02
    11      50    1.3e+01    7    7.1e-01  -701.17441442  -541.84872106    -0.00007076   0.006073   2.4e-02   2.1e-04 0.02
    12      50    1.3e+01    0    1.7e-01  -701.17443305  -541.84873970    -0.00001863   0.004739   1.9e-02   2.0e-04 0.02
    13      60    1.5e+01    6    6.1e-01  -701.17459883  -541.84890548    -0.00016578   0.003401   1.4e-02   2.2e-04 0.02
    14      60    1.6e+01    0    2.1e-01  -701.17461136  -541.84891801    -0.00001253   0.003401   1.4e-02   2.2e-04 0.02
    15      80    2.1e+01    0    1.9e-01  -701.17483933  -541.84914598    -0.00022797   0.002793   1.1e-02   1.9e-04 0.02
    16      90    2.3e+01    0    2.4e-01  -701.17484279  -541.84914944    -0.00000346   0.000832   3.3e-03   2.1e-04 0.02
 
RESULTS OF THE OCCUPATION OPTIMIZATION
========================================
   1    1.9999992  -58.60423449
   2    1.9999913  -26.32897478
   3    1.9999914  -26.32869004
   4    1.9999922  -26.32860449
   5    1.9981798  -4.97812034
   6    1.9945366  -3.29430601
   7    1.9953928  -3.28524131
   8    1.9936179  -3.25038860
   9    1.9870351  -1.60601956
  10    1.9865178  -1.57516417
  11    1.9864709  -1.57490770
  12    1.9761115  -0.80936134
  13    1.9763435  -0.79516775
  14    1.9753509  -0.79472194
  15    1.9778566  -0.70898708
  16    1.9761326  -0.70316351
  17    1.9779845  -0.70275912
  18    1.9779931  -0.70220455
  19    1.9761664  -0.69996049
  20    1.9774502  -0.69914727
  21    0.0114832  -0.02172768
  22    0.0142729  -0.02508273
  23    0.0113083  -0.02148903
  24    0.0112881  -0.02146256
  25    0.0141137  -0.02491538
  26    0.0148823  -0.02563175
  27    0.0199795  -0.03923903
  28    0.0183231  -0.03758260
  29    0.0193462  -0.03872879
  30    0.0076039  -0.02253623
  31    0.0076893  -0.02259777
  32    0.0075122  -0.02253436
  33    0.0039834  -0.02008889
  34    0.0020884  -0.01047258
  35    0.0034322  -0.02371799
  36    0.0015887  -0.00862097
  37    0.0000058  -0.00024096
  38    0.0000043  -0.00003999
  39    0.0000056  -0.00021794
  40    0.0000006  -0.00001277
  41    0.0043474  -0.01017801
  42    0.0044295  -0.01081018
  43    0.0043993  -0.01136033
  44    0.0045953  -0.01178178
  45    0.0044435  -0.01091962
  46    0.0045274  -0.01029820
  47    0.0036569  -0.00927918
  48    0.0034777  -0.00952452
  49    0.0032478  -0.00963418
  50    0.0033982  -0.01143268
  51    0.0034090  -0.00968484
  52    0.0032625  -0.01168964
  53    0.0017633  -0.00888103
  54    0.0020248  -0.00931733
  55    0.0017404  -0.00883021
  56    0.0001201  -0.00138305
  57    0.0000004  -0.00003070
  58    0.0000016  -0.00002902
  59    0.0000006  -0.00001882
  60    0.0000000  -0.00000044
  61    0.0042550  -0.00995279
  62    0.0040535  -0.00963303
  63    0.0042888  -0.00999441
  64    0.0043061  -0.01001347
  65    0.0042769  -0.00985656
  66    0.0009556  -0.00355878
  67    0.0003063  -0.00115303
  68    0.0005615  -0.00269096
  69    0.0003145  -0.00119172
  70    0.0009779  -0.00513077
  71    0.0010042  -0.00560552
  72    0.0007188  -0.00513863
  73    0.0003345  -0.00442567
  74    0.0001855  -0.00321833
  75    0.0001101  -0.00124757
  76    0.0000362  -0.00124702
  77    0.0000003  -0.00000827
  78    0.0000006  -0.00001842
  79    0.0000006  -0.00002164
  80    0.0000000  -0.00000023
  81    0.0009996  -0.00360129
  82    0.0003815  -0.00141024
  83    0.0009784  -0.00350915
  84    0.0009856  -0.00352983
  85    0.0003257  -0.00120309
  86    0.0006428  -0.00309729
  87    0.0002784  -0.00107077
  88    0.0003226  -0.00124963
  89    0.0002713  -0.00105400
  90    0.0006850  -0.00401448
  91    0.0005841  -0.00480901
  92    0.0006830  -0.00444630
  93    0.0001254  -0.00102856
  94    0.0001482  -0.00093032
  95    0.0000744  -0.00122490
  96    0.0000197  -0.00028928
  97    0.0000003  -0.00000542
  98    0.0000004  -0.00005091
  99    0.0000005  -0.00003361
 100    0.0000000  -0.00000024
 101    0.0004235  -0.00147736
 102    0.0003053  -0.00110251
 103    0.0004306  -0.00149294
 104    0.0003550  -0.00130334
 105    0.0002914  -0.00108441
 106    0.0004077  -0.00146260
 107    0.0002778  -0.00107000
 108    0.0002970  -0.00116693
 109    0.0002690  -0.00105417
 110    0.0003962  -0.00187167
 111    0.0003537  -0.00147604
 112    0.0003309  -0.00129542
 113    0.0000956  -0.00154620
 114    0.0000807  -0.00138951
 115    0.0000241  -0.00020182
 116    0.0000117  -0.00034136
 117    0.0000002  -0.00000430
 118    0.0000003  -0.00000723
 119    0.0000004  -0.00004237
 120    0.0000000  -0.00000014
 121    0.0004093  -0.00156846
 122    0.0002883  -0.00104075
 123    0.0004081  -0.00155508
 124    0.0003019  -0.00111434
 125    0.0002812  -0.00105981
 126    0.0003072  -0.00111630
 127    0.0000448  -0.00015744
 128    0.0002694  -0.00106546
 129    0.0002636  -0.00103951
 130    0.0003457  -0.00138996
 131    0.0002738  -0.00114317
 132    0.0003119  -0.00123316
 133    0.0000164  -0.00017215
 134    0.0000166  -0.00029795
 135    0.0000187  -0.00018284
 136    0.0000111  -0.00030095
 137    0.0000002  -0.00000358
 138    0.0000003  -0.00000602
 139    0.0000003  -0.00000514
 140    0.0000000  -0.00000017
 141    0.0002934  -0.00109609
 142    0.0000258  -0.00013273
 143    0.0000914  -0.00031708
 144    0.0000877  -0.00029782
 145    0.0000522  -0.00021777
 146    0.0003072  -0.00111574
 147    0.0000406  -0.00013250
 148    0.0002594  -0.00106652
 149    0.0000778  -0.00025519
 150    0.0000391  -0.00023328
 151    0.0000801  -0.00033935
 152    0.0000667  -0.00033355
 153    0.0000139  -0.00013674
 154    0.0000144  -0.00014956
 155    0.0000134  -0.00015841
 156    0.0000077  -0.00009175
 157    0.0000002  -0.00000300
 158    0.0000003  -0.00000563
 159    0.0000002  -0.00000371
 160    0.0000000  -0.00000017
 161    0.0002871  -0.00107374
 162    0.0000218  -0.00010355
 163    0.0000495  -0.00021225
 164    0.0000423  -0.00017757
 165    0.0000307  -0.00012695
 166    0.0000583  -0.00024218
 167    0.0000172  -0.00012475
 168    0.0000720  -0.00029414
 169    0.0000444  -0.00018116
 170    0.0000232  -0.00018212
 171    0.0000243  -0.00018345
 172    0.0000225  -0.00018441
 173    0.0000136  -0.00013024
 174    0.0000139  -0.00021900
 175    0.0000132  -0.00015892
 176    0.0000068  -0.00007447
 177    0.0000002  -0.00000203
 178    0.0000003  -0.00000476
 179    0.0000002  -0.00000225
 180    0.0000000  -0.00000012
 181    0.0000190  -0.00013340
 182    0.0000213  -0.00015007
 183    0.0000176  -0.00012692
 184    0.0000188  -0.00013941
 185    0.0000189  -0.00014131
 186    0.0000206  -0.00014011
 187    0.0000169  -0.00012509
 188    0.0000384  -0.00012862
 189    0.0000192  -0.00012931
 190    0.0000217  -0.00016942
 191    0.0000231  -0.00018025
 192    0.0000201  -0.00016402
 193    0.0000136  -0.00013474
 194    0.0000138  -0.00017916
 195    0.0000129  -0.00013449
 196    0.0000063  -0.00016154
 197    0.0000001  -0.00000111
 198    0.0000002  -0.00000283
 199    0.0000001  -0.00000171
 200    0.0000000  -0.00000003
 201    0.0000162  -0.00011896
 202    0.0000177  -0.00011779
 203    0.0000176  -0.00012700
 204    0.0000173  -0.00012224
 205    0.0000169  -0.00011864
 206    0.0000173  -0.00012318
 207    0.0000161  -0.00011520
 208    0.0000199  -0.00013002
 209    0.0000174  -0.00012367
 210    0.0000193  -0.00014488
 211    0.0000221  -0.00017434
 212    0.0000187  -0.00015084
 213    0.0000119  -0.00014439
 214    0.0000129  -0.00025727
 215    0.0000129  -0.00014957
 216    0.0000062  -0.00011358
 217    0.0000001  -0.00000094
 218    0.0000002  -0.00000226
 219    0.0000001  -0.00000175
 220    0.0000000  -0.00000003
 221    0.0000160  -0.00011736
 222    0.0000159  -0.00011770
 223    0.0000173  -0.00012118
 224    0.0000172  -0.00012258
 225    0.0000162  -0.00011525
 226    0.0000171  -0.00012267
 227    0.0000148  -0.00011325
 228    0.0000157  -0.00011706
 229    0.0000172  -0.00012542
 230    0.0000189  -0.00014706
 231    0.0000186  -0.00013943
 232    0.0000177  -0.00014145
 233    0.0000104  -0.00011218
 234    0.0000081  -0.00008486
 235    0.0000111  -0.00011366
 236    0.0000057  -0.00005674
 237    0.0000001  -0.00000102
 238    0.0000001  -0.00000097
 239    0.0000001  -0.00000066
 240    0.0000000  -0.00000002
 
----------------
 Final Energies 
----------------
Final NOF Total Energy =    -541.8491494
 
Total Orbital Internal Iterations = 750
Total Occupation Internal Iterations = 88
 
Elapsed time:  295.77 Seconds

---------------------------------
   Lowdin Population Analysis    
---------------------------------
 Idx  Atom   Population   Charge 
---------------------------------
  1    Al    13.791      -0.791
  2     F     8.736       0.264
  3     F     8.737       0.263
  4     F     8.736       0.264

---------------------------------
   M Diagnostic: 0.02
---------------------------------

Recovering execution output...
Moving from /scratch/pobleyef/211057 to /home-nas/pobleyef/Poison-NOF/ncwomax/P30-5/GNOFm25/arina.211057
mkdir -p /home-nas/pobleyef/Poison-NOF/ncwomax/P30-5/GNOFm25/arina.211057
mv /scratch/pobleyef/211057/* /home-nas/pobleyef/Poison-NOF/ncwomax/P30-5/GNOFm25/arina.211057
