W4-11_116_p4
/software/eb2024/easybuild/software/common/software/Julia/1.11.3-linux-x86_64/bin/julia
Job runing on na17
Choosing scratch ...
Automatic scratch folder selection
/scratch/pobleyef/211129
/scratch/pobleyef/211129 directory
cp W4-11_116_p4.jl W4-11_116_p4.jld2 to  /scratch/pobleyef/211129/.
Computing Integrals
Elapsed time:    9.26 Seconds

Number of basis functions                   (NBF)    = 280
Number of auxiliary basis functions         (NBFAUX) = 512
Inactive Doubly occupied orbitals up to     (NO1)    = 0
No. considered Strongly Doubly occupied MOs (NDOC)   = 30
No. considered Strongly Singly occupied MOs (NSOC)   = 0
NO. of Weakly occ. per St. Doubly occ.  MOs (NCWO)   = 8
Dimension of the Nat. Orb. subspace         (NBF5)   = 270
No. of electrons                                     = 60
    No. of alpha electrons                           = 30
    No. of beta electrons                            = 30
Multiplicity                                         = 1

Geometry
========
 P       0.7773750       0.7773750       0.7773750
 P      -0.7773750      -0.7773750       0.7773750
 P      -0.7773750       0.7773750      -0.7773750
 P       0.7773750      -0.7773750      -0.7773750

No violations of the orthonormality
No violations of the orthonormality
 
PNOF9/ADABelief Calculation
==================
 
  Nitext  Nit_orb  Time   Nit_occ  Time         Eelec          Etot           Ediff      maxdiff    MaxGrad_orb  Grad_occ
     1      10    6.0e+01    0    2.1e+01 -1689.69520005 -1364.78866438 -11688.69520005   0.008535   3.4e-02   2.5e-04 0.03
     2      30    1.2e+02    0    2.5e-01 -1689.69520005 -1364.78866438     0.00000000   0.008535   3.4e-02   2.5e-04 0.03
     3      50    2.0e+02    5    8.7e-01 -1689.69533340 -1364.78879773    -0.00013335   0.007823   3.1e-02   2.4e-04 0.03
     4      50    2.2e+02    2    4.9e-01 -1689.69540252 -1364.78886684    -0.00006911   0.014145   5.7e-02   2.3e-04 0.03
     5      50    2.0e+02    5    7.4e-01 -1689.69548108 -1364.78894541    -0.00007857   0.008298   3.3e-02   2.2e-04 0.03
     6      50    2.1e+02    2    4.0e-01 -1689.69554089 -1364.78900522    -0.00005981   0.007910   3.2e-02   1.9e-04 0.03
     7      50    2.2e+02    5    7.4e-01 -1689.69559186 -1364.78905619    -0.00005097   0.007667   3.1e-02   2.5e-04 0.03
     8      50    2.1e+02    0    2.9e-01 -1689.69563775 -1364.78910207    -0.00004589   0.008615   3.4e-02   2.6e-04 0.03
     9      60    2.4e+02    2    4.5e-01 -1689.69596233 -1364.78942666    -0.00032458   0.006608   2.6e-02   1.8e-04 0.03
    10      60    2.7e+02    0    3.2e-01 -1689.69596561 -1364.78942994    -0.00000328   0.006608   2.6e-02   1.8e-04 0.03
    11      80    3.6e+02    3    5.3e-01 -1689.69675642 -1364.79022074    -0.00079081   0.000870   3.5e-03   2.3e-04 0.03
 
RESULTS OF THE OCCUPATION OPTIMIZATION
========================================
   1    1.9999992  -80.02499381
   2    1.9999993  -80.02489048
   3    1.9999993  -80.02366106
   4    1.9999993  -80.02353779
   5    1.9996991  -7.53448315
   6    1.9996861  -7.53415485
   7    1.9995419  -7.53258048
   8    1.9995163  -7.53048383
   9    1.9988884  -5.43129987
  10    1.9987060  -5.42977123
  11    1.9986327  -5.42956545
  12    1.9986852  -5.42953868
  13    1.9983076  -5.42878901
  14    1.9981046  -5.42875215
  15    1.9982431  -5.42858590
  16    1.9982569  -5.42849789
  17    1.9981514  -5.42839859
  18    1.9981368  -5.42823129
  19    1.9982404  -5.42822245
  20    1.9981534  -5.42815850
  21    1.9793158  -0.78723241
  22    1.9795452  -0.78382482
  23    1.9793701  -0.77774114
  24    1.9790753  -0.77678068
  25    1.9695536  -0.43455493
  26    1.9655758  -0.42865587
  27    1.9659752  -0.42831365
  28    1.9677013  -0.42810972
  29    1.9659309  -0.42603977
  30    1.9663096  -0.42596316
  31    0.0231049  -0.03760802
  32    0.0204057  -0.03570926
  33    0.0227567  -0.03780246
  34    0.0199661  -0.03532094
  35    0.0205861  -0.03570738
  36    0.0178207  -0.03489005
  37    0.0049994  -0.02490199
  38    0.0047272  -0.02498417
  39    0.0047798  -0.02484013
  40    0.0055560  -0.02685546
  41    0.0015907  -0.01434526
  42    0.0016109  -0.01459296
  43    0.0015951  -0.01400956
  44    0.0016051  -0.01419223
  45    0.0010888  -0.00895144
  46    0.0015663  -0.01369441
  47    0.0015923  -0.01397819
  48    0.0010963  -0.00926465
  49    0.0006358  -0.00962091
  50    0.0005489  -0.00785292
  51    0.0005003  -0.00653200
  52    0.0006982  -0.00723975
  53    0.0004454  -0.00624424
  54    0.0004222  -0.00533975
  55    0.0001490  -0.00245189
  56    0.0001584  -0.00230173
  57    0.0000004  -0.00001007
  58    0.0000002  -0.00000686
  59    0.0000002  -0.00000634
  60    0.0000003  -0.00000876
  61    0.0083343  -0.01365218
  62    0.0069134  -0.01192813
  63    0.0058559  -0.01076155
  64    0.0067395  -0.01175775
  65    0.0071185  -0.01222473
  66    0.0045998  -0.00999652
  67    0.0042517  -0.01965006
  68    0.0040104  -0.01963144
  69    0.0038978  -0.01905944
  70    0.0038525  -0.01869002
  71    0.0000735  -0.00152637
  72    0.0000893  -0.00148736
  73    0.0000613  -0.00037882
  74    0.0000989  -0.00199566
  75    0.0004758  -0.00526377
  76    0.0000736  -0.00144867
  77    0.0001483  -0.00208613
  78    0.0003702  -0.00443443
  79    0.0004084  -0.00391830
  80    0.0004948  -0.00523067
  81    0.0004563  -0.00470051
  82    0.0000982  -0.00076103
  83    0.0000116  -0.00007047
  84    0.0000105  -0.00010262
  85    0.0000911  -0.00084341
  86    0.0000868  -0.00080061
  87    0.0000001  -0.00000273
  88    0.0000002  -0.00000500
  89    0.0000002  -0.00000560
  90    0.0000002  -0.00000650
  91    0.0005559  -0.00115615
  92    0.0050616  -0.00978712
  93    0.0010794  -0.00266362
  94    0.0050133  -0.00965655
  95    0.0052023  -0.00973401
  96    0.0034027  -0.00946575
  97    0.0027124  -0.01116493
  98    0.0033481  -0.01825663
  99    0.0037929  -0.01858304
 100    0.0026079  -0.01098207
 101    0.0000614  -0.00042369
 102    0.0000216  -0.00013377
 103    0.0000487  -0.00030071
 104    0.0000704  -0.00045048
 105    0.0000697  -0.00073844
 106    0.0000384  -0.00022457
 107    0.0000577  -0.00040655
 108    0.0000607  -0.00041996
 109    0.0001792  -0.00152926
 110    0.0001747  -0.00151656
 111    0.0001542  -0.00224576
 112    0.0000942  -0.00060866
 113    0.0000091  -0.00009477
 114    0.0000082  -0.00013198
 115    0.0000302  -0.00022122
 116    0.0000241  -0.00047672
 117    0.0000001  -0.00000234
 118    0.0000002  -0.00000490
 119    0.0000002  -0.00000557
 120    0.0000001  -0.00000365
 121    0.0004502  -0.00096257
 122    0.0009127  -0.00232299
 123    0.0010006  -0.00259880
 124    0.0008410  -0.00223511
 125    0.0004727  -0.00104956
 126    0.0034016  -0.00951245
 127    0.0026599  -0.01099959
 128    0.0024807  -0.01090924
 129    0.0026055  -0.01107221
 130    0.0025895  -0.01085116
 131    0.0000585  -0.00036016
 132    0.0000098  -0.00008548
 133    0.0000474  -0.00027239
 134    0.0000295  -0.00022216
 135    0.0000391  -0.00022296
 136    0.0000370  -0.00021494
 137    0.0000370  -0.00021792
 138    0.0000528  -0.00031328
 139    0.0000243  -0.00016793
 140    0.0000413  -0.00022469
 141    0.0000635  -0.00044750
 142    0.0000827  -0.00064477
 143    0.0000041  -0.00006111
 144    0.0000050  -0.00004016
 145    0.0000154  -0.00008874
 146    0.0000091  -0.00018647
 147    0.0000000  -0.00000128
 148    0.0000000  -0.00000174
 149    0.0000000  -0.00000164
 150    0.0000000  -0.00000183
 151    0.0003960  -0.00088910
 152    0.0002295  -0.00056514
 153    0.0007005  -0.00136907
 154    0.0004972  -0.00108688
 155    0.0003635  -0.00084229
 156    0.0004804  -0.00112816
 157    0.0026521  -0.01097199
 158    0.0024012  -0.01073403
 159    0.0018472  -0.00890944
 160    0.0018892  -0.00907486
 161    0.0000224  -0.00025992
 162    0.0000095  -0.00008017
 163    0.0000360  -0.00022235
 164    0.0000144  -0.00008478
 165    0.0000239  -0.00044019
 166    0.0000143  -0.00008424
 167    0.0000199  -0.00035340
 168    0.0000452  -0.00027727
 169    0.0000180  -0.00024889
 170    0.0000351  -0.00022930
 171    0.0000523  -0.00030614
 172    0.0000770  -0.00077105
 173    0.0000040  -0.00047355
 174    0.0000035  -0.00026489
 175    0.0000119  -0.00027922
 176    0.0000067  -0.00004723
 177    0.0000000  -0.00000109
 178    0.0000000  -0.00000076
 179    0.0000000  -0.00000110
 180    0.0000000  -0.00000159
 181    0.0003750  -0.00091812
 182    0.0002041  -0.00051124
 183    0.0004154  -0.00095302
 184    0.0003832  -0.00089954
 185    0.0002541  -0.00060463
 186    0.0003569  -0.00089773
 187    0.0025399  -0.01083357
 188    0.0017969  -0.00880003
 189    0.0016028  -0.00785618
 190    0.0018507  -0.00887106
 191    0.0000155  -0.00009796
 192    0.0000087  -0.00016160
 193    0.0000348  -0.00021217
 194    0.0000118  -0.00008053
 195    0.0000235  -0.00030569
 196    0.0000116  -0.00013016
 197    0.0000154  -0.00009039
 198    0.0000345  -0.00021153
 199    0.0000172  -0.00009533
 200    0.0000317  -0.00018318
 201    0.0000328  -0.00018138
 202    0.0000255  -0.00046953
 203    0.0000035  -0.00011591
 204    0.0000035  -0.00016272
 205    0.0000068  -0.00004846
 206    0.0000058  -0.00003891
 207    0.0000000  -0.00000105
 208    0.0000000  -0.00000054
 209    0.0000000  -0.00000084
 210    0.0000000  -0.00000123
 211    0.0002576  -0.00059846
 212    0.0001829  -0.00046310
 213    0.0002476  -0.00060604
 214    0.0003680  -0.00088900
 215    0.0002224  -0.00054752
 216    0.0002297  -0.00060234
 217    0.0005575  -0.00234082
 218    0.0013407  -0.00675668
 219    0.0009699  -0.00427259
 220    0.0016312  -0.00800003
 221    0.0000140  -0.00008039
 222    0.0000056  -0.00004787
 223    0.0000213  -0.00019619
 224    0.0000100  -0.00006358
 225    0.0000160  -0.00009186
 226    0.0000109  -0.00007851
 227    0.0000133  -0.00007709
 228    0.0000188  -0.00040971
 229    0.0000169  -0.00009526
 230    0.0000239  -0.00028441
 231    0.0000246  -0.00019155
 232    0.0000202  -0.00013229
 233    0.0000034  -0.00004917
 234    0.0000032  -0.00012882
 235    0.0000051  -0.00004151
 236    0.0000050  -0.00006146
 237    0.0000000  -0.00000058
 238    0.0000000  -0.00000054
 239    0.0000000  -0.00000056
 240    0.0000000  -0.00000082
 241    0.0002164  -0.00052544
 242    0.0001592  -0.00044238
 243    0.0002426  -0.00059171
 244    0.0002164  -0.00054165
 245    0.0002045  -0.00051300
 246    0.0001546  -0.00044776
 247    0.0005518  -0.00230666
 248    0.0005247  -0.00229630
 249    0.0009590  -0.00425158
 250    0.0007071  -0.00287093
 251    0.0000106  -0.00008099
 252    0.0000042  -0.00023506
 253    0.0000187  -0.00055960
 254    0.0000085  -0.00020542
 255    0.0000063  -0.00004314
 256    0.0000050  -0.00021065
 257    0.0000116  -0.00017578
 258    0.0000140  -0.00008145
 259    0.0000150  -0.00008636
 260    0.0000168  -0.00012768
 261    0.0000100  -0.00013148
 262    0.0000156  -0.00009093
 263    0.0000027  -0.00002384
 264    0.0000021  -0.00006199
 265    0.0000045  -0.00035456
 266    0.0000049  -0.00025962
 267    0.0000000  -0.00000037
 268    0.0000000  -0.00000049
 269    0.0000000  -0.00000036
 270    0.0000000  -0.00000068
 
----------------
 Final Energies 
----------------
Final NOF Total Energy =   -1364.7902207
 
Total Orbital Internal Iterations = 540
Total Occupation Internal Iterations = 24
 
Elapsed time: 2371.95 Seconds

---------------------------------
   Lowdin Population Analysis    
---------------------------------
 Idx  Atom   Population   Charge 
---------------------------------
  1     P    15.001      -0.001
  2     P    15.000      -0.000
  3     P    14.998       0.002
  4     P    15.001      -0.001

---------------------------------
   M Diagnostic: 0.03
---------------------------------

Recovering execution output...
Moving from /scratch/pobleyef/211129 to /home-nas/pobleyef/Poison-NOF/ncwomax/P30-5/GNOFm25/arina.211129
mkdir -p /home-nas/pobleyef/Poison-NOF/ncwomax/P30-5/GNOFm25/arina.211129
mv /scratch/pobleyef/211129/* /home-nas/pobleyef/Poison-NOF/ncwomax/P30-5/GNOFm25/arina.211129
