W4-11_114_c-hooo
/software/eb2024/easybuild/software/common/software/Julia/1.11.3-linux-x86_64/bin/julia
Job runing on na06
Choosing scratch ...
Automatic scratch folder selection
/scratch/pobleyef/211077
/scratch/pobleyef/211077 directory
cp W4-11_114_c-hooo.jl W4-11_114_c-hooo.jld2 to  /scratch/pobleyef/211077/.
Computing Integrals
Elapsed time:   19.67 Seconds

Number of basis functions                   (NBF)    = 201
Number of auxiliary basis functions         (NBFAUX) = 249
Inactive Doubly occupied orbitals up to     (NO1)    = 0
No. considered Strongly Doubly occupied MOs (NDOC)   = 12
No. considered Strongly Singly occupied MOs (NSOC)   = 1
NO. of Weakly occ. per St. Doubly occ.  MOs (NCWO)   = 15
Dimension of the Nat. Orb. subspace         (NBF5)   = 193
No. of electrons                                     = 25
    No. of alpha electrons                           = 13
    No. of beta electrons                            = 12
Multiplicity                                         = 2

Geometry
========
 O       1.1439430       0.0753540       0.0000000
 O       0.0000000       0.5769450       0.0000000
 O      -1.0821140      -0.4938720       0.0000000
 H      -0.4946340      -1.2674190       0.0000000

No violations of the orthonormality
No violations of the orthonormality
 
PNOF9/ADABelief Calculation
==================
 
  Nitext  Nit_orb  Time   Nit_occ  Time         Eelec          Etot           Ediff      maxdiff    MaxGrad_orb  Grad_occ
     1      10    1.5e+02    0    2.0e+01  -298.56707350  -225.89356543 -10297.56707350   0.003455   1.4e-02   2.0e-04 0.04
     2      30    4.0e+02    0    1.5e-01  -298.56707350  -225.89356543     0.00000000   0.003455   1.4e-02   2.0e-04 0.04
     3      50    6.7e+02    7    5.3e-01  -298.56736918  -225.89386110    -0.00029567   0.002653   1.1e-02   1.8e-04 0.04
     4      50    6.8e+02    3    2.1e-01  -298.56742438  -225.89391630    -0.00005520   0.002984   1.2e-02   2.3e-04 0.04
     5      50    7.0e+02    0    1.3e-01  -298.56747264  -225.89396457    -0.00004827   0.003070   1.2e-02   2.6e-04 0.04
     6      60    8.2e+02    0    1.3e-01  -298.56754821  -225.89404013    -0.00007556   0.002644   1.1e-02   2.8e-04 0.04
     7      70    9.5e+02    0    1.7e-01  -298.56759775  -225.89408967    -0.00004954   0.002252   9.0e-03   3.0e-04 0.04
     8      80    1.1e+03    9    5.6e-01  -298.56764020  -225.89413212    -0.00004245   0.002002   8.0e-03   2.0e-04 0.04
     9      80    1.1e+03    0    1.4e-01  -298.56767442  -225.89416635    -0.00003423   0.002240   9.0e-03   2.4e-04 0.04
    10      90    1.2e+03    1    1.6e-01  -298.56772077  -225.89421269    -0.00004634   0.002045   8.2e-03   2.6e-04 0.04
    11      90    1.2e+03    4    3.4e-01  -298.56769972  -225.89419164     0.00002105   0.001930   7.7e-03   2.5e-04 0.04
    12      78    1.0e+03    0    1.4e-01  -298.56781543  -225.89430735    -0.00011571   0.000497   2.0e-03   2.3e-04 0.04
 
RESULTS OF THE OCCUPATION OPTIMIZATION
========================================
   1    1.9999732  -20.74061500
   2    1.9999756  -20.72385948
   3    1.9999710  -20.71491370
   4    1.9865613  -1.58812516
   5    1.9856408  -1.35610900
   6    1.9804786  -1.18362694
   7    1.9651612  -0.80785942
   8    1.9727085  -0.76839643
   9    1.9735086  -0.71617529
  10    1.9770810  -0.71525653
  11    1.9580540  -0.64845920
  12    1.9761744  -0.63777797
  13    1.0000000  -0.31579602
  14    0.0106217  -0.01821972
  15    0.0417796  -0.07253246
  16    0.0086229  -0.01608108
  17    0.0094892  -0.01594234
  18    0.0222712  -0.03355336
  19    0.0343408  -0.06082305
  20    0.0080189  -0.02029777
  21    0.0074341  -0.01977559
  22    0.0048193  -0.01614486
  23    0.0000081  -0.00031878
  24    0.0000102  -0.00039016
  25    0.0000113  -0.00043353
  26    0.0045594  -0.00899117
  27    0.0000370  -0.00007338
  28    0.0047523  -0.00957230
  29    0.0053098  -0.00947061
  30    0.0033229  -0.00698174
  31    0.0001128  -0.00048598
  32    0.0039997  -0.00915883
  33    0.0029073  -0.00705810
  34    0.0033916  -0.00947896
  35    0.0000054  -0.00008245
  36    0.0000041  -0.00006099
  37    0.0000045  -0.00006447
  38    0.0042223  -0.00864568
  39    0.0000179  -0.00009293
  40    0.0045079  -0.00910275
  41    0.0048976  -0.00882642
  42    0.0003815  -0.00112588
  43    0.0001059  -0.00047753
  44    0.0024887  -0.00743222
  45    0.0010410  -0.00459752
  46    0.0015684  -0.00484223
  47    0.0000043  -0.00006357
  48    0.0000039  -0.00005620
  49    0.0000030  -0.00004874
  50    0.0022665  -0.00546471
  51    0.0000141  -0.00008053
  52    0.0030419  -0.00715608
  53    0.0045587  -0.00819003
  54    0.0003216  -0.00104691
  55    0.0000867  -0.00041065
  56    0.0021261  -0.00565823
  57    0.0007496  -0.00263940
  58    0.0011811  -0.00411112
  59    0.0000027  -0.00004112
  60    0.0000015  -0.00002831
  61    0.0000026  -0.00004076
  62    0.0008986  -0.00313995
  63    0.0000132  -0.00007968
  64    0.0004455  -0.00181473
  65    0.0006448  -0.00190375
  66    0.0002596  -0.00082825
  67    0.0000502  -0.00024840
  68    0.0012055  -0.00369651
  69    0.0006688  -0.00487159
  70    0.0005995  -0.00497782
  71    0.0000023  -0.00003419
  72    0.0000013  -0.00002498
  73    0.0000015  -0.00002659
  74    0.0005070  -0.00156012
  75    0.0000119  -0.00007517
  76    0.0003972  -0.00132590
  77    0.0004691  -0.00134230
  78    0.0002152  -0.00075427
  79    0.0000293  -0.00013744
  80    0.0006112  -0.00203777
  81    0.0005064  -0.00326551
  82    0.0005200  -0.00229167
  83    0.0000022  -0.00003326
  84    0.0000005  -0.00000991
  85    0.0000009  -0.00001861
  86    0.0003791  -0.00112934
  87    0.0000115  -0.00007247
  88    0.0003661  -0.00115518
  89    0.0003401  -0.00098815
  90    0.0001966  -0.00070030
  91    0.0000215  -0.00012537
  92    0.0002559  -0.00089176
  93    0.0003354  -0.00116039
  94    0.0003230  -0.00128782
  95    0.0000009  -0.00001999
  96    0.0000005  -0.00000818
  97    0.0000006  -0.00001212
  98    0.0002085  -0.00070615
  99    0.0000095  -0.00006754
 100    0.0002621  -0.00086489
 101    0.0003198  -0.00089595
 102    0.0001817  -0.00066412
 103    0.0000144  -0.00009075
 104    0.0002500  -0.00089787
 105    0.0002185  -0.00090103
 106    0.0002569  -0.00101436
 107    0.0000005  -0.00000754
 108    0.0000004  -0.00001614
 109    0.0000005  -0.00000843
 110    0.0000409  -0.00022664
 111    0.0000090  -0.00006106
 112    0.0002277  -0.00080534
 113    0.0002299  -0.00079807
 114    0.0000361  -0.00017482
 115    0.0000131  -0.00008382
 116    0.0002311  -0.00085499
 117    0.0001439  -0.00063852
 118    0.0001983  -0.00096554
 119    0.0000005  -0.00001021
 120    0.0000004  -0.00001482
 121    0.0000004  -0.00002807
 122    0.0000239  -0.00014175
 123    0.0000086  -0.00006011
 124    0.0001587  -0.00060060
 125    0.0000949  -0.00040240
 126    0.0000245  -0.00013428
 127    0.0000126  -0.00008321
 128    0.0001472  -0.00063659
 129    0.0000972  -0.00097122
 130    0.0001925  -0.00075743
 131    0.0000005  -0.00001433
 132    0.0000003  -0.00000522
 133    0.0000003  -0.00000424
 134    0.0000229  -0.00013194
 135    0.0000082  -0.00005562
 136    0.0000569  -0.00032331
 137    0.0000657  -0.00030989
 138    0.0000197  -0.00012222
 139    0.0000110  -0.00007569
 140    0.0000878  -0.00047271
 141    0.0000842  -0.00042508
 142    0.0001495  -0.00119478
 143    0.0000004  -0.00001441
 144    0.0000003  -0.00000508
 145    0.0000003  -0.00000749
 146    0.0000214  -0.00013117
 147    0.0000079  -0.00005590
 148    0.0000217  -0.00013036
 149    0.0000193  -0.00011193
 150    0.0000170  -0.00010619
 151    0.0000108  -0.00007237
 152    0.0000291  -0.00017490
 153    0.0000689  -0.00075238
 154    0.0001164  -0.00090218
 155    0.0000004  -0.00001571
 156    0.0000003  -0.00000857
 157    0.0000002  -0.00000340
 158    0.0000186  -0.00012202
 159    0.0000072  -0.00005470
 160    0.0000215  -0.00012936
 161    0.0000182  -0.00010663
 162    0.0000156  -0.00009976
 163    0.0000102  -0.00007293
 164    0.0000262  -0.00015437
 165    0.0000404  -0.00023628
 166    0.0000655  -0.00077904
 167    0.0000003  -0.00000986
 168    0.0000002  -0.00000334
 169    0.0000002  -0.00000269
 170    0.0000176  -0.00010980
 171    0.0000053  -0.00003968
 172    0.0000190  -0.00010933
 173    0.0000175  -0.00010036
 174    0.0000147  -0.00009424
 175    0.0000100  -0.00007049
 176    0.0000222  -0.00013182
 177    0.0000394  -0.00021513
 178    0.0000293  -0.00017153
 179    0.0000003  -0.00000399
 180    0.0000002  -0.00000306
 181    0.0000002  -0.00000133
 182    0.0000173  -0.00010734
 183    0.0000050  -0.00003630
 184    0.0000176  -0.00010631
 185    0.0000168  -0.00009515
 186    0.0000137  -0.00008956
 187    0.0000095  -0.00006993
 188    0.0000217  -0.00013333
 189    0.0000240  -0.00014677
 190    0.0000274  -0.00016183
 191    0.0000002  -0.00000130
 192    0.0000002  -0.00000112
 193    0.0000002  -0.00000165
 
----------------
 Final Energies 
----------------
Final NOF Total Energy =    -225.8943074
 
Total Orbital Internal Iterations = 738
Total Occupation Internal Iterations = 24
 
Elapsed time: 10281.37 Seconds

---------------------------------
   Lowdin Population Analysis    
---------------------------------
 Idx  Atom   Population   Charge 
---------------------------------
  1     O     8.012      -0.012
  2     O     7.955       0.045
  3     O     7.637       0.363
  4     H     1.396      -0.396

---------------------------------
   M Diagnostic: 0.04
---------------------------------

Recovering execution output...
Moving from /scratch/pobleyef/211077 to /home-nas/pobleyef/Poison-NOF/ncwomax/P30-5/GNOFm25/arina.211077
mkdir -p /home-nas/pobleyef/Poison-NOF/ncwomax/P30-5/GNOFm25/arina.211077
mv /scratch/pobleyef/211077/* /home-nas/pobleyef/Poison-NOF/ncwomax/P30-5/GNOFm25/arina.211077
