W4-11_107_so3
/software/eb2024/easybuild/software/common/software/Julia/1.11.3-linux-x86_64/bin/julia
Job runing on na21
Choosing scratch ...
Automatic scratch folder selection
/scratch/pobleyef/211130
/scratch/pobleyef/211130 directory
cp W4-11_107_so3.jl W4-11_107_so3.jld2 to  /scratch/pobleyef/211130/.
Computing Integrals
Elapsed time:    6.16 Seconds

Number of basis functions                   (NBF)    = 241
Number of auxiliary basis functions         (NBFAUX) = 359
Inactive Doubly occupied orbitals up to     (NO1)    = 0
No. considered Strongly Doubly occupied MOs (NDOC)   = 20
No. considered Strongly Singly occupied MOs (NSOC)   = 0
NO. of Weakly occ. per St. Doubly occ.  MOs (NCWO)   = 11
Dimension of the Nat. Orb. subspace         (NBF5)   = 240
No. of electrons                                     = 40
    No. of alpha electrons                           = 20
    No. of beta electrons                            = 20
Multiplicity                                         = 1

Geometry
========
 S       0.0000000       0.0000000       0.0000000
 O       0.0000000       1.4227900       0.0000000
 O       1.2321720      -0.7113950       0.0000000
 O      -1.2321720      -0.7113950       0.0000000

No violations of the orthonormality
No violations of the orthonormality
 
PNOF9/ADABelief Calculation
==================
 
  Nitext  Nit_orb  Time   Nit_occ  Time         Eelec          Etot           Ediff      maxdiff    MaxGrad_orb  Grad_occ
     1      10    3.2e+01    0    2.0e+01  -807.58309378  -623.53379742 -10806.58309378   0.002690   1.1e-02   2.6e-04 0.03
     2      30    4.6e+01    0    1.4e-01  -807.58309378  -623.53379742     0.00000000   0.002690   1.1e-02   2.6e-04 0.03
     3      50    7.5e+01    0    1.6e-01  -807.58309378  -623.53379742     0.00000000   0.002690   1.1e-02   2.6e-04 0.03
     4      70    1.0e+02    0    1.4e-01  -807.58325404  -623.53395769    -0.00016026   0.000919   3.7e-03   2.6e-04 0.03
 
RESULTS OF THE OCCUPATION OPTIMIZATION
========================================
   1    1.9999995  -92.29377574
   2    1.9999766  -20.67302879
   3    1.9999817  -20.67215555
   4    1.9999791  -20.67193167
   5    1.9998387  -9.23082091
   6    1.9993484  -6.92360013
   7    1.9994052  -6.91971493
   8    1.9993818  -6.91952114
   9    1.9860448  -1.55605997
  10    1.9843936  -1.41995692
  11    1.9845426  -1.41170939
  12    1.9819762  -0.93751863
  13    1.9780877  -0.78414833
  14    1.9787246  -0.77325379
  15    1.9770437  -0.74322512
  16    1.9690377  -0.66067987
  17    1.9691996  -0.65712126
  18    1.9693581  -0.64758669
  19    1.9743673  -0.63923866
  20    1.9650383  -0.61277177
  21    0.0321033  -0.05888791
  22    0.0110170  -0.02085336
  23    0.0270067  -0.04972593
  24    0.0294628  -0.05284763
  25    0.0297606  -0.05350450
  26    0.0102724  -0.02044417
  27    0.0104355  -0.02385984
  28    0.0097581  -0.02332744
  29    0.0059649  -0.01741908
  30    0.0055963  -0.01895923
  31    0.0058661  -0.01999494
  32    0.0058464  -0.02223924
  33    0.0004790  -0.00981587
  34    0.0004521  -0.00725321
  35    0.0005145  -0.00848407
  36    0.0000791  -0.00233134
  37    0.0000069  -0.00019572
  38    0.0000078  -0.00020799
  39    0.0000064  -0.00018926
  40    0.0000003  -0.00002188
  41    0.0023462  -0.00613868
  42    0.0042004  -0.01076076
  43    0.0026798  -0.00681743
  44    0.0002485  -0.00087164
  45    0.0002434  -0.00085863
  46    0.0042462  -0.01159283
  47    0.0040074  -0.01156073
  48    0.0037731  -0.01083548
  49    0.0053790  -0.01755028
  50    0.0029176  -0.01039616
  51    0.0029801  -0.01030914
  52    0.0024662  -0.00920648
  53    0.0000472  -0.00115103
  54    0.0000492  -0.00150492
  55    0.0000474  -0.00144127
  56    0.0000193  -0.00024457
  57    0.0000041  -0.00005819
  58    0.0000034  -0.00014787
  59    0.0000032  -0.00010806
  60    0.0000000  -0.00000104
  61    0.0001653  -0.00062974
  62    0.0033618  -0.00792863
  63    0.0002081  -0.00075429
  64    0.0002466  -0.00086252
  65    0.0002413  -0.00085216
  66    0.0039073  -0.01061263
  67    0.0032092  -0.00898682
  68    0.0031995  -0.00896739
  69    0.0026908  -0.00938419
  70    0.0026897  -0.00905879
  71    0.0026886  -0.00953947
  72    0.0021806  -0.00986987
  73    0.0000113  -0.00012191
  74    0.0000121  -0.00042337
  75    0.0000111  -0.00041430
  76    0.0000090  -0.00009649
  77    0.0000025  -0.00014490
  78    0.0000022  -0.00003650
  79    0.0000030  -0.00004591
  80    0.0000000  -0.00000067
  81    0.0001563  -0.00058003
  82    0.0031386  -0.00730806
  83    0.0001941  -0.00071186
  84    0.0001998  -0.00071137
  85    0.0001985  -0.00071378
  86    0.0032372  -0.00847725
  87    0.0014556  -0.00513078
  88    0.0026044  -0.00790181
  89    0.0014439  -0.00605997
  90    0.0022165  -0.01050129
  91    0.0022806  -0.00931198
  92    0.0009876  -0.00512948
  93    0.0000109  -0.00011991
  94    0.0000118  -0.00017809
  95    0.0000108  -0.00011857
  96    0.0000083  -0.00008687
  97    0.0000023  -0.00003739
  98    0.0000014  -0.00002356
  99    0.0000027  -0.00009564
 100    0.0000000  -0.00000060
 101    0.0000645  -0.00022983
 102    0.0030176  -0.00732015
 103    0.0001729  -0.00066610
 104    0.0001992  -0.00070142
 105    0.0001913  -0.00070646
 106    0.0005456  -0.00179384
 107    0.0008922  -0.00325932
 108    0.0009254  -0.00321184
 109    0.0010313  -0.00447844
 110    0.0004949  -0.00327790
 111    0.0004685  -0.00259768
 112    0.0006237  -0.00387333
 113    0.0000107  -0.00011416
 114    0.0000110  -0.00011669
 115    0.0000105  -0.00010866
 116    0.0000082  -0.00008753
 117    0.0000016  -0.00002682
 118    0.0000007  -0.00001055
 119    0.0000021  -0.00003321
 120    0.0000000  -0.00000051
 121    0.0000404  -0.00015563
 122    0.0004328  -0.00144976
 123    0.0001692  -0.00060951
 124    0.0001878  -0.00069721
 125    0.0001844  -0.00068823
 126    0.0003143  -0.00097788
 127    0.0005574  -0.00185842
 128    0.0009083  -0.00330795
 129    0.0005464  -0.00208956
 130    0.0004728  -0.00247608
 131    0.0004428  -0.00333919
 132    0.0005394  -0.00447599
 133    0.0000104  -0.00010928
 134    0.0000105  -0.00011035
 135    0.0000100  -0.00010474
 136    0.0000077  -0.00008438
 137    0.0000011  -0.00002269
 138    0.0000006  -0.00000998
 139    0.0000018  -0.00002787
 140    0.0000000  -0.00000027
 141    0.0000273  -0.00012736
 142    0.0002969  -0.00105437
 143    0.0001229  -0.00046824
 144    0.0001827  -0.00068026
 145    0.0000716  -0.00024048
 146    0.0002210  -0.00078492
 147    0.0005117  -0.00193970
 148    0.0004808  -0.00179495
 149    0.0003162  -0.00116908
 150    0.0003696  -0.00148275
 151    0.0002838  -0.00130369
 152    0.0005078  -0.00469779
 153    0.0000103  -0.00010601
 154    0.0000100  -0.00010463
 155    0.0000099  -0.00010304
 156    0.0000070  -0.00007860
 157    0.0000007  -0.00000963
 158    0.0000006  -0.00000803
 159    0.0000014  -0.00002312
 160    0.0000000  -0.00000032
 161    0.0000207  -0.00011696
 162    0.0000577  -0.00022340
 163    0.0000388  -0.00013756
 164    0.0000224  -0.00012688
 165    0.0000217  -0.00012647
 166    0.0000806  -0.00033924
 167    0.0000699  -0.00032726
 168    0.0001127  -0.00049269
 169    0.0002050  -0.00089971
 170    0.0002200  -0.00133744
 171    0.0002656  -0.00131865
 172    0.0002647  -0.00118369
 173    0.0000100  -0.00010224
 174    0.0000099  -0.00010183
 175    0.0000098  -0.00010261
 176    0.0000066  -0.00007585
 177    0.0000006  -0.00000982
 178    0.0000005  -0.00000651
 179    0.0000010  -0.00001605
 180    0.0000000  -0.00000028
 181    0.0000128  -0.00008570
 182    0.0000429  -0.00019560
 183    0.0000170  -0.00011083
 184    0.0000171  -0.00011099
 185    0.0000172  -0.00011195
 186    0.0000722  -0.00028739
 187    0.0000574  -0.00027234
 188    0.0000675  -0.00031338
 189    0.0001949  -0.00103999
 190    0.0002031  -0.00082048
 191    0.0001769  -0.00079222
 192    0.0002482  -0.00103800
 193    0.0000098  -0.00010020
 194    0.0000098  -0.00010181
 195    0.0000095  -0.00009967
 196    0.0000060  -0.00007182
 197    0.0000005  -0.00001021
 198    0.0000005  -0.00000402
 199    0.0000009  -0.00001482
 200    0.0000000  -0.00000014
 201    0.0000125  -0.00008430
 202    0.0000382  -0.00017129
 203    0.0000164  -0.00010231
 204    0.0000169  -0.00010378
 205    0.0000165  -0.00010329
 206    0.0000308  -0.00015959
 207    0.0000434  -0.00023435
 208    0.0000526  -0.00022932
 209    0.0001280  -0.00071531
 210    0.0001459  -0.00089360
 211    0.0001077  -0.00066116
 212    0.0001987  -0.00102737
 213    0.0000097  -0.00009976
 214    0.0000094  -0.00009751
 215    0.0000092  -0.00009692
 216    0.0000058  -0.00006994
 217    0.0000004  -0.00001314
 218    0.0000004  -0.00003707
 219    0.0000006  -0.00000965
 220    0.0000000  -0.00000012
 221    0.0000125  -0.00008527
 222    0.0000288  -0.00015028
 223    0.0000159  -0.00010202
 224    0.0000166  -0.00010355
 225    0.0000159  -0.00010121
 226    0.0000286  -0.00015529
 227    0.0000356  -0.00021054
 228    0.0000298  -0.00015890
 229    0.0001234  -0.00057621
 230    0.0001310  -0.00061793
 231    0.0000456  -0.00023761
 232    0.0000919  -0.00049502
 233    0.0000089  -0.00009602
 234    0.0000091  -0.00009661
 235    0.0000090  -0.00009471
 236    0.0000043  -0.00026124
 237    0.0000003  -0.00001663
 238    0.0000002  -0.00000736
 239    0.0000005  -0.00002930
 240    0.0000000  -0.00000009
 
----------------
 Final Energies 
----------------
Final NOF Total Energy =    -623.5339577
 
Total Orbital Internal Iterations = 160
Total Occupation Internal Iterations = 0
 
Elapsed time:  292.37 Seconds

---------------------------------
   Lowdin Population Analysis    
---------------------------------
 Idx  Atom   Population   Charge 
---------------------------------
  1     S    16.118      -0.118
  2     O     7.964       0.036
  3     O     7.958       0.042
  4     O     7.960       0.040

---------------------------------
   M Diagnostic: 0.03
---------------------------------

Recovering execution output...
Moving from /scratch/pobleyef/211130 to /home-nas/pobleyef/Poison-NOF/ncwomax/P30-5/GNOFm25/arina.211130
mkdir -p /home-nas/pobleyef/Poison-NOF/ncwomax/P30-5/GNOFm25/arina.211130
mv /scratch/pobleyef/211130/* /home-nas/pobleyef/Poison-NOF/ncwomax/P30-5/GNOFm25/arina.211130
