Computing Integrals
Basis Set                                            = def2-qzvp
Auxiliary Basis Set                                  = def2-universal-jkfit
Gaussian Type                                        = Spherical
Elapsed time:    2.75 Seconds

Number of basis functions                   (NBF)    = 171
Number of auxiliary basis functions         (NBFAUX) = 231
Inactive Doubly occupied orbitals up to     (NO1)    = 0
No. considered Strongly Doubly occupied MOs (NDOC)   = 12
No. considered Strongly Singly occupied MOs (NSOC)   = 1
NO. of Weakly occ. per St. Doubly occ.  MOs (NCWO)   = 13
Dimension of the Nat. Orb. subspace         (NBF5)   = 169
No. of electrons                                     = 25
    No. of alpha electrons                           = 13
    No. of beta electrons                            = 12
Multiplicity                                         = 2

Geometry
========
 F      -1.0111950      -0.7062760       0.0000000
 O       0.0000000       0.5752150       0.0000000
 O       1.1375950       0.2193450       0.0000000

No violations of the orthonormality
No violations of the orthonormality
 
PNOF8/ADABelief Calculation
==================
 
  Nitext  Nit_orb  Time   Nit_occ  Time         Eelec          Etot           Ediff      maxdiff    MaxGrad_orb  Grad_occ
     1      10    2.2e+01    0    2.5e+01  -317.92536662  -249.88736650 -10316.92536662   0.000486   1.9e-03   2.7e-04 0.48
 
RESULTS OF THE OCCUPATION OPTIMIZATION
========================================
   1    1.9999531  -23.60804112
   2    1.9999524  -23.12849861
   3    1.9999458  -21.19530502
   4    1.9846927  -1.73009608
   5    1.9822606  -1.61721394
   6    1.9768213  -1.09993141
   7    1.9773301  -0.81693102
   8    1.9744521  -0.81264901
   9    1.9745863  -0.77065545
  10    1.9579139  -0.76882387
  11    1.9696784  -0.75775103
  12    1.5205339  -0.55230183
  13    1.0000000  -0.31754763
  14    0.4794354  -0.20386065
  15    0.0101853  -0.01512089
  16    0.0395167  -0.06066178
  17    0.0138695  -0.02209881
  18    0.0140125  -0.02226159
  19    0.0085163  -0.01488583
  20    0.0117891  -0.02269810
  21    0.0088491  -0.02340953
  22    0.0046104  -0.00990052
  23    0.0000127  -0.00044734
  24    0.0000131  -0.00040296
  25    0.0000154  -0.00055103
  26    0.0000076  -0.00000914
  27    0.0063092  -0.01010722
  28    0.0020094  -0.00531022
  29    0.0055465  -0.01141015
  30    0.0056893  -0.01162605
  31    0.0075891  -0.01696988
  32    0.0050766  -0.00994995
  33    0.0041624  -0.01050958
  34    0.0043895  -0.00973208
  35    0.0000056  -0.00011484
  36    0.0000047  -0.00009249
  37    0.0000044  -0.00009128
  38    0.0000050  -0.00000777
  39    0.0058242  -0.00921652
  40    0.0002042  -0.00071587
  41    0.0035755  -0.00762604
  42    0.0036437  -0.00778950
  43    0.0029152  -0.00657212
  44    0.0024293  -0.00605022
  45    0.0028897  -0.00745758
  46    0.0026937  -0.00901651
  47    0.0000055  -0.00009520
  48    0.0000044  -0.00008550
  49    0.0000042  -0.00008414
  50    0.0000040  -0.00000689
  51    0.0054672  -0.00887589
  52    0.0001110  -0.00050274
  53    0.0009191  -0.00322409
  54    0.0009158  -0.00313486
  55    0.0014009  -0.00424369
  56    0.0014124  -0.00424618
  57    0.0005570  -0.00461912
  58    0.0013356  -0.00480803
  59    0.0000050  -0.00008603
  60    0.0000043  -0.00008593
  61    0.0000036  -0.00007591
  62    0.0000033  -0.00000488
  63    0.0007347  -0.00197686
  64    0.0000916  -0.00044802
  65    0.0003337  -0.00112016
  66    0.0003310  -0.00111514
  67    0.0005012  -0.00157311
  68    0.0007918  -0.00294584
  69    0.0003458  -0.00140280
  70    0.0008021  -0.00570958
  71    0.0000048  -0.00008700
  72    0.0000039  -0.00007609
  73    0.0000035  -0.00007288
  74    0.0000027  -0.00000400
  75    0.0004744  -0.00138426
  76    0.0000262  -0.00015192
  77    0.0003083  -0.00105577
  78    0.0003238  -0.00111423
  79    0.0004647  -0.00170147
  80    0.0004903  -0.00151346
  81    0.0003121  -0.00128233
  82    0.0005894  -0.00508424
  83    0.0000038  -0.00007004
  84    0.0000032  -0.00006548
  85    0.0000032  -0.00006718
  86    0.0000023  -0.00000355
  87    0.0004378  -0.00140183
  88    0.0000236  -0.00014317
  89    0.0002786  -0.00098451
  90    0.0002417  -0.00085521
  91    0.0004097  -0.00127792
  92    0.0004468  -0.00133100
  93    0.0002403  -0.00094557
  94    0.0002299  -0.00096345
  95    0.0000035  -0.00007219
  96    0.0000032  -0.00006625
  97    0.0000031  -0.00006565
  98    0.0000022  -0.00000215
  99    0.0002848  -0.00089879
 100    0.0000219  -0.00012572
 101    0.0002530  -0.00090081
 102    0.0002328  -0.00084421
 103    0.0003463  -0.00105815
 104    0.0002977  -0.00093985
 105    0.0002204  -0.00090795
 106    0.0002053  -0.00100972
 107    0.0000032  -0.00006338
 108    0.0000029  -0.00006466
 109    0.0000026  -0.00005854
 110    0.0000010  -0.00000186
 111    0.0002255  -0.00078717
 112    0.0000212  -0.00012515
 113    0.0001543  -0.00068497
 114    0.0000496  -0.00030167
 115    0.0002429  -0.00084512
 116    0.0002528  -0.00088938
 117    0.0000564  -0.00070398
 118    0.0001996  -0.00084375
 119    0.0000030  -0.00005851
 120    0.0000027  -0.00005772
 121    0.0000024  -0.00005445
 122    0.0000008  -0.00000303
 123    0.0001998  -0.00070873
 124    0.0000156  -0.00010059
 125    0.0001087  -0.00066978
 126    0.0000472  -0.00028417
 127    0.0001375  -0.00068648
 128    0.0001224  -0.00122397
 129    0.0000336  -0.00026252
 130    0.0001882  -0.00099382
 131    0.0000027  -0.00006438
 132    0.0000022  -0.00005243
 133    0.0000020  -0.00005376
 134    0.0000008  -0.00000294
 135    0.0001397  -0.00056896
 136    0.0000151  -0.00009103
 137    0.0000239  -0.00014974
 138    0.0000214  -0.00014114
 139    0.0000975  -0.00106982
 140    0.0000299  -0.00019308
 141    0.0000261  -0.00019270
 142    0.0000258  -0.00020959
 143    0.0000024  -0.00005301
 144    0.0000017  -0.00004389
 145    0.0000016  -0.00003929
 146    0.0000007  -0.00000296
 147    0.0000199  -0.00013311
 148    0.0000150  -0.00009176
 149    0.0000225  -0.00014586
 150    0.0000198  -0.00012127
 151    0.0000273  -0.00020305
 152    0.0000202  -0.00013298
 153    0.0000251  -0.00018606
 154    0.0000190  -0.00015185
 155    0.0000018  -0.00004380
 156    0.0000010  -0.00002596
 157    0.0000006  -0.00001995
 158    0.0000004  -0.00000184
 159    0.0000192  -0.00013549
 160    0.0000145  -0.00009678
 161    0.0000202  -0.00013033
 162    0.0000195  -0.00012496
 163    0.0000212  -0.00013859
 164    0.0000195  -0.00013404
 165    0.0000214  -0.00013886
 166    0.0000188  -0.00015074
 167    0.0000004  -0.00005370
 168    0.0000003  -0.00004524
 169    0.0000002  -0.00003265
 
----------------
 Final Energies 
----------------
Final NOF Total Energy =    -249.8873665
 
Total Orbital Internal Iterations = 10
Total Occupation Internal Iterations = 0
 
Elapsed time:   61.68 Seconds

---------------------------------
   Lowdin Population Analysis    
---------------------------------
 Idx  Atom   Population   Charge 
---------------------------------
  1     F     9.020      -0.020
  2     O     7.988       0.012
  3     O     7.993       0.007

---------------------------------
   M Diagnostic: 0.48
---------------------------------

