W4-11-p
/software/eb2024/easybuild/software/common/software/Julia/1.11.3-linux-x86_64/bin/julia
Job runing on nh035
Choosing scratch ...
Automatic scratch folder selection
/scratch/pobleyef/284343
/scratch/pobleyef/284343 directory
cp W4-11-p.jl W4-11-p.jld2 to  /scratch/pobleyef/284343/.
Computing Integrals
Basis Set                                            = def2-qzvp
Auxiliary Basis Set                                  = def2-universal-jkfit
Gaussian Type                                        = Spherical
Elapsed time:    3.58 Seconds

Number of basis functions                   (NBF)    = 70
Number of auxiliary basis functions         (NBFAUX) = 128
Inactive Doubly occupied orbitals up to     (NO1)    = 0
No. considered Strongly Doubly occupied MOs (NDOC)   = 6
No. considered Strongly Singly occupied MOs (NSOC)   = 3
NO. of Weakly occ. per St. Doubly occ.  MOs (NCWO)   = 10
Dimension of the Nat. Orb. subspace         (NBF5)   = 69
No. of electrons                                     = 15
    No. of alpha electrons                           = 9
    No. of beta electrons                            = 6
Multiplicity                                         = 4

Geometry
========
 P       0.0000000       0.0000000       0.0000000

No violations of the orthonormality
No violations of the orthonormality
 
PNOF8/ADABelief Calculation
==================
 
  Nitext  Nit_orb  Time   Nit_occ  Time         Eelec          Etot           Ediff      maxdiff    MaxGrad_orb  Grad_occ
     1      10    2.8e+01   26    3.4e+01  -340.98157039  -340.98157039 -10339.98157039   0.016651   6.7e-02   2.2e-04 0.04
     2      20    1.9e-01   16    7.4e-02  -341.04079968  -341.04079968    -0.05922929   0.291215   1.2e+00   1.9e-04 0.04
     3      20    1.5e-01   17    9.2e-02  -341.06168716  -341.06168716    -0.02088747   0.012803   5.1e-02   1.8e-04 0.03
     4      20    1.4e-01   19    1.6e-01  -341.06763672  -341.06763672    -0.00594956   0.044553   1.8e-01   1.3e-04 0.03
     5      20    1.4e-01   11    5.0e-02  -341.07231902  -341.07231902    -0.00468229   0.045674   1.8e-01   2.0e-04 0.03
     6      20    1.5e-01   10    4.8e-02  -341.07360172  -341.07360172    -0.00128270   0.030678   1.2e-01   1.6e-04 0.03
     7      20    1.3e-01    9    5.5e-02  -341.07610747  -341.07610747    -0.00250575   0.022710   9.1e-02   1.9e-04 0.03
     8      20    1.6e-01   10    7.0e-02  -341.07656724  -341.07656724    -0.00045977   0.033518   1.3e-01   2.2e-04 0.03
     9      20    1.4e-01    7    5.4e-02  -341.07746935  -341.07746935    -0.00090211   0.022220   8.9e-02   1.8e-04 0.03
    10      20    1.3e-01    7    3.3e-02  -341.07792506  -341.07792506    -0.00045570   0.025219   1.0e-01   2.0e-04 0.03
    11      20    1.1e-01    5    2.7e-02  -341.07829264  -341.07829264    -0.00036758   0.024591   9.8e-02   2.3e-04 0.03
    12      20    1.2e-01    0    5.9e-03  -341.07831126  -341.07831126    -0.00001862   0.024591   9.8e-02   2.3e-04 0.03
    13      40    2.1e-01    1    8.5e-03  -341.08015967  -341.08015967    -0.00184841   0.002080   8.3e-03   2.6e-04 0.03
    14      40    2.4e-01    3    2.0e-02  -341.08019893  -341.08019893    -0.00003926   0.005130   2.1e-02   2.1e-04 0.03
    15      40    2.3e-01    0    5.6e-03  -341.08020717  -341.08020717    -0.00000824   0.005130   2.1e-02   2.1e-04 0.03
    16      60    3.1e-01    1    9.1e-03  -341.08026664  -341.08026664    -0.00005947   0.000713   2.9e-03   2.0e-04 0.03
 
RESULTS OF THE OCCUPATION OPTIMIZATION
========================================
   1    1.9999962  -80.01958842
   2    1.9996573  -7.54889678
   3    1.9947376  -5.41985475
   4    1.9947189  -5.41979998
   5    1.9947220  -5.41978014
   6    1.9535169  -0.71906837
   7    1.0000000  -0.21175673
   8    1.0000000  -0.21174429
   9    1.0000000  -0.21168005
  10    0.0106682  -0.02081708
  11    0.0027278  -0.02330429
  12    0.0027248  -0.02331408
  13    0.0027372  -0.02332123
  14    0.0001299  -0.00381186
  15    0.0000033  -0.00053245
  16    0.0069043  -0.00929721
  17    0.0010861  -0.01108124
  18    0.0010883  -0.01105221
  19    0.0010903  -0.01106861
  20    0.0001110  -0.00051391
  21    0.0000004  -0.00000808
  22    0.0068661  -0.00925077
  23    0.0010452  -0.00811135
  24    0.0010365  -0.00804210
  25    0.0010324  -0.00801685
  26    0.0000321  -0.00026905
  27    0.0000000  -0.00000249
  28    0.0068552  -0.00922839
  29    0.0002568  -0.00277278
  30    0.0002730  -0.00289262
  31    0.0002689  -0.00286954
  32    0.0000238  -0.00103656
  33    0.0000000  -0.00000139
  34    0.0068551  -0.00924153
  35    0.0000699  -0.00042824
  36    0.0000618  -0.00039400
  37    0.0000410  -0.00024949
  38    0.0000110  -0.00007049
  39    0.0000000  -0.00000119
  40    0.0068295  -0.00925649
  41    0.0000318  -0.00022108
  42    0.0000357  -0.00023368
  43    0.0000382  -0.00023923
  44    0.0000084  -0.00004466
  45    0.0000000  -0.00000119
  46    0.0004330  -0.00068402
  47    0.0000307  -0.00024720
  48    0.0000319  -0.00022953
  49    0.0000300  -0.00025630
  50    0.0000078  -0.00004471
  51    0.0000000  -0.00000113
  52    0.0003706  -0.00062752
  53    0.0000101  -0.00007802
  54    0.0000101  -0.00011280
  55    0.0000092  -0.00006653
  56    0.0000073  -0.00004187
  57    0.0000000  -0.00000084
  58    0.0003514  -0.00061773
  59    0.0000099  -0.00008854
  60    0.0000099  -0.00006656
  61    0.0000086  -0.00008668
  62    0.0000063  -0.00003282
  63    0.0000000  -0.00000099
  64    0.0003497  -0.00061579
  65    0.0000097  -0.00006777
  66    0.0000090  -0.00011256
  67    0.0000066  -0.00005999
  68    0.0000050  -0.00007351
  69    0.0000000  -0.00000058
 
----------------
 Final Energies 
----------------
Final NOF Total Energy =    -341.0802666
 
Total Orbital Internal Iterations = 410
Total Occupation Internal Iterations = 142
 
Elapsed time:   85.46 Seconds

---------------------------------
   Lowdin Population Analysis    
---------------------------------
 Idx  Atom   Population   Charge 
---------------------------------
  1     P    15.000       0.000

---------------------------------
   M Diagnostic: 0.03
---------------------------------

Recovering execution output...
Moving from /scratch/pobleyef/284343 to /home-nas/pobleyef/Poison-NOF/ncwomax/P30-5/GNOFm25/arina.284343
mkdir -p /home-nas/pobleyef/Poison-NOF/ncwomax/P30-5/GNOFm25/arina.284343
mv /scratch/pobleyef/284343/* /home-nas/pobleyef/Poison-NOF/ncwomax/P30-5/GNOFm25/arina.284343
