G2RC_10_66
/software/eb2024/easybuild/software/common/software/Julia/1.11.3-linux-x86_64/bin/julia
Job runing on na11
Choosing scratch ...
Automatic scratch folder selection
/scratch/pobleyef/179035
/scratch/pobleyef/179035 directory
cp G2RC_10_66.jl G2RC_10_66.jld2 to  /scratch/pobleyef/179035/.
Computing Integrals
Elapsed time:   15.72 Seconds

Number of basis functions                   (NBF)    = 298
Number of auxiliary basis functions         (NBFAUX) = 436
Inactive Doubly occupied orbitals up to     (NO1)    = 0
No. considered Strongly Doubly occupied MOs (NDOC)   = 25
No. considered Strongly Singly occupied MOs (NSOC)   = 0
NO. of Weakly occ. per St. Doubly occ.  MOs (NCWO)   = 1
Dimension of the Nat. Orb. subspace         (NBF5)   = 50
No. of electrons                                     = 50
    No. of alpha electrons                           = 25
    No. of beta electrons                            = 25
Multiplicity                                         = 1

Geometry
========
Si       0.0000000       0.0000000       0.0000000
 F       0.9102019      -0.9102019       0.9102019
 F      -0.9102019       0.9102019       0.9102019
 F      -0.9102019      -0.9102019      -0.9102019
 F       0.9102019       0.9102019      -0.9102019

No violations of the orthonormality
No violations of the orthonormality
 
PNOF9/ADABelief Calculation
==================
 
  Nitext  Nit_orb  Time   Nit_occ  Time         Eelec          Etot           Ediff      maxdiff    MaxGrad_orb  Grad_occ
     1      10    8.4e+01    0    2.0e+01  -957.18719377  -688.11634418 -10956.18719377   0.000633   2.5e-03   1.9e-04 0.02
 
RESULTS OF THE OCCUPATION OPTIMIZATION
========================================
   1    1.9999681  -68.95592216
   2    1.9998730  -26.38037523
   3    1.9998730  -26.38023441
   4    1.9998728  -26.38017926
   5    1.9998730  -26.38004281
   6    1.9982506  -5.87124581
   7    1.9977415  -4.50565206
   8    1.9977430  -4.48862407
   9    1.9977434  -4.46954777
  10    1.9922829  -1.59460340
  11    1.9922809  -1.59437403
  12    1.9922863  -1.59433877
  13    1.9922856  -1.59425925
  14    1.9753502  -0.87132116
  15    1.9753307  -0.87115112
  16    1.9752573  -0.87098694
  17    1.9751856  -0.87082674
  18    1.9831162  -0.73896843
  19    1.9830184  -0.73861993
  20    1.9831256  -0.73857447
  21    1.9831487  -0.73853709
  22    1.9829208  -0.73841432
  23    1.9829640  -0.73817485
  24    1.9828515  -0.73801859
  25    1.9828123  -0.73794348
  26    0.0171877  -0.02609905
  27    0.0171485  -0.02605773
  28    0.0170360  -0.02594072
  29    0.0170792  -0.02598995
  30    0.0168513  -0.02573801
  31    0.0168744  -0.02576262
  32    0.0169816  -0.02588376
  33    0.0168838  -0.02577796
  34    0.0248144  -0.04512166
  35    0.0247427  -0.04500119
  36    0.0246693  -0.04502819
  37    0.0246498  -0.04490517
  38    0.0077144  -0.02369751
  39    0.0077137  -0.02368325
  40    0.0077191  -0.02373235
  41    0.0077171  -0.02367621
  42    0.0022566  -0.01867510
  43    0.0022570  -0.01894678
  44    0.0022585  -0.01974562
  45    0.0017494  -0.01776165
  46    0.0001270  -0.00576636
  47    0.0001272  -0.00577119
  48    0.0001270  -0.00576746
  49    0.0001270  -0.00576942
  50    0.0000319  -0.00445743
 
----------------
 Final Energies 
----------------
Final NOF Total Energy =    -688.1163442
 
Total Orbital Internal Iterations = 10
Total Occupation Internal Iterations = 0
 
Elapsed time:  119.21 Seconds

---------------------------------
   Lowdin Population Analysis    
---------------------------------
 Idx  Atom   Population   Charge 
---------------------------------
  1    Si    15.246      -1.246
  2     F     8.689       0.311
  3     F     8.689       0.311
  4     F     8.689       0.311
  5     F     8.688       0.312

---------------------------------
   M Diagnostic: 0.02
---------------------------------

Recovering execution output...
Moving from /scratch/pobleyef/179035 to /home-nas/pobleyef/Poison-Set/ncwo1/P30-5/GNOFmsta/arina.179035
mkdir -p /home-nas/pobleyef/Poison-Set/ncwo1/P30-5/GNOFmsta/arina.179035
mv /scratch/pobleyef/179035/* /home-nas/pobleyef/Poison-Set/ncwo1/P30-5/GNOFmsta/arina.179035
