G2RC_20_13
/software/eb2024/easybuild/software/common/software/Julia/1.11.3-linux-x86_64/bin/julia
Job runing on na11
Choosing scratch ...
Automatic scratch folder selection
/scratch/pobleyef/179037
/scratch/pobleyef/179037 directory
cp G2RC_20_13.jl G2RC_20_13.jld2 to  /scratch/pobleyef/179037/.
Computing Integrals
Elapsed time:    3.74 Seconds

Number of basis functions                   (NBF)    = 117
Number of auxiliary basis functions         (NBFAUX) = 113
Inactive Doubly occupied orbitals up to     (NO1)    = 0
No. considered Strongly Doubly occupied MOs (NDOC)   = 5
No. considered Strongly Singly occupied MOs (NSOC)   = 0
NO. of Weakly occ. per St. Doubly occ.  MOs (NCWO)   = 1
Dimension of the Nat. Orb. subspace         (NBF5)   = 10
No. of electrons                                     = 10
    No. of alpha electrons                           = 5
    No. of beta electrons                            = 5
Multiplicity                                         = 1

Geometry
========
 O       0.0000000       0.0000000      -0.3906056
 H      -0.7620804       0.0000000       0.1953028
 H       0.7620804       0.0000000       0.1953028

No violations of the orthonormality
No violations of the orthonormality
 
PNOF9/ADABelief Calculation
==================
 
  Nitext  Nit_orb  Time   Nit_occ  Time         Eelec          Etot           Ediff      maxdiff    MaxGrad_orb  Grad_occ
     1      10    2.8e+01    0    2.0e+01   -85.40411389   -76.24904449 -10084.40411389   0.000478   1.9e-03   2.1e-04 0.03
 
RESULTS OF THE OCCUPATION OPTIMIZATION
========================================
   1    1.9998196  -20.59267644
   2    1.9911970  -1.27196986
   3    1.9719720  -0.72597834
   4    1.9719731  -0.72595928
   5    1.9813346  -0.53625819
   6    0.0186654  -0.02206812
   7    0.0280269  -0.03489608
   8    0.0280280  -0.03489594
   9    0.0088030  -0.02042898
  10    0.0001804  -0.00628174
 
----------------
 Final Energies 
----------------
Final NOF Total Energy =     -76.2490445
 
Total Orbital Internal Iterations = 10
Total Occupation Internal Iterations = 0
 
Elapsed time:   59.31 Seconds

---------------------------------
   Lowdin Population Analysis    
---------------------------------
 Idx  Atom   Population   Charge 
---------------------------------
  1     O     7.343       0.657
  2     H     1.328      -0.328
  3     H     1.328      -0.328

---------------------------------
   M Diagnostic: 0.03
---------------------------------

Recovering execution output...
Moving from /scratch/pobleyef/179037 to /home-nas/pobleyef/Poison-Set/ncwo1/P30-5/GNOFmsta/arina.179037
mkdir -p /home-nas/pobleyef/Poison-Set/ncwo1/P30-5/GNOFmsta/arina.179037
mv /scratch/pobleyef/179037/* /home-nas/pobleyef/Poison-Set/ncwo1/P30-5/GNOFmsta/arina.179037
