si
/software/eb2024/easybuild/software/common/software/Julia/1.11.3-linux-x86_64/bin/julia
Job runing on na11
Choosing scratch ...
Automatic scratch folder selection
/scratch/pobleyef/179055
/scratch/pobleyef/179055 directory
cp si.jl si.jld2 to  /scratch/pobleyef/179055/.
Computing Integrals
Elapsed time:    3.96 Seconds

Number of basis functions                   (NBF)    = 70
Number of auxiliary basis functions         (NBFAUX) = 128
Inactive Doubly occupied orbitals up to     (NO1)    = 0
No. considered Strongly Doubly occupied MOs (NDOC)   = 6
No. considered Strongly Singly occupied MOs (NSOC)   = 2
NO. of Weakly occ. per St. Doubly occ.  MOs (NCWO)   = 1
Dimension of the Nat. Orb. subspace         (NBF5)   = 14
No. of electrons                                     = 14
    No. of alpha electrons                           = 8
    No. of beta electrons                            = 6
Multiplicity                                         = 3

Geometry
========
Si       0.0000000       0.0000000       0.0000000

No violations of the orthonormality
No violations of the orthonormality
 
PNOF9/ADABelief Calculation
==================
 
  Nitext  Nit_orb  Time   Nit_occ  Time         Eelec          Etot           Ediff      maxdiff    MaxGrad_orb  Grad_occ
     1      10    1.7e+01    0    2.0e+01  -289.04925538  -289.04925538 -10288.04925538   0.000845   3.4e-03   9.8e-05 0.05
 
RESULTS OF THE OCCUPATION OPTIMIZATION
========================================
   1    1.9999634  -68.86243555
   2    1.9984895  -6.16522758
   3    1.9968925  -4.26928759
   4    1.9969444  -4.26733799
   5    1.9969509  -4.26733655
   6    1.9530929  -0.55132809
   7    1.0000000  -0.15396652
   8    1.0000000  -0.15393014
   9    0.0469071  -0.03178779
  10    0.0030491  -0.02117836
  11    0.0030556  -0.02119313
  12    0.0031075  -0.02981358
  13    0.0015105  -0.01396351
  14    0.0000366  -0.00501629
 
----------------
 Final Energies 
----------------
Final NOF Total Energy =    -289.0492554
 
Total Orbital Internal Iterations = 10
Total Occupation Internal Iterations = 0
 
Elapsed time:   48.43 Seconds

---------------------------------
   Lowdin Population Analysis    
---------------------------------
 Idx  Atom   Population   Charge 
---------------------------------
  1    Si    14.000      -0.000

---------------------------------
   M Diagnostic: 0.05
---------------------------------

Recovering execution output...
Moving from /scratch/pobleyef/179055 to /home-nas/pobleyef/Poison-Set/ncwo1/P30-5/GNOFmsta/arina.179055
mkdir -p /home-nas/pobleyef/Poison-Set/ncwo1/P30-5/GNOFmsta/arina.179055
mv /scratch/pobleyef/179055/* /home-nas/pobleyef/Poison-Set/ncwo1/P30-5/GNOFmsta/arina.179055
