W4-11_104_hnnn
/software/eb2024/easybuild/software/common/software/Julia/1.11.3-linux-x86_64/bin/julia
Job runing on na11
Choosing scratch ...
Automatic scratch folder selection
/scratch/pobleyef/179057
/scratch/pobleyef/179057 directory
cp W4-11_104_hnnn.jl W4-11_104_hnnn.jld2 to  /scratch/pobleyef/179057/.
Computing Integrals
Elapsed time:    7.61 Seconds

Number of basis functions                   (NBF)    = 201
Number of auxiliary basis functions         (NBFAUX) = 249
Inactive Doubly occupied orbitals up to     (NO1)    = 0
No. considered Strongly Doubly occupied MOs (NDOC)   = 11
No. considered Strongly Singly occupied MOs (NSOC)   = 0
NO. of Weakly occ. per St. Doubly occ.  MOs (NCWO)   = 1
Dimension of the Nat. Orb. subspace         (NBF5)   = 22
No. of electrons                                     = 22
    No. of alpha electrons                           = 11
    No. of beta electrons                            = 11
Multiplicity                                         = 1

Geometry
========
 H       1.0789720      -1.3818100       0.0000000
 N       0.0937700      -1.1298800       0.0000000
 N       0.0000000       0.1110980       0.0000000
 N      -0.2479090       1.2161830       0.0000000

No violations of the orthonormality
No violations of the orthonormality
 
PNOF9/ADABelief Calculation
==================
 
  Nitext  Nit_orb  Time   Nit_occ  Time         Eelec          Etot           Ediff      maxdiff    MaxGrad_orb  Grad_occ
     1      10    4.9e+01    0    2.0e+01  -225.95395231  -164.36349691 -10224.95395231   0.000463   1.9e-03   2.2e-04 0.04
 
RESULTS OF THE OCCUPATION OPTIMIZATION
========================================
   1    1.9997214  -15.76116420
   2    1.9997809  -15.66941842
   3    1.9997453  -15.62439008
   4    1.9931234  -1.40015650
   5    1.9904254  -1.05180044
   6    1.9796934  -0.88588787
   7    1.9893604  -0.82766155
   8    1.9757866  -0.74549979
   9    1.9727688  -0.66367468
  10    1.9580148  -0.60753884
  11    1.9579501  -0.47974847
  12    0.0420499  -0.05421500
  13    0.0419852  -0.05384394
  14    0.0272312  -0.04122017
  15    0.0242134  -0.02857818
  16    0.0106396  -0.01713490
  17    0.0203066  -0.03288778
  18    0.0095746  -0.01851961
  19    0.0068766  -0.01385908
  20    0.0002547  -0.00665659
  21    0.0002191  -0.00589968
  22    0.0002786  -0.00716888
 
----------------
 Final Energies 
----------------
Final NOF Total Energy =    -164.3634969
 
Total Orbital Internal Iterations = 10
Total Occupation Internal Iterations = 0
 
Elapsed time:   83.17 Seconds

---------------------------------
   Lowdin Population Analysis    
---------------------------------
 Idx  Atom   Population   Charge 
---------------------------------
  1     H     1.256      -0.256
  2     N     6.838       0.162
  3     N     6.973       0.027
  4     N     6.933       0.067

---------------------------------
   M Diagnostic: 0.04
---------------------------------

Recovering execution output...
Moving from /scratch/pobleyef/179057 to /home-nas/pobleyef/Poison-Set/ncwo1/P30-5/GNOFmsta/arina.179057
mkdir -p /home-nas/pobleyef/Poison-Set/ncwo1/P30-5/GNOFmsta/arina.179057
mv /scratch/pobleyef/179057/* /home-nas/pobleyef/Poison-Set/ncwo1/P30-5/GNOFmsta/arina.179057
