W4-11_116_p4
/software/eb2024/easybuild/software/common/software/Julia/1.11.3-linux-x86_64/bin/julia
Job runing on nh005
Choosing scratch ...
Automatic scratch folder selection
/scratch/pobleyef/179062
/scratch/pobleyef/179062 directory
cp W4-11_116_p4.jl W4-11_116_p4.jld2 to  /scratch/pobleyef/179062/.
Computing Integrals
Elapsed time:    7.38 Seconds

Number of basis functions                   (NBF)    = 280
Number of auxiliary basis functions         (NBFAUX) = 512
Inactive Doubly occupied orbitals up to     (NO1)    = 0
No. considered Strongly Doubly occupied MOs (NDOC)   = 30
No. considered Strongly Singly occupied MOs (NSOC)   = 0
NO. of Weakly occ. per St. Doubly occ.  MOs (NCWO)   = 1
Dimension of the Nat. Orb. subspace         (NBF5)   = 60
No. of electrons                                     = 60
    No. of alpha electrons                           = 30
    No. of beta electrons                            = 30
Multiplicity                                         = 1

Geometry
========
 P       0.7773750       0.7773750       0.7773750
 P      -0.7773750      -0.7773750       0.7773750
 P      -0.7773750       0.7773750      -0.7773750
 P       0.7773750      -0.7773750      -0.7773750

No violations of the orthonormality
No violations of the orthonormality
 
PNOF9/ADABelief Calculation
==================
 
  Nitext  Nit_orb  Time   Nit_occ  Time         Eelec          Etot           Ediff      maxdiff    MaxGrad_orb  Grad_occ
     1      10    3.0e+01    0    3.4e+01 -1689.05416878 -1364.14763310 -11688.05416878   0.000557   2.2e-03   2.5e-04 0.03
 
RESULTS OF THE OCCUPATION OPTIMIZATION
========================================
   1    1.9999639  -80.01731467
   2    1.9999648  -80.01720105
   3    1.9999639  -80.01714424
   4    1.9999707  -80.01672268
   5    1.9990268  -7.50430422
   6    1.9990257  -7.50355523
   7    1.9990040  -7.46740258
   8    1.9987974  -7.45162262
   9    1.9976754  -5.46137581
  10    1.9981282  -5.45380513
  11    1.9982020  -5.42229838
  12    1.9981863  -5.41542267
  13    1.9982466  -5.41449372
  14    1.9982545  -5.41400291
  15    1.9982022  -5.41335496
  16    1.9981824  -5.41312224
  17    1.9981949  -5.41286651
  18    1.9981908  -5.41266412
  19    1.9981969  -5.41112630
  20    1.9982097  -5.41102420
  21    1.9919615  -0.82371819
  22    1.9919121  -0.81285865
  23    1.9919082  -0.81189010
  24    1.9843578  -0.71075935
  25    1.9660603  -0.41367455
  26    1.9660046  -0.41356040
  27    1.9666348  -0.41337210
  28    1.9660235  -0.41325468
  29    1.9660992  -0.41253466
  30    1.9660494  -0.41237361
  31    0.0339506  -0.04123184
  32    0.0339008  -0.04126057
  33    0.0339765  -0.04132285
  34    0.0333652  -0.04127848
  35    0.0339954  -0.04132927
  36    0.0339397  -0.04132144
  37    0.0156422  -0.02150830
  38    0.0080918  -0.02709896
  39    0.0080879  -0.02703643
  40    0.0080385  -0.02645847
  41    0.0017903  -0.01842884
  42    0.0018031  -0.01858998
  43    0.0018092  -0.01859667
  44    0.0018051  -0.01857120
  45    0.0018176  -0.01869006
  46    0.0017978  -0.01830163
  47    0.0017455  -0.01785532
  48    0.0017534  -0.01795622
  49    0.0018137  -0.01862886
  50    0.0017980  -0.01855785
  51    0.0018718  -0.01909554
  52    0.0023246  -0.02758069
  53    0.0012026  -0.01583167
  54    0.0009960  -0.01419365
  55    0.0009743  -0.01346725
  56    0.0009732  -0.01336640
  57    0.0000293  -0.00475684
  58    0.0000361  -0.00547819
  59    0.0000352  -0.00537629
  60    0.0000361  -0.00549415
 
----------------
 Final Energies 
----------------
Final NOF Total Energy =   -1364.1476331
 
Total Orbital Internal Iterations = 10
Total Occupation Internal Iterations = 0
 
Elapsed time:   83.49 Seconds

---------------------------------
   Lowdin Population Analysis    
---------------------------------
 Idx  Atom   Population   Charge 
---------------------------------
  1     P    14.998       0.002
  2     P    15.001      -0.001
  3     P    15.001      -0.001
  4     P    15.000      -0.000

---------------------------------
   M Diagnostic: 0.03
---------------------------------

Recovering execution output...
Moving from /scratch/pobleyef/179062 to /home-nas/pobleyef/Poison-Set/ncwo1/P30-5/GNOFmsta/arina.179062
mkdir -p /home-nas/pobleyef/Poison-Set/ncwo1/P30-5/GNOFmsta/arina.179062
mv /scratch/pobleyef/179062/* /home-nas/pobleyef/Poison-Set/ncwo1/P30-5/GNOFmsta/arina.179062
