al
/software/eb2024/easybuild/software/common/software/Julia/1.11.3-linux-x86_64/bin/julia
Job runing on na01
Choosing scratch ...
Automatic scratch folder selection
/scratch/pobleyef/212470
/scratch/pobleyef/212470 directory
cp al.jl al.jld2 to  /scratch/pobleyef/212470/.
Computing Integrals
Basis Set                                            = def2-qzvp
Auxiliary Basis Set                                  = def2-universal-jkfit
Gaussian Type                                        = Spherical
Elapsed time:    2.74 Seconds

Number of basis functions                   (NBF)    = 70
Number of auxiliary basis functions         (NBFAUX) = 128
Inactive Doubly occupied orbitals up to     (NO1)    = 0
No. considered Strongly Doubly occupied MOs (NDOC)   = 6
No. considered Strongly Singly occupied MOs (NSOC)   = 1
NO. of Weakly occ. per St. Doubly occ.  MOs (NCWO)   = 1
Dimension of the Nat. Orb. subspace         (NBF5)   = 13
No. of electrons                                     = 13
    No. of alpha electrons                           = 7
    No. of beta electrons                            = 6
Multiplicity                                         = 2

Geometry
========
Al       0.0000000       0.0000000       0.0000000

No violations of the orthonormality
No violations of the orthonormality
 
PNOF8/ADABelief Calculation
==================
 
  Nitext  Nit_orb  Time   Nit_occ  Time         Eelec          Etot           Ediff      maxdiff    MaxGrad_orb  Grad_occ
     1      10    1.7e+01    0    2.0e+01  -242.05858371  -242.05858371 -10241.05858371   0.000781   3.1e-03   2.0e-04 0.04
 
RESULTS OF THE OCCUPATION OPTIMIZATION
========================================
   1    1.9999549  -58.55534856
   2    1.9982332  -4.92403756
   3    1.9958791  -3.23529309
   4    1.9950759  -3.23342310
   5    1.9957268  -3.23277731
   6    1.9591773  -0.40273911
   7    1.0000000  -0.10927881
   8    0.0408227  -0.02697787
   9    0.0042732  -0.02140964
  10    0.0049241  -0.02382074
  11    0.0041209  -0.03070268
  12    0.0017668  -0.01194114
  13    0.0000451  -0.00531756
 
----------------
 Final Energies 
----------------
Final NOF Total Energy =    -242.0585837
 
Total Orbital Internal Iterations = 10
Total Occupation Internal Iterations = 0
 
Elapsed time:   48.66 Seconds

---------------------------------
   Lowdin Population Analysis    
---------------------------------
 Idx  Atom   Population   Charge 
---------------------------------
  1    Al    13.000      -0.000

---------------------------------
   M Diagnostic: 0.04
---------------------------------

Recovering execution output...
Moving from /scratch/pobleyef/212470 to /home-nas/pobleyef/Poison-NOF/ncwo1/P30-5/GNOFa25/arina.212470
mkdir -p /home-nas/pobleyef/Poison-NOF/ncwo1/P30-5/GNOFa25/arina.212470
mv /scratch/pobleyef/212470/* /home-nas/pobleyef/Poison-NOF/ncwo1/P30-5/GNOFa25/arina.212470
