b
/software/eb2024/easybuild/software/common/software/Julia/1.11.3-linux-x86_64/bin/julia
Job runing on na18
Choosing scratch ...
Automatic scratch folder selection
/scratch/pobleyef/212480
/scratch/pobleyef/212480 directory
cp b.jl b.jld2 to  /scratch/pobleyef/212480/.
Computing Integrals
Basis Set                                            = def2-qzvp
Auxiliary Basis Set                                  = def2-universal-jkfit
Gaussian Type                                        = Spherical
Elapsed time:    2.46 Seconds

Number of basis functions                   (NBF)    = 57
Number of auxiliary basis functions         (NBFAUX) = 75
Inactive Doubly occupied orbitals up to     (NO1)    = 0
No. considered Strongly Doubly occupied MOs (NDOC)   = 2
No. considered Strongly Singly occupied MOs (NSOC)   = 1
NO. of Weakly occ. per St. Doubly occ.  MOs (NCWO)   = 1
Dimension of the Nat. Orb. subspace         (NBF5)   = 5
No. of electrons                                     = 5
    No. of alpha electrons                           = 3
    No. of beta electrons                            = 2
Multiplicity                                         = 2

Geometry
========
 B       0.0000000       0.0000000       0.0000000

No violations of the orthonormality
No violations of the orthonormality
 
PNOF8/ADABelief Calculation
==================
 
  Nitext  Nit_orb  Time   Nit_occ  Time         Eelec          Etot           Ediff      maxdiff    MaxGrad_orb  Grad_occ
     1      10    1.8e+01    0    2.3e+01   -24.58486191   -24.58486191 -10023.58486191   0.000682   2.7e-03   4.9e-06 0.10
 
RESULTS OF THE OCCUPATION OPTIMIZATION
========================================
   1    1.9991582  -7.68751607
   2    1.9031680  -0.49770264
   3    1.0000000  -0.16240740
   4    0.0968320  -0.03521381
   5    0.0008418  -0.01026378
 
----------------
 Final Energies 
----------------
Final NOF Total Energy =     -24.5848619
 
Total Orbital Internal Iterations = 10
Total Occupation Internal Iterations = 0
 
Elapsed time:   53.05 Seconds

---------------------------------
   Lowdin Population Analysis    
---------------------------------
 Idx  Atom   Population   Charge 
---------------------------------
  1     B     5.000      -0.000

---------------------------------
   M Diagnostic: 0.10
---------------------------------

Recovering execution output...
Moving from /scratch/pobleyef/212480 to /home-nas/pobleyef/Poison-NOF/ncwo1/P30-5/GNOFa25/arina.212480
mkdir -p /home-nas/pobleyef/Poison-NOF/ncwo1/P30-5/GNOFa25/arina.212480
mv /scratch/pobleyef/212480/* /home-nas/pobleyef/Poison-NOF/ncwo1/P30-5/GNOFa25/arina.212480
