BH76_9_hf2ts
/software/eb2024/easybuild/software/common/software/Julia/1.11.3-linux-x86_64/bin/julia
Job runing on na11
Choosing scratch ...
Automatic scratch folder selection
/scratch/pobleyef/212478
/scratch/pobleyef/212478 directory
cp BH76_9_hf2ts.jl BH76_9_hf2ts.jld2 to  /scratch/pobleyef/212478/.
Computing Integrals
Basis Set                                            = def2-qzvp
Auxiliary Basis Set                                  = def2-universal-jkfit
Gaussian Type                                        = Spherical
Elapsed time:    9.68 Seconds

Number of basis functions                   (NBF)    = 144
Number of auxiliary basis functions         (NBFAUX) = 172
Inactive Doubly occupied orbitals up to     (NO1)    = 0
No. considered Strongly Doubly occupied MOs (NDOC)   = 9
No. considered Strongly Singly occupied MOs (NSOC)   = 1
NO. of Weakly occ. per St. Doubly occ.  MOs (NCWO)   = 1
Dimension of the Nat. Orb. subspace         (NBF5)   = 19
No. of electrons                                     = 19
    No. of alpha electrons                           = 10
    No. of beta electrons                            = 9
Multiplicity                                         = 2

Geometry
========
 H       0.0000000       0.0000000      -1.5701571
 F       0.0000000       0.0000000       0.0449024
 F       0.0000000       0.0000000       1.5252546

No violations of the orthonormality
No violations of the orthonormality
 
PNOF8/ADABelief Calculation
==================
 
  Nitext  Nit_orb  Time   Nit_occ  Time         Eelec          Etot           Ediff      maxdiff    MaxGrad_orb  Grad_occ
     1      10    3.3e+01    0    2.1e+01  -233.08776929  -199.64553776 -10232.08776929   0.000842   3.4e-03   2.2e-04 0.06
 
RESULTS OF THE OCCUPATION OPTIMIZATION
========================================
   1    1.9998691  -26.46157885
   2    1.9998666  -26.44583509
   3    1.9919553  -1.55408688
   4    1.9914688  -1.49488953
   5    1.9861246  -0.82204264
   6    1.9862365  -0.82031290
   7    1.9858165  -0.81221997
   8    1.9859764  -0.81218052
   9    1.9360932  -0.79165332
  10    1.0000000  -0.25049014
  11    0.0639068  -0.09815426
  12    0.0140236  -0.02423899
  13    0.0141835  -0.02404823
  14    0.0137635  -0.02400105
  15    0.0138754  -0.02381387
  16    0.0085312  -0.02252111
  17    0.0080447  -0.02251061
  18    0.0001334  -0.00605920
  19    0.0001309  -0.00594481
 
----------------
 Final Energies 
----------------
Final NOF Total Energy =    -199.6455378
 
Total Orbital Internal Iterations = 10
Total Occupation Internal Iterations = 0
 
Elapsed time:   66.03 Seconds

---------------------------------
   Lowdin Population Analysis    
---------------------------------
 Idx  Atom   Population   Charge 
---------------------------------
  1     H     1.016      -0.016
  2     F     8.970       0.030
  3     F     9.014      -0.014

---------------------------------
   M Diagnostic: 0.06
---------------------------------

Recovering execution output...
Moving from /scratch/pobleyef/212478 to /home-nas/pobleyef/Poison-NOF/ncwo1/P30-5/GNOFa25/arina.212478
mkdir -p /home-nas/pobleyef/Poison-NOF/ncwo1/P30-5/GNOFa25/arina.212478
mv /scratch/pobleyef/212478/* /home-nas/pobleyef/Poison-NOF/ncwo1/P30-5/GNOFa25/arina.212478
