ca
/software/eb2024/easybuild/software/common/software/Julia/1.11.3-linux-x86_64/bin/julia
Job runing on na19
Choosing scratch ...
Automatic scratch folder selection
/scratch/pobleyef/212481
/scratch/pobleyef/212481 directory
cp ca.jl ca.jld2 to  /scratch/pobleyef/212481/.
Computing Integrals
Basis Set                                            = def2-qzvp
Auxiliary Basis Set                                  = def2-universal-jkfit
Gaussian Type                                        = Spherical
Elapsed time:    2.52 Seconds

Number of basis functions                   (NBF)    = 56
Number of auxiliary basis functions         (NBFAUX) = 160
Inactive Doubly occupied orbitals up to     (NO1)    = 0
No. considered Strongly Doubly occupied MOs (NDOC)   = 10
No. considered Strongly Singly occupied MOs (NSOC)   = 0
NO. of Weakly occ. per St. Doubly occ.  MOs (NCWO)   = 1
Dimension of the Nat. Orb. subspace         (NBF5)   = 20
No. of electrons                                     = 20
    No. of alpha electrons                           = 10
    No. of beta electrons                            = 10
Multiplicity                                         = 1

Geometry
========
Ca       0.0000000       0.0000000       0.0000000

No violations of the orthonormality
No violations of the orthonormality
 
PNOF8/ADABelief Calculation
==================
 
  Nitext  Nit_orb  Time   Nit_occ  Time         Eelec          Etot           Ediff      maxdiff    MaxGrad_orb  Grad_occ
     1      10    1.8e+01    0    2.2e+01  -677.13362310  -677.13362310 -10676.13362310   0.000788   3.2e-03   2.0e-04 0.03
 
RESULTS OF THE OCCUPATION OPTIMIZATION
========================================
   1    1.9999985  -149.31837516
   2    1.9999857  -16.22835688
   3    1.9998851  -14.20522718
   4    1.9998694  -13.60179242
   5    1.9986307  -13.59374588
   6    1.9835744  -2.24100891
   7    1.9722727  -1.12725900
   8    1.9721581  -1.12064788
   9    1.9704780  -0.99912154
  10    1.9704040  -0.99764225
  11    0.0295960  -0.04379723
  12    0.0295220  -0.04371121
  13    0.0278419  -0.04421075
  14    0.0277273  -0.04421293
  15    0.0164256  -0.03830035
  16    0.0013693  -0.03251199
  17    0.0001306  -0.00490275
  18    0.0001149  -0.00283357
  19    0.0000143  -0.00236838
  20    0.0000015  -0.00021818
 
----------------
 Final Energies 
----------------
Final NOF Total Energy =    -677.1336231
 
Total Orbital Internal Iterations = 10
Total Occupation Internal Iterations = 0
 
Elapsed time:   51.91 Seconds

---------------------------------
   Lowdin Population Analysis    
---------------------------------
 Idx  Atom   Population   Charge 
---------------------------------
  1    Ca    20.000      -0.000

---------------------------------
   M Diagnostic: 0.03
---------------------------------

Recovering execution output...
Moving from /scratch/pobleyef/212481 to /home-nas/pobleyef/Poison-NOF/ncwo1/P30-5/GNOFa25/arina.212481
mkdir -p /home-nas/pobleyef/Poison-NOF/ncwo1/P30-5/GNOFa25/arina.212481
mv /scratch/pobleyef/212481/* /home-nas/pobleyef/Poison-NOF/ncwo1/P30-5/GNOFa25/arina.212481
