DC13_7_be4
/software/eb2024/easybuild/software/common/software/Julia/1.11.3-linux-x86_64/bin/julia
Job runing on na22
Choosing scratch ...
Automatic scratch folder selection
/scratch/pobleyef/212484
/scratch/pobleyef/212484 directory
cp DC13_7_be4.jl DC13_7_be4.jld2 to  /scratch/pobleyef/212484/.
Computing Integrals
Basis Set                                            = def2-qzvp
Auxiliary Basis Set                                  = def2-universal-jkfit
Gaussian Type                                        = Spherical
Elapsed time:    7.62 Seconds

Number of basis functions                   (NBF)    = 144
Number of auxiliary basis functions         (NBFAUX) = 204
Inactive Doubly occupied orbitals up to     (NO1)    = 0
No. considered Strongly Doubly occupied MOs (NDOC)   = 8
No. considered Strongly Singly occupied MOs (NSOC)   = 0
NO. of Weakly occ. per St. Doubly occ.  MOs (NCWO)   = 1
Dimension of the Nat. Orb. subspace         (NBF5)   = 16
No. of electrons                                     = 16
    No. of alpha electrons                           = 8
    No. of beta electrons                            = 8
Multiplicity                                         = 1

Geometry
========
Be       0.7279036      -0.7279036       0.7279036
Be      -0.7279036       0.7279036       0.7279036
Be      -0.7279036      -0.7279036      -0.7279036
Be       0.7279036       0.7279036      -0.7279036

No violations of the orthonormality
No violations of the orthonormality
 
PNOF8/ADABelief Calculation
==================
 
  Nitext  Nit_orb  Time   Nit_occ  Time         Eelec          Etot           Ediff      maxdiff    MaxGrad_orb  Grad_occ
     1      10    4.4e+01    0    2.0e+01   -83.21008345   -58.53534178 -10082.21008345   0.000848   3.4e-03   1.9e-04 0.06
 
RESULTS OF THE OCCUPATION OPTIMIZATION
========================================
   1    1.9986132  -4.69153161
   2    1.9986126  -4.69137771
   3    1.9987836  -4.69121780
   4    1.9987877  -4.69112282
   5    1.9802151  -0.55767505
   6    1.9456526  -0.28100179
   7    1.9455645  -0.28078981
   8    1.9395797  -0.27859007
   9    0.0604203  -0.02418100
  10    0.0544355  -0.02309654
  11    0.0543474  -0.02308230
  12    0.0197849  -0.01699731
  13    0.0012123  -0.00912091
  14    0.0012164  -0.00914312
  15    0.0013874  -0.01020502
  16    0.0013868  -0.01020573
 
----------------
 Final Energies 
----------------
Final NOF Total Energy =     -58.5353418
 
Total Orbital Internal Iterations = 10
Total Occupation Internal Iterations = 0
 
Elapsed time:   75.93 Seconds

---------------------------------
   Lowdin Population Analysis    
---------------------------------
 Idx  Atom   Population   Charge 
---------------------------------
  1    Be     3.998       0.002
  2    Be     4.000      -0.000
  3    Be     4.000       0.000
  4    Be     4.003      -0.003

---------------------------------
   M Diagnostic: 0.06
---------------------------------

Recovering execution output...
Moving from /scratch/pobleyef/212484 to /home-nas/pobleyef/Poison-NOF/ncwo1/P30-5/GNOFa25/arina.212484
mkdir -p /home-nas/pobleyef/Poison-NOF/ncwo1/P30-5/GNOFa25/arina.212484
mv /scratch/pobleyef/212484/* /home-nas/pobleyef/Poison-NOF/ncwo1/P30-5/GNOFa25/arina.212484
