f
/software/eb2024/easybuild/software/common/software/Julia/1.11.3-linux-x86_64/bin/julia
Job runing on nagpu01
Choosing scratch ...
Automatic scratch folder selection
/scratch/pobleyef/212485
/scratch/pobleyef/212485 directory
cp f.jl f.jld2 to  /scratch/pobleyef/212485/.
Computing Integrals
Basis Set                                            = def2-qzvp
Auxiliary Basis Set                                  = def2-universal-jkfit
Gaussian Type                                        = Spherical
Elapsed time:    2.57 Seconds

Number of basis functions                   (NBF)    = 57
Number of auxiliary basis functions         (NBFAUX) = 77
Inactive Doubly occupied orbitals up to     (NO1)    = 0
No. considered Strongly Doubly occupied MOs (NDOC)   = 4
No. considered Strongly Singly occupied MOs (NSOC)   = 1
NO. of Weakly occ. per St. Doubly occ.  MOs (NCWO)   = 1
Dimension of the Nat. Orb. subspace         (NBF5)   = 9
No. of electrons                                     = 9
    No. of alpha electrons                           = 5
    No. of beta electrons                            = 4
Multiplicity                                         = 2

Geometry
========
 F       0.0000000       0.0000000       0.0000000

No violations of the orthonormality
No violations of the orthonormality
 
PNOF8/ADABelief Calculation
==================
 
  Nitext  Nit_orb  Time   Nit_occ  Time         Eelec          Etot           Ediff      maxdiff    MaxGrad_orb  Grad_occ
     1      10    1.7e+01    0    2.1e+01   -99.54703319   -99.54703319 -10098.54703319   0.000450   1.8e-03   1.8e-05 0.02
 
RESULTS OF THE OCCUPATION OPTIMIZATION
========================================
   1    1.9998553  -26.42818987
   2    1.9880736  -1.35408447
   3    1.9847535  -0.86187653
   4    1.9846173  -0.85654486
   5    1.0000000  -0.43654804
   6    0.0153827  -0.02473162
   7    0.0152465  -0.02472304
   8    0.0119264  -0.02441637
   9    0.0001447  -0.00644055
 
----------------
 Final Energies 
----------------
Final NOF Total Energy =     -99.5470332
 
Total Orbital Internal Iterations = 10
Total Occupation Internal Iterations = 0
 
Elapsed time:   48.67 Seconds

---------------------------------
   Lowdin Population Analysis    
---------------------------------
 Idx  Atom   Population   Charge 
---------------------------------
  1     F     9.000      -0.000

---------------------------------
   M Diagnostic: 0.02
---------------------------------

Recovering execution output...
Moving from /scratch/pobleyef/212485 to /home-nas/pobleyef/Poison-NOF/ncwo1/P30-5/GNOFa25/arina.212485
mkdir -p /home-nas/pobleyef/Poison-NOF/ncwo1/P30-5/GNOFa25/arina.212485
mv /scratch/pobleyef/212485/* /home-nas/pobleyef/Poison-NOF/ncwo1/P30-5/GNOFa25/arina.212485
