G2RC-61
/software/eb2024/easybuild/software/common/software/Julia/1.11.3-linux-x86_64/bin/julia
Job runing on nh018
Choosing scratch ...
Automatic scratch folder selection
/scratch/pobleyef/283758
/scratch/pobleyef/283758 directory
cp G2RC-61.jl G2RC-61.jld2 to  /scratch/pobleyef/283758/.
G2RC-61_C.jld2 not found
G2RC-61_n.jld2 not found
Computing Integrals
Basis Set                                            = def2-qzvp
Auxiliary Basis Set                                  = def2-universal-jkfit
Gaussian Type                                        = Spherical
Elapsed time:    4.63 Seconds

Number of basis functions                   (NBF)    = 285
Number of auxiliary basis functions         (NBFAUX) = 383
Inactive Doubly occupied orbitals up to     (NO1)    = 0
No. considered Strongly Doubly occupied MOs (NDOC)   = 21
No. considered Strongly Singly occupied MOs (NSOC)   = 0
NO. of Weakly occ. per St. Doubly occ.  MOs (NCWO)   = 1
Dimension of the Nat. Orb. subspace         (NBF5)   = 42
No. of electrons                                     = 42
    No. of alpha electrons                           = 21
    No. of beta electrons                            = 21
Multiplicity                                         = 1

Geometry
========
 C       0.0000000       0.0000000       0.0000000
 F       0.7665641      -0.7665641       0.7665641
 F      -0.7665641       0.7665641       0.7665641
 F      -0.7665641      -0.7665641      -0.7665641
 F       0.7665641       0.7665641      -0.7665641

No violations of the orthonormality
No violations of the orthonormality
 
PNOF8/ADABelief Calculation
==================
 
  Nitext  Nit_orb  Time   Nit_occ  Time         Eelec          Etot           Ediff      maxdiff    MaxGrad_orb  Grad_occ
     1      10    3.0e+01    4    3.5e+01  -628.67220809  -423.96781076 -10627.67220809   0.735762   2.9e+00   9.9e-05 0.00
     2      10    1.8e+00    8    3.3e-02  -637.58044401  -432.87604667    -8.90823592   0.355434   1.4e+00   1.8e-04 0.02
     3      10    1.7e+00   12    7.2e-02  -640.67822846  -435.97383112    -3.09778445   0.338170   1.4e+00   1.5e-04 0.03
     4      10    1.7e+00   10    3.1e-02  -641.12483659  -436.42043926    -0.44660814   0.561041   2.2e+00   1.6e-04 0.03
     5      10    1.5e+00    9    3.3e-02  -641.14667671  -436.44227938    -0.02184012   0.343375   1.4e+00   1.6e-04 0.03
     6      10    1.6e+00    0    2.3e-02  -641.15014509  -436.44574776    -0.00346838   0.343375   1.4e+00   1.6e-04 0.03
     7      30    4.7e+00    7    3.4e-02  -641.40349724  -436.69909990    -0.25335215   0.012685   5.1e-02   2.2e-04 0.04
     8      30    4.7e+00    7    3.1e-02  -641.41707983  -436.71268249    -0.01358259   0.012520   5.0e-02   6.0e-05 0.04
     9      30    4.7e+00    4    3.0e-02  -641.42271850  -436.71832116    -0.00563867   0.010400   4.2e-02   2.1e-04 0.04
    10      30    4.8e+00    3    2.6e-02  -641.42351567  -436.71911834    -0.00079718   0.010951   4.4e-02   1.9e-04 0.04
    11      30    4.8e+00    0    2.3e-02  -641.42362547  -436.71922813    -0.00010979   0.010951   4.4e-02   1.9e-04 0.04
    12      50    7.7e+00    2    2.4e-02  -641.42573959  -436.72134225    -0.00211412   0.000635   2.5e-03   2.1e-04 0.04
 
RESULTS OF THE OCCUPATION OPTIMIZATION
========================================
   1    1.9998468  -26.41039787
   2    1.9998459  -26.41037324
   3    1.9998454  -26.41000689
   4    1.9998400  -26.40960702
   5    1.9994735  -11.55329933
   6    1.9937131  -1.69827018
   7    1.9926643  -1.68623223
   8    1.9923876  -1.63117461
   9    1.9932667  -1.62725727
  10    1.9859127  -0.89483990
  11    1.9865162  -0.85041509
  12    1.9877935  -0.83769423
  13    1.9846247  -0.83716673
  14    1.9620050  -0.83387344
  15    1.9867056  -0.82956053
  16    1.9622444  -0.82542158
  17    1.9837168  -0.82213116
  18    1.9623822  -0.81754525
  19    1.9623939  -0.80585806
  20    1.9835296  -0.80003979
  21    1.9826747  -0.77456616
  22    0.0173253  -0.02462192
  23    0.0164704  -0.02419223
  24    0.0376061  -0.05842642
  25    0.0376178  -0.05855032
  26    0.0162832  -0.02397398
  27    0.0377556  -0.05885404
  28    0.0132944  -0.02534689
  29    0.0379950  -0.05913362
  30    0.0153753  -0.02403750
  31    0.0122065  -0.02554755
  32    0.0134838  -0.02478652
  33    0.0140873  -0.02510018
  34    0.0067333  -0.01636581
  35    0.0076124  -0.01904931
  36    0.0073357  -0.01927645
  37    0.0062869  -0.01547971
  38    0.0005265  -0.00947280
  39    0.0001600  -0.00682761
  40    0.0001546  -0.00656105
  41    0.0001541  -0.00658032
  42    0.0001532  -0.00654449
 
----------------
 Final Energies 
----------------
Final NOF Total Energy =    -436.7213423
 
Total Orbital Internal Iterations = 260
Total Occupation Internal Iterations = 66
 
Elapsed time:  127.19 Seconds

---------------------------------
   Lowdin Population Analysis    
---------------------------------
 Idx  Atom   Population   Charge 
---------------------------------
  1     C     7.574      -1.574
  2     F     8.607       0.393
  3     F     8.604       0.396
  4     F     8.609       0.391
  5     F     8.606       0.394

---------------------------------
   M Diagnostic: 0.04
---------------------------------

Recovering execution output...
Moving from /scratch/pobleyef/283758 to /home-nas/pobleyef/Poison-NOF/ncwo1/P30-5/GNOFa25/arina.283758
mkdir -p /home-nas/pobleyef/Poison-NOF/ncwo1/P30-5/GNOFa25/arina.283758
mv /scratch/pobleyef/283758/* /home-nas/pobleyef/Poison-NOF/ncwo1/P30-5/GNOFa25/arina.283758
