G2RC_10_62
/software/eb2024/easybuild/software/common/software/Julia/1.11.3-linux-x86_64/bin/julia
Job runing on nagpu01
Choosing scratch ...
Automatic scratch folder selection
/scratch/pobleyef/212487
/scratch/pobleyef/212487 directory
cp G2RC_10_62.jl G2RC_10_62.jld2 to  /scratch/pobleyef/212487/.
Computing Integrals
Basis Set                                            = def2-qzvp
Auxiliary Basis Set                                  = def2-universal-jkfit
Gaussian Type                                        = Spherical
Elapsed time:   45.34 Seconds

Number of basis functions                   (NBF)    = 337
Number of auxiliary basis functions         (NBFAUX) = 587
Inactive Doubly occupied orbitals up to     (NO1)    = 0
No. considered Strongly Doubly occupied MOs (NDOC)   = 37
No. considered Strongly Singly occupied MOs (NSOC)   = 0
NO. of Weakly occ. per St. Doubly occ.  MOs (NCWO)   = 1
Dimension of the Nat. Orb. subspace         (NBF5)   = 74
No. of electrons                                     = 74
    No. of alpha electrons                           = 37
    No. of beta electrons                            = 37
Multiplicity                                         = 1

Geometry
========
 C       0.0000000       0.0000000       0.0000000
Cl       1.0334459      -1.0334459       1.0334459
Cl      -1.0334459       1.0334459       1.0334459
Cl      -1.0334459      -1.0334459      -1.0334459
Cl       1.0334459       1.0334459      -1.0334459

No violations of the orthonormality
No violations of the orthonormality
 
PNOF8/ADABelief Calculation
==================
 
  Nitext  Nit_orb  Time   Nit_occ  Time         Eelec          Etot           Ediff      maxdiff    MaxGrad_orb  Grad_occ
     1      10    9.4e+01    0    2.0e+01 -2311.87394044 -1877.33768107 -12310.87394044   0.000841   3.4e-03   3.2e-04 0.04
 
RESULTS OF THE OCCUPATION OPTIMIZATION
========================================
   1    1.9999671  -104.92073160
   2    1.9999656  -104.92062488
   3    1.9999670  -104.91865002
   4    1.9999668  -104.91849776
   5    1.9994435  -11.45958432
   6    1.9993626  -10.60337866
   7    1.9993579  -10.60066399
   8    1.9993566  -10.59958819
   9    1.9993570  -10.59928392
  10    1.9986588  -8.07773239
  11    1.9987070  -8.07653210
  12    1.9987032  -8.07473525
  13    1.9987198  -8.07398368
  14    1.9990510  -8.07338183
  15    1.9990302  -8.07335455
  16    1.9990361  -8.07300505
  17    1.9990513  -8.07214832
  18    1.9990382  -8.07176218
  19    1.9990350  -8.07142941
  20    1.9990340  -8.06988866
  21    1.9990363  -8.06905532
  22    1.9916297  -1.15285232
  23    1.9918755  -1.15278990
  24    1.9921386  -1.15247134
  25    1.9918092  -1.15236068
  26    1.9600879  -0.67670119
  27    1.9591210  -0.66058036
  28    1.9591473  -0.65604618
  29    1.9593747  -0.65450782
  30    1.9767342  -0.54245266
  31    1.9766169  -0.52743687
  32    1.9763252  -0.52125703
  33    1.9762549  -0.52114606
  34    1.9766396  -0.51899999
  35    1.9761394  -0.51815882
  36    1.9757382  -0.51746790
  37    1.9764707  -0.51712078
  38    0.0235293  -0.02590729
  39    0.0242618  -0.02606707
  40    0.0238606  -0.02607042
  41    0.0233604  -0.02589291
  42    0.0237451  -0.02622505
  43    0.0236748  -0.02614099
  44    0.0233831  -0.02700604
  45    0.0232658  -0.02651959
  46    0.0406253  -0.05502342
  47    0.0408527  -0.05485291
  48    0.0408790  -0.05496771
  49    0.0399121  -0.05463632
  50    0.0081908  -0.02987171
  51    0.0078614  -0.03037966
  52    0.0081245  -0.03004905
  53    0.0083703  -0.02965410
  54    0.0009637  -0.01838224
  55    0.0009660  -0.01838890
  56    0.0009650  -0.01839844
  57    0.0009618  -0.01833736
  58    0.0009487  -0.01814071
  59    0.0009639  -0.01834348
  60    0.0009698  -0.01839021
  61    0.0009490  -0.01810947
  62    0.0012802  -0.01827201
  63    0.0012968  -0.01861664
  64    0.0012930  -0.01777654
  65    0.0013412  -0.01931373
  66    0.0006430  -0.01534817
  67    0.0006434  -0.01534261
  68    0.0006421  -0.01534265
  69    0.0006374  -0.01518780
  70    0.0005565  -0.01017829
  71    0.0000332  -0.00633631
  72    0.0000330  -0.00629154
  73    0.0000344  -0.00650893
  74    0.0000329  -0.00623264
 
----------------
 Final Energies 
----------------
Final NOF Total Energy =   -1877.3376811
 
Total Orbital Internal Iterations = 10
Total Occupation Internal Iterations = 0
 
Elapsed time:  132.23 Seconds

---------------------------------
   Lowdin Population Analysis    
---------------------------------
 Idx  Atom   Population   Charge 
---------------------------------
  1     C     7.642      -1.642
  2    Cl    16.591       0.409
  3    Cl    16.590       0.410
  4    Cl    16.588       0.412
  5    Cl    16.588       0.412

---------------------------------
   M Diagnostic: 0.04
---------------------------------

Recovering execution output...
Moving from /scratch/pobleyef/212487 to /home-nas/pobleyef/Poison-NOF/ncwo1/P30-5/GNOFa25/arina.212487
mkdir -p /home-nas/pobleyef/Poison-NOF/ncwo1/P30-5/GNOFa25/arina.212487
mv /scratch/pobleyef/212487/* /home-nas/pobleyef/Poison-NOF/ncwo1/P30-5/GNOFa25/arina.212487
