he
/software/eb2024/easybuild/software/common/software/Julia/1.11.3-linux-x86_64/bin/julia
Job runing on na10
Choosing scratch ...
Automatic scratch folder selection
/scratch/pobleyef/212494
/scratch/pobleyef/212494 directory
cp he.jl he.jld2 to  /scratch/pobleyef/212494/.
Computing Integrals
Basis Set                                            = def2-qzvp
Auxiliary Basis Set                                  = def2-universal-jkfit
Gaussian Type                                        = Spherical
Elapsed time:    2.22 Seconds

Number of basis functions                   (NBF)    = 30
Number of auxiliary basis functions         (NBFAUX) = 23
Inactive Doubly occupied orbitals up to     (NO1)    = 0
No. considered Strongly Doubly occupied MOs (NDOC)   = 1
No. considered Strongly Singly occupied MOs (NSOC)   = 0
NO. of Weakly occ. per St. Doubly occ.  MOs (NCWO)   = 1
Dimension of the Nat. Orb. subspace         (NBF5)   = 2
No. of electrons                                     = 2
    No. of alpha electrons                           = 1
    No. of beta electrons                            = 1
Multiplicity                                         = 1

Geometry
========
He       0.0000000       0.0000000       0.0000000

No violations of the orthonormality
No violations of the orthonormality
 
PNOF8/ADABelief Calculation
==================
 
  Nitext  Nit_orb  Time   Nit_occ  Time         Eelec          Etot           Ediff      maxdiff    MaxGrad_orb  Grad_occ
     1      10    1.6e+01    0    2.0e+01    -2.87773050    -2.87773050 -10001.87773050   0.000467   1.9e-03   5.4e-06 0.01
 
RESULTS OF THE OCCUPATION OPTIMIZATION
========================================
   1    1.9917211  -0.93221072
   2    0.0082789  -0.01223145
 
----------------
 Final Energies 
----------------
Final NOF Total Energy =      -2.8777305
 
Total Orbital Internal Iterations = 10
Total Occupation Internal Iterations = 0
 
Elapsed time:   47.59 Seconds

---------------------------------
   Lowdin Population Analysis    
---------------------------------
 Idx  Atom   Population   Charge 
---------------------------------
  1    He     2.000       0.000

---------------------------------
   M Diagnostic: 0.01
---------------------------------

Recovering execution output...
Moving from /scratch/pobleyef/212494 to /home-nas/pobleyef/Poison-NOF/ncwo1/P30-5/GNOFa25/arina.212494
mkdir -p /home-nas/pobleyef/Poison-NOF/ncwo1/P30-5/GNOFa25/arina.212494
mv /scratch/pobleyef/212494/* /home-nas/pobleyef/Poison-NOF/ncwo1/P30-5/GNOFa25/arina.212494
