p
/software/eb2024/easybuild/software/common/software/Julia/1.11.3-linux-x86_64/bin/julia
Job runing on na19
Choosing scratch ...
Automatic scratch folder selection
/scratch/pobleyef/212500
/scratch/pobleyef/212500 directory
cp p.jl p.jld2 to  /scratch/pobleyef/212500/.
Computing Integrals
Basis Set                                            = def2-qzvp
Auxiliary Basis Set                                  = def2-universal-jkfit
Gaussian Type                                        = Spherical
Elapsed time:    2.92 Seconds

Number of basis functions                   (NBF)    = 70
Number of auxiliary basis functions         (NBFAUX) = 128
Inactive Doubly occupied orbitals up to     (NO1)    = 0
No. considered Strongly Doubly occupied MOs (NDOC)   = 6
No. considered Strongly Singly occupied MOs (NSOC)   = 3
NO. of Weakly occ. per St. Doubly occ.  MOs (NCWO)   = 1
Dimension of the Nat. Orb. subspace         (NBF5)   = 15
No. of electrons                                     = 15
    No. of alpha electrons                           = 9
    No. of beta electrons                            = 6
Multiplicity                                         = 4

Geometry
========
 P       0.0000000       0.0000000       0.0000000

No violations of the orthonormality
No violations of the orthonormality
 
PNOF8/ADABelief Calculation
==================
 
  Nitext  Nit_orb  Time   Nit_occ  Time         Eelec          Etot           Ediff      maxdiff    MaxGrad_orb  Grad_occ
     1      10    1.8e+01    0    2.4e+01  -340.91080351  -340.91080351 -10339.91080351   0.000826   3.3e-03   1.3e-04 0.02
 
RESULTS OF THE OCCUPATION OPTIMIZATION
========================================
   1    1.9999692  -80.03451239
   2    1.9990798  -7.53187791
   3    1.9976714  -5.42489707
   4    1.9976721  -5.42481697
   5    1.9976775  -5.42355442
   6    1.9819298  -0.71056595
   7    1.0000000  -0.19974816
   8    1.0000000  -0.19966866
   9    1.0000000  -0.19966434
  10    0.0180702  -0.02781491
  11    0.0023225  -0.02215217
  12    0.0023279  -0.02216332
  13    0.0023286  -0.02216590
  14    0.0009202  -0.01579466
  15    0.0000308  -0.00462709
 
----------------
 Final Energies 
----------------
Final NOF Total Energy =    -340.9108035
 
Total Orbital Internal Iterations = 10
Total Occupation Internal Iterations = 0
 
Elapsed time:   54.16 Seconds

---------------------------------
   Lowdin Population Analysis    
---------------------------------
 Idx  Atom   Population   Charge 
---------------------------------
  1     P    15.000      -0.000

---------------------------------
   M Diagnostic: 0.02
---------------------------------

Recovering execution output...
Moving from /scratch/pobleyef/212500 to /home-nas/pobleyef/Poison-NOF/ncwo1/P30-5/GNOFa25/arina.212500
mkdir -p /home-nas/pobleyef/Poison-NOF/ncwo1/P30-5/GNOFa25/arina.212500
mv /scratch/pobleyef/212500/* /home-nas/pobleyef/Poison-NOF/ncwo1/P30-5/GNOFa25/arina.212500
