SIE4x4_6_he2+_1.5
/software/eb2024/easybuild/software/common/software/Julia/1.11.3-linux-x86_64/bin/julia
Job runing on na22
Choosing scratch ...
Automatic scratch folder selection
/scratch/pobleyef/212506
/scratch/pobleyef/212506 directory
cp SIE4x4_6_he2+_1.5.jl SIE4x4_6_he2+_1.5.jld2 to  /scratch/pobleyef/212506/.
Computing Integrals
Basis Set                                            = def2-qzvp
Auxiliary Basis Set                                  = def2-universal-jkfit
Gaussian Type                                        = Spherical
Elapsed time:    2.41 Seconds

Number of basis functions                   (NBF)    = 60
Number of auxiliary basis functions         (NBFAUX) = 46
Inactive Doubly occupied orbitals up to     (NO1)    = 0
No. considered Strongly Doubly occupied MOs (NDOC)   = 1
No. considered Strongly Singly occupied MOs (NSOC)   = 1
NO. of Weakly occ. per St. Doubly occ.  MOs (NCWO)   = 1
Dimension of the Nat. Orb. subspace         (NBF5)   = 3
No. of electrons                                     = 3
    No. of alpha electrons                           = 2
    No. of beta electrons                            = 1
Multiplicity                                         = 2

Geometry
========
He       0.0000000       0.0000000      -0.8056528
He       0.0000000       0.0000000       0.8056528

No violations of the orthonormality
No violations of the orthonormality
 
PNOF8/ADABelief Calculation
==================
 
  Nitext  Nit_orb  Time   Nit_occ  Time         Eelec          Etot           Ediff      maxdiff    MaxGrad_orb  Grad_occ
     1      10    1.7e+01    0    2.1e+01    -6.22092190    -4.90726389 -10005.22092190   0.000394   1.6e-03   1.1e-06 0.02
 
RESULTS OF THE OCCUPATION OPTIMIZATION
========================================
   1    1.9802318  -1.45377594
   2    1.0000000  -0.79549717
   3    0.0197682  -0.01533652
 
----------------
 Final Energies 
----------------
Final NOF Total Energy =      -4.9072639
 
Total Orbital Internal Iterations = 10
Total Occupation Internal Iterations = 0
 
Elapsed time:   49.16 Seconds

---------------------------------
   Lowdin Population Analysis    
---------------------------------
 Idx  Atom   Population   Charge 
---------------------------------
  1    He     1.507       0.493
  2    He     1.493       0.507

---------------------------------
   M Diagnostic: 0.02
---------------------------------

Recovering execution output...
Moving from /scratch/pobleyef/212506 to /home-nas/pobleyef/Poison-NOF/ncwo1/P30-5/GNOFa25/arina.212506
mkdir -p /home-nas/pobleyef/Poison-NOF/ncwo1/P30-5/GNOFa25/arina.212506
mv /scratch/pobleyef/212506/* /home-nas/pobleyef/Poison-NOF/ncwo1/P30-5/GNOFa25/arina.212506
