W4-11_134_fo2
/software/eb2024/easybuild/software/common/software/Julia/1.11.3-linux-x86_64/bin/julia
Job runing on na19
Choosing scratch ...
Automatic scratch folder selection
/scratch/pobleyef/212520
/scratch/pobleyef/212520 directory
cp W4-11_134_fo2.jl W4-11_134_fo2.jld2 to  /scratch/pobleyef/212520/.
Computing Integrals
Basis Set                                            = def2-qzvp
Auxiliary Basis Set                                  = def2-universal-jkfit
Gaussian Type                                        = Spherical
Elapsed time:   10.51 Seconds

Number of basis functions                   (NBF)    = 171
Number of auxiliary basis functions         (NBFAUX) = 231
Inactive Doubly occupied orbitals up to     (NO1)    = 0
No. considered Strongly Doubly occupied MOs (NDOC)   = 12
No. considered Strongly Singly occupied MOs (NSOC)   = 1
NO. of Weakly occ. per St. Doubly occ.  MOs (NCWO)   = 1
Dimension of the Nat. Orb. subspace         (NBF5)   = 25
No. of electrons                                     = 25
    No. of alpha electrons                           = 13
    No. of beta electrons                            = 12
Multiplicity                                         = 2

Geometry
========
 F      -1.0111950      -0.7062760       0.0000000
 O       0.0000000       0.5752150       0.0000000
 O       1.1375950       0.2193450       0.0000000

No violations of the orthonormality
No violations of the orthonormality
 
PNOF8/ADABelief Calculation
==================
 
  Nitext  Nit_orb  Time   Nit_occ  Time         Eelec          Etot           Ediff      maxdiff    MaxGrad_orb  Grad_occ
     1      10    6.9e+01    0    2.3e+01  -317.58234518  -249.54434506 -10316.58234518   0.000552   2.2e-03   1.4e-04 0.06
 
RESULTS OF THE OCCUPATION OPTIMIZATION
========================================
   1    1.9998612  -26.36848261
   2    1.9998334  -20.83683641
   3    1.9998215  -20.76952003
   4    1.9925744  -1.54018310
   5    1.9909497  -1.44774662
   6    1.9892452  -1.20207489
   7    1.9865933  -0.88279379
   8    1.9582543  -0.86646132
   9    1.9833335  -0.79520416
  10    1.9843926  -0.75066402
  11    1.9837190  -0.73344918
  12    1.9385426  -0.62003630
  13    1.0000000  -0.31724844
  14    0.0614574  -0.09598381
  15    0.0162810  -0.02527631
  16    0.0156074  -0.02502580
  17    0.0166665  -0.01966395
  18    0.0417457  -0.06375316
  19    0.0134067  -0.02038442
  20    0.0107548  -0.01958135
  21    0.0090503  -0.02335523
  22    0.0074256  -0.01910454
  23    0.0001785  -0.00629536
  24    0.0001666  -0.00591513
  25    0.0001388  -0.00623018
 
----------------
 Final Energies 
----------------
Final NOF Total Energy =    -249.5443451
 
Total Orbital Internal Iterations = 10
Total Occupation Internal Iterations = 0
 
Elapsed time:  111.90 Seconds

---------------------------------
   Lowdin Population Analysis    
---------------------------------
 Idx  Atom   Population   Charge 
---------------------------------
  1     F     9.143      -0.143
  2     O     7.944       0.056
  3     O     7.913       0.087

---------------------------------
   M Diagnostic: 0.06
---------------------------------

Recovering execution output...
Moving from /scratch/pobleyef/212520 to /home-nas/pobleyef/Poison-NOF/ncwo1/P30-5/GNOFa25/arina.212520
mkdir -p /home-nas/pobleyef/Poison-NOF/ncwo1/P30-5/GNOFa25/arina.212520
mv /scratch/pobleyef/212520/* /home-nas/pobleyef/Poison-NOF/ncwo1/P30-5/GNOFa25/arina.212520
