W4-11-al
/software/eb2024/easybuild/software/common/software/Julia/1.11.3-linux-x86_64/bin/julia
Job runing on na14
Choosing scratch ...
Automatic scratch folder selection
/scratch/pobleyef/283773
/scratch/pobleyef/283773 directory
cp W4-11-al.jl W4-11-al.jld2 to  /scratch/pobleyef/283773/.
W4-11-al_C.jld2 not found
W4-11-al_n.jld2 not found
Computing Integrals
Basis Set                                            = def2-qzvp
Auxiliary Basis Set                                  = def2-universal-jkfit
Gaussian Type                                        = Spherical
Elapsed time:    4.63 Seconds

Number of basis functions                   (NBF)    = 70
Number of auxiliary basis functions         (NBFAUX) = 128
Inactive Doubly occupied orbitals up to     (NO1)    = 0
No. considered Strongly Doubly occupied MOs (NDOC)   = 6
No. considered Strongly Singly occupied MOs (NSOC)   = 1
NO. of Weakly occ. per St. Doubly occ.  MOs (NCWO)   = 1
Dimension of the Nat. Orb. subspace         (NBF5)   = 13
No. of electrons                                     = 13
    No. of alpha electrons                           = 7
    No. of beta electrons                            = 6
Multiplicity                                         = 2

Geometry
========
Al       0.0000000       0.0000000       0.0000000

No violations of the orthonormality
No violations of the orthonormality
 
PNOF8/ADABelief Calculation
==================
 
  Nitext  Nit_orb  Time   Nit_occ  Time         Eelec          Etot           Ediff      maxdiff    MaxGrad_orb  Grad_occ
     1      10    1.7e+01    5    2.1e+01  -237.90482527  -237.90482527 -10236.90482527   0.703777   2.8e+00   1.1e-04 0.00
     2      10    8.2e-02    7    1.0e-03  -240.29853740  -240.29853740    -2.39371213   0.352116   1.4e+00   4.5e-05 0.00
     3      10    6.6e-02    6    9.1e-04  -241.16060194  -241.16060194    -0.86206454   0.216538   8.7e-01   1.7e-04 0.01
     4      10    1.6e-02    4    7.3e-04  -241.74734131  -241.74734131    -0.58673936   0.238042   9.5e-01   1.4e-04 0.01
     5      10    1.6e-02    2    5.4e-04  -241.93001497  -241.93001497    -0.18267366   0.206582   8.3e-01   8.9e-05 0.01
     6      10    1.4e-02    3    3.5e-03  -241.96441375  -241.96441375    -0.03439879   0.269168   1.1e+00   3.7e-05 0.01
     7      10    2.0e-02    2    7.8e-04  -241.99797132  -241.99797132    -0.03355757   0.317740   1.3e+00   1.3e-04 0.01
     8      10    1.6e-02    2    6.5e-04  -242.01138454  -242.01138454    -0.01341322   0.302896   1.2e+00   1.2e-04 0.02
     9      10    1.9e-02    2    7.8e-04  -242.01741808  -242.01741808    -0.00603353   0.273056   1.1e+00   1.1e-04 0.02
    10      10    1.7e-02    2    1.1e-03  -242.02580202  -242.02580202    -0.00838395   0.245105   9.8e-01   6.7e-05 0.02
    11      10    2.9e-02    0    5.0e-04  -242.02589610  -242.02589610    -0.00009408   0.245105   9.8e-01   6.7e-05 0.02
    12      30    4.7e-02    2    3.1e-03  -242.05416748  -242.05416748    -0.02827138   0.006359   2.5e-02   5.4e-05 0.02
    13      30    4.6e-02    2    8.0e-04  -242.05559205  -242.05559205    -0.00142457   0.013900   5.6e-02   5.1e-05 0.02
    14      30    5.1e-02    1    7.7e-04  -242.05605751  -242.05605751    -0.00046546   0.011548   4.6e-02   1.2e-04 0.02
    15      30    5.1e-02    1    1.5e-03  -242.05611728  -242.05611728    -0.00005976   0.012718   5.1e-02   1.0e-04 0.02
    16      30    5.2e-02    0    7.6e-04  -242.05613856  -242.05613856    -0.00002129   0.012718   5.1e-02   1.0e-04 0.02
    17      50    8.0e-02    1    5.3e-04  -242.05655303  -242.05655303    -0.00041447   0.001218   4.9e-03   1.2e-04 0.02
    18      50    1.6e-01    2    8.6e-04  -242.05669833  -242.05669833    -0.00014530   0.002310   9.2e-03   5.4e-05 0.02
    19      50    9.4e-02    2    5.9e-04  -242.05697089  -242.05697089    -0.00027256   0.001714   6.9e-03   3.1e-05 0.03
    20      50    8.2e-02    2    6.4e-04  -242.05741288  -242.05741288    -0.00044199   0.001842   7.4e-03   2.7e-05 0.03
    21      50    8.2e-02    2    7.1e-04  -242.05800936  -242.05800936    -0.00059648   0.002679   1.1e-02   1.2e-04 0.03
    22      50    8.2e-02    3    4.9e-04  -242.05866684  -242.05866684    -0.00065748   0.001747   7.0e-03   2.2e-05 0.04
    23      50    8.0e-02    3    6.1e-04  -242.05915713  -242.05915713    -0.00049029   0.001831   7.3e-03   1.1e-05 0.04
    24      50    8.0e-02    3    1.3e-03  -242.05941251  -242.05941251    -0.00025538   0.001754   7.0e-03   1.4e-05 0.04
    25      50    8.8e-02    2    8.6e-04  -242.05949931  -242.05949931    -0.00008680   0.003041   1.2e-02   8.0e-05 0.04
    26      50    7.7e-02    2    1.1e-03  -242.05952898  -242.05952898    -0.00002968   0.002749   1.1e-02   2.9e-05 0.04
    27      50    9.4e-02    1    6.3e-04  -242.05954077  -242.05954077    -0.00001179   0.001943   7.8e-03   8.8e-05 0.04
    28      50    9.2e-02    1    6.3e-03  -242.05954431  -242.05954431    -0.00000354   0.002409   9.6e-03   1.2e-04 0.04
    29      50    9.2e-02    0    5.8e-04  -242.05954505  -242.05954505    -0.00000074   0.002409   9.6e-03   1.2e-04 0.04
    30      59    1.1e-01    0    5.6e-04  -242.05956004  -242.05956004    -0.00001499   0.000498   2.0e-03   1.5e-04 0.04
 
RESULTS OF THE OCCUPATION OPTIMIZATION
========================================
   1    1.9999506  -58.55377678
   2    1.9970294  -4.92034100
   3    1.9973685  -3.23589083
   4    1.9949784  -3.23270347
   5    1.9956403  -3.23088831
   6    1.9550743  -0.40275159
   7    1.0000000  -0.11029869
   8    0.0449257  -0.02751406
   9    0.0043597  -0.03130177
  10    0.0050216  -0.02393864
  11    0.0026315  -0.01424756
  12    0.0029706  -0.01908062
  13    0.0000494  -0.00556533
 
----------------
 Final Energies 
----------------
Final NOF Total Energy =    -242.0595600
 
Total Orbital Internal Iterations = 969
Total Occupation Internal Iterations = 65
 
Elapsed time:   52.24 Seconds

---------------------------------
   Lowdin Population Analysis    
---------------------------------
 Idx  Atom   Population   Charge 
---------------------------------
  1    Al    13.000      -0.000

---------------------------------
   M Diagnostic: 0.04
---------------------------------

Recovering execution output...
Moving from /scratch/pobleyef/283773 to /home-nas/pobleyef/Poison-NOF/ncwo1/P30-5/GNOFa25/arina.283773
mkdir -p /home-nas/pobleyef/Poison-NOF/ncwo1/P30-5/GNOFa25/arina.283773
mv /scratch/pobleyef/283773/* /home-nas/pobleyef/Poison-NOF/ncwo1/P30-5/GNOFa25/arina.283773
