Computing Integrals
Basis Set                                            = def2-qzvp
Auxiliary Basis Set                                  = def2-universal-jkfit
Gaussian Type                                        = Spherical
Elapsed time:    5.49 Seconds

Number of basis functions                   (NBF)    = 171
Number of auxiliary basis functions         (NBFAUX) = 231
Inactive Doubly occupied orbitals up to     (NO1)    = 0
No. considered Strongly Doubly occupied MOs (NDOC)   = 12
No. considered Strongly Singly occupied MOs (NSOC)   = 1
NO. of Weakly occ. per St. Doubly occ.  MOs (NCWO)   = 1
Dimension of the Nat. Orb. subspace         (NBF5)   = 25
No. of electrons                                     = 25
    No. of alpha electrons                           = 13
    No. of beta electrons                            = 12
Multiplicity                                         = 2

Geometry
========
 F      -1.0111950      -0.7062760       0.0000000
 O       0.0000000       0.5752150       0.0000000
 O       1.1375950       0.2193450       0.0000000

No violations of the orthonormality
No violations of the orthonormality
 
PNOF8/ADABelief Calculation
==================
 
  Nitext  Nit_orb  Time   Nit_occ  Time         Eelec          Etot           Ediff      maxdiff    MaxGrad_orb  Grad_occ
     1      10    4.7e+01    5    2.4e+01  -317.58187615  -249.54387603 -10316.58187615   0.001134   4.5e-03   2.0e-04 0.06
     2      20    4.9e+01    0    1.2e-02  -317.58208307  -249.54408295    -0.00020692   0.001134   4.5e-03   2.0e-04 0.06
     3      40    9.4e+01    4    6.6e-03  -317.58234465  -249.54434452    -0.00026157   0.000969   3.9e-03   1.6e-04 0.06
 
RESULTS OF THE OCCUPATION OPTIMIZATION
========================================
   1    1.9998387  -25.74954796
   2    1.9998089  -21.34668705
   3    1.9998043  -20.88012179
   4    1.9937213  -1.64493341
   5    1.9925197  -1.48809373
   6    1.9878515  -1.03595420
   7    1.9850412  -0.84323079
   8    1.9848597  -0.83222195
   9    1.9870930  -0.81678314
  10    1.9842497  -0.80623189
  11    1.9601783  -0.77371351
  12    1.9393544  -0.60031641
  13    1.0000000  -0.31307658
  14    0.0606456  -0.09546060
  15    0.0398217  -0.05917400
  16    0.0157503  -0.02494705
  17    0.0129070  -0.01850776
  18    0.0151403  -0.02462317
  19    0.0149588  -0.02473463
  20    0.0121485  -0.02176648
  21    0.0074803  -0.01443020
  22    0.0062787  -0.01723433
  23    0.0001957  -0.00660378
  24    0.0001911  -0.00632707
  25    0.0001613  -0.00680963
 
----------------
 Final Energies 
----------------
Final NOF Total Energy =    -249.5443445
 
Total Orbital Internal Iterations = 70
Total Occupation Internal Iterations = 9
 
Elapsed time:  236.75 Seconds

---------------------------------
   Lowdin Population Analysis    
---------------------------------
 Idx  Atom   Population   Charge 
---------------------------------
  1     F     9.153      -0.153
  2     O     7.920       0.080
  3     O     7.927       0.073

---------------------------------
   M Diagnostic: 0.06
---------------------------------

