W4-11-sif4
/software/eb2024/easybuild/software/common/software/Julia/1.11.3-linux-x86_64/bin/julia
Job runing on na10
Choosing scratch ...
Automatic scratch folder selection
/scratch/pobleyef/283802
/scratch/pobleyef/283802 directory
cp W4-11-sif4.jl W4-11-sif4.jld2 to  /scratch/pobleyef/283802/.
Computing Integrals
Basis Set                                            = def2-qzvp
Auxiliary Basis Set                                  = def2-universal-jkfit
Gaussian Type                                        = Spherical
Elapsed time:    4.88 Seconds

Number of basis functions                   (NBF)    = 298
Number of auxiliary basis functions         (NBFAUX) = 436
Inactive Doubly occupied orbitals up to     (NO1)    = 0
No. considered Strongly Doubly occupied MOs (NDOC)   = 25
No. considered Strongly Singly occupied MOs (NSOC)   = 0
NO. of Weakly occ. per St. Doubly occ.  MOs (NCWO)   = 1
Dimension of the Nat. Orb. subspace         (NBF5)   = 50
No. of electrons                                     = 50
    No. of alpha electrons                           = 25
    No. of beta electrons                            = 25
Multiplicity                                         = 1

Geometry
========
 F       0.9009150       0.9009150       0.9009150
Si       0.0000000       0.0000000       0.0000000
 F      -0.9009150      -0.9009150       0.9009150
 F      -0.9009150       0.9009150      -0.9009150
 F       0.9009150      -0.9009150      -0.9009150

No violations of the orthonormality
No violations of the orthonormality
 
PNOF8/ADABelief Calculation
==================
 
  Nitext  Nit_orb  Time   Nit_occ  Time         Eelec          Etot           Ediff      maxdiff    MaxGrad_orb  Grad_occ
     1      10    2.2e+01    0    2.1e+01  -960.01644083  -688.17194078 -10959.01644083   0.004112   1.6e-02   1.2e-04 0.03
     2      30    1.4e+01    0    3.7e-02  -960.01644083  -688.17194078     0.00000000   0.004112   1.6e-02   1.2e-04 0.03
     3      50    2.3e+01    2    1.2e-01  -960.01644142  -688.17194137    -0.00000059   0.004996   2.0e-02   1.2e-04 0.03
     4      50    1.8e+01    2    1.0e-01  -960.01650354  -688.17200349    -0.00006212   0.004713   1.9e-02   1.6e-04 0.03
     5      50    2.0e+01    2    5.1e-02  -960.01652731  -688.17202726    -0.00002377   0.004731   1.9e-02   1.4e-04 0.03
     6      50    1.9e+01    2    5.9e-02  -960.01659854  -688.17209848    -0.00007123   0.005241   2.1e-02   1.8e-04 0.03
     7      50    1.9e+01    2    5.6e-02  -960.01661965  -688.17211960    -0.00002112   0.005157   2.1e-02   1.5e-04 0.03
     8      50    2.0e+01    2    8.7e-02  -960.01665456  -688.17215451    -0.00003491   0.005198   2.1e-02   1.8e-04 0.03
     9      50    2.0e+01    2    8.2e-02  -960.01670939  -688.17220934    -0.00005483   0.004528   1.8e-02   1.5e-04 0.03
    10      50    1.8e+01    2    9.5e-02  -960.01675986  -688.17225981    -0.00005047   0.004586   1.8e-02   1.6e-04 0.03
    11      50    2.0e+01    0    3.6e-02  -960.01676558  -688.17226553    -0.00000572   0.004586   1.8e-02   1.6e-04 0.03
    12      70    2.7e+01    2    8.2e-02  -960.01701350  -688.17251345    -0.00024792   0.000531   2.1e-03   1.3e-04 0.03
 
RESULTS OF THE OCCUPATION OPTIMIZATION
========================================
   1    1.9999636  -68.93932048
   2    1.9998539  -26.38015587
   3    1.9998540  -26.38008388
   4    1.9998510  -26.38006375
   5    1.9998516  -26.37947053
   6    1.9982398  -6.23356807
   7    1.9976098  -4.34815218
   8    1.9976107  -4.34811359
   9    1.9975221  -4.34778350
  10    1.9912900  -1.62500779
  11    1.9912640  -1.62350743
  12    1.9912428  -1.62057762
  13    1.9912324  -1.61783635
  14    1.9696560  -0.82098931
  15    1.9695667  -0.80967848
  16    1.9695623  -0.80898502
  17    1.9696616  -0.80747354
  18    1.9836171  -0.78175507
  19    1.9819241  -0.77542536
  20    1.9811287  -0.77254061
  21    1.9835904  -0.77066186
  22    1.9830483  -0.76925280
  23    1.9821865  -0.75833314
  24    1.9808719  -0.74090562
  25    1.9802641  -0.73653587
  26    0.0197359  -0.02698736
  27    0.0191281  -0.02638424
  28    0.0178135  -0.02530183
  29    0.0169517  -0.02451584
  30    0.0164096  -0.02406267
  31    0.0188713  -0.02655613
  32    0.0180759  -0.02570918
  33    0.0163829  -0.02410365
  34    0.0303384  -0.04914934
  35    0.0304377  -0.04928938
  36    0.0304333  -0.04936852
  37    0.0303440  -0.04961503
  38    0.0087676  -0.02510073
  39    0.0087572  -0.02511717
  40    0.0087360  -0.02486974
  41    0.0087100  -0.02496317
  42    0.0024779  -0.02554298
  43    0.0023893  -0.01763819
  44    0.0023902  -0.01764467
  45    0.0017602  -0.01593923
  46    0.0001484  -0.00626036
  47    0.0001490  -0.00628043
  48    0.0001460  -0.00622470
  49    0.0001461  -0.00622532
  50    0.0000364  -0.00490565
 
----------------
 Final Energies 
----------------
Final NOF Total Energy =    -688.1725135
 
Total Orbital Internal Iterations = 560
Total Occupation Internal Iterations = 18
 
Elapsed time:  279.75 Seconds

---------------------------------
   Lowdin Population Analysis    
---------------------------------
 Idx  Atom   Population   Charge 
---------------------------------
  1     F     8.664       0.336
  2    Si    15.344      -1.344
  3     F     8.665       0.335
  4     F     8.664       0.336
  5     F     8.664       0.336

---------------------------------
   M Diagnostic: 0.03
---------------------------------

Recovering execution output...
Moving from /scratch/pobleyef/283802 to /home-nas/pobleyef/Poison-NOF/ncwo1/P30-5/GNOFa25/arina.283802
mkdir -p /home-nas/pobleyef/Poison-NOF/ncwo1/P30-5/GNOFa25/arina.283802
mv /scratch/pobleyef/283802/* /home-nas/pobleyef/Poison-NOF/ncwo1/P30-5/GNOFa25/arina.283802
