W4-11-s
/software/eb2024/easybuild/software/common/software/Julia/1.11.3-linux-x86_64/bin/julia
Job runing on na16
Choosing scratch ...
Automatic scratch folder selection
/scratch/pobleyef/283797
/scratch/pobleyef/283797 directory
cp W4-11-s.jl W4-11-s.jld2 to  /scratch/pobleyef/283797/.
W4-11-s_C.jld2 not found
W4-11-s_n.jld2 not found
Computing Integrals
Basis Set                                            = def2-qzvp
Auxiliary Basis Set                                  = def2-universal-jkfit
Gaussian Type                                        = Spherical
Elapsed time:    2.43 Seconds

Number of basis functions                   (NBF)    = 70
Number of auxiliary basis functions         (NBFAUX) = 128
Inactive Doubly occupied orbitals up to     (NO1)    = 0
No. considered Strongly Doubly occupied MOs (NDOC)   = 7
No. considered Strongly Singly occupied MOs (NSOC)   = 2
NO. of Weakly occ. per St. Doubly occ.  MOs (NCWO)   = 1
Dimension of the Nat. Orb. subspace         (NBF5)   = 16
No. of electrons                                     = 16
    No. of alpha electrons                           = 9
    No. of beta electrons                            = 7
Multiplicity                                         = 3

Geometry
========
 S       0.0000000       0.0000000       0.0000000

No violations of the orthonormality
No violations of the orthonormality
 
PNOF8/ADABelief Calculation
==================
 
  Nitext  Nit_orb  Time   Nit_occ  Time         Eelec          Etot           Ediff      maxdiff    MaxGrad_orb  Grad_occ
     1      10    1.6e+01    6    2.0e+01  -388.48197663  -388.48197663 -10387.48197663   1.655675   6.6e+00   5.6e-05 0.00
     2      10    9.6e-02    6    8.1e-04  -394.21412557  -394.21412557    -5.73214894   0.326352   1.3e+00   1.4e-04 0.00
     3      10    2.0e-02    7    9.1e-04  -396.11869079  -396.11869079    -1.90456522   0.312078   1.2e+00   1.6e-04 0.00
     4      10    1.5e-02    4    7.6e-04  -397.09106931  -397.09106931    -0.97237852   0.247062   9.9e-01   1.3e-04 0.01
     5      10    1.6e-02    3    6.2e-04  -397.51359941  -397.51359941    -0.42253009   0.413009   1.7e+00   2.0e-04 0.01
     6      10    1.3e-02    3    6.4e-04  -397.62209645  -397.62209645    -0.10849704   0.409479   1.6e+00   1.7e-04 0.01
     7      10    1.5e-02    3    5.6e-04  -397.62432490  -397.62432490    -0.00222846   0.673810   2.7e+00   1.0e-04 0.01
     8      10    1.5e-02    3    6.5e-04  -397.64533905  -397.64533905    -0.02101415   0.437180   1.7e+00   9.5e-05 0.01
     9      10    1.4e-02    2    2.8e-03  -397.66610678  -397.66610678    -0.02076773   0.366665   1.5e+00   1.2e-04 0.01
    10      10    1.3e-02    0    4.5e-04  -397.66636753  -397.66636753    -0.00026075   0.366665   1.5e+00   1.2e-04 0.01
    11      30    3.7e-02    2    5.6e-04  -397.73414541  -397.73414541    -0.06777787   0.040938   1.6e-01   1.1e-04 0.02
    12      30    3.6e-02    2    4.8e-04  -397.73914284  -397.73914284    -0.00499744   0.025865   1.0e-01   1.2e-04 0.02
    13      30    3.9e-02    2    5.6e-04  -397.74035727  -397.74035727    -0.00121443   0.034253   1.4e-01   9.0e-05 0.02
    14      30    3.9e-02    2    5.3e-04  -397.74054820  -397.74054820    -0.00019092   0.029630   1.2e-01   1.1e-04 0.02
    15      30    3.6e-02    2    1.1e-03  -397.74107431  -397.74107431    -0.00052611   0.033237   1.3e-01   7.9e-05 0.02
    16      30    4.0e-02    0    4.5e-04  -397.74111180  -397.74111180    -0.00003749   0.033237   1.3e-01   7.9e-05 0.02
    17      50    6.1e-02    2    6.7e-04  -397.74257457  -397.74257457    -0.00146276   0.001874   7.5e-03   9.4e-05 0.02
    18      50    6.1e-02    1    4.5e-04  -397.74270094  -397.74270094    -0.00012637   0.003445   1.4e-02   1.9e-04 0.02
    19      50    6.2e-02    2    4.5e-04  -397.74281874  -397.74281874    -0.00011780   0.004095   1.6e-02   8.9e-05 0.02
    20      50    6.1e-02    1    4.7e-04  -397.74291099  -397.74291099    -0.00009225   0.003645   1.5e-02   1.7e-04 0.02
    21      50    6.3e-02    2    7.2e-04  -397.74300241  -397.74300241    -0.00009141   0.004407   1.8e-02   1.2e-04 0.02
    22      50    6.2e-02    1    6.1e-04  -397.74309037  -397.74309037    -0.00008796   0.004126   1.7e-02   1.6e-04 0.02
    23      50    6.2e-02    2    5.7e-04  -397.74317838  -397.74317838    -0.00008802   0.004326   1.7e-02   1.4e-04 0.02
    24      50    5.9e-02    1    5.4e-04  -397.74326629  -397.74326629    -0.00008791   0.004064   1.6e-02   1.4e-04 0.02
    25      50    5.9e-02    2    6.3e-04  -397.74334721  -397.74334721    -0.00008092   0.004272   1.7e-02   1.4e-04 0.02
    26      50    5.9e-02    1    4.7e-04  -397.74342262  -397.74342262    -0.00007541   0.003594   1.4e-02   1.4e-04 0.02
    27      50    6.3e-02    1    4.5e-04  -397.74349309  -397.74349309    -0.00007047   0.003963   1.6e-02   1.8e-04 0.02
    28      50    6.4e-02    1    7.3e-04  -397.74354545  -397.74354545    -0.00005236   0.003622   1.4e-02   2.0e-04 0.02
    29      50    6.0e-02    1    4.6e-04  -397.74359213  -397.74359213    -0.00004668   0.003857   1.5e-02   2.0e-04 0.02
    30      50    5.8e-02    1    5.6e-04  -397.74361994  -397.74361994    -0.00002781   0.003578   1.4e-02   1.9e-04 0.02
    31      50    5.8e-02    1    5.0e-04  -397.74364786  -397.74364786    -0.00002791   0.003494   1.4e-02   1.7e-04 0.02
    32      50    6.3e-02    1    4.3e-04  -397.74366561  -397.74366561    -0.00001775   0.003399   1.4e-02   1.6e-04 0.02
    33      50    5.9e-02    1    4.4e-04  -397.74368638  -397.74368638    -0.00002077   0.003605   1.4e-02   1.5e-04 0.02
    34      50    6.2e-02    1    4.9e-04  -397.74369090  -397.74369090    -0.00000452   0.003662   1.5e-02   1.3e-04 0.02
    35      50    6.1e-02    0    3.8e-04  -397.74370518  -397.74370518    -0.00001428   0.003329   1.3e-02   2.3e-04 0.02
    36      60    7.2e-02    1    5.0e-04  -397.74372364  -397.74372364    -0.00001846   0.002381   9.5e-03   1.5e-04 0.02
    37      60    7.2e-02    0    4.0e-04  -397.74373613  -397.74373613    -0.00001249   0.002432   9.7e-03   2.3e-04 0.02
    38      70    8.0e-02    1    5.8e-04  -397.74374730  -397.74374730    -0.00001117   0.002047   8.2e-03   1.4e-04 0.02
    39      70    8.4e-02    0    6.4e-04  -397.74376033  -397.74376033    -0.00001302   0.001884   7.5e-03   2.4e-04 0.02
    40      80    9.4e-02    1    3.5e-03  -397.74376889  -397.74376889    -0.00000857   0.001858   7.4e-03   1.5e-04 0.02
 
RESULTS OF THE OCCUPATION OPTIMIZATION
========================================
   1    1.9999684  -92.06396930
   2    1.9991207  -9.00821771
   3    1.9980032  -6.70501316
   4    1.9985311  -6.69946977
   5    1.9985193  -6.69680883
   6    1.9789383  -0.82603528
   7    1.9815692  -0.47752271
   8    1.0000000  -0.24873215
   9    1.0000000  -0.24808064
  10    0.0184308  -0.02552594
  11    0.0210617  -0.02197120
  12    0.0014807  -0.02058941
  13    0.0014689  -0.02051405
  14    0.0019968  -0.02724976
  15    0.0008793  -0.01534923
  16    0.0000316  -0.00536421
 
----------------
 Final Energies 
----------------
Final NOF Total Energy =    -397.7437689
 
Total Orbital Internal Iterations = 1570
Total Occupation Internal Iterations = 73
 
Elapsed time:   50.35 Seconds

---------------------------------
   Lowdin Population Analysis    
---------------------------------
 Idx  Atom   Population   Charge 
---------------------------------
  1     S    16.000      -0.000

---------------------------------
   M Diagnostic: 0.02
---------------------------------

Recovering execution output...
Moving from /scratch/pobleyef/283797 to /home-nas/pobleyef/Poison-NOF/ncwo1/P30-5/GNOFa25/arina.283797
mkdir -p /home-nas/pobleyef/Poison-NOF/ncwo1/P30-5/GNOFa25/arina.283797
mv /scratch/pobleyef/283797/* /home-nas/pobleyef/Poison-NOF/ncwo1/P30-5/GNOFa25/arina.283797
