W4-11-p4
/software/eb2024/easybuild/software/common/software/Julia/1.11.3-linux-x86_64/bin/julia
Job runing on na16
Choosing scratch ...
Automatic scratch folder selection
/scratch/pobleyef/283804
/scratch/pobleyef/283804 directory
cp W4-11-p4.jl W4-11-p4.jld2 to  /scratch/pobleyef/283804/.
Computing Integrals
Basis Set                                            = def2-qzvp
Auxiliary Basis Set                                  = def2-universal-jkfit
Gaussian Type                                        = Spherical
Elapsed time:    4.63 Seconds

Number of basis functions                   (NBF)    = 280
Number of auxiliary basis functions         (NBFAUX) = 512
Inactive Doubly occupied orbitals up to     (NO1)    = 0
No. considered Strongly Doubly occupied MOs (NDOC)   = 30
No. considered Strongly Singly occupied MOs (NSOC)   = 0
NO. of Weakly occ. per St. Doubly occ.  MOs (NCWO)   = 1
Dimension of the Nat. Orb. subspace         (NBF5)   = 60
No. of electrons                                     = 60
    No. of alpha electrons                           = 30
    No. of beta electrons                            = 30
Multiplicity                                         = 1

Geometry
========
 P       0.7773750       0.7773750       0.7773750
 P      -0.7773750      -0.7773750       0.7773750
 P      -0.7773750       0.7773750      -0.7773750
 P       0.7773750      -0.7773750      -0.7773750

No violations of the orthonormality
No violations of the orthonormality
 
PNOF8/ADABelief Calculation
==================
 
  Nitext  Nit_orb  Time   Nit_occ  Time         Eelec          Etot           Ediff      maxdiff    MaxGrad_orb  Grad_occ
     1      10    2.0e+01    0    2.1e+01 -1689.12476080 -1364.21822513 -11688.12476080   0.005424   2.2e-02   9.1e-05 0.04
     2      30    1.5e+01    0    4.9e-02 -1689.12476080 -1364.21822513     0.00000000   0.005424   2.2e-02   9.1e-05 0.04
     3      50    2.3e+01    3    5.6e-02 -1689.12487887 -1364.21834319    -0.00011807   0.005265   2.1e-02   8.2e-05 0.04
     4      50    2.8e+01    2    3.9e-02 -1689.12499839 -1364.21846272    -0.00011952   0.005909   2.4e-02   1.9e-04 0.04
     5      50    3.0e+01    2    7.4e-02 -1689.12504402 -1364.21850834    -0.00004563   0.006006   2.4e-02   1.9e-04 0.04
     6      50    2.5e+01    2    2.5e-02 -1689.12510467 -1364.21856899    -0.00006065   0.006429   2.6e-02   1.7e-04 0.04
     7      50    2.1e+01    2    4.2e-02 -1689.12512693 -1364.21859126    -0.00002226   0.007194   2.9e-02   1.6e-04 0.04
     8      50    1.6e+01    1    2.5e-02 -1689.12514898 -1364.21861331    -0.00002205   0.006605   2.6e-02   3.0e-04 0.04
     9      50    1.5e+01    1    7.3e-02 -1689.12515994 -1364.21862426    -0.00001095   0.006505   2.6e-02   2.9e-04 0.04
    10      50    1.7e+01    0    2.0e-02 -1689.12516145 -1364.21862578    -0.00000152   0.006505   2.6e-02   2.9e-04 0.04
    11      70    2.3e+01    1    5.7e-02 -1689.12575056 -1364.21921489    -0.00058911   0.000585   2.3e-03   2.9e-04 0.04
 
RESULTS OF THE OCCUPATION OPTIMIZATION
========================================
   1    1.9999566  -80.01560798
   2    1.9999611  -80.01513544
   3    1.9999603  -80.01513011
   4    1.9999664  -80.01502974
   5    1.9988865  -7.50533501
   6    1.9989487  -7.49732648
   7    1.9987163  -7.49565736
   8    1.9989326  -7.49506681
   9    1.9979576  -5.42376526
  10    1.9973372  -5.42322157
  11    1.9979656  -5.42252980
  12    1.9979852  -5.41284626
  13    1.9979605  -5.41273219
  14    1.9980724  -5.41004349
  15    1.9980391  -5.41003493
  16    1.9980445  -5.40997814
  17    1.9980743  -5.40986741
  18    1.9980303  -5.40974813
  19    1.9980044  -5.40966107
  20    1.9980486  -5.40963198
  21    1.9908019  -0.84366307
  22    1.9901187  -0.81762108
  23    1.9900802  -0.81714335
  24    1.9788325  -0.71013901
  25    1.9575995  -0.40885517
  26    1.9579198  -0.40830254
  27    1.9579306  -0.40827516
  28    1.9576527  -0.40788986
  29    1.9576769  -0.40787575
  30    1.9577215  -0.40744543
  31    0.0422785  -0.04613399
  32    0.0423231  -0.04620407
  33    0.0423473  -0.04620407
  34    0.0420694  -0.04615105
  35    0.0420802  -0.04614166
  36    0.0424005  -0.04625233
  37    0.0211675  -0.02408074
  38    0.0099198  -0.02746953
  39    0.0098813  -0.02751098
  40    0.0091981  -0.02907984
  41    0.0019514  -0.01902957
  42    0.0019956  -0.01940255
  43    0.0019697  -0.01918357
  44    0.0019257  -0.01877565
  45    0.0019555  -0.01903831
  46    0.0019609  -0.01908734
  47    0.0019276  -0.01877620
  48    0.0020395  -0.01951779
  49    0.0020148  -0.01944623
  50    0.0020344  -0.01955541
  51    0.0026628  -0.02976841
  52    0.0020424  -0.01972838
  53    0.0010674  -0.01499688
  54    0.0012837  -0.01604953
  55    0.0010513  -0.01503251
  56    0.0011135  -0.01361791
  57    0.0000336  -0.00515623
  58    0.0000397  -0.00560157
  59    0.0000389  -0.00554283
  60    0.0000434  -0.00603924
 
----------------
 Final Energies 
----------------
Final NOF Total Energy =   -1364.2192149
 
Total Orbital Internal Iterations = 510
Total Occupation Internal Iterations = 14
 
Elapsed time:  273.32 Seconds

---------------------------------
   Lowdin Population Analysis    
---------------------------------
 Idx  Atom   Population   Charge 
---------------------------------
  1     P    15.001      -0.001
  2     P    15.001      -0.001
  3     P    15.000      -0.000
  4     P    14.998       0.002

---------------------------------
   M Diagnostic: 0.04
---------------------------------

Recovering execution output...
Moving from /scratch/pobleyef/283804 to /home-nas/pobleyef/Poison-NOF/ncwo1/P30-5/GNOFa25/arina.283804
mkdir -p /home-nas/pobleyef/Poison-NOF/ncwo1/P30-5/GNOFa25/arina.283804
mv /scratch/pobleyef/283804/* /home-nas/pobleyef/Poison-NOF/ncwo1/P30-5/GNOFa25/arina.283804
