W4-11-bn3pi
/software/eb2024/easybuild/software/common/software/Julia/1.11.3-linux-x86_64/bin/julia
Job runing on nh018
Choosing scratch ...
Automatic scratch folder selection
/scratch/pobleyef/283775
/scratch/pobleyef/283775 directory
cp W4-11-bn3pi.jl W4-11-bn3pi.jld2 to  /scratch/pobleyef/283775/.
W4-11-bn3pi_C.jld2 not found
W4-11-bn3pi_n.jld2 not found
Computing Integrals
Basis Set                                            = def2-qzvp
Auxiliary Basis Set                                  = def2-universal-jkfit
Gaussian Type                                        = Spherical
Elapsed time:    3.85 Seconds

Number of basis functions                   (NBF)    = 114
Number of auxiliary basis functions         (NBFAUX) = 152
Inactive Doubly occupied orbitals up to     (NO1)    = 0
No. considered Strongly Doubly occupied MOs (NDOC)   = 5
No. considered Strongly Singly occupied MOs (NSOC)   = 2
NO. of Weakly occ. per St. Doubly occ.  MOs (NCWO)   = 1
Dimension of the Nat. Orb. subspace         (NBF5)   = 12
No. of electrons                                     = 12
    No. of alpha electrons                           = 7
    No. of beta electrons                            = 5
Multiplicity                                         = 3

Geometry
========
 B       0.0000000       0.0000000      -0.7759500
 N       0.0000000       0.0000000       0.5542500

No violations of the orthonormality
No violations of the orthonormality
 
PNOF8/ADABelief Calculation
==================
 
  Nitext  Nit_orb  Time   Nit_occ  Time         Eelec          Etot           Ediff      maxdiff    MaxGrad_orb  Grad_occ
     1      10    2.8e+01    5    3.4e+01   -89.84209727   -75.91850353 -10088.84209727   0.311474   1.2e+00   1.6e-04 0.01
     2      10    4.6e-01    5    2.1e-03   -92.12519293   -78.20159919    -2.28309566   0.176528   7.1e-01   8.4e-05 0.02
     3      10    2.4e-01    6    4.9e-02   -92.77862014   -78.85502639    -0.65342721   0.176372   7.1e-01   1.8e-04 0.04
     4      10    7.8e-02    5    1.3e-03   -92.98644588   -79.06285214    -0.20782574   0.174575   7.0e-01   4.9e-05 0.06
     5      10    7.9e-02    4    1.2e-03   -93.03876098   -79.11516724    -0.05231510   0.210358   8.4e-01   1.2e-04 0.07
     6      10    2.8e-01    2    1.0e-03   -93.05631064   -79.13271689    -0.01754965   0.202819   8.1e-01   1.6e-04 0.07
     7      10    1.2e-01    2    1.0e-03   -93.07188396   -79.14829022    -0.01557333   0.214649   8.6e-01   1.3e-04 0.07
     8      10    9.0e-02    2    1.2e-03   -93.08911623   -79.16552249    -0.01723227   0.198310   7.9e-01   1.1e-04 0.06
     9      10    1.0e-01    2    1.2e-03   -93.10217393   -79.17858019    -0.01305771   0.159651   6.4e-01   2.8e-05 0.06
    10      10    1.1e-01    2    1.1e-03   -93.10951108   -79.18591733    -0.00733714   0.167043   6.7e-01   2.0e-04 0.06
    11      10    6.6e-02    3    1.1e-03   -93.11197944   -79.18838569    -0.00246836   0.163355   6.5e-01   2.7e-05 0.06
    12      10    5.5e-02    3    1.3e-03   -93.11376376   -79.19017002    -0.00178432   0.194368   7.8e-01   1.4e-05 0.06
    13      10    8.4e-02    3    1.3e-03   -93.11410388   -79.19051014    -0.00034012   0.182969   7.3e-01   4.5e-05 0.06
    14      10    7.6e-02    3    1.3e-03   -93.11559193   -79.19199818    -0.00148804   0.191161   7.6e-01   3.8e-05 0.06
    15      10    6.2e-02    2    1.2e-03   -93.11573263   -79.19213889    -0.00014070   0.191645   7.7e-01   1.6e-04 0.06
    16      10    1.2e-01    1    1.4e-03   -93.11716789   -79.19357415    -0.00143526   0.191360   7.7e-01   1.7e-04 0.06
    17      10    2.0e-01    3    1.3e-03   -93.11731763   -79.19372389    -0.00014974   0.192138   7.7e-01   1.3e-05 0.06
    18      10    8.5e-02    0    1.1e-03   -93.11732116   -79.19372741    -0.00000352   0.192138   7.7e-01   1.3e-05 0.06
    19      30    3.0e-01    2    1.2e-03   -93.13095924   -79.20736550    -0.01363808   0.001408   5.6e-03   3.7e-05 0.06
    20      30    3.3e-01    1    1.2e-03   -93.13105760   -79.20746386    -0.00009836   0.001782   7.1e-03   1.1e-04 0.06
    21      30    3.4e-01    0    1.1e-03   -93.13106706   -79.20747331    -0.00000945   0.000784   3.1e-03   8.5e-05 0.06
 
RESULTS OF THE OCCUPATION OPTIMIZATION
========================================
   1    1.9995717  -15.61271309
   2    1.9991438  -7.66927071
   3    1.9779840  -1.09498671
   4    1.9570463  -0.56543271
   5    1.9394616  -0.45448589
   6    1.0000000  -0.27357838
   7    1.0000000  -0.25198522
   8    0.0605384  -0.04392013
   9    0.0429537  -0.03045346
  10    0.0220160  -0.02852452
  11    0.0008562  -0.01027986
  12    0.0004283  -0.01003155
 
----------------
 Final Energies 
----------------
Final NOF Total Energy =     -79.2074733
 
Total Orbital Internal Iterations = 270
Total Occupation Internal Iterations = 56
 
Elapsed time:   85.47 Seconds

---------------------------------
   Lowdin Population Analysis    
---------------------------------
 Idx  Atom   Population   Charge 
---------------------------------
  1     B     5.219      -0.219
  2     N     6.781       0.219

---------------------------------
   M Diagnostic: 0.06
---------------------------------

Recovering execution output...
Moving from /scratch/pobleyef/283775 to /home-nas/pobleyef/Poison-NOF/ncwo1/P30-5/GNOFa25/arina.283775
mkdir -p /home-nas/pobleyef/Poison-NOF/ncwo1/P30-5/GNOFa25/arina.283775
mv /scratch/pobleyef/283775/* /home-nas/pobleyef/Poison-NOF/ncwo1/P30-5/GNOFa25/arina.283775
