W4-11-cl
/software/eb2024/easybuild/software/common/software/Julia/1.11.3-linux-x86_64/bin/julia
Job runing on na18
Choosing scratch ...
Automatic scratch folder selection
/scratch/pobleyef/283780
/scratch/pobleyef/283780 directory
cp W4-11-cl.jl W4-11-cl.jld2 to  /scratch/pobleyef/283780/.
W4-11-cl_C.jld2 not found
W4-11-cl_n.jld2 not found
Computing Integrals
Basis Set                                            = def2-qzvp
Auxiliary Basis Set                                  = def2-universal-jkfit
Gaussian Type                                        = Spherical
Elapsed time:    2.95 Seconds

Number of basis functions                   (NBF)    = 70
Number of auxiliary basis functions         (NBFAUX) = 128
Inactive Doubly occupied orbitals up to     (NO1)    = 0
No. considered Strongly Doubly occupied MOs (NDOC)   = 8
No. considered Strongly Singly occupied MOs (NSOC)   = 1
NO. of Weakly occ. per St. Doubly occ.  MOs (NCWO)   = 1
Dimension of the Nat. Orb. subspace         (NBF5)   = 17
No. of electrons                                     = 17
    No. of alpha electrons                           = 9
    No. of beta electrons                            = 8
Multiplicity                                         = 2

Geometry
========
Cl       0.0000000       0.0000000       0.0000000

No violations of the orthonormality
No violations of the orthonormality
 
PNOF8/ADABelief Calculation
==================
 
  Nitext  Nit_orb  Time   Nit_occ  Time         Eelec          Etot           Ediff      maxdiff    MaxGrad_orb  Grad_occ
     1      10    1.6e+01    5    2.0e+01  -449.26460841  -449.26460841 -10448.26460841   1.601176   6.4e+00   1.7e-04 0.00
     2      10    5.6e-02    4    1.7e-03  -455.14932110  -455.14932110    -5.88471269   0.762395   3.0e+00   2.3e-04 0.00
     3      10    2.8e-02    6    9.3e-04  -458.38326245  -458.38326245    -3.23394136   0.280409   1.1e+00   1.7e-04 0.01
     4      10    2.3e-02    6    9.5e-04  -459.10799694  -459.10799694    -0.72473449   0.381377   1.5e+00   1.1e-04 0.01
     5      10    2.7e-02    4    1.0e-03  -459.47165032  -459.47165032    -0.36365338   0.298018   1.2e+00   1.7e-04 0.02
     6      10    2.7e-02    3    8.8e-04  -459.57648316  -459.57648316    -0.10483284   0.638288   2.6e+00   1.9e-04 0.02
     7      10    2.0e-02    3    4.5e-03  -459.61897006  -459.61897006    -0.04248690   0.582762   2.3e+00   1.7e-04 0.02
     8      10    3.4e-02    2    1.1e-03  -459.63599668  -459.63599668    -0.01702662   0.523691   2.1e+00   1.4e-04 0.02
     9      10    2.1e-02    3    6.6e-04  -459.65332171  -459.65332171    -0.01732503   0.515015   2.1e+00   1.3e-04 0.02
    10      10    2.6e-02    0    1.5e-03  -459.65421552  -459.65421552    -0.00089381   0.515015   2.1e+00   1.3e-04 0.02
    11      30    5.3e-02    4    1.0e-03  -459.74691519  -459.74691519    -0.09269967   0.055131   2.2e-01   1.2e-04 0.02
    12      30    5.9e-02    3    7.5e-04  -459.75482841  -459.75482841    -0.00791322   0.029367   1.2e-01   2.1e-04 0.02
    13      30    6.0e-02    3    1.1e-03  -459.75873598  -459.75873598    -0.00390757   0.031746   1.3e-01   1.7e-04 0.02
    14      30    6.3e-02    2    7.5e-04  -459.76061542  -459.76061542    -0.00187944   0.032473   1.3e-01   2.3e-04 0.03
    15      30    5.9e-02    2    8.4e-04  -459.76202550  -459.76202550    -0.00141008   0.029725   1.2e-01   1.6e-04 0.03
    16      30    7.0e-02    2    7.2e-04  -459.76253702  -459.76253702    -0.00051152   0.027978   1.1e-01   3.7e-05 0.03
    17      30    7.0e-02    1    1.4e-03  -459.76268941  -459.76268941    -0.00015239   0.031312   1.3e-01   1.9e-04 0.03
    18      30    7.8e-02    1    7.9e-04  -459.76274951  -459.76274951    -0.00006010   0.029009   1.2e-01   1.1e-04 0.03
    19      30    6.3e-02    0    6.0e-04  -459.76275071  -459.76275071    -0.00000120   0.029009   1.2e-01   1.1e-04 0.03
    20      50    9.5e-02    1    6.0e-04  -459.76431514  -459.76431514    -0.00156443   0.001813   7.3e-03   6.2e-05 0.03
    21      50    1.1e-01    0    1.3e-03  -459.76431565  -459.76431565    -0.00000051   0.001813   7.3e-03   6.2e-05 0.03
    22      70    1.4e-01    0    6.0e-04  -459.76432691  -459.76432691    -0.00001125   0.000822   3.3e-03   9.0e-05 0.03
 
RESULTS OF THE OCCUPATION OPTIMIZATION
========================================
   1    1.9999652  -104.92695981
   2    1.9992237  -10.61179945
   3    1.9985999  -8.07741256
   4    1.9989681  -8.07615740
   5    1.9989732  -8.07571432
   6    1.9887365  -1.08171474
   7    1.9738880  -0.50404716
   8    1.9741954  -0.50217464
   9    1.0000000  -0.29129649
  10    0.0258046  -0.02621049
  11    0.0261120  -0.02634823
  12    0.0112635  -0.03005737
  13    0.0010268  -0.01890643
  14    0.0010319  -0.01892871
  15    0.0014001  -0.02068423
  16    0.0007763  -0.01706535
  17    0.0000348  -0.00637907
 
----------------
 Final Energies 
----------------
Final NOF Total Energy =    -459.7643269
 
Total Orbital Internal Iterations = 540
Total Occupation Internal Iterations = 55
 
Elapsed time:   49.36 Seconds

---------------------------------
   Lowdin Population Analysis    
---------------------------------
 Idx  Atom   Population   Charge 
---------------------------------
  1    Cl    17.000      -0.000

---------------------------------
   M Diagnostic: 0.03
---------------------------------

Recovering execution output...
Moving from /scratch/pobleyef/283780 to /home-nas/pobleyef/Poison-NOF/ncwo1/P30-5/GNOFa25/arina.283780
mkdir -p /home-nas/pobleyef/Poison-NOF/ncwo1/P30-5/GNOFa25/arina.283780
mv /scratch/pobleyef/283780/* /home-nas/pobleyef/Poison-NOF/ncwo1/P30-5/GNOFa25/arina.283780
