W4-11-hnnn
/software/eb2024/easybuild/software/common/software/Julia/1.11.3-linux-x86_64/bin/julia
Job runing on nh014
Choosing scratch ...
Automatic scratch folder selection
/scratch/pobleyef/283786
/scratch/pobleyef/283786 directory
cp W4-11-hnnn.jl W4-11-hnnn.jld2 to  /scratch/pobleyef/283786/.
W4-11-hnnn_C.jld2 not found
W4-11-hnnn_n.jld2 not found
Computing Integrals
Basis Set                                            = def2-qzvp
Auxiliary Basis Set                                  = def2-universal-jkfit
Gaussian Type                                        = Spherical
Elapsed time:    4.08 Seconds

Number of basis functions                   (NBF)    = 201
Number of auxiliary basis functions         (NBFAUX) = 249
Inactive Doubly occupied orbitals up to     (NO1)    = 0
No. considered Strongly Doubly occupied MOs (NDOC)   = 11
No. considered Strongly Singly occupied MOs (NSOC)   = 0
NO. of Weakly occ. per St. Doubly occ.  MOs (NCWO)   = 1
Dimension of the Nat. Orb. subspace         (NBF5)   = 22
No. of electrons                                     = 22
    No. of alpha electrons                           = 11
    No. of beta electrons                            = 11
Multiplicity                                         = 1

Geometry
========
 H       1.0789720      -1.3818100       0.0000000
 N       0.0937700      -1.1298800       0.0000000
 N       0.0000000       0.1110980       0.0000000
 N      -0.2479090       1.2161830       0.0000000

No violations of the orthonormality
No violations of the orthonormality
 
PNOF8/ADABelief Calculation
==================
 
  Nitext  Nit_orb  Time   Nit_occ  Time         Eelec          Etot           Ediff      maxdiff    MaxGrad_orb  Grad_occ
     1      10    2.9e+01    6    3.4e+01  -218.64366406  -157.05320866 -10217.64366406   0.530461   2.1e+00   6.5e-05 0.01
     2      10    1.4e+00    8    6.9e-02  -223.85828956  -162.26783416    -5.21462550   0.228856   9.2e-01   1.6e-04 0.02
     3      10    1.2e+00   10    6.2e-02  -225.58308386  -163.99262845    -1.72479430   0.219888   8.8e-01   1.5e-04 0.03
     4      10    1.2e+00    7    5.8e-03  -225.87605114  -164.28559574    -0.29296729   0.190350   7.6e-01   1.8e-04 0.04
     5      10    1.2e+00    5    4.3e-02  -225.91612214  -164.32566674    -0.04007100   0.184248   7.4e-01   2.1e-04 0.04
     6      10    1.2e+00    5    1.3e-02  -225.92352855  -164.33307315    -0.00740640   0.184505   7.4e-01   1.3e-04 0.05
     7      10    1.1e+00    0    4.5e-03  -225.92400377  -164.33354837    -0.00047523   0.184505   7.4e-01   1.3e-04 0.05
     8      30    3.8e+00    5    5.1e-02  -225.98626619  -164.39581079    -0.06226242   0.003092   1.2e-02   1.1e-04 0.05
     9      30    3.7e+00    4    1.2e-02  -225.99183527  -164.40137987    -0.00556908   0.003522   1.4e-02   1.9e-04 0.05
    10      30    3.3e+00    3    7.9e-03  -225.99387410  -164.40341870    -0.00203883   0.004455   1.8e-02   2.8e-04 0.05
    11      30    3.9e+00    4    1.5e-02  -225.99488273  -164.40442733    -0.00100863   0.004858   1.9e-02   2.0e-04 0.05
    12      30    3.7e+00    4    1.7e-02  -225.99566945  -164.40521405    -0.00078672   0.005570   2.2e-02   1.4e-04 0.05
    13      30    3.5e+00    4    6.3e-02  -225.99608540  -164.40563000    -0.00041595   0.005152   2.1e-02   1.7e-04 0.05
    14      30    3.9e+00    3    9.9e-03  -225.99623703  -164.40578163    -0.00015163   0.004907   2.0e-02   2.1e-04 0.05
    15      30    3.6e+00    2    1.1e-02  -225.99633716  -164.40588176    -0.00010013   0.005449   2.2e-02   2.3e-04 0.05
    16      30    3.3e+00    0    6.8e-02  -225.99634223  -164.40588683    -0.00000506   0.005449   2.2e-02   2.3e-04 0.05
    17      40    4.6e+00    2    2.8e-02  -225.99663463  -164.40617922    -0.00029240   0.000492   2.0e-03   2.4e-04 0.05
 
RESULTS OF THE OCCUPATION OPTIMIZATION
========================================
   1    1.9996737  -15.74087204
   2    1.9997236  -15.66499508
   3    1.9997112  -15.63542499
   4    1.9919257  -1.43547847
   5    1.9894278  -1.02999197
   6    1.9874843  -0.94400301
   7    1.9765486  -0.81796936
   8    1.9718543  -0.72677474
   9    1.9660350  -0.65698272
  10    1.9474215  -0.58438548
  11    1.9466215  -0.47336719
  12    0.0533785  -0.06186750
  13    0.0525785  -0.06131600
  14    0.0339650  -0.04774648
  15    0.0281457  -0.03038763
  16    0.0234514  -0.03379886
  17    0.0125157  -0.01997753
  18    0.0105722  -0.01737206
  19    0.0080743  -0.01485813
  20    0.0002888  -0.00710931
  21    0.0002764  -0.00685704
  22    0.0003263  -0.00783019
 
----------------
 Final Energies 
----------------
Final NOF Total Energy =    -164.4061792
 
Total Orbital Internal Iterations = 380
Total Occupation Internal Iterations = 72
 
Elapsed time:  130.53 Seconds

---------------------------------
   Lowdin Population Analysis    
---------------------------------
 Idx  Atom   Population   Charge 
---------------------------------
  1     H     1.257      -0.257
  2     N     6.833       0.167
  3     N     6.977       0.023
  4     N     6.933       0.067

---------------------------------
   M Diagnostic: 0.05
---------------------------------

Recovering execution output...
Moving from /scratch/pobleyef/283786 to /home-nas/pobleyef/Poison-NOF/ncwo1/P30-5/GNOFa25/arina.283786
mkdir -p /home-nas/pobleyef/Poison-NOF/ncwo1/P30-5/GNOFa25/arina.283786
mv /scratch/pobleyef/283786/* /home-nas/pobleyef/Poison-NOF/ncwo1/P30-5/GNOFa25/arina.283786
