W4-11_114_c-hooo
/software/eb2024/easybuild/software/common/software/Julia/1.11.3-linux-x86_64/bin/julia
Job runing on na10
Choosing scratch ...
Automatic scratch folder selection
/scratch/pobleyef/212514
/scratch/pobleyef/212514 directory
cp W4-11_114_c-hooo.jl W4-11_114_c-hooo.jld2 to  /scratch/pobleyef/212514/.
Computing Integrals
Basis Set                                            = def2-qzvp
Auxiliary Basis Set                                  = def2-universal-jkfit
Gaussian Type                                        = Spherical
Elapsed time:   10.11 Seconds

Number of basis functions                   (NBF)    = 201
Number of auxiliary basis functions         (NBFAUX) = 249
Inactive Doubly occupied orbitals up to     (NO1)    = 0
No. considered Strongly Doubly occupied MOs (NDOC)   = 12
No. considered Strongly Singly occupied MOs (NSOC)   = 1
NO. of Weakly occ. per St. Doubly occ.  MOs (NCWO)   = 1
Dimension of the Nat. Orb. subspace         (NBF5)   = 25
No. of electrons                                     = 25
    No. of alpha electrons                           = 13
    No. of beta electrons                            = 12
Multiplicity                                         = 2

Geometry
========
 O       1.1439430       0.0753540       0.0000000
 O       0.0000000       0.5769450       0.0000000
 O      -1.0821140      -0.4938720       0.0000000
 H      -0.4946340      -1.2674190       0.0000000

No violations of the orthonormality
No violations of the orthonormality
 
PNOF8/ADABelief Calculation
==================
 
  Nitext  Nit_orb  Time   Nit_occ  Time         Eelec          Etot           Ediff      maxdiff    MaxGrad_orb  Grad_occ
     1      10    7.3e+01    0    2.0e+01  -298.24736065  -225.57385257 -10297.24736065   0.000581   2.3e-03   8.9e-05 0.06
 
RESULTS OF THE OCCUPATION OPTIMIZATION
========================================
   1    1.9998355  -20.76913224
   2    1.9998149  -20.71317363
   3    1.9998251  -20.67305086
   4    1.9921417  -1.46969541
   5    1.9909204  -1.31242925
   6    1.9873514  -1.13975586
   7    1.9852545  -0.82748965
   8    1.9542948  -0.79787324
   9    1.9669971  -0.75841319
  10    1.9822104  -0.72223158
  11    1.9425869  -0.64416294
  12    1.9811048  -0.59086919
  13    1.0000000  -0.30421131
  14    0.0188952  -0.02274624
  15    0.0574131  -0.08025799
  16    0.0177896  -0.01935779
  17    0.0330029  -0.03916265
  18    0.0457052  -0.06653740
  19    0.0147455  -0.02189168
  20    0.0126486  -0.02143558
  21    0.0090796  -0.02125977
  22    0.0078583  -0.01994390
  23    0.0001749  -0.00617249
  24    0.0001851  -0.00650619
  25    0.0001645  -0.00584566
 
----------------
 Final Energies 
----------------
Final NOF Total Energy =    -225.5738526
 
Total Orbital Internal Iterations = 10
Total Occupation Internal Iterations = 0
 
Elapsed time:  109.52 Seconds

---------------------------------
   Lowdin Population Analysis    
---------------------------------
 Idx  Atom   Population   Charge 
---------------------------------
  1     O     7.987       0.013
  2     O     7.970       0.030
  3     O     7.635       0.365
  4     H     1.408      -0.408

---------------------------------
   M Diagnostic: 0.06
---------------------------------

Recovering execution output...
Moving from /scratch/pobleyef/212514 to /home-nas/pobleyef/Poison-NOF/ncwo1/P30-5/GNOFa25/arina.212514
mkdir -p /home-nas/pobleyef/Poison-NOF/ncwo1/P30-5/GNOFa25/arina.212514
mv /scratch/pobleyef/212514/* /home-nas/pobleyef/Poison-NOF/ncwo1/P30-5/GNOFa25/arina.212514
