W4-11-s4-c2v
/software/eb2024/easybuild/software/common/software/Julia/1.11.3-linux-x86_64/bin/julia
Job runing on na11
Choosing scratch ...
Automatic scratch folder selection
/scratch/pobleyef/283803
/scratch/pobleyef/283803 directory
cp W4-11-s4-c2v.jl W4-11-s4-c2v.jld2 to  /scratch/pobleyef/283803/.
Computing Integrals
Basis Set                                            = def2-qzvp
Auxiliary Basis Set                                  = def2-universal-jkfit
Gaussian Type                                        = Spherical
Elapsed time:    5.65 Seconds

Number of basis functions                   (NBF)    = 280
Number of auxiliary basis functions         (NBFAUX) = 512
Inactive Doubly occupied orbitals up to     (NO1)    = 0
No. considered Strongly Doubly occupied MOs (NDOC)   = 32
No. considered Strongly Singly occupied MOs (NSOC)   = 0
NO. of Weakly occ. per St. Doubly occ.  MOs (NCWO)   = 1
Dimension of the Nat. Orb. subspace         (NBF5)   = 64
No. of electrons                                     = 64
    No. of alpha electrons                           = 32
    No. of beta electrons                            = 32
Multiplicity                                         = 1

Geometry
========
 S       0.0000000       1.5523430       0.9219610
 S       0.0000000       1.0685080      -0.9219610
 S       0.0000000      -1.0685080      -0.9219610
 S       0.0000000      -1.5523430       0.9219610

No violations of the orthonormality
No violations of the orthonormality
 
PNOF8/ADABelief Calculation
==================
 
  Nitext  Nit_orb  Time   Nit_occ  Time         Eelec          Etot           Ediff      maxdiff    MaxGrad_orb  Grad_occ
     1      10    2.1e+01    0    2.1e+01 -1925.11954448 -1591.42062195 -11924.11954448   0.008344   3.3e-02   2.4e-04 0.05
     2      30    9.3e+00    0    2.6e-02 -1925.11954448 -1591.42062195     0.00000000   0.008344   3.3e-02   2.4e-04 0.05
     3      50    1.9e+01    2    9.8e-02 -1925.11967739 -1591.42075487    -0.00013292   0.007828   3.1e-02   2.3e-04 0.05
     4      50    1.8e+01    2    9.9e-02 -1925.11969560 -1591.42077308    -0.00001821   0.008376   3.4e-02   2.3e-04 0.05
     5      50    1.9e+01    2    5.4e-02 -1925.11975803 -1591.42083551    -0.00006243   0.007849   3.1e-02   2.6e-04 0.05
     6      50    1.9e+01    0    5.4e-02 -1925.11976190 -1591.42083938    -0.00000387   0.007849   3.1e-02   2.6e-04 0.05
     7      70    2.7e+01    2    4.9e-02 -1925.12061386 -1591.42169133    -0.00085196   0.000681   2.7e-03   2.6e-04 0.05
 
RESULTS OF THE OCCUPATION OPTIMIZATION
========================================
   1    1.9999607  -92.10095717
   2    1.9999640  -92.09409205
   3    1.9999711  -92.04975980
   4    1.9999618  -92.04402742
   5    1.9990775  -9.05211281
   6    1.9990075  -9.00378875
   7    1.9991371  -8.98616292
   8    1.9991316  -8.98490145
   9    1.9985390  -6.77956325
  10    1.9986267  -6.74837719
  11    1.9986313  -6.74133348
  12    1.9986340  -6.73912902
  13    1.9983157  -6.73811174
  14    1.9986428  -6.73640474
  15    1.9980083  -6.69191399
  16    1.9984744  -6.68932893
  17    1.9987015  -6.67960388
  18    1.9986672  -6.67725927
  19    1.9986636  -6.67714517
  20    1.9987102  -6.67518485
  21    1.9909303  -1.08906704
  22    1.9913103  -1.02889575
  23    1.9902195  -0.93023414
  24    1.9826376  -0.81273472
  25    1.9621036  -0.55064985
  26    1.9751085  -0.52284160
  27    1.9618760  -0.51849012
  28    1.9750749  -0.50672710
  29    1.9743679  -0.48849934
  30    1.9723632  -0.43898441
  31    1.9552845  -0.43223241
  32    1.9469106  -0.32080816
  33    0.0530894  -0.06677251
  34    0.0447155  -0.05960812
  35    0.0276368  -0.02749123
  36    0.0256321  -0.02580129
  37    0.0249251  -0.02563593
  38    0.0381240  -0.05195575
  39    0.0248915  -0.02555316
  40    0.0378964  -0.05270435
  41    0.0173624  -0.02379430
  42    0.0097805  -0.02906018
  43    0.0086897  -0.02944124
  44    0.0090697  -0.02845904
  45    0.0012898  -0.01875519
  46    0.0013364  -0.01905344
  47    0.0013328  -0.01902231
  48    0.0012985  -0.01880143
  49    0.0015256  -0.01880430
  50    0.0019917  -0.02711644
  51    0.0013572  -0.01943302
  52    0.0016843  -0.02109116
  53    0.0013660  -0.01907731
  54    0.0013687  -0.01934631
  55    0.0013733  -0.01880557
  56    0.0014610  -0.01827384
  57    0.0008684  -0.01587288
  58    0.0008629  -0.01581703
  59    0.0009925  -0.01666690
  60    0.0009225  -0.01643320
  61    0.0000382  -0.00614084
  62    0.0000289  -0.00501259
  63    0.0000360  -0.00600065
  64    0.0000393  -0.00636198
 
----------------
 Final Energies 
----------------
Final NOF Total Energy =   -1591.4216913
 
Total Orbital Internal Iterations = 310
Total Occupation Internal Iterations = 8
 
Elapsed time:  167.69 Seconds

---------------------------------
   Lowdin Population Analysis    
---------------------------------
 Idx  Atom   Population   Charge 
---------------------------------
  1     S    16.031      -0.031
  2     S    15.972       0.028
  3     S    15.968       0.032
  4     S    16.029      -0.029

---------------------------------
   M Diagnostic: 0.05
---------------------------------

Recovering execution output...
Moving from /scratch/pobleyef/283803 to /home-nas/pobleyef/Poison-NOF/ncwo1/P30-5/GNOFa25/arina.283803
mkdir -p /home-nas/pobleyef/Poison-NOF/ncwo1/P30-5/GNOFa25/arina.283803
mv /scratch/pobleyef/283803/* /home-nas/pobleyef/Poison-NOF/ncwo1/P30-5/GNOFa25/arina.283803
