W4-11_120_t-hooo
/software/eb2024/easybuild/software/common/software/Julia/1.11.3-linux-x86_64/bin/julia
Job runing on na01
Choosing scratch ...
Automatic scratch folder selection
/scratch/pobleyef/212516
/scratch/pobleyef/212516 directory
cp W4-11_120_t-hooo.jl W4-11_120_t-hooo.jld2 to  /scratch/pobleyef/212516/.
Computing Integrals
Basis Set                                            = def2-qzvp
Auxiliary Basis Set                                  = def2-universal-jkfit
Gaussian Type                                        = Spherical
Elapsed time:   10.49 Seconds

Number of basis functions                   (NBF)    = 201
Number of auxiliary basis functions         (NBFAUX) = 249
Inactive Doubly occupied orbitals up to     (NO1)    = 0
No. considered Strongly Doubly occupied MOs (NDOC)   = 12
No. considered Strongly Singly occupied MOs (NSOC)   = 1
NO. of Weakly occ. per St. Doubly occ.  MOs (NCWO)   = 1
Dimension of the Nat. Orb. subspace         (NBF5)   = 25
No. of electrons                                     = 25
    No. of alpha electrons                           = 13
    No. of beta electrons                            = 12
Multiplicity                                         = 2

Geometry
========
 O       1.1743930       0.1943130       0.0000000
 O       0.0000000       0.5531800       0.0000000
 O      -0.9504710      -0.7177150       0.0000000
 H      -1.7913740      -0.2382290       0.0000000

No violations of the orthonormality
No violations of the orthonormality
 
PNOF8/ADABelief Calculation
==================
 
  Nitext  Nit_orb  Time   Nit_occ  Time         Eelec          Etot           Ediff      maxdiff    MaxGrad_orb  Grad_occ
     1      10    9.1e+01    0    2.2e+01  -297.08376190  -225.57019898 -10296.08376190   0.000602   2.4e-03   6.8e-05 0.06
 
RESULTS OF THE OCCUPATION OPTIMIZATION
========================================
   1    1.9998283  -20.76973608
   2    1.9998153  -20.70908507
   3    1.9998303  -20.66487154
   4    1.9917594  -1.45647240
   5    1.9909475  -1.30582357
   6    1.9876341  -1.15095349
   7    1.9852468  -0.81847038
   8    1.9557021  -0.81593707
   9    1.9671700  -0.75136497
  10    1.9826288  -0.72946899
  11    1.9402347  -0.60483225
  12    1.9805148  -0.57590620
  13    1.0000000  -0.30010563
  14    0.0194852  -0.02293525
  15    0.0597653  -0.08301298
  16    0.0173712  -0.01913168
  17    0.0328300  -0.03841887
  18    0.0442979  -0.06538783
  19    0.0147532  -0.02162997
  20    0.0123659  -0.02121505
  21    0.0090525  -0.02142879
  22    0.0082406  -0.02031801
  23    0.0001697  -0.00604698
  24    0.0001847  -0.00648757
  25    0.0001717  -0.00605768
 
----------------
 Final Energies 
----------------
Final NOF Total Energy =    -225.5701990
 
Total Orbital Internal Iterations = 10
Total Occupation Internal Iterations = 0
 
Elapsed time:  130.45 Seconds

---------------------------------
   Lowdin Population Analysis    
---------------------------------
 Idx  Atom   Population   Charge 
---------------------------------
  1     O     7.970       0.030
  2     O     7.983       0.017
  3     O     7.644       0.356
  4     H     1.402      -0.402

---------------------------------
   M Diagnostic: 0.06
---------------------------------

Recovering execution output...
Moving from /scratch/pobleyef/212516 to /home-nas/pobleyef/Poison-NOF/ncwo1/P30-5/GNOFa25/arina.212516
mkdir -p /home-nas/pobleyef/Poison-NOF/ncwo1/P30-5/GNOFa25/arina.212516
mv /scratch/pobleyef/212516/* /home-nas/pobleyef/Poison-NOF/ncwo1/P30-5/GNOFa25/arina.212516
