W4-11_46_alf3
/software/eb2024/easybuild/software/common/software/Julia/1.11.3-linux-x86_64/bin/julia
Job runing on na22
Choosing scratch ...
Automatic scratch folder selection
/scratch/pobleyef/212526
/scratch/pobleyef/212526 directory
cp W4-11_46_alf3.jl W4-11_46_alf3.jld2 to  /scratch/pobleyef/212526/.
Computing Integrals
Basis Set                                            = def2-qzvp
Auxiliary Basis Set                                  = def2-universal-jkfit
Gaussian Type                                        = Spherical
Elapsed time:   16.34 Seconds

Number of basis functions                   (NBF)    = 241
Number of auxiliary basis functions         (NBFAUX) = 359
Inactive Doubly occupied orbitals up to     (NO1)    = 0
No. considered Strongly Doubly occupied MOs (NDOC)   = 20
No. considered Strongly Singly occupied MOs (NSOC)   = 0
NO. of Weakly occ. per St. Doubly occ.  MOs (NCWO)   = 1
Dimension of the Nat. Orb. subspace         (NBF5)   = 40
No. of electrons                                     = 40
    No. of alpha electrons                           = 20
    No. of beta electrons                            = 20
Multiplicity                                         = 1

Geometry
========
Al       0.0000000       0.0000000       0.0000000
 F       0.0000000       1.6317660       0.0000000
 F       1.4131500      -0.8158830       0.0000000
 F      -1.4131500      -0.8158830       0.0000000

No violations of the orthonormality
No violations of the orthonormality
 
PNOF8/ADABelief Calculation
==================
 
  Nitext  Nit_orb  Time   Nit_occ  Time         Eelec          Etot           Ediff      maxdiff    MaxGrad_orb  Grad_occ
     1      10    1.2e+02    0    2.1e+01  -700.70033351  -541.37464015 -10699.70033351   0.000799   3.2e-03   2.8e-04 0.03
 
RESULTS OF THE OCCUPATION OPTIMIZATION
========================================
   1    1.9999616  -58.57343398
   2    1.9998636  -26.33639632
   3    1.9998635  -26.33631490
   4    1.9998680  -26.33609195
   5    1.9977663  -4.69726846
   6    1.9970288  -3.38947953
   7    1.9970382  -3.38870087
   8    1.9961428  -3.26546101
   9    1.9914521  -1.54130735
  10    1.9913651  -1.54129282
  11    1.9913482  -1.54103194
  12    1.9731239  -0.79973996
  13    1.9730178  -0.79596574
  14    1.9728500  -0.79242539
  15    1.9803085  -0.68982564
  16    1.9802537  -0.68974523
  17    1.9802561  -0.68974468
  18    1.9769015  -0.68664465
  19    1.9769207  -0.68663919
  20    1.9769096  -0.68642913
  21    0.0230904  -0.03067109
  22    0.0230793  -0.03066069
  23    0.0230985  -0.03068097
  24    0.0197439  -0.02729591
  25    0.0197463  -0.02730086
  26    0.0196915  -0.02725557
  27    0.0271500  -0.04384331
  28    0.0269822  -0.04379585
  29    0.0268761  -0.04376162
  30    0.0086518  -0.02460120
  31    0.0086349  -0.02454926
  32    0.0085479  -0.02452282
  33    0.0038572  -0.01997340
  34    0.0029618  -0.01957035
  35    0.0029712  -0.01963573
  36    0.0022337  -0.01801387
  37    0.0001320  -0.00612373
  38    0.0001365  -0.00613114
  39    0.0001364  -0.00609194
  40    0.0000384  -0.00453963
 
----------------
 Final Energies 
----------------
Final NOF Total Energy =    -541.3746402
 
Total Orbital Internal Iterations = 10
Total Occupation Internal Iterations = 0
 
Elapsed time:  161.84 Seconds

---------------------------------
   Lowdin Population Analysis    
---------------------------------
 Idx  Atom   Population   Charge 
---------------------------------
  1    Al    13.865      -0.865
  2     F     8.712       0.288
  3     F     8.712       0.288
  4     F     8.712       0.288

---------------------------------
   M Diagnostic: 0.03
---------------------------------

Recovering execution output...
Moving from /scratch/pobleyef/212526 to /home-nas/pobleyef/Poison-NOF/ncwo1/P30-5/GNOFa25/arina.212526
mkdir -p /home-nas/pobleyef/Poison-NOF/ncwo1/P30-5/GNOFa25/arina.212526
mv /scratch/pobleyef/212526/* /home-nas/pobleyef/Poison-NOF/ncwo1/P30-5/GNOFa25/arina.212526
