W4-11_124_no2
/software/eb2024/easybuild/software/common/software/Julia/1.11.3-linux-x86_64/bin/julia
Job runing on na17
Choosing scratch ...
Automatic scratch folder selection
/scratch/pobleyef/212517
/scratch/pobleyef/212517 directory
cp W4-11_124_no2.jl W4-11_124_no2.jld2 to  /scratch/pobleyef/212517/.
Computing Integrals
Basis Set                                            = def2-qzvp
Auxiliary Basis Set                                  = def2-universal-jkfit
Gaussian Type                                        = Spherical
Elapsed time:    8.42 Seconds

Number of basis functions                   (NBF)    = 171
Number of auxiliary basis functions         (NBFAUX) = 231
Inactive Doubly occupied orbitals up to     (NO1)    = 0
No. considered Strongly Doubly occupied MOs (NDOC)   = 11
No. considered Strongly Singly occupied MOs (NSOC)   = 1
NO. of Weakly occ. per St. Doubly occ.  MOs (NCWO)   = 1
Dimension of the Nat. Orb. subspace         (NBF5)   = 23
No. of electrons                                     = 23
    No. of alpha electrons                           = 12
    No. of beta electrons                            = 11
Multiplicity                                         = 2

Geometry
========
 N       0.0000000       0.0000000       0.3239670
 O       0.0000000       1.1012340      -0.1417350
 O       0.0000000      -1.1012340      -0.1417350

No violations of the orthonormality
No violations of the orthonormality
 
PNOF8/ADABelief Calculation
==================
 
  Nitext  Nit_orb  Time   Nit_occ  Time         Eelec          Etot           Ediff      maxdiff    MaxGrad_orb  Grad_occ
     1      10    5.2e+01    0    2.1e+01  -269.55642988  -204.61027755 -10268.55642988   0.000494   2.0e-03   2.7e-04 0.05
 
RESULTS OF THE OCCUPATION OPTIMIZATION
========================================
   1    1.9998144  -20.69355336
   2    1.9998160  -20.69214324
   3    1.9996317  -15.82568358
   4    1.9932145  -1.64496015
   5    1.9922694  -1.46525487
   6    1.9872001  -0.87374827
   7    1.9870129  -0.83292987
   8    1.9859319  -0.76657039
   9    1.9651594  -0.72810253
  10    1.9639281  -0.68884195
  11    1.9469756  -0.54585241
  12    1.0000000  -0.26933911
  13    0.0530244  -0.07163281
  14    0.0360719  -0.05125431
  15    0.0348406  -0.04940468
  16    0.0140681  -0.01886172
  17    0.0129871  -0.02207008
  18    0.0127999  -0.02235359
  19    0.0077306  -0.01524705
  20    0.0067855  -0.01412827
  21    0.0003683  -0.00918895
  22    0.0001840  -0.00651854
  23    0.0001856  -0.00659404
 
----------------
 Final Energies 
----------------
Final NOF Total Energy =    -204.6102776
 
Total Orbital Internal Iterations = 10
Total Occupation Internal Iterations = 0
 
Elapsed time:   93.29 Seconds

---------------------------------
   Lowdin Population Analysis    
---------------------------------
 Idx  Atom   Population   Charge 
---------------------------------
  1     N     7.277      -0.277
  2     O     7.860       0.140
  3     O     7.862       0.138

---------------------------------
   M Diagnostic: 0.05
---------------------------------

Recovering execution output...
Moving from /scratch/pobleyef/212517 to /home-nas/pobleyef/Poison-NOF/ncwo1/P30-5/GNOFa25/arina.212517
mkdir -p /home-nas/pobleyef/Poison-NOF/ncwo1/P30-5/GNOFa25/arina.212517
mv /scratch/pobleyef/212517/* /home-nas/pobleyef/Poison-NOF/ncwo1/P30-5/GNOFa25/arina.212517
