Computing Integrals
Basis Set                                            = def2-qzvp
Auxiliary Basis Set                                  = def2-universal-jkfit
Gaussian Type                                        = Spherical
Elapsed time:    3.47 Seconds

Number of basis functions                   (NBF)    = 201
Number of auxiliary basis functions         (NBFAUX) = 249
Inactive Doubly occupied orbitals up to     (NO1)    = 0
No. considered Strongly Doubly occupied MOs (NDOC)   = 12
No. considered Strongly Singly occupied MOs (NSOC)   = 1
NO. of Weakly occ. per St. Doubly occ.  MOs (NCWO)   = 1
Dimension of the Nat. Orb. subspace         (NBF5)   = 25
No. of electrons                                     = 25
    No. of alpha electrons                           = 13
    No. of beta electrons                            = 12
Multiplicity                                         = 2

Geometry
========
 O       1.1439430       0.0753540       0.0000000
 O       0.0000000       0.5769450       0.0000000
 O      -1.0821140      -0.4938720       0.0000000
 H      -0.4946340      -1.2674190       0.0000000

No violations of the orthonormality
No violations of the orthonormality
 
PNOF8/ADABelief Calculation
==================
 
  Nitext  Nit_orb  Time   Nit_occ  Time         Eelec          Etot           Ediff      maxdiff    MaxGrad_orb  Grad_occ
     1      10    2.2e+01    5    2.6e+01  -298.24594823  -225.57244015 -10297.24594823   0.001098   4.4e-03   2.4e-04 0.06
     2      20    2.1e+00    0    2.7e-02  -298.24614084  -225.57263276    -0.00019261   0.001098   4.4e-03   2.4e-04 0.06
     3      40    3.5e+00    4    2.0e-02  -298.24649530  -225.57298722    -0.00035446   0.001026   4.1e-03   1.5e-04 0.06
     4      40    3.7e+00    2    5.3e-03  -298.24656578  -225.57305770    -0.00007048   0.001982   7.9e-03   1.5e-04 0.06
     5      40    3.5e+00    2    9.3e-03  -298.24664880  -225.57314073    -0.00008302   0.001965   7.9e-03   1.3e-04 0.06
     6      40    3.4e+00    2    5.4e-03  -298.24670665  -225.57319858    -0.00005785   0.001354   5.4e-03   1.5e-04 0.06
     7      40    3.4e+00    2    9.3e-03  -298.24677712  -225.57326905    -0.00007047   0.001129   4.5e-03   1.3e-04 0.06
     8      40    3.0e+00    2    3.3e-02  -298.24685765  -225.57334958    -0.00008053   0.001420   5.7e-03   1.6e-04 0.06
     9      40    3.4e+00    2    2.8e-02  -298.24699298  -225.57348490    -0.00013532   0.001393   5.6e-03   1.5e-04 0.06
    10      40    3.3e+00    2    2.7e-02  -298.24716803  -225.57365995    -0.00017505   0.001385   5.5e-03   1.6e-04 0.06
    11      40    3.1e+00    2    7.6e-03  -298.24734928  -225.57384121    -0.00018125   0.001256   5.0e-03   1.4e-04 0.06
    12      40    3.5e+00    2    5.3e-03  -298.24749218  -225.57398410    -0.00014289   0.001484   5.9e-03   1.5e-04 0.06
    13      40    3.4e+00    2    1.3e-02  -298.24757764  -225.57406956    -0.00008546   0.001057   4.2e-03   1.3e-04 0.06
    14      40    3.1e+00    2    2.3e-02  -298.24761322  -225.57410514    -0.00003558   0.001371   5.5e-03   1.3e-04 0.06
    15      40    3.9e+00    2    2.8e-02  -298.24762484  -225.57411676    -0.00001162   0.016402   6.6e-02   1.1e-04 0.06
    16      40    2.9e+00    0    1.4e-02  -298.24763182  -225.57412374    -0.00000698   0.001552   6.2e-03   2.5e-04 0.06
    17      50    4.6e+00    1    1.0e-02  -298.24765913  -225.57415105    -0.00002731   0.000566   2.3e-03   1.8e-04 0.06
 
RESULTS OF THE OCCUPATION OPTIMIZATION
========================================
   1    1.9998286  -20.75640921
   2    1.9998067  -20.71685006
   3    1.9998171  -20.68129004
   4    1.9924103  -1.51431050
   5    1.9908156  -1.30801276
   6    1.9872994  -1.12993721
   7    1.9851163  -0.81133754
   8    1.9543611  -0.79221635
   9    1.9671017  -0.75068218
  10    1.9834750  -0.74538037
  11    1.9428343  -0.63503690
  12    1.9798596  -0.57557919
  13    1.0000000  -0.30387100
  14    0.0201404  -0.02296968
  15    0.0571657  -0.07992566
  16    0.0165250  -0.01898484
  17    0.0328983  -0.03888827
  18    0.0456389  -0.06630764
  19    0.0148837  -0.02135984
  20    0.0127006  -0.02149545
  21    0.0091844  -0.02112704
  22    0.0075897  -0.01927289
  23    0.0001829  -0.00622635
  24    0.0001933  -0.00652105
  25    0.0001714  -0.00586938
 
----------------
 Final Energies 
----------------
Final NOF Total Energy =    -225.5741510
 
Total Orbital Internal Iterations = 640
Total Occupation Internal Iterations = 34
 
Elapsed time:  118.28 Seconds

---------------------------------
   Lowdin Population Analysis    
---------------------------------
 Idx  Atom   Population   Charge 
---------------------------------
  1     O     7.985       0.015
  2     O     7.970       0.030
  3     O     7.636       0.364
  4     H     1.409      -0.409

---------------------------------
   M Diagnostic: 0.06
---------------------------------

