al
/software/eb2024/easybuild/software/common/software/Julia/1.11.3-linux-x86_64/bin/julia
Job runing on na19
Choosing scratch ...
Automatic scratch folder selection
/scratch/pobleyef/166689
/scratch/pobleyef/166689 directory
cp al.jl al.jld2 to  /scratch/pobleyef/166689/.
Computing Integrals
Elapsed time:    5.15 Seconds

Number of basis functions                   (NBF)    = 70
Number of auxiliary basis functions         (NBFAUX) = 128
Inactive Doubly occupied orbitals up to     (NO1)    = 0
No. considered Strongly Doubly occupied MOs (NDOC)   = 6
No. considered Strongly Singly occupied MOs (NSOC)   = 1
NO. of Weakly occ. per St. Doubly occ.  MOs (NCWO)   = 1
Dimension of the Nat. Orb. subspace         (NBF5)   = 13
No. of electrons                                     = 13
    No. of alpha electrons                           = 7
    No. of beta electrons                            = 6
Multiplicity                                         = 2

Geometry
========
Al       0.0000000       0.0000000       0.0000000

No violations of the orthonormality
No violations of the orthonormality
 
PNOF8/ADABelief Calculation
==================
 
  Nitext  Nit_orb  Time   Nit_occ  Time         Eelec          Etot           Ediff      maxdiff    MaxGrad_orb  Grad_occ
     1      10    1.7e+01    0    2.1e+01  -242.05270379  -242.05270379 -10241.05270379   0.000492   2.0e-03   1.2e-04 0.03
 
RESULTS OF THE OCCUPATION OPTIMIZATION
========================================
   1    1.9999529  -58.55631522
   2    1.9985547  -4.92588400
   3    1.9959003  -3.23579468
   4    1.9958627  -3.23493647
   5    1.9952783  -3.23336916
   6    1.9700418  -0.40160530
   7    1.0000000  -0.10763573
   8    0.0299582  -0.02550114
   9    0.0047217  -0.02369839
  10    0.0041373  -0.02154225
  11    0.0040997  -0.03110966
  12    0.0014453  -0.01055663
  13    0.0000471  -0.00545298
 
----------------
 Final Energies 
----------------
Final NOF Total Energy =    -242.0527038
 
Total Orbital Internal Iterations = 10
Total Occupation Internal Iterations = 0
 
Elapsed time:   49.26 Seconds

---------------------------------
   Lowdin Population Analysis    
---------------------------------
 Idx  Atom   Population   Charge 
---------------------------------
  1    Al    13.000      -0.000

---------------------------------
   M Diagnostic: 0.03
---------------------------------

Recovering execution output...
Moving from /scratch/pobleyef/166689 to /home-nas/pobleyef/Poison-Set/ncwo1/P30-5/GNOF/arina.166689
mkdir -p /home-nas/pobleyef/Poison-Set/ncwo1/P30-5/GNOF/arina.166689
mv /scratch/pobleyef/166689/* /home-nas/pobleyef/Poison-Set/ncwo1/P30-5/GNOF/arina.166689
