ALKBDE10_7_mgo
/software/eb2024/easybuild/software/common/software/Julia/1.11.3-linux-x86_64/bin/julia
Job runing on na07
Choosing scratch ...
Automatic scratch folder selection
/scratch/pobleyef/166691
/scratch/pobleyef/166691 directory
cp ALKBDE10_7_mgo.jl ALKBDE10_7_mgo.jld2 to  /scratch/pobleyef/166691/.
Computing Integrals
Elapsed time:    8.64 Seconds

Number of basis functions                   (NBF)    = 108
Number of auxiliary basis functions         (NBFAUX) = 189
Inactive Doubly occupied orbitals up to     (NO1)    = 0
No. considered Strongly Doubly occupied MOs (NDOC)   = 10
No. considered Strongly Singly occupied MOs (NSOC)   = 0
NO. of Weakly occ. per St. Doubly occ.  MOs (NCWO)   = 1
Dimension of the Nat. Orb. subspace         (NBF5)   = 20
No. of electrons                                     = 20
    No. of alpha electrons                           = 10
    No. of beta electrons                            = 10
Multiplicity                                         = 1

Geometry
========
Mg       0.0000000       0.0000000       0.8639034
 O       0.0000000       0.0000000      -0.8639034

No violations of the orthonormality
No violations of the orthonormality
 
PNOF8/ADABelief Calculation
==================
 
  Nitext  Nit_orb  Time   Nit_occ  Time         Eelec          Etot           Ediff      maxdiff    MaxGrad_orb  Grad_occ
     1      10    2.7e+01    0    2.6e+01  -304.12220894  -274.72024799 -10303.12220894   0.016743   6.7e-02   1.6e-04 0.56
     2      30    2.6e+01    3    8.5e-02  -304.12839613  -274.72643518    -0.00618720   0.013831   5.5e-02   1.5e-04 0.57
     3      30    2.5e+01    0    4.9e-03  -304.12851485  -274.72655389    -0.00011871   0.013831   5.5e-02   1.5e-04 0.57
     4      50    4.4e+01    3    4.0e-02  -304.13115805  -274.72919710    -0.00264320   0.001938   7.8e-03   6.5e-05 0.57
     5      50    4.6e+01    2    1.2e-02  -304.13142355  -274.72946260    -0.00026550   0.004413   1.8e-02   1.9e-04 0.58
     6      50    4.7e+01    3    5.6e-03  -304.13175836  -274.72979741    -0.00033482   0.003909   1.6e-02   1.1e-04 0.58
     7      50    4.3e+01    2    1.4e-01  -304.13207450  -274.73011355    -0.00031614   0.003814   1.5e-02   1.3e-04 0.58
     8      50    4.9e+01    2    7.4e-03  -304.13236704  -274.73040609    -0.00029254   0.004013   1.6e-02   1.4e-04 0.59
     9      50    4.6e+01    2    4.9e-02  -304.13274051  -274.73077956    -0.00037348   0.004027   1.6e-02   1.3e-04 0.59
    10      50    4.7e+01    2    6.5e-03  -304.13309768  -274.73113673    -0.00035717   0.003879   1.6e-02   1.3e-04 0.60
    11      50    4.7e+01    2    4.5e-02  -304.13345141  -274.73149045    -0.00035372   0.003927   1.6e-02   1.5e-04 0.60
    12      50    4.8e+01    2    1.8e-01  -304.13381420  -274.73185324    -0.00036279   0.003882   1.6e-02   1.6e-04 0.61
    13      50    4.5e+01    2    6.0e-03  -304.13416303  -274.73220208    -0.00034884   0.003857   1.5e-02   1.7e-04 0.62
    14      50    4.6e+01    2    3.2e-02  -304.13440879  -274.73244784    -0.00024576   0.003898   1.6e-02   1.8e-04 0.62
    15      50    4.2e+01    2    4.3e-03  -304.13467940  -274.73271845    -0.00027061   0.003804   1.5e-02   1.8e-04 0.63
    16      50    4.7e+01    2    4.3e-03  -304.13492623  -274.73296528    -0.00024683   0.003818   1.5e-02   1.9e-04 0.64
    17      50    4.6e+01    2    6.8e-02  -304.13514792  -274.73318696    -0.00022169   0.003810   1.5e-02   1.5e-04 0.65
    18      50    4.4e+01    2    1.0e-01  -304.13535363  -274.73339267    -0.00020571   0.003888   1.6e-02   2.0e-04 0.66
    19      50    4.8e+01    2    7.8e-03  -304.13553353  -274.73357258    -0.00017990   0.003974   1.6e-02   1.5e-04 0.67
    20      50    4.7e+01    2    5.3e-03  -304.13569914  -274.73373819    -0.00016561   0.003844   1.5e-02   1.4e-04 0.68
    21      50    4.7e+01    1    6.7e-02  -304.13586353  -274.73390257    -0.00016439   0.003974   1.6e-02   1.3e-04 0.69
    22      50    4.6e+01    2    3.5e-02  -304.13596560  -274.73400464    -0.00010207   0.003880   1.6e-02   1.6e-04 0.69
    23      50    4.4e+01    1    2.7e-03  -304.13608155  -274.73412060    -0.00011596   0.003967   1.6e-02   1.2e-04 0.70
    24      50    4.4e+01    2    4.2e-03  -304.13616568  -274.73420473    -0.00008413   0.003876   1.6e-02   1.5e-04 0.71
    25      50    4.5e+01    1    3.0e-03  -304.13627191  -274.73431096    -0.00010623   0.003999   1.6e-02   1.1e-04 0.72
    26      50    4.4e+01    2    9.7e-03  -304.13633863  -274.73437768    -0.00006672   0.003851   1.5e-02   1.3e-04 0.72
    27      50    4.4e+01    1    1.2e-02  -304.13643042  -274.73446947    -0.00009179   0.004080   1.6e-02   1.1e-04 0.73
    28      50    4.1e+01    1    4.3e-03  -304.13647018  -274.73450923    -0.00003976   0.003807   1.5e-02   1.5e-04 0.74
    29      50    3.9e+01    1    4.7e-03  -304.13655142  -274.73459047    -0.00008124   0.004049   1.6e-02   1.3e-04 0.74
    30      50    4.1e+01    2    8.2e-03  -304.13659787  -274.73463692    -0.00004645   0.003828   1.5e-02   1.5e-04 0.75
    31      50    4.2e+01    1    2.7e-03  -304.13665473  -274.73469378    -0.00005686   0.004065   1.6e-02   1.2e-04 0.76
    32      50    3.9e+01    1    1.7e-02  -304.13668832  -274.73472736    -0.00003359   0.003889   1.6e-02   1.4e-04 0.76
    33      50    4.2e+01    1    8.1e-03  -304.13674006  -274.73477910    -0.00005174   0.003955   1.6e-02   1.3e-04 0.77
    34      50    4.3e+01    2    2.7e-02  -304.13676768  -274.73480673    -0.00002763   0.003977   1.6e-02   1.3e-04 0.77
    35      50    4.2e+01    1    6.8e-02  -304.13681241  -274.73485146    -0.00004473   0.004130   1.7e-02   8.8e-05 0.78
    36      50    4.3e+01    1    6.0e-03  -304.13683995  -274.73487900    -0.00002754   0.003918   1.6e-02   1.2e-04 0.78
    37      50    3.8e+01    1    5.3e-03  -304.13687976  -274.73491881    -0.00003981   0.004178   1.7e-02   1.0e-04 0.79
    38      50    4.4e+01    1    4.5e-03  -304.13690695  -274.73494600    -0.00002719   0.003953   1.6e-02   1.3e-04 0.80
    39      50    4.2e+01    1    1.4e-02  -304.13693355  -274.73497259    -0.00002660   0.004157   1.7e-02   1.1e-04 0.80
    40      50    4.9e+01    1    1.1e-02  -304.13695701  -274.73499606    -0.00002347   0.003976   1.6e-02   1.3e-04 0.80
 
RESULTS OF THE OCCUPATION OPTIMIZATION
========================================
   1    1.9999446  -49.06236003
   2    1.9997946  -20.55664779
   3    1.9979133  -3.79575894
   4    1.9951253  -2.31837628
   5    1.9970720  -2.31489361
   6    1.9971333  -2.30842585
   7    1.9884153  -1.06428544
   8    1.9749192  -0.56709749
   9    1.9749135  -0.56629059
  10    1.1950892  -0.25277919
  11    0.8049108  -0.18855402
  12    0.0250865  -0.03138778
  13    0.0250808  -0.03138880
  14    0.0115847  -0.02288661
  15    0.0028667  -0.01438578
  16    0.0029280  -0.01441079
  17    0.0048747  -0.02869062
  18    0.0020867  -0.01326882
  19    0.0002054  -0.00697136
  20    0.0000554  -0.00540498
 
----------------
 Final Energies 
----------------
Final NOF Total Energy =    -274.7349961
 
Total Orbital Internal Iterations = 1920
Total Occupation Internal Iterations = 64
 
Elapsed time: 1762.57 Seconds

---------------------------------
   Lowdin Population Analysis    
---------------------------------
 Idx  Atom   Population   Charge 
---------------------------------
  1    Mg    11.942       0.058
  2     O     8.058      -0.058

---------------------------------
   M Diagnostic: 0.80
---------------------------------

Recovering execution output...
Moving from /scratch/pobleyef/166691 to /home-nas/pobleyef/Poison-Set/ncwo1/P30-5/GNOF/arina.166691
mkdir -p /home-nas/pobleyef/Poison-Set/ncwo1/P30-5/GNOF/arina.166691
mv /scratch/pobleyef/166691/* /home-nas/pobleyef/Poison-Set/ncwo1/P30-5/GNOF/arina.166691
