ALKBDE10-mgo
/software/eb2024/easybuild/software/common/software/Julia/1.11.3-linux-x86_64/bin/julia
Job runing on na13
Choosing scratch ...
Automatic scratch folder selection
/scratch/pobleyef/283176
/scratch/pobleyef/283176 directory
cp ALKBDE10-mgo.jl ALKBDE10-mgo.jld2 to  /scratch/pobleyef/283176/.
ALKBDE10-mgo_C.jld2 not found
ALKBDE10-mgo_n.jld2 not found
Computing Integrals
Basis Set                                            = def2-qzvp
Auxiliary Basis Set                                  = def2-universal-jkfit
Gaussian Type                                        = Spherical
Elapsed time:    5.70 Seconds

Number of basis functions                   (NBF)    = 108
Number of auxiliary basis functions         (NBFAUX) = 189
Inactive Doubly occupied orbitals up to     (NO1)    = 0
No. considered Strongly Doubly occupied MOs (NDOC)   = 10
No. considered Strongly Singly occupied MOs (NSOC)   = 0
NO. of Weakly occ. per St. Doubly occ.  MOs (NCWO)   = 1
Dimension of the Nat. Orb. subspace         (NBF5)   = 20
No. of electrons                                     = 20
    No. of alpha electrons                           = 10
    No. of beta electrons                            = 10
Multiplicity                                         = 1

Geometry
========
Mg       0.0000000       0.0000000       0.8639034
 O       0.0000000       0.0000000      -0.8639034

No violations of the orthonormality
No violations of the orthonormality
 
PNOF8/ADABelief Calculation
==================
 
  Nitext  Nit_orb  Time   Nit_occ  Time         Eelec          Etot           Ediff      maxdiff    MaxGrad_orb  Grad_occ
     1      10    2.4e+01    4    2.0e+01  -299.84998794  -270.44802699 -10298.84998794   0.723468   2.9e+00   2.5e-04 0.00
     2      10    7.2e+00    7    2.1e-03  -302.61838224  -273.21642129    -2.76839430   0.270581   1.1e+00   1.8e-04 0.01
     3      10    7.0e+00    9    2.0e-02  -303.62046608  -274.21850513    -1.00208384   0.198687   7.9e-01   1.2e-04 0.02
     4      10    6.9e+00    7    5.3e-03  -303.95501375  -274.55305280    -0.33454767   0.243938   9.8e-01   1.5e-04 0.03
     5      10    7.2e+00    5    2.3e-03  -304.01694081  -274.61497986    -0.06192706   0.231199   9.2e-01   8.1e-05 0.04
     6      10    7.2e+00    5    7.7e-02  -304.03724371  -274.63528275    -0.02030290   0.272130   1.1e+00   2.0e-04 0.05
     7      10    7.3e+00    4    1.6e-03  -304.05209085  -274.65012990    -0.01484715   0.248067   9.9e-01   2.3e-04 0.05
     8      10    7.0e+00    0    1.3e-02  -304.05302198  -274.65106103    -0.00093113   0.248067   9.9e-01   2.3e-04 0.05
     9      30    2.1e+01    5    2.1e-03  -304.10785117  -274.70589021    -0.05482919   0.018362   7.3e-02   1.8e-04 0.05
    10      30    2.3e+01    5    6.1e-03  -304.11676797  -274.71480702    -0.00891681   0.016925   6.8e-02   1.8e-04 0.05
    11      30    2.1e+01    5    1.5e-02  -304.12052704  -274.71856608    -0.00375906   0.018208   7.3e-02   1.0e-04 0.05
    12      30    2.1e+01    5    1.2e-02  -304.12238688  -274.72042593    -0.00185984   0.012434   5.0e-02   8.7e-05 0.05
    13      30    2.2e+01    3    1.3e-02  -304.12334360  -274.72138265    -0.00095673   0.014042   5.6e-02   8.5e-05 0.05
    14      30    2.2e+01    3    1.9e-03  -304.12350965  -274.72154870    -0.00016605   0.014519   5.8e-02   1.5e-04 0.05
    15      30    2.1e+01    2    5.4e-03  -304.12378669  -274.72182574    -0.00027704   0.012182   4.9e-02   1.8e-04 0.05
    16      30    2.2e+01    0    1.3e-03  -304.12380133  -274.72184038    -0.00001464   0.012182   4.9e-02   1.8e-04 0.05
    17      50    3.7e+01    2    2.0e-03  -304.12479472  -274.72283377    -0.00099339   0.002408   9.6e-03   1.9e-04 0.05
    18      50    3.6e+01    2    2.6e-03  -304.12496281  -274.72300186    -0.00016809   0.001695   6.8e-03   2.1e-04 0.05
    19      50    3.7e+01    1    1.8e-03  -304.12507953  -274.72311858    -0.00011672   0.001547   6.2e-03   2.7e-04 0.05
    20      50    3.5e+01    2    2.4e-02  -304.12511519  -274.72315424    -0.00003566   0.002117   8.5e-03   1.6e-04 0.05
    21      50    3.4e+01    2    1.9e-03  -304.12516684  -274.72320588    -0.00005165   0.001835   7.3e-03   1.8e-04 0.05
    22      50    3.6e+01    1    2.5e-03  -304.12518032  -274.72321937    -0.00001348   0.002067   8.3e-03   1.9e-04 0.05
    23      50    3.5e+01    2    3.2e-02  -304.12520265  -274.72324170    -0.00002233   0.001499   6.0e-03   1.9e-04 0.05
    24      50    3.7e+01    0    3.4e-02  -304.12520421  -274.72324325    -0.00000156   0.001499   6.0e-03   1.9e-04 0.05
    25      50    3.6e+01    0    5.3e-03  -304.12522851  -274.72326756    -0.00002431   0.000483   1.9e-03   1.6e-04 0.05
 
RESULTS OF THE OCCUPATION OPTIMIZATION
========================================
   1    1.9999491  -49.06774333
   2    1.9997875  -20.49864155
   3    1.9979235  -3.79981056
   4    1.9955647  -2.31504376
   5    1.9970810  -2.31466737
   6    1.9971013  -2.31265811
   7    1.9897914  -1.13513334
   8    1.9712298  -0.40238977
   9    1.9712361  -0.40212429
  10    1.9526605  -0.36306612
  11    0.0473395  -0.04776386
  12    0.0287639  -0.03047985
  13    0.0287702  -0.03049351
  14    0.0102086  -0.02467560
  15    0.0028987  -0.01449054
  16    0.0029190  -0.01453917
  17    0.0044353  -0.02746594
  18    0.0020765  -0.01323731
  19    0.0002125  -0.00710697
  20    0.0000509  -0.00513346
 
----------------
 Final Energies 
----------------
Final NOF Total Energy =    -274.7232676
 
Total Orbital Internal Iterations = 770
Total Occupation Internal Iterations = 81
 
Elapsed time:  605.50 Seconds

---------------------------------
   Lowdin Population Analysis    
---------------------------------
 Idx  Atom   Population   Charge 
---------------------------------
  1    Mg    11.718       0.282
  2     O     8.282      -0.282

---------------------------------
   M Diagnostic: 0.05
---------------------------------

Recovering execution output...
Moving from /scratch/pobleyef/283176 to /home-nas/pobleyef/Poison-NOF/ncwo1/P30-5/GNOF/arina.283176
mkdir -p /home-nas/pobleyef/Poison-NOF/ncwo1/P30-5/GNOF/arina.283176
mv /scratch/pobleyef/283176/* /home-nas/pobleyef/Poison-NOF/ncwo1/P30-5/GNOF/arina.283176
