b
/software/eb2024/easybuild/software/common/software/Julia/1.11.3-linux-x86_64/bin/julia
Job runing on nh039
Choosing scratch ...
Automatic scratch folder selection
/scratch/pobleyef/166699
/scratch/pobleyef/166699 directory
cp b.jl b.jld2 to  /scratch/pobleyef/166699/.
Computing Integrals
Elapsed time:    5.87 Seconds

Number of basis functions                   (NBF)    = 57
Number of auxiliary basis functions         (NBFAUX) = 75
Inactive Doubly occupied orbitals up to     (NO1)    = 0
No. considered Strongly Doubly occupied MOs (NDOC)   = 2
No. considered Strongly Singly occupied MOs (NSOC)   = 1
NO. of Weakly occ. per St. Doubly occ.  MOs (NCWO)   = 1
Dimension of the Nat. Orb. subspace         (NBF5)   = 5
No. of electrons                                     = 5
    No. of alpha electrons                           = 3
    No. of beta electrons                            = 2
Multiplicity                                         = 2

Geometry
========
 B       0.0000000       0.0000000       0.0000000

No violations of the orthonormality
No violations of the orthonormality
 
PNOF8/ADABelief Calculation
==================
 
  Nitext  Nit_orb  Time   Nit_occ  Time         Eelec          Etot           Ediff      maxdiff    MaxGrad_orb  Grad_occ
     1      10    2.8e+01    3    3.5e+01   -24.57571383   -24.57571383 -10023.57571383   0.006293   2.5e-02   4.4e-05 0.08
     2      20    1.4e-02    1    5.0e-04   -24.57844815   -24.57844815    -0.00273432   0.001496   6.0e-03   1.2e-04 0.08
     3      20    5.3e-02    0    3.3e-04   -24.57849682   -24.57849682    -0.00004867   0.001496   6.0e-03   1.2e-04 0.08
     4      29    1.8e-02    1    4.1e-04   -24.57852769   -24.57852769    -0.00003087   0.000488   2.0e-03   9.1e-05 0.08
 
RESULTS OF THE OCCUPATION OPTIMIZATION
========================================
   1    1.9991651  -7.69056903
   2    1.9233482  -0.49843008
   3    1.0000000  -0.15935450
   4    0.0766518  -0.03093108
   5    0.0008349  -0.01032853
 
----------------
 Final Energies 
----------------
Final NOF Total Energy =     -24.5785277
 
Total Orbital Internal Iterations = 79
Total Occupation Internal Iterations = 5
 
Elapsed time:   82.39 Seconds

---------------------------------
   Lowdin Population Analysis    
---------------------------------
 Idx  Atom   Population   Charge 
---------------------------------
  1     B     5.000      -0.000

---------------------------------
   M Diagnostic: 0.08
---------------------------------

Recovering execution output...
Moving from /scratch/pobleyef/166699 to /home-nas/pobleyef/Poison-Set/ncwo1/P30-5/GNOF/arina.166699
mkdir -p /home-nas/pobleyef/Poison-Set/ncwo1/P30-5/GNOF/arina.166699
mv /scratch/pobleyef/166699/* /home-nas/pobleyef/Poison-Set/ncwo1/P30-5/GNOF/arina.166699
