be
/software/eb2024/easybuild/software/common/software/Julia/1.11.3-linux-x86_64/bin/julia
Job runing on nagpu01
Choosing scratch ...
Automatic scratch folder selection
/scratch/pobleyef/166693
/scratch/pobleyef/166693 directory
cp be.jl be.jld2 to  /scratch/pobleyef/166693/.
Computing Integrals
Elapsed time:    3.39 Seconds

Number of basis functions                   (NBF)    = 36
Number of auxiliary basis functions         (NBFAUX) = 51
Inactive Doubly occupied orbitals up to     (NO1)    = 0
No. considered Strongly Doubly occupied MOs (NDOC)   = 2
No. considered Strongly Singly occupied MOs (NSOC)   = 0
NO. of Weakly occ. per St. Doubly occ.  MOs (NCWO)   = 1
Dimension of the Nat. Orb. subspace         (NBF5)   = 4
No. of electrons                                     = 4
    No. of alpha electrons                           = 2
    No. of beta electrons                            = 2
Multiplicity                                         = 1

Geometry
========
Be       0.0000000       0.0000000       0.0000000

No violations of the orthonormality
No violations of the orthonormality
 
PNOF8/ADABelief Calculation
==================
 
  Nitext  Nit_orb  Time   Nit_occ  Time         Eelec          Etot           Ediff      maxdiff    MaxGrad_orb  Grad_occ
     1      10    1.6e+01    0    1.9e+01   -14.60602733   -14.60602733 -10013.60602733   0.000881   3.5e-03   1.2e-04 0.07
 
RESULTS OF THE OCCUPATION OPTIMIZATION
========================================
   1    1.9986409  -4.73574998
   2    1.9330125  -0.31298108
   3    0.0669875  -0.01933308
   4    0.0013591  -0.01027280
 
----------------
 Final Energies 
----------------
Final NOF Total Energy =     -14.6060273
 
Total Orbital Internal Iterations = 10
Total Occupation Internal Iterations = 0
 
Elapsed time:   46.41 Seconds

---------------------------------
   Lowdin Population Analysis    
---------------------------------
 Idx  Atom   Population   Charge 
---------------------------------
  1    Be     4.000       0.000

---------------------------------
   M Diagnostic: 0.07
---------------------------------

Recovering execution output...
Moving from /scratch/pobleyef/166693 to /home-nas/pobleyef/Poison-Set/ncwo1/P30-5/GNOF/arina.166693
mkdir -p /home-nas/pobleyef/Poison-Set/ncwo1/P30-5/GNOF/arina.166693
mv /scratch/pobleyef/166693/* /home-nas/pobleyef/Poison-Set/ncwo1/P30-5/GNOF/arina.166693
