BH76_1_n2ohts
/software/eb2024/easybuild/software/common/software/Julia/1.11.3-linux-x86_64/bin/julia
Job runing on nagpu01
Choosing scratch ...
Automatic scratch folder selection
/scratch/pobleyef/166695
/scratch/pobleyef/166695 directory
cp BH76_1_n2ohts.jl BH76_1_n2ohts.jld2 to  /scratch/pobleyef/166695/.
Computing Integrals
Elapsed time:   12.16 Seconds

Number of basis functions                   (NBF)    = 201
Number of auxiliary basis functions         (NBFAUX) = 249
Inactive Doubly occupied orbitals up to     (NO1)    = 0
No. considered Strongly Doubly occupied MOs (NDOC)   = 11
No. considered Strongly Singly occupied MOs (NSOC)   = 1
NO. of Weakly occ. per St. Doubly occ.  MOs (NCWO)   = 1
Dimension of the Nat. Orb. subspace         (NBF5)   = 23
No. of electrons                                     = 23
    No. of alpha electrons                           = 12
    No. of beta electrons                            = 11
Multiplicity                                         = 2

Geometry
========
 H      -0.2690454      -1.5391876       0.0000000
 O      -0.8267685      -0.2299978       0.0000000
 N       0.0342399       0.6485534       0.0000000
 N       1.0615740       1.1206319       0.0000000

No violations of the orthonormality
No violations of the orthonormality
 
PNOF8/ADABelief Calculation
==================
 
  Nitext  Nit_orb  Time   Nit_occ  Time         Eelec          Etot           Ediff      maxdiff    MaxGrad_orb  Grad_occ
     1      10    6.7e+01    0    2.0e+01  -250.36403569  -184.67779387 -10249.36403569   0.021458   8.6e-02   1.5e-04 0.04
     2      30    1.7e+02    5    2.0e-01  -250.36557980  -184.67933797    -0.00154411   0.005324   2.1e-02   1.2e-04 0.04
     3      30    1.8e+02    3    5.5e-02  -250.36581983  -184.67957801    -0.00024003   0.006009   2.4e-02   1.2e-04 0.04
     4      30    1.8e+02    0    2.0e-02  -250.36590070  -184.67965888    -0.00008087   0.006009   2.4e-02   1.2e-04 0.04
     5      48    2.8e+02    3    1.6e-02  -250.36637475  -184.68013292    -0.00047404   0.000575   2.3e-03   1.4e-04 0.04
 
RESULTS OF THE OCCUPATION OPTIMIZATION
========================================
   1    1.9998425  -20.69344076
   2    1.9996362  -15.81824659
   3    1.9997591  -15.70973129
   4    1.9936158  -1.42439011
   5    1.9917586  -1.24367947
   6    1.9797926  -0.97978854
   7    1.9693804  -0.92894039
   8    1.9879776  -0.73805673
   9    1.9879176  -0.73741827
  10    1.9579349  -0.61865755
  11    1.9572465  -0.60666066
  12    1.0000000  -0.17995234
  13    0.0427535  -0.06012217
  14    0.0420651  -0.05884677
  15    0.0120824  -0.01934375
  16    0.0120224  -0.01895169
  17    0.0306196  -0.05356646
  18    0.0202074  -0.03594908
  19    0.0082414  -0.01929629
  20    0.0063842  -0.01756565
  21    0.0002409  -0.00636626
  22    0.0003638  -0.00909273
  23    0.0001575  -0.00561772
 
----------------
 Final Energies 
----------------
Final NOF Total Energy =    -184.6801329
 
Total Orbital Internal Iterations = 148
Total Occupation Internal Iterations = 11
 
Elapsed time:  932.58 Seconds

---------------------------------
   Lowdin Population Analysis    
---------------------------------
 Idx  Atom   Population   Charge 
---------------------------------
  1     H     1.201      -0.201
  2     O     7.805       0.195
  3     N     7.092      -0.092
  4     N     6.902       0.098

---------------------------------
   M Diagnostic: 0.04
---------------------------------

Recovering execution output...
Moving from /scratch/pobleyef/166695 to /home-nas/pobleyef/Poison-Set/ncwo1/P30-5/GNOF/arina.166695
mkdir -p /home-nas/pobleyef/Poison-Set/ncwo1/P30-5/GNOF/arina.166695
mv /scratch/pobleyef/166695/* /home-nas/pobleyef/Poison-Set/ncwo1/P30-5/GNOF/arina.166695
