BH76_9_hf
/software/eb2024/easybuild/software/common/software/Julia/1.11.3-linux-x86_64/bin/julia
Job runing on nh005
Choosing scratch ...
Automatic scratch folder selection
/scratch/pobleyef/166698
/scratch/pobleyef/166698 directory
cp BH76_9_hf.jl BH76_9_hf.jld2 to  /scratch/pobleyef/166698/.
Computing Integrals
Elapsed time:    6.35 Seconds

Number of basis functions                   (NBF)    = 87
Number of auxiliary basis functions         (NBFAUX) = 95
Inactive Doubly occupied orbitals up to     (NO1)    = 0
No. considered Strongly Doubly occupied MOs (NDOC)   = 5
No. considered Strongly Singly occupied MOs (NSOC)   = 0
NO. of Weakly occ. per St. Doubly occ.  MOs (NCWO)   = 1
Dimension of the Nat. Orb. subspace         (NBF5)   = 10
No. of electrons                                     = 10
    No. of alpha electrons                           = 5
    No. of beta electrons                            = 5
Multiplicity                                         = 1

Geometry
========
 F       0.0000000       0.0000000       0.4576912
 H       0.0000000       0.0000000      -0.4576912

No violations of the orthonormality
No violations of the orthonormality
 
PNOF8/ADABelief Calculation
==================
 
  Nitext  Nit_orb  Time   Nit_occ  Time         Eelec          Etot           Ediff      maxdiff    MaxGrad_orb  Grad_occ
     1      10    2.9e+01    3    3.5e+01  -105.43646362  -100.23362716 -10104.43646362   0.196893   7.9e-01   1.4e-04 0.03
     2      10    2.3e-02    0    1.2e-03  -105.43814910  -100.23531264    -0.00168548   0.196893   7.9e-01   1.4e-04 0.03
     3      30    9.2e-02    3    1.0e-03  -105.45360618  -100.25076972    -0.01545708   0.003724   1.5e-02   3.6e-05 0.03
     4      30    6.5e-02    1    8.9e-04  -105.45366567  -100.25082921    -0.00005949   0.004592   1.8e-02   1.1e-04 0.03
     5      30    6.4e-02    1    8.2e-04  -105.45369880  -100.25086234    -0.00003313   0.005671   2.3e-02   1.5e-04 0.03
     6      30    6.3e-02    2    8.6e-04  -105.45386989  -100.25103343    -0.00017109   0.005215   2.1e-02   8.6e-05 0.03
     7      30    6.2e-02    1    7.8e-04  -105.45403967  -100.25120321    -0.00016978   0.004078   1.6e-02   1.2e-04 0.03
     8      30    6.3e-02    1    1.0e-03  -105.45419240  -100.25135595    -0.00015273   0.003477   1.4e-02   1.7e-04 0.03
     9      30    6.3e-02    3    1.4e-03  -105.45426539  -100.25142893    -0.00007299   0.004130   1.7e-02   6.1e-05 0.03
    10      30    6.3e-02    1    8.1e-04  -105.45436243  -100.25152598    -0.00009704   0.003152   1.3e-02   1.2e-04 0.03
    11      30    6.2e-02    3    8.5e-04  -105.45437790  -100.25154144    -0.00001546   0.003592   1.4e-02   4.2e-05 0.03
    12      30    6.3e-02    1    8.0e-04  -105.45443802  -100.25160156    -0.00006012   0.003690   1.5e-02   9.7e-05 0.03
    13      30    6.3e-02    0    7.7e-04  -105.45444191  -100.25160545    -0.00000389   0.003690   1.5e-02   9.7e-05 0.03
    14      39    8.0e-02    1    8.4e-04  -105.45450938  -100.25167292    -0.00006746   0.000490   2.0e-03   1.3e-04 0.03
 
RESULTS OF THE OCCUPATION OPTIMIZATION
========================================
   1    1.9998634  -26.34251177
   2    1.9927323  -1.54300910
   3    1.9728864  -0.85717417
   4    1.9852647  -0.69761622
   5    1.9852211  -0.69568135
   6    0.0147789  -0.02402521
   7    0.0147353  -0.02402519
   8    0.0271136  -0.04106157
   9    0.0072677  -0.02397841
  10    0.0001366  -0.00601406
 
----------------
 Final Energies 
----------------
Final NOF Total Energy =    -100.2516729
 
Total Orbital Internal Iterations = 389
Total Occupation Internal Iterations = 21
 
Elapsed time:   84.61 Seconds

---------------------------------
   Lowdin Population Analysis    
---------------------------------
 Idx  Atom   Population   Charge 
---------------------------------
  1     F     8.502       0.498
  2     H     1.498      -0.498

---------------------------------
   M Diagnostic: 0.03
---------------------------------

Recovering execution output...
Moving from /scratch/pobleyef/166698 to /home-nas/pobleyef/Poison-Set/ncwo1/P30-5/GNOF/arina.166698
mkdir -p /home-nas/pobleyef/Poison-Set/ncwo1/P30-5/GNOF/arina.166698
mv /scratch/pobleyef/166698/* /home-nas/pobleyef/Poison-Set/ncwo1/P30-5/GNOF/arina.166698
