Computing Integrals
Basis Set                                            = def2-qzvp
Auxiliary Basis Set                                  = def2-universal-jkfit
Gaussian Type                                        = Spherical
Elapsed time:    5.16 Seconds

Number of basis functions                   (NBF)    = 144
Number of auxiliary basis functions         (NBFAUX) = 172
Inactive Doubly occupied orbitals up to     (NO1)    = 0
No. considered Strongly Doubly occupied MOs (NDOC)   = 9
No. considered Strongly Singly occupied MOs (NSOC)   = 1
NO. of Weakly occ. per St. Doubly occ.  MOs (NCWO)   = 1
Dimension of the Nat. Orb. subspace         (NBF5)   = 19
No. of electrons                                     = 19
    No. of alpha electrons                           = 10
    No. of beta electrons                            = 9
Multiplicity                                         = 2

Geometry
========
 H       0.0000000       0.0000000      -1.5701571
 F       0.0000000       0.0000000       0.0449024
 F       0.0000000       0.0000000       1.5252546

No violations of the orthonormality
No violations of the orthonormality
 
PNOF8/ADABelief Calculation
==================
 
  Nitext  Nit_orb  Time   Nit_occ  Time         Eelec          Etot           Ediff      maxdiff    MaxGrad_orb  Grad_occ
     1      10    5.4e+01    0    2.4e+01  -233.06619475  -199.62396323 -10232.06619475   0.000469   1.9e-03   1.2e-04 0.05
 
RESULTS OF THE OCCUPATION OPTIMIZATION
========================================
   1    1.9998705  -26.46125571
   2    1.9998637  -26.44598180
   3    1.9931932  -1.54261924
   4    1.9924696  -1.43986212
   5    1.9881363  -0.85543064
   6    1.9877306  -0.83819156
   7    1.9872203  -0.82198767
   8    1.9866852  -0.79604411
   9    1.9487740  -0.79111264
  10    1.0000000  -0.25006154
  11    0.0512260  -0.08967974
  12    0.0133148  -0.02406623
  13    0.0127797  -0.02439255
  14    0.0122694  -0.02353159
  15    0.0118637  -0.02377453
  16    0.0075304  -0.02166729
  17    0.0068068  -0.02216986
  18    0.0001363  -0.00609164
  19    0.0001295  -0.00583554
 
----------------
 Final Energies 
----------------
Final NOF Total Energy =    -199.6239632
 
Total Orbital Internal Iterations = 10
Total Occupation Internal Iterations = 0
 
Elapsed time:   92.30 Seconds

---------------------------------
   Lowdin Population Analysis    
---------------------------------
 Idx  Atom   Population   Charge 
---------------------------------
  1     H     1.015      -0.015
  2     F     8.970       0.030
  3     F     9.015      -0.015

---------------------------------
   M Diagnostic: 0.05
---------------------------------

