Computing Integrals
Basis Set                                            = def2-qzvp
Auxiliary Basis Set                                  = def2-universal-jkfit
Gaussian Type                                        = Spherical
Elapsed time:    2.51 Seconds

Number of basis functions                   (NBF)    = 114
Number of auxiliary basis functions         (NBFAUX) = 154
Inactive Doubly occupied orbitals up to     (NO1)    = 0
No. considered Strongly Doubly occupied MOs (NDOC)   = 7
No. considered Strongly Singly occupied MOs (NSOC)   = 0
NO. of Weakly occ. per St. Doubly occ.  MOs (NCWO)   = 1
Dimension of the Nat. Orb. subspace         (NBF5)   = 14
No. of electrons                                     = 14
    No. of alpha electrons                           = 7
    No. of beta electrons                            = 7
Multiplicity                                         = 1

Geometry
========
 N       0.0000000       0.0000000       0.5485557
 N       0.0000000       0.0000000      -0.5485557

No violations of the orthonormality
No violations of the orthonormality
 
PNOF8/ADABelief Calculation
==================
 
  Nitext  Nit_orb  Time   Nit_occ  Time         Eelec          Etot           Ediff      maxdiff    MaxGrad_orb  Grad_occ
     1      10    3.1e+01    0    2.4e+01  -132.91462300  -109.28016873 -10131.91462300   0.000475   1.9e-03   1.8e-04 0.04
 
RESULTS OF THE OCCUPATION OPTIMIZATION
========================================
   1    1.9997782  -15.67118715
   2    1.9997831  -15.67101891
   3    1.9913296  -1.05420112
   4    1.9907210  -1.00395029
   5    1.9785411  -0.84730422
   6    1.9580610  -0.62461297
   7    1.9580418  -0.62457871
   8    0.0419582  -0.05126091
   9    0.0419390  -0.05126292
  10    0.0214589  -0.03650068
  11    0.0092790  -0.01904988
  12    0.0086704  -0.01861035
  13    0.0002169  -0.00590805
  14    0.0002218  -0.00602234
 
----------------
 Final Energies 
----------------
Final NOF Total Energy =    -109.2801687
 
Total Orbital Internal Iterations = 10
Total Occupation Internal Iterations = 0
 
Elapsed time:   68.55 Seconds

---------------------------------
   Lowdin Population Analysis    
---------------------------------
 Idx  Atom   Population   Charge 
---------------------------------
  1     N     7.001      -0.001
  2     N     6.999       0.001

---------------------------------
   M Diagnostic: 0.04
---------------------------------

