BH76_9_hf2ts
/software/eb2024/easybuild/software/common/software/Julia/1.11.3-linux-x86_64/bin/julia
Job runing on nh003
Choosing scratch ...
Automatic scratch folder selection
/scratch/pobleyef/166697
/scratch/pobleyef/166697 directory
cp BH76_9_hf2ts.jl BH76_9_hf2ts.jld2 to  /scratch/pobleyef/166697/.
Computing Integrals
Elapsed time:    6.21 Seconds

Number of basis functions                   (NBF)    = 144
Number of auxiliary basis functions         (NBFAUX) = 172
Inactive Doubly occupied orbitals up to     (NO1)    = 0
No. considered Strongly Doubly occupied MOs (NDOC)   = 9
No. considered Strongly Singly occupied MOs (NSOC)   = 1
NO. of Weakly occ. per St. Doubly occ.  MOs (NCWO)   = 1
Dimension of the Nat. Orb. subspace         (NBF5)   = 19
No. of electrons                                     = 19
    No. of alpha electrons                           = 10
    No. of beta electrons                            = 9
Multiplicity                                         = 2

Geometry
========
 H       0.0000000       0.0000000      -1.5701571
 F       0.0000000       0.0000000       0.0449024
 F       0.0000000       0.0000000       1.5252546

No violations of the orthonormality
No violations of the orthonormality
 
PNOF8/ADABelief Calculation
==================
 
  Nitext  Nit_orb  Time   Nit_occ  Time         Eelec          Etot           Ediff      maxdiff    MaxGrad_orb  Grad_occ
     1      10    2.9e+01    6    3.4e+01  -232.97681270  -199.53458117 -10231.97681270   0.025023   1.0e-01   9.5e-05 0.06
     2      20    2.0e+00    4    6.8e-02  -233.05620893  -199.61397740    -0.07939623   0.010683   4.3e-02   1.2e-04 0.05
     3      20    1.5e+00    6    3.5e-02  -233.06364804  -199.62141652    -0.00743912   0.007682   3.1e-02   1.0e-04 0.05
     4      20    1.9e+00    4    6.4e-02  -233.06463799  -199.62240647    -0.00098995   0.010949   4.4e-02   1.8e-04 0.05
     5      20    1.5e+00    0    7.5e-02  -233.06475076  -199.62251924    -0.00011277   0.010949   4.4e-02   1.8e-04 0.05
     6      40    3.2e+00    2    8.0e-02  -233.06539910  -199.62316758    -0.00064834   0.000587   2.3e-03   2.2e-04 0.05
 
RESULTS OF THE OCCUPATION OPTIMIZATION
========================================
   1    1.9998579  -26.46063873
   2    1.9998588  -26.44573966
   3    1.9900428  -1.11925798
   4    1.9895682  -1.06417034
   5    1.9895506  -1.04934419
   6    1.9893060  -1.03237669
   7    1.9891898  -1.02020134
   8    1.9891594  -1.00441859
   9    1.9486724  -0.79246849
  10    1.0000000  -0.25003788
  11    0.0513276  -0.08988816
  12    0.0108406  -0.02345094
  13    0.0108102  -0.02365617
  14    0.0106940  -0.02359243
  15    0.0104494  -0.02335292
  16    0.0104318  -0.02348633
  17    0.0099572  -0.02320324
  18    0.0001412  -0.00627032
  19    0.0001421  -0.00628491
 
----------------
 Final Energies 
----------------
Final NOF Total Energy =    -199.6231676
 
Total Orbital Internal Iterations = 130
Total Occupation Internal Iterations = 22
 
Elapsed time:   92.87 Seconds

---------------------------------
   Lowdin Population Analysis    
---------------------------------
 Idx  Atom   Population   Charge 
---------------------------------
  1     H     1.016      -0.016
  2     F     8.969       0.031
  3     F     9.015      -0.015

---------------------------------
   M Diagnostic: 0.05
---------------------------------

Recovering execution output...
Moving from /scratch/pobleyef/166697 to /home-nas/pobleyef/Poison-Set/ncwo1/P30-5/GNOF/arina.166697
mkdir -p /home-nas/pobleyef/Poison-Set/ncwo1/P30-5/GNOF/arina.166697
mv /scratch/pobleyef/166697/* /home-nas/pobleyef/Poison-Set/ncwo1/P30-5/GNOF/arina.166697
