cl
/software/eb2024/easybuild/software/common/software/Julia/1.11.3-linux-x86_64/bin/julia
Job runing on nh042
Choosing scratch ...
Automatic scratch folder selection
/scratch/pobleyef/166702
/scratch/pobleyef/166702 directory
cp cl.jl cl.jld2 to  /scratch/pobleyef/166702/.
Computing Integrals
Elapsed time:    6.02 Seconds

Number of basis functions                   (NBF)    = 70
Number of auxiliary basis functions         (NBFAUX) = 128
Inactive Doubly occupied orbitals up to     (NO1)    = 0
No. considered Strongly Doubly occupied MOs (NDOC)   = 8
No. considered Strongly Singly occupied MOs (NSOC)   = 1
NO. of Weakly occ. per St. Doubly occ.  MOs (NCWO)   = 1
Dimension of the Nat. Orb. subspace         (NBF5)   = 17
No. of electrons                                     = 17
    No. of alpha electrons                           = 9
    No. of beta electrons                            = 8
Multiplicity                                         = 2

Geometry
========
Cl       0.0000000       0.0000000       0.0000000

No violations of the orthonormality
No violations of the orthonormality
 
PNOF8/ADABelief Calculation
==================
 
  Nitext  Nit_orb  Time   Nit_occ  Time         Eelec          Etot           Ediff      maxdiff    MaxGrad_orb  Grad_occ
     1      10    2.7e+01    4    3.4e+01  -459.65250620  -459.65250620 -10458.65250620   0.016923   6.8e-02   1.4e-04 0.03
     2      20    1.0e-01    4    1.7e-03  -459.72275708  -459.72275708    -0.07025088   0.047664   1.9e-01   9.4e-05 0.03
     3      20    5.0e-02    4    1.5e-03  -459.73329203  -459.73329203    -0.01053495   0.051674   2.1e-01   1.1e-04 0.02
     4      20    5.2e-02    4    1.5e-03  -459.73721031  -459.73721031    -0.00391828   0.043218   1.7e-01   1.0e-04 0.02
     5      20    5.1e-02    3    1.5e-03  -459.73996100  -459.73996100    -0.00275069   0.046181   1.8e-01   1.5e-04 0.02
     6      20    6.5e-02    2    1.4e-03  -459.74115737  -459.74115737    -0.00119637   0.046445   1.9e-01   8.5e-05 0.02
     7      20    5.5e-02    2    1.3e-03  -459.74173270  -459.74173270    -0.00057534   0.055961   2.2e-01   1.2e-04 0.02
     8      20    4.9e-02    2    6.8e-03  -459.74233712  -459.74233712    -0.00060441   0.051796   2.1e-01   1.5e-04 0.02
     9      20    5.2e-02    2    1.3e-03  -459.74307246  -459.74307246    -0.00073535   0.042222   1.7e-01   1.8e-04 0.02
    10      20    5.1e-02    0    9.9e-04  -459.74307897  -459.74307897    -0.00000650   0.042222   1.7e-01   1.8e-04 0.02
    11      40    1.1e-01    2    1.7e-03  -459.74581121  -459.74581121    -0.00273224   0.004508   1.8e-02   1.6e-04 0.02
    12      40    1.1e-01    1    1.3e-03  -459.74597669  -459.74597669    -0.00016548   0.007176   2.9e-02   1.3e-04 0.02
    13      40    1.2e-01    1    6.6e-03  -459.74640388  -459.74640388    -0.00042719   0.005792   2.3e-02   1.6e-04 0.02
    14      40    1.0e-01    1    1.1e-03  -459.74680919  -459.74680919    -0.00040531   0.005662   2.3e-02   1.7e-04 0.02
    15      40    1.2e-01    2    1.4e-03  -459.74729356  -459.74729356    -0.00048437   0.005737   2.3e-02   1.8e-04 0.02
    16      40    1.1e-01    2    1.5e-03  -459.74780325  -459.74780325    -0.00050969   0.005254   2.1e-02   1.8e-04 0.02
    17      40    1.0e-01    3    1.4e-03  -459.74832200  -459.74832200    -0.00051875   0.006005   2.4e-02   5.5e-05 0.02
    18      40    1.0e-01    1    1.3e-03  -459.74874235  -459.74874235    -0.00042035   0.005898   2.4e-02   2.0e-04 0.02
    19      40    9.6e-02    3    7.0e-03  -459.74906586  -459.74906586    -0.00032352   0.005807   2.3e-02   2.6e-05 0.02
    20      40    1.1e-01    2    1.7e-03  -459.74932193  -459.74932193    -0.00025607   0.005980   2.4e-02   1.3e-04 0.02
    21      40    1.0e-01    3    1.6e-03  -459.74949722  -459.74949722    -0.00017529   0.006288   2.5e-02   1.3e-05 0.02
    22      40    1.0e-01    2    1.8e-03  -459.74964913  -459.74964913    -0.00015191   0.006698   2.7e-02   1.4e-04 0.02
    23      40    1.0e-01    2    1.3e-03  -459.74972980  -459.74972980    -0.00008067   0.006429   2.6e-02   1.9e-04 0.02
    24      40    1.0e-01    2    1.4e-03  -459.74981361  -459.74981361    -0.00008381   0.006629   2.7e-02   2.0e-04 0.02
    25      40    1.0e-01    3    1.6e-03  -459.74984246  -459.74984246    -0.00002885   0.006270   2.5e-02   2.1e-05 0.02
    26      40    1.0e-01    1    1.5e-03  -459.74987142  -459.74987142    -0.00002896   0.006615   2.6e-02   2.0e-04 0.02
    27      40    1.1e-01    2    6.9e-03  -459.74988298  -459.74988298    -0.00001156   0.006357   2.5e-02   1.3e-04 0.02
    28      40    9.7e-02    1    1.2e-03  -459.74989085  -459.74989085    -0.00000787   0.006456   2.6e-02   1.7e-04 0.02
    29      40    9.7e-02    1    5.7e-03  -459.74990587  -459.74990587    -0.00001502   0.006534   2.6e-02   1.7e-04 0.02
    30      40    9.3e-02    0    1.3e-03  -459.74990658  -459.74990658    -0.00000071   0.006534   2.6e-02   1.7e-04 0.02
    31      60    1.6e-01    0    1.2e-03  -459.75000441  -459.75000441    -0.00009784   0.000561   2.2e-03   1.4e-04 0.02
 
RESULTS OF THE OCCUPATION OPTIMIZATION
========================================
   1    1.9999658  -104.92489649
   2    1.9992590  -10.61960613
   3    1.9986963  -8.08094217
   4    1.9990010  -8.07957961
   5    1.9990049  -8.07873459
   6    1.9919376  -1.07886050
   7    1.9793744  -0.50105345
   8    1.9795489  -0.49982530
   9    1.0000000  -0.28763255
  10    0.0204511  -0.02454321
  11    0.0206256  -0.02462745
  12    0.0080624  -0.03073903
  13    0.0009951  -0.01887664
  14    0.0009990  -0.01888471
  15    0.0013037  -0.01861027
  16    0.0007410  -0.01702715
  17    0.0000342  -0.00648313
 
----------------
 Final Energies 
----------------
Final NOF Total Energy =    -459.7500044
 
Total Orbital Internal Iterations = 1050
Total Occupation Internal Iterations = 62
 
Elapsed time:   83.44 Seconds

---------------------------------
   Lowdin Population Analysis    
---------------------------------
 Idx  Atom   Population   Charge 
---------------------------------
  1    Cl    17.000      -0.000

---------------------------------
   M Diagnostic: 0.02
---------------------------------

Recovering execution output...
Moving from /scratch/pobleyef/166702 to /home-nas/pobleyef/Poison-Set/ncwo1/P30-5/GNOF/arina.166702
mkdir -p /home-nas/pobleyef/Poison-Set/ncwo1/P30-5/GNOF/arina.166702
mv /scratch/pobleyef/166702/* /home-nas/pobleyef/Poison-Set/ncwo1/P30-5/GNOF/arina.166702
