Computing Integrals
Basis Set                                            = def2-qzvp
Auxiliary Basis Set                                  = def2-universal-jkfit
Gaussian Type                                        = Spherical
Elapsed time:   24.24 Seconds

Number of basis functions                   (NBF)    = 285
Number of auxiliary basis functions         (NBFAUX) = 383
Inactive Doubly occupied orbitals up to     (NO1)    = 0
No. considered Strongly Doubly occupied MOs (NDOC)   = 21
No. considered Strongly Singly occupied MOs (NSOC)   = 0
NO. of Weakly occ. per St. Doubly occ.  MOs (NCWO)   = 1
Dimension of the Nat. Orb. subspace         (NBF5)   = 42
No. of electrons                                     = 42
    No. of alpha electrons                           = 21
    No. of beta electrons                            = 21
Multiplicity                                         = 1

Geometry
========
 C       0.0000000       0.0000000       0.0000000
 F       0.7665641      -0.7665641       0.7665641
 F      -0.7665641       0.7665641       0.7665641
 F      -0.7665641      -0.7665641      -0.7665641
 F       0.7665641       0.7665641      -0.7665641

No violations of the orthonormality
No violations of the orthonormality
 
PNOF8/ADABelief Calculation
==================
 
  Nitext  Nit_orb  Time   Nit_occ  Time         Eelec          Etot           Ediff      maxdiff    MaxGrad_orb  Grad_occ
     1      10    6.6e+01    0    2.3e+01  -641.37284997  -436.66845263 -10640.37284997   0.000959   3.8e-03   2.9e-04 0.03
 
RESULTS OF THE OCCUPATION OPTIMIZATION
========================================
   1    1.9998595  -26.40992358
   2    1.9998620  -26.40988581
   3    1.9998596  -26.40983265
   4    1.9998607  -26.40980470
   5    1.9994750  -11.56201287
   6    1.9931810  -1.55559285
   7    1.9931438  -1.55494916
   8    1.9931288  -1.55219670
   9    1.9930829  -1.54308466
  10    1.9686911  -0.92442359
  11    1.9686290  -0.92411797
  12    1.9686454  -0.92390623
  13    1.9686802  -0.92350252
  14    1.9884275  -0.86582255
  15    1.9884501  -0.86467776
  16    1.9879940  -0.85723687
  17    1.9876496  -0.84657041
  18    1.9873591  -0.81638474
  19    1.9869071  -0.79286874
  20    1.9864060  -0.78721243
  21    1.9864963  -0.78630504
  22    0.0135037  -0.02420220
  23    0.0135940  -0.02433423
  24    0.0130929  -0.02381136
  25    0.0126409  -0.02380366
  26    0.0123504  -0.02470181
  27    0.0120060  -0.02481213
  28    0.0115499  -0.02444178
  29    0.0115725  -0.02433744
  30    0.0313198  -0.05655063
  31    0.0313546  -0.05665381
  32    0.0313710  -0.05666278
  33    0.0313089  -0.05656459
  34    0.0069171  -0.02091777
  35    0.0068712  -0.02087357
  36    0.0068562  -0.02085141
  37    0.0068190  -0.02072170
  38    0.0005250  -0.00947964
  39    0.0001393  -0.00622476
  40    0.0001404  -0.00627311
  41    0.0001380  -0.00619855
  42    0.0001405  -0.00625338
 
----------------
 Final Energies 
----------------
Final NOF Total Energy =    -436.6684526
 
Total Orbital Internal Iterations = 10
Total Occupation Internal Iterations = 0
 
Elapsed time:  106.49 Seconds

---------------------------------
   Lowdin Population Analysis    
---------------------------------
 Idx  Atom   Population   Charge 
---------------------------------
  1     C     7.554      -1.554
  2     F     8.612       0.388
  3     F     8.611       0.389
  4     F     8.611       0.389
  5     F     8.612       0.388

---------------------------------
   M Diagnostic: 0.03
---------------------------------

