Computing Integrals
Basis Set                                            = def2-qzvp
Auxiliary Basis Set                                  = def2-universal-jkfit
Gaussian Type                                        = Spherical
Elapsed time:    4.93 Seconds

Number of basis functions                   (NBF)    = 171
Number of auxiliary basis functions         (NBFAUX) = 231
Inactive Doubly occupied orbitals up to     (NO1)    = 0
No. considered Strongly Doubly occupied MOs (NDOC)   = 11
No. considered Strongly Singly occupied MOs (NSOC)   = 0
NO. of Weakly occ. per St. Doubly occ.  MOs (NCWO)   = 1
Dimension of the Nat. Orb. subspace         (NBF5)   = 22
No. of electrons                                     = 22
    No. of alpha electrons                           = 11
    No. of beta electrons                            = 11
Multiplicity                                         = 1

Geometry
========
 N       0.0000000       0.0000000      -0.0211861
 N       0.0000000       0.0000000      -1.1424486
 O       0.0000000       0.0000000       1.1636347

No violations of the orthonormality
No violations of the orthonormality
 
PNOF8/ADABelief Calculation
==================
 
  Nitext  Nit_orb  Time   Nit_occ  Time         Eelec          Etot           Ediff      maxdiff    MaxGrad_orb  Grad_occ
     1      10    4.0e+01    0    2.3e+01  -245.21862140  -184.23167291 -10244.21862140   0.000488   2.0e-03   1.5e-04 0.04
 
RESULTS OF THE OCCUPATION OPTIMIZATION
========================================
   1    1.9998284  -20.66985572
   2    1.9996402  -15.81248107
   3    1.9997516  -15.68167939
   4    1.9938656  -1.53733475
   5    1.9919848  -1.23960799
   6    1.9802199  -0.92150391
   7    1.9893164  -0.84157295
   8    1.9714598  -0.74607801
   9    1.9890935  -0.70557353
  10    1.9590081  -0.58907810
  11    1.9589784  -0.57395155
  12    0.0410216  -0.05857713
  13    0.0409919  -0.05867700
  14    0.0109065  -0.01691683
  15    0.0285402  -0.05112444
  16    0.0106836  -0.02220638
  17    0.0197801  -0.03473928
  18    0.0080152  -0.01933489
  19    0.0061344  -0.01509060
  20    0.0002484  -0.00647471
  21    0.0003598  -0.00904003
  22    0.0001716  -0.00612789
 
----------------
 Final Energies 
----------------
Final NOF Total Energy =    -184.2316729
 
Total Orbital Internal Iterations = 10
Total Occupation Internal Iterations = 0
 
Elapsed time:   77.84 Seconds

---------------------------------
   Lowdin Population Analysis    
---------------------------------
 Idx  Atom   Population   Charge 
---------------------------------
  1     N     7.145      -0.145
  2     N     6.946       0.054
  3     O     7.909       0.091

---------------------------------
   M Diagnostic: 0.04
---------------------------------

