G2RC_20_68
/software/eb2024/easybuild/software/common/software/Julia/1.11.3-linux-x86_64/bin/julia
Job runing on nh019
Choosing scratch ...
Automatic scratch folder selection
/scratch/pobleyef/166712
/scratch/pobleyef/166712 directory
cp G2RC_20_68.jl G2RC_20_68.jld2 to  /scratch/pobleyef/166712/.
Computing Integrals
Elapsed time:    6.26 Seconds

Number of basis functions                   (NBF)    = 171
Number of auxiliary basis functions         (NBFAUX) = 231
Inactive Doubly occupied orbitals up to     (NO1)    = 0
No. considered Strongly Doubly occupied MOs (NDOC)   = 11
No. considered Strongly Singly occupied MOs (NSOC)   = 0
NO. of Weakly occ. per St. Doubly occ.  MOs (NCWO)   = 1
Dimension of the Nat. Orb. subspace         (NBF5)   = 22
No. of electrons                                     = 22
    No. of alpha electrons                           = 11
    No. of beta electrons                            = 11
Multiplicity                                         = 1

Geometry
========
 N       0.0000000       0.0000000      -0.0211861
 N       0.0000000       0.0000000      -1.1424486
 O       0.0000000       0.0000000       1.1636347

No violations of the orthonormality
No violations of the orthonormality
 
PNOF8/ADABelief Calculation
==================
 
  Nitext  Nit_orb  Time   Nit_occ  Time         Eelec          Etot           Ediff      maxdiff    MaxGrad_orb  Grad_occ
     1      10    2.9e+01    8    3.4e+01  -245.07783921  -184.09089072 -10244.07783921   0.027426   1.1e-01   5.6e-05 0.04
     2      20    2.4e+00    5    4.3e-02  -245.20629911  -184.21935062    -0.12845990   0.017262   6.9e-02   1.2e-04 0.04
     3      20    2.2e+00    5    3.8e-02  -245.21365496  -184.22670647    -0.00735585   0.008826   3.5e-02   1.8e-04 0.04
     4      20    2.4e+00    5    3.3e-02  -245.21527716  -184.22832866    -0.00162219   0.014044   5.6e-02   1.7e-04 0.04
     5      20    2.4e+00    4    8.8e-03  -245.21584308  -184.22889459    -0.00056592   0.014619   5.8e-02   1.6e-04 0.04
     6      20    2.5e+00    3    4.3e-03  -245.21626417  -184.22931568    -0.00042109   0.014449   5.8e-02   1.7e-04 0.04
     7      20    2.2e+00    3    9.7e-03  -245.21649196  -184.22954347    -0.00022779   0.012733   5.1e-02   1.5e-04 0.04
     8      20    2.3e+00    0    5.4e-02  -245.21654798  -184.22959949    -0.00005602   0.012733   5.1e-02   1.5e-04 0.04
     9      40    4.9e+00    3    5.4e-03  -245.21788919  -184.23094070    -0.00134121   0.000715   2.9e-03   1.2e-04 0.04
 
RESULTS OF THE OCCUPATION OPTIMIZATION
========================================
   1    1.9998338  -20.66913413
   2    1.9996425  -15.81404708
   3    1.9997559  -15.68259944
   4    1.9916732  -1.20796627
   5    1.9914332  -1.11559888
   6    1.9806650  -0.99624426
   7    1.9903956  -0.92987355
   8    1.9708307  -0.92786417
   9    1.9895175  -0.82330828
  10    1.9588626  -0.57734425
  11    1.9588985  -0.57685121
  12    0.0411015  -0.05863637
  13    0.0411374  -0.05866250
  14    0.0104825  -0.01897586
  15    0.0291693  -0.05287608
  16    0.0096044  -0.01864718
  17    0.0193350  -0.03508241
  18    0.0085668  -0.01818378
  19    0.0083268  -0.01938197
  20    0.0002441  -0.00642505
  21    0.0003575  -0.00896995
  22    0.0001662  -0.00592713
 
----------------
 Final Energies 
----------------
Final NOF Total Energy =    -184.2309407
 
Total Orbital Internal Iterations = 190
Total Occupation Internal Iterations = 36
 
Elapsed time:  105.07 Seconds

---------------------------------
   Lowdin Population Analysis    
---------------------------------
 Idx  Atom   Population   Charge 
---------------------------------
  1     N     7.145      -0.145
  2     N     6.945       0.055
  3     O     7.910       0.090

---------------------------------
   M Diagnostic: 0.04
---------------------------------

Recovering execution output...
Moving from /scratch/pobleyef/166712 to /home-nas/pobleyef/Poison-Set/ncwo1/P30-5/GNOF/arina.166712
mkdir -p /home-nas/pobleyef/Poison-Set/ncwo1/P30-5/GNOF/arina.166712
mv /scratch/pobleyef/166712/* /home-nas/pobleyef/Poison-Set/ncwo1/P30-5/GNOF/arina.166712
