Computing Integrals
Basis Set                                            = def2-qzvp
Auxiliary Basis Set                                  = def2-universal-jkfit
Gaussian Type                                        = Spherical
Elapsed time:    3.25 Seconds

Number of basis functions                   (NBF)    = 117
Number of auxiliary basis functions         (NBFAUX) = 113
Inactive Doubly occupied orbitals up to     (NO1)    = 0
No. considered Strongly Doubly occupied MOs (NDOC)   = 5
No. considered Strongly Singly occupied MOs (NSOC)   = 0
NO. of Weakly occ. per St. Doubly occ.  MOs (NCWO)   = 1
Dimension of the Nat. Orb. subspace         (NBF5)   = 10
No. of electrons                                     = 10
    No. of alpha electrons                           = 5
    No. of beta electrons                            = 5
Multiplicity                                         = 1

Geometry
========
 O       0.0000000       0.0000000      -0.3906056
 H      -0.7620804       0.0000000       0.1953028
 H       0.7620804       0.0000000       0.1953028

No violations of the orthonormality
No violations of the orthonormality
 
PNOF8/ADABelief Calculation
==================
 
  Nitext  Nit_orb  Time   Nit_occ  Time         Eelec          Etot           Ediff      maxdiff    MaxGrad_orb  Grad_occ
     1      10    4.0e+01    0    2.3e+01   -85.40388574   -76.24881633 -10084.40388574   0.000482   1.9e-03   1.9e-04 0.03
 
RESULTS OF THE OCCUPATION OPTIMIZATION
========================================
   1    1.9998167  -20.59328613
   2    1.9918820  -1.25803677
   3    1.9724363  -0.73145114
   4    1.9724219  -0.73126685
   5    1.9819541  -0.53519878
   6    0.0180459  -0.02252824
   7    0.0275781  -0.03564607
   8    0.0275637  -0.03563632
   9    0.0081180  -0.02095484
  10    0.0001833  -0.00640106
 
----------------
 Final Energies 
----------------
Final NOF Total Energy =     -76.2488163
 
Total Orbital Internal Iterations = 10
Total Occupation Internal Iterations = 0
 
Elapsed time:   76.99 Seconds

---------------------------------
   Lowdin Population Analysis    
---------------------------------
 Idx  Atom   Population   Charge 
---------------------------------
  1     O     7.343       0.657
  2     H     1.328      -0.328
  3     H     1.328      -0.328

---------------------------------
   M Diagnostic: 0.03
---------------------------------

