G2RC_20_13
/software/eb2024/easybuild/software/common/software/Julia/1.11.3-linux-x86_64/bin/julia
Job runing on nh016
Choosing scratch ...
Automatic scratch folder selection
/scratch/pobleyef/166709
/scratch/pobleyef/166709 directory
cp G2RC_20_13.jl G2RC_20_13.jld2 to  /scratch/pobleyef/166709/.
Computing Integrals
Elapsed time:    6.20 Seconds

Number of basis functions                   (NBF)    = 117
Number of auxiliary basis functions         (NBFAUX) = 113
Inactive Doubly occupied orbitals up to     (NO1)    = 0
No. considered Strongly Doubly occupied MOs (NDOC)   = 5
No. considered Strongly Singly occupied MOs (NSOC)   = 0
NO. of Weakly occ. per St. Doubly occ.  MOs (NCWO)   = 1
Dimension of the Nat. Orb. subspace         (NBF5)   = 10
No. of electrons                                     = 10
    No. of alpha electrons                           = 5
    No. of beta electrons                            = 5
Multiplicity                                         = 1

Geometry
========
 O       0.0000000       0.0000000      -0.3906056
 H      -0.7620804       0.0000000       0.1953028
 H       0.7620804       0.0000000       0.1953028

No violations of the orthonormality
No violations of the orthonormality
 
PNOF8/ADABelief Calculation
==================
 
  Nitext  Nit_orb  Time   Nit_occ  Time         Eelec          Etot           Ediff      maxdiff    MaxGrad_orb  Grad_occ
     1      10    2.8e+01    3    3.3e+01   -85.39073215   -76.23566275 -10084.39073215   0.169921   6.8e-01   2.0e-04 0.03
     2      10    6.0e-01    0    1.0e-03   -85.39109997   -76.23603056    -0.00036782   0.169921   6.8e-01   2.0e-04 0.03
     3      30    3.6e-01    3    1.0e-03   -85.40266287   -76.24759346    -0.01156290   0.002645   1.1e-02   1.1e-04 0.03
     4      30    4.5e-01    3    1.7e-02   -85.40281314   -76.24774374    -0.00015028   0.003157   1.3e-02   1.2e-04 0.03
     5      30    4.2e-01    2    1.5e-03   -85.40302581   -76.24795641    -0.00021267   0.003714   1.5e-02   5.6e-05 0.03
     6      30    2.9e-01    1    1.1e-03   -85.40327857   -76.24820916    -0.00025276   0.003597   1.4e-02   1.7e-04 0.03
     7      30    3.9e-01    2    1.5e-02   -85.40346889   -76.24839949    -0.00019033   0.003630   1.5e-02   9.3e-05 0.03
     8      30    5.2e-01    2    1.1e-03   -85.40360918   -76.24853978    -0.00014029   0.004587   1.8e-02   1.6e-04 0.03
     9      30    3.9e-01    1    1.0e-03   -85.40371372   -76.24864432    -0.00010454   0.003507   1.4e-02   1.4e-04 0.03
    10      30    3.7e-01    2    1.1e-03   -85.40377257   -76.24870317    -0.00005885   0.003520   1.4e-02   1.8e-04 0.03
    11      30    3.0e-01    1    5.6e-03   -85.40380165   -76.24873225    -0.00002908   0.005754   2.3e-02   1.5e-04 0.03
    12      30    3.5e-01    2    1.1e-03   -85.40384334   -76.24877393    -0.00004169   0.003519   1.4e-02   1.4e-04 0.03
    13      30    4.8e-01    0    9.5e-04   -85.40384831   -76.24877891    -0.00000498   0.003519   1.4e-02   1.4e-04 0.03
    14      50    3.7e-01    0    1.2e-03   -85.40388575   -76.24881635    -0.00003744   0.000527   2.1e-03   1.3e-04 0.03
 
RESULTS OF THE OCCUPATION OPTIMIZATION
========================================
   1    1.9998099  -20.59333900
   2    1.9918707  -1.25798275
   3    1.9725013  -0.73142760
   4    1.9725071  -0.73141802
   5    1.9819172  -0.53529683
   6    0.0180828  -0.02254228
   7    0.0274929  -0.03561973
   8    0.0274987  -0.03562164
   9    0.0081293  -0.02094770
  10    0.0001901  -0.00648009
 
----------------
 Final Energies 
----------------
Final NOF Total Energy =     -76.2488163
 
Total Orbital Internal Iterations = 400
Total Occupation Internal Iterations = 22
 
Elapsed time:   85.88 Seconds

---------------------------------
   Lowdin Population Analysis    
---------------------------------
 Idx  Atom   Population   Charge 
---------------------------------
  1     O     7.343       0.657
  2     H     1.328      -0.328
  3     H     1.328      -0.328

---------------------------------
   M Diagnostic: 0.03
---------------------------------

Recovering execution output...
Moving from /scratch/pobleyef/166709 to /home-nas/pobleyef/Poison-Set/ncwo1/P30-5/GNOF/arina.166709
mkdir -p /home-nas/pobleyef/Poison-Set/ncwo1/P30-5/GNOF/arina.166709
mv /scratch/pobleyef/166709/* /home-nas/pobleyef/Poison-Set/ncwo1/P30-5/GNOF/arina.166709
