G2RC_10_61
/software/eb2024/easybuild/software/common/software/Julia/1.11.3-linux-x86_64/bin/julia
Job runing on nh012
Choosing scratch ...
Automatic scratch folder selection
/scratch/pobleyef/166705
/scratch/pobleyef/166705 directory
cp G2RC_10_61.jl G2RC_10_61.jld2 to  /scratch/pobleyef/166705/.
Computing Integrals
Elapsed time:    7.10 Seconds

Number of basis functions                   (NBF)    = 285
Number of auxiliary basis functions         (NBFAUX) = 383
Inactive Doubly occupied orbitals up to     (NO1)    = 0
No. considered Strongly Doubly occupied MOs (NDOC)   = 21
No. considered Strongly Singly occupied MOs (NSOC)   = 0
NO. of Weakly occ. per St. Doubly occ.  MOs (NCWO)   = 1
Dimension of the Nat. Orb. subspace         (NBF5)   = 42
No. of electrons                                     = 42
    No. of alpha electrons                           = 21
    No. of beta electrons                            = 21
Multiplicity                                         = 1

Geometry
========
 C       0.0000000       0.0000000       0.0000000
 F       0.7665641      -0.7665641       0.7665641
 F      -0.7665641       0.7665641       0.7665641
 F      -0.7665641      -0.7665641      -0.7665641
 F       0.7665641       0.7665641      -0.7665641

No violations of the orthonormality
No violations of the orthonormality
 
PNOF8/ADABelief Calculation
==================
 
  Nitext  Nit_orb  Time   Nit_occ  Time         Eelec          Etot           Ediff      maxdiff    MaxGrad_orb  Grad_occ
     1      10    3.0e+01    6    3.4e+01  -641.25377450  -436.54937717 -10640.25377450   0.024841   9.9e-02   1.7e-05 0.03
     2      20    3.4e+00    4    8.5e-02  -641.35792438  -436.65352705    -0.10414988   0.009347   3.7e-02   1.8e-04 0.03
     3      20    3.2e+00    4    3.0e-02  -641.36521641  -436.66081907    -0.00729203   0.020337   8.1e-02   1.8e-04 0.03
     4      20    3.1e+00    3    1.9e-02  -641.36611544  -436.66171810    -0.00089903   0.042549   1.7e-01   1.5e-04 0.03
     5      20    3.1e+00    0    2.2e-02  -641.36629976  -436.66190243    -0.00018432   0.042549   1.7e-01   1.5e-04 0.03
     6      40    6.2e+00    2    2.3e-02  -641.37058733  -436.66618999    -0.00428757   0.000829   3.3e-03   2.8e-04 0.03
 
RESULTS OF THE OCCUPATION OPTIMIZATION
========================================
   1    1.9998529  -26.40983124
   2    1.9998531  -26.40979934
   3    1.9998530  -26.40977102
   4    1.9998533  -26.40975265
   5    1.9994757  -11.56259787
   6    1.9897949  -1.09332864
   7    1.9897817  -1.09171497
   8    1.9897446  -1.08104394
   9    1.9896636  -1.07688595
  10    1.9895908  -1.06525138
  11    1.9895452  -1.05896239
  12    1.9895402  -1.05737422
  13    1.9895584  -1.05682680
  14    1.9895323  -1.05649264
  15    1.9895148  -1.05449925
  16    1.9894297  -1.04288810
  17    1.9893525  -1.03541375
  18    1.9685781  -0.93631256
  19    1.9685268  -0.93614100
  20    1.9685372  -0.93610211
  21    1.9685152  -0.93594021
  22    0.0314848  -0.05701001
  23    0.0314628  -0.05700076
  24    0.0314732  -0.05699911
  25    0.0314219  -0.05697569
  26    0.0106475  -0.02345550
  27    0.0105703  -0.02342159
  28    0.0104852  -0.02340742
  29    0.0104677  -0.02339588
  30    0.0104416  -0.02335888
  31    0.0104598  -0.02338105
  32    0.0104548  -0.02339281
  33    0.0104092  -0.02338791
  34    0.0103364  -0.02336944
  35    0.0102554  -0.02330518
  36    0.0102183  -0.02333113
  37    0.0102051  -0.02332199
  38    0.0005243  -0.00946856
  39    0.0001467  -0.00644620
  40    0.0001470  -0.00645568
  41    0.0001469  -0.00645101
  42    0.0001471  -0.00645503
 
----------------
 Final Energies 
----------------
Final NOF Total Energy =    -436.6661900
 
Total Orbital Internal Iterations = 130
Total Occupation Internal Iterations = 19
 
Elapsed time:  103.92 Seconds

---------------------------------
   Lowdin Population Analysis    
---------------------------------
 Idx  Atom   Population   Charge 
---------------------------------
  1     C     7.550      -1.550
  2     F     8.613       0.387
  3     F     8.613       0.387
  4     F     8.613       0.387
  5     F     8.613       0.387

---------------------------------
   M Diagnostic: 0.03
---------------------------------

Recovering execution output...
Moving from /scratch/pobleyef/166705 to /home-nas/pobleyef/Poison-Set/ncwo1/P30-5/GNOF/arina.166705
mkdir -p /home-nas/pobleyef/Poison-Set/ncwo1/P30-5/GNOF/arina.166705
mv /scratch/pobleyef/166705/* /home-nas/pobleyef/Poison-Set/ncwo1/P30-5/GNOF/arina.166705
