G2RC_10_66
/software/eb2024/easybuild/software/common/software/Julia/1.11.3-linux-x86_64/bin/julia
Job runing on nh014
Choosing scratch ...
Automatic scratch folder selection
/scratch/pobleyef/166707
/scratch/pobleyef/166707 directory
cp G2RC_10_66.jl G2RC_10_66.jld2 to  /scratch/pobleyef/166707/.
Computing Integrals
Elapsed time:    7.36 Seconds

Number of basis functions                   (NBF)    = 298
Number of auxiliary basis functions         (NBFAUX) = 436
Inactive Doubly occupied orbitals up to     (NO1)    = 0
No. considered Strongly Doubly occupied MOs (NDOC)   = 25
No. considered Strongly Singly occupied MOs (NSOC)   = 0
NO. of Weakly occ. per St. Doubly occ.  MOs (NCWO)   = 1
Dimension of the Nat. Orb. subspace         (NBF5)   = 50
No. of electrons                                     = 50
    No. of alpha electrons                           = 25
    No. of beta electrons                            = 25
Multiplicity                                         = 1

Geometry
========
Si       0.0000000       0.0000000       0.0000000
 F       0.9102019      -0.9102019       0.9102019
 F      -0.9102019       0.9102019       0.9102019
 F      -0.9102019      -0.9102019      -0.9102019
 F       0.9102019       0.9102019      -0.9102019

No violations of the orthonormality
No violations of the orthonormality
 
PNOF8/ADABelief Calculation
==================
 
  Nitext  Nit_orb  Time   Nit_occ  Time         Eelec          Etot           Ediff      maxdiff    MaxGrad_orb  Grad_occ
     1      10    3.0e+01    7    3.4e+01  -956.99611874  -687.92526915 -10955.99611874   0.025002   1.0e-01   1.2e-04 0.02
     2      20    3.4e+00    5    5.1e-02  -957.15135234  -688.08050275    -0.15523360   0.040070   1.6e-01   2.2e-04 0.02
     3      20    3.3e+00    6    3.5e-02  -957.17118851  -688.10033893    -0.01983618   0.055317   2.2e-01   7.9e-05 0.02
     4      20    3.3e+00    5    3.9e-02  -957.17606211  -688.10521253    -0.00487360   0.041383   1.7e-01   1.8e-04 0.03
     5      20    3.4e+00    0    3.5e-02  -957.17688633  -688.10603674    -0.00082421   0.041383   1.7e-01   1.8e-04 0.03
     6      40    6.4e+00    4    7.4e-02  -957.18669957  -688.11584999    -0.00981324   0.005576   2.2e-02   1.5e-04 0.03
     7      40    6.7e+00    2    6.5e-02  -957.18765689  -688.11680731    -0.00095732   0.008105   3.2e-02   2.8e-04 0.03
     8      40    6.6e+00    2    3.8e-02  -957.18861646  -688.11776688    -0.00095957   0.006315   2.5e-02   3.1e-04 0.03
     9      40    6.7e+00    3    3.6e-02  -957.18937224  -688.11852266    -0.00075578   0.008140   3.3e-02   2.8e-04 0.03
    10      40    6.5e+00    2    3.2e-02  -957.18999606  -688.11914647    -0.00062381   0.006063   2.4e-02   2.6e-04 0.03
    11      40    6.8e+00    3    5.7e-02  -957.19034873  -688.11949915    -0.00035267   0.005924   2.4e-02   2.0e-04 0.03
    12      40    6.7e+00    2    3.9e-02  -957.19059589  -688.11974631    -0.00024717   0.005789   2.3e-02   1.8e-04 0.03
    13      40    6.5e+00    1    3.7e-02  -957.19078876  -688.11993917    -0.00019286   0.006149   2.5e-02   2.6e-04 0.03
    14      40    6.8e+00    2    3.5e-02  -957.19094762  -688.12009803    -0.00015886   0.005623   2.2e-02   2.5e-04 0.03
    15      40    6.7e+00    1    3.1e-02  -957.19106489  -688.12021531    -0.00011728   0.006054   2.4e-02   3.0e-04 0.03
    16      40    6.5e+00    2    3.1e-02  -957.19113971  -688.12029013    -0.00007482   0.006249   2.5e-02   2.7e-04 0.03
    17      40    6.6e+00    1    4.9e-02  -957.19123922  -688.12038963    -0.00009950   0.005929   2.4e-02   3.0e-04 0.03
    18      40    6.5e+00    2    3.1e-02  -957.19125705  -688.12040747    -0.00001783   0.006064   2.4e-02   2.3e-04 0.03
    19      40    6.4e+00    2    7.1e-02  -957.19132530  -688.12047571    -0.00006825   0.018969   7.6e-02   2.5e-04 0.03
    20      40    6.5e+00    0    3.1e-02  -957.19133352  -688.12048394    -0.00000823   0.018969   7.6e-02   2.5e-04 0.03
    21      59    9.8e+00    1    3.0e-02  -957.19166809  -688.12081850    -0.00033456   0.000495   2.0e-03   2.2e-04 0.02
 
RESULTS OF THE OCCUPATION OPTIMIZATION
========================================
   1    1.9999660  -68.95547031
   2    1.9998666  -26.38082191
   3    1.9998669  -26.38049467
   4    1.9998660  -26.38025197
   5    1.9998644  -26.37999780
   6    1.9978339  -4.84366917
   7    1.9978287  -4.83206806
   8    1.9978287  -4.83140340
   9    1.9978254  -4.82475822
  10    1.9928404  -1.59438863
  11    1.9928412  -1.59412072
  12    1.9928325  -1.59337352
  13    1.9927843  -1.58689813
  14    1.9750938  -0.86928318
  15    1.9750554  -0.86924805
  16    1.9751372  -0.86921866
  17    1.9750736  -0.86920647
  18    1.9843832  -0.74286237
  19    1.9839035  -0.73683367
  20    1.9839452  -0.73658050
  21    1.9835028  -0.73636418
  22    1.9837461  -0.73634402
  23    1.9838434  -0.73633606
  24    1.9838642  -0.73629633
  25    1.9838094  -0.73595776
  26    0.0161906  -0.02614379
  27    0.0161358  -0.02608448
  28    0.0161566  -0.02611179
  29    0.0162539  -0.02622029
  30    0.0164972  -0.02649600
  31    0.0160548  -0.02601236
  32    0.0160965  -0.02604534
  33    0.0156168  -0.02567101
  34    0.0249264  -0.04756904
  35    0.0248628  -0.04739894
  36    0.0249446  -0.04762862
  37    0.0249062  -0.04748989
  38    0.0072157  -0.02445885
  39    0.0071675  -0.02452986
  40    0.0071588  -0.02453066
  41    0.0071596  -0.02452822
  42    0.0021746  -0.01946498
  43    0.0021713  -0.01945520
  44    0.0021713  -0.01945864
  45    0.0021661  -0.01944936
  46    0.0001356  -0.00599940
  47    0.0001340  -0.00595399
  48    0.0001331  -0.00593842
  49    0.0001334  -0.00594345
  50    0.0000340  -0.00469386
 
----------------
 Final Energies 
----------------
Final NOF Total Energy =    -688.1208185
 
Total Orbital Internal Iterations = 749
Total Occupation Internal Iterations = 53
 
Elapsed time:  212.24 Seconds

---------------------------------
   Lowdin Population Analysis    
---------------------------------
 Idx  Atom   Population   Charge 
---------------------------------
  1    Si    15.245      -1.245
  2     F     8.689       0.311
  3     F     8.689       0.311
  4     F     8.688       0.312
  5     F     8.689       0.311

---------------------------------
   M Diagnostic: 0.02
---------------------------------

Recovering execution output...
Moving from /scratch/pobleyef/166707 to /home-nas/pobleyef/Poison-Set/ncwo1/P30-5/GNOF/arina.166707
mkdir -p /home-nas/pobleyef/Poison-Set/ncwo1/P30-5/GNOF/arina.166707
mv /scratch/pobleyef/166707/* /home-nas/pobleyef/Poison-Set/ncwo1/P30-5/GNOF/arina.166707
