si
/software/eb2024/easybuild/software/common/software/Julia/1.11.3-linux-x86_64/bin/julia
Job runing on nh027
Choosing scratch ...
Automatic scratch folder selection
/scratch/pobleyef/166727
/scratch/pobleyef/166727 directory
cp si.jl si.jld2 to  /scratch/pobleyef/166727/.
Computing Integrals
Elapsed time:    5.97 Seconds

Number of basis functions                   (NBF)    = 70
Number of auxiliary basis functions         (NBFAUX) = 128
Inactive Doubly occupied orbitals up to     (NO1)    = 0
No. considered Strongly Doubly occupied MOs (NDOC)   = 6
No. considered Strongly Singly occupied MOs (NSOC)   = 2
NO. of Weakly occ. per St. Doubly occ.  MOs (NCWO)   = 1
Dimension of the Nat. Orb. subspace         (NBF5)   = 14
No. of electrons                                     = 14
    No. of alpha electrons                           = 8
    No. of beta electrons                            = 6
Multiplicity                                         = 3

Geometry
========
Si       0.0000000       0.0000000       0.0000000

No violations of the orthonormality
No violations of the orthonormality
 
PNOF8/ADABelief Calculation
==================
 
  Nitext  Nit_orb  Time   Nit_occ  Time         Eelec          Etot           Ediff      maxdiff    MaxGrad_orb  Grad_occ
     1      10    2.7e+01    5    3.2e+01  -288.99191773  -288.99191773 -10287.99191773   0.021032   8.4e-02   9.9e-05 0.06
     2      20    7.5e-02    4    1.4e-03  -289.03691358  -289.03691358    -0.04499585   0.032355   1.3e-01   3.1e-05 0.05
     3      20    4.6e-02    4    1.2e-03  -289.04187653  -289.04187653    -0.00496295   0.031113   1.2e-01   2.2e-04 0.05
     4      20    4.7e-02    4    1.1e-03  -289.04283163  -289.04283163    -0.00095510   0.035807   1.4e-01   1.4e-04 0.04
     5      20    4.9e-02    3    1.3e-03  -289.04382836  -289.04382836    -0.00099674   0.033661   1.3e-01   1.4e-04 0.04
     6      20    4.6e-02    3    1.2e-03  -289.04429654  -289.04429654    -0.00046818   0.035439   1.4e-01   1.1e-04 0.04
     7      20    4.6e-02    3    1.0e-03  -289.04449919  -289.04449919    -0.00020265   0.029516   1.2e-01   6.4e-05 0.04
     8      20    4.7e-02    3    9.5e-04  -289.04493683  -289.04493683    -0.00043764   0.028961   1.2e-01   6.9e-05 0.04
     9      20    4.4e-02    0    1.1e-03  -289.04495719  -289.04495719    -0.00002036   0.028961   1.2e-01   6.9e-05 0.04
    10      40    1.0e-01    1    5.5e-03  -289.04636287  -289.04636287    -0.00140568   0.002938   1.2e-02   1.5e-04 0.04
    11      40    9.1e-02    1    1.1e-03  -289.04636706  -289.04636706    -0.00000418   0.004438   1.8e-02   1.8e-04 0.04
    12      40    9.5e-02    0    9.3e-04  -289.04636829  -289.04636829    -0.00000123   0.004438   1.8e-02   1.8e-04 0.04
    13      54    1.2e-01    1    9.8e-04  -289.04640229  -289.04640229    -0.00003400   0.000500   2.0e-03   1.7e-04 0.04
 
RESULTS OF THE OCCUPATION OPTIMIZATION
========================================
   1    1.9999614  -68.86507846
   2    1.9986355  -6.16858325
   3    1.9969056  -4.27195642
   4    1.9969140  -4.26948056
   5    1.9967437  -4.26934158
   6    1.9629672  -0.54917368
   7    1.0000000  -0.15234104
   8    1.0000000  -0.15233719
   9    0.0370328  -0.03183053
  10    0.0032563  -0.03127809
  11    0.0030860  -0.02194886
  12    0.0030944  -0.02194217
  13    0.0013645  -0.01323940
  14    0.0000386  -0.00526456
 
----------------
 Final Energies 
----------------
Final NOF Total Energy =    -289.0464023
 
Total Orbital Internal Iterations = 344
Total Occupation Internal Iterations = 32
 
Elapsed time:   79.01 Seconds

---------------------------------
   Lowdin Population Analysis    
---------------------------------
 Idx  Atom   Population   Charge 
---------------------------------
  1    Si    14.000      -0.000

---------------------------------
   M Diagnostic: 0.04
---------------------------------

Recovering execution output...
Moving from /scratch/pobleyef/166727 to /home-nas/pobleyef/Poison-Set/ncwo1/P30-5/GNOF/arina.166727
mkdir -p /home-nas/pobleyef/Poison-Set/ncwo1/P30-5/GNOF/arina.166727
mv /scratch/pobleyef/166727/* /home-nas/pobleyef/Poison-Set/ncwo1/P30-5/GNOF/arina.166727
