SIE4x4_6_he2+_1.5
/software/eb2024/easybuild/software/common/software/Julia/1.11.3-linux-x86_64/bin/julia
Job runing on nh032
Choosing scratch ...
Automatic scratch folder selection
/scratch/pobleyef/166725
/scratch/pobleyef/166725 directory
cp SIE4x4_6_he2+_1.5.jl SIE4x4_6_he2+_1.5.jld2 to  /scratch/pobleyef/166725/.
Computing Integrals
Elapsed time:    5.82 Seconds

Number of basis functions                   (NBF)    = 60
Number of auxiliary basis functions         (NBFAUX) = 46
Inactive Doubly occupied orbitals up to     (NO1)    = 0
No. considered Strongly Doubly occupied MOs (NDOC)   = 1
No. considered Strongly Singly occupied MOs (NSOC)   = 1
NO. of Weakly occ. per St. Doubly occ.  MOs (NCWO)   = 1
Dimension of the Nat. Orb. subspace         (NBF5)   = 3
No. of electrons                                     = 3
    No. of alpha electrons                           = 2
    No. of beta electrons                            = 1
Multiplicity                                         = 2

Geometry
========
He       0.0000000       0.0000000      -0.8056528
He       0.0000000       0.0000000       0.8056528

No violations of the orthonormality
No violations of the orthonormality
 
PNOF8/ADABelief Calculation
==================
 
  Nitext  Nit_orb  Time   Nit_occ  Time         Eelec          Etot           Ediff      maxdiff    MaxGrad_orb  Grad_occ
     1      10    2.9e+01    3    3.5e+01    -6.20928111    -4.89562310 -10005.20928111   0.004655   1.9e-02   4.4e-06 0.01
     2      16    8.2e-03    1    3.3e-04    -6.21249389    -4.89883588    -0.00321278   0.000549   2.2e-03   5.3e-05 0.01
 
RESULTS OF THE OCCUPATION OPTIMIZATION
========================================
   1    1.9862716  -1.44967719
   2    1.0000000  -0.78914601
   3    0.0137284  -0.01406209
 
----------------
 Final Energies 
----------------
Final NOF Total Energy =      -4.8988359
 
Total Orbital Internal Iterations = 26
Total Occupation Internal Iterations = 4
 
Elapsed time:   84.02 Seconds

---------------------------------
   Lowdin Population Analysis    
---------------------------------
 Idx  Atom   Population   Charge 
---------------------------------
  1    He     1.477       0.523
  2    He     1.523       0.477

---------------------------------
   M Diagnostic: 0.01
---------------------------------

Recovering execution output...
Moving from /scratch/pobleyef/166725 to /home-nas/pobleyef/Poison-Set/ncwo1/P30-5/GNOF/arina.166725
mkdir -p /home-nas/pobleyef/Poison-Set/ncwo1/P30-5/GNOF/arina.166725
mv /scratch/pobleyef/166725/* /home-nas/pobleyef/Poison-Set/ncwo1/P30-5/GNOF/arina.166725
