SIE4x4_5_he2+_1.25
/software/eb2024/easybuild/software/common/software/Julia/1.11.3-linux-x86_64/bin/julia
Job runing on nh031
Choosing scratch ...
Automatic scratch folder selection
/scratch/pobleyef/166724
/scratch/pobleyef/166724 directory
cp SIE4x4_5_he2+_1.25.jl SIE4x4_5_he2+_1.25.jld2 to  /scratch/pobleyef/166724/.
Computing Integrals
Elapsed time:    5.82 Seconds

Number of basis functions                   (NBF)    = 60
Number of auxiliary basis functions         (NBFAUX) = 46
Inactive Doubly occupied orbitals up to     (NO1)    = 0
No. considered Strongly Doubly occupied MOs (NDOC)   = 1
No. considered Strongly Singly occupied MOs (NSOC)   = 1
NO. of Weakly occ. per St. Doubly occ.  MOs (NCWO)   = 1
Dimension of the Nat. Orb. subspace         (NBF5)   = 3
No. of electrons                                     = 3
    No. of alpha electrons                           = 2
    No. of beta electrons                            = 1
Multiplicity                                         = 2

Geometry
========
He       0.0000000       0.0000000      -0.6713773
He       0.0000000       0.0000000       0.6713773

No violations of the orthonormality
No violations of the orthonormality
 
PNOF8/ADABelief Calculation
==================
 
  Nitext  Nit_orb  Time   Nit_occ  Time         Eelec          Etot           Ediff      maxdiff    MaxGrad_orb  Grad_occ
     1      10    2.8e+01    3    3.3e+01    -6.49842794    -4.92203832 -10005.49842794   0.003828   1.5e-02   2.5e-06 0.01
     2      16    8.2e-03    1    3.2e-04    -6.50089948    -4.92450986    -0.00247154   0.000322   1.3e-03   3.9e-05 0.01
 
RESULTS OF THE OCCUPATION OPTIMIZATION
========================================
   1    1.9888916  -1.53441142
   2    1.0000000  -0.77622545
   3    0.0111084  -0.01282674
 
----------------
 Final Energies 
----------------
Final NOF Total Energy =      -4.9245099
 
Total Orbital Internal Iterations = 26
Total Occupation Internal Iterations = 4
 
Elapsed time:   79.63 Seconds

---------------------------------
   Lowdin Population Analysis    
---------------------------------
 Idx  Atom   Population   Charge 
---------------------------------
  1    He     1.502       0.498
  2    He     1.498       0.502

---------------------------------
   M Diagnostic: 0.01
---------------------------------

Recovering execution output...
Moving from /scratch/pobleyef/166724 to /home-nas/pobleyef/Poison-Set/ncwo1/P30-5/GNOF/arina.166724
mkdir -p /home-nas/pobleyef/Poison-Set/ncwo1/P30-5/GNOF/arina.166724
mv /scratch/pobleyef/166724/* /home-nas/pobleyef/Poison-Set/ncwo1/P30-5/GNOF/arina.166724
