W4-11_109_bn3pi
/software/eb2024/easybuild/software/common/software/Julia/1.11.3-linux-x86_64/bin/julia
Job runing on na19
Choosing scratch ...
Automatic scratch folder selection
/scratch/pobleyef/166732
/scratch/pobleyef/166732 directory
cp W4-11_109_bn3pi.jl W4-11_109_bn3pi.jld2 to  /scratch/pobleyef/166732/.
Computing Integrals
Elapsed time:    4.72 Seconds

Number of basis functions                   (NBF)    = 114
Number of auxiliary basis functions         (NBFAUX) = 152
Inactive Doubly occupied orbitals up to     (NO1)    = 0
No. considered Strongly Doubly occupied MOs (NDOC)   = 5
No. considered Strongly Singly occupied MOs (NSOC)   = 2
NO. of Weakly occ. per St. Doubly occ.  MOs (NCWO)   = 1
Dimension of the Nat. Orb. subspace         (NBF5)   = 12
No. of electrons                                     = 12
    No. of alpha electrons                           = 7
    No. of beta electrons                            = 5
Multiplicity                                         = 3

Geometry
========
 B       0.0000000       0.0000000      -0.7759500
 N       0.0000000       0.0000000       0.5542500

No violations of the orthonormality
No violations of the orthonormality
 
PNOF8/ADABelief Calculation
==================
 
  Nitext  Nit_orb  Time   Nit_occ  Time         Eelec          Etot           Ediff      maxdiff    MaxGrad_orb  Grad_occ
     1      10    2.8e+01    6    2.1e+01   -93.06096648   -79.13737274 -10092.06096648   0.025113   1.0e-01   5.4e-05 0.05
     2      20    1.9e+01    3    1.2e-02   -93.10745990   -79.18386616    -0.04649342   0.004050   1.6e-02   1.7e-04 0.05
     3      20    1.8e+01    2    2.2e-03   -93.10977960   -79.18618585    -0.00231969   0.008413   3.4e-02   1.9e-04 0.05
     4      20    1.7e+01    0    3.1e-03   -93.10982463   -79.18623088    -0.00004503   0.008413   3.4e-02   1.9e-04 0.05
     5      34    2.9e+01    3    2.3e-03   -93.11016325   -79.18656951    -0.00033863   0.000478   1.9e-03   2.2e-05 0.05
 
RESULTS OF THE OCCUPATION OPTIMIZATION
========================================
   1    1.9995908  -15.61162731
   2    1.9991536  -7.67326025
   3    1.9829768  -1.09095438
   4    1.9673707  -0.55760661
   5    1.9527043  -0.44948544
   6    1.0000000  -0.26306948
   7    1.0000000  -0.25687340
   8    0.0472957  -0.03946174
   9    0.0326293  -0.02846241
  10    0.0170232  -0.02741107
  11    0.0008464  -0.01040338
  12    0.0004092  -0.00976692
 
----------------
 Final Energies 
----------------
Final NOF Total Energy =     -79.1865695
 
Total Orbital Internal Iterations = 104
Total Occupation Internal Iterations = 14
 
Elapsed time:  143.14 Seconds

---------------------------------
   Lowdin Population Analysis    
---------------------------------
 Idx  Atom   Population   Charge 
---------------------------------
  1     B     5.207      -0.207
  2     N     6.793       0.207

---------------------------------
   M Diagnostic: 0.05
---------------------------------

Recovering execution output...
Moving from /scratch/pobleyef/166732 to /home-nas/pobleyef/Poison-Set/ncwo1/P30-5/GNOF/arina.166732
mkdir -p /home-nas/pobleyef/Poison-Set/ncwo1/P30-5/GNOF/arina.166732
mv /scratch/pobleyef/166732/* /home-nas/pobleyef/Poison-Set/ncwo1/P30-5/GNOF/arina.166732
