W4-11-foof
/software/eb2024/easybuild/software/common/software/Julia/1.11.3-linux-x86_64/bin/julia
Job runing on nh013
Choosing scratch ...
Automatic scratch folder selection
/scratch/pobleyef/283216
/scratch/pobleyef/283216 directory
cp W4-11-foof.jl W4-11-foof.jld2 to  /scratch/pobleyef/283216/.
W4-11-foof_C.jld2 not found
W4-11-foof_n.jld2 not found
Computing Integrals
Basis Set                                            = def2-qzvp
Auxiliary Basis Set                                  = def2-universal-jkfit
Gaussian Type                                        = Spherical
Elapsed time:    4.29 Seconds

Number of basis functions                   (NBF)    = 228
Number of auxiliary basis functions         (NBFAUX) = 308
Inactive Doubly occupied orbitals up to     (NO1)    = 0
No. considered Strongly Doubly occupied MOs (NDOC)   = 17
No. considered Strongly Singly occupied MOs (NSOC)   = 0
NO. of Weakly occ. per St. Doubly occ.  MOs (NCWO)   = 1
Dimension of the Nat. Orb. subspace         (NBF5)   = 34
No. of electrons                                     = 34
    No. of alpha electrons                           = 17
    No. of beta electrons                            = 17
Multiplicity                                         = 1

Geometry
========
 F       0.5557100       1.3844340      -0.4939860
 O       0.5557100       0.2681810       0.5557340
 O      -0.5557100      -0.2681810       0.5557340
 F      -0.5557100      -1.3844340      -0.4939860

No violations of the orthonormality
No violations of the orthonormality
 
PNOF8/ADABelief Calculation
==================
 
  Nitext  Nit_orb  Time   Nit_occ  Time         Eelec          Etot           Ediff      maxdiff    MaxGrad_orb  Grad_occ
     1      10    2.9e+01    4    3.3e+01  -464.02041722  -338.63262531 -10463.02041722   0.822578   3.3e+00   1.9e-04 0.00
     2      10    1.5e+00    9    2.9e-02  -471.60136291  -346.21357100    -7.58094569   0.348939   1.4e+00   1.5e-04 0.02
     3      10    1.7e+00   12    2.6e-02  -473.78878814  -348.40099623    -2.18742523   0.244568   9.8e-01   1.7e-04 0.03
     4      10    1.5e+00   10    2.4e-02  -474.22034983  -348.83255791    -0.43156169   0.260802   1.0e+00   1.6e-04 0.04
     5      10    1.5e+00    9    1.9e-02  -474.29097460  -348.90318268    -0.07062477   0.271170   1.1e+00   1.3e-04 0.04
     6      10    1.5e+00    0    1.5e-02  -474.29206354  -348.90427162    -0.00108894   0.271170   1.1e+00   1.3e-04 0.04
     7      30    4.3e+00    7    2.5e-02  -474.46905276  -349.08126084    -0.17698922   0.010808   4.3e-02   2.8e-04 0.04
     8      30    4.2e+00    7    6.6e-02  -474.48951980  -349.10172789    -0.02046704   0.006837   2.7e-02   1.4e-04 0.05
     9      30    4.1e+00    6    5.1e-02  -474.49717866  -349.10938675    -0.00765886   0.008896   3.6e-02   7.1e-05 0.05
    10      30    4.2e+00    3    1.5e-02  -474.49990314  -349.11211123    -0.00272448   0.008068   3.2e-02   2.4e-04 0.05
    11      30    4.3e+00    3    1.6e-02  -474.50038142  -349.11258950    -0.00047828   0.009961   4.0e-02   2.3e-04 0.05
    12      30    4.0e+00    2    1.7e-02  -474.50067111  -349.11287920    -0.00028969   0.008212   3.3e-02   2.7e-04 0.05
    13      30    4.2e+00    0    1.2e-02  -474.50069925  -349.11290734    -0.00002814   0.008212   3.3e-02   2.7e-04 0.05
    14      50    7.1e+00    2    1.1e-02  -474.50207663  -349.11428472    -0.00137738   0.000547   2.2e-03   1.9e-04 0.05
 
RESULTS OF THE OCCUPATION OPTIMIZATION
========================================
   1    1.9998688  -26.40780490
   2    1.9998679  -26.40759127
   3    1.9998268  -20.83593769
   4    1.9998298  -20.83557628
   5    1.9925898  -1.50012994
   6    1.9925924  -1.48765250
   7    1.9931556  -1.34787811
   8    1.9932708  -1.34108904
   9    1.9646424  -0.89407471
  10    1.9898961  -0.85792621
  11    1.9887980  -0.84365911
  12    1.9865235  -0.79450420
  13    1.9858947  -0.77040024
  14    1.9860390  -0.76997014
  15    1.9858934  -0.75996870
  16    1.9525312  -0.71814340
  17    1.9525901  -0.71519328
  18    0.0474099  -0.08482467
  19    0.0474688  -0.08492048
  20    0.0141066  -0.02450229
  21    0.0139610  -0.02460377
  22    0.0141053  -0.02494693
  23    0.0134765  -0.02479788
  24    0.0112020  -0.02143348
  25    0.0101039  -0.01995510
  26    0.0353576  -0.06232714
  27    0.0067292  -0.01808585
  28    0.0068444  -0.01816371
  29    0.0074076  -0.02298390
  30    0.0074102  -0.02334743
  31    0.0001702  -0.00595774
  32    0.0001732  -0.00607388
  33    0.0001321  -0.00596072
  34    0.0001312  -0.00591854
 
----------------
 Final Energies 
----------------
Final NOF Total Energy =    -349.1142847
 
Total Orbital Internal Iterations = 320
Total Occupation Internal Iterations = 74
 
Elapsed time:  129.30 Seconds

---------------------------------
   Lowdin Population Analysis    
---------------------------------
 Idx  Atom   Population   Charge 
---------------------------------
  1     F     9.048      -0.048
  2     O     7.952       0.048
  3     O     7.952       0.048
  4     F     9.048      -0.048

---------------------------------
   M Diagnostic: 0.05
---------------------------------

Recovering execution output...
Moving from /scratch/pobleyef/283216 to /home-nas/pobleyef/Poison-NOF/ncwo1/P30-5/GNOF/arina.283216
mkdir -p /home-nas/pobleyef/Poison-NOF/ncwo1/P30-5/GNOF/arina.283216
mv /scratch/pobleyef/283216/* /home-nas/pobleyef/Poison-NOF/ncwo1/P30-5/GNOF/arina.283216
