W4-11-o3
/software/eb2024/easybuild/software/common/software/Julia/1.11.3-linux-x86_64/bin/julia
Job runing on na16
Choosing scratch ...
Automatic scratch folder selection
/scratch/pobleyef/283222
/scratch/pobleyef/283222 directory
cp W4-11-o3.jl W4-11-o3.jld2 to  /scratch/pobleyef/283222/.
W4-11-o3_C.jld2 not found
W4-11-o3_n.jld2 not found
Computing Integrals
Basis Set                                            = def2-qzvp
Auxiliary Basis Set                                  = def2-universal-jkfit
Gaussian Type                                        = Spherical
Elapsed time:    5.77 Seconds

Number of basis functions                   (NBF)    = 171
Number of auxiliary basis functions         (NBFAUX) = 231
Inactive Doubly occupied orbitals up to     (NO1)    = 0
No. considered Strongly Doubly occupied MOs (NDOC)   = 12
No. considered Strongly Singly occupied MOs (NSOC)   = 0
NO. of Weakly occ. per St. Doubly occ.  MOs (NCWO)   = 1
Dimension of the Nat. Orb. subspace         (NBF5)   = 24
No. of electrons                                     = 24
    No. of alpha electrons                           = 12
    No. of beta electrons                            = 12
Multiplicity                                         = 1

Geometry
========
 O       0.0000000       0.0000000       0.4412240
 O       0.0000000       1.0825250      -0.2206120
 O       0.0000000      -1.0825250      -0.2206120

No violations of the orthonormality
No violations of the orthonormality
 
PNOF8/ADABelief Calculation
==================
 
  Nitext  Nit_orb  Time   Nit_occ  Time         Eelec          Etot           Ediff      maxdiff    MaxGrad_orb  Grad_occ
     1      10    3.9e+01    7    2.0e+01  -285.44605263  -216.41916402 -10284.44605263   0.817409   3.3e+00   1.1e-04 0.01
     2      10    2.2e+01   11    2.5e-02  -291.36459452  -222.33770592    -5.91854190   0.317788   1.3e+00   1.5e-04 0.03
     3      10    2.1e+01   11    2.6e-02  -293.37341274  -224.34652413    -2.00881821   0.239246   9.6e-01   1.5e-04 0.04
     4      10    2.1e+01   10    4.1e-02  -293.75936692  -224.73247831    -0.38595418   0.237884   9.5e-01   1.6e-04 0.04
     5      10    2.2e+01    7    2.7e-03  -293.83854393  -224.81165533    -0.07917701   0.247196   9.9e-01   2.0e-04 0.05
     6      10    2.1e+01    6    2.2e-02  -293.85054133  -224.82365272    -0.01199740   0.265247   1.1e+00   1.9e-04 0.05
     7      10    2.1e+01    0    2.5e-03  -293.85097696  -224.82408835    -0.00043563   0.265247   1.1e+00   1.9e-04 0.05
     8      30    6.4e+01    7    4.1e-03  -293.92870044  -224.90181183    -0.07772348   0.006444   2.6e-02   1.1e-04 0.05
     9      30    6.5e+01    5    3.4e-03  -293.93334818  -224.90645957    -0.00464774   0.005878   2.4e-02   2.1e-04 0.05
    10      30    6.2e+01    4    3.2e-03  -293.93487469  -224.90798609    -0.00152651   0.006766   2.7e-02   2.4e-04 0.05
    11      30    6.3e+01    4    3.7e-03  -293.93581458  -224.90892597    -0.00093989   0.007951   3.2e-02   1.9e-04 0.05
    12      30    6.4e+01    3    1.8e-02  -293.93627899  -224.90939039    -0.00046441   0.006347   2.5e-02   1.7e-04 0.05
    13      30    6.2e+01    2    5.8e-03  -293.93638073  -224.90949212    -0.00010174   0.007363   2.9e-02   1.8e-04 0.05
    14      30    6.4e+01    2    6.5e-02  -293.93652683  -224.90963823    -0.00014611   0.006760   2.7e-02   1.6e-04 0.05
    15      30    6.7e+01    0    3.3e-03  -293.93653953  -224.90965093    -0.00001270   0.006760   2.7e-02   1.6e-04 0.05
    16      47    9.7e+01    2    3.5e-03  -293.93703486  -224.91014626    -0.00049533   0.000471   1.9e-03   1.7e-04 0.05
 
RESULTS OF THE OCCUPATION OPTIMIZATION
========================================
   1    1.9998104  -20.90287347
   2    1.9998377  -20.71502067
   3    1.9998504  -20.71458917
   4    1.9933700  -1.41044644
   5    1.9925411  -1.32130152
   6    1.9924610  -1.28054785
   7    1.9632804  -0.84053632
   8    1.9898790  -0.82430892
   9    1.9633865  -0.82327317
  10    1.9870568  -0.74062877
  11    1.9853734  -0.67694721
  12    1.9510675  -0.50568863
  13    0.0489325  -0.08232347
  14    0.0146266  -0.02253658
  15    0.0129432  -0.02200216
  16    0.0366135  -0.06320076
  17    0.0101210  -0.01605139
  18    0.0367196  -0.06368187
  19    0.0075390  -0.01968214
  20    0.0074589  -0.02114069
  21    0.0066300  -0.01887221
  22    0.0001496  -0.00550177
  23    0.0001623  -0.00582168
  24    0.0001896  -0.00641700
 
----------------
 Final Energies 
----------------
Final NOF Total Energy =    -224.9101463
 
Total Orbital Internal Iterations = 357
Total Occupation Internal Iterations = 81
 
Elapsed time:  867.06 Seconds

---------------------------------
   Lowdin Population Analysis    
---------------------------------
 Idx  Atom   Population   Charge 
---------------------------------
  1     O     7.930       0.070
  2     O     8.034      -0.034
  3     O     8.036      -0.036

---------------------------------
   M Diagnostic: 0.05
---------------------------------

Recovering execution output...
Moving from /scratch/pobleyef/283222 to /home-nas/pobleyef/Poison-NOF/ncwo1/P30-5/GNOF/arina.283222
mkdir -p /home-nas/pobleyef/Poison-NOF/ncwo1/P30-5/GNOF/arina.283222
mv /scratch/pobleyef/283222/* /home-nas/pobleyef/Poison-NOF/ncwo1/P30-5/GNOF/arina.283222
