W4-11_130_c2
/software/eb2024/easybuild/software/common/software/Julia/1.11.3-linux-x86_64/bin/julia
Job runing on nh039
Choosing scratch ...
Automatic scratch folder selection
/scratch/pobleyef/166739
/scratch/pobleyef/166739 directory
cp W4-11_130_c2.jl W4-11_130_c2.jld2 to  /scratch/pobleyef/166739/.
Computing Integrals
Elapsed time:    6.18 Seconds

Number of basis functions                   (NBF)    = 114
Number of auxiliary basis functions         (NBFAUX) = 150
Inactive Doubly occupied orbitals up to     (NO1)    = 0
No. considered Strongly Doubly occupied MOs (NDOC)   = 6
No. considered Strongly Singly occupied MOs (NSOC)   = 0
NO. of Weakly occ. per St. Doubly occ.  MOs (NCWO)   = 1
Dimension of the Nat. Orb. subspace         (NBF5)   = 12
No. of electrons                                     = 12
    No. of alpha electrons                           = 6
    No. of beta electrons                            = 6
Multiplicity                                         = 1

Geometry
========
 C       0.0000000       0.0000000       0.6200000
 C       0.0000000       0.0000000      -0.6200000

No violations of the orthonormality
No violations of the orthonormality
 
PNOF8/ADABelief Calculation
==================
 
  Nitext  Nit_orb  Time   Nit_occ  Time         Eelec          Etot           Ediff      maxdiff    MaxGrad_orb  Grad_occ
     1      10    2.8e+01    6    3.3e+01   -91.01016923   -75.64699139 -10090.01016923   0.015327   6.1e-02   5.1e-05 0.54
     2      20    6.0e-01    3    1.6e-03   -91.03584480   -75.67266696    -0.02567557   0.019187   7.7e-02   1.2e-04 0.53
     3      20    1.5e-01    4    1.5e-03   -91.03788887   -75.67471103    -0.00204407   0.016483   6.6e-02   2.3e-05 0.53
     4      20    2.1e-01    0    9.9e-04   -91.03795680   -75.67477896    -0.00006793   0.016483   6.6e-02   2.3e-05 0.53
     5      40    5.8e-01    3    1.2e-03   -91.03960768   -75.67642984    -0.00165088   0.001542   6.2e-03   1.8e-04 0.53
     6      40    4.2e-01    0    9.6e-04   -91.03962134   -75.67644350    -0.00001366   0.001542   6.2e-03   1.8e-04 0.53
     7      47    4.1e-01    1    1.3e-03   -91.03967231   -75.67649447    -0.00005097   0.000502   2.0e-03   2.0e-04 0.53
 
RESULTS OF THE OCCUPATION OPTIMIZATION
========================================
   1    1.9994851  -11.30525429
   2    1.9994855  -11.30520291
   3    1.9848592  -1.03286411
   4    1.4735152  -0.45498778
   5    1.9438203  -0.44417518
   6    1.9438156  -0.44417009
   7    0.0561844  -0.04038151
   8    0.0561797  -0.04037930
   9    0.5264848  -0.18559694
  10    0.0151408  -0.02440317
  11    0.0005145  -0.00916440
  12    0.0005149  -0.00916932
 
----------------
 Final Energies 
----------------
Final NOF Total Energy =     -75.6764945
 
Total Orbital Internal Iterations = 197
Total Occupation Internal Iterations = 17
 
Elapsed time:   82.48 Seconds

---------------------------------
   Lowdin Population Analysis    
---------------------------------
 Idx  Atom   Population   Charge 
---------------------------------
  1     C     6.000      -0.000
  2     C     6.000       0.000

---------------------------------
   M Diagnostic: 0.53
---------------------------------

Recovering execution output...
Moving from /scratch/pobleyef/166739 to /home-nas/pobleyef/Poison-Set/ncwo1/P30-5/GNOF/arina.166739
mkdir -p /home-nas/pobleyef/Poison-Set/ncwo1/P30-5/GNOF/arina.166739
mv /scratch/pobleyef/166739/* /home-nas/pobleyef/Poison-Set/ncwo1/P30-5/GNOF/arina.166739
