W4-11_120_t-hooo
/software/eb2024/easybuild/software/common/software/Julia/1.11.3-linux-x86_64/bin/julia
Job runing on nh030
Choosing scratch ...
Automatic scratch folder selection
/scratch/pobleyef/166736
/scratch/pobleyef/166736 directory
cp W4-11_120_t-hooo.jl W4-11_120_t-hooo.jld2 to  /scratch/pobleyef/166736/.
Computing Integrals
Elapsed time:    6.57 Seconds

Number of basis functions                   (NBF)    = 201
Number of auxiliary basis functions         (NBFAUX) = 249
Inactive Doubly occupied orbitals up to     (NO1)    = 0
No. considered Strongly Doubly occupied MOs (NDOC)   = 12
No. considered Strongly Singly occupied MOs (NSOC)   = 1
NO. of Weakly occ. per St. Doubly occ.  MOs (NCWO)   = 1
Dimension of the Nat. Orb. subspace         (NBF5)   = 25
No. of electrons                                     = 25
    No. of alpha electrons                           = 13
    No. of beta electrons                            = 12
Multiplicity                                         = 2

Geometry
========
 O       1.1743930       0.1943130       0.0000000
 O       0.0000000       0.5531800       0.0000000
 O      -0.9504710      -0.7177150       0.0000000
 H      -1.7913740      -0.2382290       0.0000000

No violations of the orthonormality
No violations of the orthonormality
 
PNOF8/ADABelief Calculation
==================
 
  Nitext  Nit_orb  Time   Nit_occ  Time         Eelec          Etot           Ediff      maxdiff    MaxGrad_orb  Grad_occ
     1      10    2.9e+01   12    3.3e+01  -296.94320285  -225.42963993 -10295.94320285   0.025370   1.0e-01   1.8e-04 0.05
     2      20    2.6e+00    6    8.7e-03  -297.03482968  -225.52126676    -0.09162683   0.011330   4.5e-02   1.2e-04 0.05
     3      20    2.9e+00    5    6.6e-03  -297.04044927  -225.52688636    -0.00561959   0.027246   1.1e-01   1.6e-04 0.05
     4      20    2.5e+00    5    5.7e-02  -297.04270399  -225.52914108    -0.00225472   0.015426   6.2e-02   1.7e-04 0.05
     5      20    2.5e+00    5    3.2e-02  -297.04332304  -225.52976012    -0.00061904   0.013425   5.4e-02   7.0e-05 0.05
     6      20    2.7e+00    0    3.8e-02  -297.04347503  -225.52991212    -0.00015200   0.013425   5.4e-02   7.0e-05 0.05
     7      40    5.1e+00    3    3.5e-02  -297.04544584  -225.53188293    -0.00197081   0.001118   4.5e-03   2.2e-04 0.05
     8      40    5.2e+00    4    3.5e-02  -297.04565080  -225.53208789    -0.00020496   0.001334   5.3e-03   1.3e-04 0.05
     9      40    5.1e+00    1    1.1e-02  -297.04577820  -225.53221528    -0.00012739   0.001218   4.9e-03   1.7e-04 0.05
    10      40    5.1e+00    3    3.4e-02  -297.04586973  -225.53230681    -0.00009153   0.001235   4.9e-03   1.2e-04 0.05
    11      40    5.2e+00    1    5.5e-03  -297.04592229  -225.53235937    -0.00005256   0.001322   5.3e-03   1.3e-04 0.05
    12      40    5.1e+00    1    4.7e-03  -297.04595778  -225.53239487    -0.00003550   0.001426   5.7e-03   1.9e-04 0.05
    13      40    4.8e+00    2    1.1e-02  -297.04597484  -225.53241192    -0.00001706   0.001354   5.4e-03   1.6e-04 0.05
    14      40    5.1e+00    2    9.6e-03  -297.04599165  -225.53242873    -0.00001681   0.001292   5.2e-03   1.7e-04 0.05
    15      40    5.0e+00    2    5.2e-03  -297.04600235  -225.53243944    -0.00001070   0.001335   5.3e-03   1.5e-04 0.05
    16      40    4.8e+00    2    9.0e-02  -297.04600539  -225.53244248    -0.00000304   0.001206   4.8e-03   1.5e-04 0.05
    17      40    5.0e+00    0    4.3e-02  -297.04601300  -225.53245009    -0.00000761   0.001204   4.8e-03   2.3e-04 0.05
    18      50    6.4e+00    0    5.8e-02  -297.04603648  -225.53247357    -0.00002348   0.000872   3.5e-03   2.4e-04 0.05
 
RESULTS OF THE OCCUPATION OPTIMIZATION
========================================
   1    1.9998291  -20.76870311
   2    1.9998226  -20.71209688
   3    1.9998276  -20.66398022
   4    1.9931012  -1.39866469
   5    1.9922445  -1.28435143
   6    1.9896454  -1.11624322
   7    1.9873459  -0.84236012
   8    1.9635864  -0.84116173
   9    1.9722196  -0.76511877
  10    1.9860279  -0.71977016
  11    1.9523173  -0.62397080
  12    1.9832188  -0.58020878
  13    1.0000000  -0.29836785
  14    0.0167812  -0.02252408
  15    0.0476827  -0.07594119
  16    0.0139721  -0.01924164
  17    0.0277804  -0.03638008
  18    0.0364136  -0.06147645
  19    0.0126541  -0.02205861
  20    0.0103546  -0.02111205
  21    0.0077555  -0.02125963
  22    0.0068988  -0.02005820
  23    0.0001724  -0.00600827
  24    0.0001774  -0.00628565
  25    0.0001709  -0.00594851
 
----------------
 Final Energies 
----------------
Final NOF Total Energy =    -225.5324736
 
Total Orbital Internal Iterations = 600
Total Occupation Internal Iterations = 54
 
Elapsed time:  159.33 Seconds

---------------------------------
   Lowdin Population Analysis    
---------------------------------
 Idx  Atom   Population   Charge 
---------------------------------
  1     O     7.965       0.035
  2     O     7.987       0.013
  3     O     7.647       0.353
  4     H     1.400      -0.400

---------------------------------
   M Diagnostic: 0.05
---------------------------------

Recovering execution output...
Moving from /scratch/pobleyef/166736 to /home-nas/pobleyef/Poison-Set/ncwo1/P30-5/GNOF/arina.166736
mkdir -p /home-nas/pobleyef/Poison-Set/ncwo1/P30-5/GNOF/arina.166736
mv /scratch/pobleyef/166736/* /home-nas/pobleyef/Poison-Set/ncwo1/P30-5/GNOF/arina.166736
