W4-11-n
/software/eb2024/easybuild/software/common/software/Julia/1.11.3-linux-x86_64/bin/julia
Job runing on na16
Choosing scratch ...
Automatic scratch folder selection
/scratch/pobleyef/283220
/scratch/pobleyef/283220 directory
cp W4-11-n.jl W4-11-n.jld2 to  /scratch/pobleyef/283220/.
W4-11-n_C.jld2 not found
W4-11-n_n.jld2 not found
Computing Integrals
Basis Set                                            = def2-qzvp
Auxiliary Basis Set                                  = def2-universal-jkfit
Gaussian Type                                        = Spherical
Elapsed time:    2.17 Seconds

Number of basis functions                   (NBF)    = 57
Number of auxiliary basis functions         (NBFAUX) = 77
Inactive Doubly occupied orbitals up to     (NO1)    = 0
No. considered Strongly Doubly occupied MOs (NDOC)   = 2
No. considered Strongly Singly occupied MOs (NSOC)   = 3
NO. of Weakly occ. per St. Doubly occ.  MOs (NCWO)   = 1
Dimension of the Nat. Orb. subspace         (NBF5)   = 7
No. of electrons                                     = 7
    No. of alpha electrons                           = 5
    No. of beta electrons                            = 2
Multiplicity                                         = 4

Geometry
========
 N       0.0000000       0.0000000       0.0000000

No violations of the orthonormality
No violations of the orthonormality
 
PNOF8/ADABelief Calculation
==================
 
  Nitext  Nit_orb  Time   Nit_occ  Time         Eelec          Etot           Ediff      maxdiff    MaxGrad_orb  Grad_occ
     1      10    1.7e+01    5    2.0e+01   -53.10877631   -53.10877631 -10052.10877631   0.507345   2.0e+00   9.6e-06 0.01
     2      10    4.2e-03    4    3.0e-04   -53.98567241   -53.98567241    -0.87689610   0.186328   7.5e-01   4.6e-05 0.01
     3      10    3.2e-03    4    2.7e-04   -54.32092678   -54.32092678    -0.33525437   0.165201   6.6e-01   4.3e-05 0.01
     4      10    4.1e-03    3    3.4e-04   -54.43205330   -54.43205330    -0.11112652   0.150158   6.0e-01   5.0e-05 0.02
     5      10    5.7e-02    2    2.5e-04   -54.44916893   -54.44916893    -0.01711563   0.161047   6.4e-01   2.1e-05 0.02
     6      10    3.3e-03    2    1.4e-04   -54.45144705   -54.45144705    -0.00227813   0.156969   6.3e-01   1.6e-05 0.02
     7      10    3.4e-03    2    4.3e-04   -54.45170592   -54.45170592    -0.00025887   0.151200   6.0e-01   1.0e-04 0.02
     8      10    4.1e-02    0    2.0e-04   -54.45171992   -54.45171992    -0.00001400   0.151200   6.0e-01   1.0e-04 0.02
     9      30    1.4e-02    2    3.8e-04   -54.45558705   -54.45558705    -0.00386713   0.001314   5.3e-03   3.4e-06 0.02
    10      30    1.2e-02    0    1.8e-04   -54.45558964   -54.45558964    -0.00000259   0.001314   5.3e-03   3.4e-06 0.02
    11      32    1.3e-02    0    2.4e-04   -54.45561367   -54.45561367    -0.00002403   0.000456   1.8e-03   1.1e-04 0.02
 
RESULTS OF THE OCCUPATION OPTIMIZATION
========================================
   1    1.9997717  -15.64702751
   2    1.9837262  -0.95706283
   3    1.0000000  -0.28987106
   4    1.0000000  -0.28986792
   5    1.0000000  -0.28985679
   6    0.0162738  -0.02141720
   7    0.0002283  -0.00622119
 
----------------
 Final Energies 
----------------
Final NOF Total Energy =     -54.4556137
 
Total Orbital Internal Iterations = 172
Total Occupation Internal Iterations = 24
 
Elapsed time:   48.52 Seconds

---------------------------------
   Lowdin Population Analysis    
---------------------------------
 Idx  Atom   Population   Charge 
---------------------------------
  1     N     7.000       0.000

---------------------------------
   M Diagnostic: 0.02
---------------------------------

Recovering execution output...
Moving from /scratch/pobleyef/283220 to /home-nas/pobleyef/Poison-NOF/ncwo1/P30-5/GNOF/arina.283220
mkdir -p /home-nas/pobleyef/Poison-NOF/ncwo1/P30-5/GNOF/arina.283220
mv /scratch/pobleyef/283220/* /home-nas/pobleyef/Poison-NOF/ncwo1/P30-5/GNOF/arina.283220
