W4-11-al
/software/eb2024/easybuild/software/common/software/Julia/1.11.3-linux-x86_64/bin/julia
Job runing on na13
Choosing scratch ...
Automatic scratch folder selection
/scratch/pobleyef/283205
/scratch/pobleyef/283205 directory
cp W4-11-al.jl W4-11-al.jld2 to  /scratch/pobleyef/283205/.
W4-11-al_C.jld2 not found
W4-11-al_n.jld2 not found
Computing Integrals
Basis Set                                            = def2-qzvp
Auxiliary Basis Set                                  = def2-universal-jkfit
Gaussian Type                                        = Spherical
Elapsed time:    3.19 Seconds

Number of basis functions                   (NBF)    = 70
Number of auxiliary basis functions         (NBFAUX) = 128
Inactive Doubly occupied orbitals up to     (NO1)    = 0
No. considered Strongly Doubly occupied MOs (NDOC)   = 6
No. considered Strongly Singly occupied MOs (NSOC)   = 1
NO. of Weakly occ. per St. Doubly occ.  MOs (NCWO)   = 1
Dimension of the Nat. Orb. subspace         (NBF5)   = 13
No. of electrons                                     = 13
    No. of alpha electrons                           = 7
    No. of beta electrons                            = 6
Multiplicity                                         = 2

Geometry
========
Al       0.0000000       0.0000000       0.0000000

No violations of the orthonormality
No violations of the orthonormality
 
PNOF8/ADABelief Calculation
==================
 
  Nitext  Nit_orb  Time   Nit_occ  Time         Eelec          Etot           Ediff      maxdiff    MaxGrad_orb  Grad_occ
     1      10    1.6e+01    5    2.0e+01  -237.72037423  -237.72037423 -10236.72037423   0.886781   3.5e+00   1.1e-04 0.00
     2      10    2.2e-01    7    1.5e-03  -240.22365080  -240.22365080    -2.50327656   0.318781   1.3e+00   4.5e-05 0.00
     3      10    2.9e-02    6    7.5e-04  -241.12316460  -241.12316460    -0.89951381   0.207025   8.3e-01   1.2e-04 0.01
     4      10    2.2e-02    4    1.0e-03  -241.70879348  -241.70879348    -0.58562888   0.265471   1.1e+00   1.0e-04 0.01
     5      10    1.9e-02    2    5.3e-04  -241.87274531  -241.87274531    -0.16395183   0.270428   1.1e+00   8.7e-05 0.01
     6      10    1.7e-02    3    7.5e-04  -241.93920805  -241.93920805    -0.06646274   0.269164   1.1e+00   9.8e-05 0.01
     7      10    1.9e-02    2    1.3e-03  -241.98466967  -241.98466967    -0.04546162   0.228126   9.1e-01   9.4e-05 0.01
     8      10    2.2e-02    2    7.6e-04  -242.00054132  -242.00054132    -0.01587166   0.287187   1.1e+00   1.8e-04 0.01
     9      10    1.9e-02    2    1.0e-03  -242.00826125  -242.00826125    -0.00771992   0.307514   1.2e+00   1.0e-04 0.02
    10      10    2.0e-02    2    6.3e-04  -242.00918667  -242.00918667    -0.00092542   0.270268   1.1e+00   7.6e-05 0.02
    11      10    2.0e-02    2    5.7e-04  -242.01288617  -242.01288617    -0.00369951   0.296600   1.2e+00   8.0e-05 0.02
    12      10    2.0e-02    1    4.7e-04  -242.02096260  -242.02096260    -0.00807643   0.233754   9.4e-01   1.4e-04 0.02
    13      10    1.9e-02    0    6.2e-04  -242.02097214  -242.02097214    -0.00000954   0.233754   9.4e-01   1.4e-04 0.02
    14      30    5.3e-02    1    6.9e-04  -242.04826505  -242.04826505    -0.02729291   0.014379   5.8e-02   1.3e-04 0.02
    15      30    5.5e-02    1    6.1e-04  -242.04901683  -242.04901683    -0.00075178   0.016561   6.6e-02   1.1e-04 0.02
    16      30    4.9e-02    0    9.5e-04  -242.04901986  -242.04901986    -0.00000303   0.016561   6.6e-02   1.1e-04 0.02
    17      50    8.6e-02    1    6.4e-04  -242.04947648  -242.04947648    -0.00045663   0.001132   4.5e-03   6.4e-05 0.02
    18      50    9.0e-02    0    6.3e-04  -242.04947716  -242.04947716    -0.00000067   0.001132   4.5e-03   6.4e-05 0.02
    19      70    1.1e-01    1    5.2e-04  -242.04948651  -242.04948651    -0.00000935   0.000552   2.2e-03   5.0e-05 0.02
 
RESULTS OF THE OCCUPATION OPTIMIZATION
========================================
   1    1.9999518  -58.55655763
   2    1.9973176  -4.92119023
   3    1.9980005  -3.24009890
   4    1.9952103  -3.23900855
   5    1.9958457  -3.23723100
   6    1.9836530  -0.40470869
   7    1.0000000  -0.10678851
   8    0.0163470  -0.02456357
   9    0.0041543  -0.03126803
  10    0.0047897  -0.02381339
  11    0.0019995  -0.00927758
  12    0.0026824  -0.01855770
  13    0.0000482  -0.00550681
 
----------------
 Final Energies 
----------------
Final NOF Total Energy =    -242.0494865
 
Total Orbital Internal Iterations = 390
Total Occupation Internal Iterations = 42
 
Elapsed time:   49.41 Seconds

---------------------------------
   Lowdin Population Analysis    
---------------------------------
 Idx  Atom   Population   Charge 
---------------------------------
  1    Al    13.000      -0.000

---------------------------------
   M Diagnostic: 0.02
---------------------------------

Recovering execution output...
Moving from /scratch/pobleyef/283205 to /home-nas/pobleyef/Poison-NOF/ncwo1/P30-5/GNOF/arina.283205
mkdir -p /home-nas/pobleyef/Poison-NOF/ncwo1/P30-5/GNOF/arina.283205
mv /scratch/pobleyef/283205/* /home-nas/pobleyef/Poison-NOF/ncwo1/P30-5/GNOF/arina.283205
