W4-11_104_hnnn
/software/eb2024/easybuild/software/common/software/Julia/1.11.3-linux-x86_64/bin/julia
Job runing on na07
Choosing scratch ...
Automatic scratch folder selection
/scratch/pobleyef/166730
/scratch/pobleyef/166730 directory
cp W4-11_104_hnnn.jl W4-11_104_hnnn.jld2 to  /scratch/pobleyef/166730/.
Computing Integrals
Elapsed time:    7.83 Seconds

Number of basis functions                   (NBF)    = 201
Number of auxiliary basis functions         (NBFAUX) = 249
Inactive Doubly occupied orbitals up to     (NO1)    = 0
No. considered Strongly Doubly occupied MOs (NDOC)   = 11
No. considered Strongly Singly occupied MOs (NSOC)   = 0
NO. of Weakly occ. per St. Doubly occ.  MOs (NCWO)   = 1
Dimension of the Nat. Orb. subspace         (NBF5)   = 22
No. of electrons                                     = 22
    No. of alpha electrons                           = 11
    No. of beta electrons                            = 11
Multiplicity                                         = 1

Geometry
========
 H       1.0789720      -1.3818100       0.0000000
 N       0.0937700      -1.1298800       0.0000000
 N       0.0000000       0.1110980       0.0000000
 N      -0.2479090       1.2161830       0.0000000

No violations of the orthonormality
No violations of the orthonormality
 
PNOF8/ADABelief Calculation
==================
 
  Nitext  Nit_orb  Time   Nit_occ  Time         Eelec          Etot           Ediff      maxdiff    MaxGrad_orb  Grad_occ
     1      10    4.9e+01    9    2.1e+01  -225.80935491  -164.21889951 -10224.80935491   0.025453   1.0e-01   1.4e-04 0.05
     2      20    5.8e+01    6    3.5e-02  -225.93984858  -164.34939317    -0.13049367   0.007162   2.9e-02   1.4e-04 0.04
     3      20    6.0e+01    6    4.6e-03  -225.94800186  -164.35754645    -0.00815328   0.011424   4.6e-02   8.6e-05 0.04
     4      20    5.8e+01    6    2.8e-02  -225.95128043  -164.36082503    -0.00327857   0.007781   3.1e-02   2.0e-04 0.04
     5      20    5.9e+01    5    3.0e-02  -225.95290876  -164.36245336    -0.00162833   0.012718   5.1e-02   1.6e-04 0.04
     6      20    6.0e+01    5    3.7e-03  -225.95356364  -164.36310824    -0.00065488   0.014193   5.7e-02   1.6e-04 0.04
     7      20    6.1e+01    3    4.4e-03  -225.95415138  -164.36369598    -0.00058774   0.018321   7.3e-02   2.0e-04 0.04
     8      20    6.0e+01    3    7.6e-03  -225.95434908  -164.36389368    -0.00019770   0.012921   5.2e-02   1.9e-04 0.04
     9      20    6.0e+01    3    4.2e-02  -225.95455808  -164.36410268    -0.00020901   0.010045   4.0e-02   2.0e-04 0.04
    10      20    5.8e+01    2    3.1e-02  -225.95478293  -164.36432753    -0.00022484   0.017161   6.9e-02   2.1e-04 0.04
    11      20    5.8e+01    3    1.7e-02  -225.95507607  -164.36462066    -0.00029314   0.009421   3.8e-02   2.0e-04 0.04
    12      20    5.9e+01    0    1.4e-02  -225.95508987  -164.36463446    -0.00001380   0.009421   3.8e-02   2.0e-04 0.04
    13      40    1.2e+02    2    4.1e-02  -225.95640155  -164.36594615    -0.00131168   0.000485   1.9e-03   1.7e-04 0.04
 
RESULTS OF THE OCCUPATION OPTIMIZATION
========================================
   1    1.9996707  -15.77237782
   2    1.9997663  -15.66901691
   3    1.9997308  -15.61259328
   4    1.9938556  -1.39000875
   5    1.9914869  -1.12893831
   6    1.9798562  -0.90402015
   7    1.9758460  -0.75293292
   8    1.9890537  -0.73211736
   9    1.9583375  -0.61446113
  10    1.9728832  -0.59803524
  11    1.9589661  -0.53094026
  12    0.0410339  -0.05650071
  13    0.0271168  -0.04288476
  14    0.0416625  -0.05569710
  15    0.0109463  -0.01803416
  16    0.0241540  -0.02959956
  17    0.0201438  -0.03461316
  18    0.0085131  -0.01930017
  19    0.0061444  -0.01365221
  20    0.0002692  -0.00702548
  21    0.0002337  -0.00622680
  22    0.0003293  -0.00824929
 
----------------
 Final Energies 
----------------
Final NOF Total Energy =    -164.3659461
 
Total Orbital Internal Iterations = 270
Total Occupation Internal Iterations = 53
 
Elapsed time:  880.35 Seconds

---------------------------------
   Lowdin Population Analysis    
---------------------------------
 Idx  Atom   Population   Charge 
---------------------------------
  1     H     1.257      -0.257
  2     N     6.842       0.158
  3     N     6.971       0.029
  4     N     6.931       0.069

---------------------------------
   M Diagnostic: 0.04
---------------------------------

Recovering execution output...
Moving from /scratch/pobleyef/166730 to /home-nas/pobleyef/Poison-Set/ncwo1/P30-5/GNOF/arina.166730
mkdir -p /home-nas/pobleyef/Poison-Set/ncwo1/P30-5/GNOF/arina.166730
mv /scratch/pobleyef/166730/* /home-nas/pobleyef/Poison-Set/ncwo1/P30-5/GNOF/arina.166730
