ALKBDE10_7_mgo
/software/eb2024/easybuild/software/common/software/Julia/1.11.3-linux-x86_64/bin/julia
Job runing on na01
Choosing scratch ...
Automatic scratch folder selection
/scratch/pobleyef/181877
/scratch/pobleyef/181877 directory
cp ALKBDE10_7_mgo.jl ALKBDE10_7_mgo.jld2 to  /scratch/pobleyef/181877/.
Computing Integrals
Elapsed time:   10.48 Seconds

Number of basis functions                   (NBF)    = 108
Number of auxiliary basis functions         (NBFAUX) = 189
Inactive Doubly occupied orbitals up to     (NO1)    = 0
No. considered Strongly Doubly occupied MOs (NDOC)   = 10
No. considered Strongly Singly occupied MOs (NSOC)   = 0
NO. of Weakly occ. per St. Doubly occ.  MOs (NCWO)   = 9
Dimension of the Nat. Orb. subspace         (NBF5)   = 100
No. of electrons                                     = 20
    No. of alpha electrons                           = 10
    No. of beta electrons                            = 10
Multiplicity                                         = 1

Geometry
========
Mg       0.0000000       0.0000000       0.8639034
 O       0.0000000       0.0000000      -0.8639034

No violations of the orthonormality
No violations of the orthonormality
 
PNOF9/ADABelief Calculation
==================
 
  Nitext  Nit_orb  Time   Nit_occ  Time         Eelec          Etot           Ediff      maxdiff    MaxGrad_orb  Grad_occ
     1      10    3.9e+01    0    2.0e+01  -304.28934968  -274.88738873 -10303.28934968   0.000477   1.9e-03   1.8e-04 0.03
 
RESULTS OF THE OCCUPATION OPTIMIZATION
========================================
   1    1.9999990  -49.09087218
   2    1.9999923  -20.48026973
   3    1.9976280  -3.81814512
   4    1.9962510  -2.33506067
   5    1.9958258  -2.32924677
   6    1.9946891  -2.31881115
   7    1.9866447  -1.14695161
   8    1.9730485  -0.40265628
   9    1.9733251  -0.40244742
  10    1.9630298  -0.36262853
  11    0.0306924  -0.03898604
  12    0.0127363  -0.02081014
  13    0.0137537  -0.02139538
  14    0.0091866  -0.02200221
  15    0.0052163  -0.02662370
  16    0.0029801  -0.01394553
  17    0.0030277  -0.01404633
  18    0.0022079  -0.01299296
  19    0.0000068  -0.00022952
  20    0.0000009  -0.00000969
  21    0.0037427  -0.00674830
  22    0.0042452  -0.00896725
  23    0.0041035  -0.00829347
  24    0.0024870  -0.01044522
  25    0.0000178  -0.00012335
  26    0.0004401  -0.00584718
  27    0.0004021  -0.00565252
  28    0.0000718  -0.00084270
  29    0.0000002  -0.00003255
  30    0.0000000  -0.00000032
  31    0.0021162  -0.00442366
  32    0.0033590  -0.00715400
  33    0.0035849  -0.00722049
  34    0.0003123  -0.00099988
  35    0.0000139  -0.00009669
  36    0.0002743  -0.00136429
  37    0.0001435  -0.00061330
  38    0.0000428  -0.00099916
  39    0.0000001  -0.00000297
  40    0.0000000  -0.00000038
  41    0.0001714  -0.00054874
  42    0.0026332  -0.00587012
  43    0.0028789  -0.00707956
  44    0.0002988  -0.00093998
  45    0.0000125  -0.00009147
  46    0.0002306  -0.00101638
  47    0.0001175  -0.00052306
  48    0.0000094  -0.00037007
  49    0.0000001  -0.00000289
  50    0.0000000  -0.00000031
  51    0.0001004  -0.00020665
  52    0.0023208  -0.00715133
  53    0.0013941  -0.00399063
  54    0.0002864  -0.00090131
  55    0.0000114  -0.00008121
  56    0.0001482  -0.00066475
  57    0.0000127  -0.00009761
  58    0.0000089  -0.00009126
  59    0.0000001  -0.00000221
  60    0.0000000  -0.00000026
  61    0.0000958  -0.00021246
  62    0.0007891  -0.00239582
  63    0.0008210  -0.00244345
  64    0.0002695  -0.00087209
  65    0.0000102  -0.00007664
  66    0.0000566  -0.00110115
  67    0.0000122  -0.00008498
  68    0.0000085  -0.00006696
  69    0.0000001  -0.00000129
  70    0.0000000  -0.00000028
  71    0.0000310  -0.00005359
  72    0.0001994  -0.00063636
  73    0.0002007  -0.00062602
  74    0.0002475  -0.00080515
  75    0.0000099  -0.00007366
  76    0.0000193  -0.00011973
  77    0.0000120  -0.00008138
  78    0.0000083  -0.00006355
  79    0.0000001  -0.00000107
  80    0.0000000  -0.00000017
  81    0.0000102  -0.00002384
  82    0.0001973  -0.00063778
  83    0.0001956  -0.00061789
  84    0.0002438  -0.00080242
  85    0.0000099  -0.00007125
  86    0.0000126  -0.00009237
  87    0.0000114  -0.00007761
  88    0.0000073  -0.00006257
  89    0.0000001  -0.00000090
  90    0.0000000  -0.00000030
  91    0.0000101  -0.00002544
  92    0.0001948  -0.00063803
  93    0.0000193  -0.00005200
  94    0.0000234  -0.00011990
  95    0.0000090  -0.00006508
  96    0.0000124  -0.00009108
  97    0.0000098  -0.00032317
  98    0.0000071  -0.00010062
  99    0.0000000  -0.00000076
 100    0.0000000  -0.00000009
 
----------------
 Final Energies 
----------------
Final NOF Total Energy =    -274.8873887
 
Total Orbital Internal Iterations = 10
Total Occupation Internal Iterations = 0
 
Elapsed time:   70.85 Seconds

---------------------------------
   Lowdin Population Analysis    
---------------------------------
 Idx  Atom   Population   Charge 
---------------------------------
  1    Mg    11.661       0.339
  2     O     8.339      -0.339

---------------------------------
   M Diagnostic: 0.03
---------------------------------

Recovering execution output...
Moving from /scratch/pobleyef/181877 to /home-nas/pobleyef/Poison-NOF/ncwomax/P30-5/GNOFmsta/arina.181877
mkdir -p /home-nas/pobleyef/Poison-NOF/ncwomax/P30-5/GNOFmsta/arina.181877
mv /scratch/pobleyef/181877/* /home-nas/pobleyef/Poison-NOF/ncwomax/P30-5/GNOFmsta/arina.181877
