ALKBDE10_2_cao
/software/eb2024/easybuild/software/common/software/Julia/1.11.3-linux-x86_64/bin/julia
Job runing on na01
Choosing scratch ...
Automatic scratch folder selection
/scratch/pobleyef/181876
/scratch/pobleyef/181876 directory
cp ALKBDE10_2_cao.jl ALKBDE10_2_cao.jld2 to  /scratch/pobleyef/181876/.
Computing Integrals
Elapsed time:   13.94 Seconds

Number of basis functions                   (NBF)    = 113
Number of auxiliary basis functions         (NBFAUX) = 237
Inactive Doubly occupied orbitals up to     (NO1)    = 0
No. considered Strongly Doubly occupied MOs (NDOC)   = 14
No. considered Strongly Singly occupied MOs (NSOC)   = 0
NO. of Weakly occ. per St. Doubly occ.  MOs (NCWO)   = 7
Dimension of the Nat. Orb. subspace         (NBF5)   = 112
No. of electrons                                     = 28
    No. of alpha electrons                           = 14
    No. of beta electrons                            = 14
Multiplicity                                         = 1

Geometry
========
Ca       0.0000000       0.0000000      -0.8987290
 O       0.0000000       0.0000000       0.8987290

No violations of the orthonormality
No violations of the orthonormality
 
PNOF9/ADABelief Calculation
==================
 
  Nitext  Nit_orb  Time   Nit_occ  Time         Eelec          Etot           Ediff      maxdiff    MaxGrad_orb  Grad_occ
     1      10    5.9e+01    0    2.1e+01  -799.38314306  -752.27874334 -10798.38314306   0.000986   3.9e-03   2.2e-04 0.03
 
RESULTS OF THE OCCUPATION OPTIMIZATION
========================================
   1    1.9999999  -149.21580762
   2    1.9999868  -18.43305125
   3    1.9999782  -17.30202673
   4    1.9999792  -14.88289108
   5    1.9999751  -13.49478355
   6    1.9999146  -13.49434041
   7    1.9907424  -2.13046137
   8    1.9774469  -1.24337331
   9    1.9767570  -1.23078294
  10    1.9769786  -1.22824821
  11    1.9839766  -1.04791500
  12    1.9681415  -0.35363265
  13    1.9727894  -0.33314422
  14    1.9686118  -0.32629293
  15    0.0240628  -0.03582114
  16    0.0124944  -0.01867595
  17    0.0251808  -0.04185987
  18    0.0080138  -0.02051741
  19    0.0201074  -0.03976078
  20    0.0195622  -0.03911495
  21    0.0188137  -0.03759376
  22    0.0072461  -0.03406565
  23    0.0000728  -0.00440950
  24    0.0000152  -0.00106637
  25    0.0000051  -0.00014229
  26    0.0000077  -0.00056659
  27    0.0000108  -0.00048593
  28    0.0000001  -0.00000009
  29    0.0031080  -0.00622018
  30    0.0100849  -0.01658540
  31    0.0030533  -0.00647127
  32    0.0044350  -0.01102154
  33    0.0024361  -0.00659746
  34    0.0026428  -0.00699763
  35    0.0025644  -0.00592299
  36    0.0007393  -0.00845235
  37    0.0000041  -0.00005966
  38    0.0000047  -0.00018586
  39    0.0000048  -0.00006718
  40    0.0000036  -0.00005837
  41    0.0000015  -0.00003814
  42    0.0000000  -0.00000001
  43    0.0029184  -0.00588719
  44    0.0039480  -0.00741271
  45    0.0030023  -0.00644580
  46    0.0011344  -0.00338009
  47    0.0001844  -0.00063920
  48    0.0008668  -0.00236733
  49    0.0009143  -0.00247474
  50    0.0006275  -0.00622868
  51    0.0000035  -0.00006423
  52    0.0000032  -0.00005116
  53    0.0000041  -0.00016355
  54    0.0000034  -0.00005896
  55    0.0000003  -0.00000242
  56    0.0000000  -0.00000001
  57    0.0006757  -0.00174201
  58    0.0002598  -0.00075588
  59    0.0002467  -0.00072075
  60    0.0010388  -0.00325291
  61    0.0001372  -0.00050749
  62    0.0001325  -0.00047471
  63    0.0001614  -0.00057014
  64    0.0004143  -0.00373007
  65    0.0000028  -0.00004807
  66    0.0000007  -0.00000864
  67    0.0000033  -0.00006556
  68    0.0000033  -0.00005569
  69    0.0000002  -0.00000047
  70    0.0000000  -0.00000001
  71    0.0002694  -0.00075210
  72    0.0002456  -0.00073549
  73    0.0002193  -0.00070534
  74    0.0007228  -0.00223025
  75    0.0000760  -0.00023206
  76    0.0000142  -0.00008451
  77    0.0000727  -0.00026180
  78    0.0001265  -0.00061357
  79    0.0000012  -0.00001631
  80    0.0000006  -0.00000415
  81    0.0000029  -0.00004951
  82    0.0000028  -0.00005010
  83    0.0000002  -0.00000045
  84    0.0000000  -0.00000001
  85    0.0002133  -0.00065053
  86    0.0001173  -0.00030856
  87    0.0001046  -0.00025354
  88    0.0004351  -0.00172056
  89    0.0000679  -0.00017972
  90    0.0000123  -0.00007418
  91    0.0000139  -0.00008147
  92    0.0000826  -0.00091158
  93    0.0000005  -0.00000330
  94    0.0000003  -0.00000185
  95    0.0000003  -0.00001086
  96    0.0000007  -0.00000614
  97    0.0000001  -0.00000021
  98    0.0000000  -0.00000000
  99    0.0001405  -0.00034944
 100    0.0000606  -0.00015100
 101    0.0000515  -0.00014427
 102    0.0002434  -0.00081297
 103    0.0000124  -0.00007843
 104    0.0000122  -0.00007456
 105    0.0000127  -0.00007539
 106    0.0000212  -0.00014743
 107    0.0000005  -0.00000435
 108    0.0000003  -0.00000096
 109    0.0000003  -0.00000874
 110    0.0000003  -0.00001525
 111    0.0000001  -0.00000011
 112    0.0000000  -0.00000000
 
----------------
 Final Energies 
----------------
Final NOF Total Energy =    -752.2787433
 
Total Orbital Internal Iterations = 10
Total Occupation Internal Iterations = 0
 
Elapsed time:   91.74 Seconds

---------------------------------
   Lowdin Population Analysis    
---------------------------------
 Idx  Atom   Population   Charge 
---------------------------------
  1    Ca    19.328       0.672
  2     O     8.672      -0.672

---------------------------------
   M Diagnostic: 0.03
---------------------------------

Recovering execution output...
Moving from /scratch/pobleyef/181876 to /home-nas/pobleyef/Poison-NOF/ncwomax/P30-5/GNOFmsta/arina.181876
mkdir -p /home-nas/pobleyef/Poison-NOF/ncwomax/P30-5/GNOFmsta/arina.181876
mv /scratch/pobleyef/181876/* /home-nas/pobleyef/Poison-NOF/ncwomax/P30-5/GNOFmsta/arina.181876
