b
/software/eb2024/easybuild/software/common/software/Julia/1.11.3-linux-x86_64/bin/julia
Job runing on na15
Choosing scratch ...
Automatic scratch folder selection
/scratch/pobleyef/185785
/scratch/pobleyef/185785 directory
cp b.jl b.jld2 to  /scratch/pobleyef/185785/.
Computing Integrals
Elapsed time:    3.46 Seconds

Number of basis functions                   (NBF)    = 57
Number of auxiliary basis functions         (NBFAUX) = 75
Inactive Doubly occupied orbitals up to     (NO1)    = 0
No. considered Strongly Doubly occupied MOs (NDOC)   = 2
No. considered Strongly Singly occupied MOs (NSOC)   = 1
NO. of Weakly occ. per St. Doubly occ.  MOs (NCWO)   = 27
Dimension of the Nat. Orb. subspace         (NBF5)   = 57
No. of electrons                                     = 5
    No. of alpha electrons                           = 3
    No. of beta electrons                            = 2
Multiplicity                                         = 2

Geometry
========
 B       0.0000000       0.0000000       0.0000000

No violations of the orthonormality
No violations of the orthonormality
 
PNOF9/ADABelief Calculation
==================
 
  Nitext  Nit_orb  Time   Nit_occ  Time         Eelec          Etot           Ediff      maxdiff    MaxGrad_orb  Grad_occ
     1      10    1.7e+01   23    2.1e+01   -24.61793687   -24.61793687 -10023.61793687   0.001296   5.2e-03   1.7e-04 0.14
     2      20    4.5e-02    0    1.5e-03   -24.61836804   -24.61836804    -0.00043117   0.001308   5.2e-03   1.7e-04 0.14
     3      40    4.9e-02    1    2.7e-03   -24.61844996   -24.61844996    -0.00008192   0.000535   2.1e-03   1.3e-04 0.14
 
RESULTS OF THE OCCUPATION OPTIMIZATION
========================================
   1    1.9989519  -7.67982201
   2    1.8100548  -0.50288523
   3    1.0000000  -0.17132682
   4    0.0902969  -0.02971565
   5    0.0007742  -0.00930744
   6    0.0901538  -0.02968175
   7    0.0000942  -0.00081345
   8    0.0032094  -0.00180731
   9    0.0000938  -0.00081160
  10    0.0021754  -0.00149462
  11    0.0000493  -0.00047450
  12    0.0012555  -0.00080423
  13    0.0000175  -0.00044095
  14    0.0011824  -0.00077155
  15    0.0000031  -0.00003153
  16    0.0011706  -0.00076888
  17    0.0000016  -0.00001672
  18    0.0000693  -0.00008739
  19    0.0000012  -0.00004374
  20    0.0000527  -0.00006922
  21    0.0000012  -0.00000892
  22    0.0000521  -0.00006903
  23    0.0000011  -0.00000766
  24    0.0000506  -0.00005101
  25    0.0000008  -0.00000485
  26    0.0000365  -0.00005243
  27    0.0000008  -0.00000447
  28    0.0000332  -0.00004079
  29    0.0000007  -0.00002249
  30    0.0000320  -0.00003966
  31    0.0000007  -0.00000337
  32    0.0000285  -0.00003950
  33    0.0000007  -0.00000288
  34    0.0000264  -0.00003885
  35    0.0000007  -0.00000273
  36    0.0000191  -0.00001722
  37    0.0000007  -0.00000250
  38    0.0000179  -0.00001675
  39    0.0000007  -0.00000247
  40    0.0000155  -0.00001719
  41    0.0000006  -0.00000219
  42    0.0000124  -0.00000686
  43    0.0000006  -0.00000209
  44    0.0000103  -0.00001386
  45    0.0000006  -0.00000214
  46    0.0000088  -0.00001026
  47    0.0000006  -0.00000207
  48    0.0000078  -0.00001120
  49    0.0000006  -0.00000206
  50    0.0000075  -0.00001396
  51    0.0000005  -0.00000075
  52    0.0000074  -0.00001449
  53    0.0000005  -0.00000043
  54    0.0000071  -0.00001108
  55    0.0000005  -0.00000039
  56    0.0000059  -0.00001018
  57    0.0000005  -0.00000019
 
----------------
 Final Energies 
----------------
Final NOF Total Energy =     -24.6184500
 
Total Orbital Internal Iterations = 70
Total Occupation Internal Iterations = 24
 
Elapsed time:   48.72 Seconds

---------------------------------
   Lowdin Population Analysis    
---------------------------------
 Idx  Atom   Population   Charge 
---------------------------------
  1     B     5.000      -0.000

---------------------------------
   M Diagnostic: 0.14
---------------------------------

Recovering execution output...
Moving from /scratch/pobleyef/185785 to /home-nas/pobleyef/Poison-NOF/ncwomax/P30-5/GNOFmsta/arina.185785
mkdir -p /home-nas/pobleyef/Poison-NOF/ncwomax/P30-5/GNOFmsta/arina.185785
mv /scratch/pobleyef/185785/* /home-nas/pobleyef/Poison-NOF/ncwomax/P30-5/GNOFmsta/arina.185785
