cl
/software/eb2024/easybuild/software/common/software/Julia/1.11.3-linux-x86_64/bin/julia
Job runing on na16
Choosing scratch ...
Automatic scratch folder selection
/scratch/pobleyef/185788
/scratch/pobleyef/185788 directory
cp cl.jl cl.jld2 to  /scratch/pobleyef/185788/.
Computing Integrals
Elapsed time:    5.71 Seconds

Number of basis functions                   (NBF)    = 70
Number of auxiliary basis functions         (NBFAUX) = 128
Inactive Doubly occupied orbitals up to     (NO1)    = 0
No. considered Strongly Doubly occupied MOs (NDOC)   = 8
No. considered Strongly Singly occupied MOs (NSOC)   = 1
NO. of Weakly occ. per St. Doubly occ.  MOs (NCWO)   = 7
Dimension of the Nat. Orb. subspace         (NBF5)   = 65
No. of electrons                                     = 17
    No. of alpha electrons                           = 9
    No. of beta electrons                            = 8
Multiplicity                                         = 2

Geometry
========
Cl       0.0000000       0.0000000       0.0000000

No violations of the orthonormality
No violations of the orthonormality
 
PNOF9/ADABelief Calculation
==================
 
  Nitext  Nit_orb  Time   Nit_occ  Time         Eelec          Etot           Ediff      maxdiff    MaxGrad_orb  Grad_occ
     1      10    1.7e+01   45    2.3e+01  -459.68023943  -459.68023943 -10458.68023943   0.016995   6.8e-02   2.0e-04 0.02
     2      20    1.1e-01   33    5.7e-02  -459.81633607  -459.81633607    -0.13609664   1.084191   4.3e+00   2.1e-04 0.02
     3      20    1.6e-01   29    1.4e-01  -459.88751248  -459.88751248    -0.07117642   0.018767   7.5e-02   1.8e-04 0.02
     4      20    9.3e-02   17    6.9e-02  -459.89720056  -459.89720056    -0.00968808   0.066386   2.7e-01   2.2e-04 0.02
     5      20    1.4e-01   11    3.2e-02  -459.91264855  -459.91264855    -0.01544799   0.056422   2.3e-01   2.5e-04 0.02
     6      20    1.6e-01   20    4.3e-02  -459.92362828  -459.92362828    -0.01097973   0.070123   2.8e-01   1.7e-04 0.02
     7      20    9.2e-02   21    4.6e-02  -459.93390161  -459.93390161    -0.01027332   0.040926   1.6e-01   1.6e-04 0.02
     8      20    1.4e-01   20    3.5e-02  -459.94100531  -459.94100531    -0.00710370   0.051792   2.1e-01   1.5e-04 0.02
     9      20    1.4e-01   22    6.4e-02  -459.94729502  -459.94729502    -0.00628971   0.041104   1.6e-01   1.8e-04 0.02
    10      20    8.0e-02   18    3.1e-02  -459.95148576  -459.95148576    -0.00419074   0.039592   1.6e-01   2.2e-04 0.02
    11      20    1.5e-01    9    2.4e-02  -459.95559377  -459.95559377    -0.00410801   0.041143   1.6e-01   2.5e-04 0.02
    12      20    1.7e-01   20    3.2e-02  -459.95780699  -459.95780699    -0.00221322   0.035995   1.4e-01   1.9e-04 0.02
    13      20    1.7e-01   14    4.5e-02  -459.95987890  -459.95987890    -0.00207190   0.043010   1.7e-01   1.4e-04 0.02
    14      20    3.2e-01    9    2.7e-02  -459.96080862  -459.96080862    -0.00092972   0.036874   1.5e-01   2.7e-04 0.02
    15      20    2.0e-01    9    2.8e-02  -459.96221534  -459.96221534    -0.00140673   0.034206   1.4e-01   2.2e-04 0.02
    16      20    2.5e-01    5    2.7e-02  -459.96258594  -459.96258594    -0.00037059   0.031363   1.3e-01   1.8e-04 0.02
    17      20    2.3e-01    3    2.8e-02  -459.96308103  -459.96308103    -0.00049509   0.040748   1.6e-01   1.8e-04 0.02
    18      20    2.5e-01    8    3.5e-02  -459.96368917  -459.96368917    -0.00060814   0.026335   1.1e-01   1.5e-04 0.02
    19      20    2.8e-01    0    3.1e-03  -459.96370405  -459.96370405    -0.00001489   0.026335   1.1e-01   1.5e-04 0.02
    20      40    5.1e-01    2    5.1e-03  -459.96535877  -459.96535877    -0.00165471   0.002436   9.7e-03   1.1e-04 0.02
    21      40    3.8e-01    0    1.5e-02  -459.96536044  -459.96536044    -0.00000167   0.002436   9.7e-03   1.1e-04 0.02
    22      60    7.9e-01    0    2.5e-03  -459.96539821  -459.96539821    -0.00003776   0.000568   2.3e-03   1.6e-04 0.02
 
RESULTS OF THE OCCUPATION OPTIMIZATION
========================================
   1    1.9999992  -104.94341760
   2    1.9996342  -10.59126193
   3    1.9994274  -8.13502137
   4    1.9990643  -8.09850563
   5    1.9991158  -8.09797578
   6    1.9810550  -1.09395765
   7    1.9739025  -0.51348617
   8    1.9679334  -0.51306345
   9    1.0000000  -0.29925988
  10    0.0108830  -0.01703735
  11    0.0079858  -0.01540144
  12    0.0055258  -0.02684012
  13    0.0004302  -0.01072539
  14    0.0007852  -0.00870155
  15    0.0004483  -0.01088645
  16    0.0003029  -0.00835029
  17    0.0000004  -0.00001213
  18    0.0105176  -0.01633519
  19    0.0076531  -0.01439257
  20    0.0046475  -0.01815290
  21    0.0003725  -0.00941974
  22    0.0000579  -0.00193963
  23    0.0000593  -0.00130590
  24    0.0000217  -0.00022019
  25    0.0000002  -0.00000886
  26    0.0091630  -0.01436136
  27    0.0070462  -0.01867754
  28    0.0037163  -0.01578650
  29    0.0000553  -0.00088685
  30    0.0000402  -0.00043523
  31    0.0000383  -0.00046663
  32    0.0000185  -0.00023061
  33    0.0000001  -0.00000460
  34    0.0004632  -0.00099510
  35    0.0018603  -0.00865122
  36    0.0016924  -0.00937835
  37    0.0000117  -0.00011621
  38    0.0000345  -0.00039156
  39    0.0000099  -0.00009945
  40    0.0000097  -0.00082198
  41    0.0000000  -0.00000363
  42    0.0004273  -0.00090273
  43    0.0005765  -0.00138333
  44    0.0015881  -0.00896680
  45    0.0000062  -0.00006269
  46    0.0000082  -0.00008189
  47    0.0000066  -0.00006501
  48    0.0000063  -0.00007028
  49    0.0000000  -0.00000280
  50    0.0004214  -0.00090390
  51    0.0005735  -0.00137914
  52    0.0015027  -0.00842335
  53    0.0000056  -0.00005458
  54    0.0000053  -0.00005320
  55    0.0000051  -0.00005287
  56    0.0000034  -0.00004025
  57    0.0000000  -0.00000218
  58    0.0001911  -0.00074612
  59    0.0004020  -0.00096839
  60    0.0002722  -0.00086752
  61    0.0000026  -0.00048831
  62    0.0000044  -0.00004762
  63    0.0000051  -0.00005192
  64    0.0000034  -0.00003773
  65    0.0000000  -0.00000176
 
----------------
 Final Energies 
----------------
Final NOF Total Energy =    -459.9653982
 
Total Orbital Internal Iterations = 510
Total Occupation Internal Iterations = 315
 
Elapsed time:   58.53 Seconds

---------------------------------
   Lowdin Population Analysis    
---------------------------------
 Idx  Atom   Population   Charge 
---------------------------------
  1    Cl    17.000      -0.000

---------------------------------
   M Diagnostic: 0.02
---------------------------------

Recovering execution output...
Moving from /scratch/pobleyef/185788 to /home-nas/pobleyef/Poison-NOF/ncwomax/P30-5/GNOFmsta/arina.185788
mkdir -p /home-nas/pobleyef/Poison-NOF/ncwomax/P30-5/GNOFmsta/arina.185788
mv /scratch/pobleyef/185788/* /home-nas/pobleyef/Poison-NOF/ncwomax/P30-5/GNOFmsta/arina.185788
