G2RC_10_61
/software/eb2024/easybuild/software/common/software/Julia/1.11.3-linux-x86_64/bin/julia
Job runing on nh045
Choosing scratch ...
Automatic scratch folder selection
/scratch/pobleyef/174336
/scratch/pobleyef/174336 directory
cp G2RC_10_61.jl G2RC_10_61.jld2 to  /scratch/pobleyef/174336/.
Computing Integrals
Elapsed time:    7.16 Seconds

Number of basis functions                   (NBF)    = 285
Number of auxiliary basis functions         (NBFAUX) = 383
Inactive Doubly occupied orbitals up to     (NO1)    = 0
No. considered Strongly Doubly occupied MOs (NDOC)   = 21
No. considered Strongly Singly occupied MOs (NSOC)   = 0
NO. of Weakly occ. per St. Doubly occ.  MOs (NCWO)   = 12
Dimension of the Nat. Orb. subspace         (NBF5)   = 273
No. of electrons                                     = 42
    No. of alpha electrons                           = 21
    No. of beta electrons                            = 21
Multiplicity                                         = 1

Geometry
========
 C       0.0000000       0.0000000       0.0000000
 F       0.7665641      -0.7665641       0.7665641
 F      -0.7665641       0.7665641       0.7665641
 F      -0.7665641      -0.7665641      -0.7665641
 F       0.7665641       0.7665641      -0.7665641

No violations of the orthonormality
No violations of the orthonormality
 
PNOF9/ADABelief Calculation
==================
 
  Nitext  Nit_orb  Time   Nit_occ  Time         Eelec          Etot           Ediff      maxdiff    MaxGrad_orb  Grad_occ
     1      10    3.2e+01   20    4.0e+01  -641.84378032  -437.13938298 -10640.84378032   0.000976   3.9e-03   3.1e-04 0.03
 
RESULTS OF THE OCCUPATION OPTIMIZATION
========================================
   1    1.9999861  -26.41063217
   2    1.9999880  -26.41061314
   3    1.9999857  -26.41060374
   4    1.9999861  -26.41052740
   5    1.9999092  -11.59238683
   6    1.9892169  -1.75415246
   7    1.9892462  -1.70131530
   8    1.9889421  -1.68345041
   9    1.9886159  -1.66808341
  10    1.9736672  -0.87584033
  11    1.9849034  -0.86872118
  12    1.9729713  -0.86219825
  13    1.9848012  -0.84943832
  14    1.9723806  -0.84868608
  15    1.9848203  -0.84755278
  16    1.9720203  -0.84486818
  17    1.9818207  -0.84043539
  18    1.9817842  -0.81946678
  19    1.9816147  -0.80387108
  20    1.9815049  -0.77881307
  21    1.9795475  -0.76350585
  22    0.0083967  -0.01773413
  23    0.0092873  -0.01841657
  24    0.0092903  -0.01849805
  25    0.0093325  -0.01854856
  26    0.0092347  -0.01849911
  27    0.0249114  -0.04817502
  28    0.0085376  -0.02117831
  29    0.0244044  -0.04733553
  30    0.0085407  -0.02114412
  31    0.0260865  -0.04943725
  32    0.0086631  -0.02111557
  33    0.0244618  -0.04718398
  34    0.0065800  -0.02072751
  35    0.0048861  -0.01389568
  36    0.0047767  -0.01370481
  37    0.0046475  -0.01365787
  38    0.0000388  -0.00110232
  39    0.0000060  -0.00032375
  40    0.0000058  -0.00032204
  41    0.0000046  -0.00019574
  42    0.0000060  -0.00032241
  43    0.0037122  -0.00908730
  44    0.0039058  -0.00918318
  45    0.0038249  -0.00892558
  46    0.0038237  -0.00908404
  47    0.0037923  -0.00897577
  48    0.0024679  -0.00717610
  49    0.0039000  -0.00913421
  50    0.0026074  -0.00747962
  51    0.0039663  -0.00920975
  52    0.0001956  -0.00079467
  53    0.0037862  -0.00909730
  54    0.0013757  -0.00466279
  55    0.0028866  -0.00877953
  56    0.0028201  -0.00856641
  57    0.0027098  -0.00831430
  58    0.0027290  -0.00842877
  59    0.0000109  -0.00034934
  60    0.0000021  -0.00004095
  61    0.0000021  -0.00004199
  62    0.0000018  -0.00003475
  63    0.0000018  -0.00003504
  64    0.0035928  -0.00898130
  65    0.0037166  -0.00900118
  66    0.0037525  -0.00902801
  67    0.0036843  -0.00901752
  68    0.0036744  -0.00886627
  69    0.0001861  -0.00077374
  70    0.0007791  -0.00282024
  71    0.0001834  -0.00076935
  72    0.0007928  -0.00292733
  73    0.0001920  -0.00077951
  74    0.0007597  -0.00268619
  75    0.0001758  -0.00074671
  76    0.0007560  -0.00553773
  77    0.0018589  -0.00688772
  78    0.0018112  -0.00692671
  79    0.0018197  -0.00712135
  80    0.0000053  -0.00007944
  81    0.0000013  -0.00004241
  82    0.0000014  -0.00003183
  83    0.0000013  -0.00003176
  84    0.0000012  -0.00004888
  85    0.0035841  -0.00898935
  86    0.0004515  -0.00170158
  87    0.0005792  -0.00201357
  88    0.0004543  -0.00166538
  89    0.0005782  -0.00203299
  90    0.0001755  -0.00073036
  91    0.0007362  -0.00264594
  92    0.0001731  -0.00074391
  93    0.0007326  -0.00269224
  94    0.0001809  -0.00074031
  95    0.0005924  -0.00209224
  96    0.0001623  -0.00071535
  97    0.0003912  -0.00194234
  98    0.0006095  -0.00530144
  99    0.0005863  -0.00559299
 100    0.0005895  -0.00546512
 101    0.0000051  -0.00007866
 102    0.0000010  -0.00002150
 103    0.0000011  -0.00002498
 104    0.0000011  -0.00002967
 105    0.0000011  -0.00002444
 106    0.0004391  -0.00152762
 107    0.0004121  -0.00148495
 108    0.0002842  -0.00109820
 109    0.0003320  -0.00127813
 110    0.0002763  -0.00108249
 111    0.0000881  -0.00043204
 112    0.0005683  -0.00191887
 113    0.0001211  -0.00059528
 114    0.0005218  -0.00225976
 115    0.0001568  -0.00068583
 116    0.0005412  -0.00219748
 117    0.0000528  -0.00025329
 118    0.0003275  -0.00179101
 119    0.0004902  -0.00312067
 120    0.0002343  -0.00115756
 121    0.0002442  -0.00109119
 122    0.0000051  -0.00007805
 123    0.0000007  -0.00001715
 124    0.0000008  -0.00001993
 125    0.0000007  -0.00001712
 126    0.0000008  -0.00001973
 127    0.0002807  -0.00112351
 128    0.0002981  -0.00118100
 129    0.0002492  -0.00095020
 130    0.0002521  -0.00093941
 131    0.0002640  -0.00103682
 132    0.0000824  -0.00040967
 133    0.0002733  -0.00107977
 134    0.0000524  -0.00024879
 135    0.0002694  -0.00102680
 136    0.0001445  -0.00067226
 137    0.0002805  -0.00110356
 138    0.0000362  -0.00017659
 139    0.0002039  -0.00091209
 140    0.0002184  -0.00102514
 141    0.0002204  -0.00101174
 142    0.0002351  -0.00114478
 143    0.0000049  -0.00007642
 144    0.0000007  -0.00001666
 145    0.0000007  -0.00001634
 146    0.0000005  -0.00001555
 147    0.0000007  -0.00001628
 148    0.0001969  -0.00079372
 149    0.0002422  -0.00091230
 150    0.0002253  -0.00091330
 151    0.0002292  -0.00088562
 152    0.0002331  -0.00091331
 153    0.0000151  -0.00009460
 154    0.0002645  -0.00103092
 155    0.0000222  -0.00012455
 156    0.0002578  -0.00099198
 157    0.0000158  -0.00009324
 158    0.0002641  -0.00104085
 159    0.0000137  -0.00009111
 160    0.0001285  -0.00068780
 161    0.0000756  -0.00124985
 162    0.0002070  -0.00096258
 163    0.0002074  -0.00105669
 164    0.0000046  -0.00007337
 165    0.0000005  -0.00001030
 166    0.0000006  -0.00001663
 167    0.0000005  -0.00000896
 168    0.0000006  -0.00001160
 169    0.0001902  -0.00078483
 170    0.0000985  -0.00044811
 171    0.0001094  -0.00050199
 172    0.0000402  -0.00021169
 173    0.0000628  -0.00029087
 174    0.0000116  -0.00008414
 175    0.0000468  -0.00026331
 176    0.0000125  -0.00008560
 177    0.0000411  -0.00022301
 178    0.0000116  -0.00008365
 179    0.0001000  -0.00047109
 180    0.0000114  -0.00008488
 181    0.0000387  -0.00024860
 182    0.0000379  -0.00022375
 183    0.0000832  -0.00106313
 184    0.0001660  -0.00087398
 185    0.0000039  -0.00005901
 186    0.0000005  -0.00000993
 187    0.0000005  -0.00000934
 188    0.0000004  -0.00000618
 189    0.0000005  -0.00001002
 190    0.0000180  -0.00010391
 191    0.0000280  -0.00015038
 192    0.0000280  -0.00014965
 193    0.0000262  -0.00014710
 194    0.0000192  -0.00011039
 195    0.0000107  -0.00007996
 196    0.0000282  -0.00015570
 197    0.0000111  -0.00008276
 198    0.0000270  -0.00015086
 199    0.0000116  -0.00008387
 200    0.0000424  -0.00024010
 201    0.0000111  -0.00008482
 202    0.0000281  -0.00016635
 203    0.0000168  -0.00013113
 204    0.0000761  -0.00124479
 205    0.0000953  -0.00153896
 206    0.0000039  -0.00005889
 207    0.0000003  -0.00000509
 208    0.0000004  -0.00000968
 209    0.0000004  -0.00001052
 210    0.0000003  -0.00000733
 211    0.0000148  -0.00009774
 212    0.0000269  -0.00014693
 213    0.0000150  -0.00010249
 214    0.0000140  -0.00009612
 215    0.0000161  -0.00010662
 216    0.0000105  -0.00008155
 217    0.0000165  -0.00011953
 218    0.0000109  -0.00008114
 219    0.0000175  -0.00012573
 220    0.0000113  -0.00008298
 221    0.0000306  -0.00016687
 222    0.0000109  -0.00008351
 223    0.0000159  -0.00012419
 224    0.0000157  -0.00011967
 225    0.0000184  -0.00013679
 226    0.0000183  -0.00014114
 227    0.0000033  -0.00005551
 228    0.0000003  -0.00000407
 229    0.0000004  -0.00001355
 230    0.0000003  -0.00000518
 231    0.0000003  -0.00000651
 232    0.0000136  -0.00009232
 233    0.0000142  -0.00009572
 234    0.0000140  -0.00009665
 235    0.0000138  -0.00009478
 236    0.0000147  -0.00010097
 237    0.0000102  -0.00007873
 238    0.0000152  -0.00010889
 239    0.0000105  -0.00007947
 240    0.0000166  -0.00011534
 241    0.0000111  -0.00008135
 242    0.0000192  -0.00013254
 243    0.0000107  -0.00008226
 244    0.0000141  -0.00010697
 245    0.0000146  -0.00010900
 246    0.0000153  -0.00011615
 247    0.0000157  -0.00012459
 248    0.0000028  -0.00004621
 249    0.0000003  -0.00003846
 250    0.0000003  -0.00002942
 251    0.0000003  -0.00001951
 252    0.0000003  -0.00001592
 253    0.0000135  -0.00009068
 254    0.0000140  -0.00009538
 255    0.0000136  -0.00009429
 256    0.0000135  -0.00009491
 257    0.0000136  -0.00009513
 258    0.0000102  -0.00007895
 259    0.0000142  -0.00009981
 260    0.0000103  -0.00007932
 261    0.0000150  -0.00010709
 262    0.0000109  -0.00008161
 263    0.0000172  -0.00012138
 264    0.0000105  -0.00008093
 265    0.0000136  -0.00010385
 266    0.0000141  -0.00010505
 267    0.0000151  -0.00011272
 268    0.0000152  -0.00011772
 269    0.0000022  -0.00003744
 270    0.0000002  -0.00001494
 271    0.0000003  -0.00000748
 272    0.0000002  -0.00003920
 273    0.0000002  -0.00001959
 
----------------
 Final Energies 
----------------
Final NOF Total Energy =    -437.1393830
 
Total Orbital Internal Iterations = 10
Total Occupation Internal Iterations = 20
 
Elapsed time:   92.85 Seconds

---------------------------------
   Lowdin Population Analysis    
---------------------------------
 Idx  Atom   Population   Charge 
---------------------------------
  1     C     7.517      -1.517
  2     F     8.622       0.378
  3     F     8.621       0.379
  4     F     8.621       0.379
  5     F     8.620       0.380

---------------------------------
   M Diagnostic: 0.03
---------------------------------

Recovering execution output...
Moving from /scratch/pobleyef/174336 to /home-nas/pobleyef/Poison-Set/ncwomax/P30-5/GNOFmsta/arina.174336
mkdir -p /home-nas/pobleyef/Poison-Set/ncwomax/P30-5/GNOFmsta/arina.174336
mv /scratch/pobleyef/174336/* /home-nas/pobleyef/Poison-Set/ncwomax/P30-5/GNOFmsta/arina.174336
