G2RC_20_13
/software/eb2024/easybuild/software/common/software/Julia/1.11.3-linux-x86_64/bin/julia
Job runing on na10
Choosing scratch ...
Automatic scratch folder selection
/scratch/pobleyef/181895
/scratch/pobleyef/181895 directory
cp G2RC_20_13.jl G2RC_20_13.jld2 to  /scratch/pobleyef/181895/.
Computing Integrals
Elapsed time:    4.61 Seconds

Number of basis functions                   (NBF)    = 117
Number of auxiliary basis functions         (NBFAUX) = 113
Inactive Doubly occupied orbitals up to     (NO1)    = 0
No. considered Strongly Doubly occupied MOs (NDOC)   = 5
No. considered Strongly Singly occupied MOs (NSOC)   = 0
NO. of Weakly occ. per St. Doubly occ.  MOs (NCWO)   = 22
Dimension of the Nat. Orb. subspace         (NBF5)   = 115
No. of electrons                                     = 10
    No. of alpha electrons                           = 5
    No. of beta electrons                            = 5
Multiplicity                                         = 1

Geometry
========
 O       0.0000000       0.0000000      -0.3906056
 H      -0.7620804       0.0000000       0.1953028
 H       0.7620804       0.0000000       0.1953028

No violations of the orthonormality
No violations of the orthonormality
 
PNOF9/ADABelief Calculation
==================
 
  Nitext  Nit_orb  Time   Nit_occ  Time         Eelec          Etot           Ediff      maxdiff    MaxGrad_orb  Grad_occ
     1      10    4.3e+01    0    2.0e+01   -85.51078029   -76.35571089 -10084.51078029   0.000820   3.3e-03   1.4e-04 0.02
 
RESULTS OF THE OCCUPATION OPTIMIZATION
========================================
   1    1.9999879  -20.59361667
   2    1.9852031  -1.24698592
   3    1.9746126  -0.75622563
   4    1.9746544  -0.75384627
   5    1.9799265  -0.54822702
   6    0.0110967  -0.01804491
   7    0.0198080  -0.03001034
   8    0.0200589  -0.03020073
   9    0.0069483  -0.01818864
  10    0.0000107  -0.00049715
  11    0.0048772  -0.00919336
  12    0.0037889  -0.00767988
  13    0.0037646  -0.00760986
  14    0.0032950  -0.00785966
  15    0.0000003  -0.00003545
  16    0.0011970  -0.00425536
  17    0.0005935  -0.00158206
  18    0.0005175  -0.00151234
  19    0.0030825  -0.00764351
  20    0.0000002  -0.00000157
  21    0.0010281  -0.00296289
  22    0.0005518  -0.00164331
  23    0.0003670  -0.00101736
  24    0.0005478  -0.00176868
  25    0.0000002  -0.00000098
  26    0.0006523  -0.00327496
  27    0.0003093  -0.00093202
  28    0.0002554  -0.00077610
  29    0.0002483  -0.00106050
  30    0.0000001  -0.00000074
  31    0.0003771  -0.00119468
  32    0.0001077  -0.00037251
  33    0.0001839  -0.00061983
  34    0.0001990  -0.00072684
  35    0.0000001  -0.00000058
  36    0.0002587  -0.00078290
  37    0.0000578  -0.00020338
  38    0.0000714  -0.00031336
  39    0.0001719  -0.00143657
  40    0.0000001  -0.00000056
  41    0.0002243  -0.00071018
  42    0.0000332  -0.00012264
  43    0.0000580  -0.00022075
  44    0.0000992  -0.00064014
  45    0.0000001  -0.00000045
  46    0.0000801  -0.00028757
  47    0.0000252  -0.00010442
  48    0.0000387  -0.00012549
  49    0.0000341  -0.00015078
  50    0.0000000  -0.00000041
  51    0.0000727  -0.00025736
  52    0.0000132  -0.00007550
  53    0.0000175  -0.00008192
  54    0.0000305  -0.00013519
  55    0.0000000  -0.00000036
  56    0.0000518  -0.00020580
  57    0.0000126  -0.00006931
  58    0.0000158  -0.00007951
  59    0.0000261  -0.00012299
  60    0.0000000  -0.00000034
  61    0.0000380  -0.00013097
  62    0.0000084  -0.00003583
  63    0.0000091  -0.00003339
  64    0.0000216  -0.00010902
  65    0.0000000  -0.00000031
  66    0.0000341  -0.00012638
  67    0.0000067  -0.00003129
  68    0.0000054  -0.00002613
  69    0.0000164  -0.00007297
  70    0.0000000  -0.00000032
  71    0.0000177  -0.00007887
  72    0.0000062  -0.00002695
  73    0.0000054  -0.00001934
  74    0.0000147  -0.00007398
  75    0.0000000  -0.00000026
  76    0.0000170  -0.00008206
  77    0.0000061  -0.00002354
  78    0.0000035  -0.00000836
  79    0.0000120  -0.00005428
  80    0.0000000  -0.00000021
  81    0.0000163  -0.00007923
  82    0.0000054  -0.00001898
  83    0.0000033  -0.00000913
  84    0.0000115  -0.00004998
  85    0.0000000  -0.00000019
  86    0.0000114  -0.00004806
  87    0.0000027  -0.00000708
  88    0.0000030  -0.00000765
  89    0.0000102  -0.00004595
  90    0.0000000  -0.00000026
  91    0.0000091  -0.00003701
  92    0.0000022  -0.00000497
  93    0.0000029  -0.00000639
  94    0.0000082  -0.00003968
  95    0.0000000  -0.00000012
  96    0.0000045  -0.00001660
  97    0.0000020  -0.00000285
  98    0.0000022  -0.00000320
  99    0.0000074  -0.00003536
 100    0.0000000  -0.00000012
 101    0.0000036  -0.00001298
 102    0.0000018  -0.00000240
 103    0.0000014  -0.00000186
 104    0.0000059  -0.00002845
 105    0.0000000  -0.00000008
 106    0.0000030  -0.00000780
 107    0.0000017  -0.00000208
 108    0.0000014  -0.00000225
 109    0.0000042  -0.00001772
 110    0.0000000  -0.00000011
 111    0.0000028  -0.00000851
 112    0.0000012  -0.00000135
 113    0.0000011  -0.00000176
 114    0.0000020  -0.00000458
 115    0.0000000  -0.00000010
 
----------------
 Final Energies 
----------------
Final NOF Total Energy =     -76.3557109
 
Total Orbital Internal Iterations = 10
Total Occupation Internal Iterations = 0
 
Elapsed time:   74.13 Seconds

---------------------------------
   Lowdin Population Analysis    
---------------------------------
 Idx  Atom   Population   Charge 
---------------------------------
  1     O     7.351       0.649
  2     H     1.324      -0.324
  3     H     1.325      -0.325

---------------------------------
   M Diagnostic: 0.02
---------------------------------

Recovering execution output...
Moving from /scratch/pobleyef/181895 to /home-nas/pobleyef/Poison-NOF/ncwomax/P30-5/GNOFmsta/arina.181895
mkdir -p /home-nas/pobleyef/Poison-NOF/ncwomax/P30-5/GNOFmsta/arina.181895
mv /scratch/pobleyef/181895/* /home-nas/pobleyef/Poison-NOF/ncwomax/P30-5/GNOFmsta/arina.181895
