G2RC_10_67
/software/eb2024/easybuild/software/common/software/Julia/1.11.3-linux-x86_64/bin/julia
Job runing on na01
Choosing scratch ...
Automatic scratch folder selection
/scratch/pobleyef/181937
/scratch/pobleyef/181937 directory
cp G2RC_10_67.jl G2RC_10_67.jld2 to  /scratch/pobleyef/181937/.
Computing Integrals
Elapsed time:   14.79 Seconds

Number of basis functions                   (NBF)    = 350
Number of auxiliary basis functions         (NBFAUX) = 640
Inactive Doubly occupied orbitals up to     (NO1)    = 0
No. considered Strongly Doubly occupied MOs (NDOC)   = 41
No. considered Strongly Singly occupied MOs (NSOC)   = 0
NO. of Weakly occ. per St. Doubly occ.  MOs (NCWO)   = 7
Dimension of the Nat. Orb. subspace         (NBF5)   = 328
No. of electrons                                     = 82
    No. of alpha electrons                           = 41
    No. of beta electrons                            = 41
Multiplicity                                         = 1

Geometry
========
Si       0.0000000       0.0000000       0.0000000
Cl       1.1825283      -1.1825283       1.1825283
Cl      -1.1825283       1.1825283       1.1825283
Cl      -1.1825283      -1.1825283      -1.1825283
Cl       1.1825283       1.1825283      -1.1825283

No violations of the orthonormality
No violations of the orthonormality
 
PNOF9/ADABelief Calculation
==================
 
  Nitext  Nit_orb  Time   Nit_occ  Time         Eelec          Etot           Ediff      maxdiff    MaxGrad_orb  Grad_occ
     1      10    5.6e+01    0    2.1e+01 -2649.96038343 -2129.65776050 -12648.96038343   0.001396   5.6e-03   2.8e-04 0.02
     2      30    1.2e+02    0    3.6e-01 -2649.96038343 -2129.65776050     0.00000000   0.001396   5.6e-03   2.8e-04 0.02
     3      50    1.9e+02    0    3.4e-01 -2649.96038343 -2129.65776050     0.00000000   0.001396   5.6e-03   2.8e-04 0.02
     4      70    2.7e+02   10    1.7e+00 -2649.96044836 -2129.65782543    -0.00006493   0.001571   6.3e-03   1.7e-04 0.02
     5      70    2.6e+02    2    6.9e-01 -2649.96054793 -2129.65792500    -0.00009957   0.001420   5.7e-03   2.5e-04 0.02
     6      70    2.5e+02    7    1.3e+00 -2649.96062407 -2129.65800114    -0.00007615   0.001400   5.6e-03   2.1e-04 0.02
     7      70    2.5e+02    6    1.1e+00 -2649.96075008 -2129.65812714    -0.00012600   0.001329   5.3e-03   2.5e-04 0.02
     8      70    2.6e+02    8    1.3e+00 -2649.96087836 -2129.65825542    -0.00012828   0.001364   5.5e-03   2.1e-04 0.02
     9      70    2.5e+02    5    9.6e-01 -2649.96101939 -2129.65839646    -0.00014103   0.001327   5.3e-03   2.5e-04 0.02
    10      70    2.6e+02    6    1.2e+00 -2649.96114901 -2129.65852608    -0.00012962   0.001512   6.0e-03   2.5e-04 0.02
    11      70    2.5e+02    8    1.2e+00 -2649.96128606 -2129.65866312    -0.00013704   0.001452   5.8e-03   1.5e-04 0.02
    12      70    2.5e+02    4    8.2e-01 -2649.96141865 -2129.65879571    -0.00013259   0.001588   6.4e-03   2.4e-04 0.02
    13      70    2.4e+02    5    1.1e+00 -2649.96153012 -2129.65890718    -0.00011147   0.001562   6.2e-03   2.6e-04 0.02
    14      70    2.5e+02    5    9.6e-01 -2649.96163793 -2129.65901500    -0.00010782   0.001836   7.3e-03   3.0e-04 0.02
    15      70    2.6e+02    2    6.4e-01 -2649.96173531 -2129.65911237    -0.00009737   0.001576   6.3e-03   2.0e-04 0.02
    16      70    2.5e+02    8    1.2e+00 -2649.96180817 -2129.65918524    -0.00007286   0.001522   6.1e-03   1.8e-04 0.02
    17      70    2.6e+02    4    9.5e-01 -2649.96189337 -2129.65927044    -0.00008520   0.001357   5.4e-03   1.3e-04 0.02
    18      70    2.6e+02    4    7.8e-01 -2649.96195412 -2129.65933119    -0.00006075   0.001402   5.6e-03   1.5e-04 0.02
    19      70    2.6e+02    4    8.8e-01 -2649.96200313 -2129.65938020    -0.00004901   0.001367   5.5e-03   1.7e-04 0.02
    20      70    2.6e+02    4    8.4e-01 -2649.96204415 -2129.65942122    -0.00004102   0.001329   5.3e-03   1.9e-04 0.02
    21      70    2.5e+02    4    8.0e-01 -2649.96208436 -2129.65946143    -0.00004021   0.001348   5.4e-03   1.9e-04 0.02
    22      70    2.6e+02    4    8.7e-01 -2649.96212740 -2129.65950447    -0.00004304   0.001323   5.3e-03   1.8e-04 0.02
    23      70    2.5e+02    4    8.5e-01 -2649.96216823 -2129.65954530    -0.00004083   0.001343   5.4e-03   1.9e-04 0.02
    24      70    2.5e+02    4    7.8e-01 -2649.96221787 -2129.65959494    -0.00004964   0.006119   2.4e-02   1.8e-04 0.02
    25      70    2.6e+02    4    8.1e-01 -2649.96226506 -2129.65964212    -0.00004718   0.001381   5.5e-03   1.9e-04 0.02
    26      70    2.7e+02    4    8.4e-01 -2649.96231064 -2129.65968771    -0.00004558   0.001382   5.5e-03   1.7e-04 0.02
    27      70    2.6e+02    4    8.9e-01 -2649.96235896 -2129.65973603    -0.00004832   0.001354   5.4e-03   1.7e-04 0.02
    28      70    2.6e+02    4    8.8e-01 -2649.96240214 -2129.65977920    -0.00004318   0.001409   5.6e-03   1.6e-04 0.02
    29      70    2.6e+02    4    8.9e-01 -2649.96243426 -2129.65981132    -0.00003212   0.001388   5.6e-03   1.7e-04 0.02
    30      70    2.6e+02    2    6.0e-01 -2649.96246365 -2129.65984072    -0.00002940   0.001440   5.8e-03   2.2e-04 0.02
    31      70    2.6e+02    3    8.1e-01 -2649.96248043 -2129.65985749    -0.00001677   0.001395   5.6e-03   1.6e-04 0.02
    32      70    2.6e+02    1    5.7e-01 -2649.96249447 -2129.65987154    -0.00001404   0.001424   5.7e-03   2.1e-04 0.02
    33      70    2.6e+02    2    6.1e-01 -2649.96249965 -2129.65987672    -0.00000518   0.001511   6.0e-03   1.9e-04 0.02
    34      70    2.5e+02    0    4.2e-01 -2649.96251318 -2129.65989025    -0.00001353   0.001422   5.7e-03   2.1e-04 0.02
    35      80    2.8e+02    2    6.3e-01 -2649.96254430 -2129.65992137    -0.00003112   0.001224   4.9e-03   2.1e-04 0.02
    36      80    2.9e+02    2    6.7e-01 -2649.96255133 -2129.65992840    -0.00000703   0.001332   5.3e-03   1.7e-04 0.02
    37      80    3.0e+02    1    4.9e-01 -2649.96256906 -2129.65994612    -0.00001773   0.001238   5.0e-03   1.6e-04 0.02
    38      80    2.8e+02    0    4.3e-01 -2649.96257638 -2129.65995344    -0.00000732   0.001261   5.0e-03   2.2e-04 0.02
    39      90    3.2e+02    0    4.0e-01 -2649.96260177 -2129.65997883    -0.00002539   0.001063   4.3e-03   2.8e-04 0.02
    40     100    3.7e+02    3    7.7e-01 -2649.96261593 -2129.65999300    -0.00001417   0.001019   4.1e-03   1.6e-04 0.02
 
RESULTS OF THE OCCUPATION OPTIMIZATION
========================================
   1    1.9999996  -104.92069863
   2    1.9999996  -104.92069716
   3    1.9999996  -104.92069318
   4    1.9999996  -104.92068828
   5    1.9999991  -68.99822791
   6    1.9999121  -10.59189088
   7    1.9997909  -10.53739697
   8    1.9997748  -10.51058359
   9    1.9997238  -10.50436799
  10    1.9995229  -8.12068539
  11    1.9995180  -8.11797320
  12    1.9995304  -8.10233975
  13    1.9995158  -8.10100872
  14    1.9994618  -8.08299635
  15    1.9995497  -8.08223666
  16    1.9995150  -8.08222887
  17    1.9995206  -8.08108066
  18    1.9994895  -8.00966112
  19    1.9995109  -7.92303569
  20    1.9995069  -7.79616932
  21    1.9994363  -7.56796245
  22    1.9995781  -7.51006955
  23    1.9966261  -4.40709475
  24    1.9969472  -4.40361030
  25    1.9968863  -4.40297719
  26    1.9846046  -1.13799857
  27    1.9840182  -1.13547051
  28    1.9823155  -1.13270318
  29    1.9835293  -1.13029494
  30    1.9744960  -0.64604990
  31    1.9729193  -0.63886575
  32    1.9709349  -0.63788646
  33    1.9708478  -0.63524063
  34    1.9778207  -0.52880640
  35    1.9774437  -0.52850765
  36    1.9764889  -0.52673884
  37    1.9749956  -0.52665274
  38    1.9767776  -0.52653725
  39    1.9747671  -0.52605496
  40    1.9698261  -0.52549106
  41    1.9696658  -0.52494772
  42    0.0099488  -0.01693130
  43    0.0081282  -0.01628184
  44    0.0108490  -0.01913789
  45    0.0087979  -0.01664076
  46    0.0077682  -0.01695887
  47    0.0086759  -0.01664530
  48    0.0090886  -0.01820817
  49    0.0076046  -0.01654070
  50    0.0190919  -0.03726386
  51    0.0191602  -0.03773596
  52    0.0166300  -0.03549956
  53    0.0149435  -0.03396465
  54    0.0055210  -0.02735031
  55    0.0048521  -0.02463985
  56    0.0055936  -0.02632109
  57    0.0054103  -0.02744882
  58    0.0025368  -0.01856093
  59    0.0025930  -0.01891770
  60    0.0029601  -0.02640236
  61    0.0002578  -0.00598161
  62    0.0004460  -0.01053098
  63    0.0003787  -0.00911010
  64    0.0004301  -0.01016298
  65    0.0004185  -0.01029534
  66    0.0003786  -0.00925196
  67    0.0003822  -0.00935048
  68    0.0003807  -0.00929371
  69    0.0004375  -0.01043796
  70    0.0004255  -0.01039439
  71    0.0004102  -0.01018630
  72    0.0004237  -0.01031314
  73    0.0004167  -0.01019578
  74    0.0002530  -0.00701145
  75    0.0002032  -0.00582765
  76    0.0001855  -0.00551453
  77    0.0000600  -0.00260627
  78    0.0000003  -0.00001299
  79    0.0000002  -0.00000730
  80    0.0000001  -0.00000669
  81    0.0000002  -0.00000761
  82    0.0000002  -0.00000729
  83    0.0094439  -0.01614261
  84    0.0074806  -0.01456774
  85    0.0096572  -0.01756949
  86    0.0086524  -0.01808549
  87    0.0069436  -0.01557711
  88    0.0085712  -0.01696324
  89    0.0066714  -0.01819541
  90    0.0063942  -0.01887808
  91    0.0079426  -0.01547006
  92    0.0080512  -0.01541758
  93    0.0069982  -0.01496536
  94    0.0055883  -0.01383746
  95    0.0045072  -0.01815201
  96    0.0041893  -0.01724183
  97    0.0049001  -0.01867302
  98    0.0018236  -0.00993846
  99    0.0002153  -0.00547763
 100    0.0001285  -0.00118455
 101    0.0001215  -0.00104727
 102    0.0000639  -0.00067942
 103    0.0000272  -0.00022239
 104    0.0000533  -0.00082672
 105    0.0000117  -0.00038151
 106    0.0000431  -0.00044384
 107    0.0000533  -0.00226058
 108    0.0000554  -0.00242998
 109    0.0000243  -0.00021079
 110    0.0000552  -0.00253191
 111    0.0000196  -0.00020130
 112    0.0000167  -0.00013672
 113    0.0000124  -0.00079414
 114    0.0000119  -0.00073547
 115    0.0000052  -0.00005619
 116    0.0000054  -0.00005597
 117    0.0000051  -0.00005580
 118    0.0000070  -0.00006388
 119    0.0000002  -0.00000926
 120    0.0000001  -0.00000544
 121    0.0000001  -0.00000660
 122    0.0000001  -0.00000523
 123    0.0000001  -0.00000524
 124    0.0093127  -0.01593044
 125    0.0073861  -0.01485093
 126    0.0026463  -0.00968113
 127    0.0021291  -0.00892424
 128    0.0059150  -0.01711422
 129    0.0025629  -0.00981374
 130    0.0025245  -0.01021216
 131    0.0038944  -0.01593602
 132    0.0006072  -0.00156230
 133    0.0006200  -0.00157866
 134    0.0018733  -0.00803527
 135    0.0019619  -0.00835338
 136    0.0017507  -0.00945490
 137    0.0041708  -0.01728100
 138    0.0018604  -0.00992891
 139    0.0018086  -0.01010700
 140    0.0000811  -0.00068773
 141    0.0001210  -0.00105974
 142    0.0000698  -0.00061903
 143    0.0000513  -0.00049514
 144    0.0000226  -0.00019501
 145    0.0000186  -0.00019353
 146    0.0000115  -0.00029543
 147    0.0000167  -0.00022317
 148    0.0000119  -0.00010507
 149    0.0000129  -0.00011570
 150    0.0000118  -0.00091835
 151    0.0000127  -0.00011354
 152    0.0000099  -0.00010216
 153    0.0000107  -0.00009927
 154    0.0000111  -0.00011129
 155    0.0000112  -0.00010357
 156    0.0000044  -0.00006905
 157    0.0000039  -0.00005130
 158    0.0000043  -0.00004906
 159    0.0000052  -0.00005302
 160    0.0000001  -0.00000605
 161    0.0000000  -0.00000264
 162    0.0000000  -0.00000247
 163    0.0000001  -0.00000356
 164    0.0000001  -0.00000440
 165    0.0006288  -0.00148617
 166    0.0060389  -0.01626038
 167    0.0006399  -0.00147336
 168    0.0020369  -0.00876253
 169    0.0018561  -0.00825255
 170    0.0020812  -0.00899058
 171    0.0024214  -0.00952003
 172    0.0024806  -0.00952893
 173    0.0005966  -0.00151440
 174    0.0005946  -0.00151146
 175    0.0005684  -0.00156036
 176    0.0017959  -0.00806380
 177    0.0017367  -0.00959556
 178    0.0016337  -0.00920261
 179    0.0018228  -0.00958309
 180    0.0017910  -0.00943220
 181    0.0000782  -0.00071635
 182    0.0000714  -0.00062565
 183    0.0000649  -0.00053810
 184    0.0000147  -0.00020898
 185    0.0000203  -0.00017827
 186    0.0000122  -0.00023974
 187    0.0000112  -0.00011805
 188    0.0000101  -0.00009522
 189    0.0000106  -0.00009966
 190    0.0000108  -0.00010121
 191    0.0000104  -0.00009836
 192    0.0000106  -0.00009971
 193    0.0000090  -0.00011409
 194    0.0000102  -0.00009611
 195    0.0000110  -0.00010148
 196    0.0000109  -0.00010639
 197    0.0000039  -0.00013575
 198    0.0000035  -0.00009548
 199    0.0000041  -0.00018259
 200    0.0000051  -0.00005316
 201    0.0000001  -0.00000547
 202    0.0000000  -0.00000187
 203    0.0000000  -0.00000184
 204    0.0000000  -0.00000250
 205    0.0000000  -0.00000154
 206    0.0005984  -0.00137743
 207    0.0004843  -0.00122990
 208    0.0006290  -0.00144730
 209    0.0006886  -0.00201476
 210    0.0018087  -0.00821924
 211    0.0006891  -0.00190252
 212    0.0006508  -0.00172945
 213    0.0006651  -0.00203021
 214    0.0005075  -0.00127369
 215    0.0002460  -0.00083282
 216    0.0005581  -0.00150526
 217    0.0005272  -0.00150842
 218    0.0017256  -0.00948863
 219    0.0016058  -0.00902994
 220    0.0011643  -0.00924648
 221    0.0017413  -0.00961370
 222    0.0000724  -0.00061701
 223    0.0000527  -0.00042616
 224    0.0000592  -0.00048173
 225    0.0000126  -0.00012955
 226    0.0000179  -0.00048895
 227    0.0000118  -0.00010179
 228    0.0000108  -0.00019181
 229    0.0000091  -0.00008818
 230    0.0000096  -0.00009607
 231    0.0000106  -0.00009966
 232    0.0000102  -0.00009799
 233    0.0000103  -0.00009880
 234    0.0000088  -0.00011836
 235    0.0000096  -0.00009180
 236    0.0000106  -0.00009864
 237    0.0000108  -0.00010250
 238    0.0000037  -0.00008054
 239    0.0000035  -0.00008505
 240    0.0000039  -0.00004719
 241    0.0000047  -0.00005336
 242    0.0000001  -0.00000431
 243    0.0000000  -0.00000115
 244    0.0000000  -0.00000154
 245    0.0000000  -0.00000126
 246    0.0000000  -0.00000124
 247    0.0002044  -0.00076533
 248    0.0004789  -0.00121644
 249    0.0005990  -0.00138209
 250    0.0006563  -0.00168712
 251    0.0005014  -0.00133780
 252    0.0006384  -0.00157851
 253    0.0006037  -0.00152328
 254    0.0005758  -0.00149031
 255    0.0002202  -0.00080648
 256    0.0002217  -0.00079975
 257    0.0002496  -0.00095858
 258    0.0004816  -0.00132678
 259    0.0009983  -0.00784999
 260    0.0010371  -0.00913106
 261    0.0004283  -0.00139797
 262    0.0017217  -0.00947884
 263    0.0000666  -0.00049658
 264    0.0000455  -0.00114443
 265    0.0000570  -0.00044824
 266    0.0000110  -0.00019964
 267    0.0000162  -0.00014155
 268    0.0000106  -0.00009291
 269    0.0000073  -0.00006424
 270    0.0000068  -0.00007501
 271    0.0000084  -0.00007989
 272    0.0000072  -0.00007290
 273    0.0000071  -0.00006798
 274    0.0000070  -0.00006649
 275    0.0000062  -0.00012459
 276    0.0000067  -0.00006936
 277    0.0000074  -0.00007188
 278    0.0000094  -0.00015952
 279    0.0000036  -0.00010334
 280    0.0000033  -0.00008553
 281    0.0000036  -0.00009028
 282    0.0000034  -0.00012861
 283    0.0000001  -0.00000366
 284    0.0000000  -0.00000119
 285    0.0000000  -0.00000142
 286    0.0000000  -0.00000115
 287    0.0000000  -0.00000116
 288    0.0001972  -0.00073868
 289    0.0001769  -0.00070020
 290    0.0002124  -0.00080717
 291    0.0002611  -0.00105261
 292    0.0002114  -0.00090106
 293    0.0002925  -0.00110385
 294    0.0005960  -0.00149043
 295    0.0005646  -0.00144125
 296    0.0001863  -0.00073372
 297    0.0001713  -0.00068865
 298    0.0002031  -0.00078718
 299    0.0002057  -0.00082202
 300    0.0002312  -0.00117209
 301    0.0001957  -0.00104089
 302    0.0002123  -0.00109620
 303    0.0010989  -0.00860261
 304    0.0000633  -0.00048586
 305    0.0000406  -0.00027150
 306    0.0000413  -0.00027462
 307    0.0000107  -0.00011490
 308    0.0000136  -0.00012486
 309    0.0000079  -0.00012839
 310    0.0000066  -0.00008501
 311    0.0000063  -0.00006965
 312    0.0000069  -0.00006434
 313    0.0000058  -0.00005884
 314    0.0000058  -0.00005857
 315    0.0000049  -0.00014952
 316    0.0000053  -0.00005425
 317    0.0000056  -0.00005681
 318    0.0000058  -0.00005728
 319    0.0000061  -0.00006091
 320    0.0000025  -0.00041709
 321    0.0000024  -0.00039514
 322    0.0000026  -0.00050480
 323    0.0000026  -0.00043944
 324    0.0000001  -0.00000328
 325    0.0000000  -0.00000089
 326    0.0000000  -0.00000095
 327    0.0000000  -0.00000093
 328    0.0000000  -0.00000087
 
----------------
 Final Energies 
----------------
Final NOF Total Energy =   -2129.6599930
 
Total Orbital Internal Iterations = 2770
Total Occupation Internal Iterations = 144
 
Elapsed time: 10360.52 Seconds

---------------------------------
   Lowdin Population Analysis    
---------------------------------
 Idx  Atom   Population   Charge 
---------------------------------
  1    Si    15.792      -1.792
  2    Cl    16.553       0.447
  3    Cl    16.554       0.446
  4    Cl    16.552       0.448
  5    Cl    16.549       0.451

---------------------------------
   M Diagnostic: 0.02
---------------------------------

Recovering execution output...
Moving from /scratch/pobleyef/181937 to /home-nas/pobleyef/Poison-NOF/ncwomax/P30-5/GNOFmsta/arina.181937
mkdir -p /home-nas/pobleyef/Poison-NOF/ncwomax/P30-5/GNOFmsta/arina.181937
mv /scratch/pobleyef/181937/* /home-nas/pobleyef/Poison-NOF/ncwomax/P30-5/GNOFmsta/arina.181937
