G2RC_20_34
/software/eb2024/easybuild/software/common/software/Julia/1.11.3-linux-x86_64/bin/julia
Job runing on na18
Choosing scratch ...
Automatic scratch folder selection
/scratch/pobleyef/185797
/scratch/pobleyef/185797 directory
cp G2RC_20_34.jl G2RC_20_34.jld2 to  /scratch/pobleyef/185797/.
Computing Integrals
Elapsed time:    3.45 Seconds

Number of basis functions                   (NBF)    = 114
Number of auxiliary basis functions         (NBFAUX) = 154
Inactive Doubly occupied orbitals up to     (NO1)    = 0
No. considered Strongly Doubly occupied MOs (NDOC)   = 7
No. considered Strongly Singly occupied MOs (NSOC)   = 0
NO. of Weakly occ. per St. Doubly occ.  MOs (NCWO)   = 15
Dimension of the Nat. Orb. subspace         (NBF5)   = 112
No. of electrons                                     = 14
    No. of alpha electrons                           = 7
    No. of beta electrons                            = 7
Multiplicity                                         = 1

Geometry
========
 N       0.0000000       0.0000000      -0.5454291
 N       0.0000000       0.0000000       0.5454291

No violations of the orthonormality
No violations of the orthonormality
 
PNOF9/ADABelief Calculation
==================
 
  Nitext  Nit_orb  Time   Nit_occ  Time         Eelec          Etot           Ediff      maxdiff    MaxGrad_orb  Grad_occ
     1      10    5.1e+01   24    2.0e+01  -133.02018417  -109.25024897 -10132.02018417   0.022579   9.0e-02   2.1e-04 0.04
     2      20    5.2e+01   37    3.9e-01  -133.15309515  -109.38315995    -0.13291098   0.010478   4.2e-02   1.8e-04 0.04
     3      20    5.7e+01   27    3.5e-01  -133.16638830  -109.39645309    -0.01329314   0.030203   1.2e-01   2.6e-04 0.03
     4      20    5.0e+01   16    2.1e-01  -133.17167811  -109.40174290    -0.00528981   0.026215   1.0e-01   2.1e-04 0.03
     5      20    4.7e+01    0    3.8e-02  -133.17228424  -109.40234903    -0.00060613   0.026213   1.0e-01   2.1e-04 0.03
     6      40    1.0e+02    7    1.5e-01  -133.17433205  -109.40439684    -0.00204781   0.002970   1.2e-02   2.0e-04 0.03
     7      40    9.8e+01    4    3.8e-02  -133.17512812  -109.40519292    -0.00079607   0.002734   1.1e-02   2.4e-04 0.03
     8      40    1.0e+02   14    1.7e-01  -133.17579074  -109.40585553    -0.00066261   0.002838   1.1e-02   2.1e-04 0.03
     9      40    9.7e+01    4    3.1e-02  -133.17655370  -109.40661850    -0.00076297   0.003039   1.2e-02   2.2e-04 0.03
    10      40    1.0e+02   24    2.1e-01  -133.17731730  -109.40738209    -0.00076360   0.002669   1.1e-02   2.1e-04 0.03
    11      40    1.0e+02    3    1.5e-01  -133.17794854  -109.40801334    -0.00063124   0.002736   1.1e-02   2.0e-04 0.03
    12      40    1.0e+02    5    5.4e-02  -133.17830335  -109.40836815    -0.00035481   0.002587   1.0e-02   2.2e-04 0.03
    13      40    9.8e+01    4    8.6e-02  -133.17853175  -109.40859655    -0.00022840   0.002696   1.1e-02   2.2e-04 0.03
    14      40    9.9e+01    4    1.4e-01  -133.17865164  -109.40871644    -0.00011989   0.002192   8.8e-03   1.5e-04 0.03
    15      40    9.8e+01    3    4.5e-02  -133.17873554  -109.40880034    -0.00008390   0.002602   1.0e-02   2.3e-04 0.03
    16      40    1.0e+02    0    1.2e-02  -133.17877366  -109.40883846    -0.00003812   0.002557   1.0e-02   2.3e-04 0.03
    17      50    1.3e+02    6    1.2e-01  -133.17880860  -109.40887339    -0.00003494   0.001734   6.9e-03   1.1e-04 0.03
    18      50    1.2e+02    0    1.5e-02  -133.17883575  -109.40890054    -0.00002715   0.001388   5.6e-03   1.5e-04 0.03
    19      60    1.5e+02    0    2.6e-02  -133.17886141  -109.40892620    -0.00002566   0.000999   4.0e-03   1.5e-04 0.03
 
RESULTS OF THE OCCUPATION OPTIMIZATION
========================================
   1    1.9999664  -15.68496830
   2    1.9999657  -15.68248775
   3    1.9867179  -1.24728776
   4    1.9842609  -0.89026005
   5    1.9772638  -0.81677978
   6    1.9643372  -0.64511523
   7    1.9633095  -0.64431468
   8    0.0286884  -0.04172287
   9    0.0318454  -0.04430797
  10    0.0165599  -0.03071523
  11    0.0071636  -0.01590220
  12    0.0056167  -0.01494667
  13    0.0000254  -0.00079883
  14    0.0000253  -0.00080335
  15    0.0031020  -0.00631203
  16    0.0033363  -0.00655137
  17    0.0042605  -0.00883141
  18    0.0028660  -0.00620608
  19    0.0025818  -0.00620669
  20    0.0000026  -0.00005372
  21    0.0000027  -0.00004661
  22    0.0024577  -0.00492454
  23    0.0001817  -0.00048733
  24    0.0004415  -0.00138928
  25    0.0015009  -0.00376018
  26    0.0013496  -0.00373783
  27    0.0000018  -0.00003577
  28    0.0000019  -0.00003767
  29    0.0023392  -0.00468413
  30    0.0001809  -0.00048428
  31    0.0004139  -0.00121248
  32    0.0013921  -0.00407218
  33    0.0011512  -0.00567712
  34    0.0000017  -0.00004120
  35    0.0000015  -0.00002583
  36    0.0000183  -0.00007719
  37    0.0000194  -0.00007799
  38    0.0002205  -0.00066734
  39    0.0008823  -0.00200392
  40    0.0007863  -0.00197756
  41    0.0000015  -0.00003261
  42    0.0000014  -0.00004901
  43    0.0000138  -0.00006957
  44    0.0000170  -0.00007395
  45    0.0001882  -0.00057341
  46    0.0004883  -0.00390860
  47    0.0004763  -0.00312295
  48    0.0000003  -0.00002494
  49    0.0000002  -0.00001524
  50    0.0000114  -0.00005244
  51    0.0000136  -0.00006674
  52    0.0001875  -0.00055975
  53    0.0004795  -0.00139627
  54    0.0004489  -0.00146458
  55    0.0000002  -0.00001867
  56    0.0000001  -0.00000692
  57    0.0000105  -0.00005396
  58    0.0000125  -0.00006604
  59    0.0001105  -0.00035436
  60    0.0002545  -0.00070643
  61    0.0002723  -0.00136432
  62    0.0000002  -0.00000803
  63    0.0000001  -0.00000507
  64    0.0000091  -0.00004815
  65    0.0000104  -0.00005216
  66    0.0001060  -0.00030051
  67    0.0001984  -0.00083315
  68    0.0001828  -0.00075505
  69    0.0000001  -0.00000723
  70    0.0000001  -0.00000472
  71    0.0000088  -0.00004425
  72    0.0000091  -0.00005105
  73    0.0000738  -0.00025775
  74    0.0001333  -0.00038884
  75    0.0000942  -0.00035017
  76    0.0000001  -0.00000668
  77    0.0000001  -0.00000327
  78    0.0000076  -0.00004104
  79    0.0000082  -0.00004124
  80    0.0000693  -0.00028351
  81    0.0000924  -0.00031615
  82    0.0000909  -0.00040197
  83    0.0000001  -0.00000348
  84    0.0000001  -0.00000100
  85    0.0000069  -0.00003844
  86    0.0000077  -0.00004337
  87    0.0000394  -0.00016795
  88    0.0000912  -0.00029477
  89    0.0000880  -0.00033432
  90    0.0000001  -0.00000281
  91    0.0000001  -0.00000093
  92    0.0000065  -0.00003837
  93    0.0000076  -0.00004109
  94    0.0000231  -0.00010904
  95    0.0000879  -0.00030559
  96    0.0000796  -0.00031700
  97    0.0000001  -0.00000152
  98    0.0000001  -0.00000077
  99    0.0000058  -0.00003384
 100    0.0000066  -0.00004028
 101    0.0000223  -0.00010851
 102    0.0000802  -0.00030673
 103    0.0000368  -0.00017130
 104    0.0000001  -0.00000134
 105    0.0000000  -0.00000032
 106    0.0000048  -0.00003189
 107    0.0000063  -0.00003943
 108    0.0000197  -0.00010500
 109    0.0000284  -0.00014955
 110    0.0000269  -0.00014308
 111    0.0000001  -0.00000068
 112    0.0000000  -0.00000033
 
----------------
 Final Energies 
----------------
Final NOF Total Energy =    -109.4089262
 
Total Orbital Internal Iterations = 690
Total Occupation Internal Iterations = 182
 
Elapsed time: 1792.67 Seconds

---------------------------------
   Lowdin Population Analysis    
---------------------------------
 Idx  Atom   Population   Charge 
---------------------------------
  1     N     6.999       0.001
  2     N     7.001      -0.001

---------------------------------
   M Diagnostic: 0.03
---------------------------------

Recovering execution output...
Moving from /scratch/pobleyef/185797 to /home-nas/pobleyef/Poison-NOF/ncwomax/P30-5/GNOFmsta/arina.185797
mkdir -p /home-nas/pobleyef/Poison-NOF/ncwomax/P30-5/GNOFmsta/arina.185797
mv /scratch/pobleyef/185797/* /home-nas/pobleyef/Poison-NOF/ncwomax/P30-5/GNOFmsta/arina.185797
