n
/software/eb2024/easybuild/software/common/software/Julia/1.11.3-linux-x86_64/bin/julia
Job runing on nh044
Choosing scratch ...
Automatic scratch folder selection
/scratch/pobleyef/174348
/scratch/pobleyef/174348 directory
cp n.jl n.jld2 to  /scratch/pobleyef/174348/.
Computing Integrals
Elapsed time:    5.82 Seconds

Number of basis functions                   (NBF)    = 57
Number of auxiliary basis functions         (NBFAUX) = 77
Inactive Doubly occupied orbitals up to     (NO1)    = 0
No. considered Strongly Doubly occupied MOs (NDOC)   = 2
No. considered Strongly Singly occupied MOs (NSOC)   = 3
NO. of Weakly occ. per St. Doubly occ.  MOs (NCWO)   = 26
Dimension of the Nat. Orb. subspace         (NBF5)   = 57
No. of electrons                                     = 7
    No. of alpha electrons                           = 5
    No. of beta electrons                            = 2
Multiplicity                                         = 4

Geometry
========
 N       0.0000000       0.0000000       0.0000000

No violations of the orthonormality
No violations of the orthonormality
 
PNOF9/ADABelief Calculation
==================
 
  Nitext  Nit_orb  Time   Nit_occ  Time         Eelec          Etot           Ediff      maxdiff    MaxGrad_orb  Grad_occ
     1      10    2.8e+01   10    3.3e+01   -54.52832175   -54.52832175 -10053.52832175   0.001731   6.9e-03   1.6e-04 0.02
     2      20    9.6e-02    0    4.4e-03   -54.52966676   -54.52966676    -0.00134501   0.001731   6.9e-03   1.6e-04 0.02
     3      40    1.2e-01    3    1.3e-02   -54.52978753   -54.52978753    -0.00012077   0.001330   5.3e-03   1.2e-04 0.02
     4      40    1.2e-01    2    7.7e-03   -54.52981367   -54.52981367    -0.00002613   0.001655   6.6e-03   9.7e-05 0.02
     5      40    1.2e-01    1    5.9e-03   -54.52982648   -54.52982648    -0.00001281   0.001361   5.4e-03   1.3e-04 0.02
     6      40    1.2e-01    0    3.9e-03   -54.52982729   -54.52982729    -0.00000081   0.001577   6.3e-03   1.2e-04 0.02
     7      50    1.5e-01    2    1.1e-02   -54.52983204   -54.52983204    -0.00000475   0.001240   5.0e-03   9.6e-05 0.02
     8      50    1.5e-01    0    4.0e-03   -54.52983513   -54.52983513    -0.00000309   0.001103   4.4e-03   1.0e-04 0.02
     9      60    1.7e-01    1    5.6e-03   -54.52984070   -54.52984070    -0.00000557   0.000895   3.6e-03   9.7e-05 0.02
 
RESULTS OF THE OCCUPATION OPTIMIZATION
========================================
   1    1.9997572  -15.64721344
   2    1.9651704  -0.98095057
   3    1.0000000  -0.30049105
   4    1.0000000  -0.30049024
   5    1.0000000  -0.30048282
   6    0.0086278  -0.01402201
   7    0.0002109  -0.00554474
   8    0.0043289  -0.00542337
   9    0.0000057  -0.00027403
  10    0.0043274  -0.00542349
  11    0.0000040  -0.00003430
  12    0.0043190  -0.00541917
  13    0.0000023  -0.00002610
  14    0.0022014  -0.00294563
  15    0.0000014  -0.00002066
  16    0.0022005  -0.00294497
  17    0.0000014  -0.00002006
  18    0.0021972  -0.00294586
  19    0.0000013  -0.00001840
  20    0.0021971  -0.00294289
  21    0.0000012  -0.00001727
  22    0.0021909  -0.00294252
  23    0.0000012  -0.00001715
  24    0.0003614  -0.00080548
  25    0.0000011  -0.00001654
  26    0.0003598  -0.00080388
  27    0.0000010  -0.00001639
  28    0.0003595  -0.00080423
  29    0.0000010  -0.00001631
  30    0.0001095  -0.00024614
  31    0.0000010  -0.00001622
  32    0.0001074  -0.00024457
  33    0.0000010  -0.00001568
  34    0.0001073  -0.00024487
  35    0.0000009  -0.00001488
  36    0.0001071  -0.00024442
  37    0.0000009  -0.00001472
  38    0.0001071  -0.00024407
  39    0.0000008  -0.00001421
  40    0.0001071  -0.00024428
  41    0.0000008  -0.00001420
  42    0.0001066  -0.00024332
  43    0.0000008  -0.00001412
  44    0.0000835  -0.00018065
  45    0.0000008  -0.00001409
  46    0.0000802  -0.00018058
  47    0.0000008  -0.00001396
  48    0.0000793  -0.00018070
  49    0.0000006  -0.00002364
  50    0.0000785  -0.00018026
  51    0.0000006  -0.00000829
  52    0.0000647  -0.00017313
  53    0.0000005  -0.00000270
  54    0.0000102  -0.00002861
  55    0.0000004  -0.00000262
  56    0.0000102  -0.00002863
  57    0.0000002  -0.00001129
 
----------------
 Final Energies 
----------------
Final NOF Total Energy =     -54.5298407
 
Total Orbital Internal Iterations = 350
Total Occupation Internal Iterations = 19
 
Elapsed time:   80.36 Seconds

---------------------------------
   Lowdin Population Analysis    
---------------------------------
 Idx  Atom   Population   Charge 
---------------------------------
  1     N     7.000       0.000

---------------------------------
   M Diagnostic: 0.02
---------------------------------

Recovering execution output...
Moving from /scratch/pobleyef/174348 to /home-nas/pobleyef/Poison-Set/ncwomax/P30-5/GNOFmsta/arina.174348
mkdir -p /home-nas/pobleyef/Poison-Set/ncwomax/P30-5/GNOFmsta/arina.174348
mv /scratch/pobleyef/174348/* /home-nas/pobleyef/Poison-Set/ncwomax/P30-5/GNOFmsta/arina.174348
