s
/software/eb2024/easybuild/software/common/software/Julia/1.11.3-linux-x86_64/bin/julia
Job runing on nh041
Choosing scratch ...
Automatic scratch folder selection
/scratch/pobleyef/181914
/scratch/pobleyef/181914 directory
cp s.jl s.jld2 to  /scratch/pobleyef/181914/.
Computing Integrals
Elapsed time:    5.98 Seconds

Number of basis functions                   (NBF)    = 70
Number of auxiliary basis functions         (NBFAUX) = 128
Inactive Doubly occupied orbitals up to     (NO1)    = 0
No. considered Strongly Doubly occupied MOs (NDOC)   = 7
No. considered Strongly Singly occupied MOs (NSOC)   = 2
NO. of Weakly occ. per St. Doubly occ.  MOs (NCWO)   = 8
Dimension of the Nat. Orb. subspace         (NBF5)   = 65
No. of electrons                                     = 16
    No. of alpha electrons                           = 9
    No. of beta electrons                            = 7
Multiplicity                                         = 3

Geometry
========
 S       0.0000000       0.0000000       0.0000000

No violations of the orthonormality
No violations of the orthonormality
 
PNOF9/ADABelief Calculation
==================
 
  Nitext  Nit_orb  Time   Nit_occ  Time         Eelec          Etot           Ediff      maxdiff    MaxGrad_orb  Grad_occ
     1      10    2.7e+01    0    3.2e+01  -397.90423068  -397.90423068 -10396.90423068   0.000962   3.8e-03   1.9e-04 0.02
 
RESULTS OF THE OCCUPATION OPTIMIZATION
========================================
   1    1.9999993  -92.06820247
   2    1.9995861  -9.02953797
   3    1.9984525  -6.71025300
   4    1.9982683  -6.70988254
   5    1.9976768  -6.70897954
   6    1.9796300  -0.90119561
   7    1.9660663  -0.41812703
   8    1.0000000  -0.25089635
   9    1.0000000  -0.25089468
  10    0.0073781  -0.01161210
  11    0.0068840  -0.02607430
  12    0.0017573  -0.02010923
  13    0.0008681  -0.00802439
  14    0.0007532  -0.00713094
  15    0.0003560  -0.00366882
  16    0.0000004  -0.00000907
  17    0.0073361  -0.01676655
  18    0.0049101  -0.01690703
  19    0.0004545  -0.00811786
  20    0.0005368  -0.01157294
  21    0.0006456  -0.01130298
  22    0.0000196  -0.00018673
  23    0.0000001  -0.00000530
  24    0.0066388  -0.01047977
  25    0.0040654  -0.01164839
  26    0.0000465  -0.00073534
  27    0.0002315  -0.00363698
  28    0.0000672  -0.00263521
  29    0.0000132  -0.00013005
  30    0.0000001  -0.00000286
  31    0.0066117  -0.01066855
  32    0.0018651  -0.00839954
  33    0.0000323  -0.00023428
  34    0.0000510  -0.00054922
  35    0.0000411  -0.00037578
  36    0.0000116  -0.00057953
  37    0.0000001  -0.00000247
  38    0.0048981  -0.00862363
  39    0.0018241  -0.00820557
  40    0.0000111  -0.00034766
  41    0.0000224  -0.00020034
  42    0.0000186  -0.00013962
  43    0.0000052  -0.00003775
  44    0.0000000  -0.00000202
  45    0.0004143  -0.00083703
  46    0.0003300  -0.00081452
  47    0.0000076  -0.00005508
  48    0.0000087  -0.00006269
  49    0.0000099  -0.00006856
  50    0.0000029  -0.00049147
  51    0.0000000  -0.00000152
  52    0.0003509  -0.00075703
  53    0.0002755  -0.00067997
  54    0.0000075  -0.00005451
  55    0.0000078  -0.00005944
  56    0.0000068  -0.00004748
  57    0.0000027  -0.00002559
  58    0.0000000  -0.00000152
  59    0.0003057  -0.00062740
  60    0.0002159  -0.00049598
  61    0.0000064  -0.00004599
  62    0.0000053  -0.00003686
  63    0.0000052  -0.00003704
  64    0.0000026  -0.00002449
  65    0.0000000  -0.00000099
 
----------------
 Final Energies 
----------------
Final NOF Total Energy =    -397.9042307
 
Total Orbital Internal Iterations = 10
Total Occupation Internal Iterations = 0
 
Elapsed time:   78.23 Seconds

---------------------------------
   Lowdin Population Analysis    
---------------------------------
 Idx  Atom   Population   Charge 
---------------------------------
  1     S    16.000      -0.000

---------------------------------
   M Diagnostic: 0.02
---------------------------------

Recovering execution output...
Moving from /scratch/pobleyef/181914 to /home-nas/pobleyef/Poison-NOF/ncwomax/P30-5/GNOFmsta/arina.181914
mkdir -p /home-nas/pobleyef/Poison-NOF/ncwomax/P30-5/GNOFmsta/arina.181914
mv /scratch/pobleyef/181914/* /home-nas/pobleyef/Poison-NOF/ncwomax/P30-5/GNOFmsta/arina.181914
