SIE4x4_7_he2+_1.75
/software/eb2024/easybuild/software/common/software/Julia/1.11.3-linux-x86_64/bin/julia
Job runing on nh040
Choosing scratch ...
Automatic scratch folder selection
/scratch/pobleyef/174357
/scratch/pobleyef/174357 directory
cp SIE4x4_7_he2+_1.75.jl SIE4x4_7_he2+_1.75.jld2 to  /scratch/pobleyef/174357/.
Computing Integrals
Elapsed time:    5.99 Seconds

Number of basis functions                   (NBF)    = 60
Number of auxiliary basis functions         (NBFAUX) = 46
Inactive Doubly occupied orbitals up to     (NO1)    = 0
No. considered Strongly Doubly occupied MOs (NDOC)   = 1
No. considered Strongly Singly occupied MOs (NSOC)   = 1
NO. of Weakly occ. per St. Doubly occ.  MOs (NCWO)   = 58
Dimension of the Nat. Orb. subspace         (NBF5)   = 60
No. of electrons                                     = 3
    No. of alpha electrons                           = 2
    No. of beta electrons                            = 1
Multiplicity                                         = 2

Geometry
========
He       0.0000000       0.0000000      -0.9399283
He       0.0000000       0.0000000       0.9399283

No violations of the orthonormality
No violations of the orthonormality
 
PNOF9/ADABelief Calculation
==================
 
  Nitext  Nit_orb  Time   Nit_occ  Time         Eelec          Etot           Ediff      maxdiff    MaxGrad_orb  Grad_occ
     1      10    2.9e+01    7    3.3e+01    -6.04493809    -4.91894552 -10005.04493809   0.002891   1.2e-02   1.2e-04 0.02
     2      16    7.0e-02    1    7.6e-03    -6.04555074    -4.91955817    -0.00061265   0.000385   1.5e-03   1.4e-04 0.02
 
RESULTS OF THE OCCUPATION OPTIMIZATION
========================================
   1    1.9683754  -1.41753984
   2    1.0000000  -0.80867361
   3    0.0155108  -0.01157233
   4    0.0030875  -0.00327164
   5    0.0028059  -0.00287196
   6    0.0023291  -0.00246351
   7    0.0023288  -0.00246354
   8    0.0017540  -0.00203957
   9    0.0017522  -0.00203932
  10    0.0012015  -0.00168096
  11    0.0001466  -0.00033540
  12    0.0000970  -0.00018887
  13    0.0000747  -0.00020684
  14    0.0000622  -0.00017621
  15    0.0000618  -0.00017603
  16    0.0000502  -0.00014046
  17    0.0000499  -0.00014052
  18    0.0000309  -0.00009311
  19    0.0000244  -0.00007446
  20    0.0000232  -0.00007075
  21    0.0000231  -0.00007098
  22    0.0000227  -0.00006918
  23    0.0000220  -0.00006838
  24    0.0000218  -0.00006808
  25    0.0000208  -0.00006750
  26    0.0000205  -0.00006737
  27    0.0000204  -0.00006828
  28    0.0000187  -0.00007027
  29    0.0000163  -0.00004087
  30    0.0000150  -0.00003734
  31    0.0000033  -0.00002555
  32    0.0000033  -0.00002560
  33    0.0000033  -0.00002691
  34    0.0000031  -0.00002338
  35    0.0000031  -0.00002333
  36    0.0000023  -0.00001765
  37    0.0000012  -0.00001283
  38    0.0000011  -0.00001260
  39    0.0000011  -0.00001257
  40    0.0000011  -0.00001202
  41    0.0000011  -0.00001198
  42    0.0000011  -0.00001184
  43    0.0000011  -0.00001175
  44    0.0000011  -0.00001174
  45    0.0000011  -0.00001146
  46    0.0000011  -0.00001014
  47    0.0000002  0.00000263
  48    0.0000002  0.00000262
  49    0.0000002  0.00000260
  50    0.0000002  0.00000260
  51    0.0000002  0.00000257
  52    0.0000002  0.00000260
  53    0.0000002  0.00000257
  54    0.0000002  0.00000260
  55    0.0000002  0.00000257
  56    0.0000002  0.00000257
  57    0.0000002  0.00000255
  58    0.0000002  0.00000255
  59    0.0000002  0.00000255
  60    0.0000002  0.00000255
 
----------------
 Final Energies 
----------------
Final NOF Total Energy =      -4.9195582
 
Total Orbital Internal Iterations = 26
Total Occupation Internal Iterations = 8
 
Elapsed time:   81.20 Seconds

---------------------------------
   Lowdin Population Analysis    
---------------------------------
 Idx  Atom   Population   Charge 
---------------------------------
  1    He     1.495       0.505
  2    He     1.505       0.495

---------------------------------
   M Diagnostic: 0.02
---------------------------------

Recovering execution output...
Moving from /scratch/pobleyef/174357 to /home-nas/pobleyef/Poison-Set/ncwomax/P30-5/GNOFmsta/arina.174357
mkdir -p /home-nas/pobleyef/Poison-Set/ncwomax/P30-5/GNOFmsta/arina.174357
mv /scratch/pobleyef/174357/* /home-nas/pobleyef/Poison-Set/ncwomax/P30-5/GNOFmsta/arina.174357
