W4-11_46_alf3
/software/eb2024/easybuild/software/common/software/Julia/1.11.3-linux-x86_64/bin/julia
Job runing on na07
Choosing scratch ...
Automatic scratch folder selection
/scratch/pobleyef/174376
/scratch/pobleyef/174376 directory
cp W4-11_46_alf3.jl W4-11_46_alf3.jld2 to  /scratch/pobleyef/174376/.
Computing Integrals
Elapsed time:   12.48 Seconds

Number of basis functions                   (NBF)    = 241
Number of auxiliary basis functions         (NBFAUX) = 359
Inactive Doubly occupied orbitals up to     (NO1)    = 0
No. considered Strongly Doubly occupied MOs (NDOC)   = 20
No. considered Strongly Singly occupied MOs (NSOC)   = 0
NO. of Weakly occ. per St. Doubly occ.  MOs (NCWO)   = 11
Dimension of the Nat. Orb. subspace         (NBF5)   = 240
No. of electrons                                     = 40
    No. of alpha electrons                           = 20
    No. of beta electrons                            = 20
Multiplicity                                         = 1

Geometry
========
Al       0.0000000       0.0000000       0.0000000
 F       0.0000000       1.6317660       0.0000000
 F       1.4131500      -0.8158830       0.0000000
 F      -1.4131500      -0.8158830       0.0000000

No violations of the orthonormality
No violations of the orthonormality
 
PNOF9/ADABelief Calculation
==================
 
  Nitext  Nit_orb  Time   Nit_occ  Time         Eelec          Etot           Ediff      maxdiff    MaxGrad_orb  Grad_occ
     1      10    6.0e+01   32    2.4e+01  -701.07851902  -541.75282567 -10700.07851902   0.001641   6.6e-03   2.2e-04 0.02
     2      20    8.5e+01    0    3.0e-01  -701.08284169  -541.75714834    -0.00432267   0.001641   6.6e-03   2.2e-04 0.02
     3      40    1.7e+02    8    1.0e+00  -701.08657928  -541.76088593    -0.00373759   0.005658   2.3e-02   2.3e-04 0.02
     4      40    1.7e+02    7    9.8e-01  -701.08841850  -541.76272514    -0.00183921   0.004419   1.8e-02   2.9e-04 0.02
     5      40    1.7e+02    7    8.4e-01  -701.08902317  -541.76332982    -0.00060467   0.004610   1.8e-02   2.4e-04 0.02
     6      40    1.7e+02    3    6.1e-01  -701.08929411  -541.76360075    -0.00027093   0.005111   2.0e-02   2.5e-04 0.02
     7      40    1.7e+02    3    4.4e-01  -701.08948033  -541.76378697    -0.00018622   0.004680   1.9e-02   2.9e-04 0.02
     8      40    1.7e+02   10    1.1e+00  -701.08964497  -541.76395161    -0.00016464   0.005427   2.2e-02   1.8e-04 0.02
     9      40    1.7e+02    3    5.2e-01  -701.08977079  -541.76407744    -0.00012582   0.005308   2.1e-02   2.0e-04 0.02
    10      40    1.7e+02    1    4.3e-01  -701.08988537  -541.76419201    -0.00011458   0.004705   1.9e-02   2.9e-04 0.02
    11      40    1.7e+02    6    8.0e-01  -701.08998895  -541.76429560    -0.00010358   0.004719   1.9e-02   2.7e-04 0.02
    12      40    1.7e+02    3    6.6e-01  -701.09013432  -541.76444097    -0.00014537   0.004572   1.8e-02   2.0e-04 0.02
    13      40    1.7e+02    7    1.0e+00  -701.09017446  -541.76448110    -0.00004013   0.004689   1.9e-02   2.4e-04 0.02
    14      40    1.8e+02    3    5.2e-01  -701.09032842  -541.76463507    -0.00015396   0.004417   1.8e-02   1.7e-04 0.02
    15      40    1.7e+02    3    5.5e-01  -701.09047315  -541.76477980    -0.00014473   0.004774   1.9e-02   2.2e-04 0.02
    16      40    1.7e+02    3    6.1e-01  -701.09059403  -541.76490067    -0.00012088   0.003893   1.6e-02   2.6e-04 0.02
Final NOF Total Energy =    -541.76490067
