W4-11_134_fo2
/software/eb2024/easybuild/software/common/software/Julia/1.11.3-linux-x86_64/bin/julia
Job runing on nh036
Choosing scratch ...
Automatic scratch folder selection
/scratch/pobleyef/174370
/scratch/pobleyef/174370 directory
cp W4-11_134_fo2.jl W4-11_134_fo2.jld2 to  /scratch/pobleyef/174370/.
Computing Integrals
Elapsed time:    6.32 Seconds

Number of basis functions                   (NBF)    = 171
Number of auxiliary basis functions         (NBFAUX) = 231
Inactive Doubly occupied orbitals up to     (NO1)    = 0
No. considered Strongly Doubly occupied MOs (NDOC)   = 12
No. considered Strongly Singly occupied MOs (NSOC)   = 1
NO. of Weakly occ. per St. Doubly occ.  MOs (NCWO)   = 13
Dimension of the Nat. Orb. subspace         (NBF5)   = 169
No. of electrons                                     = 25
    No. of alpha electrons                           = 13
    No. of beta electrons                            = 12
Multiplicity                                         = 2

Geometry
========
 F      -1.0111950      -0.7062760       0.0000000
 O       0.0000000       0.5752150       0.0000000
 O       1.1375950       0.2193450       0.0000000

No violations of the orthonormality
No violations of the orthonormality
 
PNOF9/ADABelief Calculation
==================
 
  Nitext  Nit_orb  Time   Nit_occ  Time         Eelec          Etot           Ediff      maxdiff    MaxGrad_orb  Grad_occ
     1      10    3.0e+01   23    3.4e+01  -317.82133506  -249.78333493 -10316.82133506   0.002518   1.0e-02   2.9e-04 0.04
     2      20    3.4e+00    0    9.8e-02  -317.82560084  -249.78760071    -0.00426579   0.002518   1.0e-02   2.9e-04 0.04
     3      40    6.5e+00   12    4.9e-01  -317.82795810  -249.78995797    -0.00235725   0.005293   2.1e-02   2.0e-04 0.04
     4      40    6.4e+00    5    2.4e-01  -317.82932322  -249.79132309    -0.00136512   0.002764   1.1e-02   2.7e-04 0.04
     5      40    6.4e+00   11    5.2e-01  -317.83001439  -249.79201426    -0.00069117   0.004454   1.8e-02   1.3e-04 0.04
     6      40    6.4e+00    8    4.6e-01  -317.83060433  -249.79260420    -0.00058994   0.005983   2.4e-02   2.0e-04 0.04
     7      40    6.4e+00    7    3.0e-01  -317.83095523  -249.79295510    -0.00035090   0.003968   1.6e-02   2.4e-04 0.04
     8      40    6.3e+00    4    2.0e-01  -317.83114943  -249.79314930    -0.00019420   0.003971   1.6e-02   1.9e-04 0.04
     9      40    6.5e+00    4    2.4e-01  -317.83130898  -249.79330885    -0.00015955   0.003558   1.4e-02   2.4e-04 0.04
    10      40    6.5e+00    7    3.4e-01  -317.83136089  -249.79336076    -0.00005192   0.003739   1.5e-02   2.0e-04 0.04
    11      40    6.5e+00    7    3.0e-01  -317.83151424  -249.79351411    -0.00015334   0.003442   1.4e-02   2.1e-04 0.04
    12      40    6.2e+00    6    3.1e-01  -317.83155806  -249.79355794    -0.00004383   0.004141   1.7e-02   2.0e-04 0.04
    13      40    6.3e+00    3    2.3e-01  -317.83171096  -249.79371083    -0.00015290   0.003717   1.5e-02   2.1e-04 0.04
    14      40    6.3e+00    4    1.8e-01  -317.83180691  -249.79380678    -0.00009594   0.004031   1.6e-02   2.1e-04 0.04
    15      40    6.3e+00    7    3.3e-01  -317.83192823  -249.79392810    -0.00012132   0.003700   1.5e-02   2.2e-04 0.04
    16      40    6.4e+00    1    9.8e-02  -317.83202294  -249.79402281    -0.00009471   0.003640   1.5e-02   2.0e-04 0.04
    17      40    6.4e+00    4    2.2e-01  -317.83207502  -249.79407489    -0.00005208   0.003364   1.3e-02   2.1e-04 0.04
    18      40    6.4e+00    4    2.4e-01  -317.83211968  -249.79411956    -0.00004467   0.003254   1.3e-02   2.2e-04 0.04
    19      40    6.4e+00    4    2.5e-01  -317.83215209  -249.79415196    -0.00003241   0.003148   1.3e-02   1.8e-04 0.04
    20      40    6.3e+00    7    3.1e-01  -317.83216428  -249.79416415    -0.00001219   0.003156   1.3e-02   1.8e-04 0.04
    21      40    6.3e+00    2    1.1e-01  -317.83218068  -249.79418055    -0.00001640   0.003049   1.2e-02   1.6e-04 0.04
    22      40    6.7e+00    0    8.1e-02  -317.83218134  -249.79418121    -0.00000066   0.003049   1.2e-02   1.6e-04 0.04
    23      41    6.3e+00    0    1.3e-01  -317.83232579  -249.79432566    -0.00014445   0.000498   2.0e-03   1.3e-04 0.04
 
RESULTS OF THE OCCUPATION OPTIMIZATION
========================================
   1    1.9999913  -26.03693613
   2    1.9999819  -21.13893399
   3    1.9999764  -20.82997272
   4    1.9888852  -1.57318467
   5    1.9880042  -1.54193872
   6    1.9845367  -1.32039569
   7    1.9693237  -0.91749333
   8    1.9770294  -0.80768605
   9    1.9807560  -0.76658048
  10    1.9803402  -0.70401491
  11    1.9800296  -0.69819907
  12    1.9577947  -0.64698312
  13    1.0000000  -0.32589442
  14    0.0420491  -0.08134584
  15    0.0100953  -0.01947923
  16    0.0108340  -0.02030114
  17    0.0070687  -0.01340511
  18    0.0083595  -0.01388932
  19    0.0290171  -0.05440215
  20    0.0071614  -0.01825486
  21    0.0054661  -0.01705184
  22    0.0069379  -0.02217795
  23    0.0000044  -0.00018343
  24    0.0000042  -0.00015470
  25    0.0000055  -0.00026453
  26    0.0000489  -0.00025475
  27    0.0039748  -0.00954535
  28    0.0036008  -0.00828550
  29    0.0043277  -0.00859416
  30    0.0050768  -0.00898209
  31    0.0011904  -0.00363439
  32    0.0033111  -0.00732532
  33    0.0030901  -0.00825019
  34    0.0022200  -0.00674596
  35    0.0000023  -0.00004340
  36    0.0000021  -0.00004051
  37    0.0000012  -0.00002964
  38    0.0000275  -0.00004578
  39    0.0036605  -0.00854755
  40    0.0033204  -0.00763519
  41    0.0036222  -0.00748216
  42    0.0047055  -0.00836356
  43    0.0000933  -0.00036666
  44    0.0017842  -0.00507337
  45    0.0017881  -0.00658413
  46    0.0006178  -0.00298312
  47    0.0000021  -0.00004040
  48    0.0000020  -0.00003833
  49    0.0000005  -0.00001278
  50    0.0000157  -0.00003952
  51    0.0010510  -0.00396804
  52    0.0006761  -0.00240523
  53    0.0024713  -0.00536539
  54    0.0036927  -0.00660631
  55    0.0000847  -0.00036266
  56    0.0009362  -0.00286950
  57    0.0004303  -0.00428028
  58    0.0005024  -0.00476511
  59    0.0000020  -0.00003871
  60    0.0000018  -0.00003606
  61    0.0000003  -0.00003839
  62    0.0000110  -0.00006971
  63    0.0002557  -0.00088962
  64    0.0002704  -0.00099585
  65    0.0005498  -0.00353854
  66    0.0003410  -0.00096414
  67    0.0000797  -0.00035213
  68    0.0008284  -0.00272522
  69    0.0003364  -0.00179868
  70    0.0002783  -0.00115600
  71    0.0000019  -0.00003898
  72    0.0000015  -0.00003222
  73    0.0000002  -0.00000801
  74    0.0000080  -0.00006442
  75    0.0002506  -0.00091079
  76    0.0002677  -0.00099437
  77    0.0005288  -0.00160052
  78    0.0003130  -0.00091839
  79    0.0000705  -0.00033760
  80    0.0005394  -0.00191781
  81    0.0002688  -0.00094432
  82    0.0001965  -0.00082970
  83    0.0000018  -0.00003572
  84    0.0000015  -0.00003326
  85    0.0000002  -0.00000355
  86    0.0000070  -0.00005986
  87    0.0002206  -0.00084126
  88    0.0002512  -0.00094348
  89    0.0001856  -0.00059419
  90    0.0002166  -0.00062485
  91    0.0000631  -0.00029207
  92    0.0003362  -0.00136789
  93    0.0001889  -0.00071884
  94    0.0001776  -0.00081388
  95    0.0000018  -0.00003456
  96    0.0000013  -0.00003012
  97    0.0000002  -0.00000300
  98    0.0000068  -0.00005718
  99    0.0001994  -0.00075794
 100    0.0002232  -0.00082238
 101    0.0001554  -0.00052022
 102    0.0001601  -0.00054891
 103    0.0000173  -0.00009934
 104    0.0002169  -0.00072630
 105    0.0001668  -0.00065280
 106    0.0000733  -0.00118640
 107    0.0000016  -0.00003275
 108    0.0000012  -0.00002792
 109    0.0000001  -0.00000233
 110    0.0000067  -0.00005696
 111    0.0001757  -0.00066049
 112    0.0001588  -0.00066484
 113    0.0001511  -0.00052698
 114    0.0000362  -0.00018641
 115    0.0000161  -0.00009492
 116    0.0002021  -0.00066202
 117    0.0001424  -0.00055358
 118    0.0000467  -0.00081720
 119    0.0000015  -0.00003225
 120    0.0000010  -0.00002385
 121    0.0000001  -0.00000215
 122    0.0000063  -0.00005628
 123    0.0000441  -0.00028948
 124    0.0000148  -0.00010534
 125    0.0001382  -0.00054128
 126    0.0000298  -0.00016402
 127    0.0000150  -0.00009020
 128    0.0000876  -0.00045529
 129    0.0000673  -0.00112207
 130    0.0000180  -0.00013758
 131    0.0000014  -0.00003033
 132    0.0000007  -0.00001759
 133    0.0000001  -0.00000200
 134    0.0000063  -0.00005715
 135    0.0000149  -0.00009538
 136    0.0000146  -0.00010324
 137    0.0000172  -0.00010073
 138    0.0000138  -0.00007958
 139    0.0000104  -0.00006829
 140    0.0000262  -0.00017171
 141    0.0000208  -0.00017954
 142    0.0000172  -0.00013565
 143    0.0000012  -0.00002877
 144    0.0000004  -0.00002030
 145    0.0000001  -0.00000126
 146    0.0000060  -0.00005094
 147    0.0000141  -0.00008513
 148    0.0000141  -0.00009828
 149    0.0000145  -0.00008447
 150    0.0000132  -0.00007525
 151    0.0000095  -0.00006340
 152    0.0000184  -0.00010887
 153    0.0000159  -0.00016301
 154    0.0000149  -0.00011318
 155    0.0000009  -0.00002227
 156    0.0000003  -0.00002924
 157    0.0000001  -0.00000103
 158    0.0000060  -0.00005246
 159    0.0000136  -0.00008433
 160    0.0000138  -0.00009349
 161    0.0000135  -0.00008762
 162    0.0000125  -0.00006453
 163    0.0000091  -0.00005940
 164    0.0000152  -0.00009287
 165    0.0000138  -0.00012669
 166    0.0000144  -0.00011169
 167    0.0000006  -0.00001482
 168    0.0000002  -0.00001697
 169    0.0000001  -0.00000079
 
----------------
 Final Energies 
----------------
Final NOF Total Energy =    -249.7943257
 
Total Orbital Internal Iterations = 871
Total Occupation Internal Iterations = 130
 
Elapsed time:  233.04 Seconds

---------------------------------
   Lowdin Population Analysis    
---------------------------------
 Idx  Atom   Population   Charge 
---------------------------------
  1     F     9.161      -0.161
  2     O     7.929       0.071
  3     O     7.910       0.090

---------------------------------
   M Diagnostic: 0.04
---------------------------------

Recovering execution output...
Moving from /scratch/pobleyef/174370 to /home-nas/pobleyef/Poison-Set/ncwomax/P30-5/GNOFmsta/arina.174370
mkdir -p /home-nas/pobleyef/Poison-Set/ncwomax/P30-5/GNOFmsta/arina.174370
mv /scratch/pobleyef/174370/* /home-nas/pobleyef/Poison-Set/ncwomax/P30-5/GNOFmsta/arina.174370
