W4-11_120_t-hooo
/software/eb2024/easybuild/software/common/software/Julia/1.11.3-linux-x86_64/bin/julia
Job runing on na06
Choosing scratch ...
Automatic scratch folder selection
/scratch/pobleyef/174366
/scratch/pobleyef/174366 directory
cp W4-11_120_t-hooo.jl W4-11_120_t-hooo.jld2 to  /scratch/pobleyef/174366/.
Computing Integrals
Elapsed time:   10.20 Seconds

Number of basis functions                   (NBF)    = 201
Number of auxiliary basis functions         (NBFAUX) = 249
Inactive Doubly occupied orbitals up to     (NO1)    = 0
No. considered Strongly Doubly occupied MOs (NDOC)   = 12
No. considered Strongly Singly occupied MOs (NSOC)   = 1
NO. of Weakly occ. per St. Doubly occ.  MOs (NCWO)   = 15
Dimension of the Nat. Orb. subspace         (NBF5)   = 193
No. of electrons                                     = 25
    No. of alpha electrons                           = 13
    No. of beta electrons                            = 12
Multiplicity                                         = 2

Geometry
========
 O       1.1743930       0.1943130       0.0000000
 O       0.0000000       0.5531800       0.0000000
 O      -0.9504710      -0.7177150       0.0000000
 H      -1.7913740      -0.2382290       0.0000000

No violations of the orthonormality
No violations of the orthonormality
 
PNOF9/ADABelief Calculation
==================
 
  Nitext  Nit_orb  Time   Nit_occ  Time         Eelec          Etot           Ediff      maxdiff    MaxGrad_orb  Grad_occ
     1      10    6.9e+01   35    2.5e+01  -297.31147968  -225.79791677 -10296.31147968   0.002941   1.2e-02   1.9e-04 0.04
     2      20    1.2e+02    0    2.3e-01  -297.31558143  -225.80201851    -0.00410174   0.002941   1.2e-02   1.9e-04 0.04
     3      40    2.0e+02    8    6.6e-01  -297.31812652  -225.80456361    -0.00254510   0.004653   1.9e-02   1.9e-04 0.04
     4      40    2.0e+02    8    6.9e-01  -297.31932595  -225.80576304    -0.00119943   0.003950   1.6e-02   1.9e-04 0.04
     5      40    1.8e+02    8    6.5e-01  -297.32023364  -225.80667073    -0.00090769   0.003696   1.5e-02   1.5e-04 0.04
     6      40    2.0e+02    4    5.8e-01  -297.32079023  -225.80722732    -0.00055659   0.003459   1.4e-02   2.1e-04 0.04
     7      40    1.8e+02    1    3.7e-01  -297.32112711  -225.80756420    -0.00033688   0.004368   1.7e-02   3.4e-04 0.04
     8      40    1.8e+02   12    9.7e-01  -297.32137083  -225.80780791    -0.00024372   0.004153   1.7e-02   1.6e-04 0.04
     9      40    1.8e+02    1    2.9e-01  -297.32160388  -225.80804097    -0.00023305   0.003746   1.5e-02   2.5e-04 0.04
    10      40    1.9e+02    7    7.5e-01  -297.32173800  -225.80817508    -0.00013411   0.003808   1.5e-02   2.2e-04 0.04
    11      40    1.9e+02    1    2.6e-01  -297.32179979  -225.80823688    -0.00006180   0.003285   1.3e-02   2.6e-04 0.04
    12      40    1.9e+02    4    3.4e-01  -297.32186163  -225.80829871    -0.00006183   0.003269   1.3e-02   2.0e-04 0.04
    13      40    2.0e+02    7    6.0e-01  -297.32188007  -225.80831716    -0.00001845   0.002751   1.1e-02   1.8e-04 0.04
    14      40    2.0e+02    1    2.7e-01  -297.32192452  -225.80836161    -0.00004445   0.002808   1.1e-02   1.3e-04 0.04
    15      40    1.7e+02    1    2.9e-01  -297.32193726  -225.80837435    -0.00001274   0.002803   1.1e-02   2.0e-04 0.04
Recovering execution output...
Moving from /scratch/pobleyef/174366 to /home-nas/pobleyef/Poison-Set/ncwomax/P30-5/GNOFmsta/arina.174366
mkdir -p /home-nas/pobleyef/Poison-Set/ncwomax/P30-5/GNOFmsta/arina.174366
mv /scratch/pobleyef/174366/* /home-nas/pobleyef/Poison-Set/ncwomax/P30-5/GNOFmsta/arina.174366
