W4-11_128_s4-c2v
/software/eb2024/easybuild/software/common/software/Julia/1.11.3-linux-x86_64/bin/julia
Job runing on na07
Choosing scratch ...
Automatic scratch folder selection
/scratch/pobleyef/176593
/scratch/pobleyef/176593 directory
cp W4-11_128_s4-c2v.jl W4-11_128_s4-c2v.jld2 to  /scratch/pobleyef/176593/.
Computing Integrals
Elapsed time:   10.23 Seconds

Number of basis functions                   (NBF)    = 280
Number of auxiliary basis functions         (NBFAUX) = 512
Inactive Doubly occupied orbitals up to     (NO1)    = 0
No. considered Strongly Doubly occupied MOs (NDOC)   = 32
No. considered Strongly Singly occupied MOs (NSOC)   = 0
NO. of Weakly occ. per St. Doubly occ.  MOs (NCWO)   = 7
Dimension of the Nat. Orb. subspace         (NBF5)   = 256
No. of electrons                                     = 64
    No. of alpha electrons                           = 32
    No. of beta electrons                            = 32
Multiplicity                                         = 1

Geometry
========
 S       0.0000000       1.5523430       0.9219610
 S       0.0000000       1.0685080      -0.9219610
 S       0.0000000      -1.0685080      -0.9219610
 S       0.0000000      -1.5523430       0.9219610

No violations of the orthonormality
No violations of the orthonormality
 
PNOF9/ADABelief Calculation
==================
 
  Nitext  Nit_orb  Time   Nit_occ  Time         Eelec          Etot           Ediff      maxdiff    MaxGrad_orb  Grad_occ
     1      10    4.2e+01    0    2.2e+01 -1925.69888446 -1591.99996193 -11924.69888446   0.010352   4.1e-02   3.6e-04 0.04
     2      30    7.9e+01    0    4.2e-01 -1925.69888446 -1591.99996193     0.00000000   0.010352   4.1e-02   3.6e-04 0.04
     3      50    1.2e+02    9    1.5e+00 -1925.70108406 -1592.00216153    -0.00219960   0.008053   3.2e-02   3.5e-04 0.04
     4      50    1.2e+02   14    2.1e+00 -1925.70215439 -1592.00323187    -0.00107034   0.007487   3.0e-02   2.6e-04 0.04
     5      50    1.2e+02   14    1.9e+00 -1925.70307662 -1592.00415410    -0.00092223   0.008397   3.4e-02   2.4e-04 0.04
     6      50    1.2e+02   11    1.1e+00 -1925.70409371 -1592.00517118    -0.00101709   0.009947   4.0e-02   3.5e-04 0.04
     7      50    1.2e+02   16    2.8e+00 -1925.70511502 -1592.00619250    -0.00102131   0.008486   3.4e-02   2.4e-04 0.04
     8      50    1.3e+02    9    1.5e+00 -1925.70613985 -1592.00721733    -0.00102483   0.006855   2.7e-02   2.8e-04 0.04
     9      50    1.2e+02   15    1.7e+00 -1925.70699740 -1592.00807488    -0.00085755   0.007258   2.9e-02   2.6e-04 0.04
Final NOF Total Energy =    -1592.00807488
