W4-11_113_n2o
/software/eb2024/easybuild/software/common/software/Julia/1.11.3-linux-x86_64/bin/julia
Job runing on na10
Choosing scratch ...
Automatic scratch folder selection
/scratch/pobleyef/174363
/scratch/pobleyef/174363 directory
cp W4-11_113_n2o.jl W4-11_113_n2o.jld2 to  /scratch/pobleyef/174363/.
Computing Integrals
Elapsed time:    7.20 Seconds

Number of basis functions                   (NBF)    = 171
Number of auxiliary basis functions         (NBFAUX) = 231
Inactive Doubly occupied orbitals up to     (NO1)    = 0
No. considered Strongly Doubly occupied MOs (NDOC)   = 11
No. considered Strongly Singly occupied MOs (NSOC)   = 0
NO. of Weakly occ. per St. Doubly occ.  MOs (NCWO)   = 14
Dimension of the Nat. Orb. subspace         (NBF5)   = 165
No. of electrons                                     = 22
    No. of alpha electrons                           = 11
    No. of beta electrons                            = 11
Multiplicity                                         = 1

Geometry
========
 N       0.0000000       0.0000000      -1.2014770
 N       0.0000000       0.0000000      -0.0723770
 O       0.0000000       0.0000000       1.1146230

No violations of the orthonormality
No violations of the orthonormality
 
PNOF9/ADABelief Calculation
==================
 
  Nitext  Nit_orb  Time   Nit_occ  Time         Eelec          Etot           Ediff      maxdiff    MaxGrad_orb  Grad_occ
     1      10    3.7e+01   19    2.0e+01  -245.16489126  -184.43995634 -10244.16489126   0.001617   6.5e-03   1.8e-04 0.04
     2      20    3.9e+01    0    8.3e-02  -245.16817973  -184.44324481    -0.00328847   0.001617   6.5e-03   1.8e-04 0.04
     3      40    8.3e+01   11    3.5e-01  -245.16960992  -184.44467500    -0.00143019   0.003517   1.4e-02   1.6e-04 0.04
     4      40    8.5e+01    4    2.0e-01  -245.17040926  -184.44547433    -0.00079934   0.003900   1.6e-02   1.9e-04 0.04
     5      40    8.3e+01    8    2.7e-01  -245.17082107  -184.44588615    -0.00041182   0.003336   1.3e-02   2.1e-04 0.04
     6      40    8.3e+01    4    2.1e-01  -245.17110840  -184.44617348    -0.00028733   0.003339   1.3e-02   1.9e-04 0.04
     7      40    8.3e+01    4    1.8e-01  -245.17125576  -184.44632084    -0.00014737   0.003296   1.3e-02   2.4e-04 0.04
     8      40    8.3e+01    8    2.7e-01  -245.17145411  -184.44651919    -0.00019835   0.003030   1.2e-02   2.1e-04 0.04
     9      40    8.2e+01    4    1.9e-01  -245.17161226  -184.44667734    -0.00015815   0.002730   1.1e-02   1.8e-04 0.04
    10      40    8.2e+01    2    1.2e-01  -245.17175481  -184.44681989    -0.00014255   0.002762   1.1e-02   2.7e-04 0.04
    11      40    8.2e+01    4    2.1e-01  -245.17185666  -184.44692174    -0.00010185   0.003042   1.2e-02   2.3e-04 0.04
    12      40    8.2e+01    8    2.6e-01  -245.17196051  -184.44702559    -0.00010385   0.004518   1.8e-02   1.7e-04 0.04
    13      40    8.4e+01    4    1.5e-01  -245.17207820  -184.44714328    -0.00011769   0.004223   1.7e-02   1.6e-04 0.04
    14      40    8.3e+01    8    2.6e-01  -245.17223997  -184.44730505    -0.00016177   0.003291   1.3e-02   1.7e-04 0.04
    15      40    8.2e+01    4    1.7e-01  -245.17234542  -184.44741050    -0.00010545   0.003195   1.3e-02   1.8e-04 0.04
    16      40    8.4e+01    4    1.9e-01  -245.17251040  -184.44757548    -0.00016497   0.003177   1.3e-02   2.2e-04 0.04
    17      40    8.2e+01    4    1.8e-01  -245.17266857  -184.44773365    -0.00015817   0.003156   1.3e-02   2.5e-04 0.04
    18      40    8.4e+01    4    1.7e-01  -245.17287843  -184.44794351    -0.00020986   0.002740   1.1e-02   2.5e-04 0.04
    19      40    8.5e+01    8    3.0e-01  -245.17308569  -184.44815077    -0.00020726   0.003123   1.2e-02   2.1e-04 0.04
    20      40    8.4e+01    4    2.1e-01  -245.17330875  -184.44837383    -0.00022306   0.002822   1.1e-02   2.2e-04 0.04
    21      40    8.3e+01    4    1.9e-01  -245.17345422  -184.44851930    -0.00014547   0.002854   1.1e-02   2.2e-04 0.04
    22      40    8.4e+01    4    2.3e-01  -245.17358150  -184.44864658    -0.00012728   0.004200   1.7e-02   2.1e-04 0.04
    23      40    8.3e+01    9    2.8e-01  -245.17371645  -184.44878153    -0.00013495   0.003250   1.3e-02   1.7e-04 0.04
    24      40    8.7e+01    4    1.5e-01  -245.17382753  -184.44889261    -0.00011108   0.003228   1.3e-02   1.2e-04 0.04
    25      40    8.7e+01    4    1.7e-01  -245.17393325  -184.44899833    -0.00010573   0.002501   1.0e-02   1.3e-04 0.04
    26      40    8.4e+01    4    1.6e-01  -245.17401860  -184.44908368    -0.00008535   0.002403   9.6e-03   1.7e-04 0.04
    27      40    8.3e+01    7    2.5e-01  -245.17410808  -184.44917316    -0.00008948   0.002385   9.5e-03   2.2e-04 0.04
    28      40    8.2e+01    3    1.5e-01  -245.17419271  -184.44925779    -0.00008462   0.002409   9.6e-03   1.9e-04 0.04
    29      40    8.2e+01    3    1.6e-01  -245.17425799  -184.44932307    -0.00006529   0.002417   9.7e-03   2.4e-04 0.04
    30      40    8.3e+01    0    8.2e-02  -245.17429614  -184.44936122    -0.00003815   0.002448   9.8e-03   2.7e-04 0.04
    31      50    1.0e+02    7    2.6e-01  -245.17437540  -184.44944048    -0.00007925   0.002004   8.0e-03   1.7e-04 0.04
    32      50    1.1e+02    3    1.6e-01  -245.17441790  -184.44948298    -0.00004250   0.002126   8.5e-03   1.5e-04 0.04
    33      50    1.0e+02    0    6.4e-02  -245.17445649  -184.44952157    -0.00003859   0.002037   8.1e-03   1.8e-04 0.04
Recovering execution output...
Moving from /scratch/pobleyef/174363 to /home-nas/pobleyef/Poison-Set/ncwomax/P30-5/GNOFmsta/arina.174363
mkdir -p /home-nas/pobleyef/Poison-Set/ncwomax/P30-5/GNOFmsta/arina.174363
mv /scratch/pobleyef/174363/* /home-nas/pobleyef/Poison-Set/ncwomax/P30-5/GNOFmsta/arina.174363
