Computing Integrals
Basis Set                                            = def2-qzvp
Auxiliary Basis Set                                  = def2-universal-jkfit
Gaussian Type                                        = Spherical
Elapsed time:    2.76 Seconds

Number of basis functions                   (NBF)    = 57
Number of auxiliary basis functions         (NBFAUX) = 77
Inactive Doubly occupied orbitals up to     (NO1)    = 0
No. considered Strongly Doubly occupied MOs (NDOC)   = 4
No. considered Strongly Singly occupied MOs (NSOC)   = 1
NO. of Weakly occ. per St. Doubly occ.  MOs (NCWO)   = 13
Dimension of the Nat. Orb. subspace         (NBF5)   = 57
No. of electrons                                     = 9
    No. of alpha electrons                           = 5
    No. of beta electrons                            = 4
Multiplicity                                         = 2

Geometry
========
 F       0.0000000       0.0000000       0.0000000

No violations of the orthonormality
No violations of the orthonormality
 
PNOF8/ADABelief Calculation
==================
 
  Nitext  Nit_orb  Time   Nit_occ  Time         Eelec          Etot           Ediff      maxdiff    MaxGrad_orb  Grad_occ
     1      10    2.2e+01    3    2.8e+01   -99.67137584   -99.67137584 -10098.67137584   0.000734   2.9e-03   1.7e-04 0.02
 
RESULTS OF THE OCCUPATION OPTIMIZATION
========================================
   1    1.9999510  -26.43103839
   2    1.9833434  -1.61850277
   3    1.9767865  -0.75637629
   4    1.9771218  -0.75611020
   5    1.0000000  -0.44829774
   6    0.0116814  -0.02044508
   7    0.0127791  -0.02100328
   8    0.0090273  -0.02397901
   9    0.0000327  -0.00150073
  10    0.0048867  -0.01019529
  11    0.0051279  -0.01024712
  12    0.0028073  -0.00718341
  13    0.0000035  -0.00008331
  14    0.0047258  -0.01063945
  15    0.0034914  -0.00740964
  16    0.0024585  -0.00625299
  17    0.0000019  -0.00005728
  18    0.0006231  -0.00573883
  19    0.0008278  -0.00283047
  20    0.0007882  -0.00298369
  21    0.0000016  -0.00005076
  22    0.0002476  -0.00088495
  23    0.0003135  -0.00112013
  24    0.0004329  -0.00171341
  25    0.0000016  -0.00005103
  26    0.0002170  -0.00079136
  27    0.0002178  -0.00074757
  28    0.0002894  -0.00127115
  29    0.0000014  -0.00005351
  30    0.0002085  -0.00075354
  31    0.0002143  -0.00075623
  32    0.0002846  -0.00117099
  33    0.0000013  -0.00004560
  34    0.0001976  -0.00070933
  35    0.0001593  -0.00061986
  36    0.0002803  -0.00115044
  37    0.0000012  -0.00004468
  38    0.0000312  -0.00008210
  39    0.0000184  -0.00013142
  40    0.0002202  -0.00087660
  41    0.0000012  -0.00004116
  42    0.0000177  -0.00015002
  43    0.0000181  -0.00012943
  44    0.0000197  -0.00014876
  45    0.0000009  -0.00004415
  46    0.0000153  -0.00010919
  47    0.0000163  -0.00011044
  48    0.0000171  -0.00012966
  49    0.0000008  -0.00001326
  50    0.0000136  -0.00010088
  51    0.0000149  -0.00009933
  52    0.0000168  -0.00012312
  53    0.0000006  -0.00000651
  54    0.0000126  -0.00008711
  55    0.0000146  -0.00009772
  56    0.0000142  -0.00010213
  57    0.0000003  -0.00003548
 
----------------
 Final Energies 
----------------
Final NOF Total Energy =     -99.6713758
 
Total Orbital Internal Iterations = 10
Total Occupation Internal Iterations = 3
 
Elapsed time:   65.43 Seconds

---------------------------------
   Lowdin Population Analysis    
---------------------------------
 Idx  Atom   Population   Charge 
---------------------------------
  1     F     9.000      -0.000

---------------------------------
   M Diagnostic: 0.02
---------------------------------

