Computing Integrals
Basis Set                                            = def2-qzvp
Auxiliary Basis Set                                  = def2-universal-jkfit
Gaussian Type                                        = Spherical
Elapsed time:    2.61 Seconds

Number of basis functions                   (NBF)    = 114
Number of auxiliary basis functions         (NBFAUX) = 154
Inactive Doubly occupied orbitals up to     (NO1)    = 0
No. considered Strongly Doubly occupied MOs (NDOC)   = 7
No. considered Strongly Singly occupied MOs (NSOC)   = 0
NO. of Weakly occ. per St. Doubly occ.  MOs (NCWO)   = 15
Dimension of the Nat. Orb. subspace         (NBF5)   = 112
No. of electrons                                     = 14
    No. of alpha electrons                           = 7
    No. of beta electrons                            = 7
Multiplicity                                         = 1

Geometry
========
 N       0.0000000       0.0000000       0.5485557
 N       0.0000000       0.0000000      -0.5485557

No violations of the orthonormality
No violations of the orthonormality
 
PNOF8/ADABelief Calculation
==================
 
  Nitext  Nit_orb  Time   Nit_occ  Time         Eelec          Etot           Ediff      maxdiff    MaxGrad_orb  Grad_occ
     1      10    4.1e+01    7    2.5e+01  -133.08545571  -109.45100144 -10132.08545571   0.000504   2.0e-03   1.7e-04 0.04
 
RESULTS OF THE OCCUPATION OPTIMIZATION
========================================
   1    1.9999487  -15.68363121
   2    1.9999494  -15.68084479
   3    1.9836096  -1.37775224
   4    1.9789117  -0.80634520
   5    1.9699027  -0.77111293
   6    1.9560703  -0.64592642
   7    1.9554207  -0.64529386
   8    0.0409273  -0.05147376
   9    0.0430105  -0.05298834
  10    0.0180213  -0.03210385
  11    0.0089615  -0.01810009
  12    0.0047234  -0.01394407
  13    0.0000349  -0.00100268
  14    0.0000348  -0.00100290
  15    0.0031347  -0.00570858
  16    0.0002336  -0.00062826
  17    0.0046392  -0.00931955
  18    0.0041425  -0.00753818
  19    0.0034582  -0.00754186
  20    0.0000038  -0.00006387
  21    0.0000037  -0.00007493
  22    0.0002045  -0.00056248
  23    0.0002290  -0.00058431
  24    0.0032893  -0.00722856
  25    0.0017563  -0.00415215
  26    0.0027914  -0.00589380
  27    0.0000034  -0.00005485
  28    0.0000033  -0.00004486
  29    0.0001488  -0.00039336
  30    0.0002244  -0.00058079
  31    0.0032260  -0.00709108
  32    0.0016472  -0.00449156
  33    0.0014869  -0.00414218
  34    0.0000032  -0.00007140
  35    0.0000032  -0.00007164
  36    0.0000246  -0.00010317
  37    0.0000866  -0.00028732
  38    0.0002181  -0.00061898
  39    0.0010918  -0.00236812
  40    0.0013314  -0.00632529
  41    0.0000027  -0.00004116
  42    0.0000030  -0.00005047
  43    0.0000211  -0.00009859
  44    0.0000232  -0.00010739
  45    0.0001709  -0.00049689
  46    0.0010680  -0.00232982
  47    0.0005760  -0.00368347
  48    0.0000005  -0.00001595
  49    0.0000008  -0.00002561
  50    0.0000176  -0.00009342
  51    0.0000190  -0.00008723
  52    0.0001060  -0.00034213
  53    0.0005799  -0.00170101
  54    0.0005290  -0.00175662
  55    0.0000004  -0.00001505
  56    0.0000006  -0.00001825
  57    0.0000157  -0.00008024
  58    0.0000176  -0.00009023
  59    0.0001059  -0.00034591
  60    0.0005042  -0.00139573
  61    0.0004403  -0.00135789
  62    0.0000004  -0.00003571
  63    0.0000005  -0.00001905
  64    0.0000147  -0.00008189
  65    0.0000145  -0.00006842
  66    0.0001054  -0.00035362
  67    0.0004987  -0.00367531
  68    0.0003112  -0.00148803
  69    0.0000003  -0.00002061
  70    0.0000003  -0.00003035
  71    0.0000136  -0.00005832
  72    0.0000142  -0.00006672
  73    0.0000922  -0.00030631
  74    0.0002643  -0.00076753
  75    0.0002564  -0.00080624
  76    0.0000002  -0.00000830
  77    0.0000003  -0.00001008
  78    0.0000123  -0.00005521
  79    0.0000131  -0.00006023
  80    0.0000291  -0.00014439
  81    0.0002244  -0.00107446
  82    0.0001249  -0.00044892
  83    0.0000002  -0.00000502
  84    0.0000002  -0.00000608
  85    0.0000120  -0.00005843
  86    0.0000123  -0.00006315
  87    0.0000269  -0.00011950
  88    0.0001459  -0.00042212
  89    0.0001105  -0.00048576
  90    0.0000002  -0.00000235
  91    0.0000002  -0.00000222
  92    0.0000112  -0.00005570
  93    0.0000113  -0.00005690
  94    0.0000244  -0.00012391
  95    0.0001059  -0.00038536
  96    0.0001044  -0.00038986
  97    0.0000001  -0.00000184
  98    0.0000002  -0.00000198
  99    0.0000110  -0.00005453
 100    0.0000109  -0.00005598
 101    0.0000238  -0.00011191
 102    0.0000574  -0.00022211
 103    0.0000952  -0.00037712
 104    0.0000001  -0.00000143
 105    0.0000001  -0.00000105
 106    0.0000103  -0.00004871
 107    0.0000095  -0.00005041
 108    0.0000188  -0.00010396
 109    0.0000405  -0.00018875
 110    0.0000513  -0.00023374
 111    0.0000001  -0.00000076
 112    0.0000001  -0.00000059
 
----------------
 Final Energies 
----------------
Final NOF Total Energy =    -109.4510014
 
Total Orbital Internal Iterations = 10
Total Occupation Internal Iterations = 7
 
Elapsed time:   79.09 Seconds

---------------------------------
   Lowdin Population Analysis    
---------------------------------
 Idx  Atom   Population   Charge 
---------------------------------
  1     N     7.000      -0.000
  2     N     7.000       0.000

---------------------------------
   M Diagnostic: 0.04
---------------------------------

