Computing Integrals
Basis Set                                            = def2-qzvp
Auxiliary Basis Set                                  = def2-universal-jkfit
Gaussian Type                                        = Spherical
Elapsed time:    2.70 Seconds

Number of basis functions                   (NBF)    = 144
Number of auxiliary basis functions         (NBFAUX) = 204
Inactive Doubly occupied orbitals up to     (NO1)    = 0
No. considered Strongly Doubly occupied MOs (NDOC)   = 8
No. considered Strongly Singly occupied MOs (NSOC)   = 0
NO. of Weakly occ. per St. Doubly occ.  MOs (NCWO)   = 17
Dimension of the Nat. Orb. subspace         (NBF5)   = 144
No. of electrons                                     = 16
    No. of alpha electrons                           = 8
    No. of beta electrons                            = 8
Multiplicity                                         = 1

Geometry
========
Be       0.7279036      -0.7279036       0.7279036
Be      -0.7279036       0.7279036       0.7279036
Be      -0.7279036      -0.7279036      -0.7279036
Be       0.7279036       0.7279036      -0.7279036

No violations of the orthonormality
No violations of the orthonormality
 
PNOF8/ADABelief Calculation
==================
 
  Nitext  Nit_orb  Time   Nit_occ  Time         Eelec          Etot           Ediff      maxdiff    MaxGrad_orb  Grad_occ
     1      10    2.1e+01    3    2.5e+01   -83.35732482   -58.68258315 -10082.35732482   0.000844   3.4e-03   2.0e-04 0.03
 
RESULTS OF THE OCCUPATION OPTIMIZATION
========================================
   1    1.9991206  -4.70651938
   2    1.9991608  -4.70645076
   3    1.9989502  -4.70635017
   4    1.9989414  -4.70620814
   5    1.9776397  -0.56861538
   6    1.9585616  -0.28899614
   7    1.9539270  -0.28895504
   8    1.9610330  -0.28892887
   9    0.0174493  -0.01329790
  10    0.0200901  -0.01398933
  11    0.0199092  -0.01391072
  12    0.0082704  -0.01332336
  13    0.0006405  -0.00452398
  14    0.0006923  -0.00479269
  15    0.0005017  -0.00339460
  16    0.0004245  -0.00298516
  17    0.0119641  -0.01275655
  18    0.0137331  -0.01154589
  19    0.0080944  -0.00636035
  20    0.0053674  -0.00833601
  21    0.0001820  -0.00151035
  22    0.0001790  -0.00151384
  23    0.0001881  -0.00156105
  24    0.0002362  -0.00184750
  25    0.0035048  -0.00386438
  26    0.0073428  -0.00625572
  27    0.0038629  -0.00397367
  28    0.0030557  -0.00870437
  29    0.0001692  -0.00145448
  30    0.0000978  -0.00067713
  31    0.0000781  -0.00056299
  32    0.0001736  -0.00139628
  33    0.0014398  -0.00215355
  34    0.0018792  -0.00186473
  35    0.0037872  -0.00388069
  36    0.0010095  -0.00330745
  37    0.0000315  -0.00017236
  38    0.0000439  -0.00033030
  39    0.0000450  -0.00029681
  40    0.0000252  -0.00020942
  41    0.0013696  -0.00207600
  42    0.0017185  -0.00179521
  43    0.0021351  -0.00240248
  44    0.0009299  -0.00307389
  45    0.0000164  -0.00013094
  46    0.0000152  -0.00015312
  47    0.0000073  -0.00002851
  48    0.0000057  -0.00002428
  49    0.0011627  -0.00188407
  50    0.0004810  -0.00049440
  51    0.0017420  -0.00235316
  52    0.0009290  -0.00269676
  53    0.0000050  -0.00002389
  54    0.0000089  -0.00005997
  55    0.0000049  -0.00002389
  56    0.0000033  -0.00001540
  57    0.0006544  -0.00098735
  58    0.0002599  -0.00029144
  59    0.0007695  -0.00088119
  60    0.0007954  -0.00269476
  61    0.0000040  -0.00001868
  62    0.0000043  -0.00002001
  63    0.0000034  -0.00001625
  64    0.0000029  -0.00001378
  65    0.0004811  -0.00056386
  66    0.0001266  -0.00015095
  67    0.0006253  -0.00072621
  68    0.0006081  -0.00191390
  69    0.0000022  -0.00001083
  70    0.0000013  -0.00000446
  71    0.0000020  -0.00001007
  72    0.0000016  -0.00000713
  73    0.0002791  -0.00032250
  74    0.0000994  -0.00011769
  75    0.0001296  -0.00017457
  76    0.0003171  -0.00092998
  77    0.0000014  -0.00000459
  78    0.0000012  -0.00000350
  79    0.0000017  -0.00001005
  80    0.0000014  -0.00000671
  81    0.0002527  -0.00031249
  82    0.0000836  -0.00009607
  83    0.0000792  -0.00010207
  84    0.0002497  -0.00076735
  85    0.0000013  -0.00000433
  86    0.0000011  -0.00000296
  87    0.0000013  -0.00000545
  88    0.0000010  -0.00000339
  89    0.0001172  -0.00015475
  90    0.0000622  -0.00008863
  91    0.0000662  -0.00009112
  92    0.0002313  -0.00039871
  93    0.0000012  -0.00000334
  94    0.0000010  -0.00000276
  95    0.0000013  -0.00000570
  96    0.0000009  -0.00000185
  97    0.0000790  -0.00011900
  98    0.0000449  -0.00005762
  99    0.0000576  -0.00007590
 100    0.0001756  -0.00047518
 101    0.0000011  -0.00000255
 102    0.0000010  -0.00000206
 103    0.0000012  -0.00000442
 104    0.0000007  -0.00000119
 105    0.0000506  -0.00006699
 106    0.0000406  -0.00004973
 107    0.0000502  -0.00006909
 108    0.0001456  -0.00053446
 109    0.0000008  -0.00000135
 110    0.0000007  -0.00000148
 111    0.0000011  -0.00000342
 112    0.0000006  -0.00000347
 113    0.0000476  -0.00006469
 114    0.0000343  -0.00004151
 115    0.0000435  -0.00005237
 116    0.0001177  -0.00036668
 117    0.0000006  -0.00000046
 118    0.0000006  -0.00000061
 119    0.0000007  -0.00000131
 120    0.0000006  -0.00000568
 121    0.0000427  -0.00006114
 122    0.0000300  -0.00003480
 123    0.0000349  -0.00004327
 124    0.0000846  -0.00027117
 125    0.0000006  -0.00000109
 126    0.0000006  -0.00000019
 127    0.0000007  -0.00000046
 128    0.0000006  -0.00000109
 129    0.0000409  -0.00005332
 130    0.0000247  -0.00003125
 131    0.0000307  -0.00004055
 132    0.0000420  -0.00013361
 133    0.0000006  -0.00000471
 134    0.0000005  -0.00000054
 135    0.0000005  -0.00000864
 136    0.0000004  -0.00000881
 137    0.0000315  -0.00004186
 138    0.0000223  -0.00003168
 139    0.0000210  -0.00003191
 140    0.0000312  -0.00006182
 141    0.0000002  -0.00000260
 142    0.0000002  -0.00000190
 143    0.0000002  -0.00000263
 144    0.0000002  -0.00000244
 
----------------
 Final Energies 
----------------
Final NOF Total Energy =     -58.6825831
 
Total Orbital Internal Iterations = 10
Total Occupation Internal Iterations = 3
 
Elapsed time:   61.08 Seconds

---------------------------------
   Lowdin Population Analysis    
---------------------------------
 Idx  Atom   Population   Charge 
---------------------------------
  1    Be     4.000       0.000
  2    Be     4.002      -0.002
  3    Be     4.000       0.000
  4    Be     3.999       0.001

---------------------------------
   M Diagnostic: 0.03
---------------------------------

