Computing Integrals
Basis Set                                            = def2-qzvp
Auxiliary Basis Set                                  = def2-universal-jkfit
Gaussian Type                                        = Spherical
Elapsed time:    4.57 Seconds

Number of basis functions                   (NBF)    = 285
Number of auxiliary basis functions         (NBFAUX) = 383
Inactive Doubly occupied orbitals up to     (NO1)    = 0
No. considered Strongly Doubly occupied MOs (NDOC)   = 21
No. considered Strongly Singly occupied MOs (NSOC)   = 0
NO. of Weakly occ. per St. Doubly occ.  MOs (NCWO)   = 12
Dimension of the Nat. Orb. subspace         (NBF5)   = 273
No. of electrons                                     = 42
    No. of alpha electrons                           = 21
    No. of beta electrons                            = 21
Multiplicity                                         = 1

Geometry
========
 C       0.0000000       0.0000000       0.0000000
 F       0.7665641      -0.7665641       0.7665641
 F      -0.7665641       0.7665641       0.7665641
 F      -0.7665641      -0.7665641      -0.7665641
 F       0.7665641       0.7665641      -0.7665641

No violations of the orthonormality
No violations of the orthonormality
 
PNOF8/ADABelief Calculation
==================
 
  Nitext  Nit_orb  Time   Nit_occ  Time         Eelec          Etot           Ediff      maxdiff    MaxGrad_orb  Grad_occ
     1      10    2.4e+01   10    2.8e+01  -641.96524975  -437.26085242 -10640.96524975   0.002684   1.1e-02   1.8e-04 0.03
     2      20    7.0e+00    0    4.6e-01  -641.96582027  -437.26142293    -0.00057052   0.002684   1.1e-02   1.8e-04 0.03
     3      40    1.4e+01    6    1.3e+00  -641.96631385  -437.26191651    -0.00049358   0.004246   1.7e-02   2.4e-04 0.03
     4      40    1.4e+01    1    5.8e-01  -641.96653003  -437.26213269    -0.00021618   0.004610   1.8e-02   3.1e-04 0.03
     5      40    1.3e+01    0    4.6e-01  -641.96653274  -437.26213540    -0.00000271   0.004610   1.8e-02   3.1e-04 0.03
     6      60    2.0e+01    3    9.0e-01  -641.96706395  -437.26266661    -0.00053121   0.000531   2.1e-03   2.3e-04 0.03
 
RESULTS OF THE OCCUPATION OPTIMIZATION
========================================
   1    1.9999811  -26.41549900
   2    1.9999808  -26.41548316
   3    1.9999823  -26.41544920
   4    1.9999813  -26.41537709
   5    1.9999253  -11.58745973
   6    1.9878463  -1.72729872
   7    1.9870348  -1.70545758
   8    1.9859384  -1.68572696
   9    1.9867388  -1.67934273
  10    1.9668768  -0.88852038
  11    1.9668774  -0.88027728
  12    1.9667862  -0.87909115
  13    1.9651905  -0.87135637
  14    1.9810966  -0.85453378
  15    1.9808684  -0.84271999
  16    1.9786334  -0.82420014
  17    1.9786291  -0.82356654
  18    1.9782616  -0.81133183
  19    1.9784933  -0.81123525
  20    1.9789415  -0.81005196
  21    1.9784636  -0.80055380
  22    0.0101469  -0.01921185
  23    0.0096050  -0.01868002
  24    0.0104462  -0.01952022
  25    0.0093155  -0.01846720
  26    0.0098586  -0.01898535
  27    0.0103376  -0.01946756
  28    0.0111032  -0.02002181
  29    0.0112520  -0.02009396
  30    0.0310094  -0.05513023
  31    0.0308624  -0.05453012
  32    0.0305613  -0.05418800
  33    0.0299487  -0.05356712
  34    0.0075725  -0.02288551
  35    0.0071813  -0.02243258
  36    0.0075416  -0.02250864
  37    0.0074796  -0.02263982
  38    0.0000166  -0.00042878
  39    0.0000067  -0.00024115
  40    0.0000079  -0.00031857
  41    0.0000080  -0.00035109
  42    0.0000079  -0.00029670
  43    0.0046402  -0.01019764
  44    0.0045260  -0.01018914
  45    0.0046518  -0.01020180
  46    0.0044005  -0.01008661
  47    0.0045475  -0.01014851
  48    0.0046753  -0.01021673
  49    0.0047200  -0.01034626
  50    0.0047512  -0.01005876
  51    0.0031423  -0.00841124
  52    0.0015746  -0.00529675
  53    0.0017650  -0.00589994
  54    0.0022977  -0.00721755
  55    0.0033894  -0.00983347
  56    0.0032868  -0.00975700
  57    0.0034962  -0.01010326
  58    0.0033591  -0.00995635
  59    0.0000063  -0.00010007
  60    0.0000032  -0.00005765
  61    0.0000022  -0.00004622
  62    0.0000026  -0.00005422
  63    0.0000023  -0.00004892
  64    0.0044130  -0.00999677
  65    0.0043545  -0.01007742
  66    0.0044648  -0.00998526
  67    0.0042497  -0.00996385
  68    0.0043440  -0.01007188
  69    0.0043631  -0.01009360
  70    0.0009257  -0.00369671
  71    0.0009276  -0.00350018
  72    0.0002202  -0.00088663
  73    0.0002355  -0.00093747
  74    0.0002191  -0.00091918
  75    0.0002394  -0.00098229
  76    0.0006169  -0.00259455
  77    0.0020297  -0.00814141
  78    0.0006405  -0.00292913
  79    0.0003823  -0.00187023
  80    0.0000063  -0.00010048
  81    0.0000019  -0.00004234
  82    0.0000019  -0.00005904
  83    0.0000017  -0.00004262
  84    0.0000017  -0.00004912
  85    0.0008660  -0.00308762
  86    0.0008679  -0.00318660
  87    0.0006977  -0.00250374
  88    0.0023492  -0.00754649
  89    0.0008816  -0.00306469
  90    0.0007055  -0.00254495
  91    0.0008945  -0.00494261
  92    0.0006802  -0.00433386
  93    0.0002072  -0.00082863
  94    0.0002103  -0.00086079
  95    0.0002121  -0.00086022
  96    0.0002037  -0.00088858
  97    0.0004745  -0.00324610
  98    0.0005407  -0.00290145
  99    0.0005117  -0.00346482
 100    0.0002921  -0.00127571
 101    0.0000061  -0.00009940
 102    0.0000017  -0.00004099
 103    0.0000012  -0.00002584
 104    0.0000014  -0.00003315
 105    0.0000015  -0.00003451
 106    0.0006491  -0.00238251
 107    0.0006278  -0.00408618
 108    0.0003459  -0.00131548
 109    0.0006665  -0.00388054
 110    0.0006706  -0.00226139
 111    0.0003463  -0.00125829
 112    0.0007241  -0.00234305
 113    0.0004254  -0.00181227
 114    0.0000953  -0.00046977
 115    0.0001729  -0.00077482
 116    0.0001705  -0.00075217
 117    0.0001758  -0.00080043
 118    0.0003010  -0.00184203
 119    0.0004197  -0.00230976
 120    0.0002646  -0.00125210
 121    0.0002650  -0.00118525
 122    0.0000061  -0.00009889
 123    0.0000011  -0.00002456
 124    0.0000009  -0.00002224
 125    0.0000013  -0.00003020
 126    0.0000013  -0.00002928
 127    0.0003799  -0.00147316
 128    0.0003872  -0.00162538
 129    0.0003284  -0.00121439
 130    0.0003183  -0.00120013
 131    0.0005254  -0.00216980
 132    0.0003109  -0.00113623
 133    0.0003247  -0.00119047
 134    0.0003287  -0.00115898
 135    0.0000401  -0.00018139
 136    0.0000705  -0.00031196
 137    0.0001093  -0.00051138
 138    0.0001257  -0.00056001
 139    0.0002773  -0.00139825
 140    0.0002506  -0.00108958
 141    0.0002545  -0.00114328
 142    0.0001123  -0.00181467
 143    0.0000061  -0.00009841
 144    0.0000010  -0.00002206
 145    0.0000007  -0.00001306
 146    0.0000010  -0.00002388
 147    0.0000012  -0.00002908
 148    0.0002992  -0.00112963
 149    0.0002992  -0.00112153
 150    0.0003153  -0.00114714
 151    0.0002845  -0.00107677
 152    0.0002782  -0.00105284
 153    0.0002718  -0.00101556
 154    0.0002754  -0.00103365
 155    0.0003255  -0.00116847
 156    0.0000282  -0.00015228
 157    0.0000179  -0.00011854
 158    0.0000168  -0.00011183
 159    0.0000634  -0.00029794
 160    0.0002683  -0.00115954
 161    0.0002381  -0.00114076
 162    0.0000938  -0.00118963
 163    0.0000910  -0.00129386
 164    0.0000056  -0.00009348
 165    0.0000008  -0.00002835
 166    0.0000007  -0.00001265
 167    0.0000008  -0.00002296
 168    0.0000007  -0.00001330
 169    0.0000500  -0.00026782
 170    0.0002820  -0.00104474
 171    0.0001431  -0.00065428
 172    0.0000799  -0.00035648
 173    0.0001743  -0.00084101
 174    0.0002490  -0.00101360
 175    0.0000672  -0.00034403
 176    0.0001321  -0.00061225
 177    0.0000151  -0.00010827
 178    0.0000144  -0.00010836
 179    0.0000142  -0.00010776
 180    0.0000144  -0.00010857
 181    0.0002510  -0.00113154
 182    0.0000490  -0.00029532
 183    0.0000712  -0.00123681
 184    0.0000819  -0.00134143
 185    0.0000048  -0.00007646
 186    0.0000007  -0.00001494
 187    0.0000006  -0.00001306
 188    0.0000006  -0.00001376
 189    0.0000006  -0.00001239
 190    0.0000349  -0.00019264
 191    0.0000375  -0.00021504
 192    0.0000513  -0.00027414
 193    0.0000224  -0.00016108
 194    0.0000362  -0.00021326
 195    0.0000429  -0.00026927
 196    0.0000376  -0.00021570
 197    0.0000231  -0.00016848
 198    0.0000134  -0.00010637
 199    0.0000140  -0.00010777
 200    0.0000138  -0.00010743
 201    0.0000138  -0.00010721
 202    0.0000465  -0.00029784
 203    0.0000182  -0.00016855
 204    0.0000344  -0.00021407
 205    0.0000338  -0.00021098
 206    0.0000047  -0.00007513
 207    0.0000005  -0.00001401
 208    0.0000005  -0.00001032
 209    0.0000005  -0.00001119
 210    0.0000005  -0.00001126
 211    0.0000229  -0.00015051
 212    0.0000334  -0.00018899
 213    0.0000247  -0.00015447
 214    0.0000180  -0.00013681
 215    0.0000193  -0.00014457
 216    0.0000243  -0.00014869
 217    0.0000212  -0.00015803
 218    0.0000212  -0.00015456
 219    0.0000130  -0.00010645
 220    0.0000139  -0.00010770
 221    0.0000136  -0.00010653
 222    0.0000137  -0.00010648
 223    0.0000278  -0.00019741
 224    0.0000162  -0.00013723
 225    0.0000224  -0.00017303
 226    0.0000204  -0.00017081
 227    0.0000045  -0.00007407
 228    0.0000005  -0.00002142
 229    0.0000004  -0.00000558
 230    0.0000004  -0.00000866
 231    0.0000004  -0.00000867
 232    0.0000176  -0.00012750
 233    0.0000206  -0.00014471
 234    0.0000196  -0.00014835
 235    0.0000174  -0.00012926
 236    0.0000177  -0.00012707
 237    0.0000211  -0.00015474
 238    0.0000196  -0.00014018
 239    0.0000186  -0.00013207
 240    0.0000126  -0.00010400
 241    0.0000139  -0.00010794
 242    0.0000135  -0.00010606
 243    0.0000137  -0.00010628
 244    0.0000191  -0.00018116
 245    0.0000157  -0.00013630
 246    0.0000173  -0.00016043
 247    0.0000191  -0.00017564
 248    0.0000039  -0.00006279
 249    0.0000004  -0.00001084
 250    0.0000004  -0.00002880
 251    0.0000004  -0.00000699
 252    0.0000004  -0.00000578
 253    0.0000166  -0.00012215
 254    0.0000174  -0.00013187
 255    0.0000176  -0.00013005
 256    0.0000165  -0.00012223
 257    0.0000173  -0.00012414
 258    0.0000188  -0.00013770
 259    0.0000184  -0.00013287
 260    0.0000177  -0.00012961
 261    0.0000126  -0.00010584
 262    0.0000135  -0.00010622
 263    0.0000134  -0.00010525
 264    0.0000133  -0.00010525
 265    0.0000170  -0.00019051
 266    0.0000157  -0.00013287
 267    0.0000170  -0.00017513
 268    0.0000172  -0.00014234
 269    0.0000037  -0.00006132
 270    0.0000004  -0.00002349
 271    0.0000003  -0.00003137
 272    0.0000004  -0.00004389
 273    0.0000004  -0.00004377
 
----------------
 Final Energies 
----------------
Final NOF Total Energy =    -437.2626666
 
Total Orbital Internal Iterations = 210
Total Occupation Internal Iterations = 20
 
Elapsed time:  145.31 Seconds

---------------------------------
   Lowdin Population Analysis    
---------------------------------
 Idx  Atom   Population   Charge 
---------------------------------
  1     C     7.520      -1.520
  2     F     8.619       0.381
  3     F     8.620       0.380
  4     F     8.620       0.380
  5     F     8.621       0.379

---------------------------------
   M Diagnostic: 0.03
---------------------------------

