Computing Integrals
Basis Set                                            = def2-qzvp
Auxiliary Basis Set                                  = def2-universal-jkfit
Gaussian Type                                        = Spherical
Elapsed time:    2.85 Seconds

Number of basis functions                   (NBF)    = 60
Number of auxiliary basis functions         (NBFAUX) = 46
Inactive Doubly occupied orbitals up to     (NO1)    = 0
No. considered Strongly Doubly occupied MOs (NDOC)   = 1
No. considered Strongly Singly occupied MOs (NSOC)   = 1
NO. of Weakly occ. per St. Doubly occ.  MOs (NCWO)   = 58
Dimension of the Nat. Orb. subspace         (NBF5)   = 60
No. of electrons                                     = 3
    No. of alpha electrons                           = 2
    No. of beta electrons                            = 1
Multiplicity                                         = 2

Geometry
========
He       0.0000000       0.0000000      -0.6713773
He       0.0000000       0.0000000       0.6713773

No violations of the orthonormality
No violations of the orthonormality
 
PNOF8/ADABelief Calculation
==================
 
  Nitext  Nit_orb  Time   Nit_occ  Time         Eelec          Etot           Ediff      maxdiff    MaxGrad_orb  Grad_occ
     1      10    2.3e+01    2    2.9e+01    -6.54214180    -4.96575218 -10005.54214180   0.001011   4.0e-03   1.2e-04 0.02
     2      16    4.4e-02    1    5.4e-03    -6.54233416    -4.96594454    -0.00019236   0.000330   1.3e-03   1.5e-04 0.02
 
RESULTS OF THE OCCUPATION OPTIMIZATION
========================================
   1    1.9759849  -1.55625867
   2    1.0000000  -0.79304626
   3    0.0086743  -0.00942016
   4    0.0030140  -0.00371017
   5    0.0028615  -0.00336701
   6    0.0028425  -0.00335864
   7    0.0026247  -0.00349280
   8    0.0013124  -0.00200390
   9    0.0012859  -0.00199269
  10    0.0005509  -0.00119637
  11    0.0001069  -0.00028554
  12    0.0001046  -0.00023991
  13    0.0000835  -0.00026216
  14    0.0000822  -0.00024584
  15    0.0000513  -0.00022900
  16    0.0000478  -0.00014094
  17    0.0000403  -0.00013740
  18    0.0000385  -0.00011042
  19    0.0000331  -0.00010991
  20    0.0000317  -0.00010441
  21    0.0000281  -0.00010097
  22    0.0000253  -0.00009119
  23    0.0000233  -0.00008878
  24    0.0000206  -0.00008429
  25    0.0000192  -0.00008369
  26    0.0000147  -0.00008048
  27    0.0000136  -0.00007476
  28    0.0000122  -0.00006405
  29    0.0000102  -0.00003303
  30    0.0000059  -0.00003373
  31    0.0000053  -0.00003624
  32    0.0000050  -0.00003599
  33    0.0000046  -0.00002846
  34    0.0000046  -0.00002925
  35    0.0000040  -0.00002379
  36    0.0000035  -0.00002684
  37    0.0000030  -0.00002134
  38    0.0000028  -0.00002217
  39    0.0000028  -0.00002079
  40    0.0000026  -0.00001943
  41    0.0000026  -0.00001901
  42    0.0000025  -0.00001575
  43    0.0000025  -0.00001651
  44    0.0000023  -0.00001299
  45    0.0000023  -0.00001202
  46    0.0000018  -0.00000408
  47    0.0000003  0.00000297
  48    0.0000003  0.00000320
  49    0.0000003  0.00000277
  50    0.0000003  0.00000279
  51    0.0000003  0.00000285
  52    0.0000003  0.00000286
  53    0.0000003  0.00000277
  54    0.0000003  0.00000277
  55    0.0000003  0.00000277
  56    0.0000003  0.00000276
  57    0.0000003  0.00000281
  58    0.0000003  0.00000282
  59    0.0000003  0.00000280
  60    0.0000003  0.00000281
 
----------------
 Final Energies 
----------------
Final NOF Total Energy =      -4.9659445
 
Total Orbital Internal Iterations = 26
Total Occupation Internal Iterations = 3
 
Elapsed time:   68.48 Seconds

---------------------------------
   Lowdin Population Analysis    
---------------------------------
 Idx  Atom   Population   Charge 
---------------------------------
  1    He     1.500       0.500
  2    He     1.500       0.500

---------------------------------
   M Diagnostic: 0.02
---------------------------------

