Computing Integrals
Basis Set                                            = def2-qzvp
Auxiliary Basis Set                                  = def2-universal-jkfit
Gaussian Type                                        = Spherical
Elapsed time:    2.52 Seconds

Number of basis functions                   (NBF)    = 114
Number of auxiliary basis functions         (NBFAUX) = 150
Inactive Doubly occupied orbitals up to     (NO1)    = 0
No. considered Strongly Doubly occupied MOs (NDOC)   = 6
No. considered Strongly Singly occupied MOs (NSOC)   = 0
NO. of Weakly occ. per St. Doubly occ.  MOs (NCWO)   = 18
Dimension of the Nat. Orb. subspace         (NBF5)   = 114
No. of electrons                                     = 12
    No. of alpha electrons                           = 6
    No. of beta electrons                            = 6
Multiplicity                                         = 1

Geometry
========
 C       0.0000000       0.0000000       0.6200000
 C       0.0000000       0.0000000      -0.6200000

No violations of the orthonormality
No violations of the orthonormality
 
PNOF8/ADABelief Calculation
==================
 
  Nitext  Nit_orb  Time   Nit_occ  Time         Eelec          Etot           Ediff      maxdiff    MaxGrad_orb  Grad_occ
     1      10    3.6e+01    6    2.4e+01   -91.15178845   -75.78861060 -10090.15178845   0.001074   4.3e-03   2.3e-04 0.57
     2      20    3.7e+01    0    2.0e-02   -91.15201748   -75.78883963    -0.00022903   0.001074   4.3e-03   2.3e-04 0.57
     3      40    6.3e+01    3    1.7e-01   -91.15211090   -75.78893306    -0.00009343   0.002141   8.6e-03   1.8e-04 0.57
     4      40    6.3e+01    3    1.4e-01   -91.15215301   -75.78897517    -0.00004211   0.002032   8.1e-03   1.8e-04 0.57
     5      40    6.0e+01    3    1.1e-01   -91.15218254   -75.78900470    -0.00002953   0.001805   7.2e-03   1.6e-04 0.57
     6      40    6.1e+01    3    1.2e-01   -91.15221020   -75.78903235    -0.00002766   0.001771   7.1e-03   1.7e-04 0.57
     7      40    6.0e+01    3    2.0e-01   -91.15223392   -75.78905607    -0.00002372   0.001899   7.6e-03   1.8e-04 0.57
     8      40    6.0e+01    3    2.6e-01   -91.15226232   -75.78908448    -0.00002841   0.001713   6.9e-03   1.7e-04 0.57
     9      40    6.0e+01    3    1.6e-01   -91.15227956   -75.78910172    -0.00001724   0.001930   7.7e-03   1.6e-04 0.57
    10      40    5.9e+01    3    1.4e-01   -91.15230596   -75.78912811    -0.00002640   0.001870   7.5e-03   1.7e-04 0.57
    11      40    6.1e+01    2    1.7e-01   -91.15232647   -75.78914863    -0.00002052   0.001783   7.1e-03   1.9e-04 0.57
    12      40    6.1e+01    3    1.4e-01   -91.15234724   -75.78916940    -0.00002077   0.001712   6.8e-03   1.6e-04 0.57
    13      40    6.1e+01    3    1.3e-01   -91.15236000   -75.78918215    -0.00001275   0.001763   7.1e-03   1.3e-04 0.57
    14      40    6.1e+01    1    3.6e-02   -91.15237371   -75.78919587    -0.00001371   0.001681   6.7e-03   1.7e-04 0.57
    15      40    6.1e+01    0    5.5e-02   -91.15237662   -75.78919878    -0.00000292   0.001765   7.1e-03   1.8e-04 0.57
    16      50    7.6e+01    0    3.5e-02   -91.15238753   -75.78920969    -0.00001091   0.001159   4.6e-03   2.2e-04 0.57
    17      60    9.1e+01    3    1.3e-01   -91.15239258   -75.78921474    -0.00000505   0.000833   3.3e-03   2.1e-04 0.57
 
RESULTS OF THE OCCUPATION OPTIMIZATION
========================================
   1    1.9998473  -11.32560105
   2    1.9998474  -11.32338573
   3    1.9772991  -1.05072735
   4    1.9482641  -0.46323500
   5    1.9469798  -0.46317470
   6    1.4342665  -0.45619980
   7    0.5656726  -0.19897706
   8    0.0379224  -0.03317075
   9    0.0375173  -0.03302120
  10    0.0109508  -0.02049910
  11    0.0001255  -0.00241504
  12    0.0001255  -0.00241545
  13    0.0000198  -0.00000828
  14    0.0050242  -0.00638373
  15    0.0053974  -0.00686488
  16    0.0024241  -0.00853593
  17    0.0000073  -0.00022332
  18    0.0000087  -0.00025170
  19    0.0000148  -0.00000649
  20    0.0043951  -0.00553979
  21    0.0044562  -0.00560483
  22    0.0021361  -0.00710283
  23    0.0000054  -0.00004725
  24    0.0000053  -0.00004434
  25    0.0000072  -0.00000290
  26    0.0035439  -0.00449758
  27    0.0023680  -0.00362006
  28    0.0020938  -0.00446880
  29    0.0000053  -0.00004590
  30    0.0000050  -0.00004042
  31    0.0000044  -0.00001101
  32    0.0011066  -0.00194636
  33    0.0007285  -0.00115773
  34    0.0011087  -0.00264618
  35    0.0000041  -0.00003706
  36    0.0000039  -0.00003668
  37    0.0000038  -0.00001096
  38    0.0003242  -0.00069249
  39    0.0003039  -0.00053360
  40    0.0009061  -0.00327389
  41    0.0000010  -0.00001693
  42    0.0000007  -0.00005251
  43    0.0000034  -0.00000894
  44    0.0001720  -0.00035188
  45    0.0002411  -0.00044648
  46    0.0008651  -0.00248160
  47    0.0000008  -0.00005458
  48    0.0000006  -0.00001389
  49    0.0000019  -0.00000745
  50    0.0001005  -0.00021886
  51    0.0002378  -0.00044246
  52    0.0006135  -0.00134070
  53    0.0000006  -0.00001365
  54    0.0000005  -0.00001146
  55    0.0000014  -0.00000682
  56    0.0000893  -0.00016858
  57    0.0001726  -0.00033522
  58    0.0003434  -0.00084297
  59    0.0000005  -0.00001204
  60    0.0000004  -0.00001092
  61    0.0000008  -0.00000230
  62    0.0000861  -0.00017990
  63    0.0000720  -0.00014940
  64    0.0002989  -0.00079446
  65    0.0000005  -0.00001156
  66    0.0000004  -0.00000827
  67    0.0000008  -0.00000212
  68    0.0000585  -0.00014853
  69    0.0000619  -0.00015840
  70    0.0001883  -0.00055734
  71    0.0000004  -0.00001024
  72    0.0000004  -0.00001089
  73    0.0000006  -0.00000217
  74    0.0000524  -0.00012685
  75    0.0000512  -0.00015052
  76    0.0001663  -0.00043079
  77    0.0000003  -0.00000757
  78    0.0000003  -0.00000656
  79    0.0000006  -0.00000219
  80    0.0000496  -0.00014274
  81    0.0000406  -0.00011850
  82    0.0001589  -0.00043495
  83    0.0000003  -0.00000542
  84    0.0000002  -0.00000490
  85    0.0000004  -0.00000042
  86    0.0000319  -0.00011462
  87    0.0000263  -0.00010201
  88    0.0001585  -0.00043460
  89    0.0000002  -0.00000466
  90    0.0000002  -0.00000431
  91    0.0000004  -0.00000042
  92    0.0000206  -0.00007448
  93    0.0000190  -0.00007090
  94    0.0001108  -0.00034786
  95    0.0000002  -0.00000378
  96    0.0000002  -0.00000294
  97    0.0000003  -0.00000011
  98    0.0000178  -0.00006804
  99    0.0000159  -0.00004144
 100    0.0000911  -0.00024743
 101    0.0000002  -0.00000282
 102    0.0000002  -0.00000314
 103    0.0000002  -0.00000012
 104    0.0000155  -0.00004762
 105    0.0000145  -0.00004269
 106    0.0000698  -0.00021189
 107    0.0000002  -0.00000175
 108    0.0000002  -0.00000158
 109    0.0000001  -0.00000003
 110    0.0000099  -0.00004057
 111    0.0000118  -0.00004560
 112    0.0000168  -0.00005518
 113    0.0000001  -0.00000053
 114    0.0000001  -0.00000057
 
----------------
 Final Energies 
----------------
Final NOF Total Energy =     -75.7892147
 
Total Orbital Internal Iterations = 660
Total Occupation Internal Iterations = 42
 
Elapsed time: 1074.41 Seconds

---------------------------------
   Lowdin Population Analysis    
---------------------------------
 Idx  Atom   Population   Charge 
---------------------------------
  1     C     6.000      -0.000
  2     C     6.000       0.000

---------------------------------
   M Diagnostic: 0.57
---------------------------------

