Computing Integrals
Basis Set                                            = def2-qzvp
Auxiliary Basis Set                                  = def2-universal-jkfit
Gaussian Type                                        = Spherical
Elapsed time:    3.05 Seconds

Number of basis functions                   (NBF)    = 171
Number of auxiliary basis functions         (NBFAUX) = 231
Inactive Doubly occupied orbitals up to     (NO1)    = 0
No. considered Strongly Doubly occupied MOs (NDOC)   = 12
No. considered Strongly Singly occupied MOs (NSOC)   = 1
NO. of Weakly occ. per St. Doubly occ.  MOs (NCWO)   = 13
Dimension of the Nat. Orb. subspace         (NBF5)   = 169
No. of electrons                                     = 25
    No. of alpha electrons                           = 13
    No. of beta electrons                            = 12
Multiplicity                                         = 2

Geometry
========
 F      -1.0111950      -0.7062760       0.0000000
 O       0.0000000       0.5752150       0.0000000
 O       1.1375950       0.2193450       0.0000000

No violations of the orthonormality
No violations of the orthonormality
 
PNOF8/ADABelief Calculation
==================
 
  Nitext  Nit_orb  Time   Nit_occ  Time         Eelec          Etot           Ediff      maxdiff    MaxGrad_orb  Grad_occ
     1      10    2.5e+01    0    2.9e+01  -317.90453429  -249.86653416 -10316.90453429   0.000556   2.2e-03   2.3e-04 0.05
 
RESULTS OF THE OCCUPATION OPTIMIZATION
========================================
   1    1.9999892  -26.08498465
   2    1.9999714  -21.09794343
   3    1.9999631  -20.82687117
   4    1.9872138  -1.58419641
   5    1.9861921  -1.56425558
   6    1.9819890  -1.32131814
   7    1.9624520  -0.90452874
   8    1.9731328  -0.80754423
   9    1.9776997  -0.78202423
  10    1.9770267  -0.71061663
  11    1.9766052  -0.70604004
  12    1.9462356  -0.63585431
  13    1.0000000  -0.32868968
  14    0.0535678  -0.09341693
  15    0.0118613  -0.02101328
  16    0.0127701  -0.02195940
  17    0.0079496  -0.01412931
  18    0.0094776  -0.01497660
  19    0.0354805  -0.06064939
  20    0.0082624  -0.01953756
  21    0.0061492  -0.01786300
  22    0.0079294  -0.02352571
  23    0.0000061  -0.00020319
  24    0.0000059  -0.00017408
  25    0.0000068  -0.00027632
  26    0.0000638  -0.00029601
  27    0.0045744  -0.01034617
  28    0.0041095  -0.00893619
  29    0.0051547  -0.00952466
  30    0.0058949  -0.00990296
  31    0.0014654  -0.00428594
  32    0.0038484  -0.00821570
  33    0.0036741  -0.00930642
  34    0.0025837  -0.00748975
  35    0.0000037  -0.00006588
  36    0.0000034  -0.00006046
  37    0.0000015  -0.00004103
  38    0.0000296  -0.00006020
  39    0.0042672  -0.00938208
  40    0.0038151  -0.00833610
  41    0.0042870  -0.00832232
  42    0.0055245  -0.00934111
  43    0.0001175  -0.00046762
  44    0.0020456  -0.00587651
  45    0.0020369  -0.00719917
  46    0.0007489  -0.00309694
  47    0.0000034  -0.00006052
  48    0.0000032  -0.00005772
  49    0.0000006  -0.00001796
  50    0.0000188  -0.00005032
  51    0.0012428  -0.00460554
  52    0.0008260  -0.00284845
  53    0.0027022  -0.00577815
  54    0.0045908  -0.00774300
  55    0.0001083  -0.00046121
  56    0.0011231  -0.00338541
  57    0.0004810  -0.00465879
  58    0.0005508  -0.00539963
  59    0.0000032  -0.00005844
  60    0.0000029  -0.00005364
  61    0.0000004  -0.00004394
  62    0.0000131  -0.00008724
  63    0.0003044  -0.00107970
  64    0.0003086  -0.00112138
  65    0.0006548  -0.00201184
  66    0.0004051  -0.00115500
  67    0.0000999  -0.00042656
  68    0.0010027  -0.00315143
  69    0.0003835  -0.00186130
  70    0.0003308  -0.00134166
  71    0.0000030  -0.00005782
  72    0.0000025  -0.00004934
  73    0.0000003  -0.00000991
  74    0.0000105  -0.00007987
  75    0.0002996  -0.00104794
  76    0.0003081  -0.00111920
  77    0.0006458  -0.00438922
  78    0.0003809  -0.00114535
  79    0.0000942  -0.00044135
  80    0.0006352  -0.00200292
  81    0.0003312  -0.00115620
  82    0.0002273  -0.00094464
  83    0.0000029  -0.00005481
  84    0.0000025  -0.00004915
  85    0.0000003  -0.00000501
  86    0.0000095  -0.00007699
  87    0.0002561  -0.00097523
  88    0.0002988  -0.00110226
  89    0.0002518  -0.00075755
  90    0.0002587  -0.00075045
  91    0.0000803  -0.00038260
  92    0.0003841  -0.00157135
  93    0.0002302  -0.00086652
  94    0.0002095  -0.00095985
  95    0.0000028  -0.00005259
  96    0.0000022  -0.00004553
  97    0.0000002  -0.00000428
  98    0.0000091  -0.00007251
  99    0.0002492  -0.00094434
 100    0.0002679  -0.00095589
 101    0.0002113  -0.00068298
 102    0.0001992  -0.00069823
 103    0.0000225  -0.00012791
 104    0.0002748  -0.00087930
 105    0.0002013  -0.00077968
 106    0.0000807  -0.00128795
 107    0.0000026  -0.00005135
 108    0.0000020  -0.00004267
 109    0.0000002  -0.00000357
 110    0.0000090  -0.00007242
 111    0.0002097  -0.00077786
 112    0.0002011  -0.00084254
 113    0.0001950  -0.00065399
 114    0.0000467  -0.00024735
 115    0.0000211  -0.00012102
 116    0.0002452  -0.00080142
 117    0.0001826  -0.00068315
 118    0.0000513  -0.00090223
 119    0.0000024  -0.00004817
 120    0.0000016  -0.00003796
 121    0.0000002  -0.00000312
 122    0.0000085  -0.00007205
 123    0.0000817  -0.00042841
 124    0.0000176  -0.00013332
 125    0.0001907  -0.00071195
 126    0.0000393  -0.00021610
 127    0.0000198  -0.00011547
 128    0.0001109  -0.00061369
 129    0.0000735  -0.00122057
 130    0.0000205  -0.00016767
 131    0.0000022  -0.00004657
 132    0.0000011  -0.00002746
 133    0.0000001  -0.00000290
 134    0.0000085  -0.00007370
 135    0.0000170  -0.00012042
 136    0.0000173  -0.00013233
 137    0.0000222  -0.00013840
 138    0.0000172  -0.00010894
 139    0.0000139  -0.00009350
 140    0.0000355  -0.00021889
 141    0.0000279  -0.00024737
 142    0.0000192  -0.00015523
 143    0.0000020  -0.00004497
 144    0.0000005  -0.00002109
 145    0.0000001  -0.00000190
 146    0.0000081  -0.00006788
 147    0.0000158  -0.00009946
 148    0.0000172  -0.00012283
 149    0.0000188  -0.00011467
 150    0.0000168  -0.00010648
 151    0.0000126  -0.00008648
 152    0.0000233  -0.00014392
 153    0.0000196  -0.00018847
 154    0.0000173  -0.00013693
 155    0.0000015  -0.00003365
 156    0.0000004  -0.00003085
 157    0.0000001  -0.00000143
 158    0.0000080  -0.00006614
 159    0.0000156  -0.00010084
 160    0.0000159  -0.00012219
 161    0.0000165  -0.00011935
 162    0.0000156  -0.00009858
 163    0.0000119  -0.00007896
 164    0.0000197  -0.00012137
 165    0.0000169  -0.00018945
 166    0.0000169  -0.00013526
 167    0.0000010  -0.00002290
 168    0.0000003  -0.00002278
 169    0.0000001  -0.00000099
 
----------------
 Final Energies 
----------------
Final NOF Total Energy =    -249.8665342
 
Total Orbital Internal Iterations = 10
Total Occupation Internal Iterations = 0
 
Elapsed time:   71.05 Seconds

---------------------------------
   Lowdin Population Analysis    
---------------------------------
 Idx  Atom   Population   Charge 
---------------------------------
  1     F     9.156      -0.156
  2     O     7.932       0.068
  3     O     7.912       0.088

---------------------------------
   M Diagnostic: 0.05
---------------------------------

